1784980038.058597 [0]    python3: config: //CycloneDDS/Domain/General: 'NetworkInterfaceAddress': deprecated element (file:///tmp/go2_cyclonedds_eth0.xml line 4)
[INFO] [1784980038.380781169] [waypoint_follower]: enhanced waypoint_follower started
[INFO] [1784980038.381628479] [waypoint_follower]: route_file: /home/unitree/go2_fastlio_ws/patrol_logs/runs/20260725/xunjian-20260725-13/route_horizontal.csv
[INFO] [1784980038.382311057] [waypoint_follower]: route points: 1277
[INFO] [1784980038.387119341] [waypoint_follower]: loop_mode: pingpong
[INFO] [1784980038.387802719] [waypoint_follower]: lookahead_distance: 0.6
[INFO] [1784980038.388430289] [waypoint_follower]: reach_distance: 0.4
[INFO] [1784980038.434527311] [waypoint_follower]: FOLLOWER_EXACT_TRACE_READY file=/home/unitree/go2_fastlio_ws/patrol_logs/runs/20260725/xunjian-20260725-13/follower_control_trace.jsonl base_sha256=d205a596fc6118ad7fa191871c646173cb545ab4b136e46de360598e38261120
[INFO] [1784980038.435262528] [waypoint_follower]: FOLLOWER_MOTION_INTERLOCK_ACTIVE file=/home/unitree/go2_fastlio_ws/patrol_logs/runs/20260725/xunjian-20260725-13/.motion_enabled
[INFO] [1784980038.435870451] [waypoint_follower]: FOLLOWER_HORIZONTAL_FRAME_CALIBRATING metadata=/home/unitree/go2_fastlio_ws/patrol_logs/runs/20260725/xunjian-20260725-13/route_horizontal.json lidar_imu=/livox/imu body_imu=/lf/sportmodestate samples=15 max_spread_deg=1.500 max_source_disagreement_deg=3.000
[INFO] [1784980042.657420221] [waypoint_follower]: FOLLOWER_HORIZONTAL_FRAME_READY samples=15 spread_deg=0.747904 source_disagreement_deg=0.515819 map_up=(-0.561537977,-0.063837896,0.824984742)
[INFO] [1784980042.659932104] [waypoint_follower]: FOLLOWER_HORIZONTAL_CALIBRATION_INPUT_FROZEN lidar_imu_subscription=closed
[INFO] [1784980042.664755236] [waypoint_follower]: FOLLOWER_HORIZONTAL_ROUTE_ANCHORED x=0.007003 y=0.010679 yaw_deg=0.782268 rotation_deg=-14.303025
[INFO] [1784980042.667229840] [waypoint_follower]: init nearest_index=0, distance_to_start=0.000
[INFO] [1784980043.663032258] [waypoint_follower]: FOLLOWER_ODOM_READY callbacks=20 age_ms=342.117 source_gap_ms=298.412
[INFO] [1784980050.553572177] [waypoint_follower]: FOLLOWER_MOTION_INTERLOCK_RELEASED file=/home/unitree/go2_fastlio_ws/patrol_logs/runs/20260725/xunjian-20260725-13/.motion_enabled receive_age_ms=99.744 stamp_age_ms=277.357
[WARN] [1784980050.555734211] [waypoint_follower]: stuck recovery: nearest_index 0 -> 0
[INFO] [1784980050.557032008] [waypoint_follower]: nearest=0, target=2, dist=0.89, alpha=0.09, vx=0.50, yaw_rate=0.08, dir=1
[INFO] [1784980051.604096728] [waypoint_follower]: nearest=1, target=3, dist=0.98, alpha=0.01, vx=0.50, yaw_rate=0.01, dir=1
[INFO] [1784980052.604143614] [waypoint_follower]: nearest=2, target=4, dist=0.94, alpha=-0.03, vx=0.50, yaw_rate=-0.03, dir=1
[INFO] [1784980053.654171826] [waypoint_follower]: nearest=3, target=5, dist=0.87, alpha=-0.04, vx=0.50, yaw_rate=-0.04, dir=1
[INFO] [1784980054.654102621] [waypoint_follower]: nearest=4, target=6, dist=0.90, alpha=0.01, vx=0.50, yaw_rate=0.01, dir=1
[INFO] [1784980055.704065461] [waypoint_follower]: nearest=5, target=7, dist=0.85, alpha=-0.03, vx=0.50, yaw_rate=-0.03, dir=1
[INFO] [1784980056.754030414] [waypoint_follower]: nearest=6, target=8, dist=0.77, alpha=0.00, vx=0.50, yaw_rate=0.00, dir=1
[INFO] [1784980057.754270901] [waypoint_follower]: nearest=7, target=9, dist=0.81, alpha=-0.03, vx=0.50, yaw_rate=-0.02, dir=1
[INFO] [1784980058.804398125] [waypoint_follower]: nearest=8, target=10, dist=0.80, alpha=-0.05, vx=0.50, yaw_rate=-0.04, dir=1
[INFO] [1784980059.804064290] [waypoint_follower]: nearest=9, target=11, dist=0.75, alpha=-0.02, vx=0.50, yaw_rate=-0.02, dir=1
[INFO] [1784980060.854283610] [waypoint_follower]: nearest=11, target=13, dist=1.08, alpha=-0.07, vx=0.50, yaw_rate=-0.06, dir=1
[INFO] [1784980061.854216203] [waypoint_follower]: nearest=12, target=14, dist=1.05, alpha=-0.05, vx=0.50, yaw_rate=-0.05, dir=1
[INFO] [1784980062.904036045] [waypoint_follower]: nearest=13, target=15, dist=1.05, alpha=-0.04, vx=0.50, yaw_rate=-0.04, dir=1
[INFO] [1784980063.954143242] [waypoint_follower]: nearest=14, target=16, dist=0.92, alpha=0.00, vx=0.50, yaw_rate=0.00, dir=1
[INFO] [1784980064.954132509] [waypoint_follower]: nearest=15, target=17, dist=0.96, alpha=-0.01, vx=0.50, yaw_rate=-0.01, dir=1
[INFO] [1784980066.010801779] [waypoint_follower]: nearest=16, target=18, dist=0.93, alpha=0.01, vx=0.50, yaw_rate=0.01, dir=1
[INFO] [1784980067.054286845] [waypoint_follower]: nearest=17, target=19, dist=0.82, alpha=-0.03, vx=0.50, yaw_rate=-0.03, dir=1
[INFO] [1784980068.103979238] [waypoint_follower]: nearest=18, target=20, dist=0.80, alpha=-0.01, vx=0.50, yaw_rate=-0.01, dir=1
[INFO] [1784980069.104179799] [waypoint_follower]: nearest=19, target=21, dist=0.78, alpha=-0.01, vx=0.50, yaw_rate=-0.01, dir=1
[INFO] [1784980070.104240620] [waypoint_follower]: nearest=20, target=22, dist=0.76, alpha=0.03, vx=0.50, yaw_rate=0.02, dir=1
[INFO] [1784980071.156679582] [waypoint_follower]: nearest=21, target=23, dist=0.70, alpha=-0.04, vx=0.50, yaw_rate=-0.04, dir=1
[INFO] [1784980072.204124856] [waypoint_follower]: nearest=23, target=25, dist=1.11, alpha=0.03, vx=0.50, yaw_rate=0.02, dir=1
[INFO] [1784980073.254202845] [waypoint_follower]: nearest=24, target=26, dist=1.12, alpha=0.04, vx=0.50, yaw_rate=0.03, dir=1
[INFO] [1784980074.304671898] [waypoint_follower]: nearest=25, target=27, dist=1.11, alpha=0.01, vx=0.50, yaw_rate=0.01, dir=1
[INFO] [1784980075.354282249] [waypoint_follower]: nearest=26, target=28, dist=1.04, alpha=0.01, vx=0.50, yaw_rate=0.01, dir=1
[INFO] [1784980076.404214675] [waypoint_follower]: nearest=27, target=29, dist=0.99, alpha=-0.01, vx=0.50, yaw_rate=-0.01, dir=1
[INFO] [1784980077.454207579] [waypoint_follower]: nearest=28, target=30, dist=0.98, alpha=0.01, vx=0.50, yaw_rate=0.01, dir=1
[INFO] [1784980078.504237188] [waypoint_follower]: nearest=29, target=31, dist=0.94, alpha=0.03, vx=0.50, yaw_rate=0.02, dir=1
[INFO] [1784980079.504217632] [waypoint_follower]: nearest=30, target=32, dist=0.96, alpha=-0.01, vx=0.50, yaw_rate=-0.01, dir=1
[INFO] [1784980080.504029184] [waypoint_follower]: nearest=31, target=33, dist=0.97, alpha=-0.07, vx=0.50, yaw_rate=-0.06, dir=1
[INFO] [1784980081.554637694] [waypoint_follower]: nearest=32, target=34, dist=0.84, alpha=-0.02, vx=0.50, yaw_rate=-0.02, dir=1
[INFO] [1784980082.554350464] [waypoint_follower]: nearest=33, target=35, dist=0.90, alpha=0.02, vx=0.50, yaw_rate=0.02, dir=1
[INFO] [1784980083.557222466] [waypoint_follower]: nearest=34, target=36, dist=0.88, alpha=-0.01, vx=0.50, yaw_rate=-0.01, dir=1
[INFO] [1784980084.604168846] [waypoint_follower]: nearest=35, target=37, dist=0.78, alpha=-0.01, vx=0.50, yaw_rate=-0.01, dir=1
[INFO] [1784980085.605121784] [waypoint_follower]: nearest=36, target=38, dist=0.92, alpha=0.03, vx=0.50, yaw_rate=0.03, dir=1
[INFO] [1784980086.654305462] [waypoint_follower]: nearest=37, target=39, dist=0.67, alpha=-0.03, vx=0.50, yaw_rate=-0.03, dir=1
[INFO] [1784980087.704021385] [waypoint_follower]: nearest=39, target=41, dist=1.05, alpha=-0.08, vx=0.50, yaw_rate=-0.07, dir=1
[INFO] [1784980088.704886647] [waypoint_follower]: nearest=40, target=42, dist=0.96, alpha=-0.00, vx=0.50, yaw_rate=-0.00, dir=1
[INFO] [1784980089.754188339] [waypoint_follower]: nearest=41, target=43, dist=0.93, alpha=-0.06, vx=0.50, yaw_rate=-0.05, dir=1
[INFO] [1784980090.754164020] [waypoint_follower]: nearest=42, target=44, dist=0.92, alpha=0.01, vx=0.50, yaw_rate=0.00, dir=1
[INFO] [1784980091.755228190] [waypoint_follower]: nearest=43, target=45, dist=0.91, alpha=0.02, vx=0.50, yaw_rate=0.02, dir=1
[INFO] [1784980092.804076709] [waypoint_follower]: nearest=44, target=46, dist=0.92, alpha=-0.01, vx=0.50, yaw_rate=-0.01, dir=1
[INFO] [1784980093.853988023] [waypoint_follower]: nearest=45, target=47, dist=0.96, alpha=-0.04, vx=0.50, yaw_rate=-0.03, dir=1
[INFO] [1784980094.854315121] [waypoint_follower]: nearest=46, target=48, dist=0.85, alpha=-0.04, vx=0.50, yaw_rate=-0.04, dir=1
[INFO] [1784980095.904170373] [waypoint_follower]: nearest=47, target=49, dist=0.84, alpha=-0.01, vx=0.50, yaw_rate=-0.01, dir=1
[INFO] [1784980096.904842425] [waypoint_follower]: nearest=48, target=50, dist=0.83, alpha=-0.00, vx=0.50, yaw_rate=-0.00, dir=1
[INFO] [1784980097.954115577] [waypoint_follower]: nearest=49, target=51, dist=0.80, alpha=0.01, vx=0.50, yaw_rate=0.01, dir=1
[INFO] [1784980099.004476546] [waypoint_follower]: nearest=50, target=52, dist=0.70, alpha=-0.02, vx=0.50, yaw_rate=-0.01, dir=1
[INFO] [1784980100.004047630] [waypoint_follower]: nearest=51, target=53, dist=0.69, alpha=-0.06, vx=0.50, yaw_rate=-0.05, dir=1
[INFO] [1784980101.004448041] [waypoint_follower]: nearest=53, target=55, dist=1.17, alpha=0.02, vx=0.50, yaw_rate=0.02, dir=1
[INFO] [1784980102.054088450] [waypoint_follower]: nearest=54, target=56, dist=1.16, alpha=0.00, vx=0.50, yaw_rate=0.00, dir=1
[INFO] [1784980103.054094598] [waypoint_follower]: nearest=55, target=57, dist=1.12, alpha=0.01, vx=0.50, yaw_rate=0.00, dir=1
[INFO] [1784980104.105366046] [waypoint_follower]: nearest=56, target=58, dist=1.14, alpha=-0.00, vx=0.50, yaw_rate=-0.00, dir=1
[INFO] [1784980105.154424292] [waypoint_follower]: nearest=57, target=59, dist=1.06, alpha=0.05, vx=0.50, yaw_rate=0.04, dir=1
[INFO] [1784980106.204039039] [waypoint_follower]: nearest=58, target=60, dist=1.03, alpha=0.02, vx=0.50, yaw_rate=0.01, dir=1
[INFO] [1784980107.206498768] [waypoint_follower]: nearest=59, target=61, dist=1.07, alpha=-0.04, vx=0.50, yaw_rate=-0.04, dir=1
[INFO] [1784980108.254023703] [waypoint_follower]: nearest=60, target=62, dist=1.01, alpha=-0.03, vx=0.50, yaw_rate=-0.03, dir=1
[INFO] [1784980109.254003453] [waypoint_follower]: nearest=61, target=63, dist=1.01, alpha=-0.04, vx=0.50, yaw_rate=-0.04, dir=1
[INFO] [1784980110.303947090] [waypoint_follower]: nearest=62, target=64, dist=0.97, alpha=-0.04, vx=0.50, yaw_rate=-0.04, dir=1
[INFO] [1784980111.305621812] [waypoint_follower]: nearest=63, target=65, dist=0.99, alpha=-0.05, vx=0.50, yaw_rate=-0.05, dir=1
[INFO] [1784980112.354558430] [waypoint_follower]: nearest=64, target=66, dist=0.89, alpha=-0.07, vx=0.50, yaw_rate=-0.06, dir=1
[INFO] [1784980113.354257834] [waypoint_follower]: nearest=65, target=67, dist=0.80, alpha=0.03, vx=0.50, yaw_rate=0.02, dir=1
[INFO] [1784980114.403911750] [waypoint_follower]: nearest=66, target=68, dist=0.81, alpha=0.03, vx=0.50, yaw_rate=0.02, dir=1
[INFO] [1784980115.403977098] [waypoint_follower]: nearest=67, target=69, dist=0.83, alpha=-0.01, vx=0.50, yaw_rate=-0.01, dir=1
[INFO] [1784980116.404413512] [waypoint_follower]: nearest=68, target=70, dist=0.80, alpha=0.00, vx=0.50, yaw_rate=0.00, dir=1
[INFO] [1784980117.454167970] [waypoint_follower]: nearest=69, target=71, dist=0.83, alpha=-0.05, vx=0.50, yaw_rate=-0.04, dir=1
[INFO] [1784980118.504172311] [waypoint_follower]: nearest=70, target=72, dist=0.77, alpha=-0.01, vx=0.50, yaw_rate=-0.01, dir=1
[INFO] [1784980119.554156108] [waypoint_follower]: nearest=71, target=73, dist=0.70, alpha=-0.03, vx=0.50, yaw_rate=-0.02, dir=1
[INFO] [1784980120.554407310] [waypoint_follower]: nearest=73, target=75, dist=1.13, alpha=-0.02, vx=0.50, yaw_rate=-0.02, dir=1
[INFO] [1784980121.557562291] [waypoint_follower]: nearest=74, target=76, dist=1.13, alpha=-0.01, vx=0.50, yaw_rate=-0.01, dir=1
[INFO] [1784980122.616008025] [waypoint_follower]: nearest=75, target=77, dist=1.12, alpha=0.01, vx=0.50, yaw_rate=0.01, dir=1
[INFO] [1784980123.654635420] [waypoint_follower]: nearest=76, target=78, dist=1.04, alpha=0.00, vx=0.50, yaw_rate=0.00, dir=1
[INFO] [1784980124.704088733] [waypoint_follower]: nearest=77, target=79, dist=0.99, alpha=-0.03, vx=0.50, yaw_rate=-0.03, dir=1
[INFO] [1784980125.704273057] [waypoint_follower]: nearest=78, target=80, dist=1.04, alpha=-0.01, vx=0.50, yaw_rate=-0.01, dir=1
[INFO] [1784980126.754069979] [waypoint_follower]: nearest=79, target=81, dist=0.91, alpha=-0.05, vx=0.50, yaw_rate=-0.04, dir=1
[INFO] [1784980127.754178784] [waypoint_follower]: nearest=80, target=82, dist=0.94, alpha=0.03, vx=0.50, yaw_rate=0.03, dir=1
[INFO] [1784980128.754216359] [waypoint_follower]: nearest=81, target=83, dist=0.94, alpha=0.04, vx=0.50, yaw_rate=0.03, dir=1
[INFO] [1784980129.807355196] [waypoint_follower]: nearest=82, target=84, dist=0.79, alpha=0.01, vx=0.50, yaw_rate=0.01, dir=1
[INFO] [1784980130.854372241] [waypoint_follower]: nearest=83, target=85, dist=0.81, alpha=-0.01, vx=0.50, yaw_rate=-0.01, dir=1
[INFO] [1784980131.904925181] [waypoint_follower]: nearest=84, target=86, dist=0.80, alpha=-0.10, vx=0.50, yaw_rate=-0.09, dir=1
[INFO] [1784980132.953981223] [waypoint_follower]: nearest=85, target=87, dist=0.78, alpha=-0.00, vx=0.50, yaw_rate=-0.00, dir=1
[INFO] [1784980133.954273737] [waypoint_follower]: nearest=87, target=89, dist=1.14, alpha=0.06, vx=0.50, yaw_rate=0.05, dir=1
[INFO] [1784980134.954050006] [waypoint_follower]: nearest=88, target=90, dist=1.17, alpha=-0.02, vx=0.50, yaw_rate=-0.01, dir=1
[INFO] [1784980135.954504309] [waypoint_follower]: nearest=89, target=91, dist=1.20, alpha=-0.04, vx=0.50, yaw_rate=-0.03, dir=1
[INFO] [1784980137.004013846] [waypoint_follower]: nearest=90, target=92, dist=1.15, alpha=0.01, vx=0.50, yaw_rate=0.01, dir=1
[INFO] [1784980138.004051902] [waypoint_follower]: nearest=91, target=93, dist=1.10, alpha=-0.04, vx=0.50, yaw_rate=-0.03, dir=1
[INFO] [1784980139.004750680] [waypoint_follower]: nearest=92, target=94, dist=1.08, alpha=-0.04, vx=0.50, yaw_rate=-0.04, dir=1
[INFO] [1784980140.054226011] [waypoint_follower]: nearest=93, target=95, dist=1.05, alpha=-0.02, vx=0.50, yaw_rate=-0.02, dir=1
[INFO] [1784980141.054499486] [waypoint_follower]: nearest=94, target=96, dist=1.00, alpha=-0.01, vx=0.50, yaw_rate=-0.01, dir=1
[INFO] [1784980142.104283514] [waypoint_follower]: nearest=95, target=97, dist=0.90, alpha=0.07, vx=0.50, yaw_rate=0.06, dir=1
[INFO] [1784980143.104378721] [waypoint_follower]: nearest=96, target=98, dist=0.93, alpha=0.06, vx=0.50, yaw_rate=0.06, dir=1
[INFO] [1784980144.154193884] [waypoint_follower]: nearest=97, target=99, dist=0.87, alpha=-0.06, vx=0.50, yaw_rate=-0.05, dir=1
[INFO] [1784980145.203842587] [waypoint_follower]: nearest=98, target=100, dist=0.84, alpha=-0.06, vx=0.50, yaw_rate=-0.06, dir=1
[INFO] [1784980146.204043232] [waypoint_follower]: nearest=99, target=101, dist=0.82, alpha=-0.15, vx=0.50, yaw_rate=-0.13, dir=1
[INFO] [1784980147.204453889] [waypoint_follower]: nearest=100, target=102, dist=0.77, alpha=-0.00, vx=0.50, yaw_rate=-0.00, dir=1
[INFO] [1784980148.204718501] [waypoint_follower]: nearest=101, target=103, dist=0.71, alpha=0.02, vx=0.50, yaw_rate=0.02, dir=1
[INFO] [1784980149.254108137] [waypoint_follower]: nearest=103, target=105, dist=1.15, alpha=-0.01, vx=0.50, yaw_rate=-0.01, dir=1
[INFO] [1784980150.304178496] [waypoint_follower]: nearest=104, target=106, dist=1.14, alpha=-0.04, vx=0.50, yaw_rate=-0.04, dir=1
[INFO] [1784980151.304345990] [waypoint_follower]: nearest=105, target=107, dist=1.09, alpha=0.00, vx=0.50, yaw_rate=0.00, dir=1
[INFO] [1784980152.354538106] [waypoint_follower]: nearest=106, target=108, dist=1.05, alpha=0.05, vx=0.50, yaw_rate=0.04, dir=1
[INFO] [1784980153.354277161] [waypoint_follower]: nearest=107, target=109, dist=1.03, alpha=-0.00, vx=0.50, yaw_rate=-0.00, dir=1
[INFO] [1784980154.403986568] [waypoint_follower]: nearest=108, target=110, dist=1.01, alpha=-0.03, vx=0.50, yaw_rate=-0.03, dir=1
[INFO] [1784980155.404017616] [waypoint_follower]: nearest=109, target=111, dist=1.08, alpha=0.03, vx=0.50, yaw_rate=0.03, dir=1
[INFO] [1784980156.404539247] [waypoint_follower]: nearest=110, target=112, dist=1.04, alpha=0.03, vx=0.50, yaw_rate=0.03, dir=1
[INFO] [1784980157.454121744] [waypoint_follower]: nearest=111, target=113, dist=0.99, alpha=-0.07, vx=0.50, yaw_rate=-0.06, dir=1
[INFO] [1784980158.504059690] [waypoint_follower]: nearest=112, target=114, dist=0.98, alpha=-0.01, vx=0.50, yaw_rate=-0.01, dir=1
[INFO] [1784980159.504824356] [waypoint_follower]: nearest=113, target=115, dist=1.00, alpha=0.01, vx=0.50, yaw_rate=0.01, dir=1
[INFO] [1784980160.554688543] [waypoint_follower]: nearest=114, target=116, dist=0.97, alpha=-0.04, vx=0.50, yaw_rate=-0.03, dir=1
[INFO] [1784980161.609509332] [waypoint_follower]: nearest=115, target=117, dist=0.85, alpha=0.01, vx=0.50, yaw_rate=0.01, dir=1
[INFO] [1784980162.654073886] [waypoint_follower]: nearest=116, target=118, dist=0.81, alpha=0.03, vx=0.50, yaw_rate=0.02, dir=1
[INFO] [1784980163.655636199] [waypoint_follower]: nearest=117, target=119, dist=0.73, alpha=-0.05, vx=0.50, yaw_rate=-0.05, dir=1
[INFO] [1784980164.708581474] [waypoint_follower]: nearest=118, target=120, dist=0.81, alpha=-0.06, vx=0.50, yaw_rate=-0.06, dir=1
[INFO] [1784980165.754031706] [waypoint_follower]: nearest=119, target=121, dist=0.74, alpha=-0.02, vx=0.50, yaw_rate=-0.02, dir=1
[INFO] [1784980166.805512884] [waypoint_follower]: nearest=121, target=123, dist=1.05, alpha=-0.02, vx=0.50, yaw_rate=-0.02, dir=1
[INFO] [1784980167.854124234] [waypoint_follower]: nearest=122, target=124, dist=1.05, alpha=-0.16, vx=0.50, yaw_rate=-0.14, dir=1
[INFO] [1784980168.904241376] [waypoint_follower]: nearest=123, target=125, dist=1.02, alpha=-0.16, vx=0.50, yaw_rate=-0.14, dir=1
[INFO] [1784980169.954700310] [waypoint_follower]: nearest=124, target=126, dist=1.04, alpha=-0.18, vx=0.50, yaw_rate=-0.16, dir=1
[INFO] [1784980171.004752537] [waypoint_follower]: nearest=125, target=127, dist=0.94, alpha=-0.06, vx=0.50, yaw_rate=-0.06, dir=1
[INFO] [1784980172.005817794] [waypoint_follower]: nearest=126, target=128, dist=0.94, alpha=0.01, vx=0.50, yaw_rate=0.01, dir=1
[INFO] [1784980173.005430567] [waypoint_follower]: nearest=127, target=129, dist=0.92, alpha=-0.05, vx=0.50, yaw_rate=-0.04, dir=1
[INFO] [1784980174.054200129] [waypoint_follower]: nearest=128, target=130, dist=0.87, alpha=-0.16, vx=0.50, yaw_rate=-0.14, dir=1
[INFO] [1784980175.104088718] [waypoint_follower]: nearest=129, target=131, dist=0.85, alpha=-0.10, vx=0.50, yaw_rate=-0.09, dir=1
[INFO] [1784980176.104451280] [waypoint_follower]: nearest=130, target=132, dist=0.79, alpha=-0.01, vx=0.50, yaw_rate=-0.01, dir=1
[INFO] [1784980177.154183436] [waypoint_follower]: nearest=131, target=133, dist=0.78, alpha=-0.12, vx=0.50, yaw_rate=-0.11, dir=1
[INFO] [1784980178.154428284] [waypoint_follower]: nearest=132, target=134, dist=0.77, alpha=-0.05, vx=0.50, yaw_rate=-0.05, dir=1
[INFO] [1784980179.154495531] [waypoint_follower]: nearest=133, target=135, dist=0.75, alpha=-0.10, vx=0.50, yaw_rate=-0.09, dir=1
[INFO] [1784980180.204286425] [waypoint_follower]: nearest=134, target=136, dist=0.75, alpha=-0.09, vx=0.50, yaw_rate=-0.08, dir=1
[INFO] [1784980181.254073812] [waypoint_follower]: nearest=136, target=138, dist=1.20, alpha=-0.08, vx=0.50, yaw_rate=-0.07, dir=1
[INFO] [1784980182.304385989] [waypoint_follower]: nearest=137, target=139, dist=1.14, alpha=-0.01, vx=0.50, yaw_rate=-0.01, dir=1
[INFO] [1784980183.304012354] [waypoint_follower]: nearest=138, target=140, dist=1.17, alpha=0.01, vx=0.50, yaw_rate=0.01, dir=1
[INFO] [1784980184.304811868] [waypoint_follower]: nearest=139, target=141, dist=1.13, alpha=0.00, vx=0.50, yaw_rate=0.00, dir=1
[INFO] [1784980185.354135344] [waypoint_follower]: nearest=140, target=142, dist=1.09, alpha=0.01, vx=0.50, yaw_rate=0.01, dir=1
[INFO] [1784980186.354609942] [waypoint_follower]: nearest=141, target=143, dist=1.08, alpha=0.03, vx=0.50, yaw_rate=0.03, dir=1
[INFO] [1784980187.404368909] [waypoint_follower]: nearest=142, target=144, dist=1.03, alpha=-0.02, vx=0.50, yaw_rate=-0.02, dir=1
[INFO] [1784980188.453980926] [waypoint_follower]: nearest=143, target=145, dist=1.07, alpha=-0.07, vx=0.50, yaw_rate=-0.06, dir=1
[INFO] [1784980189.454087233] [waypoint_follower]: nearest=144, target=146, dist=1.01, alpha=-0.12, vx=0.50, yaw_rate=-0.11, dir=1
[INFO] [1784980190.454629472] [waypoint_follower]: nearest=145, target=147, dist=1.02, alpha=-0.17, vx=0.50, yaw_rate=-0.15, dir=1
[INFO] [1784980191.503755585] [waypoint_follower]: nearest=146, target=148, dist=0.98, alpha=-0.22, vx=0.50, yaw_rate=-0.20, dir=1
[INFO] [1784980192.503914083] [waypoint_follower]: nearest=147, target=149, dist=0.92, alpha=-0.17, vx=0.50, yaw_rate=-0.15, dir=1
[INFO] [1784980193.504062177] [waypoint_follower]: nearest=148, target=150, dist=0.84, alpha=-0.10, vx=0.50, yaw_rate=-0.09, dir=1
[INFO] [1784980194.555049026] [waypoint_follower]: nearest=149, target=151, dist=0.84, alpha=-0.07, vx=0.50, yaw_rate=-0.06, dir=1
[INFO] [1784980195.554019557] [waypoint_follower]: nearest=150, target=152, dist=0.98, alpha=-0.12, vx=0.50, yaw_rate=-0.11, dir=1
[INFO] [1784980196.554895105] [waypoint_follower]: nearest=151, target=153, dist=0.87, alpha=-0.06, vx=0.50, yaw_rate=-0.05, dir=1
[INFO] [1784980197.604080774] [waypoint_follower]: nearest=152, target=154, dist=0.79, alpha=-0.03, vx=0.50, yaw_rate=-0.02, dir=1
[INFO] [1784980198.655641045] [waypoint_follower]: nearest=153, target=155, dist=0.70, alpha=0.02, vx=0.50, yaw_rate=0.02, dir=1
[INFO] [1784980199.704043186] [waypoint_follower]: nearest=155, target=157, dist=1.12, alpha=-0.04, vx=0.50, yaw_rate=-0.04, dir=1
[INFO] [1784980200.754076181] [waypoint_follower]: nearest=156, target=158, dist=1.03, alpha=-0.04, vx=0.50, yaw_rate=-0.03, dir=1
[INFO] [1784980201.754155616] [waypoint_follower]: nearest=157, target=159, dist=1.05, alpha=0.04, vx=0.50, yaw_rate=0.04, dir=1
[INFO] [1784980202.754158358] [waypoint_follower]: nearest=158, target=160, dist=0.96, alpha=0.02, vx=0.50, yaw_rate=0.01, dir=1
[INFO] [1784980203.804213620] [waypoint_follower]: nearest=159, target=161, dist=0.97, alpha=-0.03, vx=0.50, yaw_rate=-0.02, dir=1
[INFO] [1784980204.854477615] [waypoint_follower]: nearest=160, target=162, dist=0.88, alpha=-0.11, vx=0.50, yaw_rate=-0.10, dir=1
[INFO] [1784980205.904156065] [waypoint_follower]: nearest=161, target=163, dist=0.84, alpha=-0.08, vx=0.50, yaw_rate=-0.07, dir=1
[INFO] [1784980206.904346524] [waypoint_follower]: nearest=162, target=164, dist=0.76, alpha=-0.05, vx=0.50, yaw_rate=-0.04, dir=1
[INFO] [1784980207.954062712] [waypoint_follower]: nearest=163, target=165, dist=0.74, alpha=-0.03, vx=0.50, yaw_rate=-0.02, dir=1
[INFO] [1784980209.004505277] [waypoint_follower]: nearest=165, target=167, dist=1.07, alpha=0.03, vx=0.50, yaw_rate=0.03, dir=1
[INFO] [1784980210.054666681] [waypoint_follower]: nearest=166, target=168, dist=1.07, alpha=-0.00, vx=0.50, yaw_rate=-0.00, dir=1
[INFO] [1784980211.106047046] [waypoint_follower]: nearest=167, target=169, dist=1.10, alpha=-0.01, vx=0.50, yaw_rate=-0.01, dir=1
[INFO] [1784980212.154338720] [waypoint_follower]: nearest=168, target=170, dist=1.05, alpha=-0.00, vx=0.50, yaw_rate=-0.00, dir=1
[INFO] [1784980213.204112112] [waypoint_follower]: nearest=169, target=171, dist=0.93, alpha=-0.01, vx=0.50, yaw_rate=-0.01, dir=1
[INFO] [1784980214.254141517] [waypoint_follower]: nearest=170, target=172, dist=0.86, alpha=-0.01, vx=0.50, yaw_rate=-0.01, dir=1
[INFO] [1784980215.304569915] [waypoint_follower]: nearest=171, target=173, dist=0.85, alpha=0.02, vx=0.50, yaw_rate=0.02, dir=1
[INFO] [1784980216.354144817] [waypoint_follower]: nearest=172, target=174, dist=0.69, alpha=-0.04, vx=0.50, yaw_rate=-0.03, dir=1
[INFO] [1784980217.354203885] [waypoint_follower]: nearest=173, target=175, dist=0.70, alpha=-0.02, vx=0.50, yaw_rate=-0.02, dir=1
[INFO] [1784980218.404163730] [waypoint_follower]: nearest=175, target=177, dist=1.03, alpha=0.04, vx=0.50, yaw_rate=0.04, dir=1
[INFO] [1784980219.404108942] [waypoint_follower]: nearest=176, target=178, dist=1.06, alpha=-0.02, vx=0.50, yaw_rate=-0.02, dir=1
[INFO] [1784980220.454388744] [waypoint_follower]: nearest=177, target=179, dist=0.89, alpha=-0.02, vx=0.50, yaw_rate=-0.02, dir=1
[INFO] [1784980221.454114411] [waypoint_follower]: nearest=178, target=180, dist=0.93, alpha=0.00, vx=0.50, yaw_rate=0.00, dir=1
[INFO] [1784980222.512436848] [waypoint_follower]: nearest=179, target=181, dist=0.84, alpha=0.00, vx=0.50, yaw_rate=0.00, dir=1
[INFO] [1784980223.554263878] [waypoint_follower]: nearest=180, target=182, dist=0.73, alpha=0.01, vx=0.50, yaw_rate=0.01, dir=1
[INFO] [1784980224.604732432] [waypoint_follower]: nearest=181, target=183, dist=0.72, alpha=-0.03, vx=0.50, yaw_rate=-0.03, dir=1
[INFO] [1784980225.655650169] [waypoint_follower]: nearest=183, target=185, dist=1.12, alpha=-0.01, vx=0.50, yaw_rate=-0.01, dir=1
[INFO] [1784980226.655971360] [waypoint_follower]: nearest=184, target=186, dist=1.04, alpha=0.00, vx=0.50, yaw_rate=0.00, dir=1
[INFO] [1784980227.704240290] [waypoint_follower]: nearest=185, target=187, dist=1.00, alpha=0.01, vx=0.50, yaw_rate=0.01, dir=1
[INFO] [1784980228.704666822] [waypoint_follower]: nearest=186, target=188, dist=0.95, alpha=0.03, vx=0.50, yaw_rate=0.03, dir=1
[INFO] [1784980229.754091326] [waypoint_follower]: nearest=187, target=189, dist=0.84, alpha=-0.05, vx=0.50, yaw_rate=-0.04, dir=1
[INFO] [1784980230.754185603] [waypoint_follower]: nearest=188, target=190, dist=0.74, alpha=-0.09, vx=0.50, yaw_rate=-0.08, dir=1
[INFO] [1784980231.804101393] [waypoint_follower]: nearest=189, target=191, dist=0.70, alpha=-0.07, vx=0.50, yaw_rate=-0.06, dir=1
[INFO] [1784980232.854379945] [waypoint_follower]: nearest=190, target=192, dist=0.67, alpha=-0.01, vx=0.50, yaw_rate=-0.01, dir=1
[INFO] [1784980233.854057125] [waypoint_follower]: nearest=192, target=194, dist=1.02, alpha=-0.03, vx=0.50, yaw_rate=-0.03, dir=1
[INFO] [1784980234.904145049] [waypoint_follower]: nearest=193, target=195, dist=0.96, alpha=-0.01, vx=0.50, yaw_rate=-0.01, dir=1
[INFO] [1784980235.954483291] [waypoint_follower]: nearest=194, target=196, dist=0.92, alpha=-0.02, vx=0.50, yaw_rate=-0.01, dir=1
[INFO] [1784980237.004981195] [waypoint_follower]: nearest=195, target=197, dist=0.84, alpha=-0.02, vx=0.50, yaw_rate=-0.02, dir=1
[INFO] [1784980238.004484292] [waypoint_follower]: nearest=196, target=198, dist=0.80, alpha=0.05, vx=0.50, yaw_rate=0.05, dir=1
[INFO] [1784980239.054128338] [waypoint_follower]: nearest=197, target=199, dist=0.68, alpha=-0.03, vx=0.50, yaw_rate=-0.02, dir=1
[INFO] [1784980240.054586090] [waypoint_follower]: nearest=198, target=200, dist=0.70, alpha=-0.08, vx=0.50, yaw_rate=-0.07, dir=1
[INFO] [1784980241.104100805] [waypoint_follower]: nearest=200, target=202, dist=1.02, alpha=0.04, vx=0.50, yaw_rate=0.04, dir=1
[INFO] [1784980242.104110268] [waypoint_follower]: nearest=201, target=203, dist=1.05, alpha=0.04, vx=0.50, yaw_rate=0.04, dir=1
[INFO] [1784980243.154401772] [waypoint_follower]: nearest=202, target=204, dist=0.95, alpha=-0.09, vx=0.50, yaw_rate=-0.08, dir=1
[INFO] [1784980244.204386451] [waypoint_follower]: nearest=203, target=205, dist=0.89, alpha=0.02, vx=0.50, yaw_rate=0.02, dir=1
[INFO] [1784980245.253981555] [waypoint_follower]: nearest=204, target=206, dist=0.84, alpha=0.03, vx=0.50, yaw_rate=0.03, dir=1
[INFO] [1784980246.303966670] [waypoint_follower]: nearest=205, target=207, dist=0.80, alpha=0.01, vx=0.50, yaw_rate=0.01, dir=1
[INFO] [1784980247.305193747] [waypoint_follower]: nearest=206, target=208, dist=0.76, alpha=-0.03, vx=0.50, yaw_rate=-0.03, dir=1
[INFO] [1784980248.354171628] [waypoint_follower]: nearest=208, target=210, dist=1.06, alpha=0.04, vx=0.50, yaw_rate=0.03, dir=1
[INFO] [1784980249.354204801] [waypoint_follower]: nearest=209, target=211, dist=1.14, alpha=0.00, vx=0.50, yaw_rate=0.00, dir=1
[INFO] [1784980250.367807805] [waypoint_follower]: nearest=210, target=212, dist=1.07, alpha=-0.06, vx=0.50, yaw_rate=-0.06, dir=1
[INFO] [1784980251.404204237] [waypoint_follower]: nearest=211, target=213, dist=0.99, alpha=-0.10, vx=0.50, yaw_rate=-0.09, dir=1
[INFO] [1784980252.408656720] [waypoint_follower]: nearest=212, target=214, dist=0.90, alpha=-0.01, vx=0.50, yaw_rate=-0.01, dir=1
[INFO] [1784980253.454198623] [waypoint_follower]: nearest=213, target=215, dist=0.87, alpha=0.01, vx=0.50, yaw_rate=0.01, dir=1
[INFO] [1784980254.504241210] [waypoint_follower]: nearest=214, target=216, dist=0.79, alpha=-0.00, vx=0.50, yaw_rate=-0.00, dir=1
[INFO] [1784980255.521496117] [waypoint_follower]: nearest=215, target=217, dist=0.72, alpha=-0.03, vx=0.50, yaw_rate=-0.03, dir=1
[INFO] [1784980256.554039984] [waypoint_follower]: nearest=217, target=219, dist=1.06, alpha=0.01, vx=0.50, yaw_rate=0.01, dir=1
[INFO] [1784980257.554283356] [waypoint_follower]: nearest=217, target=219, dist=0.66, alpha=-0.02, vx=0.50, yaw_rate=-0.01, dir=1
[INFO] [1784980258.554229598] [waypoint_follower]: nearest=219, target=221, dist=1.03, alpha=-0.03, vx=0.50, yaw_rate=-0.02, dir=1
[INFO] [1784980259.604208857] [waypoint_follower]: nearest=220, target=222, dist=0.94, alpha=-0.01, vx=0.50, yaw_rate=-0.01, dir=1
[INFO] [1784980260.604317094] [waypoint_follower]: nearest=221, target=223, dist=0.86, alpha=0.00, vx=0.50, yaw_rate=0.00, dir=1
[INFO] [1784980261.654519041] [waypoint_follower]: nearest=222, target=224, dist=0.83, alpha=-0.01, vx=0.50, yaw_rate=-0.01, dir=1
[INFO] [1784980262.704119114] [waypoint_follower]: nearest=223, target=225, dist=0.79, alpha=-0.03, vx=0.50, yaw_rate=-0.03, dir=1
[INFO] [1784980263.704772702] [waypoint_follower]: nearest=224, target=226, dist=0.69, alpha=-0.00, vx=0.50, yaw_rate=-0.00, dir=1
[INFO] [1784980264.754298830] [waypoint_follower]: nearest=226, target=228, dist=1.13, alpha=0.03, vx=0.50, yaw_rate=0.03, dir=1
[INFO] [1784980265.804455377] [waypoint_follower]: nearest=227, target=229, dist=1.05, alpha=0.01, vx=0.50, yaw_rate=0.01, dir=1
[INFO] [1784980266.854064582] [waypoint_follower]: nearest=228, target=230, dist=1.04, alpha=-0.03, vx=0.50, yaw_rate=-0.02, dir=1
[INFO] [1784980267.854125860] [waypoint_follower]: nearest=229, target=231, dist=1.00, alpha=-0.02, vx=0.50, yaw_rate=-0.01, dir=1
[INFO] [1784980268.903968938] [waypoint_follower]: nearest=230, target=232, dist=0.97, alpha=-0.01, vx=0.50, yaw_rate=-0.01, dir=1
[INFO] [1784980269.904113799] [waypoint_follower]: nearest=231, target=233, dist=0.91, alpha=-0.01, vx=0.50, yaw_rate=-0.01, dir=1
[INFO] [1784980270.954088129] [waypoint_follower]: nearest=232, target=234, dist=0.80, alpha=-0.01, vx=0.50, yaw_rate=-0.01, dir=1
[INFO] [1784980271.954310048] [waypoint_follower]: nearest=233, target=235, dist=0.77, alpha=0.01, vx=0.50, yaw_rate=0.01, dir=1
[INFO] [1784980273.003954931] [waypoint_follower]: nearest=234, target=236, dist=0.76, alpha=-0.01, vx=0.50, yaw_rate=-0.00, dir=1
[INFO] [1784980274.004191385] [waypoint_follower]: nearest=236, target=238, dist=1.13, alpha=0.01, vx=0.50, yaw_rate=0.01, dir=1
[INFO] [1784980275.004161512] [waypoint_follower]: nearest=237, target=239, dist=1.12, alpha=-0.01, vx=0.50, yaw_rate=-0.01, dir=1
[INFO] [1784980276.053999029] [waypoint_follower]: nearest=238, target=240, dist=1.20, alpha=-0.04, vx=0.50, yaw_rate=-0.04, dir=1
[INFO] [1784980277.104331743] [waypoint_follower]: nearest=239, target=241, dist=1.21, alpha=-0.02, vx=0.50, yaw_rate=-0.02, dir=1
[INFO] [1784980278.154906855] [waypoint_follower]: nearest=240, target=242, dist=1.08, alpha=0.01, vx=0.50, yaw_rate=0.01, dir=1
[INFO] [1784980279.204324946] [waypoint_follower]: nearest=241, target=243, dist=1.08, alpha=-0.04, vx=0.50, yaw_rate=-0.04, dir=1
[INFO] [1784980280.254695548] [waypoint_follower]: nearest=242, target=244, dist=1.01, alpha=0.01, vx=0.50, yaw_rate=0.01, dir=1
[INFO] [1784980281.303957419] [waypoint_follower]: nearest=243, target=245, dist=0.92, alpha=-0.07, vx=0.50, yaw_rate=-0.07, dir=1
[INFO] [1784980282.304094025] [waypoint_follower]: nearest=244, target=246, dist=0.90, alpha=-0.06, vx=0.50, yaw_rate=-0.05, dir=1
[INFO] [1784980283.304600853] [waypoint_follower]: nearest=245, target=247, dist=0.90, alpha=-0.07, vx=0.50, yaw_rate=-0.06, dir=1
[INFO] [1784980284.354276347] [waypoint_follower]: nearest=246, target=248, dist=0.84, alpha=-0.02, vx=0.50, yaw_rate=-0.02, dir=1
[INFO] [1784980285.354140902] [waypoint_follower]: nearest=247, target=249, dist=0.74, alpha=0.02, vx=0.50, yaw_rate=0.02, dir=1
[INFO] [1784980286.403959838] [waypoint_follower]: nearest=248, target=250, dist=0.69, alpha=-0.04, vx=0.50, yaw_rate=-0.04, dir=1
[INFO] [1784980287.404017352] [waypoint_follower]: nearest=249, target=251, dist=0.68, alpha=-0.03, vx=0.50, yaw_rate=-0.02, dir=1
[INFO] [1784980288.404133157] [waypoint_follower]: nearest=251, target=253, dist=1.02, alpha=-0.03, vx=0.50, yaw_rate=-0.02, dir=1
[INFO] [1784980289.453983908] [waypoint_follower]: nearest=252, target=254, dist=0.97, alpha=0.02, vx=0.50, yaw_rate=0.01, dir=1
[INFO] [1784980290.454179206] [waypoint_follower]: nearest=253, target=255, dist=0.92, alpha=0.04, vx=0.50, yaw_rate=0.04, dir=1
[INFO] [1784980291.504087809] [waypoint_follower]: nearest=254, target=256, dist=0.90, alpha=-0.01, vx=0.50, yaw_rate=-0.01, dir=1
[INFO] [1784980292.504782986] [waypoint_follower]: nearest=255, target=257, dist=0.80, alpha=-0.02, vx=0.50, yaw_rate=-0.02, dir=1
[INFO] [1784980293.555007268] [waypoint_follower]: nearest=256, target=258, dist=0.79, alpha=-0.04, vx=0.50, yaw_rate=-0.04, dir=1
[INFO] [1784980294.604630958] [waypoint_follower]: nearest=257, target=259, dist=0.77, alpha=-0.07, vx=0.50, yaw_rate=-0.06, dir=1
[INFO] [1784980295.604988281] [waypoint_follower]: nearest=258, target=260, dist=0.65, alpha=-0.02, vx=0.50, yaw_rate=-0.01, dir=1
[INFO] [1784980296.655018791] [waypoint_follower]: nearest=260, target=262, dist=1.10, alpha=0.02, vx=0.50, yaw_rate=0.02, dir=1
[INFO] [1784980297.704057483] [waypoint_follower]: nearest=261, target=263, dist=1.07, alpha=-0.01, vx=0.50, yaw_rate=-0.01, dir=1
[INFO] [1784980298.704645981] [waypoint_follower]: nearest=262, target=264, dist=0.94, alpha=-0.03, vx=0.50, yaw_rate=-0.03, dir=1
[INFO] [1784980299.754081897] [waypoint_follower]: nearest=263, target=265, dist=0.88, alpha=-0.01, vx=0.50, yaw_rate=-0.01, dir=1
[INFO] [1784980300.804877669] [waypoint_follower]: nearest=264, target=266, dist=0.89, alpha=0.04, vx=0.50, yaw_rate=0.04, dir=1
[INFO] [1784980301.853970140] [waypoint_follower]: nearest=265, target=267, dist=0.86, alpha=-0.03, vx=0.50, yaw_rate=-0.02, dir=1
[INFO] [1784980302.854074618] [waypoint_follower]: nearest=266, target=268, dist=0.75, alpha=0.00, vx=0.50, yaw_rate=0.00, dir=1
[INFO] [1784980303.854071833] [waypoint_follower]: nearest=267, target=269, dist=0.69, alpha=-0.02, vx=0.50, yaw_rate=-0.02, dir=1
[INFO] [1784980304.854256793] [waypoint_follower]: nearest=269, target=271, dist=1.09, alpha=-0.13, vx=0.50, yaw_rate=-0.11, dir=1
[INFO] [1784980305.854442746] [waypoint_follower]: nearest=270, target=272, dist=1.04, alpha=-0.03, vx=0.50, yaw_rate=-0.02, dir=1
[INFO] [1784980306.904120695] [waypoint_follower]: nearest=271, target=273, dist=1.02, alpha=-0.02, vx=0.50, yaw_rate=-0.02, dir=1
[INFO] [1784980307.904044922] [waypoint_follower]: nearest=272, target=274, dist=0.95, alpha=0.02, vx=0.50, yaw_rate=0.02, dir=1
[INFO] [1784980308.954082063] [waypoint_follower]: nearest=273, target=275, dist=0.87, alpha=-0.03, vx=0.50, yaw_rate=-0.03, dir=1
[INFO] [1784980309.954445749] [waypoint_follower]: nearest=274, target=276, dist=0.85, alpha=-0.03, vx=0.50, yaw_rate=-0.02, dir=1
[INFO] [1784980310.954298114] [waypoint_follower]: nearest=275, target=277, dist=0.80, alpha=-0.08, vx=0.50, yaw_rate=-0.07, dir=1
[INFO] [1784980312.004142102] [waypoint_follower]: nearest=276, target=278, dist=0.72, alpha=-0.01, vx=0.50, yaw_rate=-0.01, dir=1
[INFO] [1784980313.054035043] [waypoint_follower]: nearest=278, target=280, dist=1.20, alpha=0.02, vx=0.50, yaw_rate=0.02, dir=1
[INFO] [1784980314.054430394] [waypoint_follower]: nearest=278, target=280, dist=0.78, alpha=-0.00, vx=0.50, yaw_rate=-0.00, dir=1
[INFO] [1784980315.054870136] [waypoint_follower]: nearest=279, target=281, dist=0.73, alpha=-0.00, vx=0.50, yaw_rate=-0.00, dir=1
[INFO] [1784980316.104006705] [waypoint_follower]: nearest=281, target=283, dist=1.10, alpha=-0.04, vx=0.50, yaw_rate=-0.04, dir=1
[INFO] [1784980317.154068806] [waypoint_follower]: nearest=282, target=284, dist=1.01, alpha=0.00, vx=0.50, yaw_rate=0.00, dir=1
[INFO] [1784980318.154056347] [waypoint_follower]: nearest=283, target=285, dist=1.07, alpha=0.02, vx=0.50, yaw_rate=0.02, dir=1
[INFO] [1784980319.204010201] [waypoint_follower]: nearest=284, target=286, dist=1.00, alpha=-0.02, vx=0.50, yaw_rate=-0.02, dir=1
[INFO] [1784980320.205222426] [waypoint_follower]: nearest=285, target=287, dist=0.94, alpha=-0.02, vx=0.50, yaw_rate=-0.02, dir=1
[INFO] [1784980321.254069770] [waypoint_follower]: nearest=286, target=288, dist=0.98, alpha=0.02, vx=0.50, yaw_rate=0.02, dir=1
[INFO] [1784980322.304031769] [waypoint_follower]: nearest=287, target=289, dist=0.88, alpha=0.02, vx=0.50, yaw_rate=0.02, dir=1
[INFO] [1784980323.354223116] [waypoint_follower]: nearest=288, target=290, dist=0.82, alpha=-0.02, vx=0.50, yaw_rate=-0.02, dir=1
[INFO] [1784980324.403982185] [waypoint_follower]: nearest=289, target=291, dist=0.78, alpha=-0.04, vx=0.50, yaw_rate=-0.04, dir=1
[INFO] [1784980325.404126948] [waypoint_follower]: nearest=290, target=292, dist=0.73, alpha=-0.04, vx=0.50, yaw_rate=-0.04, dir=1
[INFO] [1784980326.454110513] [waypoint_follower]: nearest=292, target=294, dist=1.04, alpha=-0.01, vx=0.50, yaw_rate=-0.01, dir=1
[INFO] [1784980327.454213289] [waypoint_follower]: nearest=293, target=295, dist=1.11, alpha=0.05, vx=0.50, yaw_rate=0.04, dir=1
[INFO] [1784980328.504009614] [waypoint_follower]: nearest=294, target=296, dist=1.06, alpha=0.04, vx=0.50, yaw_rate=0.04, dir=1
[INFO] [1784980329.504094628] [waypoint_follower]: nearest=295, target=297, dist=0.99, alpha=-0.02, vx=0.50, yaw_rate=-0.02, dir=1
[INFO] [1784980330.504726730] [waypoint_follower]: nearest=296, target=298, dist=0.93, alpha=-0.08, vx=0.50, yaw_rate=-0.07, dir=1
[INFO] [1784980331.554272247] [waypoint_follower]: nearest=297, target=299, dist=0.90, alpha=0.03, vx=0.50, yaw_rate=0.03, dir=1
[INFO] [1784980332.604221486] [waypoint_follower]: nearest=298, target=300, dist=0.79, alpha=0.04, vx=0.50, yaw_rate=0.03, dir=1
[INFO] [1784980333.604717127] [waypoint_follower]: nearest=299, target=301, dist=0.88, alpha=-0.03, vx=0.50, yaw_rate=-0.03, dir=1
[INFO] [1784980334.654354558] [waypoint_follower]: nearest=300, target=302, dist=0.81, alpha=-0.03, vx=0.50, yaw_rate=-0.02, dir=1
[INFO] [1784980335.653979395] [waypoint_follower]: nearest=301, target=303, dist=0.76, alpha=-0.03, vx=0.50, yaw_rate=-0.02, dir=1
[INFO] [1784980336.655674192] [waypoint_follower]: nearest=301, target=303, dist=0.67, alpha=-0.04, vx=0.50, yaw_rate=-0.03, dir=1
[INFO] [1784980337.704235330] [waypoint_follower]: nearest=304, target=306, dist=1.01, alpha=0.05, vx=0.50, yaw_rate=0.05, dir=1
[INFO] [1784980338.754044794] [waypoint_follower]: nearest=305, target=307, dist=1.01, alpha=-0.05, vx=0.50, yaw_rate=-0.04, dir=1
[INFO] [1784980339.754195152] [waypoint_follower]: nearest=306, target=308, dist=0.95, alpha=-0.04, vx=0.50, yaw_rate=-0.03, dir=1
[INFO] [1784980340.804296331] [waypoint_follower]: nearest=307, target=309, dist=0.89, alpha=-0.01, vx=0.50, yaw_rate=-0.01, dir=1
[INFO] [1784980341.854704726] [waypoint_follower]: nearest=308, target=310, dist=0.79, alpha=-0.04, vx=0.50, yaw_rate=-0.03, dir=1
[INFO] [1784980342.854328660] [waypoint_follower]: nearest=309, target=311, dist=0.80, alpha=-0.03, vx=0.50, yaw_rate=-0.03, dir=1
[INFO] [1784980343.903943374] [waypoint_follower]: nearest=310, target=312, dist=0.70, alpha=-0.01, vx=0.50, yaw_rate=-0.01, dir=1
[INFO] [1784980344.904135736] [waypoint_follower]: nearest=311, target=313, dist=0.73, alpha=-0.02, vx=0.50, yaw_rate=-0.02, dir=1
[INFO] [1784980345.905011224] [waypoint_follower]: nearest=313, target=315, dist=1.17, alpha=-0.00, vx=0.50, yaw_rate=-0.00, dir=1
[INFO] [1784980346.954047451] [waypoint_follower]: nearest=313, target=315, dist=0.69, alpha=-0.01, vx=0.50, yaw_rate=-0.01, dir=1
[INFO] [1784980347.954107190] [waypoint_follower]: nearest=315, target=317, dist=1.11, alpha=0.01, vx=0.50, yaw_rate=0.01, dir=1
[INFO] [1784980348.954272557] [waypoint_follower]: nearest=316, target=318, dist=1.03, alpha=-0.01, vx=0.50, yaw_rate=-0.01, dir=1
[INFO] [1784980349.954144388] [waypoint_follower]: nearest=317, target=319, dist=1.05, alpha=0.00, vx=0.50, yaw_rate=0.00, dir=1
[INFO] [1784980350.954775986] [waypoint_follower]: nearest=318, target=320, dist=0.97, alpha=0.11, vx=0.50, yaw_rate=0.10, dir=1
[INFO] [1784980352.004021105] [waypoint_follower]: nearest=319, target=321, dist=0.97, alpha=0.19, vx=0.50, yaw_rate=0.17, dir=1
[INFO] [1784980353.005053430] [waypoint_follower]: nearest=320, target=322, dist=0.90, alpha=0.10, vx=0.50, yaw_rate=0.09, dir=1
[INFO] [1784980354.054380742] [waypoint_follower]: nearest=321, target=323, dist=0.86, alpha=0.06, vx=0.50, yaw_rate=0.05, dir=1
[INFO] [1784980355.054061106] [waypoint_follower]: nearest=322, target=324, dist=0.83, alpha=0.06, vx=0.50, yaw_rate=0.06, dir=1
[INFO] [1784980356.104041204] [waypoint_follower]: nearest=323, target=325, dist=0.79, alpha=0.14, vx=0.50, yaw_rate=0.13, dir=1
[INFO] [1784980357.104528599] [waypoint_follower]: nearest=324, target=326, dist=0.83, alpha=0.08, vx=0.50, yaw_rate=0.07, dir=1
[INFO] [1784980358.154109973] [waypoint_follower]: nearest=325, target=327, dist=0.73, alpha=-0.00, vx=0.50, yaw_rate=-0.00, dir=1
[INFO] [1784980359.204128011] [waypoint_follower]: nearest=326, target=328, dist=0.78, alpha=0.06, vx=0.50, yaw_rate=0.05, dir=1
[INFO] [1784980360.204666381] [waypoint_follower]: nearest=327, target=329, dist=0.77, alpha=0.06, vx=0.50, yaw_rate=0.06, dir=1
[INFO] [1784980361.207325216] [waypoint_follower]: nearest=329, target=331, dist=1.18, alpha=0.00, vx=0.50, yaw_rate=0.00, dir=1
[INFO] [1784980362.256548441] [waypoint_follower]: nearest=330, target=332, dist=1.15, alpha=0.00, vx=0.50, yaw_rate=0.00, dir=1
[INFO] [1784980363.304366237] [waypoint_follower]: nearest=331, target=333, dist=1.18, alpha=0.12, vx=0.50, yaw_rate=0.11, dir=1
[INFO] [1784980364.354012239] [waypoint_follower]: nearest=332, target=334, dist=1.22, alpha=0.09, vx=0.50, yaw_rate=0.08, dir=1
[INFO] [1784980365.403912574] [waypoint_follower]: nearest=332, target=334, dist=1.01, alpha=0.10, vx=0.50, yaw_rate=0.09, dir=1
[INFO] [1784980366.404133456] [waypoint_follower]: nearest=332, target=334, dist=1.05, alpha=0.16, vx=0.50, yaw_rate=0.14, dir=1
[WARN] [1784980367.304673498] [waypoint_follower]: stuck recovery: nearest_index 332 -> 332
[INFO] [1784980367.404041708] [waypoint_follower]: nearest=332, target=334, dist=1.06, alpha=0.18, vx=0.50, yaw_rate=0.17, dir=1
[INFO] [1784980368.454102079] [waypoint_follower]: nearest=332, target=334, dist=1.06, alpha=0.18, vx=0.50, yaw_rate=0.16, dir=1
[INFO] [1784980369.504457776] [waypoint_follower]: nearest=332, target=334, dist=1.07, alpha=0.17, vx=0.50, yaw_rate=0.15, dir=1
[WARN] [1784980370.354453969] [waypoint_follower]: stuck recovery: nearest_index 332 -> 332
[INFO] [1784980370.553817613] [waypoint_follower]: nearest=332, target=334, dist=1.06, alpha=0.17, vx=0.50, yaw_rate=0.16, dir=1
[INFO] [1784980371.554243510] [waypoint_follower]: nearest=332, target=334, dist=1.07, alpha=0.17, vx=0.50, yaw_rate=0.16, dir=1
[INFO] [1784980372.554215373] [waypoint_follower]: nearest=332, target=334, dist=1.07, alpha=0.17, vx=0.50, yaw_rate=0.15, dir=1
[WARN] [1784980373.354623955] [waypoint_follower]: stuck recovery: nearest_index 332 -> 332
[INFO] [1784980373.604287951] [waypoint_follower]: nearest=332, target=334, dist=1.07, alpha=0.17, vx=0.50, yaw_rate=0.15, dir=1
[INFO] [1784980374.654594260] [waypoint_follower]: nearest=332, target=334, dist=1.07, alpha=0.17, vx=0.50, yaw_rate=0.15, dir=1
[INFO] [1784980375.655210809] [waypoint_follower]: nearest=332, target=334, dist=1.07, alpha=0.15, vx=0.50, yaw_rate=0.14, dir=1
[WARN] [1784980376.404442853] [waypoint_follower]: stuck recovery: nearest_index 332 -> 332
[INFO] [1784980376.704240821] [waypoint_follower]: nearest=332, target=334, dist=1.07, alpha=0.16, vx=0.50, yaw_rate=0.14, dir=1
[INFO] [1784980377.704228210] [waypoint_follower]: nearest=332, target=334, dist=1.07, alpha=0.17, vx=0.50, yaw_rate=0.15, dir=1
[INFO] [1784980378.754398960] [waypoint_follower]: nearest=332, target=334, dist=1.07, alpha=0.17, vx=0.50, yaw_rate=0.15, dir=1
[WARN] [1784980379.455715190] [waypoint_follower]: stuck recovery: nearest_index 332 -> 332
[INFO] [1784980379.754136707] [waypoint_follower]: nearest=332, target=334, dist=1.07, alpha=0.17, vx=0.50, yaw_rate=0.15, dir=1
[INFO] [1784980380.754747705] [waypoint_follower]: nearest=332, target=334, dist=1.06, alpha=0.17, vx=0.50, yaw_rate=0.15, dir=1
[INFO] [1784980381.804067831] [waypoint_follower]: nearest=332, target=334, dist=1.07, alpha=0.17, vx=0.50, yaw_rate=0.15, dir=1
[WARN] [1784980382.455068675] [waypoint_follower]: stuck recovery: nearest_index 332 -> 332
[INFO] [1784980382.854058294] [waypoint_follower]: nearest=332, target=334, dist=1.07, alpha=0.17, vx=0.50, yaw_rate=0.16, dir=1
[INFO] [1784980383.854333168] [waypoint_follower]: nearest=332, target=334, dist=1.07, alpha=0.18, vx=0.50, yaw_rate=0.16, dir=1
[INFO] [1784980384.854450520] [waypoint_follower]: nearest=332, target=334, dist=1.07, alpha=0.17, vx=0.50, yaw_rate=0.15, dir=1
[WARN] [1784980385.504726661] [waypoint_follower]: stuck recovery: nearest_index 332 -> 332
bash: line 1: 17251 Killed                  python3 -u /home/unitree/go2_fastlio_ws/scripts/waypoint_follower_go2_2_trace.py --ros-args -p route_file:=/home/unitree/go2_fastlio_ws/patrol_logs/runs/20260725/xunjian-20260725-13/route_horizontal.csv -p v_base:=0.500 -p max_vx:=0.500 -p k_yaw:=0.900 -p max_yaw_rate:=0.450 -p lookahead_distance:=0.600 -p reach_distance:=0.400 -p goal_distance:=0.250 -p loop_mode:=pingpong -p search_window:=6 -p turn_in_place_angle:=1.000 -p slow_down_angle:=0.500 -p stuck_time:=3.000 -p relocalize_distance:=1.500 -p trace_file:=/home/unitree/go2_fastlio_ws/patrol_logs/runs/20260725/xunjian-20260725-13/follower_control_trace.jsonl -p motion_enable_file:=/home/unitree/go2_fastlio_ws/patrol_logs/runs/20260725/xunjian-20260725-13/.motion_enabled -p use_body_yaw_alignment:=false -p body_yaw_topic:=/lf/sportmodestate -p body_yaw_alignment_samples:=10 -p body_yaw_alignment_max_spread_deg:=2.000 -p body_yaw_max_age:=0.250 -p use_horizontal_frame:=true -p horizontal_frame_metadata:=/home/unitree/go2_fastlio_ws/patrol_logs/runs/20260725/xunjian-20260725-13/route_horizontal.json -p horizontal_imu_topic:=/livox/imu -p horizontal_frame_samples:=15 -p horizontal_frame_max_spread_deg:=1.500 -p horizontal_frame_max_source_disagreement_deg:=3.000 -p horizontal_frame_max_gyro:=0.080 -p horizontal_imu_max_age:=0.250
