1784919237.091575 [0] cmd_vel_ud: config: //CycloneDDS/Domain/General: 'NetworkInterfaceAddress': deprecated element (file:///tmp/go2_cyclonedds_eth0.xml line 4)
[INFO] [1784919237.127849809] [cmd_vel_udp_sender]: UDP sender to 127.0.0.1:5005, packet_v=2, max_vy=0.000, unitree_vy_sign=+1
[INFO] [1784919238.128121463] [cmd_vel_udp_sender]: TIMING_SENDER ros_gap_ms=0.000/0.000/0.000 callback_ms=0.000/0.000/0.000 sendto_ms=0.000/0.000/0.000 cmd_age_ms=-1.000 count=0 errors=0 errno=0 seq=0 cmd=(0.000,0.000,0.000)
[INFO] [1784919239.128315715] [cmd_vel_udp_sender]: TIMING_SENDER ros_gap_ms=0.000/0.000/0.000 callback_ms=0.000/0.000/0.000 sendto_ms=0.000/0.000/0.000 cmd_age_ms=-1.000 count=0 errors=0 errno=0 seq=0 cmd=(0.000,0.000,0.000)
[INFO] [1784919240.128447521] [cmd_vel_udp_sender]: TIMING_SENDER ros_gap_ms=48.745/53.853/53.853 callback_ms=0.038/0.061/0.061 sendto_ms=0.037/0.059/0.059 cmd_age_ms=9.823 count=19 errors=0 errno=0 seq=19 cmd=(0.000,0.000,0.000)
[INFO] [1784919241.128616069] [cmd_vel_udp_sender]: TIMING_SENDER ros_gap_ms=49.940/51.158/55.110 callback_ms=0.032/0.035/0.035 sendto_ms=0.031/0.034/0.034 cmd_age_ms=11.198 count=20 errors=0 errno=0 seq=39 cmd=(0.000,0.000,0.000)
[INFO] [1784919242.128784297] [cmd_vel_udp_sender]: TIMING_SENDER ros_gap_ms=50.002/50.741/51.488 callback_ms=0.032/0.037/0.045 sendto_ms=0.031/0.036/0.044 cmd_age_ms=11.335 count=20 errors=0 errno=0 seq=59 cmd=(0.000,0.000,0.000)
[INFO] [1784919243.128933351] [cmd_vel_udp_sender]: TIMING_SENDER ros_gap_ms=49.996/51.494/51.660 callback_ms=0.033/0.042/0.046 sendto_ms=0.033/0.042/0.045 cmd_age_ms=11.560 count=20 errors=0 errno=0 seq=79 cmd=(0.000,0.000,0.000)
[INFO] [1784919244.129083897] [cmd_vel_udp_sender]: TIMING_SENDER ros_gap_ms=50.017/51.338/51.338 callback_ms=0.034/0.042/0.043 sendto_ms=0.033/0.042/0.042 cmd_age_ms=11.365 count=20 errors=0 errno=0 seq=99 cmd=(0.000,0.000,0.000)
[INFO] [1784919245.129244373] [cmd_vel_udp_sender]: TIMING_SENDER ros_gap_ms=49.954/51.523/55.820 callback_ms=0.035/0.042/0.050 sendto_ms=0.034/0.041/0.049 cmd_age_ms=12.454 count=20 errors=0 errno=0 seq=119 cmd=(0.000,0.000,0.000)
[INFO] [1784919246.129379156] [cmd_vel_udp_sender]: TIMING_SENDER ros_gap_ms=50.030/51.018/52.501 callback_ms=0.033/0.045/0.047 sendto_ms=0.032/0.044/0.046 cmd_age_ms=11.996 count=20 errors=0 errno=0 seq=139 cmd=(0.000,0.000,0.000)
[INFO] [1784919247.131270929] [cmd_vel_udp_sender]: TIMING_SENDER ros_gap_ms=49.964/51.366/52.066 callback_ms=0.031/0.037/0.039 sendto_ms=0.030/0.036/0.038 cmd_age_ms=14.601 count=20 errors=0 errno=0 seq=159 cmd=(0.000,0.000,0.000)
[INFO] [1784919248.129709944] [cmd_vel_udp_sender]: TIMING_SENDER ros_gap_ms=50.022/50.972/55.253 callback_ms=0.058/0.064/0.382 sendto_ms=0.057/0.062/0.381 cmd_age_ms=12.598 count=20 errors=0 errno=0 seq=179 cmd=(0.000,0.000,0.000)
[INFO] [1784919249.129845669] [cmd_vel_udp_sender]: TIMING_SENDER ros_gap_ms=50.000/51.020/51.377 callback_ms=0.044/0.060/0.067 sendto_ms=0.043/0.059/0.066 cmd_age_ms=12.737 count=20 errors=0 errno=0 seq=199 cmd=(0.000,0.000,0.000)
[INFO] [1784919250.129932645] [cmd_vel_udp_sender]: TIMING_SENDER ros_gap_ms=50.001/53.894/53.898 callback_ms=0.048/0.065/0.066 sendto_ms=0.047/0.063/0.065 cmd_age_ms=12.813 count=20 errors=0 errno=0 seq=219 cmd=(0.000,0.000,0.000)
[INFO] [1784919251.130102633] [cmd_vel_udp_sender]: TIMING_SENDER ros_gap_ms=50.001/51.698/53.960 callback_ms=0.052/0.067/0.076 sendto_ms=0.050/0.066/0.075 cmd_age_ms=12.959 count=20 errors=0 errno=0 seq=239 cmd=(0.000,0.000,0.000)
[INFO] [1784919252.130228437] [cmd_vel_udp_sender]: TIMING_SENDER ros_gap_ms=50.037/54.890/55.251 callback_ms=0.053/0.066/0.086 sendto_ms=0.052/0.064/0.084 cmd_age_ms=12.341 count=20 errors=0 errno=0 seq=259 cmd=(0.000,0.000,0.000)
[INFO] [1784919253.130381077] [cmd_vel_udp_sender]: TIMING_SENDER ros_gap_ms=49.968/50.405/50.419 callback_ms=0.049/0.071/0.073 sendto_ms=0.047/0.069/0.071 cmd_age_ms=13.138 count=20 errors=0 errno=0 seq=279 cmd=(0.000,0.000,0.000)
[INFO] [1784919254.130442676] [cmd_vel_udp_sender]: TIMING_SENDER ros_gap_ms=49.986/50.623/55.312 callback_ms=0.056/0.086/0.091 sendto_ms=0.054/0.084/0.090 cmd_age_ms=13.479 count=20 errors=0 errno=0 seq=299 cmd=(0.000,0.000,0.000)
[INFO] [1784919255.130593787] [cmd_vel_udp_sender]: TIMING_SENDER ros_gap_ms=50.069/52.481/55.408 callback_ms=0.045/0.070/0.126 sendto_ms=0.044/0.068/0.125 cmd_age_ms=12.257 count=20 errors=0 errno=0 seq=319 cmd=(0.000,0.000,0.000)
[INFO] [1784919256.130700462] [cmd_vel_udp_sender]: TIMING_SENDER ros_gap_ms=49.959/50.745/52.175 callback_ms=0.039/0.044/0.048 sendto_ms=0.038/0.043/0.047 cmd_age_ms=13.176 count=20 errors=0 errno=0 seq=339 cmd=(0.500,-0.000,0.044)
[INFO] [1784919257.130849893] [cmd_vel_udp_sender]: TIMING_SENDER ros_gap_ms=50.097/51.520/52.039 callback_ms=0.040/0.043/0.103 sendto_ms=0.039/0.042/0.102 cmd_age_ms=11.380 count=20 errors=0 errno=0 seq=359 cmd=(0.500,-0.000,0.001)
[INFO] [1784919258.130926656] [cmd_vel_udp_sender]: TIMING_SENDER ros_gap_ms=49.870/52.817/52.903 callback_ms=0.043/0.057/0.060 sendto_ms=0.042/0.056/0.059 cmd_age_ms=14.059 count=20 errors=0 errno=0 seq=379 cmd=(0.500,-0.000,-0.018)
[INFO] [1784919259.131059001] [cmd_vel_udp_sender]: TIMING_SENDER ros_gap_ms=50.034/50.750/56.011 callback_ms=0.047/0.059/0.060 sendto_ms=0.046/0.058/0.059 cmd_age_ms=13.510 count=20 errors=0 errno=0 seq=399 cmd=(0.500,-0.000,-0.028)
[INFO] [1784919260.131497490] [cmd_vel_udp_sender]: TIMING_SENDER ros_gap_ms=49.991/51.915/54.042 callback_ms=0.039/0.043/0.063 sendto_ms=0.038/0.042/0.062 cmd_age_ms=14.130 count=20 errors=0 errno=0 seq=419 cmd=(0.500,-0.000,-0.038)
[INFO] [1784919261.131467551] [cmd_vel_udp_sender]: TIMING_SENDER ros_gap_ms=50.013/52.624/53.663 callback_ms=0.041/0.044/0.103 sendto_ms=0.040/0.043/0.102 cmd_age_ms=13.832 count=20 errors=0 errno=0 seq=439 cmd=(0.500,-0.000,0.007)
[INFO] [1784919262.131382031] [cmd_vel_udp_sender]: TIMING_SENDER ros_gap_ms=50.013/52.058/53.393 callback_ms=0.041/0.047/0.049 sendto_ms=0.040/0.046/0.048 cmd_age_ms=13.486 count=20 errors=0 errno=0 seq=459 cmd=(0.500,-0.000,0.009)
[INFO] [1784919263.131481118] [cmd_vel_udp_sender]: TIMING_SENDER ros_gap_ms=49.982/52.093/53.502 callback_ms=0.045/0.045/0.166 sendto_ms=0.045/0.044/0.165 cmd_age_ms=13.951 count=20 errors=0 errno=0 seq=479 cmd=(0.500,-0.000,0.023)
[INFO] [1784919264.131570391] [cmd_vel_udp_sender]: TIMING_SENDER ros_gap_ms=49.964/50.511/55.651 callback_ms=0.046/0.058/0.059 sendto_ms=0.045/0.057/0.058 cmd_age_ms=14.759 count=20 errors=0 errno=0 seq=499 cmd=(0.500,-0.000,-0.021)
[INFO] [1784919265.131686459] [cmd_vel_udp_sender]: TIMING_SENDER ros_gap_ms=50.003/50.625/55.119 callback_ms=0.057/0.100/0.110 sendto_ms=0.056/0.098/0.108 cmd_age_ms=14.815 count=20 errors=0 errno=0 seq=519 cmd=(0.500,-0.000,-0.020)
[INFO] [1784919266.131811780] [cmd_vel_udp_sender]: TIMING_SENDER ros_gap_ms=50.004/50.417/50.451 callback_ms=0.055/0.066/0.084 sendto_ms=0.054/0.064/0.083 cmd_age_ms=14.856 count=20 errors=0 errno=0 seq=539 cmd=(0.500,-0.000,0.030)
[INFO] [1784919267.131872997] [cmd_vel_udp_sender]: TIMING_SENDER ros_gap_ms=49.997/50.880/53.432 callback_ms=0.057/0.082/0.083 sendto_ms=0.055/0.080/0.082 cmd_age_ms=14.984 count=20 errors=0 errno=0 seq=559 cmd=(0.500,-0.000,-0.004)
[INFO] [1784919268.131968832] [cmd_vel_udp_sender]: TIMING_SENDER ros_gap_ms=49.998/51.673/52.278 callback_ms=0.049/0.062/0.120 sendto_ms=0.048/0.061/0.118 cmd_age_ms=15.113 count=20 errors=0 errno=0 seq=579 cmd=(0.500,-0.000,-0.032)
[INFO] [1784919269.132074440] [cmd_vel_udp_sender]: TIMING_SENDER ros_gap_ms=50.004/50.275/50.580 callback_ms=0.051/0.070/0.076 sendto_ms=0.050/0.069/0.074 cmd_age_ms=15.146 count=20 errors=0 errno=0 seq=599 cmd=(0.500,-0.000,-0.010)
[INFO] [1784919270.132166543] [cmd_vel_udp_sender]: TIMING_SENDER ros_gap_ms=49.992/50.368/50.431 callback_ms=0.052/0.066/0.078 sendto_ms=0.050/0.065/0.076 cmd_age_ms=15.398 count=20 errors=0 errno=0 seq=619 cmd=(0.500,-0.000,-0.034)
[INFO] [1784919271.132211303] [cmd_vel_udp_sender]: TIMING_SENDER ros_gap_ms=50.023/54.450/56.934 callback_ms=0.056/0.077/0.082 sendto_ms=0.054/0.075/0.081 cmd_age_ms=14.983 count=20 errors=0 errno=0 seq=639 cmd=(0.500,-0.000,-0.002)
[INFO] [1784919272.132285830] [cmd_vel_udp_sender]: TIMING_SENDER ros_gap_ms=49.985/50.479/53.647 callback_ms=0.049/0.060/0.140 sendto_ms=0.048/0.059/0.138 cmd_age_ms=15.365 count=20 errors=0 errno=0 seq=659 cmd=(0.500,-0.000,-0.026)
[INFO] [1784919273.132389982] [cmd_vel_udp_sender]: TIMING_SENDER ros_gap_ms=49.995/53.812/54.961 callback_ms=0.043/0.059/0.062 sendto_ms=0.042/0.058/0.061 cmd_age_ms=15.571 count=20 errors=0 errno=0 seq=679 cmd=(0.500,-0.000,0.047)
[INFO] [1784919274.132472727] [cmd_vel_udp_sender]: TIMING_SENDER ros_gap_ms=50.049/52.944/62.223 callback_ms=0.042/0.051/0.061 sendto_ms=0.041/0.050/0.060 cmd_age_ms=14.674 count=20 errors=0 errno=0 seq=699 cmd=(0.500,-0.000,0.021)
[INFO] [1784919275.132528959] [cmd_vel_udp_sender]: TIMING_SENDER ros_gap_ms=49.970/53.822/57.012 callback_ms=0.045/0.092/0.144 sendto_ms=0.044/0.091/0.143 cmd_age_ms=15.336 count=20 errors=0 errno=0 seq=719 cmd=(0.500,-0.000,-0.031)
[INFO] [1784919276.132643367] [cmd_vel_udp_sender]: TIMING_SENDER ros_gap_ms=49.984/54.055/55.395 callback_ms=0.040/0.057/0.062 sendto_ms=0.039/0.055/0.062 cmd_age_ms=15.764 count=20 errors=0 errno=0 seq=739 cmd=(0.500,-0.000,-0.034)
[INFO] [1784919277.132707665] [cmd_vel_udp_sender]: TIMING_SENDER ros_gap_ms=50.000/52.412/52.799 callback_ms=0.038/0.044/0.045 sendto_ms=0.037/0.043/0.044 cmd_age_ms=15.825 count=20 errors=0 errno=0 seq=759 cmd=(0.500,-0.000,-0.020)
[INFO] [1784919278.132771018] [cmd_vel_udp_sender]: TIMING_SENDER ros_gap_ms=50.003/52.641/53.787 callback_ms=0.044/0.059/0.061 sendto_ms=0.043/0.058/0.059 cmd_age_ms=15.818 count=20 errors=0 errno=0 seq=779 cmd=(0.500,-0.000,0.023)
[INFO] [1784919279.132876413] [cmd_vel_udp_sender]: TIMING_SENDER ros_gap_ms=50.001/52.273/56.164 callback_ms=0.041/0.054/0.056 sendto_ms=0.040/0.053/0.054 cmd_age_ms=15.912 count=20 errors=0 errno=0 seq=799 cmd=(0.500,-0.000,-0.020)
[INFO] [1784919280.132959499] [cmd_vel_udp_sender]: TIMING_SENDER ros_gap_ms=49.997/53.710/55.107 callback_ms=0.041/0.056/0.057 sendto_ms=0.040/0.055/0.056 cmd_age_ms=16.051 count=20 errors=0 errno=0 seq=819 cmd=(0.500,-0.000,0.012)
[INFO] [1784919281.133034202] [cmd_vel_udp_sender]: TIMING_SENDER ros_gap_ms=49.993/51.087/54.123 callback_ms=0.048/0.059/0.072 sendto_ms=0.047/0.058/0.071 cmd_age_ms=16.272 count=20 errors=0 errno=0 seq=839 cmd=(0.500,-0.000,0.030)
[INFO] [1784919282.133023753] [cmd_vel_udp_sender]: TIMING_SENDER ros_gap_ms=50.008/50.412/50.423 callback_ms=0.052/0.093/0.099 sendto_ms=0.051/0.091/0.098 cmd_age_ms=16.092 count=20 errors=0 errno=0 seq=859 cmd=(0.500,-0.000,-0.022)
[INFO] [1784919283.133161003] [cmd_vel_udp_sender]: TIMING_SENDER ros_gap_ms=50.355/50.696/57.288 callback_ms=0.050/0.064/0.071 sendto_ms=0.049/0.062/0.070 cmd_age_ms=9.127 count=20 errors=0 errno=0 seq=879 cmd=(0.500,-0.000,-0.001)
[INFO] [1784919284.133440961] [cmd_vel_udp_sender]: TIMING_SENDER ros_gap_ms=49.649/53.375/60.090 callback_ms=0.046/0.065/0.065 sendto_ms=0.045/0.063/0.064 cmd_age_ms=16.431 count=20 errors=0 errno=0 seq=899 cmd=(0.500,-0.000,0.014)
[INFO] [1784919285.133323910] [cmd_vel_udp_sender]: TIMING_SENDER ros_gap_ms=49.999/54.808/56.628 callback_ms=0.050/0.067/0.070 sendto_ms=0.048/0.065/0.069 cmd_age_ms=16.334 count=20 errors=0 errno=0 seq=919 cmd=(0.500,-0.000,0.016)
[INFO] [1784919286.133360609] [cmd_vel_udp_sender]: TIMING_SENDER ros_gap_ms=49.994/50.357/50.358 callback_ms=0.047/0.065/0.065 sendto_ms=0.046/0.064/0.064 cmd_age_ms=16.483 count=20 errors=0 errno=0 seq=939 cmd=(0.500,-0.000,-0.035)
[INFO] [1784919287.133439244] [cmd_vel_udp_sender]: TIMING_SENDER ros_gap_ms=50.010/52.171/55.479 callback_ms=0.048/0.067/0.068 sendto_ms=0.047/0.065/0.066 cmd_age_ms=16.359 count=20 errors=0 errno=0 seq=959 cmd=(0.500,-0.000,-0.061)
[INFO] [1784919288.133536480] [cmd_vel_udp_sender]: TIMING_SENDER ros_gap_ms=49.993/50.875/53.180 callback_ms=0.048/0.062/0.072 sendto_ms=0.047/0.060/0.070 cmd_age_ms=16.597 count=20 errors=0 errno=0 seq=979 cmd=(0.500,-0.000,-0.047)
[INFO] [1784919289.133557809] [cmd_vel_udp_sender]: TIMING_SENDER ros_gap_ms=50.001/53.341/54.095 callback_ms=0.047/0.059/0.059 sendto_ms=0.046/0.057/0.058 cmd_age_ms=16.597 count=20 errors=0 errno=0 seq=999 cmd=(0.500,-0.000,-0.046)
[INFO] [1784919290.133627942] [cmd_vel_udp_sender]: TIMING_SENDER ros_gap_ms=49.997/50.432/50.473 callback_ms=0.056/0.066/0.145 sendto_ms=0.054/0.064/0.144 cmd_age_ms=16.726 count=20 errors=0 errno=0 seq=1019 cmd=(0.500,-0.000,-0.014)
[INFO] [1784919291.133685812] [cmd_vel_udp_sender]: TIMING_SENDER ros_gap_ms=49.999/54.871/59.195 callback_ms=0.051/0.064/0.064 sendto_ms=0.050/0.063/0.063 cmd_age_ms=16.806 count=20 errors=0 errno=0 seq=1039 cmd=(0.500,-0.000,-0.005)
[INFO] [1784919292.133777978] [cmd_vel_udp_sender]: TIMING_SENDER ros_gap_ms=50.003/50.376/53.373 callback_ms=0.050/0.071/0.073 sendto_ms=0.049/0.070/0.071 cmd_age_ms=16.840 count=20 errors=0 errno=0 seq=1059 cmd=(0.500,-0.000,0.023)
[INFO] [1784919293.133831083] [cmd_vel_udp_sender]: TIMING_SENDER ros_gap_ms=49.995/53.353/55.022 callback_ms=0.050/0.065/0.069 sendto_ms=0.049/0.064/0.068 cmd_age_ms=17.000 count=20 errors=0 errno=0 seq=1079 cmd=(0.500,-0.000,-0.015)
[INFO] [1784919294.133894756] [cmd_vel_udp_sender]: TIMING_SENDER ros_gap_ms=49.998/50.388/50.579 callback_ms=0.044/0.059/0.060 sendto_ms=0.043/0.057/0.058 cmd_age_ms=17.112 count=20 errors=0 errno=0 seq=1099 cmd=(0.500,-0.000,0.012)
[INFO] [1784919295.133975612] [cmd_vel_udp_sender]: TIMING_SENDER ros_gap_ms=50.023/54.757/55.237 callback_ms=0.048/0.066/0.067 sendto_ms=0.047/0.065/0.065 cmd_age_ms=16.735 count=20 errors=0 errno=0 seq=1119 cmd=(0.500,-0.000,0.002)
[INFO] [1784919296.134040040] [cmd_vel_udp_sender]: TIMING_SENDER ros_gap_ms=49.986/50.322/50.500 callback_ms=0.045/0.061/0.080 sendto_ms=0.043/0.059/0.078 cmd_age_ms=17.073 count=20 errors=0 errno=0 seq=1139 cmd=(0.500,-0.000,0.008)
[INFO] [1784919297.134115362] [cmd_vel_udp_sender]: TIMING_SENDER ros_gap_ms=49.989/54.140/55.255 callback_ms=0.049/0.061/0.063 sendto_ms=0.048/0.059/0.062 cmd_age_ms=17.373 count=20 errors=0 errno=0 seq=1159 cmd=(0.500,-0.000,-0.010)
[INFO] [1784919298.134163547] [cmd_vel_udp_sender]: TIMING_SENDER ros_gap_ms=50.008/50.315/50.502 callback_ms=0.050/0.062/0.063 sendto_ms=0.049/0.061/0.061 cmd_age_ms=17.264 count=20 errors=0 errno=0 seq=1179 cmd=(0.500,-0.000,-0.024)
[INFO] [1784919299.134222635] [cmd_vel_udp_sender]: TIMING_SENDER ros_gap_ms=50.003/52.921/54.285 callback_ms=0.050/0.068/0.073 sendto_ms=0.048/0.066/0.072 cmd_age_ms=17.257 count=20 errors=0 errno=0 seq=1199 cmd=(0.500,-0.000,-0.002)
[INFO] [1784919300.134275971] [cmd_vel_udp_sender]: TIMING_SENDER ros_gap_ms=50.057/50.365/50.724 callback_ms=0.047/0.060/0.060 sendto_ms=0.045/0.059/0.059 cmd_age_ms=16.167 count=20 errors=0 errno=0 seq=1219 cmd=(0.500,-0.000,-0.028)
[INFO] [1784919301.134299000] [cmd_vel_udp_sender]: TIMING_SENDER ros_gap_ms=49.952/50.981/54.061 callback_ms=0.049/0.060/0.061 sendto_ms=0.047/0.059/0.059 cmd_age_ms=17.151 count=20 errors=0 errno=0 seq=1239 cmd=(0.500,-0.000,0.013)
[INFO] [1784919302.134397891] [cmd_vel_udp_sender]: TIMING_SENDER ros_gap_ms=49.985/50.275/50.695 callback_ms=0.050/0.074/0.087 sendto_ms=0.049/0.072/0.085 cmd_age_ms=17.548 count=20 errors=0 errno=0 seq=1259 cmd=(0.500,-0.000,-0.039)
[INFO] [1784919303.134458416] [cmd_vel_udp_sender]: TIMING_SENDER ros_gap_ms=50.026/50.604/57.049 callback_ms=0.053/0.061/0.216 sendto_ms=0.052/0.059/0.214 cmd_age_ms=17.089 count=20 errors=0 errno=0 seq=1279 cmd=(0.500,-0.000,0.047)
[INFO] [1784919304.134477168] [cmd_vel_udp_sender]: TIMING_SENDER ros_gap_ms=49.982/50.321/50.330 callback_ms=0.050/0.062/0.062 sendto_ms=0.049/0.061/0.061 cmd_age_ms=17.458 count=20 errors=0 errno=0 seq=1299 cmd=(0.500,-0.000,0.016)
[INFO] [1784919305.134511672] [cmd_vel_udp_sender]: TIMING_SENDER ros_gap_ms=50.006/55.439/55.556 callback_ms=0.047/0.065/0.066 sendto_ms=0.046/0.064/0.064 cmd_age_ms=17.365 count=20 errors=0 errno=0 seq=1319 cmd=(0.500,-0.000,0.021)
[INFO] [1784919306.134600187] [cmd_vel_udp_sender]: TIMING_SENDER ros_gap_ms=49.992/50.399/50.446 callback_ms=0.049/0.061/0.064 sendto_ms=0.048/0.060/0.063 cmd_age_ms=17.615 count=20 errors=0 errno=0 seq=1339 cmd=(0.500,-0.000,-0.020)
[INFO] [1784919307.134669894] [cmd_vel_udp_sender]: TIMING_SENDER ros_gap_ms=50.001/52.550/60.059 callback_ms=0.046/0.062/0.063 sendto_ms=0.045/0.061/0.062 cmd_age_ms=17.667 count=20 errors=0 errno=0 seq=1359 cmd=(0.500,-0.000,-0.019)
[INFO] [1784919308.134705414] [cmd_vel_udp_sender]: TIMING_SENDER ros_gap_ms=50.000/50.413/50.445 callback_ms=0.047/0.061/0.062 sendto_ms=0.045/0.060/0.061 cmd_age_ms=17.707 count=20 errors=0 errno=0 seq=1379 cmd=(0.500,-0.000,-0.017)
[INFO] [1784919309.134746414] [cmd_vel_udp_sender]: TIMING_SENDER ros_gap_ms=49.991/50.592/55.136 callback_ms=0.048/0.061/0.063 sendto_ms=0.047/0.060/0.061 cmd_age_ms=17.921 count=20 errors=0 errno=0 seq=1399 cmd=(0.500,-0.000,-0.015)
[INFO] [1784919310.134787469] [cmd_vel_udp_sender]: TIMING_SENDER ros_gap_ms=49.999/50.172/50.254 callback_ms=0.046/0.062/0.064 sendto_ms=0.045/0.060/0.063 cmd_age_ms=17.989 count=20 errors=0 errno=0 seq=1419 cmd=(0.500,-0.000,-0.020)
[INFO] [1784919311.134879378] [cmd_vel_udp_sender]: TIMING_SENDER ros_gap_ms=50.000/56.430/56.891 callback_ms=0.047/0.060/0.062 sendto_ms=0.046/0.059/0.061 cmd_age_ms=18.073 count=20 errors=0 errno=0 seq=1439 cmd=(0.500,-0.000,-0.009)
[INFO] [1784919312.134935271] [cmd_vel_udp_sender]: TIMING_SENDER ros_gap_ms=50.000/50.311/51.907 callback_ms=0.046/0.060/0.067 sendto_ms=0.045/0.059/0.066 cmd_age_ms=18.125 count=20 errors=0 errno=0 seq=1459 cmd=(0.500,-0.000,0.017)
[INFO] [1784919313.134960538] [cmd_vel_udp_sender]: TIMING_SENDER ros_gap_ms=50.016/50.324/50.644 callback_ms=0.047/0.065/0.067 sendto_ms=0.046/0.063/0.066 cmd_age_ms=17.822 count=20 errors=0 errno=0 seq=1479 cmd=(0.500,-0.000,-0.031)
[INFO] [1784919314.135058718] [cmd_vel_udp_sender]: TIMING_SENDER ros_gap_ms=50.001/51.495/52.478 callback_ms=0.044/0.056/0.058 sendto_ms=0.043/0.055/0.057 cmd_age_ms=17.902 count=20 errors=0 errno=0 seq=1499 cmd=(0.500,-0.000,-0.037)
[INFO] [1784919315.135055254] [cmd_vel_udp_sender]: TIMING_SENDER ros_gap_ms=49.998/52.726/55.241 callback_ms=0.049/0.059/0.060 sendto_ms=0.048/0.058/0.059 cmd_age_ms=17.932 count=20 errors=0 errno=0 seq=1519 cmd=(0.500,-0.000,-0.024)
[INFO] [1784919316.135141400] [cmd_vel_udp_sender]: TIMING_SENDER ros_gap_ms=49.991/50.616/51.494 callback_ms=0.105/0.391/0.776 sendto_ms=0.105/0.389/0.775 cmd_age_ms=18.194 count=20 errors=0 errno=0 seq=1539 cmd=(0.500,-0.000,-0.077)
[INFO] [1784919317.135195081] [cmd_vel_udp_sender]: TIMING_SENDER ros_gap_ms=50.176/53.579/57.328 callback_ms=0.047/0.057/0.060 sendto_ms=0.046/0.056/0.059 cmd_age_ms=14.725 count=20 errors=0 errno=0 seq=1559 cmd=(0.500,-0.000,-0.083)
[INFO] [1784919318.135263480] [cmd_vel_udp_sender]: TIMING_SENDER ros_gap_ms=49.838/64.052/66.413 callback_ms=0.043/0.059/0.064 sendto_ms=0.042/0.058/0.063 cmd_age_ms=18.026 count=20 errors=0 errno=0 seq=1579 cmd=(0.500,-0.000,-0.082)
[INFO] [1784919319.135231178] [cmd_vel_udp_sender]: TIMING_SENDER ros_gap_ms=49.987/55.439/61.992 callback_ms=0.046/0.060/0.062 sendto_ms=0.044/0.059/0.061 cmd_age_ms=18.262 count=20 errors=0 errno=0 seq=1599 cmd=(0.500,-0.000,-0.074)
[INFO] [1784919320.135334485] [cmd_vel_udp_sender]: TIMING_SENDER ros_gap_ms=49.999/52.653/63.170 callback_ms=0.049/0.063/0.064 sendto_ms=0.048/0.062/0.063 cmd_age_ms=18.385 count=20 errors=0 errno=0 seq=1619 cmd=(0.500,-0.000,-0.008)
[INFO] [1784919321.135353177] [cmd_vel_udp_sender]: TIMING_SENDER ros_gap_ms=50.000/51.754/59.077 callback_ms=0.041/0.044/0.045 sendto_ms=0.040/0.043/0.044 cmd_age_ms=18.402 count=20 errors=0 errno=0 seq=1639 cmd=(0.500,-0.000,0.025)
[INFO] [1784919322.135453032] [cmd_vel_udp_sender]: TIMING_SENDER ros_gap_ms=49.992/51.275/54.445 callback_ms=0.041/0.048/0.060 sendto_ms=0.040/0.047/0.058 cmd_age_ms=18.653 count=20 errors=0 errno=0 seq=1659 cmd=(0.500,-0.000,-0.026)
[INFO] [1784919323.135466596] [cmd_vel_udp_sender]: TIMING_SENDER ros_gap_ms=50.003/50.207/51.789 callback_ms=0.048/0.068/0.070 sendto_ms=0.047/0.067/0.069 cmd_age_ms=18.614 count=20 errors=0 errno=0 seq=1679 cmd=(0.500,-0.000,0.005)
[INFO] [1784919324.135505595] [cmd_vel_udp_sender]: TIMING_SENDER ros_gap_ms=50.127/52.298/52.777 callback_ms=0.052/0.068/0.077 sendto_ms=0.051/0.067/0.076 cmd_age_ms=16.119 count=20 errors=0 errno=0 seq=1699 cmd=(0.500,-0.000,0.017)
[INFO] [1784919325.135538453] [cmd_vel_udp_sender]: TIMING_SENDER ros_gap_ms=49.886/50.279/51.177 callback_ms=0.045/0.054/0.057 sendto_ms=0.044/0.053/0.055 cmd_age_ms=18.426 count=20 errors=0 errno=0 seq=1719 cmd=(0.500,-0.000,-0.041)
[INFO] [1784919326.135615710] [cmd_vel_udp_sender]: TIMING_SENDER ros_gap_ms=49.982/50.252/50.414 callback_ms=0.049/0.067/0.067 sendto_ms=0.048/0.065/0.066 cmd_age_ms=18.864 count=20 errors=0 errno=0 seq=1739 cmd=(0.500,-0.000,-0.007)
[INFO] [1784919327.135659067] [cmd_vel_udp_sender]: TIMING_SENDER ros_gap_ms=50.002/52.344/54.551 callback_ms=0.047/0.062/0.062 sendto_ms=0.045/0.060/0.061 cmd_age_ms=18.862 count=20 errors=0 errno=0 seq=1759 cmd=(0.500,-0.000,-0.028)
[INFO] [1784919328.135735574] [cmd_vel_udp_sender]: TIMING_SENDER ros_gap_ms=50.012/50.293/50.358 callback_ms=0.054/0.096/0.113 sendto_ms=0.053/0.094/0.112 cmd_age_ms=18.689 count=20 errors=0 errno=0 seq=1779 cmd=(0.500,-0.000,0.026)
[INFO] [1784919329.135756180] [cmd_vel_udp_sender]: TIMING_SENDER ros_gap_ms=49.984/50.258/50.285 callback_ms=0.047/0.062/0.102 sendto_ms=0.046/0.060/0.100 cmd_age_ms=19.027 count=20 errors=0 errno=0 seq=1799 cmd=(0.500,-0.000,-0.016)
[INFO] [1784919330.135801345] [cmd_vel_udp_sender]: TIMING_SENDER ros_gap_ms=50.004/50.214/50.229 callback_ms=0.051/0.082/0.092 sendto_ms=0.050/0.080/0.091 cmd_age_ms=18.983 count=20 errors=0 errno=0 seq=1819 cmd=(0.500,-0.000,-0.002)
[INFO] [1784919331.135825986] [cmd_vel_udp_sender]: TIMING_SENDER ros_gap_ms=49.998/51.870/53.004 callback_ms=0.047/0.059/0.065 sendto_ms=0.046/0.058/0.063 cmd_age_ms=19.045 count=20 errors=0 errno=0 seq=1839 cmd=(0.500,-0.000,-0.005)
[INFO] [1784919332.135899905] [cmd_vel_udp_sender]: TIMING_SENDER ros_gap_ms=50.006/55.324/58.752 callback_ms=0.053/0.072/0.072 sendto_ms=0.052/0.070/0.071 cmd_age_ms=19.008 count=20 errors=0 errno=0 seq=1859 cmd=(0.500,-0.000,0.018)
[INFO] [1784919333.135942018] [cmd_vel_udp_sender]: TIMING_SENDER ros_gap_ms=50.011/50.471/50.981 callback_ms=0.050/0.072/0.085 sendto_ms=0.049/0.070/0.083 cmd_age_ms=18.834 count=20 errors=0 errno=0 seq=1879 cmd=(0.500,-0.000,0.002)
[INFO] [1784919334.136012910] [cmd_vel_udp_sender]: TIMING_SENDER ros_gap_ms=49.992/50.203/52.939 callback_ms=0.042/0.056/0.059 sendto_ms=0.041/0.054/0.058 cmd_age_ms=19.061 count=20 errors=0 errno=0 seq=1899 cmd=(0.500,-0.000,-0.002)
[INFO] [1784919335.136057802] [cmd_vel_udp_sender]: TIMING_SENDER ros_gap_ms=50.007/50.346/50.545 callback_ms=0.051/0.063/0.127 sendto_ms=0.049/0.062/0.125 cmd_age_ms=18.956 count=20 errors=0 errno=0 seq=1919 cmd=(0.500,-0.000,0.028)
[INFO] [1784919336.136079741] [cmd_vel_udp_sender]: TIMING_SENDER ros_gap_ms=49.992/52.384/53.881 callback_ms=0.049/0.065/0.065 sendto_ms=0.047/0.063/0.064 cmd_age_ms=19.131 count=20 errors=0 errno=0 seq=1939 cmd=(0.500,-0.000,-0.025)
[INFO] [1784919337.136101901] [cmd_vel_udp_sender]: TIMING_SENDER ros_gap_ms=49.993/50.248/50.359 callback_ms=0.047/0.062/0.067 sendto_ms=0.046/0.061/0.066 cmd_age_ms=19.287 count=20 errors=0 errno=0 seq=1959 cmd=(0.500,-0.000,0.011)
[INFO] [1784919338.136164739] [cmd_vel_udp_sender]: TIMING_SENDER ros_gap_ms=49.997/50.270/50.440 callback_ms=0.051/0.069/0.076 sendto_ms=0.050/0.068/0.075 cmd_age_ms=19.410 count=20 errors=0 errno=0 seq=1979 cmd=(0.500,-0.000,-0.022)
[INFO] [1784919339.136244131] [cmd_vel_udp_sender]: TIMING_SENDER ros_gap_ms=50.010/54.266/56.318 callback_ms=0.048/0.064/0.068 sendto_ms=0.047/0.063/0.066 cmd_age_ms=19.292 count=20 errors=0 errno=0 seq=1999 cmd=(0.500,-0.000,-0.011)
[INFO] [1784919340.136244078] [cmd_vel_udp_sender]: TIMING_SENDER ros_gap_ms=50.007/51.185/53.381 callback_ms=0.050/0.072/0.114 sendto_ms=0.049/0.071/0.113 cmd_age_ms=19.159 count=20 errors=0 errno=0 seq=2019 cmd=(0.500,-0.000,-0.003)
[INFO] [1784919341.136085166] [cmd_vel_udp_sender]: TIMING_SENDER ros_gap_ms=49.996/50.959/52.596 callback_ms=0.044/0.061/0.062 sendto_ms=0.043/0.059/0.060 cmd_age_ms=19.083 count=20 errors=0 errno=0 seq=2039 cmd=(0.500,-0.000,0.016)
[INFO] [1784919342.135925581] [cmd_vel_udp_sender]: TIMING_SENDER ros_gap_ms=49.991/50.611/60.128 callback_ms=0.051/0.061/0.077 sendto_ms=0.050/0.059/0.075 cmd_age_ms=19.100 count=20 errors=0 errno=0 seq=2059 cmd=(0.500,-0.000,0.006)
[INFO] [1784919343.135807808] [cmd_vel_udp_sender]: TIMING_SENDER ros_gap_ms=49.994/50.400/58.535 callback_ms=0.047/0.066/0.075 sendto_ms=0.045/0.060/0.074 cmd_age_ms=19.098 count=20 errors=0 errno=0 seq=2079 cmd=(0.500,-0.000,0.044)
[INFO] [1784919344.135671207] [cmd_vel_udp_sender]: TIMING_SENDER ros_gap_ms=50.013/50.530/51.897 callback_ms=0.044/0.061/0.063 sendto_ms=0.043/0.060/0.061 cmd_age_ms=18.695 count=20 errors=0 errno=0 seq=2099 cmd=(0.500,-0.000,-0.007)
[INFO] [1784919345.135556791] [cmd_vel_udp_sender]: TIMING_SENDER ros_gap_ms=50.010/50.381/50.424 callback_ms=0.045/0.058/0.063 sendto_ms=0.044/0.058/0.062 cmd_age_ms=18.384 count=20 errors=0 errno=0 seq=2119 cmd=(0.500,-0.000,-0.052)
[INFO] [1784919346.135406356] [cmd_vel_udp_sender]: TIMING_SENDER ros_gap_ms=49.981/54.773/56.147 callback_ms=0.050/0.073/0.076 sendto_ms=0.049/0.071/0.075 cmd_age_ms=18.618 count=20 errors=0 errno=0 seq=2139 cmd=(0.500,-0.000,0.034)
[INFO] [1784919347.135278000] [cmd_vel_udp_sender]: TIMING_SENDER ros_gap_ms=50.037/50.368/50.661 callback_ms=0.043/0.051/0.057 sendto_ms=0.042/0.050/0.055 cmd_age_ms=17.746 count=20 errors=0 errno=0 seq=2159 cmd=(0.500,-0.000,-0.003)
[INFO] [1784919348.135157226] [cmd_vel_udp_sender]: TIMING_SENDER ros_gap_ms=49.960/50.255/50.262 callback_ms=0.050/0.068/0.074 sendto_ms=0.049/0.067/0.073 cmd_age_ms=18.431 count=20 errors=0 errno=0 seq=2179 cmd=(0.500,-0.000,-0.005)
[INFO] [1784919349.135048702] [cmd_vel_udp_sender]: TIMING_SENDER ros_gap_ms=50.010/54.027/54.058 callback_ms=0.052/0.066/0.068 sendto_ms=0.051/0.065/0.067 cmd_age_ms=18.131 count=20 errors=0 errno=0 seq=2199 cmd=(0.500,-0.000,0.002)
[INFO] [1784919350.134900878] [cmd_vel_udp_sender]: TIMING_SENDER ros_gap_ms=50.107/50.336/52.312 callback_ms=0.046/0.063/0.066 sendto_ms=0.045/0.062/0.065 cmd_age_ms=15.840 count=20 errors=0 errno=0 seq=2219 cmd=(0.500,-0.000,-0.013)
[INFO] [1784919351.134803791] [cmd_vel_udp_sender]: TIMING_SENDER ros_gap_ms=49.884/53.495/56.188 callback_ms=0.047/0.058/0.061 sendto_ms=0.045/0.056/0.060 cmd_age_ms=18.054 count=20 errors=0 errno=0 seq=2239 cmd=(0.500,-0.000,-0.016)
[INFO] [1784919352.134668903] [cmd_vel_udp_sender]: TIMING_SENDER ros_gap_ms=50.001/50.294/50.777 callback_ms=0.056/0.072/0.079 sendto_ms=0.055/0.071/0.078 cmd_age_ms=17.900 count=20 errors=0 errno=0 seq=2259 cmd=(0.500,-0.000,-0.022)
[INFO] [1784919353.134574094] [cmd_vel_udp_sender]: TIMING_SENDER ros_gap_ms=50.358/55.217/57.093 callback_ms=0.055/0.077/0.098 sendto_ms=0.054/0.075/0.096 cmd_age_ms=10.649 count=20 errors=0 errno=0 seq=2279 cmd=(0.500,-0.000,0.019)
[INFO] [1784919354.134437900] [cmd_vel_udp_sender]: TIMING_SENDER ros_gap_ms=49.642/53.914/54.740 callback_ms=0.048/0.059/0.087 sendto_ms=0.047/0.057/0.085 cmd_age_ms=17.667 count=20 errors=0 errno=0 seq=2299 cmd=(0.500,-0.000,-0.018)
[INFO] [1784919355.134317849] [cmd_vel_udp_sender]: TIMING_SENDER ros_gap_ms=50.403/57.970/68.941 callback_ms=0.050/0.062/0.180 sendto_ms=0.049/0.060/0.178 cmd_age_ms=9.492 count=20 errors=0 errno=0 seq=2319 cmd=(0.500,-0.000,0.006)
[INFO] [1784919356.134199576] [cmd_vel_udp_sender]: TIMING_SENDER ros_gap_ms=49.603/51.483/54.624 callback_ms=0.045/0.056/0.064 sendto_ms=0.044/0.055/0.063 cmd_age_ms=17.317 count=20 errors=0 errno=0 seq=2339 cmd=(0.500,-0.000,0.002)
[INFO] [1784919357.134236209] [cmd_vel_udp_sender]: TIMING_SENDER ros_gap_ms=50.004/50.503/52.884 callback_ms=0.044/0.051/0.059 sendto_ms=0.043/0.049/0.058 cmd_age_ms=17.272 count=20 errors=0 errno=0 seq=2359 cmd=(0.500,-0.000,0.005)
[INFO] [1784919358.134023608] [cmd_vel_udp_sender]: TIMING_SENDER ros_gap_ms=50.050/54.030/55.777 callback_ms=0.043/0.054/0.063 sendto_ms=0.042/0.052/0.062 cmd_age_ms=16.067 count=20 errors=0 errno=0 seq=2379 cmd=(0.500,-0.000,-0.015)
[INFO] [1784919359.133920426] [cmd_vel_udp_sender]: TIMING_SENDER ros_gap_ms=49.980/51.140/51.781 callback_ms=0.044/0.052/0.055 sendto_ms=0.042/0.050/0.054 cmd_age_ms=16.364 count=20 errors=0 errno=0 seq=2399 cmd=(0.500,-0.000,-0.024)
[INFO] [1784919360.133847536] [cmd_vel_udp_sender]: TIMING_SENDER ros_gap_ms=49.960/54.353/56.044 callback_ms=0.045/0.055/0.057 sendto_ms=0.044/0.054/0.056 cmd_age_ms=17.099 count=20 errors=0 errno=0 seq=2419 cmd=(0.500,-0.000,0.023)
[INFO] [1784919361.134350874] [cmd_vel_udp_sender]: TIMING_SENDER ros_gap_ms=50.074/52.198/57.386 callback_ms=0.043/0.057/0.058 sendto_ms=0.042/0.056/0.057 cmd_age_ms=16.124 count=20 errors=0 errno=0 seq=2439 cmd=(0.500,-0.000,0.027)
[INFO] [1784919362.133607353] [cmd_vel_udp_sender]: TIMING_SENDER ros_gap_ms=49.945/51.365/52.794 callback_ms=0.041/0.056/0.057 sendto_ms=0.040/0.055/0.057 cmd_age_ms=16.486 count=20 errors=0 errno=0 seq=2459 cmd=(0.500,-0.000,-0.009)
[INFO] [1784919363.133590003] [cmd_vel_udp_sender]: TIMING_SENDER ros_gap_ms=49.978/50.346/53.216 callback_ms=0.050/0.064/0.065 sendto_ms=0.049/0.063/0.064 cmd_age_ms=16.908 count=20 errors=0 errno=0 seq=2479 cmd=(0.500,-0.000,0.010)
[INFO] [1784919364.133464124] [cmd_vel_udp_sender]: TIMING_SENDER ros_gap_ms=50.007/50.366/50.947 callback_ms=0.052/0.071/0.075 sendto_ms=0.051/0.069/0.075 cmd_age_ms=16.635 count=20 errors=0 errno=0 seq=2499 cmd=(0.500,-0.000,-0.015)
[INFO] [1784919365.133335990] [cmd_vel_udp_sender]: TIMING_SENDER ros_gap_ms=49.994/50.329/50.342 callback_ms=0.050/0.062/0.095 sendto_ms=0.049/0.061/0.093 cmd_age_ms=16.621 count=20 errors=0 errno=0 seq=2519 cmd=(0.500,-0.000,-0.014)
[INFO] [1784919366.133273624] [cmd_vel_udp_sender]: TIMING_SENDER ros_gap_ms=50.015/52.665/53.866 callback_ms=0.052/0.069/0.077 sendto_ms=0.051/0.068/0.075 cmd_age_ms=16.254 count=20 errors=0 errno=0 seq=2539 cmd=(0.500,-0.000,0.030)
[INFO] [1784919367.133187952] [cmd_vel_udp_sender]: TIMING_SENDER ros_gap_ms=50.015/56.876/59.018 callback_ms=0.049/0.073/0.092 sendto_ms=0.047/0.071/0.090 cmd_age_ms=15.877 count=20 errors=0 errno=0 seq=2559 cmd=(0.500,-0.000,-0.043)
[INFO] [1784919368.133237813] [cmd_vel_udp_sender]: TIMING_SENDER ros_gap_ms=49.981/50.354/51.054 callback_ms=0.051/0.062/0.090 sendto_ms=0.050/0.061/0.088 cmd_age_ms=16.304 count=20 errors=0 errno=0 seq=2579 cmd=(0.500,-0.000,-0.032)
[INFO] [1784919369.132991411] [cmd_vel_udp_sender]: TIMING_SENDER ros_gap_ms=49.990/55.225/55.374 callback_ms=0.049/0.062/0.063 sendto_ms=0.048/0.061/0.062 cmd_age_ms=16.263 count=20 errors=0 errno=0 seq=2599 cmd=(0.500,-0.000,-0.033)
[INFO] [1784919370.132964196] [cmd_vel_udp_sender]: TIMING_SENDER ros_gap_ms=50.001/50.368/55.506 callback_ms=0.050/0.066/0.071 sendto_ms=0.049/0.064/0.069 cmd_age_ms=16.225 count=20 errors=0 errno=0 seq=2619 cmd=(0.500,-0.000,-0.050)
[INFO] [1784919371.132857896] [cmd_vel_udp_sender]: TIMING_SENDER ros_gap_ms=50.000/55.066/55.070 callback_ms=0.051/0.065/0.080 sendto_ms=0.049/0.063/0.078 cmd_age_ms=16.120 count=20 errors=0 errno=0 seq=2639 cmd=(0.500,-0.000,-0.075)
[INFO] [1784919372.132752672] [cmd_vel_udp_sender]: TIMING_SENDER ros_gap_ms=50.004/50.255/50.357 callback_ms=0.049/0.064/0.067 sendto_ms=0.048/0.062/0.065 cmd_age_ms=15.940 count=20 errors=0 errno=0 seq=2659 cmd=(0.500,-0.000,-0.152)
[INFO] [1784919373.132735565] [cmd_vel_udp_sender]: TIMING_SENDER ros_gap_ms=50.007/50.624/51.430 callback_ms=0.046/0.069/0.074 sendto_ms=0.045/0.068/0.072 cmd_age_ms=15.772 count=20 errors=0 errno=0 seq=2679 cmd=(0.500,-0.000,-0.117)
[INFO] [1784919374.132632964] [cmd_vel_udp_sender]: TIMING_SENDER ros_gap_ms=49.992/54.409/54.533 callback_ms=0.047/0.057/0.066 sendto_ms=0.046/0.056/0.064 cmd_age_ms=15.829 count=20 errors=0 errno=0 seq=2699 cmd=(0.500,-0.000,-0.097)
[INFO] [1784919375.132583396] [cmd_vel_udp_sender]: TIMING_SENDER ros_gap_ms=50.008/50.275/50.643 callback_ms=0.050/0.064/0.066 sendto_ms=0.049/0.063/0.064 cmd_age_ms=15.621 count=20 errors=0 errno=0 seq=2719 cmd=(0.500,-0.000,0.005)
[INFO] [1784919376.132499963] [cmd_vel_udp_sender]: TIMING_SENDER ros_gap_ms=50.007/53.202/54.377 callback_ms=0.045/0.058/0.060 sendto_ms=0.044/0.057/0.058 cmd_age_ms=15.406 count=20 errors=0 errno=0 seq=2739 cmd=(0.500,-0.000,0.007)
[INFO] [1784919377.132370739] [cmd_vel_udp_sender]: TIMING_SENDER ros_gap_ms=49.985/50.543/51.037 callback_ms=0.051/0.064/0.139 sendto_ms=0.050/0.062/0.137 cmd_age_ms=15.585 count=20 errors=0 errno=0 seq=2759 cmd=(0.500,-0.000,0.014)
[INFO] [1784919378.132335853] [cmd_vel_udp_sender]: TIMING_SENDER ros_gap_ms=49.996/50.283/55.445 callback_ms=0.044/0.062/0.066 sendto_ms=0.043/0.060/0.065 cmd_age_ms=15.635 count=20 errors=0 errno=0 seq=2779 cmd=(0.500,-0.000,0.029)
[INFO] [1784919379.132234652] [cmd_vel_udp_sender]: TIMING_SENDER ros_gap_ms=50.005/54.947/56.106 callback_ms=0.049/0.061/0.062 sendto_ms=0.048/0.060/0.061 cmd_age_ms=15.429 count=20 errors=0 errno=0 seq=2799 cmd=(0.500,-0.000,0.009)
[INFO] [1784919380.132160038] [cmd_vel_udp_sender]: TIMING_SENDER ros_gap_ms=50.004/50.294/51.973 callback_ms=0.052/0.064/0.070 sendto_ms=0.051/0.063/0.069 cmd_age_ms=15.274 count=20 errors=0 errno=0 seq=2819 cmd=(0.500,-0.000,0.008)
[INFO] [1784919381.132134963] [cmd_vel_udp_sender]: TIMING_SENDER ros_gap_ms=50.247/54.814/55.030 callback_ms=0.046/0.057/0.058 sendto_ms=0.045/0.056/0.056 cmd_age_ms=10.302 count=20 errors=0 errno=0 seq=2839 cmd=(0.500,-0.000,-0.013)
[INFO] [1784919382.132025879] [cmd_vel_udp_sender]: TIMING_SENDER ros_gap_ms=49.754/50.519/56.664 callback_ms=0.051/0.065/0.071 sendto_ms=0.049/0.063/0.069 cmd_age_ms=15.114 count=20 errors=0 errno=0 seq=2859 cmd=(0.500,-0.000,-0.034)
[INFO] [1784919383.131997074] [cmd_vel_udp_sender]: TIMING_SENDER ros_gap_ms=49.994/50.264/50.374 callback_ms=0.044/0.059/0.059 sendto_ms=0.043/0.058/0.058 cmd_age_ms=15.199 count=20 errors=0 errno=0 seq=2879 cmd=(0.500,-0.000,0.029)
[INFO] [1784919384.131904633] [cmd_vel_udp_sender]: TIMING_SENDER ros_gap_ms=50.000/52.859/55.454 callback_ms=0.047/0.069/0.071 sendto_ms=0.046/0.068/0.069 cmd_age_ms=15.114 count=20 errors=0 errno=0 seq=2899 cmd=(0.500,-0.000,-0.006)
[INFO] [1784919385.131874128] [cmd_vel_udp_sender]: TIMING_SENDER ros_gap_ms=50.007/50.370/50.416 callback_ms=0.049/0.066/0.069 sendto_ms=0.048/0.065/0.068 cmd_age_ms=14.941 count=20 errors=0 errno=0 seq=2919 cmd=(0.500,-0.000,0.033)
[INFO] [1784919386.131790826] [cmd_vel_udp_sender]: TIMING_SENDER ros_gap_ms=50.306/52.693/56.005 callback_ms=0.048/0.065/0.072 sendto_ms=0.046/0.060/0.064 cmd_age_ms=8.731 count=20 errors=0 errno=0 seq=2939 cmd=(0.500,-0.000,-0.028)
[INFO] [1784919387.131746735] [cmd_vel_udp_sender]: TIMING_SENDER ros_gap_ms=49.701/50.206/50.241 callback_ms=0.052/0.075/0.083 sendto_ms=0.051/0.074/0.082 cmd_age_ms=14.670 count=20 errors=0 errno=0 seq=2959 cmd=(0.500,-0.000,-0.029)
[INFO] [1784919388.131700366] [cmd_vel_udp_sender]: TIMING_SENDER ros_gap_ms=49.983/51.354/55.185 callback_ms=0.052/0.066/0.072 sendto_ms=0.051/0.065/0.071 cmd_age_ms=14.955 count=20 errors=0 errno=0 seq=2979 cmd=(0.500,-0.000,-0.046)
[INFO] [1784919389.131606229] [cmd_vel_udp_sender]: TIMING_SENDER ros_gap_ms=50.000/50.376/50.646 callback_ms=0.059/0.076/0.226 sendto_ms=0.057/0.075/0.224 cmd_age_ms=14.863 count=20 errors=0 errno=0 seq=2999 cmd=(0.250,-0.000,-0.450)
[INFO] [1784919390.131583021] [cmd_vel_udp_sender]: TIMING_SENDER ros_gap_ms=50.010/51.505/54.514 callback_ms=0.045/0.061/0.071 sendto_ms=0.044/0.059/0.069 cmd_age_ms=14.648 count=20 errors=0 errno=0 seq=3019 cmd=(0.500,-0.000,-0.418)
[INFO] [1784919391.131523176] [cmd_vel_udp_sender]: TIMING_SENDER ros_gap_ms=50.002/50.278/50.463 callback_ms=0.049/0.064/0.075 sendto_ms=0.047/0.063/0.073 cmd_age_ms=14.558 count=20 errors=0 errno=0 seq=3039 cmd=(0.250,-0.000,-0.450)
[INFO] [1784919392.131496146] [cmd_vel_udp_sender]: TIMING_SENDER ros_gap_ms=49.991/50.216/50.377 callback_ms=0.048/0.067/0.076 sendto_ms=0.047/0.066/0.074 cmd_age_ms=14.713 count=20 errors=0 errno=0 seq=3059 cmd=(0.250,-0.000,-0.450)
[INFO] [1784919393.131412476] [cmd_vel_udp_sender]: TIMING_SENDER ros_gap_ms=50.008/50.420/55.439 callback_ms=0.048/0.070/0.079 sendto_ms=0.047/0.069/0.077 cmd_age_ms=14.474 count=20 errors=0 errno=0 seq=3079 cmd=(0.500,-0.000,-0.229)
[INFO] [1784919394.131350033] [cmd_vel_udp_sender]: TIMING_SENDER ros_gap_ms=49.997/50.497/51.412 callback_ms=0.050/0.088/0.096 sendto_ms=0.049/0.086/0.095 cmd_age_ms=14.480 count=20 errors=0 errno=0 seq=3099 cmd=(0.500,-0.000,0.008)
[INFO] [1784919395.131313409] [cmd_vel_udp_sender]: TIMING_SENDER ros_gap_ms=49.994/51.729/54.456 callback_ms=0.047/0.057/0.084 sendto_ms=0.045/0.055/0.082 cmd_age_ms=14.559 count=20 errors=0 errno=0 seq=3119 cmd=(0.500,-0.000,0.025)
[INFO] [1784919396.131257243] [cmd_vel_udp_sender]: TIMING_SENDER ros_gap_ms=50.000/53.207/55.074 callback_ms=0.041/0.052/0.057 sendto_ms=0.040/0.050/0.056 cmd_age_ms=14.495 count=20 errors=0 errno=0 seq=3139 cmd=(0.500,-0.000,0.058)
[INFO] [1784919397.131249709] [cmd_vel_udp_sender]: TIMING_SENDER ros_gap_ms=50.056/54.556/56.159 callback_ms=0.039/0.047/0.055 sendto_ms=0.038/0.046/0.054 cmd_age_ms=13.378 count=20 errors=0 errno=0 seq=3159 cmd=(0.500,-0.000,0.011)
[INFO] [1784919398.131194666] [cmd_vel_udp_sender]: TIMING_SENDER ros_gap_ms=49.992/52.002/52.180 callback_ms=0.044/0.058/0.059 sendto_ms=0.043/0.056/0.058 cmd_age_ms=13.486 count=20 errors=0 errno=0 seq=3179 cmd=(0.500,-0.000,0.015)
[INFO] [1784919399.131112482] [cmd_vel_udp_sender]: TIMING_SENDER ros_gap_ms=49.973/51.274/56.843 callback_ms=0.051/0.052/0.207 sendto_ms=0.050/0.051/0.205 cmd_age_ms=13.944 count=20 errors=0 errno=0 seq=3199 cmd=(0.500,-0.000,-0.041)
[INFO] [1784919400.131059009] [cmd_vel_udp_sender]: TIMING_SENDER ros_gap_ms=49.981/51.282/52.184 callback_ms=0.044/0.058/0.059 sendto_ms=0.043/0.057/0.058 cmd_age_ms=14.263 count=20 errors=0 errno=0 seq=3219 cmd=(0.500,-0.000,-0.027)
[INFO] [1784919401.131047801] [cmd_vel_udp_sender]: TIMING_SENDER ros_gap_ms=50.015/50.926/52.921 callback_ms=0.044/0.054/0.058 sendto_ms=0.043/0.054/0.057 cmd_age_ms=13.957 count=20 errors=0 errno=0 seq=3239 cmd=(0.500,-0.000,0.057)
[INFO] [1784919402.131053626] [cmd_vel_udp_sender]: TIMING_SENDER ros_gap_ms=50.011/51.429/51.997 callback_ms=0.046/0.062/0.077 sendto_ms=0.045/0.061/0.076 cmd_age_ms=13.735 count=20 errors=0 errno=0 seq=3259 cmd=(0.500,-0.000,0.126)
[INFO] [1784919403.130934106] [cmd_vel_udp_sender]: TIMING_SENDER ros_gap_ms=50.161/52.479/56.914 callback_ms=0.048/0.062/0.065 sendto_ms=0.047/0.061/0.064 cmd_age_ms=10.387 count=20 errors=0 errno=0 seq=3279 cmd=(0.500,-0.000,0.116)
[INFO] [1784919404.130932451] [cmd_vel_udp_sender]: TIMING_SENDER ros_gap_ms=49.822/52.128/54.683 callback_ms=0.047/0.063/0.073 sendto_ms=0.046/0.062/0.072 cmd_age_ms=13.939 count=20 errors=0 errno=0 seq=3299 cmd=(0.500,-0.000,0.110)
[INFO] [1784919405.130847628] [cmd_vel_udp_sender]: TIMING_SENDER ros_gap_ms=49.994/50.416/50.440 callback_ms=0.046/0.062/0.068 sendto_ms=0.044/0.061/0.067 cmd_age_ms=13.984 count=20 errors=0 errno=0 seq=3319 cmd=(0.500,-0.000,0.014)
[INFO] [1784919406.130827233] [cmd_vel_udp_sender]: TIMING_SENDER ros_gap_ms=50.418/55.336/58.366 callback_ms=0.050/0.068/0.085 sendto_ms=0.049/0.066/0.084 cmd_age_ms=5.610 count=20 errors=0 errno=0 seq=3339 cmd=(0.500,-0.000,0.021)
[INFO] [1784919407.132019594] [cmd_vel_udp_sender]: TIMING_SENDER ros_gap_ms=49.580/50.232/55.365 callback_ms=0.045/0.063/0.066 sendto_ms=0.044/0.061/0.065 cmd_age_ms=15.205 count=20 errors=0 errno=0 seq=3359 cmd=(0.500,-0.000,-0.072)
[INFO] [1784919408.130790239] [cmd_vel_udp_sender]: TIMING_SENDER ros_gap_ms=49.997/50.307/50.324 callback_ms=0.047/0.061/0.063 sendto_ms=0.045/0.059/0.062 cmd_age_ms=14.044 count=20 errors=0 errno=0 seq=3379 cmd=(0.500,-0.000,-0.064)
[INFO] [1784919409.130703887] [cmd_vel_udp_sender]: TIMING_SENDER ros_gap_ms=50.010/56.254/56.684 callback_ms=0.046/0.057/0.062 sendto_ms=0.045/0.056/0.060 cmd_age_ms=13.754 count=20 errors=0 errno=0 seq=3399 cmd=(0.500,-0.000,-0.032)
[INFO] [1784919410.130711187] [cmd_vel_udp_sender]: TIMING_SENDER ros_gap_ms=50.000/50.402/51.287 callback_ms=0.047/0.065/0.067 sendto_ms=0.046/0.063/0.065 cmd_age_ms=13.759 count=20 errors=0 errno=0 seq=3419 cmd=(0.500,-0.000,-0.044)
[INFO] [1784919411.130662307] [cmd_vel_udp_sender]: TIMING_SENDER ros_gap_ms=49.988/52.911/55.151 callback_ms=0.051/0.063/0.065 sendto_ms=0.049/0.061/0.063 cmd_age_ms=13.959 count=20 errors=0 errno=0 seq=3439 cmd=(0.500,-0.000,-0.052)
[INFO] [1784919412.130648495] [cmd_vel_udp_sender]: TIMING_SENDER ros_gap_ms=50.021/50.177/50.320 callback_ms=0.052/0.071/0.071 sendto_ms=0.050/0.063/0.070 cmd_age_ms=13.529 count=20 errors=0 errno=0 seq=3459 cmd=(0.500,-0.000,-0.065)
[INFO] [1784919413.130584812] [cmd_vel_udp_sender]: TIMING_SENDER ros_gap_ms=49.989/51.577/53.366 callback_ms=0.047/0.072/0.080 sendto_ms=0.046/0.071/0.079 cmd_age_ms=13.695 count=20 errors=0 errno=0 seq=3479 cmd=(0.500,-0.000,-0.072)
[INFO] [1784919414.130589482] [cmd_vel_udp_sender]: TIMING_SENDER ros_gap_ms=50.004/50.352/54.652 callback_ms=0.054/0.069/0.078 sendto_ms=0.053/0.068/0.076 cmd_age_ms=13.625 count=20 errors=0 errno=0 seq=3499 cmd=(0.500,-0.000,-0.032)
[INFO] [1784919415.130561823] [cmd_vel_udp_sender]: TIMING_SENDER ros_gap_ms=49.991/50.202/50.250 callback_ms=0.050/0.075/0.082 sendto_ms=0.049/0.073/0.081 cmd_age_ms=13.783 count=20 errors=0 errno=0 seq=3519 cmd=(0.500,-0.000,-0.025)
[INFO] [1784919416.130508064] [cmd_vel_udp_sender]: TIMING_SENDER ros_gap_ms=50.186/50.427/53.639 callback_ms=0.056/0.078/0.083 sendto_ms=0.055/0.077/0.082 cmd_age_ms=10.019 count=20 errors=0 errno=0 seq=3539 cmd=(0.500,-0.000,-0.060)
[INFO] [1784919417.130477918] [cmd_vel_udp_sender]: TIMING_SENDER ros_gap_ms=49.825/58.504/59.418 callback_ms=0.043/0.063/0.064 sendto_ms=0.042/0.062/0.062 cmd_age_ms=13.493 count=20 errors=0 errno=0 seq=3559 cmd=(0.500,-0.000,-0.033)
[INFO] [1784919418.130415982] [cmd_vel_udp_sender]: TIMING_SENDER ros_gap_ms=50.007/50.507/57.204 callback_ms=0.051/0.068/0.100 sendto_ms=0.050/0.066/0.098 cmd_age_ms=13.285 count=20 errors=0 errno=0 seq=3579 cmd=(0.500,-0.000,-0.019)
[INFO] [1784919419.130453891] [cmd_vel_udp_sender]: TIMING_SENDER ros_gap_ms=49.997/53.131/86.135 callback_ms=0.050/0.076/0.089 sendto_ms=0.049/0.062/0.087 cmd_age_ms=13.376 count=20 errors=0 errno=0 seq=3599 cmd=(0.500,-0.000,-0.001)
[INFO] [1784919420.130382485] [cmd_vel_udp_sender]: TIMING_SENDER ros_gap_ms=50.029/50.377/50.603 callback_ms=0.047/0.056/0.075 sendto_ms=0.046/0.055/0.074 cmd_age_ms=12.734 count=20 errors=0 errno=0 seq=3619 cmd=(0.500,-0.000,-0.066)
[INFO] [1784919421.130340757] [cmd_vel_udp_sender]: TIMING_SENDER ros_gap_ms=50.269/55.911/56.170 callback_ms=0.047/0.068/0.100 sendto_ms=0.046/0.067/0.099 cmd_age_ms=7.306 count=20 errors=0 errno=0 seq=3639 cmd=(0.500,-0.000,-0.054)
[INFO] [1784919422.130364088] [cmd_vel_udp_sender]: TIMING_SENDER ros_gap_ms=49.706/55.885/57.610 callback_ms=0.052/0.070/0.084 sendto_ms=0.051/0.069/0.083 cmd_age_ms=13.203 count=20 errors=0 errno=0 seq=3659 cmd=(0.500,-0.000,-0.010)
[INFO] [1784919423.130328885] [cmd_vel_udp_sender]: TIMING_SENDER ros_gap_ms=49.985/50.494/52.003 callback_ms=0.052/0.070/0.082 sendto_ms=0.051/0.069/0.081 cmd_age_ms=13.476 count=20 errors=0 errno=0 seq=3679 cmd=(0.500,-0.000,-0.039)
[INFO] [1784919424.130299232] [cmd_vel_udp_sender]: TIMING_SENDER ros_gap_ms=50.004/54.395/57.915 callback_ms=0.053/0.068/0.069 sendto_ms=0.052/0.067/0.068 cmd_age_ms=13.374 count=20 errors=0 errno=0 seq=3699 cmd=(0.500,-0.000,-0.022)
[INFO] [1784919425.130261199] [cmd_vel_udp_sender]: TIMING_SENDER ros_gap_ms=49.995/50.309/50.834 callback_ms=0.052/0.063/0.066 sendto_ms=0.051/0.062/0.065 cmd_age_ms=13.430 count=20 errors=0 errno=0 seq=3719 cmd=(0.500,-0.000,0.006)
[INFO] [1784919426.130254262] [cmd_vel_udp_sender]: TIMING_SENDER ros_gap_ms=50.164/55.503/56.019 callback_ms=0.051/0.063/0.067 sendto_ms=0.050/0.061/0.066 cmd_age_ms=10.154 count=20 errors=0 errno=0 seq=3739 cmd=(0.500,-0.000,0.001)
[INFO] [1784919427.130211756] [cmd_vel_udp_sender]: TIMING_SENDER ros_gap_ms=49.850/50.278/51.163 callback_ms=0.048/0.066/0.072 sendto_ms=0.047/0.064/0.070 cmd_age_ms=13.104 count=20 errors=0 errno=0 seq=3759 cmd=(0.500,-0.000,0.061)
[INFO] [1784919428.130210054] [cmd_vel_udp_sender]: TIMING_SENDER ros_gap_ms=50.010/50.470/50.620 callback_ms=0.051/0.071/0.081 sendto_ms=0.050/0.070/0.080 cmd_age_ms=12.902 count=20 errors=0 errno=0 seq=3779 cmd=(0.500,-0.000,0.014)
[INFO] [1784919429.130235254] [cmd_vel_udp_sender]: TIMING_SENDER ros_gap_ms=49.988/50.348/53.891 callback_ms=0.048/0.073/0.079 sendto_ms=0.046/0.072/0.078 cmd_age_ms=13.167 count=20 errors=0 errno=0 seq=3799 cmd=(0.500,-0.000,0.074)
[INFO] [1784919430.130146553] [cmd_vel_udp_sender]: TIMING_SENDER ros_gap_ms=50.026/50.663/51.301 callback_ms=0.057/0.076/0.156 sendto_ms=0.056/0.075/0.155 cmd_age_ms=12.557 count=20 errors=0 errno=0 seq=3819 cmd=(0.500,-0.000,0.061)
[INFO] [1784919431.130135553] [cmd_vel_udp_sender]: TIMING_SENDER ros_gap_ms=50.131/53.688/56.726 callback_ms=0.050/0.068/0.073 sendto_ms=0.047/0.065/0.071 cmd_age_ms=9.920 count=20 errors=0 errno=0 seq=3839 cmd=(0.500,-0.000,-0.028)
[INFO] [1784919432.130148038] [cmd_vel_udp_sender]: TIMING_SENDER ros_gap_ms=49.853/50.345/50.363 callback_ms=0.054/0.073/0.080 sendto_ms=0.052/0.071/0.079 cmd_age_ms=12.864 count=20 errors=0 errno=0 seq=3859 cmd=(0.500,-0.000,-0.028)
[INFO] [1784919433.130120286] [cmd_vel_udp_sender]: TIMING_SENDER ros_gap_ms=49.995/50.396/50.416 callback_ms=0.051/0.072/0.075 sendto_ms=0.050/0.071/0.074 cmd_age_ms=12.932 count=20 errors=0 errno=0 seq=3879 cmd=(0.500,-0.000,0.048)
[INFO] [1784919434.130079554] [cmd_vel_udp_sender]: TIMING_SENDER ros_gap_ms=49.981/53.823/55.347 callback_ms=0.046/0.059/0.066 sendto_ms=0.045/0.058/0.064 cmd_age_ms=13.263 count=20 errors=0 errno=0 seq=3899 cmd=(0.500,-0.000,-0.078)
[INFO] [1784919435.130017158] [cmd_vel_udp_sender]: TIMING_SENDER ros_gap_ms=50.006/50.983/56.949 callback_ms=0.055/0.086/0.088 sendto_ms=0.054/0.084/0.087 cmd_age_ms=13.080 count=20 errors=0 errno=0 seq=3919 cmd=(0.500,-0.000,-0.093)
[INFO] [1784919436.130060257] [cmd_vel_udp_sender]: TIMING_SENDER ros_gap_ms=50.005/52.811/54.785 callback_ms=0.050/0.062/0.083 sendto_ms=0.048/0.060/0.082 cmd_age_ms=13.030 count=20 errors=0 errno=0 seq=3939 cmd=(0.500,-0.000,-0.088)
[INFO] [1784919437.129993420] [cmd_vel_udp_sender]: TIMING_SENDER ros_gap_ms=50.047/54.214/55.383 callback_ms=0.043/0.053/0.054 sendto_ms=0.042/0.052/0.053 cmd_age_ms=12.021 count=20 errors=0 errno=0 seq=3959 cmd=(0.500,-0.000,-0.055)
[INFO] [1784919438.130022909] [cmd_vel_udp_sender]: TIMING_SENDER ros_gap_ms=49.947/50.274/50.690 callback_ms=0.059/0.075/0.076 sendto_ms=0.057/0.073/0.075 cmd_age_ms=13.112 count=20 errors=0 errno=0 seq=3979 cmd=(0.500,-0.000,-0.048)
[INFO] [1784919439.129986412] [cmd_vel_udp_sender]: TIMING_SENDER ros_gap_ms=49.997/50.438/51.802 callback_ms=0.055/0.076/0.079 sendto_ms=0.054/0.074/0.078 cmd_age_ms=13.144 count=20 errors=0 errno=0 seq=3999 cmd=(0.500,-0.000,-0.042)
[INFO] [1784919440.129993360] [cmd_vel_udp_sender]: TIMING_SENDER ros_gap_ms=50.015/50.269/51.883 callback_ms=0.254/0.071/4.103 sendto_ms=0.253/0.069/4.101 cmd_age_ms=12.858 count=20 errors=0 errno=0 seq=4019 cmd=(0.500,-0.000,-0.039)
[INFO] [1784919441.129939105] [cmd_vel_udp_sender]: TIMING_SENDER ros_gap_ms=49.985/51.228/52.482 callback_ms=0.040/0.050/0.060 sendto_ms=0.038/0.050/0.058 cmd_age_ms=13.105 count=20 errors=0 errno=0 seq=4039 cmd=(0.500,-0.000,-0.048)
[INFO] [1784919442.129936407] [cmd_vel_udp_sender]: TIMING_SENDER ros_gap_ms=50.002/53.002/60.734 callback_ms=0.050/0.069/0.121 sendto_ms=0.049/0.068/0.119 cmd_age_ms=13.065 count=20 errors=0 errno=0 seq=4059 cmd=(0.500,-0.000,-0.022)
[INFO] [1784919443.129936138] [cmd_vel_udp_sender]: TIMING_SENDER ros_gap_ms=49.997/53.901/54.733 callback_ms=0.046/0.061/0.062 sendto_ms=0.045/0.060/0.061 cmd_age_ms=13.128 count=20 errors=0 errno=0 seq=4079 cmd=(0.500,-0.000,-0.040)
[INFO] [1784919444.129898897] [cmd_vel_udp_sender]: TIMING_SENDER ros_gap_ms=49.994/53.540/56.346 callback_ms=0.039/0.056/0.074 sendto_ms=0.038/0.055/0.073 cmd_age_ms=13.204 count=20 errors=0 errno=0 seq=4099 cmd=(0.500,-0.000,-0.026)
[INFO] [1784919445.129957253] [cmd_vel_udp_sender]: TIMING_SENDER ros_gap_ms=50.089/51.495/51.747 callback_ms=0.040/0.043/0.046 sendto_ms=0.039/0.042/0.045 cmd_age_ms=11.486 count=20 errors=0 errno=0 seq=4119 cmd=(0.500,-0.000,-0.013)
[INFO] [1784919446.129876223] [cmd_vel_udp_sender]: TIMING_SENDER ros_gap_ms=49.929/50.761/50.990 callback_ms=0.039/0.046/0.047 sendto_ms=0.038/0.045/0.046 cmd_age_ms=12.829 count=20 errors=0 errno=0 seq=4139 cmd=(0.500,-0.000,-0.011)
[INFO] [1784919447.129889014] [cmd_vel_udp_sender]: TIMING_SENDER ros_gap_ms=50.007/52.408/54.554 callback_ms=0.045/0.059/0.064 sendto_ms=0.044/0.057/0.063 cmd_age_ms=12.700 count=20 errors=0 errno=0 seq=4159 cmd=(0.500,-0.000,0.064)
[INFO] [1784919448.129858275] [cmd_vel_udp_sender]: TIMING_SENDER ros_gap_ms=50.005/57.300/58.373 callback_ms=0.052/0.061/0.205 sendto_ms=0.051/0.060/0.204 cmd_age_ms=12.568 count=20 errors=0 errno=0 seq=4179 cmd=(0.500,-0.000,0.011)
[INFO] [1784919449.129870975] [cmd_vel_udp_sender]: TIMING_SENDER ros_gap_ms=49.970/51.260/52.362 callback_ms=0.044/0.058/0.060 sendto_ms=0.043/0.056/0.058 cmd_age_ms=13.177 count=20 errors=0 errno=0 seq=4199 cmd=(0.500,-0.000,-0.113)
[INFO] [1784919450.129834531] [cmd_vel_udp_sender]: TIMING_SENDER ros_gap_ms=50.171/53.135/59.740 callback_ms=0.051/0.066/0.070 sendto_ms=0.049/0.065/0.068 cmd_age_ms=9.725 count=20 errors=0 errno=0 seq=4219 cmd=(0.500,-0.000,-0.087)
[INFO] [1784919451.129879335] [cmd_vel_udp_sender]: TIMING_SENDER ros_gap_ms=49.844/51.956/52.001 callback_ms=0.049/0.061/0.069 sendto_ms=0.048/0.060/0.067 cmd_age_ms=12.880 count=20 errors=0 errno=0 seq=4239 cmd=(0.500,-0.000,-0.068)
[INFO] [1784919452.129855365] [cmd_vel_udp_sender]: TIMING_SENDER ros_gap_ms=49.985/51.501/52.542 callback_ms=0.046/0.062/0.069 sendto_ms=0.045/0.060/0.068 cmd_age_ms=13.159 count=20 errors=0 errno=0 seq=4259 cmd=(0.500,-0.000,-0.058)
[INFO] [1784919453.129813813] [cmd_vel_udp_sender]: TIMING_SENDER ros_gap_ms=50.000/56.642/56.864 callback_ms=0.053/0.069/0.100 sendto_ms=0.051/0.068/0.099 cmd_age_ms=13.118 count=20 errors=0 errno=0 seq=4279 cmd=(0.500,-0.000,-0.063)
[INFO] [1784919454.129846353] [cmd_vel_udp_sender]: TIMING_SENDER ros_gap_ms=50.003/50.420/50.480 callback_ms=0.048/0.063/0.065 sendto_ms=0.047/0.061/0.063 cmd_age_ms=13.096 count=20 errors=0 errno=0 seq=4299 cmd=(0.500,-0.000,-0.056)
[INFO] [1784919455.129821714] [cmd_vel_udp_sender]: TIMING_SENDER ros_gap_ms=50.025/57.159/58.730 callback_ms=0.049/0.077/0.086 sendto_ms=0.048/0.075/0.084 cmd_age_ms=12.578 count=20 errors=0 errno=0 seq=4319 cmd=(0.500,-0.000,-0.060)
[INFO] [1784919456.129819154] [cmd_vel_udp_sender]: TIMING_SENDER ros_gap_ms=49.988/50.293/50.312 callback_ms=0.050/0.062/0.064 sendto_ms=0.049/0.061/0.063 cmd_age_ms=12.809 count=20 errors=0 errno=0 seq=4339 cmd=(0.500,-0.000,-0.080)
[INFO] [1784919457.129802825] [cmd_vel_udp_sender]: TIMING_SENDER ros_gap_ms=49.984/50.271/50.294 callback_ms=0.049/0.068/0.072 sendto_ms=0.047/0.067/0.070 cmd_age_ms=13.113 count=20 errors=0 errno=0 seq=4359 cmd=(0.500,-0.000,-0.078)
[INFO] [1784919458.129761203] [cmd_vel_udp_sender]: TIMING_SENDER ros_gap_ms=50.008/50.387/52.018 callback_ms=0.050/0.068/0.071 sendto_ms=0.049/0.067/0.070 cmd_age_ms=12.903 count=20 errors=0 errno=0 seq=4379 cmd=(0.500,-0.000,-0.061)
[INFO] [1784919459.129788040] [cmd_vel_udp_sender]: TIMING_SENDER ros_gap_ms=50.006/50.324/50.572 callback_ms=0.055/0.068/0.179 sendto_ms=0.054/0.067/0.178 cmd_age_ms=12.811 count=20 errors=0 errno=0 seq=4399 cmd=(0.500,-0.000,-0.067)
[INFO] [1784919460.129796801] [cmd_vel_udp_sender]: TIMING_SENDER ros_gap_ms=49.986/53.651/66.938 callback_ms=0.048/0.063/0.063 sendto_ms=0.047/0.062/0.062 cmd_age_ms=13.094 count=20 errors=0 errno=0 seq=4419 cmd=(0.500,-0.000,-0.058)
[INFO] [1784919461.129812218] [cmd_vel_udp_sender]: TIMING_SENDER ros_gap_ms=50.019/50.312/51.496 callback_ms=0.048/0.061/0.063 sendto_ms=0.047/0.060/0.061 cmd_age_ms=12.724 count=20 errors=0 errno=0 seq=4439 cmd=(0.500,-0.000,-0.034)
[INFO] [1784919462.129775373] [cmd_vel_udp_sender]: TIMING_SENDER ros_gap_ms=49.987/50.542/54.777 callback_ms=0.051/0.062/0.069 sendto_ms=0.049/0.061/0.067 cmd_age_ms=12.945 count=20 errors=0 errno=0 seq=4459 cmd=(0.500,-0.000,-0.034)
[INFO] [1784919463.129784914] [cmd_vel_udp_sender]: TIMING_SENDER ros_gap_ms=50.004/52.963/54.726 callback_ms=0.049/0.062/0.075 sendto_ms=0.048/0.061/0.073 cmd_age_ms=12.876 count=20 errors=0 errno=0 seq=4479 cmd=(0.500,-0.000,-0.054)
[INFO] [1784919464.129772069] [cmd_vel_udp_sender]: TIMING_SENDER ros_gap_ms=49.992/50.540/51.343 callback_ms=0.050/0.063/0.070 sendto_ms=0.049/0.061/0.068 cmd_age_ms=13.033 count=20 errors=0 errno=0 seq=4499 cmd=(0.500,-0.000,-0.048)
[INFO] [1784919465.129789984] [cmd_vel_udp_sender]: TIMING_SENDER ros_gap_ms=50.016/52.527/57.286 callback_ms=0.048/0.059/0.061 sendto_ms=0.047/0.058/0.060 cmd_age_ms=12.738 count=20 errors=0 errno=0 seq=4519 cmd=(0.500,-0.000,-0.044)
[INFO] [1784919466.129767261] [cmd_vel_udp_sender]: TIMING_SENDER ros_gap_ms=49.991/50.280/50.498 callback_ms=0.043/0.050/0.056 sendto_ms=0.042/0.048/0.055 cmd_age_ms=12.898 count=20 errors=0 errno=0 seq=4539 cmd=(0.500,-0.000,0.001)
[INFO] [1784919467.129770230] [cmd_vel_udp_sender]: TIMING_SENDER ros_gap_ms=49.996/52.478/56.997 callback_ms=0.048/0.066/0.070 sendto_ms=0.047/0.065/0.068 cmd_age_ms=12.981 count=20 errors=0 errno=0 seq=4559 cmd=(0.500,-0.000,-0.023)
[INFO] [1784919468.129765127] [cmd_vel_udp_sender]: TIMING_SENDER ros_gap_ms=50.012/54.987/58.279 callback_ms=0.049/0.059/0.064 sendto_ms=0.048/0.057/0.062 cmd_age_ms=12.727 count=20 errors=0 errno=0 seq=4579 cmd=(0.500,-0.000,-0.020)
[INFO] [1784919469.129742729] [cmd_vel_udp_sender]: TIMING_SENDER ros_gap_ms=50.000/50.391/50.401 callback_ms=0.054/0.066/0.072 sendto_ms=0.053/0.065/0.070 cmd_age_ms=12.719 count=20 errors=0 errno=0 seq=4599 cmd=(0.500,-0.000,-0.006)
[INFO] [1784919470.129767256] [cmd_vel_udp_sender]: TIMING_SENDER ros_gap_ms=50.019/52.536/56.646 callback_ms=0.048/0.065/0.067 sendto_ms=0.047/0.064/0.066 cmd_age_ms=12.365 count=20 errors=0 errno=0 seq=4619 cmd=(0.500,-0.000,0.034)
[INFO] [1784919471.129767918] [cmd_vel_udp_sender]: TIMING_SENDER ros_gap_ms=49.978/50.296/50.323 callback_ms=0.043/0.058/0.063 sendto_ms=0.043/0.057/0.062 cmd_age_ms=12.799 count=20 errors=0 errno=0 seq=4639 cmd=(0.500,-0.000,0.007)
[INFO] [1784919472.129791398] [cmd_vel_udp_sender]: TIMING_SENDER ros_gap_ms=50.001/50.350/52.110 callback_ms=0.045/0.061/0.063 sendto_ms=0.044/0.060/0.062 cmd_age_ms=12.796 count=20 errors=0 errno=0 seq=4659 cmd=(0.500,-0.000,-0.026)
[INFO] [1784919473.129731772] [cmd_vel_udp_sender]: TIMING_SENDER ros_gap_ms=49.988/56.609/59.118 callback_ms=0.046/0.067/0.081 sendto_ms=0.044/0.066/0.080 cmd_age_ms=12.973 count=20 errors=0 errno=0 seq=4679 cmd=(0.500,-0.000,-0.001)
[INFO] [1784919474.129754697] [cmd_vel_udp_sender]: TIMING_SENDER ros_gap_ms=50.012/50.300/50.302 callback_ms=0.052/0.068/0.112 sendto_ms=0.050/0.067/0.110 cmd_age_ms=12.751 count=20 errors=0 errno=0 seq=4699 cmd=(0.500,-0.000,0.005)
[INFO] [1784919475.129766570] [cmd_vel_udp_sender]: TIMING_SENDER ros_gap_ms=49.999/56.114/56.746 callback_ms=0.047/0.062/0.065 sendto_ms=0.045/0.061/0.064 cmd_age_ms=12.780 count=20 errors=0 errno=0 seq=4719 cmd=(0.500,-0.000,0.015)
[INFO] [1784919476.129757594] [cmd_vel_udp_sender]: TIMING_SENDER ros_gap_ms=50.003/51.028/52.524 callback_ms=0.053/0.068/0.070 sendto_ms=0.051/0.067/0.068 cmd_age_ms=12.702 count=20 errors=0 errno=0 seq=4739 cmd=(0.500,-0.000,0.043)
[INFO] [1784919477.129747571] [cmd_vel_udp_sender]: TIMING_SENDER ros_gap_ms=49.984/50.299/51.441 callback_ms=0.048/0.066/0.069 sendto_ms=0.047/0.065/0.068 cmd_age_ms=13.022 count=20 errors=0 errno=0 seq=4759 cmd=(0.500,-0.000,0.011)
[INFO] [1784919478.129745233] [cmd_vel_udp_sender]: TIMING_SENDER ros_gap_ms=50.015/50.256/50.425 callback_ms=0.051/0.065/0.101 sendto_ms=0.050/0.064/0.100 cmd_age_ms=12.713 count=20 errors=0 errno=0 seq=4779 cmd=(0.500,-0.000,0.010)
[INFO] [1784919479.129743440] [cmd_vel_udp_sender]: TIMING_SENDER ros_gap_ms=49.994/50.232/50.375 callback_ms=0.052/0.063/0.075 sendto_ms=0.051/0.062/0.074 cmd_age_ms=12.833 count=20 errors=0 errno=0 seq=4799 cmd=(0.500,-0.000,0.038)
[INFO] [1784919480.129758892] [cmd_vel_udp_sender]: TIMING_SENDER ros_gap_ms=49.999/54.197/56.362 callback_ms=0.050/0.066/0.078 sendto_ms=0.049/0.065/0.077 cmd_age_ms=12.863 count=20 errors=0 errno=0 seq=4819 cmd=(0.500,-0.000,0.037)
[INFO] [1784919481.129761054] [cmd_vel_udp_sender]: TIMING_SENDER ros_gap_ms=50.008/52.371/53.404 callback_ms=0.052/0.069/0.078 sendto_ms=0.051/0.067/0.076 cmd_age_ms=12.710 count=20 errors=0 errno=0 seq=4839 cmd=(0.500,-0.000,0.037)
[INFO] [1784919482.129768260] [cmd_vel_udp_sender]: TIMING_SENDER ros_gap_ms=50.009/52.552/62.679 callback_ms=0.045/0.067/0.068 sendto_ms=0.044/0.066/0.067 cmd_age_ms=12.545 count=20 errors=0 errno=0 seq=4859 cmd=(0.500,-0.000,0.039)
[INFO] [1784919483.129757049] [cmd_vel_udp_sender]: TIMING_SENDER ros_gap_ms=49.990/50.784/51.007 callback_ms=0.050/0.084/0.113 sendto_ms=0.046/0.062/0.083 cmd_age_ms=12.728 count=20 errors=0 errno=0 seq=4879 cmd=(0.500,-0.000,0.057)
[INFO] [1784919484.129757817] [cmd_vel_udp_sender]: TIMING_SENDER ros_gap_ms=49.995/52.932/54.834 callback_ms=0.039/0.043/0.059 sendto_ms=0.038/0.042/0.058 cmd_age_ms=12.822 count=20 errors=0 errno=0 seq=4899 cmd=(0.500,-0.000,0.047)
[INFO] [1784919485.129751615] [cmd_vel_udp_sender]: TIMING_SENDER ros_gap_ms=50.005/54.597/55.734 callback_ms=0.041/0.059/0.080 sendto_ms=0.040/0.057/0.079 cmd_age_ms=12.709 count=20 errors=0 errno=0 seq=4919 cmd=(0.500,-0.000,0.090)
[INFO] [1784919486.129765191] [cmd_vel_udp_sender]: TIMING_SENDER ros_gap_ms=49.998/54.063/55.871 callback_ms=0.038/0.046/0.054 sendto_ms=0.037/0.045/0.053 cmd_age_ms=12.754 count=20 errors=0 errno=0 seq=4939 cmd=(0.500,-0.000,0.038)
[INFO] [1784919487.129743886] [cmd_vel_udp_sender]: TIMING_SENDER ros_gap_ms=50.067/52.919/53.034 callback_ms=0.042/0.055/0.072 sendto_ms=0.041/0.054/0.071 cmd_age_ms=11.389 count=20 errors=0 errno=0 seq=4959 cmd=(0.500,-0.000,-0.054)
[INFO] [1784919488.129753296] [cmd_vel_udp_sender]: TIMING_SENDER ros_gap_ms=50.208/51.221/55.270 callback_ms=0.041/0.044/0.044 sendto_ms=0.040/0.043/0.043 cmd_age_ms=7.240 count=20 errors=0 errno=0 seq=4979 cmd=(0.500,-0.000,-0.058)
[INFO] [1784919489.129746504] [cmd_vel_udp_sender]: TIMING_SENDER ros_gap_ms=49.786/57.527/59.112 callback_ms=0.038/0.044/0.055 sendto_ms=0.036/0.043/0.054 cmd_age_ms=11.509 count=20 errors=0 errno=0 seq=4999 cmd=(0.500,-0.000,-0.083)
[INFO] [1784919490.129817651] [cmd_vel_udp_sender]: TIMING_SENDER ros_gap_ms=49.934/58.199/59.343 callback_ms=0.041/0.058/0.066 sendto_ms=0.040/0.057/0.065 cmd_age_ms=12.901 count=20 errors=0 errno=0 seq=5019 cmd=(0.500,-0.000,-0.079)
[INFO] [1784919491.129782444] [cmd_vel_udp_sender]: TIMING_SENDER ros_gap_ms=50.004/50.276/50.300 callback_ms=0.051/0.071/0.080 sendto_ms=0.050/0.069/0.079 cmd_age_ms=12.787 count=20 errors=0 errno=0 seq=5039 cmd=(0.500,-0.000,-0.067)
[INFO] [1784919492.129773200] [cmd_vel_udp_sender]: TIMING_SENDER ros_gap_ms=49.995/50.404/50.749 callback_ms=0.049/0.062/0.062 sendto_ms=0.048/0.060/0.061 cmd_age_ms=12.875 count=20 errors=0 errno=0 seq=5059 cmd=(0.500,-0.000,-0.032)
[INFO] [1784919493.129768957] [cmd_vel_udp_sender]: TIMING_SENDER ros_gap_ms=49.999/50.170/50.212 callback_ms=0.045/0.057/0.064 sendto_ms=0.044/0.055/0.063 cmd_age_ms=12.884 count=20 errors=0 errno=0 seq=5079 cmd=(0.500,-0.000,-0.050)
[INFO] [1784919494.129792749] [cmd_vel_udp_sender]: TIMING_SENDER ros_gap_ms=49.993/50.564/51.028 callback_ms=0.054/0.074/0.084 sendto_ms=0.053/0.073/0.083 cmd_age_ms=13.039 count=20 errors=0 errno=0 seq=5099 cmd=(0.500,-0.000,-0.002)
[INFO] [1784919495.129804125] [cmd_vel_udp_sender]: TIMING_SENDER ros_gap_ms=50.022/54.596/56.741 callback_ms=0.052/0.076/0.077 sendto_ms=0.051/0.074/0.075 cmd_age_ms=12.603 count=20 errors=0 errno=0 seq=5119 cmd=(0.500,-0.000,-0.038)
[INFO] [1784919496.129839434] [cmd_vel_udp_sender]: TIMING_SENDER ros_gap_ms=49.993/50.359/53.252 callback_ms=0.054/0.094/0.101 sendto_ms=0.052/0.077/0.100 cmd_age_ms=12.778 count=20 errors=0 errno=0 seq=5139 cmd=(0.500,-0.000,-0.039)
[INFO] [1784919497.129769584] [cmd_vel_udp_sender]: TIMING_SENDER ros_gap_ms=49.996/50.151/50.212 callback_ms=0.045/0.061/0.068 sendto_ms=0.044/0.059/0.066 cmd_age_ms=12.783 count=20 errors=0 errno=0 seq=5159 cmd=(0.500,-0.000,-0.008)
[INFO] [1784919498.129818829] [cmd_vel_udp_sender]: TIMING_SENDER ros_gap_ms=49.987/50.289/50.611 callback_ms=0.047/0.066/0.076 sendto_ms=0.045/0.065/0.075 cmd_age_ms=13.091 count=20 errors=0 errno=0 seq=5179 cmd=(0.500,-0.000,0.004)
[INFO] [1784919499.129825659] [cmd_vel_udp_sender]: TIMING_SENDER ros_gap_ms=50.132/52.343/52.721 callback_ms=0.055/0.075/0.077 sendto_ms=0.054/0.073/0.075 cmd_age_ms=10.463 count=20 errors=0 errno=0 seq=5199 cmd=(0.500,-0.000,-0.008)
[INFO] [1784919500.129833722] [cmd_vel_udp_sender]: TIMING_SENDER ros_gap_ms=49.881/54.693/56.367 callback_ms=0.071/0.069/0.433 sendto_ms=0.070/0.067/0.432 cmd_age_ms=12.847 count=20 errors=0 errno=0 seq=5219 cmd=(0.500,-0.000,0.029)
[INFO] [1784919501.129851044] [cmd_vel_udp_sender]: TIMING_SENDER ros_gap_ms=50.000/50.334/50.720 callback_ms=0.062/0.083/0.083 sendto_ms=0.061/0.081/0.082 cmd_age_ms=12.859 count=20 errors=0 errno=0 seq=5239 cmd=(0.500,-0.000,0.080)
[INFO] [1784919502.129803159] [cmd_vel_udp_sender]: TIMING_SENDER ros_gap_ms=49.998/56.407/56.719 callback_ms=0.051/0.070/0.071 sendto_ms=0.050/0.069/0.070 cmd_age_ms=12.842 count=20 errors=0 errno=0 seq=5259 cmd=(0.500,-0.000,0.023)
[INFO] [1784919503.129821296] [cmd_vel_udp_sender]: TIMING_SENDER ros_gap_ms=50.009/55.544/56.502 callback_ms=0.045/0.060/0.079 sendto_ms=0.044/0.058/0.077 cmd_age_ms=12.678 count=20 errors=0 errno=0 seq=5279 cmd=(0.500,-0.000,-0.005)
[INFO] [1784919504.129810379] [cmd_vel_udp_sender]: TIMING_SENDER ros_gap_ms=50.280/52.927/55.599 callback_ms=0.056/0.072/0.113 sendto_ms=0.055/0.071/0.112 cmd_age_ms=7.059 count=20 errors=0 errno=0 seq=5299 cmd=(0.500,-0.000,0.062)
[INFO] [1784919505.129844423] [cmd_vel_udp_sender]: TIMING_SENDER ros_gap_ms=49.717/50.309/50.385 callback_ms=0.049/0.075/0.083 sendto_ms=0.048/0.073/0.081 cmd_age_ms=12.746 count=20 errors=0 errno=0 seq=5319 cmd=(0.500,-0.000,0.067)
[INFO] [1784919506.129864574] [cmd_vel_udp_sender]: TIMING_SENDER ros_gap_ms=49.984/50.265/50.324 callback_ms=0.050/0.067/0.069 sendto_ms=0.048/0.066/0.068 cmd_age_ms=13.093 count=20 errors=0 errno=0 seq=5339 cmd=(0.500,-0.000,0.047)
[INFO] [1784919507.129914032] [cmd_vel_udp_sender]: TIMING_SENDER ros_gap_ms=50.009/53.411/54.506 callback_ms=0.055/0.065/0.066 sendto_ms=0.054/0.064/0.064 cmd_age_ms=12.970 count=20 errors=0 errno=0 seq=5359 cmd=(0.500,-0.000,0.062)
[INFO] [1784919508.129883960] [cmd_vel_udp_sender]: TIMING_SENDER ros_gap_ms=49.991/50.217/50.358 callback_ms=0.056/0.081/0.081 sendto_ms=0.054/0.079/0.080 cmd_age_ms=13.111 count=20 errors=0 errno=0 seq=5379 cmd=(0.500,-0.000,0.059)
[INFO] [1784919509.129889108] [cmd_vel_udp_sender]: TIMING_SENDER ros_gap_ms=50.409/56.037/58.141 callback_ms=0.052/0.063/0.138 sendto_ms=0.051/0.062/0.137 cmd_age_ms=4.933 count=20 errors=0 errno=0 seq=5399 cmd=(0.500,-0.000,0.042)
[INFO] [1784919510.129928418] [cmd_vel_udp_sender]: TIMING_SENDER ros_gap_ms=49.594/52.638/55.331 callback_ms=0.054/0.063/0.067 sendto_ms=0.053/0.062/0.066 cmd_age_ms=13.093 count=20 errors=0 errno=0 seq=5419 cmd=(0.500,-0.000,0.031)
[INFO] [1784919511.129919037] [cmd_vel_udp_sender]: TIMING_SENDER ros_gap_ms=50.021/51.265/52.751 callback_ms=0.052/0.070/0.074 sendto_ms=0.051/0.068/0.073 cmd_age_ms=12.659 count=20 errors=0 errno=0 seq=5439 cmd=(0.500,-0.000,-0.099)
[INFO] [1784919512.129904068] [cmd_vel_udp_sender]: TIMING_SENDER ros_gap_ms=49.983/50.303/55.583 callback_ms=0.050/0.062/0.065 sendto_ms=0.049/0.061/0.064 cmd_age_ms=12.981 count=20 errors=0 errno=0 seq=5459 cmd=(0.500,-0.000,-0.086)
[INFO] [1784919513.129865204] [cmd_vel_udp_sender]: TIMING_SENDER ros_gap_ms=49.998/50.405/51.363 callback_ms=0.055/0.078/0.096 sendto_ms=0.053/0.077/0.094 cmd_age_ms=12.986 count=20 errors=0 errno=0 seq=5479 cmd=(0.500,-0.000,-0.044)
[INFO] [1784919514.129890602] [cmd_vel_udp_sender]: TIMING_SENDER ros_gap_ms=50.089/54.456/56.158 callback_ms=0.047/0.068/0.074 sendto_ms=0.046/0.066/0.073 cmd_age_ms=11.241 count=20 errors=0 errno=0 seq=5499 cmd=(0.500,-0.000,-0.042)
[INFO] [1784919515.129942213] [cmd_vel_udp_sender]: TIMING_SENDER ros_gap_ms=49.922/50.378/53.610 callback_ms=0.049/0.070/0.074 sendto_ms=0.048/0.068/0.073 cmd_age_ms=12.858 count=20 errors=0 errno=0 seq=5519 cmd=(0.500,-0.000,-0.082)
[INFO] [1784919516.129984960] [cmd_vel_udp_sender]: TIMING_SENDER ros_gap_ms=49.985/50.317/50.415 callback_ms=0.049/0.071/0.078 sendto_ms=0.048/0.070/0.077 cmd_age_ms=13.193 count=20 errors=0 errno=0 seq=5539 cmd=(0.500,-0.000,-0.044)
[INFO] [1784919517.129951834] [cmd_vel_udp_sender]: TIMING_SENDER ros_gap_ms=49.999/53.324/53.742 callback_ms=0.047/0.064/0.075 sendto_ms=0.046/0.062/0.074 cmd_age_ms=13.184 count=20 errors=0 errno=0 seq=5559 cmd=(0.500,-0.000,-0.064)
[INFO] [1784919518.129949008] [cmd_vel_udp_sender]: TIMING_SENDER ros_gap_ms=50.005/50.476/50.499 callback_ms=0.053/0.075/0.088 sendto_ms=0.052/0.073/0.087 cmd_age_ms=13.074 count=20 errors=0 errno=0 seq=5579 cmd=(0.500,-0.000,-0.020)
[INFO] [1784919519.129927103] [cmd_vel_udp_sender]: TIMING_SENDER ros_gap_ms=50.069/51.369/52.134 callback_ms=0.044/0.064/0.081 sendto_ms=0.043/0.063/0.079 cmd_age_ms=11.668 count=20 errors=0 errno=0 seq=5599 cmd=(0.500,-0.000,-0.043)
[INFO] [1784919520.130019783] [cmd_vel_udp_sender]: TIMING_SENDER ros_gap_ms=49.950/50.366/50.435 callback_ms=0.053/0.066/0.070 sendto_ms=0.052/0.064/0.068 cmd_age_ms=12.755 count=20 errors=0 errno=0 seq=5619 cmd=(0.500,-0.000,-0.083)
[INFO] [1784919521.129976898] [cmd_vel_udp_sender]: TIMING_SENDER ros_gap_ms=49.987/50.401/50.689 callback_ms=0.053/0.063/0.079 sendto_ms=0.051/0.061/0.078 cmd_age_ms=12.974 count=20 errors=0 errno=0 seq=5639 cmd=(0.500,-0.000,-0.090)
[INFO] [1784919522.129981296] [cmd_vel_udp_sender]: TIMING_SENDER ros_gap_ms=49.988/52.074/56.381 callback_ms=0.047/0.062/0.073 sendto_ms=0.045/0.060/0.071 cmd_age_ms=13.223 count=20 errors=0 errno=0 seq=5659 cmd=(0.500,-0.000,-0.039)
[INFO] [1784919523.130000751] [cmd_vel_udp_sender]: TIMING_SENDER ros_gap_ms=50.008/50.399/50.498 callback_ms=0.046/0.060/0.072 sendto_ms=0.045/0.059/0.071 cmd_age_ms=13.084 count=20 errors=0 errno=0 seq=5679 cmd=(0.500,-0.000,-0.031)
[INFO] [1784919524.130008700] [cmd_vel_udp_sender]: TIMING_SENDER ros_gap_ms=50.064/51.319/53.076 callback_ms=0.053/0.073/0.079 sendto_ms=0.050/0.072/0.078 cmd_age_ms=11.811 count=20 errors=0 errno=0 seq=5699 cmd=(0.500,-0.000,-0.026)
[INFO] [1784919525.130042133] [cmd_vel_udp_sender]: TIMING_SENDER ros_gap_ms=49.941/50.663/51.011 callback_ms=0.059/0.087/0.093 sendto_ms=0.058/0.085/0.091 cmd_age_ms=13.016 count=20 errors=0 errno=0 seq=5719 cmd=(0.500,-0.000,-0.051)
[INFO] [1784919526.130064248] [cmd_vel_udp_sender]: TIMING_SENDER ros_gap_ms=50.000/50.277/50.402 callback_ms=0.049/0.063/0.068 sendto_ms=0.048/0.061/0.066 cmd_age_ms=13.045 count=20 errors=0 errno=0 seq=5739 cmd=(0.500,-0.000,-0.030)
[INFO] [1784919527.130064705] [cmd_vel_udp_sender]: TIMING_SENDER ros_gap_ms=49.992/54.344/54.683 callback_ms=0.053/0.074/0.082 sendto_ms=0.052/0.072/0.081 cmd_age_ms=13.212 count=20 errors=0 errno=0 seq=5759 cmd=(0.500,-0.000,-0.039)
[INFO] [1784919528.130014640] [cmd_vel_udp_sender]: TIMING_SENDER ros_gap_ms=50.352/53.675/57.014 callback_ms=0.058/0.083/0.083 sendto_ms=0.057/0.081/0.081 cmd_age_ms=6.119 count=20 errors=0 errno=0 seq=5779 cmd=(0.500,-0.000,-0.008)
[INFO] [1784919529.130070243] [cmd_vel_udp_sender]: TIMING_SENDER ros_gap_ms=49.667/50.543/57.432 callback_ms=0.047/0.063/0.064 sendto_ms=0.045/0.061/0.063 cmd_age_ms=12.825 count=20 errors=0 errno=0 seq=5799 cmd=(0.500,-0.000,-0.050)
[INFO] [1784919530.130072855] [cmd_vel_udp_sender]: TIMING_SENDER ros_gap_ms=49.998/51.634/52.508 callback_ms=0.045/0.052/0.066 sendto_ms=0.043/0.051/0.065 cmd_age_ms=12.860 count=20 errors=0 errno=0 seq=5819 cmd=(0.500,-0.000,-0.031)
[INFO] [1784919531.130072202] [cmd_vel_udp_sender]: TIMING_SENDER ros_gap_ms=49.988/50.966/55.386 callback_ms=0.040/0.051/0.057 sendto_ms=0.039/0.046/0.050 cmd_age_ms=13.102 count=20 errors=0 errno=0 seq=5839 cmd=(0.500,-0.000,-0.057)
[INFO] [1784919532.130090810] [cmd_vel_udp_sender]: TIMING_SENDER ros_gap_ms=50.016/53.181/54.697 callback_ms=0.043/0.059/0.064 sendto_ms=0.042/0.057/0.063 cmd_age_ms=12.801 count=20 errors=0 errno=0 seq=5859 cmd=(0.500,-0.000,-0.045)
[INFO] [1784919533.130091941] [cmd_vel_udp_sender]: TIMING_SENDER ros_gap_ms=50.201/53.481/70.908 callback_ms=0.041/0.049/0.051 sendto_ms=0.040/0.048/0.049 cmd_age_ms=8.779 count=20 errors=0 errno=0 seq=5879 cmd=(0.500,-0.000,-0.023)
[INFO] [1784919534.130100810] [cmd_vel_udp_sender]: TIMING_SENDER ros_gap_ms=49.839/51.119/51.633 callback_ms=0.044/0.059/0.061 sendto_ms=0.043/0.058/0.060 cmd_age_ms=12.009 count=20 errors=0 errno=0 seq=5899 cmd=(0.500,-0.000,-0.030)
[INFO] [1784919535.130096039] [cmd_vel_udp_sender]: TIMING_SENDER ros_gap_ms=49.943/56.860/62.644 callback_ms=0.044/0.055/0.055 sendto_ms=0.043/0.053/0.053 cmd_age_ms=13.136 count=20 errors=0 errno=0 seq=5919 cmd=(0.500,-0.000,-0.027)
[INFO] [1784919536.130116665] [cmd_vel_udp_sender]: TIMING_SENDER ros_gap_ms=49.996/52.608/54.951 callback_ms=0.049/0.060/0.072 sendto_ms=0.048/0.058/0.071 cmd_age_ms=13.229 count=20 errors=0 errno=0 seq=5939 cmd=(0.500,-0.000,-0.022)
[INFO] [1784919537.130153823] [cmd_vel_udp_sender]: TIMING_SENDER ros_gap_ms=50.061/52.708/56.352 callback_ms=0.046/0.056/0.059 sendto_ms=0.045/0.055/0.058 cmd_age_ms=12.043 count=20 errors=0 errno=0 seq=5959 cmd=(0.500,-0.000,-0.004)
[INFO] [1784919538.130167510] [cmd_vel_udp_sender]: TIMING_SENDER ros_gap_ms=49.944/55.355/58.489 callback_ms=0.047/0.068/0.076 sendto_ms=0.046/0.066/0.074 cmd_age_ms=13.177 count=20 errors=0 errno=0 seq=5979 cmd=(0.500,-0.000,-0.005)
[INFO] [1784919539.130166078] [cmd_vel_udp_sender]: TIMING_SENDER ros_gap_ms=49.986/50.274/51.713 callback_ms=0.049/0.063/0.069 sendto_ms=0.047/0.061/0.067 cmd_age_ms=13.454 count=20 errors=0 errno=0 seq=5999 cmd=(0.500,-0.000,-0.030)
[INFO] [1784919540.130143316] [cmd_vel_udp_sender]: TIMING_SENDER ros_gap_ms=50.017/50.323/50.415 callback_ms=0.053/0.077/0.079 sendto_ms=0.052/0.076/0.078 cmd_age_ms=13.098 count=20 errors=0 errno=0 seq=6019 cmd=(0.500,-0.000,-0.048)
[INFO] [1784919541.130212056] [cmd_vel_udp_sender]: TIMING_SENDER ros_gap_ms=49.999/50.288/50.334 callback_ms=0.051/0.077/0.080 sendto_ms=0.049/0.075/0.078 cmd_age_ms=13.188 count=20 errors=0 errno=0 seq=6039 cmd=(0.500,-0.000,0.016)
[INFO] [1784919542.130203750] [cmd_vel_udp_sender]: TIMING_SENDER ros_gap_ms=49.991/51.594/55.519 callback_ms=0.050/0.067/0.072 sendto_ms=0.049/0.066/0.070 cmd_age_ms=13.370 count=20 errors=0 errno=0 seq=6059 cmd=(0.500,-0.000,-0.005)
[INFO] [1784919543.130220350] [cmd_vel_udp_sender]: TIMING_SENDER ros_gap_ms=50.005/50.399/50.594 callback_ms=0.051/0.079/0.116 sendto_ms=0.050/0.077/0.114 cmd_age_ms=13.285 count=20 errors=0 errno=0 seq=6079 cmd=(0.500,-0.000,-0.015)
[INFO] [1784919544.130244925] [cmd_vel_udp_sender]: TIMING_SENDER ros_gap_ms=50.001/53.430/55.319 callback_ms=0.048/0.063/0.080 sendto_ms=0.046/0.061/0.078 cmd_age_ms=13.299 count=20 errors=0 errno=0 seq=6099 cmd=(0.500,-0.000,-0.059)
[INFO] [1784919545.130244386] [cmd_vel_udp_sender]: TIMING_SENDER ros_gap_ms=49.991/50.422/54.632 callback_ms=0.052/0.067/0.091 sendto_ms=0.051/0.065/0.089 cmd_age_ms=13.473 count=20 errors=0 errno=0 seq=6119 cmd=(0.500,-0.000,0.007)
[INFO] [1784919546.130271660] [cmd_vel_udp_sender]: TIMING_SENDER ros_gap_ms=50.000/50.515/50.546 callback_ms=0.051/0.066/0.076 sendto_ms=0.049/0.064/0.075 cmd_age_ms=13.493 count=20 errors=0 errno=0 seq=6139 cmd=(0.500,-0.000,0.007)
[INFO] [1784919547.130260665] [cmd_vel_udp_sender]: TIMING_SENDER ros_gap_ms=50.002/50.612/52.749 callback_ms=0.056/0.075/0.095 sendto_ms=0.055/0.073/0.093 cmd_age_ms=13.450 count=20 errors=0 errno=0 seq=6159 cmd=(0.500,-0.000,0.023)
[INFO] [1784919548.130286151] [cmd_vel_udp_sender]: TIMING_SENDER ros_gap_ms=49.996/50.575/50.747 callback_ms=0.056/0.081/0.082 sendto_ms=0.054/0.080/0.081 cmd_age_ms=13.549 count=20 errors=0 errno=0 seq=6179 cmd=(0.500,-0.000,0.056)
[INFO] [1784919549.130305717] [cmd_vel_udp_sender]: TIMING_SENDER ros_gap_ms=50.153/51.332/52.306 callback_ms=0.047/0.066/0.119 sendto_ms=0.046/0.064/0.118 cmd_age_ms=10.514 count=20 errors=0 errno=0 seq=6199 cmd=(0.500,-0.000,0.058)
[INFO] [1784919550.130321505] [cmd_vel_udp_sender]: TIMING_SENDER ros_gap_ms=49.863/53.163/55.390 callback_ms=0.050/0.071/0.075 sendto_ms=0.048/0.070/0.073 cmd_age_ms=13.270 count=20 errors=0 errno=0 seq=6219 cmd=(0.500,-0.000,0.051)
[INFO] [1784919551.130327754] [cmd_vel_udp_sender]: TIMING_SENDER ros_gap_ms=49.986/50.388/51.606 callback_ms=0.050/0.069/0.082 sendto_ms=0.049/0.068/0.081 cmd_age_ms=13.549 count=20 errors=0 errno=0 seq=6239 cmd=(0.500,-0.000,0.075)
[INFO] [1784919552.130343151] [cmd_vel_udp_sender]: TIMING_SENDER ros_gap_ms=50.001/50.436/57.843 callback_ms=0.048/0.065/0.065 sendto_ms=0.047/0.063/0.064 cmd_age_ms=13.551 count=20 errors=0 errno=0 seq=6259 cmd=(0.500,-0.000,0.037)
[INFO] [1784919553.130330605] [cmd_vel_udp_sender]: TIMING_SENDER ros_gap_ms=50.002/50.647/50.725 callback_ms=0.054/0.065/0.082 sendto_ms=0.053/0.064/0.081 cmd_age_ms=13.506 count=20 errors=0 errno=0 seq=6279 cmd=(0.500,-0.000,0.031)
[INFO] [1784919554.130355588] [cmd_vel_udp_sender]: TIMING_SENDER ros_gap_ms=50.017/53.090/55.321 callback_ms=0.051/0.069/0.093 sendto_ms=0.050/0.067/0.092 cmd_age_ms=13.190 count=20 errors=0 errno=0 seq=6299 cmd=(0.500,-0.000,0.033)
[INFO] [1784919555.130365458] [cmd_vel_udp_sender]: TIMING_SENDER ros_gap_ms=49.995/50.551/51.860 callback_ms=0.051/0.072/0.081 sendto_ms=0.050/0.070/0.079 cmd_age_ms=13.301 count=20 errors=0 errno=0 seq=6319 cmd=(0.500,-0.000,0.071)
[INFO] [1784919556.130390839] [cmd_vel_udp_sender]: TIMING_SENDER ros_gap_ms=49.986/50.458/50.636 callback_ms=0.052/0.073/0.091 sendto_ms=0.051/0.071/0.090 cmd_age_ms=13.612 count=20 errors=0 errno=0 seq=6339 cmd=(0.500,-0.000,0.079)
[INFO] [1784919557.130371887] [cmd_vel_udp_sender]: TIMING_SENDER ros_gap_ms=50.009/52.872/58.520 callback_ms=0.052/0.072/0.142 sendto_ms=0.051/0.071/0.140 cmd_age_ms=13.410 count=20 errors=0 errno=0 seq=6359 cmd=(0.500,-0.000,0.060)
[INFO] [1784919558.130403835] [cmd_vel_udp_sender]: TIMING_SENDER ros_gap_ms=49.989/50.255/50.300 callback_ms=0.051/0.063/0.063 sendto_ms=0.050/0.062/0.062 cmd_age_ms=13.668 count=20 errors=0 errno=0 seq=6379 cmd=(0.500,-0.000,-0.046)
[INFO] [1784919559.130456217] [cmd_vel_udp_sender]: TIMING_SENDER ros_gap_ms=50.020/54.640/54.652 callback_ms=0.052/0.065/0.068 sendto_ms=0.050/0.064/0.066 cmd_age_ms=13.322 count=20 errors=0 errno=0 seq=6399 cmd=(0.500,-0.000,0.057)
[INFO] [1784919560.130456871] [cmd_vel_udp_sender]: TIMING_SENDER ros_gap_ms=49.983/50.248/50.324 callback_ms=0.053/0.081/0.088 sendto_ms=0.052/0.080/0.086 cmd_age_ms=13.661 count=20 errors=0 errno=0 seq=6419 cmd=(0.500,-0.000,-0.112)
[INFO] [1784919561.130454052] [cmd_vel_udp_sender]: TIMING_SENDER ros_gap_ms=50.005/54.672/55.487 callback_ms=0.046/0.060/0.065 sendto_ms=0.045/0.058/0.064 cmd_age_ms=13.549 count=20 errors=0 errno=0 seq=6439 cmd=(0.500,-0.000,0.051)
[INFO] [1784919562.130444303] [cmd_vel_udp_sender]: TIMING_SENDER ros_gap_ms=49.994/50.554/55.201 callback_ms=0.066/0.112/0.151 sendto_ms=0.065/0.110/0.149 cmd_age_ms=13.669 count=20 errors=0 errno=0 seq=6459 cmd=(0.500,-0.000,-0.147)
[INFO] [1784919563.130471496] [cmd_vel_udp_sender]: TIMING_SENDER ros_gap_ms=49.998/50.390/50.690 callback_ms=0.062/0.071/0.345 sendto_ms=0.061/0.070/0.343 cmd_age_ms=13.728 count=20 errors=0 errno=0 seq=6479 cmd=(0.500,-0.000,-0.026)
[INFO] [1784919564.130510220] [cmd_vel_udp_sender]: TIMING_SENDER ros_gap_ms=50.018/50.433/56.215 callback_ms=0.052/0.069/0.072 sendto_ms=0.051/0.067/0.070 cmd_age_ms=13.415 count=20 errors=0 errno=0 seq=6499 cmd=(0.500,-0.000,-0.009)
[INFO] [1784919565.130534587] [cmd_vel_udp_sender]: TIMING_SENDER ros_gap_ms=49.984/50.192/50.315 callback_ms=0.082/0.068/0.643 sendto_ms=0.081/0.067/0.642 cmd_age_ms=13.767 count=20 errors=0 errno=0 seq=6519 cmd=(0.500,-0.000,0.027)
[INFO] [1784919566.130526962] [cmd_vel_udp_sender]: TIMING_SENDER ros_gap_ms=50.005/53.516/54.445 callback_ms=0.062/0.080/0.308 sendto_ms=0.061/0.079/0.307 cmd_age_ms=13.650 count=20 errors=0 errno=0 seq=6539 cmd=(0.500,-0.000,0.051)
[INFO] [1784919567.130519122] [cmd_vel_udp_sender]: TIMING_SENDER ros_gap_ms=49.996/50.448/50.545 callback_ms=0.050/0.088/0.106 sendto_ms=0.048/0.087/0.104 cmd_age_ms=13.728 count=20 errors=0 errno=0 seq=6559 cmd=(0.500,-0.000,0.100)
[INFO] [1784919568.130550137] [cmd_vel_udp_sender]: TIMING_SENDER ros_gap_ms=50.029/50.480/51.358 callback_ms=0.048/0.062/0.063 sendto_ms=0.045/0.061/0.062 cmd_age_ms=13.181 count=20 errors=0 errno=0 seq=6579 cmd=(0.500,-0.000,0.140)
[INFO] [1784919569.130597766] [cmd_vel_udp_sender]: TIMING_SENDER ros_gap_ms=49.988/50.308/56.182 callback_ms=0.049/0.062/0.084 sendto_ms=0.048/0.060/0.082 cmd_age_ms=13.467 count=20 errors=0 errno=0 seq=6599 cmd=(0.500,-0.000,0.132)
[INFO] [1784919570.130586040] [cmd_vel_udp_sender]: TIMING_SENDER ros_gap_ms=50.007/50.931/51.516 callback_ms=0.055/0.065/0.171 sendto_ms=0.054/0.064/0.169 cmd_age_ms=13.325 count=20 errors=0 errno=0 seq=6619 cmd=(0.500,-0.000,0.147)
[INFO] [1784919571.130586253] [cmd_vel_udp_sender]: TIMING_SENDER ros_gap_ms=49.983/54.764/67.495 callback_ms=0.045/0.062/0.066 sendto_ms=0.044/0.061/0.064 cmd_age_ms=13.663 count=20 errors=0 errno=0 seq=6639 cmd=(0.500,-0.000,0.172)
[INFO] [1784919572.130588773] [cmd_vel_udp_sender]: TIMING_SENDER ros_gap_ms=49.995/51.217/56.114 callback_ms=0.039/0.046/0.049 sendto_ms=0.038/0.046/0.047 cmd_age_ms=13.769 count=20 errors=0 errno=0 seq=6659 cmd=(0.500,-0.000,0.206)
[INFO] [1784919573.130587551] [cmd_vel_udp_sender]: TIMING_SENDER ros_gap_ms=49.996/55.965/56.972 callback_ms=0.041/0.053/0.055 sendto_ms=0.040/0.052/0.054 cmd_age_ms=13.838 count=20 errors=0 errno=0 seq=6679 cmd=(0.500,-0.000,0.177)
[INFO] [1784919574.130603225] [cmd_vel_udp_sender]: TIMING_SENDER ros_gap_ms=50.043/50.842/51.196 callback_ms=0.046/0.057/0.059 sendto_ms=0.045/0.056/0.058 cmd_age_ms=12.989 count=20 errors=0 errno=0 seq=6699 cmd=(0.500,-0.000,0.139)
[INFO] [1784919575.130634772] [cmd_vel_udp_sender]: TIMING_SENDER ros_gap_ms=49.958/51.775/52.213 callback_ms=0.045/0.057/0.058 sendto_ms=0.044/0.056/0.057 cmd_age_ms=13.865 count=20 errors=0 errno=0 seq=6719 cmd=(0.500,-0.000,0.103)
[INFO] [1784919576.130673517] [cmd_vel_udp_sender]: TIMING_SENDER ros_gap_ms=50.001/56.994/64.118 callback_ms=0.040/0.051/0.067 sendto_ms=0.039/0.049/0.066 cmd_age_ms=13.888 count=20 errors=0 errno=0 seq=6739 cmd=(0.500,-0.000,0.030)
[INFO] [1784919577.130648771] [cmd_vel_udp_sender]: TIMING_SENDER ros_gap_ms=50.009/51.699/57.379 callback_ms=0.044/0.068/0.076 sendto_ms=0.043/0.067/0.075 cmd_age_ms=13.680 count=20 errors=0 errno=0 seq=6759 cmd=(0.500,-0.000,0.050)
[INFO] [1784919578.130701079] [cmd_vel_udp_sender]: TIMING_SENDER ros_gap_ms=49.992/54.944/55.923 callback_ms=0.044/0.059/0.060 sendto_ms=0.043/0.058/0.058 cmd_age_ms=13.896 count=20 errors=0 errno=0 seq=6779 cmd=(0.500,-0.000,-0.003)
[INFO] [1784919579.130691909] [cmd_vel_udp_sender]: TIMING_SENDER ros_gap_ms=50.014/51.037/51.814 callback_ms=0.064/0.091/0.320 sendto_ms=0.063/0.090/0.319 cmd_age_ms=13.598 count=20 errors=0 errno=0 seq=6799 cmd=(0.500,-0.000,-0.074)
Terminated
