SDK2 receiver started on interface: eth0
UDP listen port: 5005, packet_v=2
SDK command limits: max_vx=0.500 max_vy=0.100 max_vyaw=0.500
TIMING_RECEIVER udp_gap_ms=0.000/0.000/0.000 udp_transit_ms=0.000/0.000/0.000 move_call_ms=0.000/0.000/0.000 sender_to_move_done_ms=0.000/0.000/0.000 cmd_age_ms=-1.000 count=0 seq_gaps=0 invalid=0 last_seq=0 cmd=(0.000,0.000,0.000)
TIMING_RECEIVER udp_gap_ms=0.000/0.000/0.000 udp_transit_ms=0.000/0.000/0.000 move_call_ms=0.000/0.000/0.000 sender_to_move_done_ms=0.000/0.000/0.000 cmd_age_ms=-1.000 count=0 seq_gaps=0 invalid=0 last_seq=0 cmd=(0.000,0.000,0.000)
TIMING_RECEIVER udp_gap_ms=0.000/0.000/0.000 udp_transit_ms=0.000/0.000/0.000 move_call_ms=0.000/0.000/0.000 sender_to_move_done_ms=0.000/0.000/0.000 cmd_age_ms=-1.000 count=0 seq_gaps=0 invalid=0 last_seq=0 cmd=(0.000,0.000,0.000)
TIMING_RECEIVER udp_gap_ms=48.168/53.858/53.858 udp_transit_ms=0.047/0.075/0.075 move_call_ms=0.189/0.274/0.274 sender_to_move_done_ms=0.239/0.354/0.354 cmd_age_ms=0.000 count=14 seq_gaps=0 invalid=0 last_seq=14 cmd=(0.000,0.000,0.000)
TIMING_RECEIVER udp_gap_ms=50.012/51.305/55.113 udp_transit_ms=0.063/0.110/0.112 move_call_ms=0.183/0.217/0.239 sender_to_move_done_ms=0.248/0.326/0.351 cmd_age_ms=0.000 count=20 seq_gaps=0 invalid=0 last_seq=34 cmd=(0.000,0.000,0.000)
TIMING_RECEIVER udp_gap_ms=49.998/50.585/51.508 udp_transit_ms=0.091/0.100/0.110 move_call_ms=0.175/0.198/0.226 sender_to_move_done_ms=0.268/0.296/0.336 cmd_age_ms=0.000 count=21 seq_gaps=0 invalid=0 last_seq=55 cmd=(0.000,0.000,0.000)
TIMING_RECEIVER udp_gap_ms=49.987/51.508/51.678 udp_transit_ms=0.094/0.107/0.119 move_call_ms=0.178/0.227/0.238 sender_to_move_done_ms=0.273/0.346/0.347 cmd_age_ms=0.000 count=21 seq_gaps=0 invalid=0 last_seq=76 cmd=(0.000,0.000,0.000)
TIMING_RECEIVER udp_gap_ms=50.094/51.335/51.356 udp_transit_ms=0.096/0.105/0.133 move_call_ms=0.166/0.186/0.198 sender_to_move_done_ms=0.262/0.300/0.314 cmd_age_ms=0.000 count=20 seq_gaps=0 invalid=0 last_seq=96 cmd=(0.000,0.000,0.000)
TIMING_RECEIVER udp_gap_ms=49.983/51.557/55.816 udp_transit_ms=0.094/0.103/0.116 move_call_ms=0.163/0.191/0.197 sender_to_move_done_ms=0.257/0.292/0.302 cmd_age_ms=0.000 count=21 seq_gaps=0 invalid=0 last_seq=117 cmd=(0.000,0.000,0.000)
TIMING_RECEIVER udp_gap_ms=49.988/51.030/52.494 udp_transit_ms=0.101/0.130/0.134 move_call_ms=0.178/0.212/0.229 sender_to_move_done_ms=0.279/0.320/0.337 cmd_age_ms=0.000 count=21 seq_gaps=0 invalid=0 last_seq=138 cmd=(0.000,0.000,0.000)
TIMING_RECEIVER udp_gap_ms=49.909/51.395/52.065 udp_transit_ms=0.089/0.103/0.108 move_call_ms=0.159/0.189/0.193 sender_to_move_done_ms=0.248/0.288/0.289 cmd_age_ms=0.000 count=21 seq_gaps=0 invalid=0 last_seq=159 cmd=(0.000,0.000,0.000)
TIMING_RECEIVER udp_gap_ms=50.020/50.968/55.259 udp_transit_ms=0.067/0.101/0.121 move_call_ms=0.239/0.273/0.307 sender_to_move_done_ms=0.307/0.354/0.365 cmd_age_ms=0.000 count=20 seq_gaps=0 invalid=0 last_seq=179 cmd=(0.000,0.000,0.000)
TIMING_RECEIVER udp_gap_ms=50.003/51.019/51.389 udp_transit_ms=0.111/0.163/0.246 move_call_ms=0.253/0.307/0.316 sender_to_move_done_ms=0.366/0.458/0.529 cmd_age_ms=0.000 count=20 seq_gaps=0 invalid=0 last_seq=199 cmd=(0.000,0.000,0.000)
TIMING_RECEIVER udp_gap_ms=50.014/53.899/53.939 udp_transit_ms=0.106/0.160/0.276 move_call_ms=0.267/0.289/0.318 sender_to_move_done_ms=0.374/0.442/0.534 cmd_age_ms=0.000 count=21 seq_gaps=0 invalid=0 last_seq=220 cmd=(0.000,0.000,0.000)
TIMING_RECEIVER udp_gap_ms=49.992/51.688/53.977 udp_transit_ms=0.091/0.156/0.162 move_call_ms=0.286/0.338/0.369 sender_to_move_done_ms=0.378/0.446/0.476 cmd_age_ms=0.000 count=21 seq_gaps=0 invalid=0 last_seq=241 cmd=(0.000,0.000,0.000)
TIMING_RECEIVER udp_gap_ms=50.010/54.935/55.263 udp_transit_ms=0.081/0.132/0.144 move_call_ms=0.316/0.411/0.431 sender_to_move_done_ms=0.398/0.505/0.510 cmd_age_ms=0.000 count=21 seq_gaps=0 invalid=0 last_seq=262 cmd=(0.000,0.000,0.000)
TIMING_RECEIVER udp_gap_ms=49.982/50.414/50.424 udp_transit_ms=0.096/0.266/0.306 move_call_ms=0.317/0.454/0.477 sender_to_move_done_ms=0.414/0.578/0.581 cmd_age_ms=0.000 count=21 seq_gaps=0 invalid=0 last_seq=283 cmd=(0.000,0.000,0.000)
TIMING_RECEIVER udp_gap_ms=50.003/55.303/55.413 udp_transit_ms=0.072/0.107/0.140 move_call_ms=0.299/0.362/0.411 sender_to_move_done_ms=0.372/0.435/0.501 cmd_age_ms=0.000 count=21 seq_gaps=0 invalid=0 last_seq=304 cmd=(0.000,0.000,0.000)
TIMING_RECEIVER udp_gap_ms=50.044/50.861/52.646 udp_transit_ms=0.109/0.221/0.224 move_call_ms=0.289/0.426/0.433 sender_to_move_done_ms=0.398/0.536/0.648 cmd_age_ms=0.000 count=20 seq_gaps=0 invalid=0 last_seq=324 cmd=(0.000,0.000,0.000)
TIMING_RECEIVER udp_gap_ms=49.958/50.718/52.174 udp_transit_ms=0.105/0.112/0.113 move_call_ms=0.283/0.363/0.416 sender_to_move_done_ms=0.389/0.465/0.522 cmd_age_ms=0.000 count=21 seq_gaps=0 invalid=0 last_seq=345 cmd=(0.500,-0.000,0.043)
TIMING_RECEIVER udp_gap_ms=50.164/51.967/52.575 udp_transit_ms=0.173/0.388/0.661 move_call_ms=0.359/0.558/1.033 sender_to_move_done_ms=0.534/1.158/1.220 cmd_age_ms=0.000 count=20 seq_gaps=0 invalid=0 last_seq=365 cmd=(0.500,-0.000,0.012)
TIMING_RECEIVER udp_gap_ms=49.834/52.969/55.975 udp_transit_ms=0.209/0.749/0.863 move_call_ms=0.544/1.052/1.715 sender_to_move_done_ms=0.753/1.577/1.782 cmd_age_ms=0.000 count=21 seq_gaps=0 invalid=0 last_seq=386 cmd=(0.500,-0.000,-0.037)
TIMING_RECEIVER udp_gap_ms=50.044/50.621/54.039 udp_transit_ms=0.156/0.455/0.459 move_call_ms=0.413/0.713/0.845 sender_to_move_done_ms=0.571/0.867/0.948 cmd_age_ms=0.000 count=20 seq_gaps=0 invalid=0 last_seq=406 cmd=(0.500,-0.000,-0.039)
TIMING_RECEIVER udp_gap_ms=49.963/50.803/52.110 udp_transit_ms=0.168/0.315/0.330 move_call_ms=0.444/1.316/1.386 sender_to_move_done_ms=0.613/1.473/1.551 cmd_age_ms=0.000 count=21 seq_gaps=0 invalid=0 last_seq=427 cmd=(0.500,-0.000,-0.027)
TIMING_RECEIVER udp_gap_ms=50.072/52.639/53.675 udp_transit_ms=0.117/0.209/0.264 move_call_ms=0.529/1.522/1.990 sender_to_move_done_ms=0.647/1.615/2.043 cmd_age_ms=0.000 count=20 seq_gaps=0 invalid=0 last_seq=447 cmd=(0.500,-0.000,-0.018)
TIMING_RECEIVER udp_gap_ms=49.954/51.040/53.467 udp_transit_ms=0.185/0.488/0.687 move_call_ms=0.506/0.812/1.434 sender_to_move_done_ms=0.692/1.463/1.541 cmd_age_ms=0.000 count=21 seq_gaps=0 invalid=0 last_seq=468 cmd=(0.500,-0.000,0.009)
TIMING_RECEIVER udp_gap_ms=49.970/53.581/55.600 udp_transit_ms=0.133/0.237/0.247 move_call_ms=0.384/0.775/1.407 sender_to_move_done_ms=0.518/0.979/1.504 cmd_age_ms=0.000 count=21 seq_gaps=0 invalid=0 last_seq=489 cmd=(0.500,-0.000,0.016)
TIMING_RECEIVER udp_gap_ms=50.018/50.398/55.109 udp_transit_ms=0.070/0.085/0.161 move_call_ms=0.350/0.495/0.521 sender_to_move_done_ms=0.421/0.563/0.599 cmd_age_ms=0.000 count=20 seq_gaps=0 invalid=0 last_seq=509 cmd=(0.500,-0.000,-0.009)
TIMING_RECEIVER udp_gap_ms=50.000/50.460/50.560 udp_transit_ms=0.113/0.231/0.544 move_call_ms=0.360/0.416/0.547 sender_to_move_done_ms=0.474/0.780/0.922 cmd_age_ms=0.000 count=20 seq_gaps=0 invalid=0 last_seq=529 cmd=(0.500,-0.000,-0.043)
TIMING_RECEIVER udp_gap_ms=49.988/50.207/50.282 udp_transit_ms=0.075/0.098/0.108 move_call_ms=0.339/0.472/0.582 sender_to_move_done_ms=0.415/0.542/0.691 cmd_age_ms=0.000 count=21 seq_gaps=0 invalid=0 last_seq=550 cmd=(0.500,-0.000,0.021)
TIMING_RECEIVER udp_gap_ms=49.993/50.905/53.456 udp_transit_ms=0.067/0.099/0.115 move_call_ms=0.336/0.418/0.431 sender_to_move_done_ms=0.405/0.493/0.503 cmd_age_ms=0.000 count=21 seq_gaps=0 invalid=0 last_seq=571 cmd=(0.500,-0.000,-0.006)
TIMING_RECEIVER udp_gap_ms=50.006/51.693/52.276 udp_transit_ms=0.074/0.104/0.189 move_call_ms=0.396/0.691/0.799 sender_to_move_done_ms=0.472/0.773/0.877 cmd_age_ms=0.000 count=20 seq_gaps=0 invalid=0 last_seq=591 cmd=(0.500,-0.000,-0.008)
TIMING_RECEIVER udp_gap_ms=49.997/50.459/50.678 udp_transit_ms=0.072/0.090/0.147 move_call_ms=0.326/0.385/0.387 sender_to_move_done_ms=0.399/0.467/0.470 cmd_age_ms=0.000 count=21 seq_gaps=0 invalid=0 last_seq=612 cmd=(0.500,-0.000,-0.018)
TIMING_RECEIVER udp_gap_ms=50.001/54.451/56.871 udp_transit_ms=0.084/0.128/0.191 move_call_ms=0.331/0.403/0.417 sender_to_move_done_ms=0.416/0.497/0.577 cmd_age_ms=0.000 count=20 seq_gaps=0 invalid=0 last_seq=632 cmd=(0.500,-0.000,0.004)
TIMING_RECEIVER udp_gap_ms=50.167/53.643/55.773 udp_transit_ms=0.338/0.139/5.707 move_call_ms=0.335/0.427/0.505 sender_to_move_done_ms=0.675/0.563/6.106 cmd_age_ms=0.000 count=21 seq_gaps=0 invalid=0 last_seq=653 cmd=(0.500,-0.000,0.000)
TIMING_RECEIVER udp_gap_ms=49.959/51.162/55.213 udp_transit_ms=0.231/0.546/1.456 move_call_ms=0.345/0.394/1.111 sender_to_move_done_ms=0.577/1.658/1.747 cmd_age_ms=0.000 count=21 seq_gaps=0 invalid=0 last_seq=674 cmd=(0.500,-0.000,-0.104)
TIMING_RECEIVER udp_gap_ms=49.870/53.066/53.839 udp_transit_ms=0.114/0.191/0.313 move_call_ms=0.288/0.311/0.392 sender_to_move_done_ms=0.403/0.505/0.607 cmd_age_ms=0.000 count=21 seq_gaps=0 invalid=0 last_seq=695 cmd=(0.500,-0.000,0.034)
TIMING_RECEIVER udp_gap_ms=50.020/56.907/62.201 udp_transit_ms=0.149/0.418/0.452 move_call_ms=0.282/0.289/0.615 sender_to_move_done_ms=0.433/0.685/0.704 cmd_age_ms=0.000 count=20 seq_gaps=0 invalid=0 last_seq=715 cmd=(0.500,-0.000,-0.017)
TIMING_RECEIVER udp_gap_ms=50.001/53.496/54.061 udp_transit_ms=0.092/0.205/0.221 move_call_ms=0.276/0.336/0.434 sender_to_move_done_ms=0.370/0.489/0.538 cmd_age_ms=0.000 count=20 seq_gaps=0 invalid=0 last_seq=735 cmd=(0.500,-0.000,-0.025)
TIMING_RECEIVER udp_gap_ms=50.007/52.809/55.391 udp_transit_ms=0.128/0.187/0.433 move_call_ms=0.285/0.471/0.479 sender_to_move_done_ms=0.414/0.587/0.699 cmd_age_ms=0.000 count=21 seq_gaps=0 invalid=0 last_seq=756 cmd=(0.500,-0.000,-0.018)
TIMING_RECEIVER udp_gap_ms=49.998/52.672/53.790 udp_transit_ms=0.320/0.751/1.571 move_call_ms=0.273/0.289/0.455 sender_to_move_done_ms=0.595/1.035/1.860 cmd_age_ms=0.000 count=21 seq_gaps=0 invalid=0 last_seq=777 cmd=(0.500,-0.000,0.028)
TIMING_RECEIVER udp_gap_ms=50.018/52.257/56.161 udp_transit_ms=0.345/1.437/1.753 move_call_ms=0.269/0.283/0.292 sender_to_move_done_ms=0.616/1.699/2.015 cmd_age_ms=0.000 count=20 seq_gaps=0 invalid=0 last_seq=797 cmd=(0.500,-0.000,-0.020)
TIMING_RECEIVER udp_gap_ms=50.236/53.705/53.782 udp_transit_ms=0.188/0.548/1.387 move_call_ms=0.272/0.283/0.491 sender_to_move_done_ms=0.460/0.817/1.666 cmd_age_ms=0.000 count=20 seq_gaps=0 invalid=0 last_seq=817 cmd=(0.500,-0.000,0.006)
TIMING_RECEIVER udp_gap_ms=49.728/51.085/54.153 udp_transit_ms=0.134/0.460/0.831 move_call_ms=0.301/0.358/0.524 sender_to_move_done_ms=0.436/0.750/1.096 cmd_age_ms=0.000 count=21 seq_gaps=0 invalid=0 last_seq=838 cmd=(0.500,-0.000,0.031)
TIMING_RECEIVER udp_gap_ms=50.019/50.391/50.455 udp_transit_ms=0.067/0.094/0.094 move_call_ms=0.327/0.396/0.404 sender_to_move_done_ms=0.395/0.470/0.470 cmd_age_ms=0.000 count=20 seq_gaps=0 invalid=0 last_seq=858 cmd=(0.500,-0.000,-0.024)
TIMING_RECEIVER udp_gap_ms=50.328/50.722/57.302 udp_transit_ms=0.071/0.095/0.097 move_call_ms=0.320/0.475/0.479 sender_to_move_done_ms=0.392/0.555/0.555 cmd_age_ms=0.000 count=21 seq_gaps=0 invalid=0 last_seq=879 cmd=(0.500,-0.000,-0.001)
TIMING_RECEIVER udp_gap_ms=49.669/53.381/60.196 udp_transit_ms=0.072/0.115/0.164 move_call_ms=0.342/0.513/0.563 sender_to_move_done_ms=0.415/0.562/0.728 cmd_age_ms=0.000 count=21 seq_gaps=0 invalid=0 last_seq=900 cmd=(0.500,-0.000,-0.006)
TIMING_RECEIVER udp_gap_ms=50.014/54.790/56.607 udp_transit_ms=0.075/0.122/0.130 move_call_ms=0.316/0.380/0.450 sender_to_move_done_ms=0.392/0.471/0.581 cmd_age_ms=0.000 count=20 seq_gaps=0 invalid=0 last_seq=920 cmd=(0.500,-0.000,0.016)
TIMING_RECEIVER udp_gap_ms=49.973/50.299/50.467 udp_transit_ms=0.072/0.105/0.169 move_call_ms=0.338/0.408/0.577 sender_to_move_done_ms=0.411/0.482/0.637 cmd_age_ms=0.000 count=21 seq_gaps=0 invalid=0 last_seq=941 cmd=(0.500,-0.000,-0.042)
TIMING_RECEIVER udp_gap_ms=50.014/52.164/55.473 udp_transit_ms=0.063/0.081/0.087 move_call_ms=0.315/0.431/0.479 sender_to_move_done_ms=0.380/0.507/0.537 cmd_age_ms=0.000 count=20 seq_gaps=0 invalid=0 last_seq=961 cmd=(0.500,-0.000,-0.062)
TIMING_RECEIVER udp_gap_ms=50.015/50.869/53.180 udp_transit_ms=0.070/0.086/0.164 move_call_ms=0.362/0.621/0.622 sender_to_move_done_ms=0.434/0.689/0.695 cmd_age_ms=0.000 count=21 seq_gaps=0 invalid=0 last_seq=982 cmd=(0.500,-0.000,-0.037)
TIMING_RECEIVER udp_gap_ms=49.976/53.347/54.084 udp_transit_ms=0.065/0.078/0.094 move_call_ms=0.308/0.379/0.416 sender_to_move_done_ms=0.374/0.447/0.476 cmd_age_ms=0.000 count=21 seq_gaps=0 invalid=0 last_seq=1003 cmd=(0.500,-0.000,-0.008)
TIMING_RECEIVER udp_gap_ms=50.011/50.427/50.489 udp_transit_ms=0.075/0.093/0.160 move_call_ms=0.308/0.405/0.412 sender_to_move_done_ms=0.384/0.480/0.487 cmd_age_ms=0.000 count=21 seq_gaps=0 invalid=0 last_seq=1024 cmd=(0.500,-0.000,-0.025)
TIMING_RECEIVER udp_gap_ms=49.989/54.843/59.200 udp_transit_ms=0.068/0.086/0.086 move_call_ms=0.346/0.537/0.580 sender_to_move_done_ms=0.415/0.615/0.663 cmd_age_ms=0.000 count=21 seq_gaps=0 invalid=0 last_seq=1045 cmd=(0.500,-0.000,0.007)
TIMING_RECEIVER udp_gap_ms=50.009/53.379/53.381 udp_transit_ms=0.074/0.110/0.120 move_call_ms=0.318/0.384/0.424 sender_to_move_done_ms=0.394/0.478/0.508 cmd_age_ms=0.000 count=20 seq_gaps=0 invalid=0 last_seq=1065 cmd=(0.500,-0.000,-0.000)
TIMING_RECEIVER udp_gap_ms=49.996/50.524/55.027 udp_transit_ms=0.063/0.077/0.082 move_call_ms=0.329/0.436/0.448 sender_to_move_done_ms=0.393/0.491/0.515 cmd_age_ms=0.000 count=21 seq_gaps=0 invalid=0 last_seq=1086 cmd=(0.500,-0.000,-0.002)
TIMING_RECEIVER udp_gap_ms=50.215/50.599/54.734 udp_transit_ms=0.067/0.082/0.123 move_call_ms=0.359/0.517/0.573 sender_to_move_done_ms=0.427/0.639/0.641 cmd_age_ms=0.000 count=21 seq_gaps=0 invalid=0 last_seq=1107 cmd=(0.500,-0.000,0.019)
TIMING_RECEIVER udp_gap_ms=49.778/53.982/55.224 udp_transit_ms=0.068/0.073/0.259 move_call_ms=0.398/0.632/0.873 sender_to_move_done_ms=0.466/0.886/0.930 cmd_age_ms=0.000 count=21 seq_gaps=0 invalid=0 last_seq=1128 cmd=(0.500,-0.000,-0.002)
TIMING_RECEIVER udp_gap_ms=50.208/50.399/53.917 udp_transit_ms=0.068/0.081/0.149 move_call_ms=0.384/0.465/0.612 sender_to_move_done_ms=0.453/0.590/0.682 cmd_age_ms=0.000 count=20 seq_gaps=0 invalid=0 last_seq=1148 cmd=(0.500,-0.000,-0.007)
TIMING_RECEIVER udp_gap_ms=49.820/54.168/55.261 udp_transit_ms=0.065/0.076/0.085 move_call_ms=0.412/0.562/1.119 sender_to_move_done_ms=0.478/0.631/1.183 cmd_age_ms=0.000 count=21 seq_gaps=0 invalid=0 last_seq=1169 cmd=(0.500,-0.000,-0.017)
TIMING_RECEIVER udp_gap_ms=50.074/50.697/51.963 udp_transit_ms=0.069/0.089/0.089 move_call_ms=0.362/0.516/0.753 sender_to_move_done_ms=0.431/0.574/0.830 cmd_age_ms=0.000 count=20 seq_gaps=0 invalid=0 last_seq=1189 cmd=(0.500,-0.000,-0.001)
TIMING_RECEIVER udp_gap_ms=49.922/52.916/54.266 udp_transit_ms=0.063/0.084/0.091 move_call_ms=0.359/0.468/0.524 sender_to_move_done_ms=0.424/0.522/0.603 cmd_age_ms=0.000 count=21 seq_gaps=0 invalid=0 last_seq=1210 cmd=(0.500,-0.000,-0.006)
TIMING_RECEIVER udp_gap_ms=49.991/50.728/54.052 udp_transit_ms=0.077/0.099/0.243 move_call_ms=0.368/0.476/0.537 sender_to_move_done_ms=0.447/0.564/0.588 cmd_age_ms=0.000 count=21 seq_gaps=0 invalid=0 last_seq=1231 cmd=(0.500,-0.000,-0.000)
TIMING_RECEIVER udp_gap_ms=50.000/50.510/50.972 udp_transit_ms=0.089/0.198/0.278 move_call_ms=0.373/0.454/0.630 sender_to_move_done_ms=0.463/0.679/0.829 cmd_age_ms=0.000 count=20 seq_gaps=0 invalid=0 last_seq=1251 cmd=(0.500,-0.000,-0.013)
TIMING_RECEIVER udp_gap_ms=50.005/50.310/50.713 udp_transit_ms=0.069/0.100/0.123 move_call_ms=0.393/0.527/0.701 sender_to_move_done_ms=0.464/0.621/0.803 cmd_age_ms=0.000 count=20 seq_gaps=0 invalid=0 last_seq=1271 cmd=(0.500,-0.000,0.032)
TIMING_RECEIVER udp_gap_ms=50.008/50.583/57.034 udp_transit_ms=0.064/0.081/0.083 move_call_ms=0.361/0.455/0.550 sender_to_move_done_ms=0.425/0.510/0.634 cmd_age_ms=0.000 count=20 seq_gaps=0 invalid=0 last_seq=1291 cmd=(0.500,-0.000,0.033)
TIMING_RECEIVER udp_gap_ms=49.992/50.341/55.585 udp_transit_ms=0.069/0.106/0.124 move_call_ms=0.351/0.437/0.455 sender_to_move_done_ms=0.421/0.510/0.562 cmd_age_ms=0.000 count=21 seq_gaps=0 invalid=0 last_seq=1312 cmd=(0.500,-0.000,0.028)
TIMING_RECEIVER udp_gap_ms=50.006/50.690/55.425 udp_transit_ms=0.065/0.082/0.083 move_call_ms=0.334/0.428/0.431 sender_to_move_done_ms=0.400/0.496/0.512 cmd_age_ms=0.000 count=20 seq_gaps=0 invalid=0 last_seq=1332 cmd=(0.500,-0.000,-0.020)
TIMING_RECEIVER udp_gap_ms=49.986/50.825/52.647 udp_transit_ms=0.071/0.109/0.160 move_call_ms=0.383/0.489/0.693 sender_to_move_done_ms=0.467/0.578/0.854 cmd_age_ms=0.000 count=21 seq_gaps=0 invalid=0 last_seq=1353 cmd=(0.500,-0.000,-0.041)
TIMING_RECEIVER udp_gap_ms=50.013/50.436/60.048 udp_transit_ms=0.066/0.079/0.085 move_call_ms=0.353/0.498/0.542 sender_to_move_done_ms=0.420/0.574/0.623 cmd_age_ms=0.000 count=20 seq_gaps=0 invalid=0 last_seq=1373 cmd=(0.500,-0.000,0.004)
TIMING_RECEIVER udp_gap_ms=50.242/50.608/55.116 udp_transit_ms=0.066/0.094/0.102 move_call_ms=0.356/0.565/0.596 sender_to_move_done_ms=0.424/0.635/0.668 cmd_age_ms=0.000 count=21 seq_gaps=0 invalid=0 last_seq=1394 cmd=(0.500,-0.000,-0.006)
TIMING_RECEIVER udp_gap_ms=49.748/50.173/50.193 udp_transit_ms=0.064/0.079/0.087 move_call_ms=0.369/0.471/0.576 sender_to_move_done_ms=0.434/0.555/0.638 cmd_age_ms=0.000 count=21 seq_gaps=0 invalid=0 last_seq=1415 cmd=(0.500,-0.000,-0.002)
TIMING_RECEIVER udp_gap_ms=50.013/56.414/56.897 udp_transit_ms=0.066/0.080/0.086 move_call_ms=0.364/0.457/0.630 sender_to_move_done_ms=0.431/0.536/0.711 cmd_age_ms=0.000 count=20 seq_gaps=0 invalid=0 last_seq=1435 cmd=(0.500,-0.000,-0.002)
TIMING_RECEIVER udp_gap_ms=49.991/50.321/51.903 udp_transit_ms=0.060/0.071/0.074 move_call_ms=0.360/0.494/0.714 sender_to_move_done_ms=0.421/0.562/0.773 cmd_age_ms=0.000 count=21 seq_gaps=0 invalid=0 last_seq=1456 cmd=(0.500,-0.000,0.021)
TIMING_RECEIVER udp_gap_ms=50.019/50.374/50.650 udp_transit_ms=0.072/0.104/0.140 move_call_ms=0.471/0.533/2.458 sender_to_move_done_ms=0.544/0.594/2.526 cmd_age_ms=0.000 count=20 seq_gaps=0 invalid=0 last_seq=1476 cmd=(0.500,-0.000,-0.014)
TIMING_RECEIVER udp_gap_ms=50.021/51.490/52.478 udp_transit_ms=0.121/0.228/0.557 move_call_ms=0.300/0.328/0.333 sender_to_move_done_ms=0.422/0.523/0.880 cmd_age_ms=0.000 count=20 seq_gaps=0 invalid=0 last_seq=1496 cmd=(0.500,-0.000,-0.037)
TIMING_RECEIVER udp_gap_ms=50.126/52.759/55.246 udp_transit_ms=0.229/0.199/3.019 move_call_ms=0.284/0.314/0.320 sender_to_move_done_ms=0.515/0.483/3.306 cmd_age_ms=0.000 count=20 seq_gaps=0 invalid=0 last_seq=1516 cmd=(0.500,-0.000,-0.024)
TIMING_RECEIVER udp_gap_ms=49.847/50.593/51.437 udp_transit_ms=0.140/0.178/0.344 move_call_ms=0.277/0.299/0.311 sender_to_move_done_ms=0.417/0.465/0.629 cmd_age_ms=0.000 count=21 seq_gaps=0 invalid=0 last_seq=1537 cmd=(0.500,-0.000,-0.057)
TIMING_RECEIVER udp_gap_ms=50.000/52.854/57.370 udp_transit_ms=0.124/0.144/0.178 move_call_ms=0.268/0.309/0.321 sender_to_move_done_ms=0.393/0.437/0.454 cmd_age_ms=0.000 count=21 seq_gaps=0 invalid=0 last_seq=1558 cmd=(0.500,-0.000,-0.102)
TIMING_RECEIVER udp_gap_ms=50.069/64.202/66.390 udp_transit_ms=0.135/0.186/0.268 move_call_ms=0.278/0.301/0.311 sender_to_move_done_ms=0.415/0.488/0.558 cmd_age_ms=0.000 count=20 seq_gaps=0 invalid=0 last_seq=1578 cmd=(0.500,-0.000,-0.075)
TIMING_RECEIVER udp_gap_ms=49.969/55.416/61.975 udp_transit_ms=0.160/0.519/0.776 move_call_ms=0.292/0.306/0.309 sender_to_move_done_ms=0.454/0.813/1.060 cmd_age_ms=0.000 count=21 seq_gaps=0 invalid=0 last_seq=1599 cmd=(0.500,-0.000,-0.074)
TIMING_RECEIVER udp_gap_ms=50.011/53.387/63.168 udp_transit_ms=0.407/1.018/2.652 move_call_ms=0.296/0.322/0.352 sender_to_move_done_ms=0.705/1.298/2.955 cmd_age_ms=0.000 count=20 seq_gaps=0 invalid=0 last_seq=1619 cmd=(0.500,-0.000,-0.008)
TIMING_RECEIVER udp_gap_ms=50.181/54.449/58.980 udp_transit_ms=0.122/0.360/0.364 move_call_ms=0.307/0.401/0.645 sender_to_move_done_ms=0.430/0.650/0.711 cmd_age_ms=0.000 count=21 seq_gaps=0 invalid=0 last_seq=1640 cmd=(0.500,-0.000,0.025)
TIMING_RECEIVER udp_gap_ms=49.764/50.302/51.275 udp_transit_ms=0.098/0.123/0.127 move_call_ms=0.299/0.375/0.442 sender_to_move_done_ms=0.398/0.451/0.498 cmd_age_ms=0.000 count=21 seq_gaps=0 invalid=0 last_seq=1661 cmd=(0.500,-0.000,-0.026)
TIMING_RECEIVER udp_gap_ms=50.005/50.294/51.806 udp_transit_ms=0.071/0.124/0.147 move_call_ms=0.313/0.369/0.407 sender_to_move_done_ms=0.385/0.453/0.482 cmd_age_ms=0.000 count=20 seq_gaps=0 invalid=0 last_seq=1681 cmd=(0.500,-0.000,-0.003)
TIMING_RECEIVER udp_gap_ms=50.067/52.344/52.766 udp_transit_ms=0.071/0.117/0.137 move_call_ms=0.315/0.378/0.404 sender_to_move_done_ms=0.388/0.453/0.470 cmd_age_ms=0.000 count=20 seq_gaps=0 invalid=0 last_seq=1701 cmd=(0.500,-0.000,0.022)
TIMING_RECEIVER udp_gap_ms=49.933/50.275/50.282 udp_transit_ms=0.065/0.075/0.080 move_call_ms=0.359/0.392/0.922 sender_to_move_done_ms=0.425/0.455/0.993 cmd_age_ms=0.000 count=21 seq_gaps=0 invalid=0 last_seq=1722 cmd=(0.500,-0.000,-0.037)
TIMING_RECEIVER udp_gap_ms=50.033/50.444/50.639 udp_transit_ms=0.065/0.086/0.092 move_call_ms=0.330/0.384/0.474 sender_to_move_done_ms=0.396/0.471/0.537 cmd_age_ms=0.000 count=20 seq_gaps=0 invalid=0 last_seq=1742 cmd=(0.500,-0.000,-0.015)
TIMING_RECEIVER udp_gap_ms=49.987/52.350/54.553 udp_transit_ms=0.069/0.080/0.128 move_call_ms=0.330/0.400/0.402 sender_to_move_done_ms=0.400/0.464/0.484 cmd_age_ms=0.000 count=21 seq_gaps=0 invalid=0 last_seq=1763 cmd=(0.500,-0.000,-0.026)
TIMING_RECEIVER udp_gap_ms=49.988/50.315/50.443 udp_transit_ms=0.068/0.087/0.139 move_call_ms=0.325/0.404/0.413 sender_to_move_done_ms=0.394/0.498/0.513 cmd_age_ms=0.000 count=21 seq_gaps=0 invalid=0 last_seq=1784 cmd=(0.500,-0.000,0.030)
TIMING_RECEIVER udp_gap_ms=50.004/50.256/50.324 udp_transit_ms=0.068/0.097/0.103 move_call_ms=0.324/0.419/0.452 sender_to_move_done_ms=0.393/0.497/0.518 cmd_age_ms=0.000 count=21 seq_gaps=0 invalid=0 last_seq=1805 cmd=(0.500,-0.000,-0.032)
TIMING_RECEIVER udp_gap_ms=49.988/50.152/50.270 udp_transit_ms=0.067/0.095/0.109 move_call_ms=0.315/0.389/0.397 sender_to_move_done_ms=0.384/0.466/0.475 cmd_age_ms=0.000 count=21 seq_gaps=0 invalid=0 last_seq=1826 cmd=(0.500,-0.000,-0.008)
TIMING_RECEIVER udp_gap_ms=50.457/55.340/58.775 udp_transit_ms=0.082/0.161/0.216 move_call_ms=0.306/0.376/0.395 sender_to_move_done_ms=0.389/0.519/0.569 cmd_age_ms=0.000 count=20 seq_gaps=0 invalid=0 last_seq=1846 cmd=(0.500,-0.000,0.019)
TIMING_RECEIVER udp_gap_ms=49.562/50.285/50.341 udp_transit_ms=0.076/0.106/0.155 move_call_ms=0.321/0.414/0.482 sender_to_move_done_ms=0.399/0.503/0.546 cmd_age_ms=0.000 count=21 seq_gaps=0 invalid=0 last_seq=1867 cmd=(0.500,-0.000,-0.019)
TIMING_RECEIVER udp_gap_ms=50.010/50.459/50.970 udp_transit_ms=0.065/0.085/0.092 move_call_ms=0.335/0.497/0.501 sender_to_move_done_ms=0.402/0.560/0.576 cmd_age_ms=0.000 count=20 seq_gaps=0 invalid=0 last_seq=1887 cmd=(0.500,-0.000,0.006)
TIMING_RECEIVER udp_gap_ms=50.010/50.850/52.968 udp_transit_ms=0.099/0.080/0.820 move_call_ms=0.354/0.457/0.522 sender_to_move_done_ms=0.454/0.584/1.142 cmd_age_ms=0.000 count=20 seq_gaps=0 invalid=0 last_seq=1907 cmd=(0.500,-0.000,-0.011)
TIMING_RECEIVER udp_gap_ms=49.988/50.403/50.551 udp_transit_ms=0.068/0.084/0.088 move_call_ms=0.379/0.494/0.519 sender_to_move_done_ms=0.447/0.577/0.579 cmd_age_ms=0.000 count=21 seq_gaps=0 invalid=0 last_seq=1928 cmd=(0.500,-0.000,-0.010)
TIMING_RECEIVER udp_gap_ms=50.007/52.378/53.845 udp_transit_ms=0.077/0.115/0.230 move_call_ms=0.347/0.426/0.485 sender_to_move_done_ms=0.424/0.553/0.607 cmd_age_ms=0.000 count=20 seq_gaps=0 invalid=0 last_seq=1948 cmd=(0.500,-0.000,-0.019)
TIMING_RECEIVER udp_gap_ms=50.001/50.292/50.371 udp_transit_ms=0.067/0.089/0.098 move_call_ms=0.383/0.512/0.526 sender_to_move_done_ms=0.451/0.583/0.624 cmd_age_ms=0.000 count=20 seq_gaps=0 invalid=0 last_seq=1968 cmd=(0.500,-0.000,-0.016)
TIMING_RECEIVER udp_gap_ms=50.166/50.832/53.485 udp_transit_ms=0.067/0.082/0.088 move_call_ms=0.360/0.509/0.531 sender_to_move_done_ms=0.431/0.602/0.671 cmd_age_ms=0.000 count=21 seq_gaps=0 invalid=0 last_seq=1989 cmd=(0.500,-0.000,-0.029)
TIMING_RECEIVER udp_gap_ms=49.823/54.273/56.292 udp_transit_ms=0.070/0.116/0.127 move_call_ms=0.355/0.423/0.588 sender_to_move_done_ms=0.427/0.529/0.665 cmd_age_ms=0.000 count=21 seq_gaps=0 invalid=0 last_seq=2010 cmd=(0.500,-0.000,-0.010)
TIMING_RECEIVER udp_gap_ms=50.006/50.465/53.424 udp_transit_ms=0.065/0.088/0.095 move_call_ms=0.376/0.461/0.792 sender_to_move_done_ms=0.442/0.541/0.853 cmd_age_ms=0.000 count=20 seq_gaps=0 invalid=0 last_seq=2030 cmd=(0.500,-0.000,-0.016)
TIMING_RECEIVER udp_gap_ms=50.007/52.585/60.141 udp_transit_ms=0.066/0.081/0.089 move_call_ms=0.352/0.476/0.507 sender_to_move_done_ms=0.419/0.546/0.588 cmd_age_ms=0.000 count=20 seq_gaps=0 invalid=0 last_seq=2050 cmd=(0.500,-0.000,0.034)
TIMING_RECEIVER udp_gap_ms=49.993/50.196/50.421 udp_transit_ms=0.067/0.088/0.113 move_call_ms=0.373/0.538/0.638 sender_to_move_done_ms=0.441/0.609/0.706 cmd_age_ms=0.000 count=21 seq_gaps=0 invalid=0 last_seq=2071 cmd=(0.500,-0.000,-0.009)
TIMING_RECEIVER udp_gap_ms=50.001/51.896/58.552 udp_transit_ms=0.068/0.084/0.133 move_call_ms=0.354/0.465/0.585 sender_to_move_done_ms=0.423/0.551/0.659 cmd_age_ms=0.000 count=20 seq_gaps=0 invalid=0 last_seq=2091 cmd=(0.500,-0.000,-0.019)
TIMING_RECEIVER udp_gap_ms=50.006/50.232/50.398 udp_transit_ms=0.059/0.071/0.081 move_call_ms=0.386/0.599/0.652 sender_to_move_done_ms=0.446/0.656/0.708 cmd_age_ms=0.000 count=20 seq_gaps=0 invalid=0 last_seq=2111 cmd=(0.500,-0.000,-0.033)
TIMING_RECEIVER udp_gap_ms=49.993/51.795/56.128 udp_transit_ms=0.072/0.092/0.164 move_call_ms=0.348/0.440/0.521 sender_to_move_done_ms=0.421/0.505/0.615 cmd_age_ms=0.000 count=21 seq_gaps=0 invalid=0 last_seq=2132 cmd=(0.500,-0.000,-0.052)
TIMING_RECEIVER udp_gap_ms=50.007/53.124/54.778 udp_transit_ms=0.143/0.328/1.344 move_call_ms=0.369/0.480/0.489 sender_to_move_done_ms=0.513/0.640/1.688 cmd_age_ms=0.000 count=21 seq_gaps=0 invalid=0 last_seq=2153 cmd=(0.500,-0.000,0.010)
TIMING_RECEIVER udp_gap_ms=49.999/50.679/64.259 udp_transit_ms=0.750/0.093/14.431 move_call_ms=0.401/0.541/0.610 sender_to_move_done_ms=1.152/0.681/14.744 cmd_age_ms=0.000 count=21 seq_gaps=0 invalid=0 last_seq=2174 cmd=(0.500,-0.000,0.002)
TIMING_RECEIVER udp_gap_ms=49.998/54.013/54.059 udp_transit_ms=0.068/0.083/0.090 move_call_ms=0.376/0.464/0.464 sender_to_move_done_ms=0.445/0.543/0.549 cmd_age_ms=0.000 count=21 seq_gaps=0 invalid=0 last_seq=2195 cmd=(0.500,-0.000,-0.009)
TIMING_RECEIVER udp_gap_ms=50.004/50.231/50.285 udp_transit_ms=0.069/0.091/0.119 move_call_ms=0.365/0.494/0.584 sender_to_move_done_ms=0.435/0.565/0.653 cmd_age_ms=0.000 count=20 seq_gaps=0 invalid=0 last_seq=2215 cmd=(0.500,-0.000,0.002)
TIMING_RECEIVER udp_gap_ms=49.998/53.477/56.200 udp_transit_ms=0.064/0.077/0.106 move_call_ms=0.350/0.451/0.527 sender_to_move_done_ms=0.415/0.520/0.582 cmd_age_ms=0.000 count=21 seq_gaps=0 invalid=0 last_seq=2236 cmd=(0.500,-0.000,-0.021)
TIMING_RECEIVER udp_gap_ms=49.999/50.227/50.285 udp_transit_ms=0.073/0.092/0.096 move_call_ms=0.383/0.506/0.524 sender_to_move_done_ms=0.458/0.576/0.618 cmd_age_ms=0.000 count=21 seq_gaps=0 invalid=0 last_seq=2257 cmd=(0.500,-0.000,-0.011)
TIMING_RECEIVER udp_gap_ms=50.777/55.226/66.375 udp_transit_ms=0.857/0.119/16.539 move_call_ms=0.382/0.539/0.624 sender_to_move_done_ms=1.240/0.707/17.040 cmd_age_ms=0.000 count=21 seq_gaps=0 invalid=0 last_seq=2278 cmd=(0.500,-0.000,0.019)
TIMING_RECEIVER udp_gap_ms=49.212/53.973/54.743 udp_transit_ms=0.137/0.198/1.271 move_call_ms=0.295/0.323/0.338 sender_to_move_done_ms=0.433/0.490/1.556 cmd_age_ms=0.000 count=21 seq_gaps=0 invalid=0 last_seq=2299 cmd=(0.500,-0.000,-0.018)
TIMING_RECEIVER udp_gap_ms=50.408/57.911/69.453 udp_transit_ms=0.124/0.208/0.583 move_call_ms=0.296/0.330/0.565 sender_to_move_done_ms=0.421/0.744/0.864 cmd_age_ms=0.000 count=20 seq_gaps=0 invalid=0 last_seq=2319 cmd=(0.500,-0.000,0.006)
TIMING_RECEIVER udp_gap_ms=49.624/51.561/54.650 udp_transit_ms=0.130/0.202/0.480 move_call_ms=0.277/0.304/0.306 sender_to_move_done_ms=0.409/0.492/0.786 cmd_age_ms=0.000 count=21 seq_gaps=0 invalid=0 last_seq=2340 cmd=(0.500,-0.000,0.002)
TIMING_RECEIVER udp_gap_ms=50.000/50.489/52.870 udp_transit_ms=0.119/0.164/0.742 move_call_ms=0.279/0.299/0.303 sender_to_move_done_ms=0.399/0.461/1.020 cmd_age_ms=0.000 count=20 seq_gaps=0 invalid=0 last_seq=2360 cmd=(0.500,-0.000,0.005)
TIMING_RECEIVER udp_gap_ms=50.067/54.004/54.004 udp_transit_ms=0.325/1.844/1.983 move_call_ms=0.293/0.312/0.589 sender_to_move_done_ms=0.619/2.134/2.296 cmd_age_ms=0.000 count=20 seq_gaps=0 invalid=0 last_seq=2380 cmd=(0.500,-0.000,-0.004)
TIMING_RECEIVER udp_gap_ms=50.178/51.795/54.368 udp_transit_ms=0.240/0.626/0.769 move_call_ms=0.276/0.294/0.295 sender_to_move_done_ms=0.516/0.912/1.052 cmd_age_ms=0.000 count=20 seq_gaps=0 invalid=0 last_seq=2400 cmd=(0.500,-0.000,-0.024)
TIMING_RECEIVER udp_gap_ms=49.759/53.722/55.960 udp_transit_ms=0.067/0.138/0.148 move_call_ms=0.294/0.424/0.444 sender_to_move_done_ms=0.361/0.531/0.594 cmd_age_ms=0.000 count=21 seq_gaps=0 invalid=0 last_seq=2421 cmd=(0.500,-0.000,0.025)
TIMING_RECEIVER udp_gap_ms=50.071/52.202/57.452 udp_transit_ms=0.266/0.932/1.751 move_call_ms=0.272/0.351/0.374 sender_to_move_done_ms=0.539/1.195/2.020 cmd_age_ms=0.000 count=20 seq_gaps=0 invalid=0 last_seq=2441 cmd=(0.500,-0.000,0.031)
TIMING_RECEIVER udp_gap_ms=49.947/50.521/52.778 udp_transit_ms=0.166/0.324/0.731 move_call_ms=0.293/0.343/0.347 sender_to_move_done_ms=0.460/0.598/1.018 cmd_age_ms=0.000 count=21 seq_gaps=0 invalid=0 last_seq=2462 cmd=(0.500,-0.000,0.023)
TIMING_RECEIVER udp_gap_ms=50.003/50.335/53.243 udp_transit_ms=0.080/0.111/0.233 move_call_ms=0.338/0.406/0.415 sender_to_move_done_ms=0.419/0.514/0.517 cmd_age_ms=0.000 count=20 seq_gaps=0 invalid=0 last_seq=2482 cmd=(0.500,-0.000,0.002)
TIMING_RECEIVER udp_gap_ms=49.993/50.486/50.924 udp_transit_ms=0.098/0.132/0.608 move_call_ms=0.336/0.446/0.472 sender_to_move_done_ms=0.435/0.556/0.891 cmd_age_ms=0.000 count=21 seq_gaps=0 invalid=0 last_seq=2503 cmd=(0.500,-0.000,-0.026)
TIMING_RECEIVER udp_gap_ms=49.994/50.375/50.541 udp_transit_ms=0.073/0.103/0.125 move_call_ms=0.343/0.452/0.631 sender_to_move_done_ms=0.417/0.579/0.702 cmd_age_ms=0.000 count=21 seq_gaps=0 invalid=0 last_seq=2524 cmd=(0.500,-0.000,-0.018)
TIMING_RECEIVER udp_gap_ms=50.003/56.864/59.013 udp_transit_ms=0.078/0.084/0.334 move_call_ms=0.340/0.466/0.533 sender_to_move_done_ms=0.419/0.619/0.639 cmd_age_ms=0.000 count=20 seq_gaps=0 invalid=0 last_seq=2544 cmd=(0.500,-0.000,-0.023)
TIMING_RECEIVER udp_gap_ms=50.009/50.512/56.430 udp_transit_ms=0.066/0.096/0.113 move_call_ms=0.337/0.469/0.567 sender_to_move_done_ms=0.405/0.533/0.642 cmd_age_ms=0.000 count=21 seq_gaps=0 invalid=0 last_seq=2565 cmd=(0.500,-0.000,-0.014)
TIMING_RECEIVER udp_gap_ms=49.988/50.399/51.076 udp_transit_ms=0.075/0.119/0.120 move_call_ms=0.315/0.364/0.385 sender_to_move_done_ms=0.392/0.462/0.463 cmd_age_ms=0.000 count=21 seq_gaps=0 invalid=0 last_seq=2586 cmd=(0.500,-0.000,-0.005)
TIMING_RECEIVER udp_gap_ms=50.000/55.224/55.447 udp_transit_ms=0.067/0.079/0.126 move_call_ms=0.317/0.383/0.401 sender_to_move_done_ms=0.385/0.461/0.474 cmd_age_ms=0.000 count=20 seq_gaps=0 invalid=0 last_seq=2606 cmd=(0.500,-0.000,-0.065)
TIMING_RECEIVER udp_gap_ms=50.006/52.293/55.526 udp_transit_ms=0.073/0.126/0.149 move_call_ms=0.310/0.407/0.434 sender_to_move_done_ms=0.384/0.514/0.584 cmd_age_ms=0.000 count=20 seq_gaps=0 invalid=0 last_seq=2626 cmd=(0.500,-0.000,0.001)
TIMING_RECEIVER udp_gap_ms=50.001/55.025/55.045 udp_transit_ms=0.075/0.118/0.138 move_call_ms=0.340/0.456/0.535 sender_to_move_done_ms=0.416/0.575/0.605 cmd_age_ms=0.000 count=21 seq_gaps=0 invalid=0 last_seq=2647 cmd=(0.500,-0.000,-0.076)
TIMING_RECEIVER udp_gap_ms=50.001/50.208/50.586 udp_transit_ms=0.075/0.129/0.130 move_call_ms=0.344/0.446/0.518 sender_to_move_done_ms=0.420/0.511/0.650 cmd_age_ms=0.000 count=20 seq_gaps=0 invalid=0 last_seq=2667 cmd=(0.500,-0.000,-0.159)
TIMING_RECEIVER udp_gap_ms=49.988/54.541/55.243 udp_transit_ms=0.296/0.084/4.955 move_call_ms=0.307/0.353/0.444 sender_to_move_done_ms=0.604/0.515/5.292 cmd_age_ms=0.000 count=21 seq_gaps=0 invalid=0 last_seq=2688 cmd=(0.500,-0.000,-0.083)
TIMING_RECEIVER udp_gap_ms=50.008/52.497/54.403 udp_transit_ms=0.197/0.219/2.435 move_call_ms=0.318/0.412/0.433 sender_to_move_done_ms=0.516/0.595/2.727 cmd_age_ms=0.000 count=20 seq_gaps=0 invalid=0 last_seq=2708 cmd=(0.500,-0.000,-0.080)
TIMING_RECEIVER udp_gap_ms=49.998/51.724/54.361 udp_transit_ms=0.067/0.085/0.107 move_call_ms=0.354/0.474/0.502 sender_to_move_done_ms=0.423/0.557/0.586 cmd_age_ms=0.000 count=21 seq_gaps=0 invalid=0 last_seq=2729 cmd=(0.500,-0.000,-0.027)
TIMING_RECEIVER udp_gap_ms=50.010/50.569/53.209 udp_transit_ms=0.061/0.076/0.079 move_call_ms=0.338/0.492/0.511 sender_to_move_done_ms=0.401/0.566/0.572 cmd_age_ms=0.000 count=20 seq_gaps=0 invalid=0 last_seq=2749 cmd=(0.500,-0.000,-0.010)
TIMING_RECEIVER udp_gap_ms=50.002/50.301/51.032 udp_transit_ms=0.081/0.180/0.221 move_call_ms=0.388/0.572/0.596 sender_to_move_done_ms=0.470/0.659/0.754 cmd_age_ms=0.000 count=20 seq_gaps=0 invalid=0 last_seq=2769 cmd=(0.500,-0.000,0.000)
TIMING_RECEIVER udp_gap_ms=49.994/55.453/56.109 udp_transit_ms=0.069/0.078/0.232 move_call_ms=0.345/0.439/0.453 sender_to_move_done_ms=0.415/0.513/0.523 cmd_age_ms=0.000 count=21 seq_gaps=0 invalid=0 last_seq=2790 cmd=(0.500,-0.000,0.011)
TIMING_RECEIVER udp_gap_ms=50.000/50.681/51.994 udp_transit_ms=0.088/0.086/0.462 move_call_ms=0.381/0.606/0.757 sender_to_move_done_ms=0.470/0.822/0.862 cmd_age_ms=0.000 count=20 seq_gaps=0 invalid=0 last_seq=2810 cmd=(0.500,-0.000,-0.012)
TIMING_RECEIVER udp_gap_ms=50.008/50.226/50.779 udp_transit_ms=0.063/0.080/0.088 move_call_ms=0.363/0.479/0.495 sender_to_move_done_ms=0.427/0.569/0.575 cmd_age_ms=0.000 count=20 seq_gaps=0 invalid=0 last_seq=2830 cmd=(0.500,-0.000,-0.054)
TIMING_RECEIVER udp_gap_ms=50.002/55.032/56.814 udp_transit_ms=0.081/0.202/0.204 move_call_ms=0.404/0.639/0.926 sender_to_move_done_ms=0.487/0.700/1.006 cmd_age_ms=0.000 count=21 seq_gaps=0 invalid=0 last_seq=2851 cmd=(0.500,-0.000,-0.017)
TIMING_RECEIVER udp_gap_ms=49.978/50.389/50.404 udp_transit_ms=0.076/0.086/0.343 move_call_ms=0.386/0.504/0.524 sender_to_move_done_ms=0.463/0.612/0.729 cmd_age_ms=0.000 count=21 seq_gaps=0 invalid=0 last_seq=2872 cmd=(0.500,-0.000,0.010)
TIMING_RECEIVER udp_gap_ms=50.004/52.871/55.513 udp_transit_ms=0.066/0.086/0.115 move_call_ms=0.369/0.452/0.500 sender_to_move_done_ms=0.436/0.534/0.546 cmd_age_ms=0.000 count=20 seq_gaps=0 invalid=0 last_seq=2892 cmd=(0.500,-0.000,-0.030)
TIMING_RECEIVER udp_gap_ms=50.002/50.384/50.450 udp_transit_ms=0.068/0.096/0.107 move_call_ms=0.348/0.408/0.495 sender_to_move_done_ms=0.417/0.509/0.550 cmd_age_ms=0.000 count=20 seq_gaps=0 invalid=0 last_seq=2912 cmd=(0.500,-0.000,0.045)
TIMING_RECEIVER udp_gap_ms=50.078/50.276/51.756 udp_transit_ms=0.068/0.084/0.110 move_call_ms=0.412/0.571/0.808 sender_to_move_done_ms=0.481/0.631/0.893 cmd_age_ms=0.000 count=21 seq_gaps=0 invalid=0 last_seq=2933 cmd=(0.500,-0.000,-0.034)
TIMING_RECEIVER udp_gap_ms=49.912/52.690/56.018 udp_transit_ms=0.069/0.096/0.107 move_call_ms=0.375/0.658/0.733 sender_to_move_done_ms=0.445/0.755/0.809 cmd_age_ms=0.000 count=21 seq_gaps=0 invalid=0 last_seq=2954 cmd=(0.500,-0.000,-0.024)
TIMING_RECEIVER udp_gap_ms=50.014/51.365/55.207 udp_transit_ms=0.074/0.112/0.114 move_call_ms=0.346/0.442/0.459 sender_to_move_done_ms=0.422/0.523/0.547 cmd_age_ms=0.000 count=20 seq_gaps=0 invalid=0 last_seq=2974 cmd=(0.500,-0.000,-0.048)
TIMING_RECEIVER udp_gap_ms=50.031/50.637/50.655 udp_transit_ms=0.099/0.265/0.472 move_call_ms=0.366/0.471/0.516 sender_to_move_done_ms=0.466/0.630/0.873 cmd_age_ms=0.000 count=20 seq_gaps=0 invalid=0 last_seq=2994 cmd=(0.250,-0.000,-0.450)
TIMING_RECEIVER udp_gap_ms=49.983/51.231/51.497 udp_transit_ms=0.061/0.075/0.080 move_call_ms=0.354/0.461/0.649 sender_to_move_done_ms=0.416/0.534/0.711 cmd_age_ms=0.000 count=21 seq_gaps=0 invalid=0 last_seq=3015 cmd=(0.250,-0.000,-0.450)
TIMING_RECEIVER udp_gap_ms=49.981/50.468/54.518 udp_transit_ms=0.068/0.095/0.113 move_call_ms=0.360/0.565/0.583 sender_to_move_done_ms=0.429/0.628/0.652 cmd_age_ms=0.000 count=21 seq_gaps=0 invalid=0 last_seq=3036 cmd=(0.250,-0.000,-0.450)
TIMING_RECEIVER udp_gap_ms=50.001/50.206/50.373 udp_transit_ms=0.066/0.082/0.092 move_call_ms=0.364/0.499/0.538 sender_to_move_done_ms=0.432/0.593/0.621 cmd_age_ms=0.000 count=20 seq_gaps=0 invalid=0 last_seq=3056 cmd=(0.250,-0.000,-0.450)
TIMING_RECEIVER udp_gap_ms=50.017/50.407/55.455 udp_transit_ms=0.068/0.092/0.134 move_call_ms=0.385/0.544/0.609 sender_to_move_done_ms=0.454/0.653/0.679 cmd_age_ms=0.000 count=20 seq_gaps=0 invalid=0 last_seq=3076 cmd=(0.500,-0.000,-0.301)
TIMING_RECEIVER udp_gap_ms=49.986/50.500/51.400 udp_transit_ms=0.062/0.077/0.078 move_call_ms=0.343/0.414/0.450 sender_to_move_done_ms=0.406/0.492/0.516 cmd_age_ms=0.000 count=21 seq_gaps=0 invalid=0 last_seq=3097 cmd=(0.500,-0.000,-0.003)
TIMING_RECEIVER udp_gap_ms=50.006/51.723/54.672 udp_transit_ms=0.086/0.117/0.310 move_call_ms=0.310/0.370/0.423 sender_to_move_done_ms=0.397/0.495/0.583 cmd_age_ms=0.000 count=20 seq_gaps=0 invalid=0 last_seq=3117 cmd=(0.500,-0.000,0.012)
TIMING_RECEIVER udp_gap_ms=50.035/53.197/55.109 udp_transit_ms=0.117/0.141/0.166 move_call_ms=0.303/0.425/0.554 sender_to_move_done_ms=0.421/0.557/0.722 cmd_age_ms=0.000 count=20 seq_gaps=0 invalid=0 last_seq=3137 cmd=(0.500,-0.000,0.033)
TIMING_RECEIVER udp_gap_ms=49.954/54.564/56.170 udp_transit_ms=0.089/0.133/0.134 move_call_ms=0.270/0.287/0.293 sender_to_move_done_ms=0.360/0.404/0.407 cmd_age_ms=0.000 count=21 seq_gaps=0 invalid=0 last_seq=3158 cmd=(0.500,-0.000,0.011)
TIMING_RECEIVER udp_gap_ms=50.062/52.019/52.185 udp_transit_ms=0.067/0.126/0.225 move_call_ms=0.263/0.295/0.300 sender_to_move_done_ms=0.331/0.419/0.504 cmd_age_ms=0.000 count=20 seq_gaps=0 invalid=0 last_seq=3178 cmd=(0.500,-0.000,0.015)
TIMING_RECEIVER udp_gap_ms=49.959/51.280/56.835 udp_transit_ms=0.061/0.079/0.217 move_call_ms=0.301/0.384/0.390 sender_to_move_done_ms=0.363/0.450/0.551 cmd_age_ms=0.000 count=21 seq_gaps=0 invalid=0 last_seq=3199 cmd=(0.500,-0.000,-0.041)
TIMING_RECEIVER udp_gap_ms=49.989/51.278/52.197 udp_transit_ms=0.102/0.132/0.134 move_call_ms=0.251/0.320/0.353 sender_to_move_done_ms=0.354/0.443/0.448 cmd_age_ms=0.000 count=21 seq_gaps=0 invalid=0 last_seq=3220 cmd=(0.500,-0.000,-0.027)
TIMING_RECEIVER udp_gap_ms=50.082/51.435/52.968 udp_transit_ms=0.112/0.133/0.150 move_call_ms=0.277/0.383/0.402 sender_to_move_done_ms=0.390/0.507/0.535 cmd_age_ms=0.000 count=20 seq_gaps=0 invalid=0 last_seq=3240 cmd=(0.500,-0.000,0.057)
TIMING_RECEIVER udp_gap_ms=50.225/51.996/55.785 udp_transit_ms=0.377/0.706/4.360 move_call_ms=0.284/0.322/0.364 sender_to_move_done_ms=0.663/0.976/4.683 cmd_age_ms=0.000 count=21 seq_gaps=0 invalid=0 last_seq=3261 cmd=(0.500,-0.000,0.120)
TIMING_RECEIVER udp_gap_ms=49.718/53.118/56.888 udp_transit_ms=0.146/0.380/0.697 move_call_ms=0.280/0.304/0.308 sender_to_move_done_ms=0.427/0.638/0.990 cmd_age_ms=0.000 count=21 seq_gaps=0 invalid=0 last_seq=3282 cmd=(0.500,-0.000,0.161)
TIMING_RECEIVER udp_gap_ms=49.981/52.102/54.669 udp_transit_ms=0.071/0.113/0.188 move_call_ms=0.323/0.406/0.548 sender_to_move_done_ms=0.395/0.467/0.737 cmd_age_ms=0.000 count=21 seq_gaps=0 invalid=0 last_seq=3303 cmd=(0.500,-0.000,0.139)
TIMING_RECEIVER udp_gap_ms=49.998/50.472/55.345 udp_transit_ms=0.071/0.105/0.108 move_call_ms=0.326/0.396/0.550 sender_to_move_done_ms=0.397/0.484/0.634 cmd_age_ms=0.000 count=21 seq_gaps=0 invalid=0 last_seq=3324 cmd=(0.500,-0.000,-0.083)
TIMING_RECEIVER udp_gap_ms=50.000/55.375/58.249 udp_transit_ms=0.074/0.140/0.171 move_call_ms=0.328/0.398/0.400 sender_to_move_done_ms=0.403/0.494/0.510 cmd_age_ms=0.000 count=21 seq_gaps=0 invalid=0 last_seq=3345 cmd=(0.500,-0.000,-0.061)
TIMING_RECEIVER udp_gap_ms=49.991/50.278/50.368 udp_transit_ms=0.085/0.237/0.270 move_call_ms=0.347/0.407/0.599 sender_to_move_done_ms=0.433/0.592/0.659 cmd_age_ms=0.000 count=21 seq_gaps=0 invalid=0 last_seq=3366 cmd=(0.500,-0.000,-0.044)
TIMING_RECEIVER udp_gap_ms=50.010/51.558/52.683 udp_transit_ms=0.066/0.083/0.087 move_call_ms=0.324/0.390/0.395 sender_to_move_done_ms=0.391/0.459/0.478 cmd_age_ms=0.000 count=20 seq_gaps=0 invalid=0 last_seq=3386 cmd=(0.500,-0.000,-0.001)
TIMING_RECEIVER udp_gap_ms=50.002/56.257/56.698 udp_transit_ms=0.069/0.080/0.173 move_call_ms=0.361/0.497/0.697 sender_to_move_done_ms=0.431/0.561/0.767 cmd_age_ms=0.000 count=20 seq_gaps=0 invalid=0 last_seq=3406 cmd=(0.500,-0.000,-0.023)
TIMING_RECEIVER udp_gap_ms=50.007/50.395/51.291 udp_transit_ms=0.073/0.109/0.138 move_call_ms=0.334/0.452/0.491 sender_to_move_done_ms=0.408/0.519/0.557 cmd_age_ms=0.000 count=20 seq_gaps=0 invalid=0 last_seq=3426 cmd=(0.500,-0.000,-0.003)
TIMING_RECEIVER udp_gap_ms=49.988/52.906/55.148 udp_transit_ms=0.071/0.099/0.110 move_call_ms=0.365/0.654/0.724 sender_to_move_done_ms=0.438/0.731/0.802 cmd_age_ms=0.000 count=21 seq_gaps=0 invalid=0 last_seq=3447 cmd=(0.500,-0.000,0.016)
TIMING_RECEIVER udp_gap_ms=50.009/50.389/53.366 udp_transit_ms=0.079/0.129/0.169 move_call_ms=0.362/0.482/0.760 sender_to_move_done_ms=0.442/0.559/0.846 cmd_age_ms=0.000 count=20 seq_gaps=0 invalid=0 last_seq=3467 cmd=(0.500,-0.000,-0.043)
TIMING_RECEIVER udp_gap_ms=50.210/51.535/54.634 udp_transit_ms=0.071/0.095/0.105 move_call_ms=0.312/0.404/0.405 sender_to_move_done_ms=0.384/0.473/0.485 cmd_age_ms=0.000 count=21 seq_gaps=0 invalid=0 last_seq=3488 cmd=(0.500,-0.000,-0.033)
TIMING_RECEIVER udp_gap_ms=49.788/50.310/50.361 udp_transit_ms=0.069/0.088/0.091 move_call_ms=0.332/0.401/0.403 sender_to_move_done_ms=0.403/0.476/0.484 cmd_age_ms=0.000 count=21 seq_gaps=0 invalid=0 last_seq=3509 cmd=(0.500,-0.000,0.020)
TIMING_RECEIVER udp_gap_ms=49.992/50.328/50.349 udp_transit_ms=0.079/0.116/0.286 move_call_ms=0.442/0.492/2.605 sender_to_move_done_ms=0.522/0.684/2.722 cmd_age_ms=0.000 count=21 seq_gaps=0 invalid=0 last_seq=3530 cmd=(0.500,-0.000,0.022)
TIMING_RECEIVER udp_gap_ms=49.994/58.486/59.419 udp_transit_ms=0.067/0.097/0.122 move_call_ms=0.330/0.394/0.520 sender_to_move_done_ms=0.399/0.458/0.617 cmd_age_ms=0.000 count=21 seq_gaps=0 invalid=0 last_seq=3551 cmd=(0.500,-0.000,-0.020)
TIMING_RECEIVER udp_gap_ms=50.019/50.253/57.190 udp_transit_ms=0.065/0.082/0.084 move_call_ms=0.378/0.398/0.855 sender_to_move_done_ms=0.444/0.471/0.915 cmd_age_ms=0.000 count=20 seq_gaps=0 invalid=0 last_seq=3571 cmd=(0.500,-0.000,0.069)
TIMING_RECEIVER udp_gap_ms=49.986/52.263/86.083 udp_transit_ms=0.092/0.154/0.260 move_call_ms=0.309/0.370/0.374 sender_to_move_done_ms=0.402/0.486/0.631 cmd_age_ms=0.000 count=21 seq_gaps=0 invalid=0 last_seq=3592 cmd=(0.500,-0.000,0.050)
TIMING_RECEIVER udp_gap_ms=50.005/50.506/53.140 udp_transit_ms=0.086/0.134/0.300 move_call_ms=0.306/0.358/0.399 sender_to_move_done_ms=0.393/0.462/0.556 cmd_age_ms=0.000 count=20 seq_gaps=0 invalid=0 last_seq=3612 cmd=(0.500,-0.000,0.084)
TIMING_RECEIVER udp_gap_ms=50.007/50.791/52.322 udp_transit_ms=0.067/0.087/0.102 move_call_ms=0.372/0.497/0.516 sender_to_move_done_ms=0.440/0.573/0.575 cmd_age_ms=0.000 count=20 seq_gaps=0 invalid=0 last_seq=3632 cmd=(0.500,-0.000,0.030)
TIMING_RECEIVER udp_gap_ms=49.991/56.162/57.598 udp_transit_ms=0.069/0.100/0.127 move_call_ms=0.373/0.486/0.502 sender_to_move_done_ms=0.443/0.565/0.587 cmd_age_ms=0.000 count=21 seq_gaps=0 invalid=0 last_seq=3653 cmd=(0.500,-0.000,-0.039)
TIMING_RECEIVER udp_gap_ms=50.013/50.493/50.550 udp_transit_ms=0.078/0.117/0.174 move_call_ms=0.396/0.572/0.726 sender_to_move_done_ms=0.475/0.639/0.902 cmd_age_ms=0.000 count=20 seq_gaps=0 invalid=0 last_seq=3673 cmd=(0.500,-0.000,-0.061)
TIMING_RECEIVER udp_gap_ms=49.990/54.378/57.921 udp_transit_ms=0.075/0.085/0.130 move_call_ms=0.355/0.464/0.555 sender_to_move_done_ms=0.430/0.545/0.686 cmd_age_ms=0.000 count=21 seq_gaps=0 invalid=0 last_seq=3694 cmd=(0.500,-0.000,-0.061)
TIMING_RECEIVER udp_gap_ms=50.011/50.648/50.850 udp_transit_ms=0.072/0.086/0.101 move_call_ms=0.369/0.521/0.524 sender_to_move_done_ms=0.443/0.594/0.597 cmd_age_ms=0.000 count=20 seq_gaps=0 invalid=0 last_seq=3714 cmd=(0.500,-0.000,-0.038)
TIMING_RECEIVER udp_gap_ms=50.076/55.008/56.013 udp_transit_ms=0.076/0.116/0.181 move_call_ms=0.359/0.514/0.608 sender_to_move_done_ms=0.436/0.587/0.672 cmd_age_ms=0.000 count=21 seq_gaps=0 invalid=0 last_seq=3735 cmd=(0.500,-0.000,-0.022)
TIMING_RECEIVER udp_gap_ms=49.907/53.353/55.512 udp_transit_ms=0.073/0.105/0.128 move_call_ms=0.470/0.574/2.130 sender_to_move_done_ms=0.544/0.642/2.229 cmd_age_ms=0.000 count=21 seq_gaps=0 invalid=0 last_seq=3756 cmd=(0.500,-0.000,0.027)
TIMING_RECEIVER udp_gap_ms=50.011/50.481/50.630 udp_transit_ms=0.063/0.094/0.094 move_call_ms=0.342/0.399/0.498 sender_to_move_done_ms=0.406/0.477/0.593 cmd_age_ms=0.000 count=20 seq_gaps=0 invalid=0 last_seq=3776 cmd=(0.500,-0.000,0.005)
TIMING_RECEIVER udp_gap_ms=50.005/50.357/53.904 udp_transit_ms=0.067/0.086/0.093 move_call_ms=0.356/0.418/0.458 sender_to_move_done_ms=0.424/0.489/0.535 cmd_age_ms=0.000 count=21 seq_gaps=0 invalid=0 last_seq=3797 cmd=(0.500,-0.000,0.045)
TIMING_RECEIVER udp_gap_ms=50.010/50.648/51.368 udp_transit_ms=0.094/0.227/0.280 move_call_ms=0.358/0.499/0.711 sender_to_move_done_ms=0.453/0.577/0.939 cmd_age_ms=0.000 count=21 seq_gaps=0 invalid=0 last_seq=3818 cmd=(0.500,-0.000,0.043)
TIMING_RECEIVER udp_gap_ms=50.140/53.695/56.711 udp_transit_ms=0.072/0.093/0.156 move_call_ms=0.383/0.542/0.604 sender_to_move_done_ms=0.456/0.607/0.683 cmd_age_ms=0.000 count=21 seq_gaps=0 invalid=0 last_seq=3839 cmd=(0.500,-0.000,-0.028)
TIMING_RECEIVER udp_gap_ms=49.840/50.371/50.379 udp_transit_ms=0.072/0.094/0.101 move_call_ms=0.404/0.545/0.587 sender_to_move_done_ms=0.477/0.639/0.668 cmd_age_ms=0.000 count=21 seq_gaps=0 invalid=0 last_seq=3860 cmd=(0.500,-0.000,0.015)
TIMING_RECEIVER udp_gap_ms=50.011/50.375/50.420 udp_transit_ms=0.070/0.090/0.110 move_call_ms=0.406/0.583/0.650 sender_to_move_done_ms=0.477/0.671/0.761 cmd_age_ms=0.000 count=21 seq_gaps=0 invalid=0 last_seq=3881 cmd=(0.500,-0.000,-0.088)
TIMING_RECEIVER udp_gap_ms=50.033/53.826/55.348 udp_transit_ms=0.065/0.086/0.102 move_call_ms=0.375/0.495/0.587 sender_to_move_done_ms=0.442/0.582/0.664 cmd_age_ms=0.000 count=21 seq_gaps=0 invalid=0 last_seq=3902 cmd=(0.500,-0.000,-0.065)
TIMING_RECEIVER udp_gap_ms=49.967/50.307/56.927 udp_transit_ms=0.074/0.101/0.107 move_call_ms=0.365/0.506/0.645 sender_to_move_done_ms=0.440/0.614/0.745 cmd_age_ms=0.000 count=21 seq_gaps=0 invalid=0 last_seq=3923 cmd=(0.500,-0.000,-0.096)
TIMING_RECEIVER udp_gap_ms=50.223/54.221/54.764 udp_transit_ms=0.067/0.077/0.145 move_call_ms=0.384/0.500/0.573 sender_to_move_done_ms=0.452/0.578/0.635 cmd_age_ms=0.000 count=20 seq_gaps=0 invalid=0 last_seq=3943 cmd=(0.500,-0.000,-0.067)
TIMING_RECEIVER udp_gap_ms=49.778/50.978/55.390 udp_transit_ms=0.065/0.085/0.085 move_call_ms=0.363/0.536/0.566 sender_to_move_done_ms=0.429/0.605/0.631 cmd_age_ms=0.000 count=21 seq_gaps=0 invalid=0 last_seq=3964 cmd=(0.500,-0.000,-0.013)
TIMING_RECEIVER udp_gap_ms=49.993/50.722/51.783 udp_transit_ms=0.076/0.095/0.095 move_call_ms=0.361/0.534/0.557 sender_to_move_done_ms=0.439/0.630/0.650 cmd_age_ms=0.000 count=21 seq_gaps=0 invalid=0 last_seq=3985 cmd=(0.500,-0.000,-0.014)
TIMING_RECEIVER udp_gap_ms=50.010/50.261/50.420 udp_transit_ms=0.074/0.101/0.156 move_call_ms=0.413/0.603/0.650 sender_to_move_done_ms=0.489/0.677/0.808 cmd_age_ms=0.000 count=20 seq_gaps=0 invalid=0 last_seq=4005 cmd=(0.500,-0.000,0.033)
TIMING_RECEIVER udp_gap_ms=50.022/51.604/51.945 udp_transit_ms=0.114/0.201/0.459 move_call_ms=0.351/0.532/0.595 sender_to_move_done_ms=0.466/0.668/0.783 cmd_age_ms=0.000 count=20 seq_gaps=0 invalid=0 last_seq=4025 cmd=(0.500,-0.000,-0.002)
TIMING_RECEIVER udp_gap_ms=50.018/52.274/60.778 udp_transit_ms=0.071/0.106/0.262 move_call_ms=0.295/0.452/0.452 sender_to_move_done_ms=0.368/0.539/0.559 cmd_age_ms=0.000 count=20 seq_gaps=0 invalid=0 last_seq=4045 cmd=(0.500,-0.000,-0.023)
TIMING_RECEIVER udp_gap_ms=49.965/53.010/53.901 udp_transit_ms=0.100/0.165/0.274 move_call_ms=0.297/0.426/0.448 sender_to_move_done_ms=0.399/0.550/0.592 cmd_age_ms=0.000 count=21 seq_gaps=0 invalid=0 last_seq=4066 cmd=(0.500,-0.000,0.045)
TIMING_RECEIVER udp_gap_ms=50.078/54.744/56.288 udp_transit_ms=0.106/0.152/0.418 move_call_ms=0.266/0.288/0.291 sender_to_move_done_ms=0.373/0.418/0.684 cmd_age_ms=0.000 count=21 seq_gaps=0 invalid=0 last_seq=4087 cmd=(0.500,-0.000,0.032)
TIMING_RECEIVER udp_gap_ms=49.913/50.810/53.543 udp_transit_ms=0.112/0.418/0.661 move_call_ms=0.283/0.375/0.398 sender_to_move_done_ms=0.396/0.681/0.937 cmd_age_ms=0.000 count=21 seq_gaps=0 invalid=0 last_seq=4108 cmd=(0.500,-0.000,-0.075)
TIMING_RECEIVER udp_gap_ms=50.014/51.533/51.754 udp_transit_ms=0.098/0.123/0.151 move_call_ms=0.263/0.279/0.282 sender_to_move_done_ms=0.362/0.399/0.420 cmd_age_ms=0.000 count=20 seq_gaps=0 invalid=0 last_seq=4128 cmd=(0.500,-0.000,-0.048)
TIMING_RECEIVER udp_gap_ms=50.102/50.836/52.343 udp_transit_ms=0.139/0.143/1.389 move_call_ms=0.293/0.324/0.659 sender_to_move_done_ms=0.434/0.735/1.660 cmd_age_ms=0.000 count=21 seq_gaps=0 invalid=0 last_seq=4149 cmd=(0.500,-0.000,-0.017)
TIMING_RECEIVER udp_gap_ms=49.890/54.393/58.363 udp_transit_ms=0.102/0.272/0.370 move_call_ms=0.276/0.308/0.320 sender_to_move_done_ms=0.379/0.545/0.631 cmd_age_ms=0.000 count=21 seq_gaps=0 invalid=0 last_seq=4170 cmd=(0.500,-0.000,-0.043)
TIMING_RECEIVER udp_gap_ms=50.003/52.299/57.289 udp_transit_ms=0.082/0.163/0.191 move_call_ms=0.288/0.306/0.324 sender_to_move_done_ms=0.371/0.445/0.493 cmd_age_ms=0.000 count=20 seq_gaps=0 invalid=0 last_seq=4190 cmd=(0.500,-0.000,-0.045)
TIMING_RECEIVER udp_gap_ms=50.006/50.509/51.269 udp_transit_ms=0.072/0.098/0.107 move_call_ms=0.303/0.377/0.384 sender_to_move_done_ms=0.375/0.474/0.476 cmd_age_ms=0.000 count=20 seq_gaps=0 invalid=0 last_seq=4210 cmd=(0.500,-0.000,-0.035)
TIMING_RECEIVER udp_gap_ms=49.995/53.135/59.761 udp_transit_ms=0.070/0.093/0.100 move_call_ms=0.328/0.417/0.440 sender_to_move_done_ms=0.400/0.499/0.522 cmd_age_ms=0.000 count=21 seq_gaps=0 invalid=0 last_seq=4231 cmd=(0.500,-0.000,-0.017)
TIMING_RECEIVER udp_gap_ms=50.109/50.447/52.563 udp_transit_ms=0.071/0.107/0.173 move_call_ms=0.314/0.377/0.384 sender_to_move_done_ms=0.386/0.484/0.493 cmd_age_ms=0.000 count=21 seq_gaps=0 invalid=0 last_seq=4252 cmd=(0.500,-0.000,0.038)
TIMING_RECEIVER udp_gap_ms=49.880/56.778/56.877 udp_transit_ms=0.074/0.097/0.218 move_call_ms=0.302/0.370/0.393 sender_to_move_done_ms=0.378/0.468/0.524 cmd_age_ms=0.000 count=21 seq_gaps=0 invalid=0 last_seq=4273 cmd=(0.500,-0.000,0.019)
TIMING_RECEIVER udp_gap_ms=50.004/50.298/50.400 udp_transit_ms=0.076/0.119/0.212 move_call_ms=0.347/0.493/0.860 sender_to_move_done_ms=0.424/0.569/0.933 cmd_age_ms=0.000 count=20 seq_gaps=0 invalid=0 last_seq=4293 cmd=(0.500,-0.000,0.019)
TIMING_RECEIVER udp_gap_ms=50.029/57.152/58.746 udp_transit_ms=0.068/0.098/0.101 move_call_ms=0.341/0.456/0.531 sender_to_move_done_ms=0.410/0.528/0.595 cmd_age_ms=0.000 count=20 seq_gaps=0 invalid=0 last_seq=4313 cmd=(0.500,-0.000,0.058)
TIMING_RECEIVER udp_gap_ms=49.973/50.327/53.534 udp_transit_ms=0.065/0.083/0.084 move_call_ms=0.328/0.450/0.546 sender_to_move_done_ms=0.394/0.529/0.608 cmd_age_ms=0.000 count=21 seq_gaps=0 invalid=0 last_seq=4334 cmd=(0.500,-0.000,0.046)
TIMING_RECEIVER udp_gap_ms=50.007/50.320/50.383 udp_transit_ms=0.073/0.087/0.230 move_call_ms=0.324/0.394/0.408 sender_to_move_done_ms=0.398/0.475/0.580 cmd_age_ms=0.000 count=21 seq_gaps=0 invalid=0 last_seq=4355 cmd=(0.500,-0.000,0.038)
TIMING_RECEIVER udp_gap_ms=49.988/50.387/52.035 udp_transit_ms=0.067/0.085/0.092 move_call_ms=0.325/0.409/0.446 sender_to_move_done_ms=0.393/0.502/0.531 cmd_age_ms=0.000 count=21 seq_gaps=0 invalid=0 last_seq=4376 cmd=(0.500,-0.000,0.043)
TIMING_RECEIVER udp_gap_ms=50.026/50.337/50.600 udp_transit_ms=0.072/0.100/0.112 move_call_ms=0.322/0.398/0.403 sender_to_move_done_ms=0.395/0.484/0.485 cmd_age_ms=0.000 count=20 seq_gaps=0 invalid=0 last_seq=4396 cmd=(0.500,-0.000,-0.081)
TIMING_RECEIVER udp_gap_ms=49.979/53.653/66.914 udp_transit_ms=0.075/0.128/0.192 move_call_ms=0.334/0.426/0.711 sender_to_move_done_ms=0.411/0.482/0.773 cmd_age_ms=0.000 count=21 seq_gaps=0 invalid=0 last_seq=4417 cmd=(0.500,-0.000,-0.064)
TIMING_RECEIVER udp_gap_ms=50.005/50.502/51.493 udp_transit_ms=0.085/0.206/0.294 move_call_ms=0.324/0.494/0.581 sender_to_move_done_ms=0.410/0.587/0.632 cmd_age_ms=0.000 count=20 seq_gaps=0 invalid=0 last_seq=4437 cmd=(0.500,-0.000,-0.037)
TIMING_RECEIVER udp_gap_ms=50.002/50.552/54.756 udp_transit_ms=0.078/0.128/0.162 move_call_ms=0.347/0.454/0.540 sender_to_move_done_ms=0.426/0.543/0.632 cmd_age_ms=0.000 count=21 seq_gaps=0 invalid=0 last_seq=4458 cmd=(0.500,-0.000,-0.045)
TIMING_RECEIVER udp_gap_ms=50.000/54.728/58.449 udp_transit_ms=0.480/0.104/8.321 move_call_ms=0.337/0.408/0.491 sender_to_move_done_ms=0.819/0.555/8.638 cmd_age_ms=0.000 count=20 seq_gaps=0 invalid=0 last_seq=4478 cmd=(0.500,-0.000,-0.070)
TIMING_RECEIVER udp_gap_ms=50.002/50.566/51.354 udp_transit_ms=0.068/0.083/0.093 move_call_ms=0.409/0.540/0.765 sender_to_move_done_ms=0.478/0.610/0.828 cmd_age_ms=0.000 count=20 seq_gaps=0 invalid=0 last_seq=4498 cmd=(0.500,-0.000,-0.075)
TIMING_RECEIVER udp_gap_ms=50.002/52.515/57.287 udp_transit_ms=0.064/0.077/0.085 move_call_ms=0.350/0.513/0.539 sender_to_move_done_ms=0.415/0.586/0.597 cmd_age_ms=0.000 count=21 seq_gaps=0 invalid=0 last_seq=4519 cmd=(0.500,-0.000,-0.044)
TIMING_RECEIVER udp_gap_ms=49.985/50.287/50.511 udp_transit_ms=0.063/0.076/0.132 move_call_ms=0.372/0.521/0.584 sender_to_move_done_ms=0.437/0.581/0.650 cmd_age_ms=0.000 count=21 seq_gaps=0 invalid=0 last_seq=4540 cmd=(0.500,-0.000,0.020)
TIMING_RECEIVER udp_gap_ms=50.013/52.465/56.987 udp_transit_ms=0.073/0.119/0.148 move_call_ms=0.330/0.397/0.493 sender_to_move_done_ms=0.404/0.515/0.562 cmd_age_ms=0.000 count=21 seq_gaps=0 invalid=0 last_seq=4561 cmd=(0.500,-0.000,-0.023)
TIMING_RECEIVER udp_gap_ms=50.003/54.985/58.273 udp_transit_ms=0.068/0.081/0.082 move_call_ms=0.441/0.714/1.570 sender_to_move_done_ms=0.510/0.796/1.649 cmd_age_ms=0.000 count=21 seq_gaps=0 invalid=0 last_seq=4582 cmd=(0.500,-0.000,-0.005)
TIMING_RECEIVER udp_gap_ms=50.095/50.943/52.226 udp_transit_ms=0.071/0.087/0.093 move_call_ms=0.361/0.487/0.511 sender_to_move_done_ms=0.434/0.570/0.596 cmd_age_ms=0.000 count=21 seq_gaps=0 invalid=0 last_seq=4603 cmd=(0.500,-0.000,0.013)
TIMING_RECEIVER udp_gap_ms=49.891/54.169/56.660 udp_transit_ms=0.250/0.117/3.895 move_call_ms=0.378/0.555/0.556 sender_to_move_done_ms=0.629/0.635/4.319 cmd_age_ms=0.000 count=21 seq_gaps=0 invalid=0 last_seq=4624 cmd=(0.500,-0.000,0.072)
TIMING_RECEIVER udp_gap_ms=50.014/50.348/50.370 udp_transit_ms=0.059/0.074/0.078 move_call_ms=0.373/0.489/0.524 sender_to_move_done_ms=0.433/0.562/0.585 cmd_age_ms=0.000 count=21 seq_gaps=0 invalid=0 last_seq=4645 cmd=(0.500,-0.000,0.072)
TIMING_RECEIVER udp_gap_ms=50.432/56.635/59.117 udp_transit_ms=0.061/0.075/0.082 move_call_ms=0.363/0.613/0.714 sender_to_move_done_ms=0.426/0.680/0.776 cmd_age_ms=0.000 count=21 seq_gaps=0 invalid=0 last_seq=4666 cmd=(0.500,-0.000,0.008)
TIMING_RECEIVER udp_gap_ms=49.562/50.271/50.300 udp_transit_ms=0.064/0.085/0.091 move_call_ms=0.389/0.542/0.551 sender_to_move_done_ms=0.454/0.627/0.628 cmd_age_ms=0.000 count=21 seq_gaps=0 invalid=0 last_seq=4687 cmd=(0.500,-0.000,-0.052)
TIMING_RECEIVER udp_gap_ms=50.001/50.355/53.058 udp_transit_ms=0.068/0.103/0.130 move_call_ms=0.382/0.551/0.618 sender_to_move_done_ms=0.450/0.655/0.685 cmd_age_ms=0.000 count=21 seq_gaps=0 invalid=0 last_seq=4708 cmd=(0.500,-0.000,-0.049)
TIMING_RECEIVER udp_gap_ms=50.004/56.131/56.749 udp_transit_ms=0.106/0.121/0.788 move_call_ms=0.385/0.523/0.529 sender_to_move_done_ms=0.493/0.611/1.060 cmd_age_ms=0.000 count=20 seq_gaps=0 invalid=0 last_seq=4728 cmd=(0.500,-0.000,-0.038)
TIMING_RECEIVER udp_gap_ms=49.997/50.467/52.534 udp_transit_ms=0.073/0.107/0.132 move_call_ms=0.388/0.550/0.611 sender_to_move_done_ms=0.462/0.630/0.667 cmd_age_ms=0.000 count=21 seq_gaps=0 invalid=0 last_seq=4749 cmd=(0.500,-0.000,-0.018)
TIMING_RECEIVER udp_gap_ms=50.001/50.298/51.446 udp_transit_ms=0.068/0.099/0.131 move_call_ms=0.367/0.521/0.561 sender_to_move_done_ms=0.436/0.628/0.653 cmd_age_ms=0.000 count=20 seq_gaps=0 invalid=0 last_seq=4769 cmd=(0.500,-0.000,-0.063)
TIMING_RECEIVER udp_gap_ms=50.008/50.260/50.425 udp_transit_ms=0.074/0.118/0.124 move_call_ms=0.399/0.592/0.599 sender_to_move_done_ms=0.475/0.676/0.688 cmd_age_ms=0.000 count=21 seq_gaps=0 invalid=0 last_seq=4790 cmd=(0.500,-0.000,-0.063)
TIMING_RECEIVER udp_gap_ms=50.090/53.123/56.360 udp_transit_ms=0.077/0.134/0.196 move_call_ms=0.396/0.615/0.873 sender_to_move_done_ms=0.474/0.812/0.940 cmd_age_ms=0.000 count=21 seq_gaps=0 invalid=0 last_seq=4811 cmd=(0.500,-0.000,-0.036)
TIMING_RECEIVER udp_gap_ms=49.901/52.343/54.082 udp_transit_ms=0.095/0.172/0.410 move_call_ms=0.392/0.582/0.615 sender_to_move_done_ms=0.488/0.689/0.755 cmd_age_ms=0.000 count=21 seq_gaps=0 invalid=0 last_seq=4832 cmd=(0.500,-0.000,-0.001)
TIMING_RECEIVER udp_gap_ms=50.105/53.377/66.207 udp_transit_ms=0.275/0.220/3.581 move_call_ms=0.315/0.436/0.439 sender_to_move_done_ms=0.591/0.602/3.859 cmd_age_ms=0.000 count=20 seq_gaps=0 invalid=0 last_seq=4852 cmd=(0.500,-0.000,-0.031)
TIMING_RECEIVER udp_gap_ms=49.941/51.906/52.010 udp_transit_ms=0.275/0.796/1.456 move_call_ms=0.276/0.297/0.311 sender_to_move_done_ms=0.553/1.081/1.730 cmd_age_ms=0.000 count=21 seq_gaps=0 invalid=0 last_seq=4873 cmd=(0.500,-0.000,0.003)
TIMING_RECEIVER udp_gap_ms=49.979/51.147/52.928 udp_transit_ms=0.091/0.131/0.133 move_call_ms=0.278/0.309/0.439 sender_to_move_done_ms=0.370/0.413/0.550 cmd_age_ms=0.000 count=21 seq_gaps=0 invalid=0 last_seq=4894 cmd=(0.500,-0.000,0.000)
TIMING_RECEIVER udp_gap_ms=50.001/54.536/54.863 udp_transit_ms=0.126/0.242/0.284 move_call_ms=0.290/0.394/0.408 sender_to_move_done_ms=0.418/0.533/0.576 cmd_age_ms=0.000 count=21 seq_gaps=0 invalid=0 last_seq=4915 cmd=(0.500,-0.000,0.056)
TIMING_RECEIVER udp_gap_ms=50.004/55.560/55.882 udp_transit_ms=0.138/0.280/0.566 move_call_ms=0.317/0.401/0.765 sender_to_move_done_ms=0.456/0.873/0.891 cmd_age_ms=0.000 count=20 seq_gaps=0 invalid=0 last_seq=4935 cmd=(0.500,-0.000,0.037)
TIMING_RECEIVER udp_gap_ms=50.039/52.919/53.064 udp_transit_ms=0.257/1.575/2.011 move_call_ms=0.298/0.333/0.514 sender_to_move_done_ms=0.556/1.882/2.527 cmd_age_ms=0.000 count=21 seq_gaps=0 invalid=0 last_seq=4956 cmd=(0.500,-0.000,0.039)
TIMING_RECEIVER udp_gap_ms=49.938/50.690/51.217 udp_transit_ms=0.164/0.454/0.935 move_call_ms=0.307/0.417/0.651 sender_to_move_done_ms=0.474/0.767/1.202 cmd_age_ms=0.000 count=21 seq_gaps=0 invalid=0 last_seq=4977 cmd=(0.500,-0.000,0.058)
TIMING_RECEIVER udp_gap_ms=50.009/55.256/59.098 udp_transit_ms=0.111/0.156/0.198 move_call_ms=0.316/0.478/0.771 sender_to_move_done_ms=0.429/0.635/0.883 cmd_age_ms=0.000 count=20 seq_gaps=0 invalid=0 last_seq=4997 cmd=(0.500,-0.000,-0.095)
TIMING_RECEIVER udp_gap_ms=50.388/58.194/59.201 udp_transit_ms=0.166/0.669/0.875 move_call_ms=0.375/0.747/1.329 sender_to_move_done_ms=0.542/1.432/1.623 cmd_age_ms=0.000 count=20 seq_gaps=0 invalid=0 last_seq=5017 cmd=(0.500,-0.000,-0.079)
TIMING_RECEIVER udp_gap_ms=49.607/50.323/50.358 udp_transit_ms=0.079/0.156/0.177 move_call_ms=0.346/0.501/0.553 sender_to_move_done_ms=0.426/0.576/0.609 cmd_age_ms=0.000 count=21 seq_gaps=0 invalid=0 last_seq=5038 cmd=(0.500,-0.000,-0.067)
TIMING_RECEIVER udp_gap_ms=50.005/50.410/50.740 udp_transit_ms=0.068/0.084/0.089 move_call_ms=0.344/0.410/0.483 sender_to_move_done_ms=0.413/0.501/0.562 cmd_age_ms=0.000 count=20 seq_gaps=0 invalid=0 last_seq=5058 cmd=(0.500,-0.000,-0.049)
TIMING_RECEIVER udp_gap_ms=50.012/50.166/50.218 udp_transit_ms=0.070/0.145/0.145 move_call_ms=0.345/0.406/0.588 sender_to_move_done_ms=0.417/0.510/0.647 cmd_age_ms=0.000 count=20 seq_gaps=0 invalid=0 last_seq=5078 cmd=(0.500,-0.000,-0.067)
TIMING_RECEIVER udp_gap_ms=50.006/50.570/51.011 udp_transit_ms=0.075/0.105/0.136 move_call_ms=0.347/0.513/0.522 sender_to_move_done_ms=0.424/0.610/0.620 cmd_age_ms=0.000 count=20 seq_gaps=0 invalid=0 last_seq=5098 cmd=(0.500,-0.000,-0.034)
TIMING_RECEIVER udp_gap_ms=50.001/54.570/56.742 udp_transit_ms=0.073/0.098/0.151 move_call_ms=0.359/0.563/0.632 sender_to_move_done_ms=0.434/0.657/0.731 cmd_age_ms=0.000 count=21 seq_gaps=0 invalid=0 last_seq=5119 cmd=(0.500,-0.000,-0.038)
TIMING_RECEIVER udp_gap_ms=49.977/50.422/53.204 udp_transit_ms=0.075/0.123/0.127 move_call_ms=0.316/0.394/0.400 sender_to_move_done_ms=0.392/0.486/0.522 cmd_age_ms=0.000 count=21 seq_gaps=0 invalid=0 last_seq=5140 cmd=(0.500,-0.000,-0.021)
TIMING_RECEIVER udp_gap_ms=50.000/50.150/50.195 udp_transit_ms=0.066/0.082/0.090 move_call_ms=0.332/0.380/0.389 sender_to_move_done_ms=0.400/0.448/0.450 cmd_age_ms=0.000 count=20 seq_gaps=0 invalid=0 last_seq=5160 cmd=(0.500,-0.000,-0.008)
TIMING_RECEIVER udp_gap_ms=50.012/50.300/50.627 udp_transit_ms=0.074/0.118/0.126 move_call_ms=0.341/0.452/0.467 sender_to_move_done_ms=0.416/0.509/0.578 cmd_age_ms=0.000 count=21 seq_gaps=0 invalid=0 last_seq=5181 cmd=(0.500,-0.000,0.032)
TIMING_RECEIVER udp_gap_ms=50.049/52.332/52.888 udp_transit_ms=0.085/0.115/0.240 move_call_ms=0.329/0.541/0.622 sender_to_move_done_ms=0.415/0.623/0.704 cmd_age_ms=0.000 count=21 seq_gaps=0 invalid=0 last_seq=5202 cmd=(0.500,-0.000,0.047)
TIMING_RECEIVER udp_gap_ms=49.940/54.672/56.359 udp_transit_ms=0.173/0.108/2.053 move_call_ms=0.359/0.471/0.635 sender_to_move_done_ms=0.534/0.723/2.406 cmd_age_ms=0.000 count=21 seq_gaps=0 invalid=0 last_seq=5223 cmd=(0.500,-0.000,0.063)
TIMING_RECEIVER udp_gap_ms=50.010/50.305/50.705 udp_transit_ms=0.080/0.099/0.130 move_call_ms=0.321/0.402/0.402 sender_to_move_done_ms=0.402/0.493/0.498 cmd_age_ms=0.000 count=20 seq_gaps=0 invalid=0 last_seq=5243 cmd=(0.500,-0.000,0.106)
TIMING_RECEIVER udp_gap_ms=49.999/56.513/56.705 udp_transit_ms=0.067/0.088/0.091 move_call_ms=0.324/0.401/0.402 sender_to_move_done_ms=0.392/0.463/0.467 cmd_age_ms=0.000 count=21 seq_gaps=0 invalid=0 last_seq=5264 cmd=(0.500,-0.000,0.065)
TIMING_RECEIVER udp_gap_ms=50.005/50.322/50.363 udp_transit_ms=0.068/0.102/0.113 move_call_ms=0.348/0.445/0.607 sender_to_move_done_ms=0.417/0.509/0.676 cmd_age_ms=0.000 count=20 seq_gaps=0 invalid=0 last_seq=5284 cmd=(0.500,-0.000,-0.054)
TIMING_RECEIVER udp_gap_ms=49.988/52.938/55.548 udp_transit_ms=0.074/0.107/0.112 move_call_ms=0.314/0.397/0.399 sender_to_move_done_ms=0.390/0.475/0.485 cmd_age_ms=0.000 count=21 seq_gaps=0 invalid=0 last_seq=5305 cmd=(0.500,-0.000,-0.034)
TIMING_RECEIVER udp_gap_ms=50.003/50.307/50.388 udp_transit_ms=0.070/0.098/0.106 move_call_ms=0.311/0.364/0.402 sender_to_move_done_ms=0.382/0.456/0.468 cmd_age_ms=0.000 count=21 seq_gaps=0 invalid=0 last_seq=5326 cmd=(0.500,-0.000,-0.049)
TIMING_RECEIVER udp_gap_ms=50.002/50.358/54.497 udp_transit_ms=0.070/0.090/0.093 move_call_ms=0.331/0.396/0.396 sender_to_move_done_ms=0.402/0.469/0.481 cmd_age_ms=0.000 count=20 seq_gaps=0 invalid=0 last_seq=5346 cmd=(0.500,-0.000,-0.048)
TIMING_RECEIVER udp_gap_ms=50.012/50.734/53.413 udp_transit_ms=0.079/0.097/0.176 move_call_ms=0.350/0.422/0.553 sender_to_move_done_ms=0.432/0.521/0.618 cmd_age_ms=0.000 count=20 seq_gaps=0 invalid=0 last_seq=5366 cmd=(0.500,-0.000,-0.059)
TIMING_RECEIVER udp_gap_ms=49.987/50.301/66.321 udp_transit_ms=0.845/0.114/16.216 move_call_ms=0.333/0.440/0.471 sender_to_move_done_ms=1.179/0.548/16.553 cmd_age_ms=0.000 count=21 seq_gaps=0 invalid=0 last_seq=5387 cmd=(0.500,-0.000,-0.058)
TIMING_RECEIVER udp_gap_ms=49.999/56.018/58.140 udp_transit_ms=0.073/0.103/0.123 move_call_ms=0.394/0.531/0.990 sender_to_move_done_ms=0.468/0.593/1.048 cmd_age_ms=0.000 count=21 seq_gaps=0 invalid=0 last_seq=5408 cmd=(0.500,-0.000,-0.065)
TIMING_RECEIVER udp_gap_ms=50.001/50.907/51.287 udp_transit_ms=0.072/0.091/0.093 move_call_ms=0.383/0.630/0.639 sender_to_move_done_ms=0.458/0.693/0.711 cmd_age_ms=0.000 count=20 seq_gaps=0 invalid=0 last_seq=5428 cmd=(0.500,-0.000,-0.041)
TIMING_RECEIVER udp_gap_ms=50.015/50.442/52.759 udp_transit_ms=0.065/0.081/0.083 move_call_ms=0.345/0.413/0.439 sender_to_move_done_ms=0.411/0.485/0.494 cmd_age_ms=0.000 count=20 seq_gaps=0 invalid=0 last_seq=5448 cmd=(0.500,-0.000,-0.044)
TIMING_RECEIVER udp_gap_ms=50.005/50.354/55.568 udp_transit_ms=0.068/0.087/0.087 move_call_ms=0.412/0.574/0.646 sender_to_move_done_ms=0.482/0.662/0.708 cmd_age_ms=0.000 count=21 seq_gaps=0 invalid=0 last_seq=5469 cmd=(0.500,-0.000,-0.021)
TIMING_RECEIVER udp_gap_ms=50.195/54.456/56.152 udp_transit_ms=0.069/0.087/0.095 move_call_ms=0.411/0.521/0.653 sender_to_move_done_ms=0.481/0.585/0.720 cmd_age_ms=0.000 count=20 seq_gaps=0 invalid=0 last_seq=5489 cmd=(0.500,-0.000,-0.008)
TIMING_RECEIVER udp_gap_ms=49.819/53.605/53.725 udp_transit_ms=0.076/0.092/0.320 move_call_ms=0.395/0.556/0.570 sender_to_move_done_ms=0.473/0.635/0.784 cmd_age_ms=0.000 count=21 seq_gaps=0 invalid=0 last_seq=5510 cmd=(0.500,-0.000,0.014)
TIMING_RECEIVER udp_gap_ms=49.971/50.321/50.392 udp_transit_ms=0.075/0.095/0.168 move_call_ms=0.372/0.496/0.497 sender_to_move_done_ms=0.449/0.562/0.562 cmd_age_ms=0.000 count=21 seq_gaps=0 invalid=0 last_seq=5531 cmd=(0.500,-0.000,0.011)
TIMING_RECEIVER udp_gap_ms=50.013/53.205/53.722 udp_transit_ms=0.076/0.133/0.171 move_call_ms=0.359/0.501/0.631 sender_to_move_done_ms=0.436/0.574/0.743 cmd_age_ms=0.000 count=20 seq_gaps=0 invalid=0 last_seq=5551 cmd=(0.500,-0.000,0.015)
TIMING_RECEIVER udp_gap_ms=50.000/50.434/50.508 udp_transit_ms=0.079/0.108/0.229 move_call_ms=0.405/0.540/0.601 sender_to_move_done_ms=0.487/0.633/0.666 cmd_age_ms=0.000 count=21 seq_gaps=0 invalid=0 last_seq=5572 cmd=(0.500,-0.000,0.041)
TIMING_RECEIVER udp_gap_ms=49.981/50.308/52.091 udp_transit_ms=0.079/0.160/0.223 move_call_ms=0.407/0.619/0.644 sender_to_move_done_ms=0.487/0.713/0.737 cmd_age_ms=0.000 count=21 seq_gaps=0 invalid=0 last_seq=5593 cmd=(0.500,-0.000,0.094)
TIMING_RECEIVER udp_gap_ms=50.014/50.454/51.341 udp_transit_ms=0.069/0.086/0.095 move_call_ms=0.360/0.478/0.555 sender_to_move_done_ms=0.430/0.543/0.635 cmd_age_ms=0.000 count=20 seq_gaps=0 invalid=0 last_seq=5613 cmd=(0.500,-0.000,0.036)
TIMING_RECEIVER udp_gap_ms=50.004/50.475/50.703 udp_transit_ms=0.098/0.141/0.461 move_call_ms=0.379/0.464/0.607 sender_to_move_done_ms=0.478/0.694/0.759 cmd_age_ms=0.000 count=20 seq_gaps=0 invalid=0 last_seq=5633 cmd=(0.500,-0.000,0.012)
TIMING_RECEIVER udp_gap_ms=50.003/52.047/56.380 udp_transit_ms=0.067/0.090/0.098 move_call_ms=0.386/0.525/0.544 sender_to_move_done_ms=0.455/0.585/0.598 cmd_age_ms=0.000 count=21 seq_gaps=0 invalid=0 last_seq=5654 cmd=(0.500,-0.000,0.076)
TIMING_RECEIVER udp_gap_ms=49.986/50.386/50.500 udp_transit_ms=0.068/0.090/0.136 move_call_ms=0.409/0.575/0.615 sender_to_move_done_ms=0.478/0.652/0.693 cmd_age_ms=0.000 count=21 seq_gaps=0 invalid=0 last_seq=5675 cmd=(0.500,-0.000,0.071)
TIMING_RECEIVER udp_gap_ms=50.011/51.123/53.065 udp_transit_ms=0.068/0.088/0.096 move_call_ms=0.358/0.489/0.539 sender_to_move_done_ms=0.427/0.572/0.600 cmd_age_ms=0.000 count=20 seq_gaps=0 invalid=0 last_seq=5695 cmd=(0.500,-0.000,0.108)
TIMING_RECEIVER udp_gap_ms=49.997/51.000/51.304 udp_transit_ms=0.081/0.132/0.177 move_call_ms=0.400/0.526/0.593 sender_to_move_done_ms=0.482/0.646/0.676 cmd_age_ms=0.000 count=21 seq_gaps=0 invalid=0 last_seq=5716 cmd=(0.500,-0.000,-0.066)
TIMING_RECEIVER udp_gap_ms=50.006/50.413/50.421 udp_transit_ms=0.067/0.086/0.089 move_call_ms=0.383/0.547/0.572 sender_to_move_done_ms=0.452/0.623/0.657 cmd_age_ms=0.000 count=21 seq_gaps=0 invalid=0 last_seq=5737 cmd=(0.500,-0.000,-0.041)
TIMING_RECEIVER udp_gap_ms=50.160/54.330/54.679 udp_transit_ms=0.074/0.096/0.114 move_call_ms=0.382/0.505/0.722 sender_to_move_done_ms=0.457/0.574/0.783 cmd_age_ms=0.000 count=20 seq_gaps=0 invalid=0 last_seq=5757 cmd=(0.500,-0.000,-0.062)
TIMING_RECEIVER udp_gap_ms=50.029/50.471/53.669 udp_transit_ms=0.082/0.168/0.190 move_call_ms=0.380/0.529/0.589 sender_to_move_done_ms=0.463/0.614/0.649 cmd_age_ms=0.000 count=20 seq_gaps=0 invalid=0 last_seq=5777 cmd=(0.500,-0.000,-0.019)
TIMING_RECEIVER udp_gap_ms=49.813/56.991/57.444 udp_transit_ms=0.096/0.137/0.566 move_call_ms=0.365/0.506/0.534 sender_to_move_done_ms=0.462/0.596/0.946 cmd_age_ms=0.000 count=21 seq_gaps=0 invalid=0 last_seq=5798 cmd=(0.500,-0.000,-0.050)
TIMING_RECEIVER udp_gap_ms=50.029/51.635/52.529 udp_transit_ms=0.128/0.367/0.815 move_call_ms=0.316/0.377/0.399 sender_to_move_done_ms=0.447/0.644/1.152 cmd_age_ms=0.000 count=20 seq_gaps=0 invalid=0 last_seq=5818 cmd=(0.500,-0.000,-0.050)
TIMING_RECEIVER udp_gap_ms=49.976/50.945/55.393 udp_transit_ms=0.114/0.174/0.184 move_call_ms=0.286/0.402/0.430 sender_to_move_done_ms=0.402/0.560/0.587 cmd_age_ms=0.000 count=21 seq_gaps=0 invalid=0 last_seq=5839 cmd=(0.500,-0.000,-0.057)
TIMING_RECEIVER udp_gap_ms=50.013/53.190/54.704 udp_transit_ms=0.124/0.219/0.235 move_call_ms=0.267/0.294/0.294 sender_to_move_done_ms=0.393/0.475/0.498 cmd_age_ms=0.000 count=20 seq_gaps=0 invalid=0 last_seq=5859 cmd=(0.500,-0.000,-0.045)
TIMING_RECEIVER udp_gap_ms=50.204/53.474/71.755 udp_transit_ms=0.151/0.155/0.900 move_call_ms=0.292/0.393/0.575 sender_to_move_done_ms=0.444/0.629/1.192 cmd_age_ms=0.000 count=20 seq_gaps=0 invalid=0 last_seq=5879 cmd=(0.500,-0.000,-0.023)
TIMING_RECEIVER udp_gap_ms=49.794/50.932/51.522 udp_transit_ms=0.136/0.223/0.252 move_call_ms=0.316/0.431/0.680 sender_to_move_done_ms=0.453/0.655/0.897 cmd_age_ms=0.000 count=21 seq_gaps=0 invalid=0 last_seq=5900 cmd=(0.500,-0.000,-0.030)
TIMING_RECEIVER udp_gap_ms=50.039/56.873/62.657 udp_transit_ms=0.092/0.147/0.173 move_call_ms=0.277/0.321/0.328 sender_to_move_done_ms=0.369/0.444/0.456 cmd_age_ms=0.000 count=20 seq_gaps=0 invalid=0 last_seq=5920 cmd=(0.500,-0.000,-0.016)
TIMING_RECEIVER udp_gap_ms=49.955/52.297/54.956 udp_transit_ms=0.153/0.352/0.455 move_call_ms=0.359/0.597/0.637 sender_to_move_done_ms=0.513/0.749/0.753 cmd_age_ms=0.000 count=21 seq_gaps=0 invalid=0 last_seq=5941 cmd=(0.500,-0.000,-0.032)
TIMING_RECEIVER udp_gap_ms=50.045/52.671/56.373 udp_transit_ms=0.121/0.140/0.140 move_call_ms=0.270/0.314/0.378 sender_to_move_done_ms=0.393/0.441/0.503 cmd_age_ms=0.000 count=21 seq_gaps=0 invalid=0 last_seq=5962 cmd=(0.500,-0.000,0.009)
TIMING_RECEIVER udp_gap_ms=49.953/55.375/58.491 udp_transit_ms=0.086/0.194/0.296 move_call_ms=0.284/0.338/0.342 sender_to_move_done_ms=0.372/0.506/0.575 cmd_age_ms=0.000 count=21 seq_gaps=0 invalid=0 last_seq=5983 cmd=(0.500,-0.000,0.020)
TIMING_RECEIVER udp_gap_ms=50.017/50.424/51.723 udp_transit_ms=0.067/0.091/0.100 move_call_ms=0.363/0.567/0.576 sender_to_move_done_ms=0.431/0.636/0.636 cmd_age_ms=0.000 count=21 seq_gaps=0 invalid=0 last_seq=6004 cmd=(0.500,-0.000,0.006)
TIMING_RECEIVER udp_gap_ms=49.993/50.348/50.357 udp_transit_ms=0.096/0.189/0.370 move_call_ms=0.316/0.412/0.449 sender_to_move_done_ms=0.413/0.562/0.774 cmd_age_ms=0.000 count=21 seq_gaps=0 invalid=0 last_seq=6025 cmd=(0.500,-0.000,0.005)
TIMING_RECEIVER udp_gap_ms=50.069/51.531/51.593 udp_transit_ms=0.065/0.092/0.092 move_call_ms=0.326/0.390/0.400 sender_to_move_done_ms=0.392/0.471/0.479 cmd_age_ms=0.000 count=21 seq_gaps=0 invalid=0 last_seq=6046 cmd=(0.500,-0.000,0.051)
TIMING_RECEIVER udp_gap_ms=49.921/50.651/55.517 udp_transit_ms=0.069/0.091/0.096 move_call_ms=0.353/0.479/0.508 sender_to_move_done_ms=0.423/0.547/0.573 cmd_age_ms=0.000 count=21 seq_gaps=0 invalid=0 last_seq=6067 cmd=(0.500,-0.000,0.053)
TIMING_RECEIVER udp_gap_ms=50.023/50.535/55.287 udp_transit_ms=0.070/0.111/0.115 move_call_ms=0.335/0.413/0.436 sender_to_move_done_ms=0.406/0.499/0.503 cmd_age_ms=0.000 count=20 seq_gaps=0 invalid=0 last_seq=6087 cmd=(0.500,-0.000,0.069)
TIMING_RECEIVER udp_gap_ms=49.984/54.616/58.183 udp_transit_ms=0.465/0.086/8.393 move_call_ms=0.331/0.400/0.404 sender_to_move_done_ms=0.796/0.492/8.691 cmd_age_ms=0.000 count=21 seq_gaps=0 invalid=0 last_seq=6108 cmd=(0.500,-0.000,-0.067)
TIMING_RECEIVER udp_gap_ms=50.003/50.526/51.279 udp_transit_ms=0.115/0.214/0.807 move_call_ms=0.348/0.447/0.467 sender_to_move_done_ms=0.465/0.681/1.131 cmd_age_ms=0.000 count=21 seq_gaps=0 invalid=0 last_seq=6129 cmd=(0.500,-0.000,-0.057)
TIMING_RECEIVER udp_gap_ms=50.019/50.621/52.736 udp_transit_ms=0.071/0.091/0.092 move_call_ms=0.313/0.367/0.375 sender_to_move_done_ms=0.386/0.442/0.454 cmd_age_ms=0.000 count=21 seq_gaps=0 invalid=0 last_seq=6150 cmd=(0.500,-0.000,-0.070)
TIMING_RECEIVER udp_gap_ms=49.963/50.345/50.371 udp_transit_ms=0.080/0.106/0.170 move_call_ms=0.353/0.395/0.499 sender_to_move_done_ms=0.434/0.563/0.565 cmd_age_ms=0.000 count=21 seq_gaps=0 invalid=0 last_seq=6171 cmd=(0.500,-0.000,-0.012)
TIMING_RECEIVER udp_gap_ms=50.006/50.768/50.781 udp_transit_ms=0.075/0.101/0.250 move_call_ms=0.336/0.420/0.422 sender_to_move_done_ms=0.412/0.521/0.624 cmd_age_ms=0.000 count=20 seq_gaps=0 invalid=0 last_seq=6191 cmd=(0.500,-0.000,-0.011)
TIMING_RECEIVER udp_gap_ms=50.022/52.362/55.401 udp_transit_ms=0.075/0.123/0.134 move_call_ms=0.318/0.385/0.405 sender_to_move_done_ms=0.394/0.462/0.470 cmd_age_ms=0.000 count=20 seq_gaps=0 invalid=0 last_seq=6211 cmd=(0.500,-0.000,-0.024)
TIMING_RECEIVER udp_gap_ms=49.987/50.333/53.164 udp_transit_ms=0.086/0.136/0.276 move_call_ms=0.391/0.535/0.759 sender_to_move_done_ms=0.478/0.619/0.841 cmd_age_ms=0.000 count=21 seq_gaps=0 invalid=0 last_seq=6232 cmd=(0.500,-0.000,0.014)
TIMING_RECEIVER udp_gap_ms=50.005/51.538/57.846 udp_transit_ms=0.084/0.127/0.304 move_call_ms=0.364/0.492/0.501 sender_to_move_done_ms=0.450/0.565/0.592 cmd_age_ms=0.000 count=20 seq_gaps=0 invalid=0 last_seq=6252 cmd=(0.500,-0.000,-0.062)
TIMING_RECEIVER udp_gap_ms=50.002/50.167/50.280 udp_transit_ms=0.078/0.102/0.152 move_call_ms=0.428/0.713/0.759 sender_to_move_done_ms=0.507/0.816/0.843 cmd_age_ms=0.000 count=20 seq_gaps=0 invalid=0 last_seq=6272 cmd=(0.500,-0.000,-0.055)
TIMING_RECEIVER udp_gap_ms=49.992/50.741/55.331 udp_transit_ms=0.067/0.090/0.091 move_call_ms=0.355/0.439/0.537 sender_to_move_done_ms=0.423/0.522/0.591 cmd_age_ms=0.000 count=21 seq_gaps=0 invalid=0 last_seq=6293 cmd=(0.500,-0.000,-0.004)
TIMING_RECEIVER udp_gap_ms=50.011/51.882/53.063 udp_transit_ms=0.077/0.106/0.134 move_call_ms=0.423/0.692/0.884 sender_to_move_done_ms=0.502/0.786/0.985 cmd_age_ms=0.000 count=20 seq_gaps=0 invalid=0 last_seq=6313 cmd=(0.500,-0.000,0.006)
TIMING_RECEIVER udp_gap_ms=49.991/50.550/50.689 udp_transit_ms=0.070/0.105/0.123 move_call_ms=0.364/0.496/0.558 sender_to_move_done_ms=0.435/0.558/0.623 cmd_age_ms=0.000 count=21 seq_gaps=0 invalid=0 last_seq=6334 cmd=(0.500,-0.000,0.046)
TIMING_RECEIVER udp_gap_ms=49.994/52.891/58.541 udp_transit_ms=0.071/0.089/0.157 move_call_ms=0.338/0.447/0.461 sender_to_move_done_ms=0.410/0.525/0.544 cmd_age_ms=0.000 count=21 seq_gaps=0 invalid=0 last_seq=6355 cmd=(0.500,-0.000,0.018)
TIMING_RECEIVER udp_gap_ms=50.002/50.225/50.315 udp_transit_ms=0.070/0.103/0.105 move_call_ms=0.404/0.634/0.648 sender_to_move_done_ms=0.476/0.716/0.722 cmd_age_ms=0.000 count=20 seq_gaps=0 invalid=0 last_seq=6375 cmd=(0.500,-0.000,0.069)
TIMING_RECEIVER udp_gap_ms=50.068/52.404/54.646 udp_transit_ms=0.085/0.147/0.177 move_call_ms=0.420/0.561/0.820 sender_to_move_done_ms=0.506/0.674/0.878 cmd_age_ms=0.000 count=20 seq_gaps=0 invalid=0 last_seq=6395 cmd=(0.500,-0.000,0.041)
TIMING_RECEIVER udp_gap_ms=49.928/50.307/54.664 udp_transit_ms=0.081/0.142/0.147 move_call_ms=0.399/0.605/0.734 sender_to_move_done_ms=0.481/0.713/0.822 cmd_age_ms=0.000 count=21 seq_gaps=0 invalid=0 last_seq=6416 cmd=(0.500,-0.000,-0.114)
TIMING_RECEIVER udp_gap_ms=50.041/50.774/54.682 udp_transit_ms=0.087/0.156/0.409 move_call_ms=0.386/0.499/0.646 sender_to_move_done_ms=0.474/0.703/0.729 cmd_age_ms=0.000 count=20 seq_gaps=0 invalid=0 last_seq=6436 cmd=(0.500,-0.000,0.009)
TIMING_RECEIVER udp_gap_ms=49.969/55.196/55.457 udp_transit_ms=0.083/0.124/0.173 move_call_ms=0.370/0.539/0.593 sender_to_move_done_ms=0.454/0.627/0.673 cmd_age_ms=0.000 count=21 seq_gaps=0 invalid=0 last_seq=6457 cmd=(0.500,-0.000,0.311)
TIMING_RECEIVER udp_gap_ms=50.020/50.399/50.692 udp_transit_ms=0.097/0.242/0.358 move_call_ms=0.398/0.643/0.740 sender_to_move_done_ms=0.496/0.713/0.922 cmd_age_ms=0.000 count=20 seq_gaps=0 invalid=0 last_seq=6477 cmd=(0.500,-0.000,-0.089)
TIMING_RECEIVER udp_gap_ms=50.002/50.443/56.206 udp_transit_ms=0.069/0.088/0.090 move_call_ms=0.390/0.555/0.572 sender_to_move_done_ms=0.460/0.634/0.660 cmd_age_ms=0.000 count=20 seq_gaps=0 invalid=0 last_seq=6497 cmd=(0.500,-0.000,-0.010)
TIMING_RECEIVER udp_gap_ms=49.974/50.331/50.373 udp_transit_ms=0.092/0.201/0.213 move_call_ms=0.410/0.489/1.097 sender_to_move_done_ms=0.503/0.587/1.298 cmd_age_ms=0.000 count=21 seq_gaps=0 invalid=0 last_seq=6518 cmd=(0.500,-0.000,0.000)
TIMING_RECEIVER udp_gap_ms=50.007/53.539/54.469 udp_transit_ms=0.075/0.101/0.121 move_call_ms=0.405/0.406/1.942 sender_to_move_done_ms=0.481/0.488/2.019 cmd_age_ms=0.000 count=20 seq_gaps=0 invalid=0 last_seq=6538 cmd=(0.500,-0.000,0.033)
TIMING_RECEIVER udp_gap_ms=49.991/50.464/50.548 udp_transit_ms=0.075/0.107/0.149 move_call_ms=0.406/0.639/1.072 sender_to_move_done_ms=0.482/0.730/1.132 cmd_age_ms=0.000 count=21 seq_gaps=0 invalid=0 last_seq=6559 cmd=(0.500,-0.000,0.100)
TIMING_RECEIVER udp_gap_ms=50.030/50.473/51.361 udp_transit_ms=0.073/0.085/0.220 move_call_ms=0.441/0.681/0.966 sender_to_move_done_ms=0.516/0.745/1.026 cmd_age_ms=0.000 count=20 seq_gaps=0 invalid=0 last_seq=6579 cmd=(0.500,-0.000,0.140)
TIMING_RECEIVER udp_gap_ms=49.994/50.337/56.175 udp_transit_ms=0.080/0.133/0.204 move_call_ms=0.398/0.553/0.560 sender_to_move_done_ms=0.480/0.615/0.660 cmd_age_ms=0.000 count=21 seq_gaps=0 invalid=0 last_seq=6600 cmd=(0.500,-0.000,0.153)
TIMING_RECEIVER udp_gap_ms=49.986/50.871/51.487 udp_transit_ms=0.124/0.369/0.599 move_call_ms=0.317/0.369/0.380 sender_to_move_done_ms=0.442/0.681/0.904 cmd_age_ms=0.000 count=21 seq_gaps=0 invalid=0 last_seq=6621 cmd=(0.500,-0.000,0.147)
TIMING_RECEIVER udp_gap_ms=50.025/55.178/67.582 udp_transit_ms=0.111/0.176/0.536 move_call_ms=0.273/0.293/0.294 sender_to_move_done_ms=0.385/0.460/0.820 cmd_age_ms=0.000 count=20 seq_gaps=0 invalid=0 last_seq=6641 cmd=(0.500,-0.000,0.172)
TIMING_RECEIVER udp_gap_ms=50.012/56.330/56.978 udp_transit_ms=0.410/0.637/6.404 move_call_ms=0.319/0.623/0.758 sender_to_move_done_ms=0.730/0.877/6.726 cmd_age_ms=0.000 count=20 seq_gaps=0 invalid=0 last_seq=6661 cmd=(0.500,-0.000,0.224)
TIMING_RECEIVER udp_gap_ms=49.962/55.052/56.070 udp_transit_ms=0.111/0.205/0.410 move_call_ms=0.289/0.315/0.788 sender_to_move_done_ms=0.401/0.661/0.849 cmd_age_ms=0.000 count=21 seq_gaps=0 invalid=0 last_seq=6682 cmd=(0.500,-0.000,0.171)
TIMING_RECEIVER udp_gap_ms=50.096/51.205/51.769 udp_transit_ms=0.116/0.141/0.141 move_call_ms=0.267/0.281/0.283 sender_to_move_done_ms=0.384/0.424/0.425 cmd_age_ms=0.000 count=20 seq_gaps=0 invalid=0 last_seq=6702 cmd=(0.500,-0.000,0.143)
TIMING_RECEIVER udp_gap_ms=49.906/50.906/52.212 udp_transit_ms=0.112/0.135/0.143 move_call_ms=0.275/0.295/0.373 sender_to_move_done_ms=0.388/0.432/0.500 cmd_age_ms=0.000 count=21 seq_gaps=0 invalid=0 last_seq=6723 cmd=(0.500,-0.000,0.115)
TIMING_RECEIVER udp_gap_ms=50.004/57.369/64.119 udp_transit_ms=0.112/0.128/0.139 move_call_ms=0.264/0.302/0.309 sender_to_move_done_ms=0.378/0.426/0.434 cmd_age_ms=0.000 count=20 seq_gaps=0 invalid=0 last_seq=6743 cmd=(0.500,-0.000,0.074)
TIMING_RECEIVER udp_gap_ms=50.037/52.647/54.942 udp_transit_ms=0.196/0.406/1.202 move_call_ms=0.297/0.417/0.433 sender_to_move_done_ms=0.494/0.681/1.529 cmd_age_ms=0.000 count=20 seq_gaps=0 invalid=0 last_seq=6763 cmd=(0.500,-0.000,0.058)
TIMING_RECEIVER udp_gap_ms=49.976/52.235/55.919 udp_transit_ms=0.200/0.153/1.809 move_call_ms=0.294/0.386/0.403 sender_to_move_done_ms=0.496/0.519/2.090 cmd_age_ms=0.000 count=21 seq_gaps=0 invalid=0 last_seq=6784 cmd=(0.500,-0.000,-0.036)
Terminated
