1784919255.108680 [0] waypoint_f: config: //CycloneDDS/Domain/General: 'NetworkInterfaceAddress': deprecated element (file:///tmp/go2_cyclonedds_eth0.xml line 4)
[INFO] [1784919255.432056408] [waypoint_follower]: enhanced waypoint_follower started
[INFO] [1784919255.432979045] [waypoint_follower]: route_file: /home/unitree/go2_fastlio_ws/patrol_logs/runs/20260725/xunjian-20260725-07/route_runtime.csv
[INFO] [1784919255.433645876] [waypoint_follower]: route points: 340
[INFO] [1784919255.434282527] [waypoint_follower]: loop_mode: pingpong
[INFO] [1784919255.437530430] [waypoint_follower]: lookahead_distance: 0.6
[INFO] [1784919255.439744163] [waypoint_follower]: reach_distance: 0.4
[INFO] [1784919255.450264539] [waypoint_follower]: init nearest_index=0, distance_to_start=0.006
[INFO] [1784919255.459150995] [waypoint_follower]: nearest=0, target=2, dist=0.85, alpha=0.06, vx=0.50, yaw_rate=0.05, dir=1
[INFO] [1784919256.508317689] [waypoint_follower]: nearest=0, target=2, dist=0.68, alpha=0.05, vx=0.50, yaw_rate=0.04, dir=1
[INFO] [1784919257.508410272] [waypoint_follower]: nearest=1, target=3, dist=0.71, alpha=0.01, vx=0.50, yaw_rate=0.01, dir=1
[INFO] [1784919258.508588763] [waypoint_follower]: nearest=2, target=4, dist=0.68, alpha=-0.04, vx=0.50, yaw_rate=-0.04, dir=1
[INFO] [1784919259.558361483] [waypoint_follower]: nearest=3, target=5, dist=0.68, alpha=-0.04, vx=0.50, yaw_rate=-0.04, dir=1
[INFO] [1784919260.608508486] [waypoint_follower]: nearest=5, target=7, dist=1.01, alpha=-0.01, vx=0.50, yaw_rate=-0.01, dir=1
[INFO] [1784919261.608622578] [waypoint_follower]: nearest=5, target=7, dist=0.68, alpha=-0.02, vx=0.50, yaw_rate=-0.02, dir=1
[INFO] [1784919262.658947601] [waypoint_follower]: nearest=7, target=9, dist=1.00, alpha=0.04, vx=0.50, yaw_rate=0.03, dir=1
[INFO] [1784919263.708850983] [waypoint_follower]: nearest=8, target=10, dist=1.14, alpha=0.01, vx=0.50, yaw_rate=0.01, dir=1
[INFO] [1784919264.710317428] [waypoint_follower]: nearest=9, target=10, dist=0.79, alpha=-0.02, vx=0.50, yaw_rate=-0.01, dir=1
[INFO] [1784919265.760134395] [waypoint_follower]: nearest=9, target=10, dist=0.35, alpha=-0.04, vx=0.50, yaw_rate=-0.03, dir=1
[INFO] [1784919266.758750729] [waypoint_follower]: nearest=10, target=12, dist=0.83, alpha=0.03, vx=0.50, yaw_rate=0.03, dir=1
[INFO] [1784919267.759220842] [waypoint_follower]: nearest=11, target=13, dist=0.83, alpha=-0.01, vx=0.50, yaw_rate=-0.01, dir=1
[INFO] [1784919268.808603213] [waypoint_follower]: nearest=12, target=14, dist=0.93, alpha=0.01, vx=0.50, yaw_rate=0.01, dir=1
[INFO] [1784919269.858684379] [waypoint_follower]: nearest=13, target=15, dist=0.87, alpha=-0.02, vx=0.50, yaw_rate=-0.02, dir=1
[INFO] [1784919270.859608715] [waypoint_follower]: nearest=14, target=16, dist=1.15, alpha=-0.00, vx=0.50, yaw_rate=-0.00, dir=1
[INFO] [1784919271.908686609] [waypoint_follower]: nearest=15, target=16, dist=0.71, alpha=-0.00, vx=0.50, yaw_rate=-0.00, dir=1
[INFO] [1784919272.909032196] [waypoint_follower]: nearest=16, target=18, dist=1.16, alpha=0.06, vx=0.50, yaw_rate=0.05, dir=1
[INFO] [1784919273.958445615] [waypoint_follower]: nearest=16, target=18, dist=0.77, alpha=0.04, vx=0.50, yaw_rate=0.03, dir=1
[INFO] [1784919275.008408956] [waypoint_follower]: nearest=17, target=19, dist=0.78, alpha=-0.01, vx=0.50, yaw_rate=-0.01, dir=1
[INFO] [1784919276.008895397] [waypoint_follower]: nearest=18, target=20, dist=0.77, alpha=-0.03, vx=0.50, yaw_rate=-0.03, dir=1
[INFO] [1784919277.058449447] [waypoint_follower]: nearest=19, target=21, dist=0.76, alpha=-0.01, vx=0.50, yaw_rate=-0.01, dir=1
[INFO] [1784919278.058648774] [waypoint_follower]: nearest=20, target=22, dist=0.83, alpha=0.03, vx=0.50, yaw_rate=0.02, dir=1
[INFO] [1784919279.108501736] [waypoint_follower]: nearest=21, target=23, dist=0.84, alpha=-0.02, vx=0.50, yaw_rate=-0.02, dir=1
[INFO] [1784919280.158627877] [waypoint_follower]: nearest=22, target=24, dist=0.88, alpha=0.00, vx=0.50, yaw_rate=0.00, dir=1
[INFO] [1784919281.158950121] [waypoint_follower]: nearest=23, target=25, dist=0.89, alpha=0.03, vx=0.50, yaw_rate=0.03, dir=1
[INFO] [1784919282.160052684] [waypoint_follower]: nearest=24, target=26, dist=0.89, alpha=-0.02, vx=0.50, yaw_rate=-0.02, dir=1
[INFO] [1784919283.209662170] [waypoint_follower]: nearest=25, target=27, dist=0.86, alpha=0.01, vx=0.50, yaw_rate=0.00, dir=1
[INFO] [1784919284.258446131] [waypoint_follower]: nearest=26, target=28, dist=0.86, alpha=-0.02, vx=0.50, yaw_rate=-0.01, dir=1
[INFO] [1784919285.259672091] [waypoint_follower]: nearest=27, target=29, dist=0.89, alpha=0.02, vx=0.50, yaw_rate=0.02, dir=1
[INFO] [1784919286.308392508] [waypoint_follower]: nearest=28, target=30, dist=0.95, alpha=-0.05, vx=0.50, yaw_rate=-0.05, dir=1
[INFO] [1784919287.309551150] [waypoint_follower]: nearest=29, target=31, dist=1.03, alpha=-0.07, vx=0.50, yaw_rate=-0.06, dir=1
[INFO] [1784919288.358443314] [waypoint_follower]: nearest=30, target=32, dist=1.16, alpha=-0.03, vx=0.50, yaw_rate=-0.03, dir=1
[INFO] [1784919289.358603849] [waypoint_follower]: nearest=31, target=33, dist=1.20, alpha=-0.01, vx=0.50, yaw_rate=-0.01, dir=1
[INFO] [1784919290.359033592] [waypoint_follower]: nearest=31, target=33, dist=0.79, alpha=-0.03, vx=0.50, yaw_rate=-0.03, dir=1
[INFO] [1784919291.358659508] [waypoint_follower]: nearest=32, target=34, dist=0.89, alpha=0.01, vx=0.50, yaw_rate=0.01, dir=1
[INFO] [1784919292.358867759] [waypoint_follower]: nearest=33, target=35, dist=0.90, alpha=-0.00, vx=0.50, yaw_rate=-0.00, dir=1
[INFO] [1784919293.408524078] [waypoint_follower]: nearest=34, target=36, dist=0.92, alpha=-0.00, vx=0.50, yaw_rate=-0.00, dir=1
[INFO] [1784919294.459449310] [waypoint_follower]: nearest=35, target=37, dist=0.93, alpha=0.02, vx=0.50, yaw_rate=0.02, dir=1
[INFO] [1784919295.508564507] [waypoint_follower]: nearest=36, target=38, dist=0.94, alpha=-0.00, vx=0.50, yaw_rate=-0.00, dir=1
[INFO] [1784919296.509719301] [waypoint_follower]: nearest=37, target=39, dist=0.97, alpha=-0.01, vx=0.50, yaw_rate=-0.01, dir=1
[INFO] [1784919297.559437905] [waypoint_follower]: nearest=38, target=40, dist=0.96, alpha=0.01, vx=0.50, yaw_rate=0.01, dir=1
[INFO] [1784919298.608581669] [waypoint_follower]: nearest=39, target=41, dist=1.09, alpha=-0.00, vx=0.50, yaw_rate=-0.00, dir=1
[INFO] [1784919299.658527464] [waypoint_follower]: nearest=40, target=42, dist=1.00, alpha=-0.01, vx=0.50, yaw_rate=-0.01, dir=1
[INFO] [1784919300.709833166] [waypoint_follower]: nearest=41, target=43, dist=1.07, alpha=-0.00, vx=0.50, yaw_rate=-0.00, dir=1
[INFO] [1784919301.759983421] [waypoint_follower]: nearest=42, target=44, dist=1.15, alpha=-0.01, vx=0.50, yaw_rate=-0.01, dir=1
[INFO] [1784919302.808680286] [waypoint_follower]: nearest=43, target=45, dist=1.12, alpha=0.04, vx=0.50, yaw_rate=0.03, dir=1
[INFO] [1784919303.858509527] [waypoint_follower]: nearest=43, target=45, dist=0.69, alpha=0.02, vx=0.50, yaw_rate=0.02, dir=1
[INFO] [1784919304.858618294] [waypoint_follower]: nearest=44, target=46, dist=0.73, alpha=0.04, vx=0.50, yaw_rate=0.03, dir=1
[INFO] [1784919305.858806604] [waypoint_follower]: nearest=45, target=47, dist=0.69, alpha=-0.02, vx=0.50, yaw_rate=-0.02, dir=1
[INFO] [1784919306.859520195] [waypoint_follower]: nearest=46, target=48, dist=0.77, alpha=-0.04, vx=0.50, yaw_rate=-0.04, dir=1
[INFO] [1784919307.908659330] [waypoint_follower]: nearest=47, target=49, dist=0.83, alpha=-0.02, vx=0.50, yaw_rate=-0.02, dir=1
[INFO] [1784919308.909420794] [waypoint_follower]: nearest=48, target=50, dist=0.81, alpha=-0.01, vx=0.50, yaw_rate=-0.01, dir=1
[INFO] [1784919309.958375711] [waypoint_follower]: nearest=49, target=51, dist=0.88, alpha=-0.00, vx=0.50, yaw_rate=-0.00, dir=1
[INFO] [1784919310.958463793] [waypoint_follower]: nearest=50, target=52, dist=0.90, alpha=-0.02, vx=0.50, yaw_rate=-0.02, dir=1
[INFO] [1784919312.008460410] [waypoint_follower]: nearest=51, target=53, dist=0.86, alpha=0.02, vx=0.50, yaw_rate=0.02, dir=1
[INFO] [1784919313.008966329] [waypoint_follower]: nearest=52, target=54, dist=0.85, alpha=-0.02, vx=0.50, yaw_rate=-0.02, dir=1
[INFO] [1784919314.008937768] [waypoint_follower]: nearest=53, target=55, dist=0.92, alpha=-0.04, vx=0.50, yaw_rate=-0.04, dir=1
[INFO] [1784919315.058891693] [waypoint_follower]: nearest=54, target=56, dist=0.97, alpha=-0.02, vx=0.50, yaw_rate=-0.01, dir=1
[INFO] [1784919316.109273926] [waypoint_follower]: nearest=55, target=57, dist=0.97, alpha=-0.09, vx=0.50, yaw_rate=-0.08, dir=1
[INFO] [1784919317.158511987] [waypoint_follower]: nearest=56, target=58, dist=1.03, alpha=-0.09, vx=0.50, yaw_rate=-0.08, dir=1
[INFO] [1784919318.211626202] [waypoint_follower]: nearest=57, target=59, dist=1.10, alpha=-0.09, vx=0.50, yaw_rate=-0.08, dir=1
[INFO] [1784919319.258519700] [waypoint_follower]: nearest=58, target=60, dist=1.06, alpha=-0.08, vx=0.50, yaw_rate=-0.08, dir=1
[INFO] [1784919320.258356138] [waypoint_follower]: nearest=59, target=61, dist=1.07, alpha=0.04, vx=0.50, yaw_rate=0.04, dir=1
[INFO] [1784919321.258447403] [waypoint_follower]: nearest=60, target=62, dist=1.17, alpha=-0.02, vx=0.50, yaw_rate=-0.02, dir=1
[INFO] [1784919322.258920006] [waypoint_follower]: nearest=60, target=62, dist=0.81, alpha=-0.03, vx=0.50, yaw_rate=-0.03, dir=1
[INFO] [1784919323.308592904] [waypoint_follower]: nearest=61, target=63, dist=0.69, alpha=0.00, vx=0.50, yaw_rate=0.00, dir=1
[INFO] [1784919324.308603725] [waypoint_follower]: nearest=62, target=64, dist=0.79, alpha=0.02, vx=0.50, yaw_rate=0.02, dir=1
[INFO] [1784919325.309302455] [waypoint_follower]: nearest=63, target=65, dist=0.77, alpha=-0.04, vx=0.50, yaw_rate=-0.04, dir=1
[INFO] [1784919326.309373009] [waypoint_follower]: nearest=64, target=66, dist=0.80, alpha=-0.00, vx=0.50, yaw_rate=-0.00, dir=1
[INFO] [1784919327.358445943] [waypoint_follower]: nearest=65, target=67, dist=0.86, alpha=-0.03, vx=0.50, yaw_rate=-0.03, dir=1
[INFO] [1784919328.408390156] [waypoint_follower]: nearest=66, target=68, dist=0.85, alpha=0.02, vx=0.50, yaw_rate=0.02, dir=1
[INFO] [1784919329.409308882] [waypoint_follower]: nearest=67, target=69, dist=0.92, alpha=-0.04, vx=0.50, yaw_rate=-0.03, dir=1
[INFO] [1784919330.458639165] [waypoint_follower]: nearest=68, target=70, dist=0.86, alpha=-0.01, vx=0.50, yaw_rate=-0.01, dir=1
[INFO] [1784919331.458491627] [waypoint_follower]: nearest=69, target=71, dist=0.93, alpha=0.02, vx=0.50, yaw_rate=0.02, dir=1
[INFO] [1784919332.459331814] [waypoint_follower]: nearest=70, target=72, dist=1.00, alpha=-0.03, vx=0.50, yaw_rate=-0.02, dir=1
[INFO] [1784919333.459890425] [waypoint_follower]: nearest=71, target=73, dist=0.96, alpha=0.01, vx=0.50, yaw_rate=0.01, dir=1
[INFO] [1784919334.508838532] [waypoint_follower]: nearest=72, target=74, dist=1.11, alpha=-0.01, vx=0.50, yaw_rate=-0.01, dir=1
[INFO] [1784919335.508664075] [waypoint_follower]: nearest=73, target=75, dist=1.20, alpha=-0.02, vx=0.50, yaw_rate=-0.02, dir=1
[INFO] [1784919336.559307473] [waypoint_follower]: nearest=73, target=75, dist=0.77, alpha=-0.02, vx=0.50, yaw_rate=-0.02, dir=1
[INFO] [1784919337.559813831] [waypoint_follower]: nearest=74, target=76, dist=0.76, alpha=-0.02, vx=0.50, yaw_rate=-0.02, dir=1
[INFO] [1784919338.609108699] [waypoint_follower]: nearest=75, target=77, dist=0.74, alpha=-0.03, vx=0.50, yaw_rate=-0.03, dir=1
[INFO] [1784919339.609400628] [waypoint_follower]: nearest=76, target=78, dist=0.74, alpha=-0.00, vx=0.50, yaw_rate=-0.00, dir=1
[INFO] [1784919340.658497540] [waypoint_follower]: nearest=77, target=79, dist=0.65, alpha=-0.02, vx=0.50, yaw_rate=-0.02, dir=1
[INFO] [1784919341.658654162] [waypoint_follower]: nearest=78, target=80, dist=0.70, alpha=0.04, vx=0.50, yaw_rate=0.03, dir=1
[INFO] [1784919342.659473075] [waypoint_follower]: nearest=79, target=81, dist=0.71, alpha=-0.00, vx=0.50, yaw_rate=-0.00, dir=1
[INFO] [1784919343.708801980] [waypoint_follower]: nearest=80, target=82, dist=0.71, alpha=-0.02, vx=0.50, yaw_rate=-0.02, dir=1
[INFO] [1784919344.758480258] [waypoint_follower]: nearest=81, target=83, dist=0.70, alpha=-0.03, vx=0.50, yaw_rate=-0.02, dir=1
[INFO] [1784919345.758595147] [waypoint_follower]: nearest=82, target=84, dist=0.82, alpha=-0.06, vx=0.50, yaw_rate=-0.05, dir=1
[INFO] [1784919346.808484827] [waypoint_follower]: nearest=83, target=85, dist=0.86, alpha=0.01, vx=0.50, yaw_rate=0.01, dir=1
[INFO] [1784919347.858524392] [waypoint_follower]: nearest=84, target=86, dist=0.82, alpha=0.00, vx=0.50, yaw_rate=0.00, dir=1
[INFO] [1784919348.909418132] [waypoint_follower]: nearest=85, target=87, dist=0.89, alpha=-0.01, vx=0.50, yaw_rate=-0.01, dir=1
[INFO] [1784919349.958514427] [waypoint_follower]: nearest=86, target=88, dist=0.94, alpha=-0.02, vx=0.50, yaw_rate=-0.02, dir=1
[INFO] [1784919350.958658469] [waypoint_follower]: nearest=87, target=89, dist=0.97, alpha=-0.02, vx=0.50, yaw_rate=-0.02, dir=1
[INFO] [1784919351.959495385] [waypoint_follower]: nearest=88, target=90, dist=1.00, alpha=-0.00, vx=0.50, yaw_rate=-0.00, dir=1
[INFO] [1784919353.008731060] [waypoint_follower]: nearest=89, target=91, dist=1.08, alpha=0.04, vx=0.50, yaw_rate=0.03, dir=1
[INFO] [1784919354.058758869] [waypoint_follower]: nearest=90, target=92, dist=1.10, alpha=-0.02, vx=0.50, yaw_rate=-0.02, dir=1
[INFO] [1784919355.058393381] [waypoint_follower]: nearest=91, target=93, dist=1.04, alpha=0.01, vx=0.50, yaw_rate=0.01, dir=1
[INFO] [1784919356.108286570] [waypoint_follower]: nearest=91, target=93, dist=0.64, alpha=0.00, vx=0.50, yaw_rate=0.00, dir=1
[INFO] [1784919357.109738462] [waypoint_follower]: nearest=93, target=95, dist=1.01, alpha=0.01, vx=0.50, yaw_rate=0.01, dir=1
[INFO] [1784919358.158456225] [waypoint_follower]: nearest=94, target=96, dist=1.07, alpha=-0.00, vx=0.50, yaw_rate=-0.00, dir=1
[INFO] [1784919359.158559692] [waypoint_follower]: nearest=95, target=97, dist=1.09, alpha=-0.03, vx=0.50, yaw_rate=-0.02, dir=1
[INFO] [1784919360.208744928] [waypoint_follower]: nearest=95, target=97, dist=0.68, alpha=0.03, vx=0.50, yaw_rate=0.03, dir=1
[INFO] [1784919361.258413335] [waypoint_follower]: nearest=96, target=98, dist=0.68, alpha=0.01, vx=0.50, yaw_rate=0.01, dir=1
[INFO] [1784919362.258550177] [waypoint_follower]: nearest=98, target=100, dist=1.05, alpha=0.03, vx=0.50, yaw_rate=0.02, dir=1
[INFO] [1784919363.308380941] [waypoint_follower]: nearest=98, target=100, dist=0.65, alpha=0.00, vx=0.50, yaw_rate=0.00, dir=1
[INFO] [1784919364.308430679] [waypoint_follower]: nearest=99, target=101, dist=0.65, alpha=-0.03, vx=0.50, yaw_rate=-0.03, dir=1
[INFO] [1784919365.308496363] [waypoint_follower]: nearest=100, target=102, dist=0.61, alpha=-0.02, vx=0.50, yaw_rate=-0.02, dir=1
[INFO] [1784919366.309446940] [waypoint_follower]: nearest=101, target=103, dist=0.65, alpha=0.01, vx=0.50, yaw_rate=0.01, dir=1
[INFO] [1784919367.309402645] [waypoint_follower]: nearest=102, target=104, dist=0.77, alpha=-0.05, vx=0.50, yaw_rate=-0.05, dir=1
[INFO] [1784919368.360143308] [waypoint_follower]: nearest=103, target=105, dist=0.78, alpha=-0.01, vx=0.50, yaw_rate=-0.00, dir=1
[INFO] [1784919369.359392609] [waypoint_follower]: nearest=104, target=106, dist=0.86, alpha=-0.06, vx=0.50, yaw_rate=-0.06, dir=1
[INFO] [1784919370.408523785] [waypoint_follower]: nearest=105, target=107, dist=0.85, alpha=-0.01, vx=0.50, yaw_rate=-0.01, dir=1
[INFO] [1784919371.409022315] [waypoint_follower]: nearest=106, target=108, dist=0.93, alpha=-0.09, vx=0.50, yaw_rate=-0.08, dir=1
[INFO] [1784919372.458317120] [waypoint_follower]: nearest=107, target=109, dist=0.88, alpha=-0.18, vx=0.50, yaw_rate=-0.16, dir=1
[INFO] [1784919373.458633312] [waypoint_follower]: nearest=108, target=110, dist=0.90, alpha=-0.10, vx=0.50, yaw_rate=-0.09, dir=1
[INFO] [1784919374.458608118] [waypoint_follower]: nearest=109, target=111, dist=0.92, alpha=-0.10, vx=0.50, yaw_rate=-0.09, dir=1
[INFO] [1784919375.508637171] [waypoint_follower]: nearest=110, target=112, dist=0.93, alpha=-0.03, vx=0.50, yaw_rate=-0.02, dir=1
[INFO] [1784919376.511581742] [waypoint_follower]: nearest=111, target=113, dist=0.95, alpha=-0.00, vx=0.50, yaw_rate=-0.00, dir=1
[INFO] [1784919377.558513797] [waypoint_follower]: nearest=112, target=114, dist=0.92, alpha=0.00, vx=0.50, yaw_rate=0.00, dir=1
[INFO] [1784919378.558856567] [waypoint_follower]: nearest=113, target=115, dist=0.95, alpha=0.01, vx=0.50, yaw_rate=0.01, dir=1
[INFO] [1784919379.559665811] [waypoint_follower]: nearest=114, target=116, dist=1.04, alpha=0.00, vx=0.50, yaw_rate=0.00, dir=1
[INFO] [1784919380.608570854] [waypoint_follower]: nearest=115, target=117, dist=1.02, alpha=-0.06, vx=0.50, yaw_rate=-0.06, dir=1
[INFO] [1784919381.609771358] [waypoint_follower]: nearest=116, target=118, dist=1.02, alpha=-0.02, vx=0.50, yaw_rate=-0.02, dir=1
[INFO] [1784919382.658494470] [waypoint_follower]: nearest=117, target=119, dist=0.97, alpha=0.01, vx=0.50, yaw_rate=0.01, dir=1
[INFO] [1784919383.658642173] [waypoint_follower]: nearest=118, target=120, dist=0.99, alpha=-0.04, vx=0.50, yaw_rate=-0.03, dir=1
[INFO] [1784919384.708414673] [waypoint_follower]: nearest=119, target=121, dist=0.94, alpha=0.05, vx=0.50, yaw_rate=0.04, dir=1
[INFO] [1784919385.758584500] [waypoint_follower]: nearest=120, target=122, dist=0.96, alpha=-0.04, vx=0.50, yaw_rate=-0.03, dir=1
[INFO] [1784919386.758571086] [waypoint_follower]: nearest=121, target=123, dist=0.98, alpha=-0.04, vx=0.50, yaw_rate=-0.04, dir=1
[INFO] [1784919387.758584519] [waypoint_follower]: nearest=122, target=124, dist=1.02, alpha=-0.04, vx=0.50, yaw_rate=-0.03, dir=1
[INFO] [1784919388.808903128] [waypoint_follower]: nearest=123, target=125, dist=0.68, alpha=-0.73, vx=0.25, yaw_rate=-0.45, dir=1
[INFO] [1784919389.808704449] [waypoint_follower]: nearest=123, target=125, dist=0.49, alpha=-0.58, vx=0.25, yaw_rate=-0.45, dir=1
[INFO] [1784919390.858597373] [waypoint_follower]: nearest=125, target=127, dist=1.14, alpha=-0.87, vx=0.25, yaw_rate=-0.45, dir=1
[INFO] [1784919391.909317747] [waypoint_follower]: nearest=125, target=127, dist=0.92, alpha=-0.57, vx=0.25, yaw_rate=-0.45, dir=1
[INFO] [1784919392.959533336] [waypoint_follower]: nearest=126, target=128, dist=1.05, alpha=-0.33, vx=0.50, yaw_rate=-0.30, dir=1
[INFO] [1784919394.008724023] [waypoint_follower]: nearest=127, target=129, dist=0.93, alpha=-0.00, vx=0.50, yaw_rate=-0.00, dir=1
[INFO] [1784919395.008617255] [waypoint_follower]: nearest=128, target=130, dist=1.08, alpha=0.01, vx=0.50, yaw_rate=0.01, dir=1
[INFO] [1784919396.058447134] [waypoint_follower]: nearest=129, target=131, dist=1.08, alpha=0.04, vx=0.50, yaw_rate=0.03, dir=1
[INFO] [1784919397.108416210] [waypoint_follower]: nearest=130, target=132, dist=1.09, alpha=0.01, vx=0.50, yaw_rate=0.01, dir=1
[INFO] [1784919398.108507570] [waypoint_follower]: nearest=131, target=133, dist=1.03, alpha=0.02, vx=0.50, yaw_rate=0.02, dir=1
[INFO] [1784919399.158577629] [waypoint_follower]: nearest=132, target=134, dist=1.08, alpha=-0.05, vx=0.50, yaw_rate=-0.04, dir=1
[INFO] [1784919400.158612116] [waypoint_follower]: nearest=133, target=135, dist=0.94, alpha=-0.03, vx=0.50, yaw_rate=-0.03, dir=1
[INFO] [1784919401.208368739] [waypoint_follower]: nearest=134, target=136, dist=0.80, alpha=0.08, vx=0.50, yaw_rate=0.07, dir=1
[INFO] [1784919402.208462283] [waypoint_follower]: nearest=135, target=137, dist=0.84, alpha=0.13, vx=0.50, yaw_rate=0.12, dir=1
[INFO] [1784919403.258932975] [waypoint_follower]: nearest=136, target=138, dist=0.81, alpha=0.18, vx=0.50, yaw_rate=0.16, dir=1
[INFO] [1784919404.258423042] [waypoint_follower]: nearest=137, target=139, dist=0.77, alpha=0.13, vx=0.50, yaw_rate=0.12, dir=1
[INFO] [1784919405.259139360] [waypoint_follower]: nearest=138, target=140, dist=0.73, alpha=0.04, vx=0.50, yaw_rate=0.03, dir=1
[INFO] [1784919406.259370815] [waypoint_follower]: nearest=140, target=142, dist=1.17, alpha=-0.08, vx=0.50, yaw_rate=-0.07, dir=1
[INFO] [1784919407.308507310] [waypoint_follower]: nearest=141, target=143, dist=1.12, alpha=-0.07, vx=0.50, yaw_rate=-0.06, dir=1
[INFO] [1784919408.309322451] [waypoint_follower]: nearest=142, target=144, dist=1.05, alpha=-0.03, vx=0.50, yaw_rate=-0.02, dir=1
[INFO] [1784919409.358651311] [waypoint_follower]: nearest=143, target=145, dist=1.08, alpha=-0.01, vx=0.50, yaw_rate=-0.01, dir=1
[INFO] [1784919410.359414681] [waypoint_follower]: nearest=144, target=146, dist=1.02, alpha=-0.03, vx=0.50, yaw_rate=-0.03, dir=1
[INFO] [1784919411.408769133] [waypoint_follower]: nearest=145, target=147, dist=1.04, alpha=0.01, vx=0.50, yaw_rate=0.01, dir=1
[INFO] [1784919412.408973524] [waypoint_follower]: nearest=146, target=148, dist=1.02, alpha=-0.06, vx=0.50, yaw_rate=-0.05, dir=1
[INFO] [1784919413.458875221] [waypoint_follower]: nearest=147, target=149, dist=0.98, alpha=-0.04, vx=0.50, yaw_rate=-0.03, dir=1
[INFO] [1784919414.508692040] [waypoint_follower]: nearest=148, target=150, dist=0.93, alpha=0.01, vx=0.50, yaw_rate=0.01, dir=1
[INFO] [1784919415.558470043] [waypoint_follower]: nearest=149, target=151, dist=0.94, alpha=0.02, vx=0.50, yaw_rate=0.02, dir=1
[INFO] [1784919416.558458115] [waypoint_follower]: nearest=150, target=152, dist=0.93, alpha=-0.03, vx=0.50, yaw_rate=-0.03, dir=1
[INFO] [1784919417.609430277] [waypoint_follower]: nearest=151, target=153, dist=0.91, alpha=0.07, vx=0.50, yaw_rate=0.06, dir=1
[INFO] [1784919418.609408825] [waypoint_follower]: nearest=152, target=154, dist=0.88, alpha=0.04, vx=0.50, yaw_rate=0.03, dir=1
[INFO] [1784919419.658760710] [waypoint_follower]: nearest=153, target=155, dist=0.86, alpha=0.07, vx=0.50, yaw_rate=0.07, dir=1
[INFO] [1784919420.658597527] [waypoint_follower]: nearest=154, target=156, dist=0.81, alpha=0.00, vx=0.50, yaw_rate=0.00, dir=1
[INFO] [1784919421.658636716] [waypoint_follower]: nearest=156, target=158, dist=1.13, alpha=-0.06, vx=0.50, yaw_rate=-0.06, dir=1
[INFO] [1784919422.709500925] [waypoint_follower]: nearest=157, target=159, dist=1.11, alpha=-0.08, vx=0.50, yaw_rate=-0.07, dir=1
[INFO] [1784919423.758486388] [waypoint_follower]: nearest=158, target=160, dist=1.12, alpha=-0.07, vx=0.50, yaw_rate=-0.06, dir=1
[INFO] [1784919424.759155544] [waypoint_follower]: nearest=159, target=161, dist=1.10, alpha=-0.07, vx=0.50, yaw_rate=-0.06, dir=1
[INFO] [1784919425.808587853] [waypoint_follower]: nearest=160, target=162, dist=1.06, alpha=-0.03, vx=0.50, yaw_rate=-0.03, dir=1
[INFO] [1784919426.808657679] [waypoint_follower]: nearest=161, target=163, dist=1.02, alpha=-0.01, vx=0.50, yaw_rate=-0.01, dir=1
[INFO] [1784919427.858483159] [waypoint_follower]: nearest=162, target=164, dist=0.97, alpha=0.01, vx=0.50, yaw_rate=0.01, dir=1
[INFO] [1784919428.859027379] [waypoint_follower]: nearest=163, target=165, dist=1.02, alpha=-0.02, vx=0.50, yaw_rate=-0.02, dir=1
[INFO] [1784919429.908553581] [waypoint_follower]: nearest=164, target=166, dist=0.86, alpha=0.02, vx=0.50, yaw_rate=0.02, dir=1
[INFO] [1784919430.958396487] [waypoint_follower]: nearest=165, target=167, dist=0.90, alpha=-0.05, vx=0.50, yaw_rate=-0.05, dir=1
[INFO] [1784919431.958495971] [waypoint_follower]: nearest=166, target=168, dist=0.85, alpha=-0.04, vx=0.50, yaw_rate=-0.04, dir=1
[INFO] [1784919432.959685184] [waypoint_follower]: nearest=167, target=169, dist=0.82, alpha=0.03, vx=0.50, yaw_rate=0.02, dir=1
[INFO] [1784919434.008446758] [waypoint_follower]: nearest=168, target=170, dist=0.77, alpha=0.06, vx=0.50, yaw_rate=0.05, dir=1
[INFO] [1784919435.059398877] [waypoint_follower]: nearest=169, target=171, dist=0.73, alpha=0.07, vx=0.50, yaw_rate=0.06, dir=1
[INFO] [1784919436.108634499] [waypoint_follower]: nearest=171, target=173, dist=1.17, alpha=-0.10, vx=0.50, yaw_rate=-0.09, dir=1
[INFO] [1784919437.158354247] [waypoint_follower]: nearest=172, target=174, dist=1.09, alpha=-0.03, vx=0.50, yaw_rate=-0.02, dir=1
[INFO] [1784919438.158678018] [waypoint_follower]: nearest=173, target=175, dist=1.14, alpha=-0.05, vx=0.50, yaw_rate=-0.05, dir=1
[INFO] [1784919439.158805118] [waypoint_follower]: nearest=174, target=176, dist=1.11, alpha=-0.05, vx=0.50, yaw_rate=-0.04, dir=1
[INFO] [1784919440.210226510] [waypoint_follower]: nearest=175, target=177, dist=1.03, alpha=-0.04, vx=0.50, yaw_rate=-0.04, dir=1
[INFO] [1784919441.258288430] [waypoint_follower]: nearest=176, target=178, dist=1.02, alpha=-0.04, vx=0.50, yaw_rate=-0.03, dir=1
[INFO] [1784919442.259562516] [waypoint_follower]: nearest=177, target=179, dist=0.90, alpha=0.02, vx=0.50, yaw_rate=0.02, dir=1
[INFO] [1784919443.308435923] [waypoint_follower]: nearest=178, target=180, dist=0.86, alpha=-0.00, vx=0.50, yaw_rate=-0.00, dir=1
[INFO] [1784919444.310219581] [waypoint_follower]: nearest=179, target=181, dist=0.85, alpha=0.00, vx=0.50, yaw_rate=0.00, dir=1
[INFO] [1784919445.358508107] [waypoint_follower]: nearest=180, target=182, dist=0.78, alpha=0.04, vx=0.50, yaw_rate=0.03, dir=1
[INFO] [1784919446.362499108] [waypoint_follower]: nearest=182, target=184, dist=1.12, alpha=-0.06, vx=0.50, yaw_rate=-0.06, dir=1
[INFO] [1784919447.408897230] [waypoint_follower]: nearest=183, target=185, dist=1.11, alpha=-0.08, vx=0.50, yaw_rate=-0.07, dir=1
[INFO] [1784919448.408520737] [waypoint_follower]: nearest=184, target=186, dist=1.10, alpha=-0.08, vx=0.50, yaw_rate=-0.07, dir=1
[INFO] [1784919449.408519004] [waypoint_follower]: nearest=185, target=187, dist=1.03, alpha=-0.08, vx=0.50, yaw_rate=-0.07, dir=1
[INFO] [1784919450.408727995] [waypoint_follower]: nearest=186, target=188, dist=1.10, alpha=-0.08, vx=0.50, yaw_rate=-0.07, dir=1
[INFO] [1784919451.409216502] [waypoint_follower]: nearest=187, target=189, dist=1.03, alpha=-0.04, vx=0.50, yaw_rate=-0.03, dir=1
[INFO] [1784919452.458485857] [waypoint_follower]: nearest=188, target=190, dist=1.08, alpha=-0.03, vx=0.50, yaw_rate=-0.03, dir=1
[INFO] [1784919453.458490430] [waypoint_follower]: nearest=189, target=191, dist=1.05, alpha=-0.04, vx=0.50, yaw_rate=-0.03, dir=1
[INFO] [1784919454.458479013] [waypoint_follower]: nearest=190, target=192, dist=1.07, alpha=-0.02, vx=0.50, yaw_rate=-0.02, dir=1
[INFO] [1784919455.508521564] [waypoint_follower]: nearest=191, target=193, dist=1.03, alpha=-0.04, vx=0.50, yaw_rate=-0.04, dir=1
[INFO] [1784919456.558431897] [waypoint_follower]: nearest=192, target=194, dist=0.96, alpha=-0.04, vx=0.50, yaw_rate=-0.03, dir=1
[INFO] [1784919457.558544924] [waypoint_follower]: nearest=193, target=195, dist=1.01, alpha=-0.06, vx=0.50, yaw_rate=-0.06, dir=1
[INFO] [1784919458.608416122] [waypoint_follower]: nearest=194, target=196, dist=0.89, alpha=0.02, vx=0.50, yaw_rate=0.02, dir=1
[INFO] [1784919459.608732135] [waypoint_follower]: nearest=195, target=197, dist=0.91, alpha=-0.01, vx=0.50, yaw_rate=-0.01, dir=1
[INFO] [1784919460.658416747] [waypoint_follower]: nearest=196, target=198, dist=0.88, alpha=0.03, vx=0.50, yaw_rate=0.03, dir=1
[INFO] [1784919461.709307883] [waypoint_follower]: nearest=197, target=199, dist=0.88, alpha=0.04, vx=0.50, yaw_rate=0.03, dir=1
[INFO] [1784919462.709436308] [waypoint_follower]: nearest=198, target=200, dist=0.74, alpha=0.06, vx=0.50, yaw_rate=0.06, dir=1
[INFO] [1784919463.759958164] [waypoint_follower]: nearest=199, target=201, dist=0.76, alpha=0.05, vx=0.50, yaw_rate=0.05, dir=1
[INFO] [1784919464.808524458] [waypoint_follower]: nearest=201, target=203, dist=1.23, alpha=-0.06, vx=0.50, yaw_rate=-0.06, dir=1
[INFO] [1784919465.808664437] [waypoint_follower]: nearest=202, target=204, dist=1.18, alpha=-0.04, vx=0.50, yaw_rate=-0.04, dir=1
[INFO] [1784919466.860630646] [waypoint_follower]: nearest=203, target=205, dist=1.09, alpha=-0.03, vx=0.50, yaw_rate=-0.03, dir=1
[INFO] [1784919467.908705599] [waypoint_follower]: nearest=204, target=206, dist=1.08, alpha=-0.06, vx=0.50, yaw_rate=-0.05, dir=1
[INFO] [1784919468.959382741] [waypoint_follower]: nearest=205, target=207, dist=1.10, alpha=-0.06, vx=0.50, yaw_rate=-0.05, dir=1
[INFO] [1784919469.959676171] [waypoint_follower]: nearest=206, target=208, dist=1.05, alpha=0.02, vx=0.50, yaw_rate=0.01, dir=1
[INFO] [1784919471.008452334] [waypoint_follower]: nearest=207, target=209, dist=1.04, alpha=-0.02, vx=0.50, yaw_rate=-0.01, dir=1
[INFO] [1784919472.058334112] [waypoint_follower]: nearest=208, target=210, dist=0.98, alpha=-0.03, vx=0.50, yaw_rate=-0.03, dir=1
[INFO] [1784919473.058501567] [waypoint_follower]: nearest=209, target=211, dist=1.04, alpha=-0.03, vx=0.50, yaw_rate=-0.03, dir=1
[INFO] [1784919474.109343382] [waypoint_follower]: nearest=210, target=212, dist=0.95, alpha=0.01, vx=0.50, yaw_rate=0.01, dir=1
[INFO] [1784919475.158512384] [waypoint_follower]: nearest=211, target=213, dist=0.93, alpha=0.02, vx=0.50, yaw_rate=0.02, dir=1
[INFO] [1784919476.209330294] [waypoint_follower]: nearest=212, target=214, dist=0.88, alpha=0.06, vx=0.50, yaw_rate=0.05, dir=1
[INFO] [1784919477.209934791] [waypoint_follower]: nearest=213, target=215, dist=0.82, alpha=0.05, vx=0.50, yaw_rate=0.04, dir=1
[INFO] [1784919478.258608759] [waypoint_follower]: nearest=214, target=216, dist=0.79, alpha=0.05, vx=0.50, yaw_rate=0.04, dir=1
[INFO] [1784919479.259760732] [waypoint_follower]: nearest=215, target=217, dist=0.80, alpha=0.06, vx=0.50, yaw_rate=0.05, dir=1
[INFO] [1784919480.259902075] [waypoint_follower]: nearest=216, target=218, dist=0.80, alpha=0.11, vx=0.50, yaw_rate=0.10, dir=1
[INFO] [1784919481.308796469] [waypoint_follower]: nearest=218, target=220, dist=1.20, alpha=-0.06, vx=0.50, yaw_rate=-0.06, dir=1
[INFO] [1784919482.358570046] [waypoint_follower]: nearest=219, target=221, dist=1.18, alpha=-0.06, vx=0.50, yaw_rate=-0.05, dir=1
[INFO] [1784919483.408450704] [waypoint_follower]: nearest=220, target=222, dist=1.19, alpha=-0.06, vx=0.50, yaw_rate=-0.05, dir=1
[INFO] [1784919484.458800167] [waypoint_follower]: nearest=221, target=223, dist=1.07, alpha=-0.04, vx=0.50, yaw_rate=-0.04, dir=1
[INFO] [1784919485.508673724] [waypoint_follower]: nearest=222, target=224, dist=1.04, alpha=-0.05, vx=0.50, yaw_rate=-0.04, dir=1
[INFO] [1784919486.508547909] [waypoint_follower]: nearest=223, target=225, dist=1.00, alpha=-0.04, vx=0.50, yaw_rate=-0.03, dir=1
[INFO] [1784919487.558399710] [waypoint_follower]: nearest=224, target=226, dist=0.89, alpha=0.00, vx=0.50, yaw_rate=0.00, dir=1
[INFO] [1784919488.558551337] [waypoint_follower]: nearest=225, target=227, dist=0.84, alpha=0.01, vx=0.50, yaw_rate=0.01, dir=1
[INFO] [1784919489.609325880] [waypoint_follower]: nearest=226, target=228, dist=0.85, alpha=-0.01, vx=0.50, yaw_rate=-0.01, dir=1
[INFO] [1784919490.658475690] [waypoint_follower]: nearest=227, target=229, dist=0.77, alpha=0.05, vx=0.50, yaw_rate=0.04, dir=1
[INFO] [1784919491.658939522] [waypoint_follower]: nearest=228, target=230, dist=0.78, alpha=0.07, vx=0.50, yaw_rate=0.06, dir=1
[INFO] [1784919492.659520676] [waypoint_follower]: nearest=229, target=231, dist=0.77, alpha=0.08, vx=0.50, yaw_rate=0.08, dir=1
[INFO] [1784919493.708503103] [waypoint_follower]: nearest=231, target=233, dist=1.15, alpha=-0.09, vx=0.50, yaw_rate=-0.08, dir=1
[INFO] [1784919494.708765330] [waypoint_follower]: nearest=232, target=234, dist=1.16, alpha=-0.11, vx=0.50, yaw_rate=-0.10, dir=1
[INFO] [1784919495.709804583] [waypoint_follower]: nearest=233, target=235, dist=1.11, alpha=-0.07, vx=0.50, yaw_rate=-0.06, dir=1
[INFO] [1784919496.759777326] [waypoint_follower]: nearest=234, target=236, dist=1.07, alpha=-0.06, vx=0.50, yaw_rate=-0.05, dir=1
[INFO] [1784919497.808564828] [waypoint_follower]: nearest=235, target=237, dist=1.05, alpha=-0.05, vx=0.50, yaw_rate=-0.04, dir=1
[INFO] [1784919498.858410296] [waypoint_follower]: nearest=236, target=238, dist=1.05, alpha=-0.04, vx=0.50, yaw_rate=-0.04, dir=1
[INFO] [1784919499.858551455] [waypoint_follower]: nearest=237, target=239, dist=1.01, alpha=-0.02, vx=0.50, yaw_rate=-0.01, dir=1
[INFO] [1784919500.908623384] [waypoint_follower]: nearest=238, target=240, dist=0.95, alpha=0.06, vx=0.50, yaw_rate=0.05, dir=1
[INFO] [1784919501.908854464] [waypoint_follower]: nearest=239, target=241, dist=0.96, alpha=-0.03, vx=0.50, yaw_rate=-0.03, dir=1
[INFO] [1784919502.959450091] [waypoint_follower]: nearest=240, target=242, dist=0.91, alpha=-0.06, vx=0.50, yaw_rate=-0.05, dir=1
[INFO] [1784919503.959486310] [waypoint_follower]: nearest=241, target=243, dist=0.92, alpha=0.05, vx=0.50, yaw_rate=0.05, dir=1
[INFO] [1784919505.009265709] [waypoint_follower]: nearest=242, target=244, dist=0.94, alpha=0.05, vx=0.50, yaw_rate=0.05, dir=1
[INFO] [1784919506.058335975] [waypoint_follower]: nearest=243, target=245, dist=0.87, alpha=0.05, vx=0.50, yaw_rate=0.05, dir=1
[INFO] [1784919507.059437555] [waypoint_follower]: nearest=244, target=246, dist=0.85, alpha=0.05, vx=0.50, yaw_rate=0.04, dir=1
[INFO] [1784919508.108519866] [waypoint_follower]: nearest=245, target=247, dist=0.80, alpha=0.07, vx=0.50, yaw_rate=0.06, dir=1
[INFO] [1784919509.108734964] [waypoint_follower]: nearest=246, target=248, dist=0.79, alpha=0.05, vx=0.50, yaw_rate=0.04, dir=1
[INFO] [1784919510.158499807] [waypoint_follower]: nearest=248, target=250, dist=1.18, alpha=-0.10, vx=0.50, yaw_rate=-0.09, dir=1
[INFO] [1784919511.208563692] [waypoint_follower]: nearest=249, target=251, dist=1.13, alpha=-0.10, vx=0.50, yaw_rate=-0.09, dir=1
[INFO] [1784919512.259610718] [waypoint_follower]: nearest=250, target=252, dist=1.13, alpha=-0.08, vx=0.50, yaw_rate=-0.07, dir=1
[INFO] [1784919513.308410934] [waypoint_follower]: nearest=251, target=253, dist=1.09, alpha=-0.05, vx=0.50, yaw_rate=-0.04, dir=1
[INFO] [1784919514.309002767] [waypoint_follower]: nearest=252, target=254, dist=1.10, alpha=-0.05, vx=0.50, yaw_rate=-0.04, dir=1
[INFO] [1784919515.358465870] [waypoint_follower]: nearest=253, target=255, dist=1.05, alpha=-0.04, vx=0.50, yaw_rate=-0.03, dir=1
[INFO] [1784919516.360436095] [waypoint_follower]: nearest=254, target=256, dist=1.06, alpha=-0.05, vx=0.50, yaw_rate=-0.04, dir=1
[INFO] [1784919517.408516265] [waypoint_follower]: nearest=255, target=257, dist=1.02, alpha=-0.03, vx=0.50, yaw_rate=-0.03, dir=1
[INFO] [1784919518.459502551] [waypoint_follower]: nearest=256, target=258, dist=1.00, alpha=0.01, vx=0.50, yaw_rate=0.01, dir=1
[INFO] [1784919519.508514716] [waypoint_follower]: nearest=257, target=259, dist=0.99, alpha=-0.01, vx=0.50, yaw_rate=-0.01, dir=1
[INFO] [1784919520.558266764] [waypoint_follower]: nearest=258, target=260, dist=0.94, alpha=-0.03, vx=0.50, yaw_rate=-0.03, dir=1
[INFO] [1784919521.558830188] [waypoint_follower]: nearest=259, target=261, dist=0.96, alpha=-0.01, vx=0.50, yaw_rate=-0.01, dir=1
[INFO] [1784919522.608420343] [waypoint_follower]: nearest=260, target=262, dist=0.92, alpha=0.05, vx=0.50, yaw_rate=0.04, dir=1
[INFO] [1784919523.614705303] [waypoint_follower]: nearest=261, target=263, dist=0.86, alpha=0.05, vx=0.50, yaw_rate=0.05, dir=1
[INFO] [1784919524.658899775] [waypoint_follower]: nearest=262, target=264, dist=0.79, alpha=0.04, vx=0.50, yaw_rate=0.04, dir=1
[INFO] [1784919525.708611157] [waypoint_follower]: nearest=264, target=266, dist=1.21, alpha=-0.08, vx=0.50, yaw_rate=-0.07, dir=1
[INFO] [1784919526.720208220] [waypoint_follower]: nearest=265, target=267, dist=1.25, alpha=-0.10, vx=0.50, yaw_rate=-0.09, dir=1
[INFO] [1784919527.758445504] [waypoint_follower]: nearest=265, target=267, dist=0.79, alpha=0.05, vx=0.50, yaw_rate=0.04, dir=1
[INFO] [1784919528.758949159] [waypoint_follower]: nearest=267, target=269, dist=1.24, alpha=-0.08, vx=0.50, yaw_rate=-0.07, dir=1
[INFO] [1784919529.808728922] [waypoint_follower]: nearest=267, target=269, dist=0.81, alpha=0.05, vx=0.50, yaw_rate=0.05, dir=1
[INFO] [1784919530.808550146] [waypoint_follower]: nearest=269, target=271, dist=1.22, alpha=-0.12, vx=0.50, yaw_rate=-0.11, dir=1
[INFO] [1784919531.858369959] [waypoint_follower]: nearest=270, target=272, dist=1.20, alpha=-0.05, vx=0.50, yaw_rate=-0.05, dir=1
[INFO] [1784919532.858683925] [waypoint_follower]: nearest=271, target=273, dist=1.22, alpha=-0.03, vx=0.50, yaw_rate=-0.03, dir=1
[INFO] [1784919533.858495350] [waypoint_follower]: nearest=272, target=274, dist=1.21, alpha=-0.05, vx=0.50, yaw_rate=-0.04, dir=1
[INFO] [1784919534.908381858] [waypoint_follower]: nearest=273, target=275, dist=1.15, alpha=-0.06, vx=0.50, yaw_rate=-0.05, dir=1
[INFO] [1784919535.908443450] [waypoint_follower]: nearest=274, target=276, dist=1.23, alpha=-0.08, vx=0.50, yaw_rate=-0.08, dir=1
[INFO] [1784919536.909666965] [waypoint_follower]: nearest=275, target=277, dist=1.18, alpha=-0.03, vx=0.50, yaw_rate=-0.02, dir=1
[INFO] [1784919537.908517158] [waypoint_follower]: nearest=276, target=278, dist=1.14, alpha=-0.04, vx=0.50, yaw_rate=-0.03, dir=1
[INFO] [1784919538.959868524] [waypoint_follower]: nearest=277, target=279, dist=1.11, alpha=-0.04, vx=0.50, yaw_rate=-0.04, dir=1
[INFO] [1784919540.009455481] [waypoint_follower]: nearest=278, target=280, dist=1.11, alpha=-0.06, vx=0.50, yaw_rate=-0.05, dir=1
[INFO] [1784919541.058582364] [waypoint_follower]: nearest=279, target=281, dist=0.96, alpha=0.02, vx=0.50, yaw_rate=0.02, dir=1
[INFO] [1784919542.059435565] [waypoint_follower]: nearest=280, target=282, dist=0.97, alpha=-0.02, vx=0.50, yaw_rate=-0.02, dir=1
[INFO] [1784919543.108908857] [waypoint_follower]: nearest=281, target=283, dist=0.92, alpha=-0.02, vx=0.50, yaw_rate=-0.02, dir=1
[INFO] [1784919544.108880886] [waypoint_follower]: nearest=282, target=284, dist=0.96, alpha=-0.07, vx=0.50, yaw_rate=-0.06, dir=1
[INFO] [1784919545.159034088] [waypoint_follower]: nearest=283, target=285, dist=0.90, alpha=0.03, vx=0.50, yaw_rate=0.02, dir=1
[INFO] [1784919546.158726704] [waypoint_follower]: nearest=284, target=286, dist=0.93, alpha=0.01, vx=0.50, yaw_rate=0.01, dir=1
[INFO] [1784919547.159280711] [waypoint_follower]: nearest=285, target=287, dist=0.94, alpha=0.03, vx=0.50, yaw_rate=0.02, dir=1
[INFO] [1784919548.208512969] [waypoint_follower]: nearest=286, target=288, dist=0.82, alpha=0.08, vx=0.50, yaw_rate=0.08, dir=1
[INFO] [1784919549.209378473] [waypoint_follower]: nearest=287, target=289, dist=0.87, alpha=0.10, vx=0.50, yaw_rate=0.09, dir=1
[INFO] [1784919550.259427586] [waypoint_follower]: nearest=288, target=290, dist=0.81, alpha=0.09, vx=0.50, yaw_rate=0.09, dir=1
[INFO] [1784919551.258571756] [waypoint_follower]: nearest=289, target=291, dist=0.84, alpha=0.10, vx=0.50, yaw_rate=0.09, dir=1
[INFO] [1784919552.258802175] [waypoint_follower]: nearest=290, target=292, dist=0.77, alpha=0.07, vx=0.50, yaw_rate=0.06, dir=1
[INFO] [1784919553.308840347] [waypoint_follower]: nearest=292, target=294, dist=1.24, alpha=-0.09, vx=0.50, yaw_rate=-0.08, dir=1
[INFO] [1784919554.359121468] [waypoint_follower]: nearest=293, target=295, dist=1.19, alpha=-0.04, vx=0.50, yaw_rate=-0.03, dir=1
[INFO] [1784919555.409066168] [waypoint_follower]: nearest=294, target=296, dist=1.15, alpha=-0.06, vx=0.50, yaw_rate=-0.05, dir=1
[INFO] [1784919556.409527801] [waypoint_follower]: nearest=295, target=297, dist=1.09, alpha=-0.07, vx=0.50, yaw_rate=-0.06, dir=1
[INFO] [1784919557.459253320] [waypoint_follower]: nearest=296, target=298, dist=1.05, alpha=-0.02, vx=0.50, yaw_rate=-0.02, dir=1
[INFO] [1784919558.459374128] [waypoint_follower]: nearest=297, target=299, dist=1.04, alpha=-0.04, vx=0.50, yaw_rate=-0.03, dir=1
[INFO] [1784919559.508535624] [waypoint_follower]: nearest=298, target=300, dist=1.01, alpha=-0.03, vx=0.50, yaw_rate=-0.03, dir=1
[INFO] [1784919560.508575189] [waypoint_follower]: nearest=299, target=301, dist=1.14, alpha=-0.06, vx=0.50, yaw_rate=-0.05, dir=1
[INFO] [1784919561.559464623] [waypoint_follower]: nearest=300, target=301, dist=0.69, alpha=0.14, vx=0.50, yaw_rate=0.13, dir=1
[INFO] [1784919562.608273826] [waypoint_follower]: nearest=301, target=303, dist=1.03, alpha=-0.15, vx=0.50, yaw_rate=-0.14, dir=1
[INFO] [1784919563.608642756] [waypoint_follower]: nearest=302, target=304, dist=1.14, alpha=-0.09, vx=0.50, yaw_rate=-0.08, dir=1
[INFO] [1784919564.609354453] [waypoint_follower]: nearest=303, target=305, dist=1.12, alpha=-0.08, vx=0.50, yaw_rate=-0.07, dir=1
[INFO] [1784919565.659494219] [waypoint_follower]: nearest=304, target=306, dist=1.09, alpha=-0.03, vx=0.50, yaw_rate=-0.02, dir=1
[INFO] [1784919566.709014024] [waypoint_follower]: nearest=305, target=307, dist=0.95, alpha=0.02, vx=0.50, yaw_rate=0.02, dir=1
[INFO] [1784919567.708951248] [waypoint_follower]: nearest=306, target=308, dist=0.99, alpha=0.10, vx=0.50, yaw_rate=0.09, dir=1
[INFO] [1784919568.709409766] [waypoint_follower]: nearest=307, target=309, dist=0.98, alpha=0.11, vx=0.50, yaw_rate=0.10, dir=1
[INFO] [1784919569.758547646] [waypoint_follower]: nearest=308, target=310, dist=0.93, alpha=0.13, vx=0.50, yaw_rate=0.12, dir=1
[INFO] [1784919570.758334808] [waypoint_follower]: nearest=309, target=311, dist=0.96, alpha=0.19, vx=0.50, yaw_rate=0.17, dir=1
[INFO] [1784919571.761473317] [waypoint_follower]: nearest=310, target=312, dist=1.03, alpha=0.20, vx=0.50, yaw_rate=0.18, dir=1
[INFO] [1784919572.808895067] [waypoint_follower]: nearest=311, target=313, dist=1.06, alpha=0.19, vx=0.50, yaw_rate=0.17, dir=1
[INFO] [1784919573.858414583] [waypoint_follower]: nearest=312, target=314, dist=1.02, alpha=0.10, vx=0.50, yaw_rate=0.09, dir=1
[INFO] [1784919574.858250045] [waypoint_follower]: nearest=313, target=315, dist=1.06, alpha=0.10, vx=0.50, yaw_rate=0.09, dir=1
[INFO] [1784919575.858415336] [waypoint_follower]: nearest=314, target=316, dist=1.04, alpha=0.06, vx=0.50, yaw_rate=0.05, dir=1
[INFO] [1784919576.908495285] [waypoint_follower]: nearest=314, target=316, dist=0.68, alpha=0.10, vx=0.50, yaw_rate=0.09, dir=1
[INFO] [1784919577.908477563] [waypoint_follower]: nearest=316, target=318, dist=1.05, alpha=-0.01, vx=0.50, yaw_rate=-0.01, dir=1
[INFO] [1784919578.908612286] [waypoint_follower]: nearest=317, target=319, dist=1.05, alpha=-0.08, vx=0.50, yaw_rate=-0.07, dir=1
Terminated
