[rosmaster.main][INFO] 2023-09-01 18:22:57,046: initialization complete, waiting for shutdown
[rosmaster.main][INFO] 2023-09-01 18:22:57,047: Starting ROS Master Node
[xmlrpc][INFO] 2023-09-01 18:22:57,085: XML-RPC server binding to 0.0.0.0:11311
[xmlrpc][INFO] 2023-09-01 18:22:57,086: Started XML-RPC server [http://ubuntu:11311/]
[rosmaster.master][INFO] 2023-09-01 18:22:57,086: Master initialized: port[11311], uri[http://ubuntu:11311/]
[xmlrpc][INFO] 2023-09-01 18:22:57,086: xml rpc node: starting XML-RPC server
[rosmaster.master][INFO] 2023-09-01 18:22:57,180: +PARAM [/run_id] by /roslaunch
[rosmaster.master][INFO] 2023-09-01 18:22:57,182: +PARAM [/roslaunch/uris/host_ubuntu__41609] by /roslaunch
[rosmaster.master][INFO] 2023-09-01 18:22:57,313: +PARAM [/rosversion] by /roslaunch
[rosmaster.master][INFO] 2023-09-01 18:22:57,313: +PARAM [/rosdistro] by /roslaunch
[rosmaster.master][INFO] 2023-09-01 18:22:57,314: +PARAM [/camera/realsense2_camera/serial_no] by /roslaunch
[rosmaster.master][INFO] 2023-09-01 18:22:57,314: +PARAM [/camera/realsense2_camera/usb_port_id] by /roslaunch
[rosmaster.master][INFO] 2023-09-01 18:22:57,314: +PARAM [/camera/realsense2_camera/device_type] by /roslaunch
[rosmaster.master][INFO] 2023-09-01 18:22:57,314: +PARAM [/camera/realsense2_camera/json_file_path] by /roslaunch
[rosmaster.master][INFO] 2023-09-01 18:22:57,314: +PARAM [/camera/realsense2_camera/rosbag_filename] by /roslaunch
[rosmaster.master][INFO] 2023-09-01 18:22:57,314: +PARAM [/camera/realsense2_camera/enable_pointcloud] by /roslaunch
[rosmaster.master][INFO] 2023-09-01 18:22:57,314: +PARAM [/camera/realsense2_camera/pointcloud_texture_stream] by /roslaunch
[rosmaster.master][INFO] 2023-09-01 18:22:57,314: +PARAM [/camera/realsense2_camera/pointcloud_texture_index] by /roslaunch
[rosmaster.master][INFO] 2023-09-01 18:22:57,314: +PARAM [/camera/realsense2_camera/allow_no_texture_points] by /roslaunch
[rosmaster.master][INFO] 2023-09-01 18:22:57,315: +PARAM [/camera/realsense2_camera/ordered_pc] by /roslaunch
[rosmaster.master][INFO] 2023-09-01 18:22:57,315: +PARAM [/camera/realsense2_camera/enable_sync] by /roslaunch
[rosmaster.master][INFO] 2023-09-01 18:22:57,315: +PARAM [/camera/realsense2_camera/align_depth] by /roslaunch
[rosmaster.master][INFO] 2023-09-01 18:22:57,315: +PARAM [/camera/realsense2_camera/fisheye_width] by /roslaunch
[rosmaster.master][INFO] 2023-09-01 18:22:57,315: +PARAM [/camera/realsense2_camera/fisheye_height] by /roslaunch
[rosmaster.master][INFO] 2023-09-01 18:22:57,315: +PARAM [/camera/realsense2_camera/enable_fisheye] by /roslaunch
[rosmaster.master][INFO] 2023-09-01 18:22:57,315: +PARAM [/camera/realsense2_camera/enable_fisheye1] by /roslaunch
[rosmaster.master][INFO] 2023-09-01 18:22:57,315: +PARAM [/camera/realsense2_camera/enable_fisheye2] by /roslaunch
[rosmaster.master][INFO] 2023-09-01 18:22:57,315: +PARAM [/camera/realsense2_camera/depth_width] by /roslaunch
[rosmaster.master][INFO] 2023-09-01 18:22:57,315: +PARAM [/camera/realsense2_camera/depth_height] by /roslaunch
[rosmaster.master][INFO] 2023-09-01 18:22:57,315: +PARAM [/camera/realsense2_camera/enable_depth] by /roslaunch
[rosmaster.master][INFO] 2023-09-01 18:22:57,316: +PARAM [/camera/realsense2_camera/confidence_width] by /roslaunch
[rosmaster.master][INFO] 2023-09-01 18:22:57,316: +PARAM [/camera/realsense2_camera/confidence_height] by /roslaunch
[rosmaster.master][INFO] 2023-09-01 18:22:57,316: +PARAM [/camera/realsense2_camera/enable_confidence] by /roslaunch
[rosmaster.master][INFO] 2023-09-01 18:22:57,316: +PARAM [/camera/realsense2_camera/confidence_fps] by /roslaunch
[rosmaster.master][INFO] 2023-09-01 18:22:57,316: +PARAM [/camera/realsense2_camera/color_width] by /roslaunch
[rosmaster.master][INFO] 2023-09-01 18:22:57,316: +PARAM [/camera/realsense2_camera/color_height] by /roslaunch
[rosmaster.master][INFO] 2023-09-01 18:22:57,316: +PARAM [/camera/realsense2_camera/enable_color] by /roslaunch
[rosmaster.master][INFO] 2023-09-01 18:22:57,316: +PARAM [/camera/realsense2_camera/infra_width] by /roslaunch
[rosmaster.master][INFO] 2023-09-01 18:22:57,316: +PARAM [/camera/realsense2_camera/infra_height] by /roslaunch
[rosmaster.master][INFO] 2023-09-01 18:22:57,316: +PARAM [/camera/realsense2_camera/enable_infra] by /roslaunch
[rosmaster.master][INFO] 2023-09-01 18:22:57,316: +PARAM [/camera/realsense2_camera/enable_infra1] by /roslaunch
[rosmaster.master][INFO] 2023-09-01 18:22:57,317: +PARAM [/camera/realsense2_camera/enable_infra2] by /roslaunch
[rosmaster.master][INFO] 2023-09-01 18:22:57,317: +PARAM [/camera/realsense2_camera/infra_rgb] by /roslaunch
[rosmaster.master][INFO] 2023-09-01 18:22:57,317: +PARAM [/camera/realsense2_camera/fisheye_fps] by /roslaunch
[rosmaster.master][INFO] 2023-09-01 18:22:57,317: +PARAM [/camera/realsense2_camera/depth_fps] by /roslaunch
[rosmaster.master][INFO] 2023-09-01 18:22:57,317: +PARAM [/camera/realsense2_camera/infra_fps] by /roslaunch
[rosmaster.master][INFO] 2023-09-01 18:22:57,332: +SERVICE [/rosout/get_loggers] /rosout http://ubuntu:43403/
[rosmaster.master][INFO] 2023-09-01 18:22:57,335: +PARAM [/camera/realsense2_camera/color_fps] by /roslaunch
[rosmaster.master][INFO] 2023-09-01 18:22:57,336: +PARAM [/camera/realsense2_camera/gyro_fps] by /roslaunch
[rosmaster.master][INFO] 2023-09-01 18:22:57,337: +SERVICE [/rosout/set_logger_level] /rosout http://ubuntu:43403/
[rosmaster.master][INFO] 2023-09-01 18:22:57,337: +PARAM [/camera/realsense2_camera/accel_fps] by /roslaunch
[rosmaster.master][INFO] 2023-09-01 18:22:57,337: +PARAM [/camera/realsense2_camera/enable_gyro] by /roslaunch
[rosmaster.master][INFO] 2023-09-01 18:22:57,338: +PARAM [/camera/realsense2_camera/enable_accel] by /roslaunch
[rosmaster.master][INFO] 2023-09-01 18:22:57,338: +PARAM [/camera/realsense2_camera/enable_pose] by /roslaunch
[rosmaster.master][INFO] 2023-09-01 18:22:57,338: +PARAM [/camera/realsense2_camera/base_frame_id] by /roslaunch
[rosmaster.master][INFO] 2023-09-01 18:22:57,338: +PARAM [/camera/realsense2_camera/depth_frame_id] by /roslaunch
[rosmaster.master][INFO] 2023-09-01 18:22:57,338: +PARAM [/camera/realsense2_camera/infra1_frame_id] by /roslaunch
[rosmaster.master][INFO] 2023-09-01 18:22:57,338: +PARAM [/camera/realsense2_camera/infra2_frame_id] by /roslaunch
[rosmaster.master][INFO] 2023-09-01 18:22:57,338: +PARAM [/camera/realsense2_camera/color_frame_id] by /roslaunch
[rosmaster.master][INFO] 2023-09-01 18:22:57,338: +PARAM [/camera/realsense2_camera/fisheye_frame_id] by /roslaunch
[rosmaster.master][INFO] 2023-09-01 18:22:57,339: +PUB [/rosout_agg] /rosout http://ubuntu:43403/
[rosmaster.master][INFO] 2023-09-01 18:22:57,341: +PARAM [/camera/realsense2_camera/fisheye1_frame_id] by /roslaunch
[rosmaster.master][INFO] 2023-09-01 18:22:57,342: +PARAM [/camera/realsense2_camera/fisheye2_frame_id] by /roslaunch
[rosmaster.master][INFO] 2023-09-01 18:22:57,342: +PARAM [/camera/realsense2_camera/accel_frame_id] by /roslaunch
[rosmaster.master][INFO] 2023-09-01 18:22:57,343: +PARAM [/camera/realsense2_camera/gyro_frame_id] by /roslaunch
[rosmaster.master][INFO] 2023-09-01 18:22:57,343: +PARAM [/camera/realsense2_camera/pose_frame_id] by /roslaunch
[rosmaster.master][INFO] 2023-09-01 18:22:57,344: +PARAM [/camera/realsense2_camera/depth_optical_frame_id] by /roslaunch
[rosmaster.master][INFO] 2023-09-01 18:22:57,344: +PARAM [/camera/realsense2_camera/infra1_optical_frame_id] by /roslaunch
[rosmaster.master][INFO] 2023-09-01 18:22:57,345: +PARAM [/camera/realsense2_camera/infra2_optical_frame_id] by /roslaunch
[rosmaster.master][INFO] 2023-09-01 18:22:57,345: +PARAM [/camera/realsense2_camera/color_optical_frame_id] by /roslaunch
[rosmaster.master][INFO] 2023-09-01 18:22:57,345: +SUB [/rosout] /rosout http://ubuntu:43403/
[rosmaster.master][INFO] 2023-09-01 18:22:57,345: +PARAM [/camera/realsense2_camera/fisheye_optical_frame_id] by /roslaunch
[rosmaster.master][INFO] 2023-09-01 18:22:57,346: +PARAM [/camera/realsense2_camera/fisheye1_optical_frame_id] by /roslaunch
[rosmaster.master][INFO] 2023-09-01 18:22:57,346: +PARAM [/camera/realsense2_camera/fisheye2_optical_frame_id] by /roslaunch
[rosmaster.master][INFO] 2023-09-01 18:22:57,346: +PARAM [/camera/realsense2_camera/accel_optical_frame_id] by /roslaunch
[rosmaster.master][INFO] 2023-09-01 18:22:57,346: +PARAM [/camera/realsense2_camera/gyro_optical_frame_id] by /roslaunch
[rosmaster.master][INFO] 2023-09-01 18:22:57,346: +PARAM [/camera/realsense2_camera/imu_optical_frame_id] by /roslaunch
[rosmaster.master][INFO] 2023-09-01 18:22:57,346: +PARAM [/camera/realsense2_camera/pose_optical_frame_id] by /roslaunch
[rosmaster.master][INFO] 2023-09-01 18:22:57,346: +PARAM [/camera/realsense2_camera/aligned_depth_to_color_frame_id] by /roslaunch
[rosmaster.master][INFO] 2023-09-01 18:22:57,347: +PARAM [/camera/realsense2_camera/aligned_depth_to_infra1_frame_id] by /roslaunch
[rosmaster.master][INFO] 2023-09-01 18:22:57,347: +PARAM [/camera/realsense2_camera/aligned_depth_to_infra2_frame_id] by /roslaunch
[rosmaster.master][INFO] 2023-09-01 18:22:57,347: +PARAM [/camera/realsense2_camera/aligned_depth_to_fisheye_frame_id] by /roslaunch
[rosmaster.master][INFO] 2023-09-01 18:22:57,347: +PARAM [/camera/realsense2_camera/aligned_depth_to_fisheye1_frame_id] by /roslaunch
[rosmaster.master][INFO] 2023-09-01 18:22:57,347: +PARAM [/camera/realsense2_camera/aligned_depth_to_fisheye2_frame_id] by /roslaunch
[rosmaster.master][INFO] 2023-09-01 18:22:57,347: +PARAM [/camera/realsense2_camera/publish_tf] by /roslaunch
[rosmaster.master][INFO] 2023-09-01 18:22:57,347: +PARAM [/camera/realsense2_camera/tf_publish_rate] by /roslaunch
[rosmaster.master][INFO] 2023-09-01 18:22:57,347: +PARAM [/camera/realsense2_camera/odom_frame_id] by /roslaunch
[rosmaster.master][INFO] 2023-09-01 18:22:57,347: +PARAM [/camera/realsense2_camera/topic_odom_in] by /roslaunch
[rosmaster.master][INFO] 2023-09-01 18:22:57,347: +PARAM [/camera/realsense2_camera/calib_odom_file] by /roslaunch
[rosmaster.master][INFO] 2023-09-01 18:22:57,347: +PARAM [/camera/realsense2_camera/publish_odom_tf] by /roslaunch
[rosmaster.master][INFO] 2023-09-01 18:22:57,347: +PARAM [/camera/realsense2_camera/stereo_module/exposure/1] by /roslaunch
[rosmaster.master][INFO] 2023-09-01 18:22:57,348: +PARAM [/camera/realsense2_camera/stereo_module/gain/1] by /roslaunch
[rosmaster.master][INFO] 2023-09-01 18:22:57,348: +PARAM [/camera/realsense2_camera/stereo_module/exposure/2] by /roslaunch
[rosmaster.master][INFO] 2023-09-01 18:22:57,348: +PARAM [/camera/realsense2_camera/stereo_module/gain/2] by /roslaunch
[rosmaster.master][INFO] 2023-09-01 18:22:57,348: +PARAM [/camera/realsense2_camera/filters] by /roslaunch
[rosmaster.master][INFO] 2023-09-01 18:22:57,348: +PARAM [/camera/realsense2_camera/clip_distance] by /roslaunch
[rosmaster.master][INFO] 2023-09-01 18:22:57,348: +PARAM [/camera/realsense2_camera/linear_accel_cov] by /roslaunch
[rosmaster.master][INFO] 2023-09-01 18:22:57,348: +PARAM [/camera/realsense2_camera/initial_reset] by /roslaunch
[rosmaster.master][INFO] 2023-09-01 18:22:57,348: +PARAM [/camera/realsense2_camera/reconnect_timeout] by /roslaunch
[rosmaster.master][INFO] 2023-09-01 18:22:57,348: +PARAM [/camera/realsense2_camera/wait_for_device_timeout] by /roslaunch
[rosmaster.master][INFO] 2023-09-01 18:22:57,348: +PARAM [/camera/realsense2_camera/unite_imu_method] by /roslaunch
[rosmaster.master][INFO] 2023-09-01 18:22:57,501: +PUB [/rosout] /camera/realsense2_camera http://ubuntu:38145/
[rosmaster.master][INFO] 2023-09-01 18:22:57,502: +SERVICE [/camera/realsense2_camera/get_loggers] /camera/realsense2_camera http://ubuntu:38145/
[rosmaster.master][INFO] 2023-09-01 18:22:57,505: +SERVICE [/camera/realsense2_camera/set_logger_level] /camera/realsense2_camera http://ubuntu:38145/
[rosmaster.master][INFO] 2023-09-01 18:22:57,507: +CACHEDPARAM [/rosout_disable_topics_generation] by /camera/realsense2_camera
[rosmaster.master][INFO] 2023-09-01 18:22:57,509: +PUB [/rosout] /camera/realsense2_camera_manager http://ubuntu:35113/
[rosmaster.master][INFO] 2023-09-01 18:22:57,510: +SERVICE [/camera/realsense2_camera_manager/get_loggers] /camera/realsense2_camera_manager http://ubuntu:35113/
[rosmaster.master][INFO] 2023-09-01 18:22:57,511: +SERVICE [/camera/realsense2_camera_manager/set_logger_level] /camera/realsense2_camera_manager http://ubuntu:35113/
[rosmaster.master][INFO] 2023-09-01 18:22:57,514: +PARAM [/camera/realsense2_camera] by /camera/realsense2_camera
[rosmaster.master][INFO] 2023-09-01 18:22:57,518: +CACHEDPARAM [/rosout_disable_topics_generation] by /camera/realsense2_camera_manager
[rosmaster.master][INFO] 2023-09-01 18:22:57,521: +SERVICE [/camera/realsense2_camera_manager/load_nodelet] /camera/realsense2_camera_manager http://ubuntu:35113/
[rosmaster.master][INFO] 2023-09-01 18:22:57,523: +SERVICE [/camera/realsense2_camera_manager/unload_nodelet] /camera/realsense2_camera_manager http://ubuntu:35113/
[rosmaster.master][INFO] 2023-09-01 18:22:57,524: +SERVICE [/camera/realsense2_camera_manager/list] /camera/realsense2_camera_manager http://ubuntu:35113/
[rosmaster.master][INFO] 2023-09-01 18:22:57,552: publisherUpdate[/rosout] -> http://ubuntu:43403/ ['http://ubuntu:38145/']
[rosmaster.master][INFO] 2023-09-01 18:22:57,558: publisherUpdate[/rosout] -> http://ubuntu:43403/ ['http://ubuntu:38145/']: sec=0.01, result=[1, '', 0]
[rosmaster.master][INFO] 2023-09-01 18:22:57,558: publisherUpdate[/rosout] -> http://ubuntu:43403/ ['http://ubuntu:38145/', 'http://ubuntu:35113/']
[rosmaster.master][INFO] 2023-09-01 18:22:57,559: publisherUpdate[/rosout] -> http://ubuntu:43403/ ['http://ubuntu:38145/', 'http://ubuntu:35113/']: sec=0.00, result=[1, '', 0]
[rosmaster.master][INFO] 2023-09-01 18:22:58,029: +CACHEDPARAM [/rosout/omit_topics] by /rosout
[rosmaster.master][INFO] 2023-09-01 18:22:58,032: +PUB [/camera/realsense2_camera_manager/bond] /camera/realsense2_camera_manager http://ubuntu:35113/
[rosmaster.master][INFO] 2023-09-01 18:22:58,039: +SUB [/camera/realsense2_camera_manager/bond] /camera/realsense2_camera_manager http://ubuntu:35113/
[rosmaster.master][INFO] 2023-09-01 18:22:58,045: +SERVICE [/camera/enable] /camera/realsense2_camera_manager http://ubuntu:35113/
[rosmaster.master][INFO] 2023-09-01 18:22:58,047: +SERVICE [/camera/realsense2_camera/reset] /camera/realsense2_camera_manager http://ubuntu:35113/
[rosmaster.master][INFO] 2023-09-01 18:22:58,063: +PUB [/camera/realsense2_camera_manager/bond] /camera/realsense2_camera http://ubuntu:38145/
[rosmaster.master][INFO] 2023-09-01 18:22:58,065: publisherUpdate[/camera/realsense2_camera_manager/bond] -> http://ubuntu:35113/ ['http://ubuntu:35113/', 'http://ubuntu:38145/']
[rosmaster.master][INFO] 2023-09-01 18:22:58,067: publisherUpdate[/camera/realsense2_camera_manager/bond] -> http://ubuntu:35113/ ['http://ubuntu:35113/', 'http://ubuntu:38145/']: sec=0.00, result=[1, '', 0]
[rosmaster.master][INFO] 2023-09-01 18:22:58,069: +SUB [/camera/realsense2_camera_manager/bond] /camera/realsense2_camera http://ubuntu:38145/
[rosmaster.master][INFO] 2023-09-01 18:22:58,453: +PUB [/tf_static] /camera/realsense2_camera_manager http://ubuntu:35113/
[rosmaster.master][INFO] 2023-09-01 18:22:58,455: +PUB [/tf] /camera/realsense2_camera_manager http://ubuntu:35113/
[rosmaster.master][INFO] 2023-09-01 18:23:02,076: +PUB [/camera/stereo_module/parameter_descriptions] /camera/realsense2_camera_manager http://ubuntu:35113/
[rosmaster.master][INFO] 2023-09-01 18:23:02,079: +PUB [/camera/stereo_module/parameter_updates] /camera/realsense2_camera_manager http://ubuntu:35113/
[rosmaster.master][INFO] 2023-09-01 18:23:02,080: +SERVICE [/camera/stereo_module/set_parameters] /camera/realsense2_camera_manager http://ubuntu:35113/
[rosmaster.master][INFO] 2023-09-01 18:23:03,798: +PUB [/camera/rgb_camera/parameter_descriptions] /camera/realsense2_camera_manager http://ubuntu:35113/
[rosmaster.master][INFO] 2023-09-01 18:23:03,799: +PUB [/camera/rgb_camera/parameter_updates] /camera/realsense2_camera_manager http://ubuntu:35113/
[rosmaster.master][INFO] 2023-09-01 18:23:03,799: +SERVICE [/camera/rgb_camera/set_parameters] /camera/realsense2_camera_manager http://ubuntu:35113/
[rosmaster.master][INFO] 2023-09-01 18:23:03,803: +PUB [/camera/motion_module/parameter_descriptions] /camera/realsense2_camera_manager http://ubuntu:35113/
[rosmaster.master][INFO] 2023-09-01 18:23:03,804: +PUB [/camera/motion_module/parameter_updates] /camera/realsense2_camera_manager http://ubuntu:35113/
[rosmaster.master][INFO] 2023-09-01 18:23:03,805: +SERVICE [/camera/motion_module/set_parameters] /camera/realsense2_camera_manager http://ubuntu:35113/
[rosmaster.master][INFO] 2023-09-01 18:23:03,811: +PUB [/diagnostics] /camera/realsense2_camera_manager http://ubuntu:35113/
[rosmaster.master][INFO] 2023-09-01 18:23:03,812: +CACHEDPARAM [/camera/realsense2_camera_manager/diagnostic_period] by /camera/realsense2_camera_manager
[rosmaster.master][INFO] 2023-09-01 18:23:03,818: +PUB [/camera/depth/image_rect_raw/compressedDepth] /camera/realsense2_camera_manager http://ubuntu:35113/
[rosmaster.master][INFO] 2023-09-01 18:23:03,821: +SERVICE [/camera/depth/image_rect_raw/compressedDepth/set_parameters] /camera/realsense2_camera_manager http://ubuntu:35113/
[rosmaster.master][INFO] 2023-09-01 18:23:03,823: +PUB [/camera/depth/image_rect_raw/compressedDepth/parameter_descriptions] /camera/realsense2_camera_manager http://ubuntu:35113/
[rosmaster.master][INFO] 2023-09-01 18:23:03,840: +PUB [/camera/depth/image_rect_raw/compressedDepth/parameter_updates] /camera/realsense2_camera_manager http://ubuntu:35113/
[rosmaster.master][INFO] 2023-09-01 18:23:03,849: +PARAM [/camera/depth/image_rect_raw/compressedDepth/format] by /camera/realsense2_camera_manager
[rosmaster.master][INFO] 2023-09-01 18:23:03,850: +PARAM [/camera/depth/image_rect_raw/compressedDepth/depth_max] by /camera/realsense2_camera_manager
[rosmaster.master][INFO] 2023-09-01 18:23:03,851: +PARAM [/camera/depth/image_rect_raw/compressedDepth/depth_quantization] by /camera/realsense2_camera_manager
[rosmaster.master][INFO] 2023-09-01 18:23:03,851: +PARAM [/camera/depth/image_rect_raw/compressedDepth/png_level] by /camera/realsense2_camera_manager
[rosmaster.master][INFO] 2023-09-01 18:23:03,852: +PARAM [/camera/depth/image_rect_raw/compressedDepth/format] by /camera/realsense2_camera_manager
[rosmaster.master][INFO] 2023-09-01 18:23:03,853: +PARAM [/camera/depth/image_rect_raw/compressedDepth/depth_max] by /camera/realsense2_camera_manager
[rosmaster.master][INFO] 2023-09-01 18:23:03,853: +PARAM [/camera/depth/image_rect_raw/compressedDepth/depth_quantization] by /camera/realsense2_camera_manager
[rosmaster.master][INFO] 2023-09-01 18:23:03,854: +PARAM [/camera/depth/image_rect_raw/compressedDepth/png_level] by /camera/realsense2_camera_manager
[rosmaster.master][INFO] 2023-09-01 18:23:03,859: +PUB [/camera/depth/image_rect_raw/compressed] /camera/realsense2_camera_manager http://ubuntu:35113/
[rosmaster.master][INFO] 2023-09-01 18:23:03,861: +SERVICE [/camera/depth/image_rect_raw/compressed/set_parameters] /camera/realsense2_camera_manager http://ubuntu:35113/
[rosmaster.master][INFO] 2023-09-01 18:23:03,862: +PUB [/camera/depth/image_rect_raw/compressed/parameter_descriptions] /camera/realsense2_camera_manager http://ubuntu:35113/
[rosmaster.master][INFO] 2023-09-01 18:23:03,882: +PUB [/camera/depth/image_rect_raw/compressed/parameter_updates] /camera/realsense2_camera_manager http://ubuntu:35113/
[rosmaster.master][INFO] 2023-09-01 18:23:03,888: +PARAM [/camera/depth/image_rect_raw/compressed/format] by /camera/realsense2_camera_manager
[rosmaster.master][INFO] 2023-09-01 18:23:03,889: +PARAM [/camera/depth/image_rect_raw/compressed/jpeg_quality] by /camera/realsense2_camera_manager
[rosmaster.master][INFO] 2023-09-01 18:23:03,889: +PARAM [/camera/depth/image_rect_raw/compressed/jpeg_progressive] by /camera/realsense2_camera_manager
[rosmaster.master][INFO] 2023-09-01 18:23:03,894: +PARAM [/camera/depth/image_rect_raw/compressed/jpeg_optimize] by /camera/realsense2_camera_manager
[rosmaster.master][INFO] 2023-09-01 18:23:03,895: +PARAM [/camera/depth/image_rect_raw/compressed/jpeg_restart_interval] by /camera/realsense2_camera_manager
[rosmaster.master][INFO] 2023-09-01 18:23:03,896: +PARAM [/camera/depth/image_rect_raw/compressed/png_level] by /camera/realsense2_camera_manager
[rosmaster.master][INFO] 2023-09-01 18:23:03,915: +PARAM [/camera/depth/image_rect_raw/compressed/format] by /camera/realsense2_camera_manager
[rosmaster.master][INFO] 2023-09-01 18:23:03,918: +PARAM [/camera/depth/image_rect_raw/compressed/jpeg_quality] by /camera/realsense2_camera_manager
[rosmaster.master][INFO] 2023-09-01 18:23:03,919: +PARAM [/camera/depth/image_rect_raw/compressed/jpeg_progressive] by /camera/realsense2_camera_manager
[rosmaster.master][INFO] 2023-09-01 18:23:03,920: +PARAM [/camera/depth/image_rect_raw/compressed/jpeg_optimize] by /camera/realsense2_camera_manager
[rosmaster.master][INFO] 2023-09-01 18:23:03,921: +PARAM [/camera/depth/image_rect_raw/compressed/jpeg_restart_interval] by /camera/realsense2_camera_manager
[rosmaster.master][INFO] 2023-09-01 18:23:03,923: +PARAM [/camera/depth/image_rect_raw/compressed/png_level] by /camera/realsense2_camera_manager
[rosmaster.master][INFO] 2023-09-01 18:23:03,928: +PUB [/camera/depth/image_rect_raw] /camera/realsense2_camera_manager http://ubuntu:35113/
[rosmaster.master][INFO] 2023-09-01 18:23:03,941: +PUB [/camera/depth/image_rect_raw/theora] /camera/realsense2_camera_manager http://ubuntu:35113/
[rosmaster.master][INFO] 2023-09-01 18:23:03,953: +SERVICE [/camera/depth/image_rect_raw/theora/set_parameters] /camera/realsense2_camera_manager http://ubuntu:35113/
[rosmaster.master][INFO] 2023-09-01 18:23:03,955: +PUB [/camera/depth/image_rect_raw/theora/parameter_descriptions] /camera/realsense2_camera_manager http://ubuntu:35113/
[rosmaster.master][INFO] 2023-09-01 18:23:03,957: +PUB [/camera/depth/image_rect_raw/theora/parameter_updates] /camera/realsense2_camera_manager http://ubuntu:35113/
[rosmaster.master][INFO] 2023-09-01 18:23:03,970: +PARAM [/camera/depth/image_rect_raw/theora/optimize_for] by /camera/realsense2_camera_manager
[rosmaster.master][INFO] 2023-09-01 18:23:03,972: +PARAM [/camera/depth/image_rect_raw/theora/target_bitrate] by /camera/realsense2_camera_manager
[rosmaster.master][INFO] 2023-09-01 18:23:03,974: +PARAM [/camera/depth/image_rect_raw/theora/quality] by /camera/realsense2_camera_manager
[rosmaster.master][INFO] 2023-09-01 18:23:03,976: +PARAM [/camera/depth/image_rect_raw/theora/keyframe_frequency] by /camera/realsense2_camera_manager
[rosmaster.master][INFO] 2023-09-01 18:23:03,976: +PARAM [/camera/depth/image_rect_raw/theora/optimize_for] by /camera/realsense2_camera_manager
[rosmaster.master][INFO] 2023-09-01 18:23:03,978: +PARAM [/camera/depth/image_rect_raw/theora/target_bitrate] by /camera/realsense2_camera_manager
[rosmaster.master][INFO] 2023-09-01 18:23:03,980: +PARAM [/camera/depth/image_rect_raw/theora/quality] by /camera/realsense2_camera_manager
[rosmaster.master][INFO] 2023-09-01 18:23:03,981: +PARAM [/camera/depth/image_rect_raw/theora/keyframe_frequency] by /camera/realsense2_camera_manager
[rosmaster.master][INFO] 2023-09-01 18:23:03,986: +PUB [/camera/depth/camera_info] /camera/realsense2_camera_manager http://ubuntu:35113/
[rosmaster.master][INFO] 2023-09-01 18:23:03,998: +PUB [/camera/depth/metadata] /camera/realsense2_camera_manager http://ubuntu:35113/
[rosmaster.master][INFO] 2023-09-01 18:23:04,002: +PUB [/camera/infra1/image_rect_raw/compressedDepth] /camera/realsense2_camera_manager http://ubuntu:35113/
[rosmaster.master][INFO] 2023-09-01 18:23:04,005: +SERVICE [/camera/infra1/image_rect_raw/compressedDepth/set_parameters] /camera/realsense2_camera_manager http://ubuntu:35113/
[rosmaster.master][INFO] 2023-09-01 18:23:04,007: +PUB [/camera/infra1/image_rect_raw/compressedDepth/parameter_descriptions] /camera/realsense2_camera_manager http://ubuntu:35113/
[rosmaster.master][INFO] 2023-09-01 18:23:04,013: +PUB [/camera/infra1/image_rect_raw/compressedDepth/parameter_updates] /camera/realsense2_camera_manager http://ubuntu:35113/
[rosmaster.master][INFO] 2023-09-01 18:23:04,021: +PARAM [/camera/infra1/image_rect_raw/compressedDepth/format] by /camera/realsense2_camera_manager
[rosmaster.master][INFO] 2023-09-01 18:23:04,023: +PARAM [/camera/infra1/image_rect_raw/compressedDepth/depth_max] by /camera/realsense2_camera_manager
[rosmaster.master][INFO] 2023-09-01 18:23:04,028: +PARAM [/camera/infra1/image_rect_raw/compressedDepth/depth_quantization] by /camera/realsense2_camera_manager
[rosmaster.master][INFO] 2023-09-01 18:23:04,036: +PARAM [/camera/infra1/image_rect_raw/compressedDepth/png_level] by /camera/realsense2_camera_manager
[rosmaster.master][INFO] 2023-09-01 18:23:04,043: +PARAM [/camera/infra1/image_rect_raw/compressedDepth/format] by /camera/realsense2_camera_manager
[rosmaster.master][INFO] 2023-09-01 18:23:04,044: +PARAM [/camera/infra1/image_rect_raw/compressedDepth/depth_max] by /camera/realsense2_camera_manager
[rosmaster.master][INFO] 2023-09-01 18:23:04,046: +PARAM [/camera/infra1/image_rect_raw/compressedDepth/depth_quantization] by /camera/realsense2_camera_manager
[rosmaster.master][INFO] 2023-09-01 18:23:04,049: +PARAM [/camera/infra1/image_rect_raw/compressedDepth/png_level] by /camera/realsense2_camera_manager
[rosmaster.master][INFO] 2023-09-01 18:23:04,051: +PUB [/camera/infra1/image_rect_raw/compressed] /camera/realsense2_camera_manager http://ubuntu:35113/
[rosmaster.master][INFO] 2023-09-01 18:23:04,052: +SERVICE [/camera/infra1/image_rect_raw/compressed/set_parameters] /camera/realsense2_camera_manager http://ubuntu:35113/
[rosmaster.master][INFO] 2023-09-01 18:23:04,060: +PUB [/camera/infra1/image_rect_raw/compressed/parameter_descriptions] /camera/realsense2_camera_manager http://ubuntu:35113/
[rosmaster.master][INFO] 2023-09-01 18:23:04,062: +PUB [/camera/infra1/image_rect_raw/compressed/parameter_updates] /camera/realsense2_camera_manager http://ubuntu:35113/
[rosmaster.master][INFO] 2023-09-01 18:23:04,074: +PARAM [/camera/infra1/image_rect_raw/compressed/format] by /camera/realsense2_camera_manager
[rosmaster.master][INFO] 2023-09-01 18:23:04,081: +PARAM [/camera/infra1/image_rect_raw/compressed/jpeg_quality] by /camera/realsense2_camera_manager
[rosmaster.master][INFO] 2023-09-01 18:23:04,088: +PARAM [/camera/infra1/image_rect_raw/compressed/jpeg_progressive] by /camera/realsense2_camera_manager
[rosmaster.master][INFO] 2023-09-01 18:23:04,090: +PARAM [/camera/infra1/image_rect_raw/compressed/jpeg_optimize] by /camera/realsense2_camera_manager
[rosmaster.master][INFO] 2023-09-01 18:23:04,092: +PARAM [/camera/infra1/image_rect_raw/compressed/jpeg_restart_interval] by /camera/realsense2_camera_manager
[rosmaster.master][INFO] 2023-09-01 18:23:04,094: +PARAM [/camera/infra1/image_rect_raw/compressed/png_level] by /camera/realsense2_camera_manager
[rosmaster.master][INFO] 2023-09-01 18:23:04,096: +PARAM [/camera/infra1/image_rect_raw/compressed/format] by /camera/realsense2_camera_manager
[rosmaster.master][INFO] 2023-09-01 18:23:04,112: +PARAM [/camera/infra1/image_rect_raw/compressed/jpeg_quality] by /camera/realsense2_camera_manager
[rosmaster.master][INFO] 2023-09-01 18:23:04,116: +PARAM [/camera/infra1/image_rect_raw/compressed/jpeg_progressive] by /camera/realsense2_camera_manager
[rosmaster.master][INFO] 2023-09-01 18:23:04,119: +PARAM [/camera/infra1/image_rect_raw/compressed/jpeg_optimize] by /camera/realsense2_camera_manager
[rosmaster.master][INFO] 2023-09-01 18:23:04,121: +PARAM [/camera/infra1/image_rect_raw/compressed/jpeg_restart_interval] by /camera/realsense2_camera_manager
[rosmaster.master][INFO] 2023-09-01 18:23:04,125: +PARAM [/camera/infra1/image_rect_raw/compressed/png_level] by /camera/realsense2_camera_manager
[rosmaster.master][INFO] 2023-09-01 18:23:04,126: +PUB [/camera/infra1/image_rect_raw] /camera/realsense2_camera_manager http://ubuntu:35113/
[rosmaster.master][INFO] 2023-09-01 18:23:04,128: +PUB [/camera/infra1/image_rect_raw/theora] /camera/realsense2_camera_manager http://ubuntu:35113/
[rosmaster.master][INFO] 2023-09-01 18:23:04,132: +SERVICE [/camera/infra1/image_rect_raw/theora/set_parameters] /camera/realsense2_camera_manager http://ubuntu:35113/
[rosmaster.master][INFO] 2023-09-01 18:23:04,144: +PUB [/camera/infra1/image_rect_raw/theora/parameter_descriptions] /camera/realsense2_camera_manager http://ubuntu:35113/
[rosmaster.master][INFO] 2023-09-01 18:23:04,152: +PUB [/camera/infra1/image_rect_raw/theora/parameter_updates] /camera/realsense2_camera_manager http://ubuntu:35113/
[rosmaster.master][INFO] 2023-09-01 18:23:04,166: +PARAM [/camera/infra1/image_rect_raw/theora/optimize_for] by /camera/realsense2_camera_manager
[rosmaster.master][INFO] 2023-09-01 18:23:04,168: +PARAM [/camera/infra1/image_rect_raw/theora/target_bitrate] by /camera/realsense2_camera_manager
[rosmaster.master][INFO] 2023-09-01 18:23:04,169: +PARAM [/camera/infra1/image_rect_raw/theora/quality] by /camera/realsense2_camera_manager
[rosmaster.master][INFO] 2023-09-01 18:23:04,171: +PARAM [/camera/infra1/image_rect_raw/theora/keyframe_frequency] by /camera/realsense2_camera_manager
[rosmaster.master][INFO] 2023-09-01 18:23:04,172: +PARAM [/camera/infra1/image_rect_raw/theora/optimize_for] by /camera/realsense2_camera_manager
[rosmaster.master][INFO] 2023-09-01 18:23:04,173: +PARAM [/camera/infra1/image_rect_raw/theora/target_bitrate] by /camera/realsense2_camera_manager
[rosmaster.master][INFO] 2023-09-01 18:23:04,194: +PARAM [/camera/infra1/image_rect_raw/theora/quality] by /camera/realsense2_camera_manager
[rosmaster.master][INFO] 2023-09-01 18:23:04,203: +PARAM [/camera/infra1/image_rect_raw/theora/keyframe_frequency] by /camera/realsense2_camera_manager
[rosmaster.master][INFO] 2023-09-01 18:23:04,206: +PUB [/camera/infra1/camera_info] /camera/realsense2_camera_manager http://ubuntu:35113/
[rosmaster.master][INFO] 2023-09-01 18:23:04,214: +PUB [/camera/infra1/metadata] /camera/realsense2_camera_manager http://ubuntu:35113/
[rosmaster.master][INFO] 2023-09-01 18:23:04,221: +PUB [/camera/infra2/image_rect_raw/compressedDepth] /camera/realsense2_camera_manager http://ubuntu:35113/
[rosmaster.master][INFO] 2023-09-01 18:23:04,223: +SERVICE [/camera/infra2/image_rect_raw/compressedDepth/set_parameters] /camera/realsense2_camera_manager http://ubuntu:35113/
[rosmaster.master][INFO] 2023-09-01 18:23:04,230: +PUB [/camera/infra2/image_rect_raw/compressedDepth/parameter_descriptions] /camera/realsense2_camera_manager http://ubuntu:35113/
[rosmaster.master][INFO] 2023-09-01 18:23:04,233: +PUB [/camera/infra2/image_rect_raw/compressedDepth/parameter_updates] /camera/realsense2_camera_manager http://ubuntu:35113/
[rosmaster.master][INFO] 2023-09-01 18:23:04,266: +PARAM [/camera/infra2/image_rect_raw/compressedDepth/format] by /camera/realsense2_camera_manager
[rosmaster.master][INFO] 2023-09-01 18:23:04,268: +PARAM [/camera/infra2/image_rect_raw/compressedDepth/depth_max] by /camera/realsense2_camera_manager
[rosmaster.master][INFO] 2023-09-01 18:23:04,275: +PARAM [/camera/infra2/image_rect_raw/compressedDepth/depth_quantization] by /camera/realsense2_camera_manager
[rosmaster.master][INFO] 2023-09-01 18:23:04,278: +PARAM [/camera/infra2/image_rect_raw/compressedDepth/png_level] by /camera/realsense2_camera_manager
[rosmaster.master][INFO] 2023-09-01 18:23:04,281: +PARAM [/camera/infra2/image_rect_raw/compressedDepth/format] by /camera/realsense2_camera_manager
[rosmaster.master][INFO] 2023-09-01 18:23:04,284: +PARAM [/camera/infra2/image_rect_raw/compressedDepth/depth_max] by /camera/realsense2_camera_manager
[rosmaster.master][INFO] 2023-09-01 18:23:04,286: +PARAM [/camera/infra2/image_rect_raw/compressedDepth/depth_quantization] by /camera/realsense2_camera_manager
[rosmaster.master][INFO] 2023-09-01 18:23:04,293: +PARAM [/camera/infra2/image_rect_raw/compressedDepth/png_level] by /camera/realsense2_camera_manager
[rosmaster.master][INFO] 2023-09-01 18:23:04,297: +PUB [/camera/infra2/image_rect_raw/compressed] /camera/realsense2_camera_manager http://ubuntu:35113/
[rosmaster.master][INFO] 2023-09-01 18:23:04,299: +SERVICE [/camera/infra2/image_rect_raw/compressed/set_parameters] /camera/realsense2_camera_manager http://ubuntu:35113/
[rosmaster.master][INFO] 2023-09-01 18:23:04,300: +PUB [/camera/infra2/image_rect_raw/compressed/parameter_descriptions] /camera/realsense2_camera_manager http://ubuntu:35113/
[rosmaster.master][INFO] 2023-09-01 18:23:04,302: +PUB [/camera/infra2/image_rect_raw/compressed/parameter_updates] /camera/realsense2_camera_manager http://ubuntu:35113/
[rosmaster.master][INFO] 2023-09-01 18:23:04,327: +PARAM [/camera/infra2/image_rect_raw/compressed/format] by /camera/realsense2_camera_manager
[rosmaster.master][INFO] 2023-09-01 18:23:04,330: +PARAM [/camera/infra2/image_rect_raw/compressed/jpeg_quality] by /camera/realsense2_camera_manager
[rosmaster.master][INFO] 2023-09-01 18:23:04,334: +PARAM [/camera/infra2/image_rect_raw/compressed/jpeg_progressive] by /camera/realsense2_camera_manager
[rosmaster.master][INFO] 2023-09-01 18:23:04,338: +PARAM [/camera/infra2/image_rect_raw/compressed/jpeg_optimize] by /camera/realsense2_camera_manager
[rosmaster.master][INFO] 2023-09-01 18:23:04,346: +PARAM [/camera/infra2/image_rect_raw/compressed/jpeg_restart_interval] by /camera/realsense2_camera_manager
[rosmaster.master][INFO] 2023-09-01 18:23:04,349: +PARAM [/camera/infra2/image_rect_raw/compressed/png_level] by /camera/realsense2_camera_manager
[rosmaster.master][INFO] 2023-09-01 18:23:04,352: +PARAM [/camera/infra2/image_rect_raw/compressed/format] by /camera/realsense2_camera_manager
[rosmaster.master][INFO] 2023-09-01 18:23:04,354: +PARAM [/camera/infra2/image_rect_raw/compressed/jpeg_quality] by /camera/realsense2_camera_manager
[rosmaster.master][INFO] 2023-09-01 18:23:04,359: +PARAM [/camera/infra2/image_rect_raw/compressed/jpeg_progressive] by /camera/realsense2_camera_manager
[rosmaster.master][INFO] 2023-09-01 18:23:04,361: +PARAM [/camera/infra2/image_rect_raw/compressed/jpeg_optimize] by /camera/realsense2_camera_manager
[rosmaster.master][INFO] 2023-09-01 18:23:04,368: +PARAM [/camera/infra2/image_rect_raw/compressed/jpeg_restart_interval] by /camera/realsense2_camera_manager
[rosmaster.master][INFO] 2023-09-01 18:23:04,377: +PARAM [/camera/infra2/image_rect_raw/compressed/png_level] by /camera/realsense2_camera_manager
[rosmaster.master][INFO] 2023-09-01 18:23:04,384: +PUB [/camera/infra2/image_rect_raw] /camera/realsense2_camera_manager http://ubuntu:35113/
[rosmaster.master][INFO] 2023-09-01 18:23:04,386: +PUB [/camera/infra2/image_rect_raw/theora] /camera/realsense2_camera_manager http://ubuntu:35113/
[rosmaster.master][INFO] 2023-09-01 18:23:04,389: +SERVICE [/camera/infra2/image_rect_raw/theora/set_parameters] /camera/realsense2_camera_manager http://ubuntu:35113/
[rosmaster.master][INFO] 2023-09-01 18:23:04,397: +PUB [/camera/infra2/image_rect_raw/theora/parameter_descriptions] /camera/realsense2_camera_manager http://ubuntu:35113/
[rosmaster.master][INFO] 2023-09-01 18:23:04,400: +PUB [/camera/infra2/image_rect_raw/theora/parameter_updates] /camera/realsense2_camera_manager http://ubuntu:35113/
[rosmaster.master][INFO] 2023-09-01 18:23:04,411: +PARAM [/camera/infra2/image_rect_raw/theora/optimize_for] by /camera/realsense2_camera_manager
[rosmaster.master][INFO] 2023-09-01 18:23:04,412: +PARAM [/camera/infra2/image_rect_raw/theora/target_bitrate] by /camera/realsense2_camera_manager
[rosmaster.master][INFO] 2023-09-01 18:23:04,421: +PARAM [/camera/infra2/image_rect_raw/theora/quality] by /camera/realsense2_camera_manager
[rosmaster.master][INFO] 2023-09-01 18:23:04,431: +PARAM [/camera/infra2/image_rect_raw/theora/keyframe_frequency] by /camera/realsense2_camera_manager
[rosmaster.master][INFO] 2023-09-01 18:23:04,435: +PARAM [/camera/infra2/image_rect_raw/theora/optimize_for] by /camera/realsense2_camera_manager
[rosmaster.master][INFO] 2023-09-01 18:23:04,437: +PARAM [/camera/infra2/image_rect_raw/theora/target_bitrate] by /camera/realsense2_camera_manager
[rosmaster.master][INFO] 2023-09-01 18:23:04,439: +PARAM [/camera/infra2/image_rect_raw/theora/quality] by /camera/realsense2_camera_manager
[rosmaster.master][INFO] 2023-09-01 18:23:04,445: +PARAM [/camera/infra2/image_rect_raw/theora/keyframe_frequency] by /camera/realsense2_camera_manager
[rosmaster.master][INFO] 2023-09-01 18:23:04,451: +PUB [/camera/infra2/camera_info] /camera/realsense2_camera_manager http://ubuntu:35113/
[rosmaster.master][INFO] 2023-09-01 18:23:04,453: +PUB [/camera/infra2/metadata] /camera/realsense2_camera_manager http://ubuntu:35113/
[rosmaster.master][INFO] 2023-09-01 18:23:04,459: +PUB [/camera/color/image_raw/compressedDepth] /camera/realsense2_camera_manager http://ubuntu:35113/
[rosmaster.master][INFO] 2023-09-01 18:23:04,461: +SERVICE [/camera/color/image_raw/compressedDepth/set_parameters] /camera/realsense2_camera_manager http://ubuntu:35113/
[rosmaster.master][INFO] 2023-09-01 18:23:04,471: +PUB [/camera/color/image_raw/compressedDepth/parameter_descriptions] /camera/realsense2_camera_manager http://ubuntu:35113/
[rosmaster.master][INFO] 2023-09-01 18:23:04,473: +PUB [/camera/color/image_raw/compressedDepth/parameter_updates] /camera/realsense2_camera_manager http://ubuntu:35113/
[rosmaster.master][INFO] 2023-09-01 18:23:04,487: +PARAM [/camera/color/image_raw/compressedDepth/format] by /camera/realsense2_camera_manager
[rosmaster.master][INFO] 2023-09-01 18:23:04,488: +PARAM [/camera/color/image_raw/compressedDepth/depth_max] by /camera/realsense2_camera_manager
[rosmaster.master][INFO] 2023-09-01 18:23:04,494: +PARAM [/camera/color/image_raw/compressedDepth/depth_quantization] by /camera/realsense2_camera_manager
[rosmaster.master][INFO] 2023-09-01 18:23:04,495: +PARAM [/camera/color/image_raw/compressedDepth/png_level] by /camera/realsense2_camera_manager
[rosmaster.master][INFO] 2023-09-01 18:23:04,496: +PARAM [/camera/color/image_raw/compressedDepth/format] by /camera/realsense2_camera_manager
[rosmaster.master][INFO] 2023-09-01 18:23:04,497: +PARAM [/camera/color/image_raw/compressedDepth/depth_max] by /camera/realsense2_camera_manager
[rosmaster.master][INFO] 2023-09-01 18:23:04,498: +PARAM [/camera/color/image_raw/compressedDepth/depth_quantization] by /camera/realsense2_camera_manager
[rosmaster.master][INFO] 2023-09-01 18:23:04,500: +PARAM [/camera/color/image_raw/compressedDepth/png_level] by /camera/realsense2_camera_manager
[rosmaster.master][INFO] 2023-09-01 18:23:04,501: +PUB [/camera/color/image_raw/compressed] /camera/realsense2_camera_manager http://ubuntu:35113/
[rosmaster.master][INFO] 2023-09-01 18:23:04,502: +SERVICE [/camera/color/image_raw/compressed/set_parameters] /camera/realsense2_camera_manager http://ubuntu:35113/
[rosmaster.master][INFO] 2023-09-01 18:23:04,503: +PUB [/camera/color/image_raw/compressed/parameter_descriptions] /camera/realsense2_camera_manager http://ubuntu:35113/
[rosmaster.master][INFO] 2023-09-01 18:23:04,503: +PUB [/camera/color/image_raw/compressed/parameter_updates] /camera/realsense2_camera_manager http://ubuntu:35113/
[rosmaster.master][INFO] 2023-09-01 18:23:04,507: +PARAM [/camera/color/image_raw/compressed/format] by /camera/realsense2_camera_manager
[rosmaster.master][INFO] 2023-09-01 18:23:04,508: +PARAM [/camera/color/image_raw/compressed/jpeg_quality] by /camera/realsense2_camera_manager
[rosmaster.master][INFO] 2023-09-01 18:23:04,516: +PARAM [/camera/color/image_raw/compressed/jpeg_progressive] by /camera/realsense2_camera_manager
[rosmaster.master][INFO] 2023-09-01 18:23:04,517: +PARAM [/camera/color/image_raw/compressed/jpeg_optimize] by /camera/realsense2_camera_manager
[rosmaster.master][INFO] 2023-09-01 18:23:04,518: +PARAM [/camera/color/image_raw/compressed/jpeg_restart_interval] by /camera/realsense2_camera_manager
[rosmaster.master][INFO] 2023-09-01 18:23:04,519: +PARAM [/camera/color/image_raw/compressed/png_level] by /camera/realsense2_camera_manager
[rosmaster.master][INFO] 2023-09-01 18:23:04,520: +PARAM [/camera/color/image_raw/compressed/format] by /camera/realsense2_camera_manager
[rosmaster.master][INFO] 2023-09-01 18:23:04,521: +PARAM [/camera/color/image_raw/compressed/jpeg_quality] by /camera/realsense2_camera_manager
[rosmaster.master][INFO] 2023-09-01 18:23:04,522: +PARAM [/camera/color/image_raw/compressed/jpeg_progressive] by /camera/realsense2_camera_manager
[rosmaster.master][INFO] 2023-09-01 18:23:04,522: +PARAM [/camera/color/image_raw/compressed/jpeg_optimize] by /camera/realsense2_camera_manager
[rosmaster.master][INFO] 2023-09-01 18:23:04,523: +PARAM [/camera/color/image_raw/compressed/jpeg_restart_interval] by /camera/realsense2_camera_manager
[rosmaster.master][INFO] 2023-09-01 18:23:04,524: +PARAM [/camera/color/image_raw/compressed/png_level] by /camera/realsense2_camera_manager
[rosmaster.master][INFO] 2023-09-01 18:23:04,532: +PUB [/camera/color/image_raw] /camera/realsense2_camera_manager http://ubuntu:35113/
[rosmaster.master][INFO] 2023-09-01 18:23:04,533: +PUB [/camera/color/image_raw/theora] /camera/realsense2_camera_manager http://ubuntu:35113/
[rosmaster.master][INFO] 2023-09-01 18:23:04,534: +SERVICE [/camera/color/image_raw/theora/set_parameters] /camera/realsense2_camera_manager http://ubuntu:35113/
[rosmaster.master][INFO] 2023-09-01 18:23:04,534: +PUB [/camera/color/image_raw/theora/parameter_descriptions] /camera/realsense2_camera_manager http://ubuntu:35113/
[rosmaster.master][INFO] 2023-09-01 18:23:04,535: +PUB [/camera/color/image_raw/theora/parameter_updates] /camera/realsense2_camera_manager http://ubuntu:35113/
[rosmaster.master][INFO] 2023-09-01 18:23:04,537: +PARAM [/camera/color/image_raw/theora/optimize_for] by /camera/realsense2_camera_manager
[rosmaster.master][INFO] 2023-09-01 18:23:04,538: +PARAM [/camera/color/image_raw/theora/target_bitrate] by /camera/realsense2_camera_manager
[rosmaster.master][INFO] 2023-09-01 18:23:04,538: +PARAM [/camera/color/image_raw/theora/quality] by /camera/realsense2_camera_manager
[rosmaster.master][INFO] 2023-09-01 18:23:04,539: +PARAM [/camera/color/image_raw/theora/keyframe_frequency] by /camera/realsense2_camera_manager
[rosmaster.master][INFO] 2023-09-01 18:23:04,541: +PARAM [/camera/color/image_raw/theora/optimize_for] by /camera/realsense2_camera_manager
[rosmaster.master][INFO] 2023-09-01 18:23:04,542: +PARAM [/camera/color/image_raw/theora/target_bitrate] by /camera/realsense2_camera_manager
[rosmaster.master][INFO] 2023-09-01 18:23:04,562: +PARAM [/camera/color/image_raw/theora/quality] by /camera/realsense2_camera_manager
[rosmaster.master][INFO] 2023-09-01 18:23:04,565: +PARAM [/camera/color/image_raw/theora/keyframe_frequency] by /camera/realsense2_camera_manager
[rosmaster.master][INFO] 2023-09-01 18:23:04,567: +PUB [/camera/color/camera_info] /camera/realsense2_camera_manager http://ubuntu:35113/
[rosmaster.master][INFO] 2023-09-01 18:23:04,569: +PUB [/camera/color/metadata] /camera/realsense2_camera_manager http://ubuntu:35113/
[rosmaster.master][INFO] 2023-09-01 18:23:04,575: +PUB [/camera/extrinsics/depth_to_color] /camera/realsense2_camera_manager http://ubuntu:35113/
[rosmaster.master][INFO] 2023-09-01 18:23:04,577: +PUB [/camera/extrinsics/depth_to_infra1] /camera/realsense2_camera_manager http://ubuntu:35113/
[rosmaster.master][INFO] 2023-09-01 18:23:04,579: +PUB [/camera/extrinsics/depth_to_infra2] /camera/realsense2_camera_manager http://ubuntu:35113/
[rosmaster.master][INFO] 2023-09-01 18:23:04,953: +PUB [/camera/stereo_module/auto_exposure_roi/parameter_descriptions] /camera/realsense2_camera_manager http://ubuntu:35113/
[rosmaster.master][INFO] 2023-09-01 18:23:04,954: +PUB [/camera/stereo_module/auto_exposure_roi/parameter_updates] /camera/realsense2_camera_manager http://ubuntu:35113/
[rosmaster.master][INFO] 2023-09-01 18:23:04,955: +SERVICE [/camera/stereo_module/auto_exposure_roi/set_parameters] /camera/realsense2_camera_manager http://ubuntu:35113/
[rosmaster.master][INFO] 2023-09-01 18:23:04,963: +PUB [/camera/rgb_camera/auto_exposure_roi/parameter_descriptions] /camera/realsense2_camera_manager http://ubuntu:35113/
[rosmaster.master][INFO] 2023-09-01 18:23:04,966: +PUB [/camera/rgb_camera/auto_exposure_roi/parameter_updates] /camera/realsense2_camera_manager http://ubuntu:35113/
[rosmaster.master][INFO] 2023-09-01 18:23:04,968: +SERVICE [/camera/rgb_camera/auto_exposure_roi/set_parameters] /camera/realsense2_camera_manager http://ubuntu:35113/
[rosmaster.master][INFO] 2023-09-01 18:23:04,972: +SERVICE [/camera/realsense2_camera/device_info] /camera/realsense2_camera_manager http://ubuntu:35113/
[rosmaster.master][INFO] 2023-09-01 18:23:28,536: -PUB [/rosout] /camera/realsense2_camera_manager http://ubuntu:35113/
[rosmaster.master][INFO] 2023-09-01 18:23:28,537: publisherUpdate[/rosout] -> http://ubuntu:43403/ ['http://ubuntu:38145/']
[rosmaster.master][INFO] 2023-09-01 18:23:28,538: -PUB [/camera/realsense2_camera_manager/bond] /camera/realsense2_camera_manager http://ubuntu:35113/
[rosmaster.master][INFO] 2023-09-01 18:23:28,538: publisherUpdate[/rosout] -> http://ubuntu:43403/ ['http://ubuntu:38145/']: sec=0.00, result=[1, '', 0]
[rosmaster.master][INFO] 2023-09-01 18:23:28,539: publisherUpdate[/camera/realsense2_camera_manager/bond] -> http://ubuntu:35113/ ['http://ubuntu:38145/']
[rosmaster.master][INFO] 2023-09-01 18:23:28,540: -PUB [/tf_static] /camera/realsense2_camera_manager http://ubuntu:35113/
[rosmaster.master][INFO] 2023-09-01 18:23:28,541: -PUB [/tf] /camera/realsense2_camera_manager http://ubuntu:35113/
[rosmaster.master][INFO] 2023-09-01 18:23:28,542: -PUB [/camera/stereo_module/parameter_descriptions] /camera/realsense2_camera_manager http://ubuntu:35113/
[rosmaster.master][INFO] 2023-09-01 18:23:28,543: -PUB [/camera/stereo_module/parameter_updates] /camera/realsense2_camera_manager http://ubuntu:35113/
[rosmaster.master][INFO] 2023-09-01 18:23:28,544: -PUB [/camera/rgb_camera/parameter_descriptions] /camera/realsense2_camera_manager http://ubuntu:35113/
[rosmaster.master][INFO] 2023-09-01 18:23:28,545: -PUB [/camera/rgb_camera/parameter_updates] /camera/realsense2_camera_manager http://ubuntu:35113/
[rosmaster.master][INFO] 2023-09-01 18:23:28,545: -PUB [/camera/motion_module/parameter_descriptions] /camera/realsense2_camera_manager http://ubuntu:35113/
[rosmaster.master][INFO] 2023-09-01 18:23:28,546: publisherUpdate[/camera/realsense2_camera_manager/bond] -> http://ubuntu:35113/ ['http://ubuntu:38145/']: sec=0.01, exception=<Fault -1: 'publisherUpdate: unknown method name'>
[rosmaster.master][INFO] 2023-09-01 18:23:28,546: -PUB [/camera/motion_module/parameter_updates] /camera/realsense2_camera_manager http://ubuntu:35113/
[rosmaster.master][INFO] 2023-09-01 18:23:28,547: publisherUpdate[/camera/realsense2_camera_manager/bond] -> http://ubuntu:38145/ ['http://ubuntu:38145/']
[rosmaster.master][INFO] 2023-09-01 18:23:28,549: -PUB [/diagnostics] /camera/realsense2_camera_manager http://ubuntu:35113/
[rosmaster.threadpool][ERROR] 2023-09-01 18:23:28,549: Traceback (most recent call last):
  File "/opt/ros/noetic/lib/python3/dist-packages/rosmaster/threadpool.py", line 218, in run
    result = cmd(*args)
  File "/opt/ros/noetic/lib/python3/dist-packages/rosmaster/master_api.py", line 210, in publisher_update_task
    ret = xmlrpcapi(api).publisherUpdate('/master', topic, pub_uris)
  File "/usr/lib/python3.8/xmlrpc/client.py", line 1109, in __call__
    return self.__send(self.__name, args)
  File "/usr/lib/python3.8/xmlrpc/client.py", line 1450, in __request
    response = self.__transport.request(
  File "/usr/lib/python3.8/xmlrpc/client.py", line 1153, in request
    return self.single_request(host, handler, request_body, verbose)
  File "/usr/lib/python3.8/xmlrpc/client.py", line 1169, in single_request
    return self.parse_response(resp)
  File "/usr/lib/python3.8/xmlrpc/client.py", line 1341, in parse_response
    return u.close()
  File "/usr/lib/python3.8/xmlrpc/client.py", line 655, in close
    raise Fault(**self._stack[0])
xmlrpc.client.Fault: <Fault -1: 'publisherUpdate: unknown method name'>

[rosmaster.master][INFO] 2023-09-01 18:23:28,550: publisherUpdate[/camera/realsense2_camera_manager/bond] -> http://ubuntu:38145/ ['http://ubuntu:38145/']: sec=0.00, result=[1, '', 0]
[rosmaster.master][INFO] 2023-09-01 18:23:28,551: -PUB [/camera/depth/image_rect_raw/compressedDepth] /camera/realsense2_camera_manager http://ubuntu:35113/
[rosmaster.master][INFO] 2023-09-01 18:23:28,551: -PUB [/camera/depth/image_rect_raw/compressedDepth/parameter_descriptions] /camera/realsense2_camera_manager http://ubuntu:35113/
[rosmaster.master][INFO] 2023-09-01 18:23:28,552: -PUB [/camera/depth/image_rect_raw/compressedDepth/parameter_updates] /camera/realsense2_camera_manager http://ubuntu:35113/
[rosmaster.master][INFO] 2023-09-01 18:23:28,552: -PUB [/camera/depth/image_rect_raw/compressed] /camera/realsense2_camera_manager http://ubuntu:35113/
[rosmaster.master][INFO] 2023-09-01 18:23:28,553: -PUB [/camera/depth/image_rect_raw/compressed/parameter_descriptions] /camera/realsense2_camera_manager http://ubuntu:35113/
[rosmaster.master][INFO] 2023-09-01 18:23:28,553: -PUB [/camera/depth/image_rect_raw/compressed/parameter_updates] /camera/realsense2_camera_manager http://ubuntu:35113/
[rosmaster.master][INFO] 2023-09-01 18:23:28,554: -PUB [/camera/depth/image_rect_raw] /camera/realsense2_camera_manager http://ubuntu:35113/
[rosmaster.master][INFO] 2023-09-01 18:23:28,554: -PUB [/camera/depth/image_rect_raw/theora] /camera/realsense2_camera_manager http://ubuntu:35113/
[rosmaster.master][INFO] 2023-09-01 18:23:28,555: -PUB [/camera/depth/image_rect_raw/theora/parameter_descriptions] /camera/realsense2_camera_manager http://ubuntu:35113/
[rosmaster.master][INFO] 2023-09-01 18:23:28,555: -PUB [/camera/depth/image_rect_raw/theora/parameter_updates] /camera/realsense2_camera_manager http://ubuntu:35113/
[rosmaster.master][INFO] 2023-09-01 18:23:28,556: -PUB [/camera/depth/camera_info] /camera/realsense2_camera_manager http://ubuntu:35113/
[rosmaster.master][INFO] 2023-09-01 18:23:28,556: -PUB [/camera/depth/metadata] /camera/realsense2_camera_manager http://ubuntu:35113/
[rosmaster.master][INFO] 2023-09-01 18:23:28,557: -PUB [/camera/infra1/image_rect_raw/compressedDepth] /camera/realsense2_camera_manager http://ubuntu:35113/
[rosmaster.master][INFO] 2023-09-01 18:23:28,560: -PUB [/camera/infra1/image_rect_raw/compressedDepth/parameter_descriptions] /camera/realsense2_camera_manager http://ubuntu:35113/
[rosmaster.master][INFO] 2023-09-01 18:23:28,560: -PUB [/camera/infra1/image_rect_raw/compressedDepth/parameter_updates] /camera/realsense2_camera_manager http://ubuntu:35113/
[rosmaster.master][INFO] 2023-09-01 18:23:28,561: -PUB [/camera/infra1/image_rect_raw/compressed] /camera/realsense2_camera_manager http://ubuntu:35113/
[rosmaster.master][INFO] 2023-09-01 18:23:28,562: -PUB [/camera/infra1/image_rect_raw/compressed/parameter_descriptions] /camera/realsense2_camera_manager http://ubuntu:35113/
[rosmaster.master][INFO] 2023-09-01 18:23:28,562: -PUB [/camera/infra1/image_rect_raw/compressed/parameter_updates] /camera/realsense2_camera_manager http://ubuntu:35113/
[rosmaster.master][INFO] 2023-09-01 18:23:28,562: -PUB [/camera/infra1/image_rect_raw] /camera/realsense2_camera_manager http://ubuntu:35113/
[rosmaster.master][INFO] 2023-09-01 18:23:28,563: -PUB [/camera/infra1/image_rect_raw/theora] /camera/realsense2_camera_manager http://ubuntu:35113/
[rosmaster.master][INFO] 2023-09-01 18:23:28,563: -PUB [/camera/infra1/image_rect_raw/theora/parameter_descriptions] /camera/realsense2_camera_manager http://ubuntu:35113/
[rosmaster.master][INFO] 2023-09-01 18:23:28,564: -PUB [/camera/infra1/image_rect_raw/theora/parameter_updates] /camera/realsense2_camera_manager http://ubuntu:35113/
[rosmaster.master][INFO] 2023-09-01 18:23:28,564: -PUB [/camera/infra1/camera_info] /camera/realsense2_camera_manager http://ubuntu:35113/
[rosmaster.master][INFO] 2023-09-01 18:23:28,565: -PUB [/camera/infra1/metadata] /camera/realsense2_camera_manager http://ubuntu:35113/
[rosmaster.master][INFO] 2023-09-01 18:23:28,565: -PUB [/camera/infra2/image_rect_raw/compressedDepth] /camera/realsense2_camera_manager http://ubuntu:35113/
[rosmaster.master][INFO] 2023-09-01 18:23:28,566: -PUB [/camera/infra2/image_rect_raw/compressedDepth/parameter_descriptions] /camera/realsense2_camera_manager http://ubuntu:35113/
[rosmaster.master][INFO] 2023-09-01 18:23:28,567: -PUB [/camera/infra2/image_rect_raw/compressedDepth/parameter_updates] /camera/realsense2_camera_manager http://ubuntu:35113/
[rosmaster.master][INFO] 2023-09-01 18:23:28,567: -PUB [/camera/infra2/image_rect_raw/compressed] /camera/realsense2_camera_manager http://ubuntu:35113/
[rosmaster.master][INFO] 2023-09-01 18:23:28,568: -PUB [/camera/infra2/image_rect_raw/compressed/parameter_descriptions] /camera/realsense2_camera_manager http://ubuntu:35113/
[rosmaster.master][INFO] 2023-09-01 18:23:28,568: -PUB [/camera/infra2/image_rect_raw/compressed/parameter_updates] /camera/realsense2_camera_manager http://ubuntu:35113/
[rosmaster.master][INFO] 2023-09-01 18:23:28,569: -PUB [/camera/infra2/image_rect_raw] /camera/realsense2_camera_manager http://ubuntu:35113/
[rosmaster.master][INFO] 2023-09-01 18:23:28,569: -PUB [/camera/infra2/image_rect_raw/theora] /camera/realsense2_camera_manager http://ubuntu:35113/
[rosmaster.master][INFO] 2023-09-01 18:23:28,570: -PUB [/camera/infra2/image_rect_raw/theora/parameter_descriptions] /camera/realsense2_camera_manager http://ubuntu:35113/
[rosmaster.master][INFO] 2023-09-01 18:23:28,570: -PUB [/camera/infra2/image_rect_raw/theora/parameter_updates] /camera/realsense2_camera_manager http://ubuntu:35113/
[rosmaster.master][INFO] 2023-09-01 18:23:28,571: -PUB [/camera/infra2/camera_info] /camera/realsense2_camera_manager http://ubuntu:35113/
[rosmaster.master][INFO] 2023-09-01 18:23:28,571: -PUB [/camera/infra2/metadata] /camera/realsense2_camera_manager http://ubuntu:35113/
[rosmaster.master][INFO] 2023-09-01 18:23:28,572: -PUB [/camera/color/image_raw/compressedDepth] /camera/realsense2_camera_manager http://ubuntu:35113/
[rosmaster.master][INFO] 2023-09-01 18:23:28,572: -PUB [/camera/color/image_raw/compressedDepth/parameter_descriptions] /camera/realsense2_camera_manager http://ubuntu:35113/
[rosmaster.master][INFO] 2023-09-01 18:23:28,573: -PUB [/camera/color/image_raw/compressedDepth/parameter_updates] /camera/realsense2_camera_manager http://ubuntu:35113/
[rosmaster.master][INFO] 2023-09-01 18:23:28,575: -PUB [/camera/color/image_raw/compressed] /camera/realsense2_camera_manager http://ubuntu:35113/
[rosmaster.master][INFO] 2023-09-01 18:23:28,576: -PUB [/camera/color/image_raw/compressed/parameter_descriptions] /camera/realsense2_camera_manager http://ubuntu:35113/
[rosmaster.master][INFO] 2023-09-01 18:23:28,577: -PUB [/camera/color/image_raw/compressed/parameter_updates] /camera/realsense2_camera_manager http://ubuntu:35113/
[rosmaster.master][INFO] 2023-09-01 18:23:28,577: -PUB [/camera/color/image_raw] /camera/realsense2_camera_manager http://ubuntu:35113/
[rosmaster.master][INFO] 2023-09-01 18:23:28,578: -PUB [/camera/color/image_raw/theora] /camera/realsense2_camera_manager http://ubuntu:35113/
[rosmaster.master][INFO] 2023-09-01 18:23:28,578: -PUB [/camera/color/image_raw/theora/parameter_descriptions] /camera/realsense2_camera_manager http://ubuntu:35113/
[rosmaster.master][INFO] 2023-09-01 18:23:28,579: -PUB [/camera/color/image_raw/theora/parameter_updates] /camera/realsense2_camera_manager http://ubuntu:35113/
[rosmaster.master][INFO] 2023-09-01 18:23:28,579: -PUB [/camera/color/camera_info] /camera/realsense2_camera_manager http://ubuntu:35113/
[rosmaster.master][INFO] 2023-09-01 18:23:28,580: -PUB [/camera/color/metadata] /camera/realsense2_camera_manager http://ubuntu:35113/
[rosmaster.master][INFO] 2023-09-01 18:23:28,580: -PUB [/camera/extrinsics/depth_to_color] /camera/realsense2_camera_manager http://ubuntu:35113/
[rosmaster.master][INFO] 2023-09-01 18:23:28,581: -PUB [/camera/extrinsics/depth_to_infra1] /camera/realsense2_camera_manager http://ubuntu:35113/
[rosmaster.master][INFO] 2023-09-01 18:23:28,581: -PUB [/camera/extrinsics/depth_to_infra2] /camera/realsense2_camera_manager http://ubuntu:35113/
[rosmaster.master][INFO] 2023-09-01 18:23:28,582: -PUB [/camera/stereo_module/auto_exposure_roi/parameter_descriptions] /camera/realsense2_camera_manager http://ubuntu:35113/
[rosmaster.master][INFO] 2023-09-01 18:23:28,582: -PUB [/camera/stereo_module/auto_exposure_roi/parameter_updates] /camera/realsense2_camera_manager http://ubuntu:35113/
[rosmaster.master][INFO] 2023-09-01 18:23:28,583: -PUB [/camera/rgb_camera/auto_exposure_roi/parameter_descriptions] /camera/realsense2_camera_manager http://ubuntu:35113/
[rosmaster.master][INFO] 2023-09-01 18:23:28,583: -PUB [/camera/rgb_camera/auto_exposure_roi/parameter_updates] /camera/realsense2_camera_manager http://ubuntu:35113/
[rosmaster.master][INFO] 2023-09-01 18:23:28,584: -SUB [/camera/realsense2_camera_manager/bond] /camera/realsense2_camera_manager http://ubuntu:35113/
[rosmaster.master][INFO] 2023-09-01 18:23:28,585: -SERVICE [/camera/realsense2_camera_manager/get_loggers] /camera/realsense2_camera_manager rosrpc://ubuntu:52635
[rosmaster.master][INFO] 2023-09-01 18:23:28,585: -SERVICE [/camera/realsense2_camera_manager/set_logger_level] /camera/realsense2_camera_manager rosrpc://ubuntu:52635
[rosmaster.master][INFO] 2023-09-01 18:23:28,586: -SERVICE [/camera/realsense2_camera_manager/load_nodelet] /camera/realsense2_camera_manager rosrpc://ubuntu:52635
[rosmaster.master][INFO] 2023-09-01 18:23:28,586: -SERVICE [/camera/realsense2_camera_manager/unload_nodelet] /camera/realsense2_camera_manager rosrpc://ubuntu:52635
[rosmaster.master][INFO] 2023-09-01 18:23:28,587: -SERVICE [/camera/realsense2_camera_manager/list] /camera/realsense2_camera_manager rosrpc://ubuntu:52635
[rosmaster.master][INFO] 2023-09-01 18:23:28,587: -SERVICE [/camera/enable] /camera/realsense2_camera_manager rosrpc://ubuntu:52635
[rosmaster.master][INFO] 2023-09-01 18:23:28,588: -SERVICE [/camera/realsense2_camera/reset] /camera/realsense2_camera_manager rosrpc://ubuntu:52635
[rosmaster.master][INFO] 2023-09-01 18:23:28,588: -SERVICE [/camera/stereo_module/set_parameters] /camera/realsense2_camera_manager rosrpc://ubuntu:52635
[rosmaster.master][INFO] 2023-09-01 18:23:28,589: -SERVICE [/camera/rgb_camera/set_parameters] /camera/realsense2_camera_manager rosrpc://ubuntu:52635
[rosmaster.master][INFO] 2023-09-01 18:23:28,589: -SERVICE [/camera/motion_module/set_parameters] /camera/realsense2_camera_manager rosrpc://ubuntu:52635
[rosmaster.master][INFO] 2023-09-01 18:23:28,590: -SERVICE [/camera/depth/image_rect_raw/compressedDepth/set_parameters] /camera/realsense2_camera_manager rosrpc://ubuntu:52635
[rosmaster.master][INFO] 2023-09-01 18:23:28,592: -SERVICE [/camera/depth/image_rect_raw/compressed/set_parameters] /camera/realsense2_camera_manager rosrpc://ubuntu:52635
[rosmaster.master][INFO] 2023-09-01 18:23:28,593: -SERVICE [/camera/depth/image_rect_raw/theora/set_parameters] /camera/realsense2_camera_manager rosrpc://ubuntu:52635
[rosmaster.master][INFO] 2023-09-01 18:23:28,594: -SERVICE [/camera/infra1/image_rect_raw/compressedDepth/set_parameters] /camera/realsense2_camera_manager rosrpc://ubuntu:52635
[rosmaster.master][INFO] 2023-09-01 18:23:28,595: -SERVICE [/camera/infra1/image_rect_raw/compressed/set_parameters] /camera/realsense2_camera_manager rosrpc://ubuntu:52635
[rosmaster.master][INFO] 2023-09-01 18:23:28,595: -SERVICE [/camera/infra1/image_rect_raw/theora/set_parameters] /camera/realsense2_camera_manager rosrpc://ubuntu:52635
[rosmaster.master][INFO] 2023-09-01 18:23:28,596: -SERVICE [/camera/infra2/image_rect_raw/compressedDepth/set_parameters] /camera/realsense2_camera_manager rosrpc://ubuntu:52635
[rosmaster.master][INFO] 2023-09-01 18:23:28,596: -SERVICE [/camera/infra2/image_rect_raw/compressed/set_parameters] /camera/realsense2_camera_manager rosrpc://ubuntu:52635
[rosmaster.master][INFO] 2023-09-01 18:23:28,597: -SERVICE [/camera/infra2/image_rect_raw/theora/set_parameters] /camera/realsense2_camera_manager rosrpc://ubuntu:52635
[rosmaster.master][INFO] 2023-09-01 18:23:28,597: -SERVICE [/camera/color/image_raw/compressedDepth/set_parameters] /camera/realsense2_camera_manager rosrpc://ubuntu:52635
[rosmaster.master][INFO] 2023-09-01 18:23:28,598: -SERVICE [/camera/color/image_raw/compressed/set_parameters] /camera/realsense2_camera_manager rosrpc://ubuntu:52635
[rosmaster.master][INFO] 2023-09-01 18:23:28,598: -SERVICE [/camera/color/image_raw/theora/set_parameters] /camera/realsense2_camera_manager rosrpc://ubuntu:52635
[rosmaster.master][INFO] 2023-09-01 18:23:28,599: -SERVICE [/camera/stereo_module/auto_exposure_roi/set_parameters] /camera/realsense2_camera_manager rosrpc://ubuntu:52635
[rosmaster.master][INFO] 2023-09-01 18:23:28,600: -SERVICE [/camera/rgb_camera/auto_exposure_roi/set_parameters] /camera/realsense2_camera_manager rosrpc://ubuntu:52635
[rosmaster.master][INFO] 2023-09-01 18:23:28,600: -SERVICE [/camera/realsense2_camera/device_info] /camera/realsense2_camera_manager rosrpc://ubuntu:52635
[rosmaster.master][INFO] 2023-09-01 18:23:28,601: -CACHEDPARAM [/camera/realsense2_camera_manager/diagnostic_period] by /camera/realsense2_camera_manager
[rosmaster.master][INFO] 2023-09-01 18:23:28,603: -CACHEDPARAM [/rosout_disable_topics_generation] by /camera/realsense2_camera_manager
[rosmaster.master][INFO] 2023-09-01 18:23:28,751: -PUB [/rosout] /camera/realsense2_camera http://ubuntu:38145/
[rosmaster.master][INFO] 2023-09-01 18:23:28,751: publisherUpdate[/rosout] -> http://ubuntu:43403/ []
[rosmaster.master][INFO] 2023-09-01 18:23:28,754: publisherUpdate[/rosout] -> http://ubuntu:43403/ []: sec=0.00, result=[1, '', 0]
[rosmaster.master][INFO] 2023-09-01 18:23:28,755: -PUB [/camera/realsense2_camera_manager/bond] /camera/realsense2_camera http://ubuntu:38145/
[rosmaster.master][INFO] 2023-09-01 18:23:28,756: -SUB [/camera/realsense2_camera_manager/bond] /camera/realsense2_camera http://ubuntu:38145/
[rosmaster.master][INFO] 2023-09-01 18:23:28,759: -SERVICE [/camera/realsense2_camera/get_loggers] /camera/realsense2_camera rosrpc://ubuntu:55137
[rosmaster.master][INFO] 2023-09-01 18:23:28,760: -SERVICE [/camera/realsense2_camera/set_logger_level] /camera/realsense2_camera rosrpc://ubuntu:55137
[rosmaster.master][INFO] 2023-09-01 18:23:28,771: -CACHEDPARAM [/rosout_disable_topics_generation] by /camera/realsense2_camera
[rosmaster.master][INFO] 2023-09-01 18:23:28,837: publisherUpdate[/camera/realsense2_camera_manager/bond] -> http://ubuntu:38145/ []
[rosmaster.master][INFO] 2023-09-01 18:23:28,843: publisherUpdate[/camera/realsense2_camera_manager/bond] -> http://ubuntu:38145/ []: sec=0.00, exception=<Fault -1: 'publisherUpdate: unknown method name'>
[rosmaster.threadpool][ERROR] 2023-09-01 18:23:28,843: Traceback (most recent call last):
  File "/opt/ros/noetic/lib/python3/dist-packages/rosmaster/threadpool.py", line 218, in run
    result = cmd(*args)
  File "/opt/ros/noetic/lib/python3/dist-packages/rosmaster/master_api.py", line 210, in publisher_update_task
    ret = xmlrpcapi(api).publisherUpdate('/master', topic, pub_uris)
  File "/usr/lib/python3.8/xmlrpc/client.py", line 1109, in __call__
    return self.__send(self.__name, args)
  File "/usr/lib/python3.8/xmlrpc/client.py", line 1450, in __request
    response = self.__transport.request(
  File "/usr/lib/python3.8/xmlrpc/client.py", line 1153, in request
    return self.single_request(host, handler, request_body, verbose)
  File "/usr/lib/python3.8/xmlrpc/client.py", line 1169, in single_request
    return self.parse_response(resp)
  File "/usr/lib/python3.8/xmlrpc/client.py", line 1341, in parse_response
    return u.close()
  File "/usr/lib/python3.8/xmlrpc/client.py", line 655, in close
    raise Fault(**self._stack[0])
xmlrpc.client.Fault: <Fault -1: 'publisherUpdate: unknown method name'>

[rosmaster.master][INFO] 2023-09-01 18:23:29,055: -PUB [/rosout_agg] /rosout http://ubuntu:43403/
[rosmaster.master][INFO] 2023-09-01 18:23:29,056: -SUB [/rosout] /rosout http://ubuntu:43403/
[rosmaster.master][INFO] 2023-09-01 18:23:29,057: -SERVICE [/rosout/get_loggers] /rosout rosrpc://ubuntu:38473
[rosmaster.master][INFO] 2023-09-01 18:23:29,059: -SERVICE [/rosout/set_logger_level] /rosout rosrpc://ubuntu:38473
[rosmaster.master][INFO] 2023-09-01 18:23:29,060: -CACHEDPARAM [/rosout/omit_topics] by /rosout
[rosmaster.main][INFO] 2023-09-01 18:23:29,150: keyboard interrupt, will exit
[rosmaster.main][INFO] 2023-09-01 18:23:29,150: stopping master...
[rospy.core][INFO] 2023-09-01 18:23:29,151: signal_shutdown [atexit]
