[rosmaster.main][INFO] 2023-09-04 15:01:36,075: initialization complete, waiting for shutdown
[rosmaster.main][INFO] 2023-09-04 15:01:36,075: Starting ROS Master Node
[xmlrpc][INFO] 2023-09-04 15:01:36,077: XML-RPC server binding to 0.0.0.0:11311
[xmlrpc][INFO] 2023-09-04 15:01:36,077: Started XML-RPC server [http://ubuntu:11311/]
[rosmaster.master][INFO] 2023-09-04 15:01:36,078: Master initialized: port[11311], uri[http://ubuntu:11311/]
[xmlrpc][INFO] 2023-09-04 15:01:36,078: xml rpc node: starting XML-RPC server
[rosmaster.master][INFO] 2023-09-04 15:01:36,171: +PARAM [/run_id] by /roslaunch
[rosmaster.master][INFO] 2023-09-04 15:01:36,173: +PARAM [/roslaunch/uris/host_ubuntu__44101] by /roslaunch
[rosmaster.master][INFO] 2023-09-04 15:01:36,281: +PARAM [/rosversion] by /roslaunch
[rosmaster.master][INFO] 2023-09-04 15:01:36,281: +PARAM [/rosdistro] by /roslaunch
[rosmaster.master][INFO] 2023-09-04 15:01:36,281: +PARAM [/camera/realsense2_camera/serial_no] by /roslaunch
[rosmaster.master][INFO] 2023-09-04 15:01:36,282: +PARAM [/camera/realsense2_camera/usb_port_id] by /roslaunch
[rosmaster.master][INFO] 2023-09-04 15:01:36,291: +PARAM [/camera/realsense2_camera/device_type] by /roslaunch
[rosmaster.master][INFO] 2023-09-04 15:01:36,292: +PARAM [/camera/realsense2_camera/json_file_path] by /roslaunch
[rosmaster.master][INFO] 2023-09-04 15:01:36,292: +PARAM [/camera/realsense2_camera/rosbag_filename] by /roslaunch
[rosmaster.master][INFO] 2023-09-04 15:01:36,292: +PARAM [/camera/realsense2_camera/enable_pointcloud] by /roslaunch
[rosmaster.master][INFO] 2023-09-04 15:01:36,292: +PARAM [/camera/realsense2_camera/pointcloud_texture_stream] by /roslaunch
[rosmaster.master][INFO] 2023-09-04 15:01:36,292: +PARAM [/camera/realsense2_camera/pointcloud_texture_index] by /roslaunch
[rosmaster.master][INFO] 2023-09-04 15:01:36,292: +PARAM [/camera/realsense2_camera/allow_no_texture_points] by /roslaunch
[rosmaster.master][INFO] 2023-09-04 15:01:36,292: +PARAM [/camera/realsense2_camera/ordered_pc] by /roslaunch
[rosmaster.master][INFO] 2023-09-04 15:01:36,292: +PARAM [/camera/realsense2_camera/enable_sync] by /roslaunch
[rosmaster.master][INFO] 2023-09-04 15:01:36,292: +PARAM [/camera/realsense2_camera/align_depth] by /roslaunch
[rosmaster.master][INFO] 2023-09-04 15:01:36,292: +PARAM [/camera/realsense2_camera/fisheye_width] by /roslaunch
[rosmaster.master][INFO] 2023-09-04 15:01:36,293: +PARAM [/camera/realsense2_camera/fisheye_height] by /roslaunch
[rosmaster.master][INFO] 2023-09-04 15:01:36,293: +PARAM [/camera/realsense2_camera/enable_fisheye] by /roslaunch
[rosmaster.master][INFO] 2023-09-04 15:01:36,293: +PARAM [/camera/realsense2_camera/enable_fisheye1] by /roslaunch
[rosmaster.master][INFO] 2023-09-04 15:01:36,293: +PARAM [/camera/realsense2_camera/enable_fisheye2] by /roslaunch
[rosmaster.master][INFO] 2023-09-04 15:01:36,293: +PARAM [/camera/realsense2_camera/depth_width] by /roslaunch
[rosmaster.master][INFO] 2023-09-04 15:01:36,293: +PARAM [/camera/realsense2_camera/depth_height] by /roslaunch
[rosmaster.master][INFO] 2023-09-04 15:01:36,293: +PARAM [/camera/realsense2_camera/enable_depth] by /roslaunch
[rosmaster.master][INFO] 2023-09-04 15:01:36,293: +PARAM [/camera/realsense2_camera/confidence_width] by /roslaunch
[rosmaster.master][INFO] 2023-09-04 15:01:36,293: +PARAM [/camera/realsense2_camera/confidence_height] by /roslaunch
[rosmaster.master][INFO] 2023-09-04 15:01:36,293: +PARAM [/camera/realsense2_camera/enable_confidence] by /roslaunch
[rosmaster.master][INFO] 2023-09-04 15:01:36,293: +PARAM [/camera/realsense2_camera/confidence_fps] by /roslaunch
[rosmaster.master][INFO] 2023-09-04 15:01:36,293: +PARAM [/camera/realsense2_camera/color_width] by /roslaunch
[rosmaster.master][INFO] 2023-09-04 15:01:36,294: +PARAM [/camera/realsense2_camera/color_height] by /roslaunch
[rosmaster.master][INFO] 2023-09-04 15:01:36,294: +PARAM [/camera/realsense2_camera/enable_color] by /roslaunch
[rosmaster.master][INFO] 2023-09-04 15:01:36,294: +PARAM [/camera/realsense2_camera/infra_width] by /roslaunch
[rosmaster.master][INFO] 2023-09-04 15:01:36,294: +PARAM [/camera/realsense2_camera/infra_height] by /roslaunch
[rosmaster.master][INFO] 2023-09-04 15:01:36,294: +PARAM [/camera/realsense2_camera/enable_infra] by /roslaunch
[rosmaster.master][INFO] 2023-09-04 15:01:36,294: +PARAM [/camera/realsense2_camera/enable_infra1] by /roslaunch
[rosmaster.master][INFO] 2023-09-04 15:01:36,294: +PARAM [/camera/realsense2_camera/enable_infra2] by /roslaunch
[rosmaster.master][INFO] 2023-09-04 15:01:36,294: +PARAM [/camera/realsense2_camera/infra_rgb] by /roslaunch
[rosmaster.master][INFO] 2023-09-04 15:01:36,294: +PARAM [/camera/realsense2_camera/fisheye_fps] by /roslaunch
[rosmaster.master][INFO] 2023-09-04 15:01:36,294: +PARAM [/camera/realsense2_camera/depth_fps] by /roslaunch
[rosmaster.master][INFO] 2023-09-04 15:01:36,294: +PARAM [/camera/realsense2_camera/infra_fps] by /roslaunch
[rosmaster.master][INFO] 2023-09-04 15:01:36,295: +PARAM [/camera/realsense2_camera/color_fps] by /roslaunch
[rosmaster.master][INFO] 2023-09-04 15:01:36,300: +PARAM [/camera/realsense2_camera/gyro_fps] by /roslaunch
[rosmaster.master][INFO] 2023-09-04 15:01:36,300: +PARAM [/camera/realsense2_camera/accel_fps] by /roslaunch
[rosmaster.master][INFO] 2023-09-04 15:01:36,300: +PARAM [/camera/realsense2_camera/enable_gyro] by /roslaunch
[rosmaster.master][INFO] 2023-09-04 15:01:36,300: +PARAM [/camera/realsense2_camera/enable_accel] by /roslaunch
[rosmaster.master][INFO] 2023-09-04 15:01:36,300: +PARAM [/camera/realsense2_camera/enable_pose] by /roslaunch
[rosmaster.master][INFO] 2023-09-04 15:01:36,301: +PARAM [/camera/realsense2_camera/base_frame_id] by /roslaunch
[rosmaster.master][INFO] 2023-09-04 15:01:36,301: +PARAM [/camera/realsense2_camera/depth_frame_id] by /roslaunch
[rosmaster.master][INFO] 2023-09-04 15:01:36,301: +PARAM [/camera/realsense2_camera/infra1_frame_id] by /roslaunch
[rosmaster.master][INFO] 2023-09-04 15:01:36,301: +PARAM [/camera/realsense2_camera/infra2_frame_id] by /roslaunch
[rosmaster.master][INFO] 2023-09-04 15:01:36,301: +PARAM [/camera/realsense2_camera/color_frame_id] by /roslaunch
[rosmaster.master][INFO] 2023-09-04 15:01:36,301: +PARAM [/camera/realsense2_camera/fisheye_frame_id] by /roslaunch
[rosmaster.master][INFO] 2023-09-04 15:01:36,301: +PARAM [/camera/realsense2_camera/fisheye1_frame_id] by /roslaunch
[rosmaster.master][INFO] 2023-09-04 15:01:36,301: +PARAM [/camera/realsense2_camera/fisheye2_frame_id] by /roslaunch
[rosmaster.master][INFO] 2023-09-04 15:01:36,301: +PARAM [/camera/realsense2_camera/accel_frame_id] by /roslaunch
[rosmaster.master][INFO] 2023-09-04 15:01:36,301: +PARAM [/camera/realsense2_camera/gyro_frame_id] by /roslaunch
[rosmaster.master][INFO] 2023-09-04 15:01:36,301: +PARAM [/camera/realsense2_camera/pose_frame_id] by /roslaunch
[rosmaster.master][INFO] 2023-09-04 15:01:36,302: +PARAM [/camera/realsense2_camera/depth_optical_frame_id] by /roslaunch
[rosmaster.master][INFO] 2023-09-04 15:01:36,302: +PARAM [/camera/realsense2_camera/infra1_optical_frame_id] by /roslaunch
[rosmaster.master][INFO] 2023-09-04 15:01:36,302: +PARAM [/camera/realsense2_camera/infra2_optical_frame_id] by /roslaunch
[rosmaster.master][INFO] 2023-09-04 15:01:36,302: +PARAM [/camera/realsense2_camera/color_optical_frame_id] by /roslaunch
[rosmaster.master][INFO] 2023-09-04 15:01:36,302: +PARAM [/camera/realsense2_camera/fisheye_optical_frame_id] by /roslaunch
[rosmaster.master][INFO] 2023-09-04 15:01:36,302: +PARAM [/camera/realsense2_camera/fisheye1_optical_frame_id] by /roslaunch
[rosmaster.master][INFO] 2023-09-04 15:01:36,302: +PARAM [/camera/realsense2_camera/fisheye2_optical_frame_id] by /roslaunch
[rosmaster.master][INFO] 2023-09-04 15:01:36,302: +PARAM [/camera/realsense2_camera/accel_optical_frame_id] by /roslaunch
[rosmaster.master][INFO] 2023-09-04 15:01:36,302: +PARAM [/camera/realsense2_camera/gyro_optical_frame_id] by /roslaunch
[rosmaster.master][INFO] 2023-09-04 15:01:36,302: +PARAM [/camera/realsense2_camera/imu_optical_frame_id] by /roslaunch
[rosmaster.master][INFO] 2023-09-04 15:01:36,302: +PARAM [/camera/realsense2_camera/pose_optical_frame_id] by /roslaunch
[rosmaster.master][INFO] 2023-09-04 15:01:36,303: +PARAM [/camera/realsense2_camera/aligned_depth_to_color_frame_id] by /roslaunch
[rosmaster.master][INFO] 2023-09-04 15:01:36,306: +PARAM [/camera/realsense2_camera/aligned_depth_to_infra1_frame_id] by /roslaunch
[rosmaster.master][INFO] 2023-09-04 15:01:36,306: +PARAM [/camera/realsense2_camera/aligned_depth_to_infra2_frame_id] by /roslaunch
[rosmaster.master][INFO] 2023-09-04 15:01:36,306: +PARAM [/camera/realsense2_camera/aligned_depth_to_fisheye_frame_id] by /roslaunch
[rosmaster.master][INFO] 2023-09-04 15:01:36,306: +PARAM [/camera/realsense2_camera/aligned_depth_to_fisheye1_frame_id] by /roslaunch
[rosmaster.master][INFO] 2023-09-04 15:01:36,306: +PARAM [/camera/realsense2_camera/aligned_depth_to_fisheye2_frame_id] by /roslaunch
[rosmaster.master][INFO] 2023-09-04 15:01:36,306: +PARAM [/camera/realsense2_camera/publish_tf] by /roslaunch
[rosmaster.master][INFO] 2023-09-04 15:01:36,306: +PARAM [/camera/realsense2_camera/tf_publish_rate] by /roslaunch
[rosmaster.master][INFO] 2023-09-04 15:01:36,306: +PARAM [/camera/realsense2_camera/odom_frame_id] by /roslaunch
[rosmaster.master][INFO] 2023-09-04 15:01:36,306: +PARAM [/camera/realsense2_camera/topic_odom_in] by /roslaunch
[rosmaster.master][INFO] 2023-09-04 15:01:36,306: +PARAM [/camera/realsense2_camera/calib_odom_file] by /roslaunch
[rosmaster.master][INFO] 2023-09-04 15:01:36,306: +PARAM [/camera/realsense2_camera/publish_odom_tf] by /roslaunch
[rosmaster.master][INFO] 2023-09-04 15:01:36,307: +PARAM [/camera/realsense2_camera/stereo_module/exposure/1] by /roslaunch
[rosmaster.master][INFO] 2023-09-04 15:01:36,307: +PARAM [/camera/realsense2_camera/stereo_module/gain/1] by /roslaunch
[rosmaster.master][INFO] 2023-09-04 15:01:36,309: +PARAM [/camera/realsense2_camera/stereo_module/exposure/2] by /roslaunch
[rosmaster.master][INFO] 2023-09-04 15:01:36,309: +PARAM [/camera/realsense2_camera/stereo_module/gain/2] by /roslaunch
[rosmaster.master][INFO] 2023-09-04 15:01:36,309: +PARAM [/camera/realsense2_camera/filters] by /roslaunch
[rosmaster.master][INFO] 2023-09-04 15:01:36,309: +PARAM [/camera/realsense2_camera/clip_distance] by /roslaunch
[rosmaster.master][INFO] 2023-09-04 15:01:36,309: +PARAM [/camera/realsense2_camera/linear_accel_cov] by /roslaunch
[rosmaster.master][INFO] 2023-09-04 15:01:36,309: +PARAM [/camera/realsense2_camera/initial_reset] by /roslaunch
[rosmaster.master][INFO] 2023-09-04 15:01:36,309: +PARAM [/camera/realsense2_camera/reconnect_timeout] by /roslaunch
[rosmaster.master][INFO] 2023-09-04 15:01:36,309: +PARAM [/camera/realsense2_camera/wait_for_device_timeout] by /roslaunch
[rosmaster.master][INFO] 2023-09-04 15:01:36,309: +PARAM [/camera/realsense2_camera/unite_imu_method] by /roslaunch
[rosmaster.master][INFO] 2023-09-04 15:01:36,317: +SERVICE [/rosout/get_loggers] /rosout http://ubuntu:36087/
[rosmaster.master][INFO] 2023-09-04 15:01:36,320: +SERVICE [/rosout/set_logger_level] /rosout http://ubuntu:36087/
[rosmaster.master][INFO] 2023-09-04 15:01:36,324: +PUB [/rosout_agg] /rosout http://ubuntu:36087/
[rosmaster.master][INFO] 2023-09-04 15:01:36,332: +SUB [/rosout] /rosout http://ubuntu:36087/
[rosmaster.master][INFO] 2023-09-04 15:01:36,393: +PUB [/rosout] /camera/realsense2_camera http://ubuntu:43363/
[rosmaster.master][INFO] 2023-09-04 15:01:36,396: +SERVICE [/camera/realsense2_camera/get_loggers] /camera/realsense2_camera http://ubuntu:43363/
[rosmaster.master][INFO] 2023-09-04 15:01:36,398: +SERVICE [/camera/realsense2_camera/set_logger_level] /camera/realsense2_camera http://ubuntu:43363/
[rosmaster.master][INFO] 2023-09-04 15:01:36,401: +CACHEDPARAM [/rosout_disable_topics_generation] by /camera/realsense2_camera
[rosmaster.master][INFO] 2023-09-04 15:01:36,406: +PARAM [/camera/realsense2_camera] by /camera/realsense2_camera
[rosmaster.master][INFO] 2023-09-04 15:01:36,434: +PUB [/rosout] /camera/realsense2_camera_manager http://ubuntu:38175/
[rosmaster.master][INFO] 2023-09-04 15:01:36,436: +SERVICE [/camera/realsense2_camera_manager/get_loggers] /camera/realsense2_camera_manager http://ubuntu:38175/
[rosmaster.master][INFO] 2023-09-04 15:01:36,437: +SERVICE [/camera/realsense2_camera_manager/set_logger_level] /camera/realsense2_camera_manager http://ubuntu:38175/
[rosmaster.master][INFO] 2023-09-04 15:01:36,440: +CACHEDPARAM [/rosout_disable_topics_generation] by /camera/realsense2_camera_manager
[rosmaster.master][INFO] 2023-09-04 15:01:36,442: +SERVICE [/camera/realsense2_camera_manager/load_nodelet] /camera/realsense2_camera_manager http://ubuntu:38175/
[rosmaster.master][INFO] 2023-09-04 15:01:36,443: +SERVICE [/camera/realsense2_camera_manager/unload_nodelet] /camera/realsense2_camera_manager http://ubuntu:38175/
[rosmaster.master][INFO] 2023-09-04 15:01:36,443: +SERVICE [/camera/realsense2_camera_manager/list] /camera/realsense2_camera_manager http://ubuntu:38175/
[rosmaster.master][INFO] 2023-09-04 15:01:36,477: publisherUpdate[/rosout] -> http://ubuntu:36087/ ['http://ubuntu:43363/']
[rosmaster.master][INFO] 2023-09-04 15:01:36,484: publisherUpdate[/rosout] -> http://ubuntu:36087/ ['http://ubuntu:43363/']: sec=0.01, result=[1, '', 0]
[rosmaster.master][INFO] 2023-09-04 15:01:36,485: publisherUpdate[/rosout] -> http://ubuntu:36087/ ['http://ubuntu:43363/', 'http://ubuntu:38175/']
[rosmaster.master][INFO] 2023-09-04 15:01:36,486: publisherUpdate[/rosout] -> http://ubuntu:36087/ ['http://ubuntu:43363/', 'http://ubuntu:38175/']: sec=0.00, result=[1, '', 0]
[rosmaster.master][INFO] 2023-09-04 15:01:36,779: +CACHEDPARAM [/rosout/omit_topics] by /rosout
[rosmaster.master][INFO] 2023-09-04 15:01:36,780: +PUB [/camera/realsense2_camera_manager/bond] /camera/realsense2_camera_manager http://ubuntu:38175/
[rosmaster.master][INFO] 2023-09-04 15:01:36,783: +SUB [/camera/realsense2_camera_manager/bond] /camera/realsense2_camera_manager http://ubuntu:38175/
[rosmaster.master][INFO] 2023-09-04 15:01:36,809: +SERVICE [/camera/enable] /camera/realsense2_camera_manager http://ubuntu:38175/
[rosmaster.master][INFO] 2023-09-04 15:01:36,811: +SERVICE [/camera/realsense2_camera/reset] /camera/realsense2_camera_manager http://ubuntu:38175/
[rosmaster.master][INFO] 2023-09-04 15:01:36,890: +PUB [/camera/realsense2_camera_manager/bond] /camera/realsense2_camera http://ubuntu:43363/
[rosmaster.master][INFO] 2023-09-04 15:01:36,894: +SUB [/camera/realsense2_camera_manager/bond] /camera/realsense2_camera http://ubuntu:43363/
[rosmaster.master][INFO] 2023-09-04 15:01:36,980: publisherUpdate[/camera/realsense2_camera_manager/bond] -> http://ubuntu:38175/ ['http://ubuntu:38175/', 'http://ubuntu:43363/']
[rosmaster.master][INFO] 2023-09-04 15:01:36,983: publisherUpdate[/camera/realsense2_camera_manager/bond] -> http://ubuntu:38175/ ['http://ubuntu:38175/', 'http://ubuntu:43363/']: sec=0.00, result=[1, '', 0]
[rosmaster.master][INFO] 2023-09-04 15:01:37,107: +PUB [/tf_static] /camera/realsense2_camera_manager http://ubuntu:38175/
[rosmaster.master][INFO] 2023-09-04 15:01:37,108: +PUB [/tf] /camera/realsense2_camera_manager http://ubuntu:38175/
[rosmaster.master][INFO] 2023-09-04 15:01:40,551: +PUB [/camera/stereo_module/parameter_descriptions] /camera/realsense2_camera_manager http://ubuntu:38175/
[rosmaster.master][INFO] 2023-09-04 15:01:40,556: +PUB [/camera/stereo_module/parameter_updates] /camera/realsense2_camera_manager http://ubuntu:38175/
[rosmaster.master][INFO] 2023-09-04 15:01:40,557: +SERVICE [/camera/stereo_module/set_parameters] /camera/realsense2_camera_manager http://ubuntu:38175/
[rosmaster.master][INFO] 2023-09-04 15:01:41,888: +PUB [/camera/rgb_camera/parameter_descriptions] /camera/realsense2_camera_manager http://ubuntu:38175/
[rosmaster.master][INFO] 2023-09-04 15:01:41,889: +PUB [/camera/rgb_camera/parameter_updates] /camera/realsense2_camera_manager http://ubuntu:38175/
[rosmaster.master][INFO] 2023-09-04 15:01:41,890: +SERVICE [/camera/rgb_camera/set_parameters] /camera/realsense2_camera_manager http://ubuntu:38175/
[rosmaster.master][INFO] 2023-09-04 15:01:41,894: +PUB [/camera/motion_module/parameter_descriptions] /camera/realsense2_camera_manager http://ubuntu:38175/
[rosmaster.master][INFO] 2023-09-04 15:01:41,895: +PUB [/camera/motion_module/parameter_updates] /camera/realsense2_camera_manager http://ubuntu:38175/
[rosmaster.master][INFO] 2023-09-04 15:01:41,895: +SERVICE [/camera/motion_module/set_parameters] /camera/realsense2_camera_manager http://ubuntu:38175/
[rosmaster.master][INFO] 2023-09-04 15:01:41,901: +PUB [/diagnostics] /camera/realsense2_camera_manager http://ubuntu:38175/
[rosmaster.master][INFO] 2023-09-04 15:01:41,902: +CACHEDPARAM [/camera/realsense2_camera_manager/diagnostic_period] by /camera/realsense2_camera_manager
[rosmaster.master][INFO] 2023-09-04 15:01:41,913: +PUB [/camera/depth/image_rect_raw/compressedDepth] /camera/realsense2_camera_manager http://ubuntu:38175/
[rosmaster.master][INFO] 2023-09-04 15:01:41,917: +SERVICE [/camera/depth/image_rect_raw/compressedDepth/set_parameters] /camera/realsense2_camera_manager http://ubuntu:38175/
[rosmaster.master][INFO] 2023-09-04 15:01:41,921: +PUB [/camera/depth/image_rect_raw/compressedDepth/parameter_descriptions] /camera/realsense2_camera_manager http://ubuntu:38175/
[rosmaster.master][INFO] 2023-09-04 15:01:41,925: +PUB [/camera/depth/image_rect_raw/compressedDepth/parameter_updates] /camera/realsense2_camera_manager http://ubuntu:38175/
[rosmaster.master][INFO] 2023-09-04 15:01:41,937: +PARAM [/camera/depth/image_rect_raw/compressedDepth/format] by /camera/realsense2_camera_manager
[rosmaster.master][INFO] 2023-09-04 15:01:41,941: +PARAM [/camera/depth/image_rect_raw/compressedDepth/depth_max] by /camera/realsense2_camera_manager
[rosmaster.master][INFO] 2023-09-04 15:01:41,945: +PARAM [/camera/depth/image_rect_raw/compressedDepth/depth_quantization] by /camera/realsense2_camera_manager
[rosmaster.master][INFO] 2023-09-04 15:01:41,948: +PARAM [/camera/depth/image_rect_raw/compressedDepth/png_level] by /camera/realsense2_camera_manager
[rosmaster.master][INFO] 2023-09-04 15:01:41,951: +PARAM [/camera/depth/image_rect_raw/compressedDepth/format] by /camera/realsense2_camera_manager
[rosmaster.master][INFO] 2023-09-04 15:01:41,955: +PARAM [/camera/depth/image_rect_raw/compressedDepth/depth_max] by /camera/realsense2_camera_manager
[rosmaster.master][INFO] 2023-09-04 15:01:41,957: +PARAM [/camera/depth/image_rect_raw/compressedDepth/depth_quantization] by /camera/realsense2_camera_manager
[rosmaster.master][INFO] 2023-09-04 15:01:41,960: +PARAM [/camera/depth/image_rect_raw/compressedDepth/png_level] by /camera/realsense2_camera_manager
[rosmaster.master][INFO] 2023-09-04 15:01:41,966: +PUB [/camera/depth/image_rect_raw/compressed] /camera/realsense2_camera_manager http://ubuntu:38175/
[rosmaster.master][INFO] 2023-09-04 15:01:41,969: +SERVICE [/camera/depth/image_rect_raw/compressed/set_parameters] /camera/realsense2_camera_manager http://ubuntu:38175/
[rosmaster.master][INFO] 2023-09-04 15:01:41,973: +PUB [/camera/depth/image_rect_raw/compressed/parameter_descriptions] /camera/realsense2_camera_manager http://ubuntu:38175/
[rosmaster.master][INFO] 2023-09-04 15:01:41,977: +PUB [/camera/depth/image_rect_raw/compressed/parameter_updates] /camera/realsense2_camera_manager http://ubuntu:38175/
[rosmaster.master][INFO] 2023-09-04 15:01:41,991: +PARAM [/camera/depth/image_rect_raw/compressed/format] by /camera/realsense2_camera_manager
[rosmaster.master][INFO] 2023-09-04 15:01:41,994: +PARAM [/camera/depth/image_rect_raw/compressed/jpeg_quality] by /camera/realsense2_camera_manager
[rosmaster.master][INFO] 2023-09-04 15:01:41,997: +PARAM [/camera/depth/image_rect_raw/compressed/jpeg_progressive] by /camera/realsense2_camera_manager
[rosmaster.master][INFO] 2023-09-04 15:01:42,001: +PARAM [/camera/depth/image_rect_raw/compressed/jpeg_optimize] by /camera/realsense2_camera_manager
[rosmaster.master][INFO] 2023-09-04 15:01:42,003: +PARAM [/camera/depth/image_rect_raw/compressed/jpeg_restart_interval] by /camera/realsense2_camera_manager
[rosmaster.master][INFO] 2023-09-04 15:01:42,006: +PARAM [/camera/depth/image_rect_raw/compressed/png_level] by /camera/realsense2_camera_manager
[rosmaster.master][INFO] 2023-09-04 15:01:42,011: +PARAM [/camera/depth/image_rect_raw/compressed/format] by /camera/realsense2_camera_manager
[rosmaster.master][INFO] 2023-09-04 15:01:42,013: +PARAM [/camera/depth/image_rect_raw/compressed/jpeg_quality] by /camera/realsense2_camera_manager
[rosmaster.master][INFO] 2023-09-04 15:01:42,016: +PARAM [/camera/depth/image_rect_raw/compressed/jpeg_progressive] by /camera/realsense2_camera_manager
[rosmaster.master][INFO] 2023-09-04 15:01:42,019: +PARAM [/camera/depth/image_rect_raw/compressed/jpeg_optimize] by /camera/realsense2_camera_manager
[rosmaster.master][INFO] 2023-09-04 15:01:42,022: +PARAM [/camera/depth/image_rect_raw/compressed/jpeg_restart_interval] by /camera/realsense2_camera_manager
[rosmaster.master][INFO] 2023-09-04 15:01:42,025: +PARAM [/camera/depth/image_rect_raw/compressed/png_level] by /camera/realsense2_camera_manager
[rosmaster.master][INFO] 2023-09-04 15:01:42,030: +PUB [/camera/depth/image_rect_raw] /camera/realsense2_camera_manager http://ubuntu:38175/
[rosmaster.master][INFO] 2023-09-04 15:01:42,041: +PUB [/camera/depth/image_rect_raw/theora] /camera/realsense2_camera_manager http://ubuntu:38175/
[rosmaster.master][INFO] 2023-09-04 15:01:42,045: +SERVICE [/camera/depth/image_rect_raw/theora/set_parameters] /camera/realsense2_camera_manager http://ubuntu:38175/
[rosmaster.master][INFO] 2023-09-04 15:01:42,048: +PUB [/camera/depth/image_rect_raw/theora/parameter_descriptions] /camera/realsense2_camera_manager http://ubuntu:38175/
[rosmaster.master][INFO] 2023-09-04 15:01:42,051: +PUB [/camera/depth/image_rect_raw/theora/parameter_updates] /camera/realsense2_camera_manager http://ubuntu:38175/
[rosmaster.master][INFO] 2023-09-04 15:01:42,060: +PARAM [/camera/depth/image_rect_raw/theora/optimize_for] by /camera/realsense2_camera_manager
[rosmaster.master][INFO] 2023-09-04 15:01:42,064: +PARAM [/camera/depth/image_rect_raw/theora/target_bitrate] by /camera/realsense2_camera_manager
[rosmaster.master][INFO] 2023-09-04 15:01:42,067: +PARAM [/camera/depth/image_rect_raw/theora/quality] by /camera/realsense2_camera_manager
[rosmaster.master][INFO] 2023-09-04 15:01:42,068: +PARAM [/camera/depth/image_rect_raw/theora/keyframe_frequency] by /camera/realsense2_camera_manager
[rosmaster.master][INFO] 2023-09-04 15:01:42,071: +PARAM [/camera/depth/image_rect_raw/theora/optimize_for] by /camera/realsense2_camera_manager
[rosmaster.master][INFO] 2023-09-04 15:01:42,074: +PARAM [/camera/depth/image_rect_raw/theora/target_bitrate] by /camera/realsense2_camera_manager
[rosmaster.master][INFO] 2023-09-04 15:01:42,076: +PARAM [/camera/depth/image_rect_raw/theora/quality] by /camera/realsense2_camera_manager
[rosmaster.master][INFO] 2023-09-04 15:01:42,079: +PARAM [/camera/depth/image_rect_raw/theora/keyframe_frequency] by /camera/realsense2_camera_manager
[rosmaster.master][INFO] 2023-09-04 15:01:42,082: +PUB [/camera/depth/camera_info] /camera/realsense2_camera_manager http://ubuntu:38175/
[rosmaster.master][INFO] 2023-09-04 15:01:42,085: +PUB [/camera/depth/metadata] /camera/realsense2_camera_manager http://ubuntu:38175/
[rosmaster.master][INFO] 2023-09-04 15:01:42,089: +PUB [/camera/infra1/image_rect_raw/compressedDepth] /camera/realsense2_camera_manager http://ubuntu:38175/
[rosmaster.master][INFO] 2023-09-04 15:01:42,093: +SERVICE [/camera/infra1/image_rect_raw/compressedDepth/set_parameters] /camera/realsense2_camera_manager http://ubuntu:38175/
[rosmaster.master][INFO] 2023-09-04 15:01:42,094: +PUB [/camera/infra1/image_rect_raw/compressedDepth/parameter_descriptions] /camera/realsense2_camera_manager http://ubuntu:38175/
[rosmaster.master][INFO] 2023-09-04 15:01:42,095: +PUB [/camera/infra1/image_rect_raw/compressedDepth/parameter_updates] /camera/realsense2_camera_manager http://ubuntu:38175/
[rosmaster.master][INFO] 2023-09-04 15:01:42,102: +PARAM [/camera/infra1/image_rect_raw/compressedDepth/format] by /camera/realsense2_camera_manager
[rosmaster.master][INFO] 2023-09-04 15:01:42,104: +PARAM [/camera/infra1/image_rect_raw/compressedDepth/depth_max] by /camera/realsense2_camera_manager
[rosmaster.master][INFO] 2023-09-04 15:01:42,106: +PARAM [/camera/infra1/image_rect_raw/compressedDepth/depth_quantization] by /camera/realsense2_camera_manager
[rosmaster.master][INFO] 2023-09-04 15:01:42,107: +PARAM [/camera/infra1/image_rect_raw/compressedDepth/png_level] by /camera/realsense2_camera_manager
[rosmaster.master][INFO] 2023-09-04 15:01:42,108: +PARAM [/camera/infra1/image_rect_raw/compressedDepth/format] by /camera/realsense2_camera_manager
[rosmaster.master][INFO] 2023-09-04 15:01:42,109: +PARAM [/camera/infra1/image_rect_raw/compressedDepth/depth_max] by /camera/realsense2_camera_manager
[rosmaster.master][INFO] 2023-09-04 15:01:42,112: +PARAM [/camera/infra1/image_rect_raw/compressedDepth/depth_quantization] by /camera/realsense2_camera_manager
[rosmaster.master][INFO] 2023-09-04 15:01:42,117: +PARAM [/camera/infra1/image_rect_raw/compressedDepth/png_level] by /camera/realsense2_camera_manager
[rosmaster.master][INFO] 2023-09-04 15:01:42,120: +PUB [/camera/infra1/image_rect_raw/compressed] /camera/realsense2_camera_manager http://ubuntu:38175/
[rosmaster.master][INFO] 2023-09-04 15:01:42,122: +SERVICE [/camera/infra1/image_rect_raw/compressed/set_parameters] /camera/realsense2_camera_manager http://ubuntu:38175/
[rosmaster.master][INFO] 2023-09-04 15:01:42,124: +PUB [/camera/infra1/image_rect_raw/compressed/parameter_descriptions] /camera/realsense2_camera_manager http://ubuntu:38175/
[rosmaster.master][INFO] 2023-09-04 15:01:42,125: +PUB [/camera/infra1/image_rect_raw/compressed/parameter_updates] /camera/realsense2_camera_manager http://ubuntu:38175/
[rosmaster.master][INFO] 2023-09-04 15:01:42,133: +PARAM [/camera/infra1/image_rect_raw/compressed/format] by /camera/realsense2_camera_manager
[rosmaster.master][INFO] 2023-09-04 15:01:42,135: +PARAM [/camera/infra1/image_rect_raw/compressed/jpeg_quality] by /camera/realsense2_camera_manager
[rosmaster.master][INFO] 2023-09-04 15:01:42,136: +PARAM [/camera/infra1/image_rect_raw/compressed/jpeg_progressive] by /camera/realsense2_camera_manager
[rosmaster.master][INFO] 2023-09-04 15:01:42,137: +PARAM [/camera/infra1/image_rect_raw/compressed/jpeg_optimize] by /camera/realsense2_camera_manager
[rosmaster.master][INFO] 2023-09-04 15:01:42,138: +PARAM [/camera/infra1/image_rect_raw/compressed/jpeg_restart_interval] by /camera/realsense2_camera_manager
[rosmaster.master][INFO] 2023-09-04 15:01:42,140: +PARAM [/camera/infra1/image_rect_raw/compressed/png_level] by /camera/realsense2_camera_manager
[rosmaster.master][INFO] 2023-09-04 15:01:42,141: +PARAM [/camera/infra1/image_rect_raw/compressed/format] by /camera/realsense2_camera_manager
[rosmaster.master][INFO] 2023-09-04 15:01:42,142: +PARAM [/camera/infra1/image_rect_raw/compressed/jpeg_quality] by /camera/realsense2_camera_manager
[rosmaster.master][INFO] 2023-09-04 15:01:42,143: +PARAM [/camera/infra1/image_rect_raw/compressed/jpeg_progressive] by /camera/realsense2_camera_manager
[rosmaster.master][INFO] 2023-09-04 15:01:42,145: +PARAM [/camera/infra1/image_rect_raw/compressed/jpeg_optimize] by /camera/realsense2_camera_manager
[rosmaster.master][INFO] 2023-09-04 15:01:42,147: +PARAM [/camera/infra1/image_rect_raw/compressed/jpeg_restart_interval] by /camera/realsense2_camera_manager
[rosmaster.master][INFO] 2023-09-04 15:01:42,148: +PARAM [/camera/infra1/image_rect_raw/compressed/png_level] by /camera/realsense2_camera_manager
[rosmaster.master][INFO] 2023-09-04 15:01:42,150: +PUB [/camera/infra1/image_rect_raw] /camera/realsense2_camera_manager http://ubuntu:38175/
[rosmaster.master][INFO] 2023-09-04 15:01:42,152: +PUB [/camera/infra1/image_rect_raw/theora] /camera/realsense2_camera_manager http://ubuntu:38175/
[rosmaster.master][INFO] 2023-09-04 15:01:42,153: +SERVICE [/camera/infra1/image_rect_raw/theora/set_parameters] /camera/realsense2_camera_manager http://ubuntu:38175/
[rosmaster.master][INFO] 2023-09-04 15:01:42,154: +PUB [/camera/infra1/image_rect_raw/theora/parameter_descriptions] /camera/realsense2_camera_manager http://ubuntu:38175/
[rosmaster.master][INFO] 2023-09-04 15:01:42,163: +PUB [/camera/infra1/image_rect_raw/theora/parameter_updates] /camera/realsense2_camera_manager http://ubuntu:38175/
[rosmaster.master][INFO] 2023-09-04 15:01:42,171: +PARAM [/camera/infra1/image_rect_raw/theora/optimize_for] by /camera/realsense2_camera_manager
[rosmaster.master][INFO] 2023-09-04 15:01:42,173: +PARAM [/camera/infra1/image_rect_raw/theora/target_bitrate] by /camera/realsense2_camera_manager
[rosmaster.master][INFO] 2023-09-04 15:01:42,174: +PARAM [/camera/infra1/image_rect_raw/theora/quality] by /camera/realsense2_camera_manager
[rosmaster.master][INFO] 2023-09-04 15:01:42,176: +PARAM [/camera/infra1/image_rect_raw/theora/keyframe_frequency] by /camera/realsense2_camera_manager
[rosmaster.master][INFO] 2023-09-04 15:01:42,178: +PARAM [/camera/infra1/image_rect_raw/theora/optimize_for] by /camera/realsense2_camera_manager
[rosmaster.master][INFO] 2023-09-04 15:01:42,180: +PARAM [/camera/infra1/image_rect_raw/theora/target_bitrate] by /camera/realsense2_camera_manager
[rosmaster.master][INFO] 2023-09-04 15:01:42,181: +PARAM [/camera/infra1/image_rect_raw/theora/quality] by /camera/realsense2_camera_manager
[rosmaster.master][INFO] 2023-09-04 15:01:42,183: +PARAM [/camera/infra1/image_rect_raw/theora/keyframe_frequency] by /camera/realsense2_camera_manager
[rosmaster.master][INFO] 2023-09-04 15:01:42,184: +PUB [/camera/infra1/camera_info] /camera/realsense2_camera_manager http://ubuntu:38175/
[rosmaster.master][INFO] 2023-09-04 15:01:42,186: +PUB [/camera/infra1/metadata] /camera/realsense2_camera_manager http://ubuntu:38175/
[rosmaster.master][INFO] 2023-09-04 15:01:42,190: +PUB [/camera/infra2/image_rect_raw/compressedDepth] /camera/realsense2_camera_manager http://ubuntu:38175/
[rosmaster.master][INFO] 2023-09-04 15:01:42,193: +SERVICE [/camera/infra2/image_rect_raw/compressedDepth/set_parameters] /camera/realsense2_camera_manager http://ubuntu:38175/
[rosmaster.master][INFO] 2023-09-04 15:01:42,195: +PUB [/camera/infra2/image_rect_raw/compressedDepth/parameter_descriptions] /camera/realsense2_camera_manager http://ubuntu:38175/
[rosmaster.master][INFO] 2023-09-04 15:01:42,201: +PUB [/camera/infra2/image_rect_raw/compressedDepth/parameter_updates] /camera/realsense2_camera_manager http://ubuntu:38175/
[rosmaster.master][INFO] 2023-09-04 15:01:42,209: +PARAM [/camera/infra2/image_rect_raw/compressedDepth/format] by /camera/realsense2_camera_manager
[rosmaster.master][INFO] 2023-09-04 15:01:42,217: +PARAM [/camera/infra2/image_rect_raw/compressedDepth/depth_max] by /camera/realsense2_camera_manager
[rosmaster.master][INFO] 2023-09-04 15:01:42,220: +PARAM [/camera/infra2/image_rect_raw/compressedDepth/depth_quantization] by /camera/realsense2_camera_manager
[rosmaster.master][INFO] 2023-09-04 15:01:42,223: +PARAM [/camera/infra2/image_rect_raw/compressedDepth/png_level] by /camera/realsense2_camera_manager
[rosmaster.master][INFO] 2023-09-04 15:01:42,226: +PARAM [/camera/infra2/image_rect_raw/compressedDepth/format] by /camera/realsense2_camera_manager
[rosmaster.master][INFO] 2023-09-04 15:01:42,229: +PARAM [/camera/infra2/image_rect_raw/compressedDepth/depth_max] by /camera/realsense2_camera_manager
[rosmaster.master][INFO] 2023-09-04 15:01:42,232: +PARAM [/camera/infra2/image_rect_raw/compressedDepth/depth_quantization] by /camera/realsense2_camera_manager
[rosmaster.master][INFO] 2023-09-04 15:01:42,235: +PARAM [/camera/infra2/image_rect_raw/compressedDepth/png_level] by /camera/realsense2_camera_manager
[rosmaster.master][INFO] 2023-09-04 15:01:42,237: +PUB [/camera/infra2/image_rect_raw/compressed] /camera/realsense2_camera_manager http://ubuntu:38175/
[rosmaster.master][INFO] 2023-09-04 15:01:42,240: +SERVICE [/camera/infra2/image_rect_raw/compressed/set_parameters] /camera/realsense2_camera_manager http://ubuntu:38175/
[rosmaster.master][INFO] 2023-09-04 15:01:42,242: +PUB [/camera/infra2/image_rect_raw/compressed/parameter_descriptions] /camera/realsense2_camera_manager http://ubuntu:38175/
[rosmaster.master][INFO] 2023-09-04 15:01:42,244: +PUB [/camera/infra2/image_rect_raw/compressed/parameter_updates] /camera/realsense2_camera_manager http://ubuntu:38175/
[rosmaster.master][INFO] 2023-09-04 15:01:42,255: +PARAM [/camera/infra2/image_rect_raw/compressed/format] by /camera/realsense2_camera_manager
[rosmaster.master][INFO] 2023-09-04 15:01:42,257: +PARAM [/camera/infra2/image_rect_raw/compressed/jpeg_quality] by /camera/realsense2_camera_manager
[rosmaster.master][INFO] 2023-09-04 15:01:42,259: +PARAM [/camera/infra2/image_rect_raw/compressed/jpeg_progressive] by /camera/realsense2_camera_manager
[rosmaster.master][INFO] 2023-09-04 15:01:42,261: +PARAM [/camera/infra2/image_rect_raw/compressed/jpeg_optimize] by /camera/realsense2_camera_manager
[rosmaster.master][INFO] 2023-09-04 15:01:42,264: +PARAM [/camera/infra2/image_rect_raw/compressed/jpeg_restart_interval] by /camera/realsense2_camera_manager
[rosmaster.master][INFO] 2023-09-04 15:01:42,266: +PARAM [/camera/infra2/image_rect_raw/compressed/png_level] by /camera/realsense2_camera_manager
[rosmaster.master][INFO] 2023-09-04 15:01:42,268: +PARAM [/camera/infra2/image_rect_raw/compressed/format] by /camera/realsense2_camera_manager
[rosmaster.master][INFO] 2023-09-04 15:01:42,271: +PARAM [/camera/infra2/image_rect_raw/compressed/jpeg_quality] by /camera/realsense2_camera_manager
[rosmaster.master][INFO] 2023-09-04 15:01:42,273: +PARAM [/camera/infra2/image_rect_raw/compressed/jpeg_progressive] by /camera/realsense2_camera_manager
[rosmaster.master][INFO] 2023-09-04 15:01:42,276: +PARAM [/camera/infra2/image_rect_raw/compressed/jpeg_optimize] by /camera/realsense2_camera_manager
[rosmaster.master][INFO] 2023-09-04 15:01:42,277: +PARAM [/camera/infra2/image_rect_raw/compressed/jpeg_restart_interval] by /camera/realsense2_camera_manager
[rosmaster.master][INFO] 2023-09-04 15:01:42,280: +PARAM [/camera/infra2/image_rect_raw/compressed/png_level] by /camera/realsense2_camera_manager
[rosmaster.master][INFO] 2023-09-04 15:01:42,282: +PUB [/camera/infra2/image_rect_raw] /camera/realsense2_camera_manager http://ubuntu:38175/
[rosmaster.master][INFO] 2023-09-04 15:01:42,285: +PUB [/camera/infra2/image_rect_raw/theora] /camera/realsense2_camera_manager http://ubuntu:38175/
[rosmaster.master][INFO] 2023-09-04 15:01:42,288: +SERVICE [/camera/infra2/image_rect_raw/theora/set_parameters] /camera/realsense2_camera_manager http://ubuntu:38175/
[rosmaster.master][INFO] 2023-09-04 15:01:42,290: +PUB [/camera/infra2/image_rect_raw/theora/parameter_descriptions] /camera/realsense2_camera_manager http://ubuntu:38175/
[rosmaster.master][INFO] 2023-09-04 15:01:42,292: +PUB [/camera/infra2/image_rect_raw/theora/parameter_updates] /camera/realsense2_camera_manager http://ubuntu:38175/
[rosmaster.master][INFO] 2023-09-04 15:01:42,303: +PARAM [/camera/infra2/image_rect_raw/theora/optimize_for] by /camera/realsense2_camera_manager
[rosmaster.master][INFO] 2023-09-04 15:01:42,306: +PARAM [/camera/infra2/image_rect_raw/theora/target_bitrate] by /camera/realsense2_camera_manager
[rosmaster.master][INFO] 2023-09-04 15:01:42,307: +PARAM [/camera/infra2/image_rect_raw/theora/quality] by /camera/realsense2_camera_manager
[rosmaster.master][INFO] 2023-09-04 15:01:42,309: +PARAM [/camera/infra2/image_rect_raw/theora/keyframe_frequency] by /camera/realsense2_camera_manager
[rosmaster.master][INFO] 2023-09-04 15:01:42,312: +PARAM [/camera/infra2/image_rect_raw/theora/optimize_for] by /camera/realsense2_camera_manager
[rosmaster.master][INFO] 2023-09-04 15:01:42,316: +PARAM [/camera/infra2/image_rect_raw/theora/target_bitrate] by /camera/realsense2_camera_manager
[rosmaster.master][INFO] 2023-09-04 15:01:42,319: +PARAM [/camera/infra2/image_rect_raw/theora/quality] by /camera/realsense2_camera_manager
[rosmaster.master][INFO] 2023-09-04 15:01:42,321: +PARAM [/camera/infra2/image_rect_raw/theora/keyframe_frequency] by /camera/realsense2_camera_manager
[rosmaster.master][INFO] 2023-09-04 15:01:42,323: +PUB [/camera/infra2/camera_info] /camera/realsense2_camera_manager http://ubuntu:38175/
[rosmaster.master][INFO] 2023-09-04 15:01:42,326: +PUB [/camera/infra2/metadata] /camera/realsense2_camera_manager http://ubuntu:38175/
[rosmaster.master][INFO] 2023-09-04 15:01:42,331: +PUB [/camera/color/image_raw/compressedDepth] /camera/realsense2_camera_manager http://ubuntu:38175/
[rosmaster.master][INFO] 2023-09-04 15:01:42,333: +SERVICE [/camera/color/image_raw/compressedDepth/set_parameters] /camera/realsense2_camera_manager http://ubuntu:38175/
[rosmaster.master][INFO] 2023-09-04 15:01:42,335: +PUB [/camera/color/image_raw/compressedDepth/parameter_descriptions] /camera/realsense2_camera_manager http://ubuntu:38175/
[rosmaster.master][INFO] 2023-09-04 15:01:42,340: +PUB [/camera/color/image_raw/compressedDepth/parameter_updates] /camera/realsense2_camera_manager http://ubuntu:38175/
[rosmaster.master][INFO] 2023-09-04 15:01:42,349: +PARAM [/camera/color/image_raw/compressedDepth/format] by /camera/realsense2_camera_manager
[rosmaster.master][INFO] 2023-09-04 15:01:42,351: +PARAM [/camera/color/image_raw/compressedDepth/depth_max] by /camera/realsense2_camera_manager
[rosmaster.master][INFO] 2023-09-04 15:01:42,356: +PARAM [/camera/color/image_raw/compressedDepth/depth_quantization] by /camera/realsense2_camera_manager
[rosmaster.master][INFO] 2023-09-04 15:01:42,359: +PARAM [/camera/color/image_raw/compressedDepth/png_level] by /camera/realsense2_camera_manager
[rosmaster.master][INFO] 2023-09-04 15:01:42,365: +PARAM [/camera/color/image_raw/compressedDepth/format] by /camera/realsense2_camera_manager
[rosmaster.master][INFO] 2023-09-04 15:01:42,368: +PARAM [/camera/color/image_raw/compressedDepth/depth_max] by /camera/realsense2_camera_manager
[rosmaster.master][INFO] 2023-09-04 15:01:42,370: +PARAM [/camera/color/image_raw/compressedDepth/depth_quantization] by /camera/realsense2_camera_manager
[rosmaster.master][INFO] 2023-09-04 15:01:42,372: +PARAM [/camera/color/image_raw/compressedDepth/png_level] by /camera/realsense2_camera_manager
[rosmaster.master][INFO] 2023-09-04 15:01:42,375: +PUB [/camera/color/image_raw/compressed] /camera/realsense2_camera_manager http://ubuntu:38175/
[rosmaster.master][INFO] 2023-09-04 15:01:42,377: +SERVICE [/camera/color/image_raw/compressed/set_parameters] /camera/realsense2_camera_manager http://ubuntu:38175/
[rosmaster.master][INFO] 2023-09-04 15:01:42,379: +PUB [/camera/color/image_raw/compressed/parameter_descriptions] /camera/realsense2_camera_manager http://ubuntu:38175/
[rosmaster.master][INFO] 2023-09-04 15:01:42,381: +PUB [/camera/color/image_raw/compressed/parameter_updates] /camera/realsense2_camera_manager http://ubuntu:38175/
[rosmaster.master][INFO] 2023-09-04 15:01:42,392: +PARAM [/camera/color/image_raw/compressed/format] by /camera/realsense2_camera_manager
[rosmaster.master][INFO] 2023-09-04 15:01:42,394: +PARAM [/camera/color/image_raw/compressed/jpeg_quality] by /camera/realsense2_camera_manager
[rosmaster.master][INFO] 2023-09-04 15:01:42,396: +PARAM [/camera/color/image_raw/compressed/jpeg_progressive] by /camera/realsense2_camera_manager
[rosmaster.master][INFO] 2023-09-04 15:01:42,399: +PARAM [/camera/color/image_raw/compressed/jpeg_optimize] by /camera/realsense2_camera_manager
[rosmaster.master][INFO] 2023-09-04 15:01:42,401: +PARAM [/camera/color/image_raw/compressed/jpeg_restart_interval] by /camera/realsense2_camera_manager
[rosmaster.master][INFO] 2023-09-04 15:01:42,403: +PARAM [/camera/color/image_raw/compressed/png_level] by /camera/realsense2_camera_manager
[rosmaster.master][INFO] 2023-09-04 15:01:42,405: +PARAM [/camera/color/image_raw/compressed/format] by /camera/realsense2_camera_manager
[rosmaster.master][INFO] 2023-09-04 15:01:42,407: +PARAM [/camera/color/image_raw/compressed/jpeg_quality] by /camera/realsense2_camera_manager
[rosmaster.master][INFO] 2023-09-04 15:01:42,410: +PARAM [/camera/color/image_raw/compressed/jpeg_progressive] by /camera/realsense2_camera_manager
[rosmaster.master][INFO] 2023-09-04 15:01:42,411: +PARAM [/camera/color/image_raw/compressed/jpeg_optimize] by /camera/realsense2_camera_manager
[rosmaster.master][INFO] 2023-09-04 15:01:42,413: +PARAM [/camera/color/image_raw/compressed/jpeg_restart_interval] by /camera/realsense2_camera_manager
[rosmaster.master][INFO] 2023-09-04 15:01:42,415: +PARAM [/camera/color/image_raw/compressed/png_level] by /camera/realsense2_camera_manager
[rosmaster.master][INFO] 2023-09-04 15:01:42,417: +PUB [/camera/color/image_raw] /camera/realsense2_camera_manager http://ubuntu:38175/
[rosmaster.master][INFO] 2023-09-04 15:01:42,419: +PUB [/camera/color/image_raw/theora] /camera/realsense2_camera_manager http://ubuntu:38175/
[rosmaster.master][INFO] 2023-09-04 15:01:42,422: +SERVICE [/camera/color/image_raw/theora/set_parameters] /camera/realsense2_camera_manager http://ubuntu:38175/
[rosmaster.master][INFO] 2023-09-04 15:01:42,424: +PUB [/camera/color/image_raw/theora/parameter_descriptions] /camera/realsense2_camera_manager http://ubuntu:38175/
[rosmaster.master][INFO] 2023-09-04 15:01:42,426: +PUB [/camera/color/image_raw/theora/parameter_updates] /camera/realsense2_camera_manager http://ubuntu:38175/
[rosmaster.master][INFO] 2023-09-04 15:01:42,434: +PARAM [/camera/color/image_raw/theora/optimize_for] by /camera/realsense2_camera_manager
[rosmaster.master][INFO] 2023-09-04 15:01:42,437: +PARAM [/camera/color/image_raw/theora/target_bitrate] by /camera/realsense2_camera_manager
[rosmaster.master][INFO] 2023-09-04 15:01:42,439: +PARAM [/camera/color/image_raw/theora/quality] by /camera/realsense2_camera_manager
[rosmaster.master][INFO] 2023-09-04 15:01:42,441: +PARAM [/camera/color/image_raw/theora/keyframe_frequency] by /camera/realsense2_camera_manager
[rosmaster.master][INFO] 2023-09-04 15:01:42,442: +PARAM [/camera/color/image_raw/theora/optimize_for] by /camera/realsense2_camera_manager
[rosmaster.master][INFO] 2023-09-04 15:01:42,444: +PARAM [/camera/color/image_raw/theora/target_bitrate] by /camera/realsense2_camera_manager
[rosmaster.master][INFO] 2023-09-04 15:01:42,447: +PARAM [/camera/color/image_raw/theora/quality] by /camera/realsense2_camera_manager
[rosmaster.master][INFO] 2023-09-04 15:01:42,450: +PARAM [/camera/color/image_raw/theora/keyframe_frequency] by /camera/realsense2_camera_manager
[rosmaster.master][INFO] 2023-09-04 15:01:42,452: +PUB [/camera/color/camera_info] /camera/realsense2_camera_manager http://ubuntu:38175/
[rosmaster.master][INFO] 2023-09-04 15:01:42,458: +PUB [/camera/color/metadata] /camera/realsense2_camera_manager http://ubuntu:38175/
[rosmaster.master][INFO] 2023-09-04 15:01:42,460: +PUB [/camera/extrinsics/depth_to_color] /camera/realsense2_camera_manager http://ubuntu:38175/
[rosmaster.master][INFO] 2023-09-04 15:01:42,465: +PUB [/camera/extrinsics/depth_to_infra1] /camera/realsense2_camera_manager http://ubuntu:38175/
[rosmaster.master][INFO] 2023-09-04 15:01:42,467: +PUB [/camera/extrinsics/depth_to_infra2] /camera/realsense2_camera_manager http://ubuntu:38175/
[rosmaster.master][INFO] 2023-09-04 15:01:42,893: +PUB [/camera/stereo_module/auto_exposure_roi/parameter_descriptions] /camera/realsense2_camera_manager http://ubuntu:38175/
[rosmaster.master][INFO] 2023-09-04 15:01:42,894: +PUB [/camera/stereo_module/auto_exposure_roi/parameter_updates] /camera/realsense2_camera_manager http://ubuntu:38175/
[rosmaster.master][INFO] 2023-09-04 15:01:42,900: +SERVICE [/camera/stereo_module/auto_exposure_roi/set_parameters] /camera/realsense2_camera_manager http://ubuntu:38175/
[rosmaster.master][INFO] 2023-09-04 15:01:42,906: +PUB [/camera/rgb_camera/auto_exposure_roi/parameter_descriptions] /camera/realsense2_camera_manager http://ubuntu:38175/
[rosmaster.master][INFO] 2023-09-04 15:01:42,907: +PUB [/camera/rgb_camera/auto_exposure_roi/parameter_updates] /camera/realsense2_camera_manager http://ubuntu:38175/
[rosmaster.master][INFO] 2023-09-04 15:01:42,908: +SERVICE [/camera/rgb_camera/auto_exposure_roi/set_parameters] /camera/realsense2_camera_manager http://ubuntu:38175/
[rosmaster.master][INFO] 2023-09-04 15:01:42,910: +SERVICE [/camera/realsense2_camera/device_info] /camera/realsense2_camera_manager http://ubuntu:38175/
[rosmaster.master][INFO] 2023-09-04 15:02:11,517: +PUB [/rosout] /rostopic_6651_1693810931366 http://ubuntu:44209/
[rosmaster.master][INFO] 2023-09-04 15:02:11,522: +SERVICE [/rostopic_6651_1693810931366/get_loggers] /rostopic_6651_1693810931366 http://ubuntu:44209/
[rosmaster.master][INFO] 2023-09-04 15:02:11,523: +SERVICE [/rostopic_6651_1693810931366/set_logger_level] /rostopic_6651_1693810931366 http://ubuntu:44209/
[rosmaster.master][INFO] 2023-09-04 15:02:11,553: +SUB [/camera/infra2/image_rect_raw] /rostopic_6651_1693810931366 http://ubuntu:44209/
[rosmaster.master][INFO] 2023-09-04 15:02:11,557: publisherUpdate[/rosout] -> http://ubuntu:36087/ ['http://ubuntu:43363/', 'http://ubuntu:38175/', 'http://ubuntu:44209/']
[rosmaster.master][INFO] 2023-09-04 15:02:11,558: publisherUpdate[/rosout] -> http://ubuntu:36087/ ['http://ubuntu:43363/', 'http://ubuntu:38175/', 'http://ubuntu:44209/']: sec=0.00, result=[1, '', 0]
[rosmaster.master][INFO] 2023-09-04 15:02:15,743: -SUB [/camera/infra2/image_rect_raw] /rostopic_6651_1693810931366 http://ubuntu:44209/
[rosmaster.master][INFO] 2023-09-04 15:02:15,743: -PUB [/rosout] /rostopic_6651_1693810931366 http://ubuntu:44209/
[rosmaster.master][INFO] 2023-09-04 15:02:15,743: -SERVICE [/rostopic_6651_1693810931366/get_loggers] /rostopic_6651_1693810931366 rosrpc://ubuntu:35829
[rosmaster.master][INFO] 2023-09-04 15:02:15,743: -SERVICE [/rostopic_6651_1693810931366/set_logger_level] /rostopic_6651_1693810931366 rosrpc://ubuntu:35829
[rosmaster.master][INFO] 2023-09-04 15:02:15,765: publisherUpdate[/rosout] -> http://ubuntu:36087/ ['http://ubuntu:43363/', 'http://ubuntu:38175/']
[rosmaster.master][INFO] 2023-09-04 15:02:15,768: publisherUpdate[/rosout] -> http://ubuntu:36087/ ['http://ubuntu:43363/', 'http://ubuntu:38175/']: sec=0.00, result=[1, '', 0]
[rosmaster.master][INFO] 2023-09-04 15:04:04,320: -PUB [/rosout] /camera/realsense2_camera_manager http://ubuntu:38175/
[rosmaster.master][INFO] 2023-09-04 15:04:04,322: -PUB [/camera/realsense2_camera_manager/bond] /camera/realsense2_camera_manager http://ubuntu:38175/
[rosmaster.master][INFO] 2023-09-04 15:04:04,324: -PUB [/tf_static] /camera/realsense2_camera_manager http://ubuntu:38175/
[rosmaster.master][INFO] 2023-09-04 15:04:04,324: -PUB [/tf] /camera/realsense2_camera_manager http://ubuntu:38175/
[rosmaster.master][INFO] 2023-09-04 15:04:04,325: -PUB [/camera/stereo_module/parameter_descriptions] /camera/realsense2_camera_manager http://ubuntu:38175/
[rosmaster.master][INFO] 2023-09-04 15:04:04,326: -PUB [/camera/stereo_module/parameter_updates] /camera/realsense2_camera_manager http://ubuntu:38175/
[rosmaster.master][INFO] 2023-09-04 15:04:04,327: -PUB [/camera/rgb_camera/parameter_descriptions] /camera/realsense2_camera_manager http://ubuntu:38175/
[rosmaster.master][INFO] 2023-09-04 15:04:04,328: -PUB [/camera/rgb_camera/parameter_updates] /camera/realsense2_camera_manager http://ubuntu:38175/
[rosmaster.master][INFO] 2023-09-04 15:04:04,329: -PUB [/camera/motion_module/parameter_descriptions] /camera/realsense2_camera_manager http://ubuntu:38175/
[rosmaster.master][INFO] 2023-09-04 15:04:04,329: -PUB [/camera/motion_module/parameter_updates] /camera/realsense2_camera_manager http://ubuntu:38175/
[rosmaster.master][INFO] 2023-09-04 15:04:04,330: -PUB [/diagnostics] /camera/realsense2_camera_manager http://ubuntu:38175/
[rosmaster.master][INFO] 2023-09-04 15:04:04,331: -PUB [/camera/depth/image_rect_raw/compressedDepth] /camera/realsense2_camera_manager http://ubuntu:38175/
[rosmaster.master][INFO] 2023-09-04 15:04:04,331: -PUB [/camera/depth/image_rect_raw/compressedDepth/parameter_descriptions] /camera/realsense2_camera_manager http://ubuntu:38175/
[rosmaster.master][INFO] 2023-09-04 15:04:04,333: -PUB [/camera/depth/image_rect_raw/compressedDepth/parameter_updates] /camera/realsense2_camera_manager http://ubuntu:38175/
[rosmaster.master][INFO] 2023-09-04 15:04:04,334: -PUB [/camera/depth/image_rect_raw/compressed] /camera/realsense2_camera_manager http://ubuntu:38175/
[rosmaster.master][INFO] 2023-09-04 15:04:04,335: -PUB [/camera/depth/image_rect_raw/compressed/parameter_descriptions] /camera/realsense2_camera_manager http://ubuntu:38175/
[rosmaster.master][INFO] 2023-09-04 15:04:04,335: -PUB [/camera/depth/image_rect_raw/compressed/parameter_updates] /camera/realsense2_camera_manager http://ubuntu:38175/
[rosmaster.master][INFO] 2023-09-04 15:04:04,336: -PUB [/camera/depth/image_rect_raw] /camera/realsense2_camera_manager http://ubuntu:38175/
[rosmaster.master][INFO] 2023-09-04 15:04:04,336: -PUB [/camera/depth/image_rect_raw/theora] /camera/realsense2_camera_manager http://ubuntu:38175/
[rosmaster.master][INFO] 2023-09-04 15:04:04,337: -PUB [/camera/depth/image_rect_raw/theora/parameter_descriptions] /camera/realsense2_camera_manager http://ubuntu:38175/
[rosmaster.master][INFO] 2023-09-04 15:04:04,337: -PUB [/camera/depth/image_rect_raw/theora/parameter_updates] /camera/realsense2_camera_manager http://ubuntu:38175/
[rosmaster.master][INFO] 2023-09-04 15:04:04,338: -PUB [/camera/depth/camera_info] /camera/realsense2_camera_manager http://ubuntu:38175/
[rosmaster.master][INFO] 2023-09-04 15:04:04,338: -PUB [/camera/depth/metadata] /camera/realsense2_camera_manager http://ubuntu:38175/
[rosmaster.master][INFO] 2023-09-04 15:04:04,339: -PUB [/camera/infra1/image_rect_raw/compressedDepth] /camera/realsense2_camera_manager http://ubuntu:38175/
[rosmaster.master][INFO] 2023-09-04 15:04:04,339: -PUB [/camera/infra1/image_rect_raw/compressedDepth/parameter_descriptions] /camera/realsense2_camera_manager http://ubuntu:38175/
[rosmaster.master][INFO] 2023-09-04 15:04:04,340: -PUB [/camera/infra1/image_rect_raw/compressedDepth/parameter_updates] /camera/realsense2_camera_manager http://ubuntu:38175/
[rosmaster.master][INFO] 2023-09-04 15:04:04,340: -PUB [/camera/infra1/image_rect_raw/compressed] /camera/realsense2_camera_manager http://ubuntu:38175/
[rosmaster.master][INFO] 2023-09-04 15:04:04,341: -PUB [/camera/infra1/image_rect_raw/compressed/parameter_descriptions] /camera/realsense2_camera_manager http://ubuntu:38175/
[rosmaster.master][INFO] 2023-09-04 15:04:04,341: -PUB [/camera/infra1/image_rect_raw/compressed/parameter_updates] /camera/realsense2_camera_manager http://ubuntu:38175/
[rosmaster.master][INFO] 2023-09-04 15:04:04,342: -PUB [/camera/infra1/image_rect_raw] /camera/realsense2_camera_manager http://ubuntu:38175/
[rosmaster.master][INFO] 2023-09-04 15:04:04,342: -PUB [/camera/infra1/image_rect_raw/theora] /camera/realsense2_camera_manager http://ubuntu:38175/
[rosmaster.master][INFO] 2023-09-04 15:04:04,343: -PUB [/camera/infra1/image_rect_raw/theora/parameter_descriptions] /camera/realsense2_camera_manager http://ubuntu:38175/
[rosmaster.master][INFO] 2023-09-04 15:04:04,343: -PUB [/camera/infra1/image_rect_raw/theora/parameter_updates] /camera/realsense2_camera_manager http://ubuntu:38175/
[rosmaster.master][INFO] 2023-09-04 15:04:04,344: -PUB [/camera/infra1/camera_info] /camera/realsense2_camera_manager http://ubuntu:38175/
[rosmaster.master][INFO] 2023-09-04 15:04:04,344: -PUB [/camera/infra1/metadata] /camera/realsense2_camera_manager http://ubuntu:38175/
[rosmaster.master][INFO] 2023-09-04 15:04:04,345: -PUB [/camera/infra2/image_rect_raw/compressedDepth] /camera/realsense2_camera_manager http://ubuntu:38175/
[rosmaster.master][INFO] 2023-09-04 15:04:04,345: -PUB [/camera/infra2/image_rect_raw/compressedDepth/parameter_descriptions] /camera/realsense2_camera_manager http://ubuntu:38175/
[rosmaster.master][INFO] 2023-09-04 15:04:04,346: -PUB [/camera/infra2/image_rect_raw/compressedDepth/parameter_updates] /camera/realsense2_camera_manager http://ubuntu:38175/
[rosmaster.master][INFO] 2023-09-04 15:04:04,346: -PUB [/camera/infra2/image_rect_raw/compressed] /camera/realsense2_camera_manager http://ubuntu:38175/
[rosmaster.master][INFO] 2023-09-04 15:04:04,346: -PUB [/camera/infra2/image_rect_raw/compressed/parameter_descriptions] /camera/realsense2_camera_manager http://ubuntu:38175/
[rosmaster.master][INFO] 2023-09-04 15:04:04,347: -PUB [/camera/infra2/image_rect_raw/compressed/parameter_updates] /camera/realsense2_camera_manager http://ubuntu:38175/
[rosmaster.master][INFO] 2023-09-04 15:04:04,347: -PUB [/camera/infra2/image_rect_raw] /camera/realsense2_camera_manager http://ubuntu:38175/
[rosmaster.master][INFO] 2023-09-04 15:04:04,348: -PUB [/camera/infra2/image_rect_raw/theora] /camera/realsense2_camera_manager http://ubuntu:38175/
[rosmaster.master][INFO] 2023-09-04 15:04:04,349: -PUB [/camera/infra2/image_rect_raw/theora/parameter_descriptions] /camera/realsense2_camera_manager http://ubuntu:38175/
[rosmaster.master][INFO] 2023-09-04 15:04:04,349: -PUB [/camera/infra2/image_rect_raw/theora/parameter_updates] /camera/realsense2_camera_manager http://ubuntu:38175/
[rosmaster.master][INFO] 2023-09-04 15:04:04,350: -PUB [/camera/infra2/camera_info] /camera/realsense2_camera_manager http://ubuntu:38175/
[rosmaster.master][INFO] 2023-09-04 15:04:04,350: -PUB [/camera/infra2/metadata] /camera/realsense2_camera_manager http://ubuntu:38175/
[rosmaster.master][INFO] 2023-09-04 15:04:04,351: -PUB [/camera/color/image_raw/compressedDepth] /camera/realsense2_camera_manager http://ubuntu:38175/
[rosmaster.master][INFO] 2023-09-04 15:04:04,351: -PUB [/camera/color/image_raw/compressedDepth/parameter_descriptions] /camera/realsense2_camera_manager http://ubuntu:38175/
[rosmaster.master][INFO] 2023-09-04 15:04:04,352: -PUB [/camera/color/image_raw/compressedDepth/parameter_updates] /camera/realsense2_camera_manager http://ubuntu:38175/
[rosmaster.master][INFO] 2023-09-04 15:04:04,355: -PUB [/camera/color/image_raw/compressed] /camera/realsense2_camera_manager http://ubuntu:38175/
[rosmaster.master][INFO] 2023-09-04 15:04:04,355: -PUB [/camera/color/image_raw/compressed/parameter_descriptions] /camera/realsense2_camera_manager http://ubuntu:38175/
[rosmaster.master][INFO] 2023-09-04 15:04:04,356: -PUB [/camera/color/image_raw/compressed/parameter_updates] /camera/realsense2_camera_manager http://ubuntu:38175/
[rosmaster.master][INFO] 2023-09-04 15:04:04,357: -PUB [/camera/color/image_raw] /camera/realsense2_camera_manager http://ubuntu:38175/
[rosmaster.master][INFO] 2023-09-04 15:04:04,357: -PUB [/camera/color/image_raw/theora] /camera/realsense2_camera_manager http://ubuntu:38175/
[rosmaster.master][INFO] 2023-09-04 15:04:04,358: -PUB [/camera/color/image_raw/theora/parameter_descriptions] /camera/realsense2_camera_manager http://ubuntu:38175/
[rosmaster.master][INFO] 2023-09-04 15:04:04,358: -PUB [/camera/color/image_raw/theora/parameter_updates] /camera/realsense2_camera_manager http://ubuntu:38175/
[rosmaster.master][INFO] 2023-09-04 15:04:04,359: -PUB [/camera/color/camera_info] /camera/realsense2_camera_manager http://ubuntu:38175/
[rosmaster.master][INFO] 2023-09-04 15:04:04,360: -PUB [/camera/color/metadata] /camera/realsense2_camera_manager http://ubuntu:38175/
[rosmaster.master][INFO] 2023-09-04 15:04:04,361: -PUB [/camera/extrinsics/depth_to_color] /camera/realsense2_camera_manager http://ubuntu:38175/
[rosmaster.master][INFO] 2023-09-04 15:04:04,361: -PUB [/camera/extrinsics/depth_to_infra1] /camera/realsense2_camera_manager http://ubuntu:38175/
[rosmaster.master][INFO] 2023-09-04 15:04:04,362: -PUB [/camera/extrinsics/depth_to_infra2] /camera/realsense2_camera_manager http://ubuntu:38175/
[rosmaster.master][INFO] 2023-09-04 15:04:04,362: -PUB [/camera/stereo_module/auto_exposure_roi/parameter_descriptions] /camera/realsense2_camera_manager http://ubuntu:38175/
[rosmaster.master][INFO] 2023-09-04 15:04:04,363: -PUB [/camera/stereo_module/auto_exposure_roi/parameter_updates] /camera/realsense2_camera_manager http://ubuntu:38175/
[rosmaster.master][INFO] 2023-09-04 15:04:04,363: -PUB [/camera/rgb_camera/auto_exposure_roi/parameter_descriptions] /camera/realsense2_camera_manager http://ubuntu:38175/
[rosmaster.master][INFO] 2023-09-04 15:04:04,364: -PUB [/camera/rgb_camera/auto_exposure_roi/parameter_updates] /camera/realsense2_camera_manager http://ubuntu:38175/
[rosmaster.master][INFO] 2023-09-04 15:04:04,365: -SUB [/camera/realsense2_camera_manager/bond] /camera/realsense2_camera_manager http://ubuntu:38175/
[rosmaster.master][INFO] 2023-09-04 15:04:04,366: -SERVICE [/camera/realsense2_camera_manager/get_loggers] /camera/realsense2_camera_manager rosrpc://ubuntu:39839
[rosmaster.master][INFO] 2023-09-04 15:04:04,367: -SERVICE [/camera/realsense2_camera_manager/set_logger_level] /camera/realsense2_camera_manager rosrpc://ubuntu:39839
[rosmaster.master][INFO] 2023-09-04 15:04:04,367: -SERVICE [/camera/realsense2_camera_manager/load_nodelet] /camera/realsense2_camera_manager rosrpc://ubuntu:39839
[rosmaster.master][INFO] 2023-09-04 15:04:04,368: -SERVICE [/camera/realsense2_camera_manager/unload_nodelet] /camera/realsense2_camera_manager rosrpc://ubuntu:39839
[rosmaster.master][INFO] 2023-09-04 15:04:04,369: publisherUpdate[/rosout] -> http://ubuntu:36087/ ['http://ubuntu:43363/']
[rosmaster.master][INFO] 2023-09-04 15:04:04,369: publisherUpdate[/camera/realsense2_camera_manager/bond] -> http://ubuntu:38175/ ['http://ubuntu:43363/']
[rosmaster.master][INFO] 2023-09-04 15:04:04,371: -SERVICE [/camera/realsense2_camera_manager/list] /camera/realsense2_camera_manager rosrpc://ubuntu:39839
[rosmaster.master][INFO] 2023-09-04 15:04:04,372: -SERVICE [/camera/enable] /camera/realsense2_camera_manager rosrpc://ubuntu:39839
[rosmaster.master][INFO] 2023-09-04 15:04:04,373: -SERVICE [/camera/realsense2_camera/reset] /camera/realsense2_camera_manager rosrpc://ubuntu:39839
[rosmaster.master][INFO] 2023-09-04 15:04:04,373: -SERVICE [/camera/stereo_module/set_parameters] /camera/realsense2_camera_manager rosrpc://ubuntu:39839
[rosmaster.master][INFO] 2023-09-04 15:04:04,374: -SERVICE [/camera/rgb_camera/set_parameters] /camera/realsense2_camera_manager rosrpc://ubuntu:39839
[rosmaster.master][INFO] 2023-09-04 15:04:04,374: -SERVICE [/camera/motion_module/set_parameters] /camera/realsense2_camera_manager rosrpc://ubuntu:39839
[rosmaster.master][INFO] 2023-09-04 15:04:04,375: publisherUpdate[/rosout] -> http://ubuntu:36087/ ['http://ubuntu:43363/']: sec=0.01, result=[1, '', 0]
[rosmaster.master][INFO] 2023-09-04 15:04:04,375: publisherUpdate[/camera/realsense2_camera_manager/bond] -> http://ubuntu:43363/ ['http://ubuntu:43363/']
[rosmaster.master][INFO] 2023-09-04 15:04:04,376: publisherUpdate[/camera/realsense2_camera_manager/bond] -> http://ubuntu:38175/ ['http://ubuntu:43363/']: sec=0.01, exception=<Fault -1: 'publisherUpdate: unknown method name'>
[rosmaster.master][INFO] 2023-09-04 15:04:04,376: -SERVICE [/camera/depth/image_rect_raw/compressedDepth/set_parameters] /camera/realsense2_camera_manager rosrpc://ubuntu:39839
[rosmaster.master][INFO] 2023-09-04 15:04:04,378: publisherUpdate[/camera/realsense2_camera_manager/bond] -> http://ubuntu:43363/ ['http://ubuntu:43363/']: sec=0.00, result=[1, '', 0]
[rosmaster.threadpool][ERROR] 2023-09-04 15:04:04,379: Traceback (most recent call last):
  File "/opt/ros/noetic/lib/python3/dist-packages/rosmaster/threadpool.py", line 218, in run
    result = cmd(*args)
  File "/opt/ros/noetic/lib/python3/dist-packages/rosmaster/master_api.py", line 210, in publisher_update_task
    ret = xmlrpcapi(api).publisherUpdate('/master', topic, pub_uris)
  File "/usr/lib/python3.8/xmlrpc/client.py", line 1109, in __call__
    return self.__send(self.__name, args)
  File "/usr/lib/python3.8/xmlrpc/client.py", line 1450, in __request
    response = self.__transport.request(
  File "/usr/lib/python3.8/xmlrpc/client.py", line 1153, in request
    return self.single_request(host, handler, request_body, verbose)
  File "/usr/lib/python3.8/xmlrpc/client.py", line 1169, in single_request
    return self.parse_response(resp)
  File "/usr/lib/python3.8/xmlrpc/client.py", line 1341, in parse_response
    return u.close()
  File "/usr/lib/python3.8/xmlrpc/client.py", line 655, in close
    raise Fault(**self._stack[0])
xmlrpc.client.Fault: <Fault -1: 'publisherUpdate: unknown method name'>

[rosmaster.master][INFO] 2023-09-04 15:04:04,380: -SERVICE [/camera/depth/image_rect_raw/compressed/set_parameters] /camera/realsense2_camera_manager rosrpc://ubuntu:39839
[rosmaster.master][INFO] 2023-09-04 15:04:04,380: -SERVICE [/camera/depth/image_rect_raw/theora/set_parameters] /camera/realsense2_camera_manager rosrpc://ubuntu:39839
[rosmaster.master][INFO] 2023-09-04 15:04:04,381: -SERVICE [/camera/infra1/image_rect_raw/compressedDepth/set_parameters] /camera/realsense2_camera_manager rosrpc://ubuntu:39839
[rosmaster.master][INFO] 2023-09-04 15:04:04,381: -SERVICE [/camera/infra1/image_rect_raw/compressed/set_parameters] /camera/realsense2_camera_manager rosrpc://ubuntu:39839
[rosmaster.master][INFO] 2023-09-04 15:04:04,382: -SERVICE [/camera/infra1/image_rect_raw/theora/set_parameters] /camera/realsense2_camera_manager rosrpc://ubuntu:39839
[rosmaster.master][INFO] 2023-09-04 15:04:04,383: -SERVICE [/camera/infra2/image_rect_raw/compressedDepth/set_parameters] /camera/realsense2_camera_manager rosrpc://ubuntu:39839
[rosmaster.master][INFO] 2023-09-04 15:04:04,384: -SERVICE [/camera/infra2/image_rect_raw/compressed/set_parameters] /camera/realsense2_camera_manager rosrpc://ubuntu:39839
[rosmaster.master][INFO] 2023-09-04 15:04:04,384: -SERVICE [/camera/infra2/image_rect_raw/theora/set_parameters] /camera/realsense2_camera_manager rosrpc://ubuntu:39839
[rosmaster.master][INFO] 2023-09-04 15:04:04,385: -SERVICE [/camera/color/image_raw/compressedDepth/set_parameters] /camera/realsense2_camera_manager rosrpc://ubuntu:39839
[rosmaster.master][INFO] 2023-09-04 15:04:04,385: -SERVICE [/camera/color/image_raw/compressed/set_parameters] /camera/realsense2_camera_manager rosrpc://ubuntu:39839
[rosmaster.master][INFO] 2023-09-04 15:04:04,386: -SERVICE [/camera/color/image_raw/theora/set_parameters] /camera/realsense2_camera_manager rosrpc://ubuntu:39839
[rosmaster.master][INFO] 2023-09-04 15:04:04,386: -SERVICE [/camera/stereo_module/auto_exposure_roi/set_parameters] /camera/realsense2_camera_manager rosrpc://ubuntu:39839
[rosmaster.master][INFO] 2023-09-04 15:04:04,387: -SERVICE [/camera/rgb_camera/auto_exposure_roi/set_parameters] /camera/realsense2_camera_manager rosrpc://ubuntu:39839
[rosmaster.master][INFO] 2023-09-04 15:04:04,388: -SERVICE [/camera/realsense2_camera/device_info] /camera/realsense2_camera_manager rosrpc://ubuntu:39839
[rosmaster.master][INFO] 2023-09-04 15:04:04,389: -CACHEDPARAM [/camera/realsense2_camera_manager/diagnostic_period] by /camera/realsense2_camera_manager
[rosmaster.master][INFO] 2023-09-04 15:04:04,390: -CACHEDPARAM [/rosout_disable_topics_generation] by /camera/realsense2_camera_manager
[rosmaster.master][INFO] 2023-09-04 15:04:04,479: -PUB [/rosout] /camera/realsense2_camera http://ubuntu:43363/
[rosmaster.master][INFO] 2023-09-04 15:04:04,480: publisherUpdate[/rosout] -> http://ubuntu:36087/ []
[rosmaster.master][INFO] 2023-09-04 15:04:04,482: -PUB [/camera/realsense2_camera_manager/bond] /camera/realsense2_camera http://ubuntu:43363/
[rosmaster.master][INFO] 2023-09-04 15:04:04,482: publisherUpdate[/rosout] -> http://ubuntu:36087/ []: sec=0.00, result=[1, '', 0]
[rosmaster.master][INFO] 2023-09-04 15:04:04,483: publisherUpdate[/camera/realsense2_camera_manager/bond] -> http://ubuntu:43363/ []
[rosmaster.master][INFO] 2023-09-04 15:04:04,483: -SUB [/camera/realsense2_camera_manager/bond] /camera/realsense2_camera http://ubuntu:43363/
[rosmaster.master][INFO] 2023-09-04 15:04:04,485: -SERVICE [/camera/realsense2_camera/get_loggers] /camera/realsense2_camera rosrpc://ubuntu:45221
[rosmaster.master][INFO] 2023-09-04 15:04:04,485: -SERVICE [/camera/realsense2_camera/set_logger_level] /camera/realsense2_camera rosrpc://ubuntu:45221
[rosmaster.master][INFO] 2023-09-04 15:04:04,486: -CACHEDPARAM [/rosout_disable_topics_generation] by /camera/realsense2_camera
[rosmaster.master][INFO] 2023-09-04 15:04:04,489: publisherUpdate[/camera/realsense2_camera_manager/bond] -> http://ubuntu:43363/ []: sec=0.01, exception=[Errno 111] Connection refused
[rosmaster.threadpool][ERROR] 2023-09-04 15:04:04,491: Traceback (most recent call last):
  File "/opt/ros/noetic/lib/python3/dist-packages/rosmaster/threadpool.py", line 218, in run
    result = cmd(*args)
  File "/opt/ros/noetic/lib/python3/dist-packages/rosmaster/master_api.py", line 210, in publisher_update_task
    ret = xmlrpcapi(api).publisherUpdate('/master', topic, pub_uris)
  File "/usr/lib/python3.8/xmlrpc/client.py", line 1109, in __call__
    return self.__send(self.__name, args)
  File "/usr/lib/python3.8/xmlrpc/client.py", line 1450, in __request
    response = self.__transport.request(
  File "/usr/lib/python3.8/xmlrpc/client.py", line 1153, in request
    return self.single_request(host, handler, request_body, verbose)
  File "/usr/lib/python3.8/xmlrpc/client.py", line 1165, in single_request
    http_conn = self.send_request(host, handler, request_body, verbose)
  File "/usr/lib/python3.8/xmlrpc/client.py", line 1278, in send_request
    self.send_content(connection, request_body)
  File "/usr/lib/python3.8/xmlrpc/client.py", line 1308, in send_content
    connection.endheaders(request_body)
  File "/usr/lib/python3.8/http/client.py", line 1251, in endheaders
    self._send_output(message_body, encode_chunked=encode_chunked)
  File "/usr/lib/python3.8/http/client.py", line 1011, in _send_output
    self.send(msg)
  File "/usr/lib/python3.8/http/client.py", line 951, in send
    self.connect()
  File "/usr/lib/python3.8/http/client.py", line 922, in connect
    self.sock = self._create_connection(
  File "/usr/lib/python3.8/socket.py", line 808, in create_connection
    raise err
  File "/usr/lib/python3.8/socket.py", line 796, in create_connection
    sock.connect(sa)
ConnectionRefusedError: [Errno 111] Connection refused

[rosmaster.master][INFO] 2023-09-04 15:04:04,883: -PUB [/rosout_agg] /rosout http://ubuntu:36087/
[rosmaster.master][INFO] 2023-09-04 15:04:04,884: -SUB [/rosout] /rosout http://ubuntu:36087/
[rosmaster.master][INFO] 2023-09-04 15:04:04,885: -SERVICE [/rosout/get_loggers] /rosout rosrpc://ubuntu:57063
[rosmaster.master][INFO] 2023-09-04 15:04:04,886: -SERVICE [/rosout/set_logger_level] /rosout rosrpc://ubuntu:57063
[rosmaster.master][INFO] 2023-09-04 15:04:04,887: -CACHEDPARAM [/rosout/omit_topics] by /rosout
[rosmaster.main][INFO] 2023-09-04 15:04:04,976: keyboard interrupt, will exit
[rosmaster.main][INFO] 2023-09-04 15:04:04,977: stopping master...
[rospy.core][INFO] 2023-09-04 15:04:04,977: signal_shutdown [atexit]
