[rosmaster.main][INFO] 1970-01-01 12:32:19,896: initialization complete, waiting for shutdown
[rosmaster.main][INFO] 1970-01-01 12:32:19,896: Starting ROS Master Node
[xmlrpc][INFO] 1970-01-01 12:32:19,897: XML-RPC server binding to 0.0.0.0:11311
[xmlrpc][INFO] 1970-01-01 12:32:19,898: Started XML-RPC server [http://ubuntu:11311/]
[rosmaster.master][INFO] 1970-01-01 12:32:19,898: Master initialized: port[11311], uri[http://ubuntu:11311/]
[xmlrpc][INFO] 1970-01-01 12:32:19,898: xml rpc node: starting XML-RPC server
[rosmaster.master][INFO] 1970-01-01 12:32:20,004: +PARAM [/run_id] by /roslaunch
[rosmaster.master][INFO] 1970-01-01 12:32:20,006: +PARAM [/roslaunch/uris/host_ubuntu__43815] by /roslaunch
[rosmaster.master][INFO] 1970-01-01 12:32:20,127: +PARAM [/rosversion] by /roslaunch
[rosmaster.master][INFO] 1970-01-01 12:32:20,128: +PARAM [/rosdistro] by /roslaunch
[rosmaster.master][INFO] 1970-01-01 12:32:20,178: +SERVICE [/rosout/get_loggers] /rosout http://ubuntu:38801/
[rosmaster.master][INFO] 1970-01-01 12:32:20,179: +SERVICE [/rosout/set_logger_level] /rosout http://ubuntu:38801/
[rosmaster.master][INFO] 1970-01-01 12:32:20,181: +PUB [/rosout_agg] /rosout http://ubuntu:38801/
[rosmaster.master][INFO] 1970-01-01 12:32:20,186: +SUB [/rosout] /rosout http://ubuntu:38801/
[rosmaster.master][INFO] 1970-01-01 12:33:06,805: +PARAM [/roslaunch/uris/host_ubuntu__34865] by /roslaunch
[rosmaster.master][INFO] 1970-01-01 12:33:06,813: +PARAM [/rosversion] by /roslaunch
[rosmaster.master][INFO] 1970-01-01 12:33:06,813: +PARAM [/rosdistro] by /roslaunch
[rosmaster.master][INFO] 1970-01-01 12:33:06,813: +PARAM [/camera/realsense2_camera/serial_no] by /roslaunch
[rosmaster.master][INFO] 1970-01-01 12:33:06,813: +PARAM [/camera/realsense2_camera/usb_port_id] by /roslaunch
[rosmaster.master][INFO] 1970-01-01 12:33:06,813: +PARAM [/camera/realsense2_camera/device_type] by /roslaunch
[rosmaster.master][INFO] 1970-01-01 12:33:06,813: +PARAM [/camera/realsense2_camera/json_file_path] by /roslaunch
[rosmaster.master][INFO] 1970-01-01 12:33:06,813: +PARAM [/camera/realsense2_camera/rosbag_filename] by /roslaunch
[rosmaster.master][INFO] 1970-01-01 12:33:06,813: +PARAM [/camera/realsense2_camera/enable_pointcloud] by /roslaunch
[rosmaster.master][INFO] 1970-01-01 12:33:06,814: +PARAM [/camera/realsense2_camera/pointcloud_texture_stream] by /roslaunch
[rosmaster.master][INFO] 1970-01-01 12:33:06,814: +PARAM [/camera/realsense2_camera/pointcloud_texture_index] by /roslaunch
[rosmaster.master][INFO] 1970-01-01 12:33:06,814: +PARAM [/camera/realsense2_camera/allow_no_texture_points] by /roslaunch
[rosmaster.master][INFO] 1970-01-01 12:33:06,814: +PARAM [/camera/realsense2_camera/ordered_pc] by /roslaunch
[rosmaster.master][INFO] 1970-01-01 12:33:06,814: +PARAM [/camera/realsense2_camera/enable_sync] by /roslaunch
[rosmaster.master][INFO] 1970-01-01 12:33:06,814: +PARAM [/camera/realsense2_camera/align_depth] by /roslaunch
[rosmaster.master][INFO] 1970-01-01 12:33:06,814: +PARAM [/camera/realsense2_camera/fisheye_width] by /roslaunch
[rosmaster.master][INFO] 1970-01-01 12:33:06,814: +PARAM [/camera/realsense2_camera/fisheye_height] by /roslaunch
[rosmaster.master][INFO] 1970-01-01 12:33:06,814: +PARAM [/camera/realsense2_camera/enable_fisheye] by /roslaunch
[rosmaster.master][INFO] 1970-01-01 12:33:06,814: +PARAM [/camera/realsense2_camera/enable_fisheye1] by /roslaunch
[rosmaster.master][INFO] 1970-01-01 12:33:06,814: +PARAM [/camera/realsense2_camera/enable_fisheye2] by /roslaunch
[rosmaster.master][INFO] 1970-01-01 12:33:06,815: +PARAM [/camera/realsense2_camera/depth_width] by /roslaunch
[rosmaster.master][INFO] 1970-01-01 12:33:06,815: +PARAM [/camera/realsense2_camera/depth_height] by /roslaunch
[rosmaster.master][INFO] 1970-01-01 12:33:06,815: +PARAM [/camera/realsense2_camera/enable_depth] by /roslaunch
[rosmaster.master][INFO] 1970-01-01 12:33:06,815: +PARAM [/camera/realsense2_camera/confidence_width] by /roslaunch
[rosmaster.master][INFO] 1970-01-01 12:33:06,815: +PARAM [/camera/realsense2_camera/confidence_height] by /roslaunch
[rosmaster.master][INFO] 1970-01-01 12:33:06,815: +PARAM [/camera/realsense2_camera/enable_confidence] by /roslaunch
[rosmaster.master][INFO] 1970-01-01 12:33:06,815: +PARAM [/camera/realsense2_camera/confidence_fps] by /roslaunch
[rosmaster.master][INFO] 1970-01-01 12:33:06,815: +PARAM [/camera/realsense2_camera/color_width] by /roslaunch
[rosmaster.master][INFO] 1970-01-01 12:33:06,815: +PARAM [/camera/realsense2_camera/color_height] by /roslaunch
[rosmaster.master][INFO] 1970-01-01 12:33:06,815: +PARAM [/camera/realsense2_camera/enable_color] by /roslaunch
[rosmaster.master][INFO] 1970-01-01 12:33:06,815: +PARAM [/camera/realsense2_camera/infra_width] by /roslaunch
[rosmaster.master][INFO] 1970-01-01 12:33:06,815: +PARAM [/camera/realsense2_camera/infra_height] by /roslaunch
[rosmaster.master][INFO] 1970-01-01 12:33:06,816: +PARAM [/camera/realsense2_camera/enable_infra] by /roslaunch
[rosmaster.master][INFO] 1970-01-01 12:33:06,816: +PARAM [/camera/realsense2_camera/enable_infra1] by /roslaunch
[rosmaster.master][INFO] 1970-01-01 12:33:06,816: +PARAM [/camera/realsense2_camera/enable_infra2] by /roslaunch
[rosmaster.master][INFO] 1970-01-01 12:33:06,816: +PARAM [/camera/realsense2_camera/infra_rgb] by /roslaunch
[rosmaster.master][INFO] 1970-01-01 12:33:06,816: +PARAM [/camera/realsense2_camera/fisheye_fps] by /roslaunch
[rosmaster.master][INFO] 1970-01-01 12:33:06,816: +PARAM [/camera/realsense2_camera/depth_fps] by /roslaunch
[rosmaster.master][INFO] 1970-01-01 12:33:06,816: +PARAM [/camera/realsense2_camera/infra_fps] by /roslaunch
[rosmaster.master][INFO] 1970-01-01 12:33:06,816: +PARAM [/camera/realsense2_camera/color_fps] by /roslaunch
[rosmaster.master][INFO] 1970-01-01 12:33:06,816: +PARAM [/camera/realsense2_camera/gyro_fps] by /roslaunch
[rosmaster.master][INFO] 1970-01-01 12:33:06,816: +PARAM [/camera/realsense2_camera/accel_fps] by /roslaunch
[rosmaster.master][INFO] 1970-01-01 12:33:06,816: +PARAM [/camera/realsense2_camera/enable_gyro] by /roslaunch
[rosmaster.master][INFO] 1970-01-01 12:33:06,816: +PARAM [/camera/realsense2_camera/enable_accel] by /roslaunch
[rosmaster.master][INFO] 1970-01-01 12:33:06,817: +PARAM [/camera/realsense2_camera/enable_pose] by /roslaunch
[rosmaster.master][INFO] 1970-01-01 12:33:06,817: +PARAM [/camera/realsense2_camera/base_frame_id] by /roslaunch
[rosmaster.master][INFO] 1970-01-01 12:33:06,817: +PARAM [/camera/realsense2_camera/depth_frame_id] by /roslaunch
[rosmaster.master][INFO] 1970-01-01 12:33:06,817: +PARAM [/camera/realsense2_camera/infra1_frame_id] by /roslaunch
[rosmaster.master][INFO] 1970-01-01 12:33:06,817: +PARAM [/camera/realsense2_camera/infra2_frame_id] by /roslaunch
[rosmaster.master][INFO] 1970-01-01 12:33:06,817: +PARAM [/camera/realsense2_camera/color_frame_id] by /roslaunch
[rosmaster.master][INFO] 1970-01-01 12:33:06,817: +PARAM [/camera/realsense2_camera/fisheye_frame_id] by /roslaunch
[rosmaster.master][INFO] 1970-01-01 12:33:06,817: +PARAM [/camera/realsense2_camera/fisheye1_frame_id] by /roslaunch
[rosmaster.master][INFO] 1970-01-01 12:33:06,817: +PARAM [/camera/realsense2_camera/fisheye2_frame_id] by /roslaunch
[rosmaster.master][INFO] 1970-01-01 12:33:06,817: +PARAM [/camera/realsense2_camera/accel_frame_id] by /roslaunch
[rosmaster.master][INFO] 1970-01-01 12:33:06,817: +PARAM [/camera/realsense2_camera/gyro_frame_id] by /roslaunch
[rosmaster.master][INFO] 1970-01-01 12:33:06,817: +PARAM [/camera/realsense2_camera/pose_frame_id] by /roslaunch
[rosmaster.master][INFO] 1970-01-01 12:33:06,817: +PARAM [/camera/realsense2_camera/depth_optical_frame_id] by /roslaunch
[rosmaster.master][INFO] 1970-01-01 12:33:06,818: +PARAM [/camera/realsense2_camera/infra1_optical_frame_id] by /roslaunch
[rosmaster.master][INFO] 1970-01-01 12:33:06,818: +PARAM [/camera/realsense2_camera/infra2_optical_frame_id] by /roslaunch
[rosmaster.master][INFO] 1970-01-01 12:33:06,818: +PARAM [/camera/realsense2_camera/color_optical_frame_id] by /roslaunch
[rosmaster.master][INFO] 1970-01-01 12:33:06,818: +PARAM [/camera/realsense2_camera/fisheye_optical_frame_id] by /roslaunch
[rosmaster.master][INFO] 1970-01-01 12:33:06,818: +PARAM [/camera/realsense2_camera/fisheye1_optical_frame_id] by /roslaunch
[rosmaster.master][INFO] 1970-01-01 12:33:06,818: +PARAM [/camera/realsense2_camera/fisheye2_optical_frame_id] by /roslaunch
[rosmaster.master][INFO] 1970-01-01 12:33:06,818: +PARAM [/camera/realsense2_camera/accel_optical_frame_id] by /roslaunch
[rosmaster.master][INFO] 1970-01-01 12:33:06,818: +PARAM [/camera/realsense2_camera/gyro_optical_frame_id] by /roslaunch
[rosmaster.master][INFO] 1970-01-01 12:33:06,818: +PARAM [/camera/realsense2_camera/imu_optical_frame_id] by /roslaunch
[rosmaster.master][INFO] 1970-01-01 12:33:06,818: +PARAM [/camera/realsense2_camera/pose_optical_frame_id] by /roslaunch
[rosmaster.master][INFO] 1970-01-01 12:33:06,818: +PARAM [/camera/realsense2_camera/aligned_depth_to_color_frame_id] by /roslaunch
[rosmaster.master][INFO] 1970-01-01 12:33:06,818: +PARAM [/camera/realsense2_camera/aligned_depth_to_infra1_frame_id] by /roslaunch
[rosmaster.master][INFO] 1970-01-01 12:33:06,819: +PARAM [/camera/realsense2_camera/aligned_depth_to_infra2_frame_id] by /roslaunch
[rosmaster.master][INFO] 1970-01-01 12:33:06,819: +PARAM [/camera/realsense2_camera/aligned_depth_to_fisheye_frame_id] by /roslaunch
[rosmaster.master][INFO] 1970-01-01 12:33:06,819: +PARAM [/camera/realsense2_camera/aligned_depth_to_fisheye1_frame_id] by /roslaunch
[rosmaster.master][INFO] 1970-01-01 12:33:06,819: +PARAM [/camera/realsense2_camera/aligned_depth_to_fisheye2_frame_id] by /roslaunch
[rosmaster.master][INFO] 1970-01-01 12:33:06,819: +PARAM [/camera/realsense2_camera/publish_tf] by /roslaunch
[rosmaster.master][INFO] 1970-01-01 12:33:06,819: +PARAM [/camera/realsense2_camera/tf_publish_rate] by /roslaunch
[rosmaster.master][INFO] 1970-01-01 12:33:06,819: +PARAM [/camera/realsense2_camera/odom_frame_id] by /roslaunch
[rosmaster.master][INFO] 1970-01-01 12:33:06,819: +PARAM [/camera/realsense2_camera/topic_odom_in] by /roslaunch
[rosmaster.master][INFO] 1970-01-01 12:33:06,819: +PARAM [/camera/realsense2_camera/calib_odom_file] by /roslaunch
[rosmaster.master][INFO] 1970-01-01 12:33:06,819: +PARAM [/camera/realsense2_camera/publish_odom_tf] by /roslaunch
[rosmaster.master][INFO] 1970-01-01 12:33:06,819: +PARAM [/camera/realsense2_camera/stereo_module/exposure/1] by /roslaunch
[rosmaster.master][INFO] 1970-01-01 12:33:06,819: +PARAM [/camera/realsense2_camera/stereo_module/gain/1] by /roslaunch
[rosmaster.master][INFO] 1970-01-01 12:33:06,820: +PARAM [/camera/realsense2_camera/stereo_module/exposure/2] by /roslaunch
[rosmaster.master][INFO] 1970-01-01 12:33:06,820: +PARAM [/camera/realsense2_camera/stereo_module/gain/2] by /roslaunch
[rosmaster.master][INFO] 1970-01-01 12:33:06,820: +PARAM [/camera/realsense2_camera/filters] by /roslaunch
[rosmaster.master][INFO] 1970-01-01 12:33:06,820: +PARAM [/camera/realsense2_camera/clip_distance] by /roslaunch
[rosmaster.master][INFO] 1970-01-01 12:33:06,820: +PARAM [/camera/realsense2_camera/linear_accel_cov] by /roslaunch
[rosmaster.master][INFO] 1970-01-01 12:33:06,820: +PARAM [/camera/realsense2_camera/initial_reset] by /roslaunch
[rosmaster.master][INFO] 1970-01-01 12:33:06,820: +PARAM [/camera/realsense2_camera/reconnect_timeout] by /roslaunch
[rosmaster.master][INFO] 1970-01-01 12:33:06,820: +PARAM [/camera/realsense2_camera/wait_for_device_timeout] by /roslaunch
[rosmaster.master][INFO] 1970-01-01 12:33:06,820: +PARAM [/camera/realsense2_camera/unite_imu_method] by /roslaunch
[rosmaster.master][INFO] 1970-01-01 12:33:06,905: +PUB [/rosout] /camera/realsense2_camera http://ubuntu:35293/
[rosmaster.master][INFO] 1970-01-01 12:33:06,906: +SERVICE [/camera/realsense2_camera/get_loggers] /camera/realsense2_camera http://ubuntu:35293/
[rosmaster.master][INFO] 1970-01-01 12:33:06,907: +SERVICE [/camera/realsense2_camera/set_logger_level] /camera/realsense2_camera http://ubuntu:35293/
[rosmaster.master][INFO] 1970-01-01 12:33:06,909: +CACHEDPARAM [/rosout_disable_topics_generation] by /camera/realsense2_camera
[rosmaster.master][INFO] 1970-01-01 12:33:06,912: +PARAM [/camera/realsense2_camera] by /camera/realsense2_camera
[rosmaster.master][INFO] 1970-01-01 12:33:06,938: +PUB [/rosout] /camera/realsense2_camera_manager http://ubuntu:35497/
[rosmaster.master][INFO] 1970-01-01 12:33:06,939: +SERVICE [/camera/realsense2_camera_manager/get_loggers] /camera/realsense2_camera_manager http://ubuntu:35497/
[rosmaster.master][INFO] 1970-01-01 12:33:06,939: +SERVICE [/camera/realsense2_camera_manager/set_logger_level] /camera/realsense2_camera_manager http://ubuntu:35497/
[rosmaster.master][INFO] 1970-01-01 12:33:06,941: +CACHEDPARAM [/rosout_disable_topics_generation] by /camera/realsense2_camera_manager
[rosmaster.master][INFO] 1970-01-01 12:33:06,942: +SERVICE [/camera/realsense2_camera_manager/load_nodelet] /camera/realsense2_camera_manager http://ubuntu:35497/
[rosmaster.master][INFO] 1970-01-01 12:33:06,943: +SERVICE [/camera/realsense2_camera_manager/unload_nodelet] /camera/realsense2_camera_manager http://ubuntu:35497/
[rosmaster.master][INFO] 1970-01-01 12:33:06,943: +SERVICE [/camera/realsense2_camera_manager/list] /camera/realsense2_camera_manager http://ubuntu:35497/
[rosmaster.master][INFO] 1970-01-01 12:33:06,968: publisherUpdate[/rosout] -> http://ubuntu:38801/ ['http://ubuntu:35293/']
[rosmaster.master][INFO] 1970-01-01 12:33:06,973: publisherUpdate[/rosout] -> http://ubuntu:38801/ ['http://ubuntu:35293/']: sec=0.00, result=[1, '', 0]
[rosmaster.master][INFO] 1970-01-01 12:33:06,974: publisherUpdate[/rosout] -> http://ubuntu:38801/ ['http://ubuntu:35293/', 'http://ubuntu:35497/']
[rosmaster.master][INFO] 1970-01-01 12:33:06,975: publisherUpdate[/rosout] -> http://ubuntu:38801/ ['http://ubuntu:35293/', 'http://ubuntu:35497/']: sec=0.00, result=[1, '', 0]
[rosmaster.master][INFO] 1970-01-01 12:33:07,210: +CACHEDPARAM [/rosout/omit_topics] by /rosout
[rosmaster.master][INFO] 1970-01-01 12:33:07,211: +PUB [/camera/realsense2_camera_manager/bond] /camera/realsense2_camera_manager http://ubuntu:35497/
[rosmaster.master][INFO] 1970-01-01 12:33:07,214: +SUB [/camera/realsense2_camera_manager/bond] /camera/realsense2_camera_manager http://ubuntu:35497/
[rosmaster.master][INFO] 1970-01-01 12:33:07,227: +SERVICE [/camera/enable] /camera/realsense2_camera_manager http://ubuntu:35497/
[rosmaster.master][INFO] 1970-01-01 12:33:07,230: +SERVICE [/camera/realsense2_camera/reset] /camera/realsense2_camera_manager http://ubuntu:35497/
[rosmaster.master][INFO] 1970-01-01 12:33:07,278: +PUB [/camera/realsense2_camera_manager/bond] /camera/realsense2_camera http://ubuntu:35293/
[rosmaster.master][INFO] 1970-01-01 12:33:07,281: +SUB [/camera/realsense2_camera_manager/bond] /camera/realsense2_camera http://ubuntu:35293/
[rosmaster.master][INFO] 1970-01-01 12:33:07,369: publisherUpdate[/camera/realsense2_camera_manager/bond] -> http://ubuntu:35497/ ['http://ubuntu:35497/', 'http://ubuntu:35293/']
[rosmaster.master][INFO] 1970-01-01 12:33:07,371: publisherUpdate[/camera/realsense2_camera_manager/bond] -> http://ubuntu:35497/ ['http://ubuntu:35497/', 'http://ubuntu:35293/']: sec=0.00, result=[1, '', 0]
[rosmaster.master][INFO] 1970-01-01 12:33:07,486: +PUB [/tf_static] /camera/realsense2_camera_manager http://ubuntu:35497/
[rosmaster.master][INFO] 1970-01-01 12:33:07,488: +PUB [/tf] /camera/realsense2_camera_manager http://ubuntu:35497/
[rosmaster.master][INFO] 1970-01-01 12:33:11,031: +PUB [/camera/stereo_module/parameter_descriptions] /camera/realsense2_camera_manager http://ubuntu:35497/
[rosmaster.master][INFO] 1970-01-01 12:33:11,033: +PUB [/camera/stereo_module/parameter_updates] /camera/realsense2_camera_manager http://ubuntu:35497/
[rosmaster.master][INFO] 1970-01-01 12:33:11,034: +SERVICE [/camera/stereo_module/set_parameters] /camera/realsense2_camera_manager http://ubuntu:35497/
[rosmaster.master][INFO] 1970-01-01 12:33:12,635: +PUB [/camera/rgb_camera/parameter_descriptions] /camera/realsense2_camera_manager http://ubuntu:35497/
[rosmaster.master][INFO] 1970-01-01 12:33:12,636: +PUB [/camera/rgb_camera/parameter_updates] /camera/realsense2_camera_manager http://ubuntu:35497/
[rosmaster.master][INFO] 1970-01-01 12:33:12,640: +SERVICE [/camera/rgb_camera/set_parameters] /camera/realsense2_camera_manager http://ubuntu:35497/
[rosmaster.master][INFO] 1970-01-01 12:33:12,650: +PUB [/diagnostics] /camera/realsense2_camera_manager http://ubuntu:35497/
[rosmaster.master][INFO] 1970-01-01 12:33:12,651: +CACHEDPARAM [/camera/realsense2_camera_manager/diagnostic_period] by /camera/realsense2_camera_manager
[rosmaster.master][INFO] 1970-01-01 12:33:12,665: +PUB [/camera/depth/image_rect_raw/compressedDepth] /camera/realsense2_camera_manager http://ubuntu:35497/
[rosmaster.master][INFO] 1970-01-01 12:33:12,667: +SERVICE [/camera/depth/image_rect_raw/compressedDepth/set_parameters] /camera/realsense2_camera_manager http://ubuntu:35497/
[rosmaster.master][INFO] 1970-01-01 12:33:12,668: +PUB [/camera/depth/image_rect_raw/compressedDepth/parameter_descriptions] /camera/realsense2_camera_manager http://ubuntu:35497/
[rosmaster.master][INFO] 1970-01-01 12:33:12,669: +PUB [/camera/depth/image_rect_raw/compressedDepth/parameter_updates] /camera/realsense2_camera_manager http://ubuntu:35497/
[rosmaster.master][INFO] 1970-01-01 12:33:12,682: +PARAM [/camera/depth/image_rect_raw/compressedDepth/format] by /camera/realsense2_camera_manager
[rosmaster.master][INFO] 1970-01-01 12:33:12,682: +PARAM [/camera/depth/image_rect_raw/compressedDepth/depth_max] by /camera/realsense2_camera_manager
[rosmaster.master][INFO] 1970-01-01 12:33:12,683: +PARAM [/camera/depth/image_rect_raw/compressedDepth/depth_quantization] by /camera/realsense2_camera_manager
[rosmaster.master][INFO] 1970-01-01 12:33:12,685: +PARAM [/camera/depth/image_rect_raw/compressedDepth/png_level] by /camera/realsense2_camera_manager
[rosmaster.master][INFO] 1970-01-01 12:33:12,686: +PARAM [/camera/depth/image_rect_raw/compressedDepth/format] by /camera/realsense2_camera_manager
[rosmaster.master][INFO] 1970-01-01 12:33:12,687: +PARAM [/camera/depth/image_rect_raw/compressedDepth/depth_max] by /camera/realsense2_camera_manager
[rosmaster.master][INFO] 1970-01-01 12:33:12,688: +PARAM [/camera/depth/image_rect_raw/compressedDepth/depth_quantization] by /camera/realsense2_camera_manager
[rosmaster.master][INFO] 1970-01-01 12:33:12,688: +PARAM [/camera/depth/image_rect_raw/compressedDepth/png_level] by /camera/realsense2_camera_manager
[rosmaster.master][INFO] 1970-01-01 12:33:12,694: +PUB [/camera/depth/image_rect_raw/compressed] /camera/realsense2_camera_manager http://ubuntu:35497/
[rosmaster.master][INFO] 1970-01-01 12:33:12,695: +SERVICE [/camera/depth/image_rect_raw/compressed/set_parameters] /camera/realsense2_camera_manager http://ubuntu:35497/
[rosmaster.master][INFO] 1970-01-01 12:33:12,697: +PUB [/camera/depth/image_rect_raw/compressed/parameter_descriptions] /camera/realsense2_camera_manager http://ubuntu:35497/
[rosmaster.master][INFO] 1970-01-01 12:33:12,697: +PUB [/camera/depth/image_rect_raw/compressed/parameter_updates] /camera/realsense2_camera_manager http://ubuntu:35497/
[rosmaster.master][INFO] 1970-01-01 12:33:12,705: +PARAM [/camera/depth/image_rect_raw/compressed/format] by /camera/realsense2_camera_manager
[rosmaster.master][INFO] 1970-01-01 12:33:12,708: +PARAM [/camera/depth/image_rect_raw/compressed/jpeg_quality] by /camera/realsense2_camera_manager
[rosmaster.master][INFO] 1970-01-01 12:33:12,709: +PARAM [/camera/depth/image_rect_raw/compressed/jpeg_progressive] by /camera/realsense2_camera_manager
[rosmaster.master][INFO] 1970-01-01 12:33:12,709: +PARAM [/camera/depth/image_rect_raw/compressed/jpeg_optimize] by /camera/realsense2_camera_manager
[rosmaster.master][INFO] 1970-01-01 12:33:12,710: +PARAM [/camera/depth/image_rect_raw/compressed/jpeg_restart_interval] by /camera/realsense2_camera_manager
[rosmaster.master][INFO] 1970-01-01 12:33:12,710: +PARAM [/camera/depth/image_rect_raw/compressed/png_level] by /camera/realsense2_camera_manager
[rosmaster.master][INFO] 1970-01-01 12:33:12,713: +PARAM [/camera/depth/image_rect_raw/compressed/format] by /camera/realsense2_camera_manager
[rosmaster.master][INFO] 1970-01-01 12:33:12,714: +PARAM [/camera/depth/image_rect_raw/compressed/jpeg_quality] by /camera/realsense2_camera_manager
[rosmaster.master][INFO] 1970-01-01 12:33:12,715: +PARAM [/camera/depth/image_rect_raw/compressed/jpeg_progressive] by /camera/realsense2_camera_manager
[rosmaster.master][INFO] 1970-01-01 12:33:12,717: +PARAM [/camera/depth/image_rect_raw/compressed/jpeg_optimize] by /camera/realsense2_camera_manager
[rosmaster.master][INFO] 1970-01-01 12:33:12,718: +PARAM [/camera/depth/image_rect_raw/compressed/jpeg_restart_interval] by /camera/realsense2_camera_manager
[rosmaster.master][INFO] 1970-01-01 12:33:12,719: +PARAM [/camera/depth/image_rect_raw/compressed/png_level] by /camera/realsense2_camera_manager
[rosmaster.master][INFO] 1970-01-01 12:33:12,723: +PUB [/camera/depth/image_rect_raw] /camera/realsense2_camera_manager http://ubuntu:35497/
[rosmaster.master][INFO] 1970-01-01 12:33:12,733: +PUB [/camera/depth/image_rect_raw/theora] /camera/realsense2_camera_manager http://ubuntu:35497/
[rosmaster.master][INFO] 1970-01-01 12:33:12,734: +SERVICE [/camera/depth/image_rect_raw/theora/set_parameters] /camera/realsense2_camera_manager http://ubuntu:35497/
[rosmaster.master][INFO] 1970-01-01 12:33:12,734: +PUB [/camera/depth/image_rect_raw/theora/parameter_descriptions] /camera/realsense2_camera_manager http://ubuntu:35497/
[rosmaster.master][INFO] 1970-01-01 12:33:12,735: +PUB [/camera/depth/image_rect_raw/theora/parameter_updates] /camera/realsense2_camera_manager http://ubuntu:35497/
[rosmaster.master][INFO] 1970-01-01 12:33:12,738: +PARAM [/camera/depth/image_rect_raw/theora/optimize_for] by /camera/realsense2_camera_manager
[rosmaster.master][INFO] 1970-01-01 12:33:12,738: +PARAM [/camera/depth/image_rect_raw/theora/target_bitrate] by /camera/realsense2_camera_manager
[rosmaster.master][INFO] 1970-01-01 12:33:12,739: +PARAM [/camera/depth/image_rect_raw/theora/quality] by /camera/realsense2_camera_manager
[rosmaster.master][INFO] 1970-01-01 12:33:12,739: +PARAM [/camera/depth/image_rect_raw/theora/keyframe_frequency] by /camera/realsense2_camera_manager
[rosmaster.master][INFO] 1970-01-01 12:33:12,740: +PARAM [/camera/depth/image_rect_raw/theora/optimize_for] by /camera/realsense2_camera_manager
[rosmaster.master][INFO] 1970-01-01 12:33:12,741: +PARAM [/camera/depth/image_rect_raw/theora/target_bitrate] by /camera/realsense2_camera_manager
[rosmaster.master][INFO] 1970-01-01 12:33:12,741: +PARAM [/camera/depth/image_rect_raw/theora/quality] by /camera/realsense2_camera_manager
[rosmaster.master][INFO] 1970-01-01 12:33:12,742: +PARAM [/camera/depth/image_rect_raw/theora/keyframe_frequency] by /camera/realsense2_camera_manager
[rosmaster.master][INFO] 1970-01-01 12:33:12,742: +PUB [/camera/depth/camera_info] /camera/realsense2_camera_manager http://ubuntu:35497/
[rosmaster.master][INFO] 1970-01-01 12:33:12,743: +PUB [/camera/depth/metadata] /camera/realsense2_camera_manager http://ubuntu:35497/
[rosmaster.master][INFO] 1970-01-01 12:33:12,744: +PUB [/camera/infra1/image_rect_raw/compressedDepth] /camera/realsense2_camera_manager http://ubuntu:35497/
[rosmaster.master][INFO] 1970-01-01 12:33:12,745: +SERVICE [/camera/infra1/image_rect_raw/compressedDepth/set_parameters] /camera/realsense2_camera_manager http://ubuntu:35497/
[rosmaster.master][INFO] 1970-01-01 12:33:12,746: +PUB [/camera/infra1/image_rect_raw/compressedDepth/parameter_descriptions] /camera/realsense2_camera_manager http://ubuntu:35497/
[rosmaster.master][INFO] 1970-01-01 12:33:12,746: +PUB [/camera/infra1/image_rect_raw/compressedDepth/parameter_updates] /camera/realsense2_camera_manager http://ubuntu:35497/
[rosmaster.master][INFO] 1970-01-01 12:33:12,748: +PARAM [/camera/infra1/image_rect_raw/compressedDepth/format] by /camera/realsense2_camera_manager
[rosmaster.master][INFO] 1970-01-01 12:33:12,749: +PARAM [/camera/infra1/image_rect_raw/compressedDepth/depth_max] by /camera/realsense2_camera_manager
[rosmaster.master][INFO] 1970-01-01 12:33:12,750: +PARAM [/camera/infra1/image_rect_raw/compressedDepth/depth_quantization] by /camera/realsense2_camera_manager
[rosmaster.master][INFO] 1970-01-01 12:33:12,750: +PARAM [/camera/infra1/image_rect_raw/compressedDepth/png_level] by /camera/realsense2_camera_manager
[rosmaster.master][INFO] 1970-01-01 12:33:12,751: +PARAM [/camera/infra1/image_rect_raw/compressedDepth/format] by /camera/realsense2_camera_manager
[rosmaster.master][INFO] 1970-01-01 12:33:12,751: +PARAM [/camera/infra1/image_rect_raw/compressedDepth/depth_max] by /camera/realsense2_camera_manager
[rosmaster.master][INFO] 1970-01-01 12:33:12,752: +PARAM [/camera/infra1/image_rect_raw/compressedDepth/depth_quantization] by /camera/realsense2_camera_manager
[rosmaster.master][INFO] 1970-01-01 12:33:12,752: +PARAM [/camera/infra1/image_rect_raw/compressedDepth/png_level] by /camera/realsense2_camera_manager
[rosmaster.master][INFO] 1970-01-01 12:33:12,753: +PUB [/camera/infra1/image_rect_raw/compressed] /camera/realsense2_camera_manager http://ubuntu:35497/
[rosmaster.master][INFO] 1970-01-01 12:33:12,754: +SERVICE [/camera/infra1/image_rect_raw/compressed/set_parameters] /camera/realsense2_camera_manager http://ubuntu:35497/
[rosmaster.master][INFO] 1970-01-01 12:33:12,754: +PUB [/camera/infra1/image_rect_raw/compressed/parameter_descriptions] /camera/realsense2_camera_manager http://ubuntu:35497/
[rosmaster.master][INFO] 1970-01-01 12:33:12,755: +PUB [/camera/infra1/image_rect_raw/compressed/parameter_updates] /camera/realsense2_camera_manager http://ubuntu:35497/
[rosmaster.master][INFO] 1970-01-01 12:33:12,758: +PARAM [/camera/infra1/image_rect_raw/compressed/format] by /camera/realsense2_camera_manager
[rosmaster.master][INFO] 1970-01-01 12:33:12,758: +PARAM [/camera/infra1/image_rect_raw/compressed/jpeg_quality] by /camera/realsense2_camera_manager
[rosmaster.master][INFO] 1970-01-01 12:33:12,759: +PARAM [/camera/infra1/image_rect_raw/compressed/jpeg_progressive] by /camera/realsense2_camera_manager
[rosmaster.master][INFO] 1970-01-01 12:33:12,760: +PARAM [/camera/infra1/image_rect_raw/compressed/jpeg_optimize] by /camera/realsense2_camera_manager
[rosmaster.master][INFO] 1970-01-01 12:33:12,760: +PARAM [/camera/infra1/image_rect_raw/compressed/jpeg_restart_interval] by /camera/realsense2_camera_manager
[rosmaster.master][INFO] 1970-01-01 12:33:12,761: +PARAM [/camera/infra1/image_rect_raw/compressed/png_level] by /camera/realsense2_camera_manager
[rosmaster.master][INFO] 1970-01-01 12:33:12,761: +PARAM [/camera/infra1/image_rect_raw/compressed/format] by /camera/realsense2_camera_manager
[rosmaster.master][INFO] 1970-01-01 12:33:12,762: +PARAM [/camera/infra1/image_rect_raw/compressed/jpeg_quality] by /camera/realsense2_camera_manager
[rosmaster.master][INFO] 1970-01-01 12:33:12,762: +PARAM [/camera/infra1/image_rect_raw/compressed/jpeg_progressive] by /camera/realsense2_camera_manager
[rosmaster.master][INFO] 1970-01-01 12:33:12,763: +PARAM [/camera/infra1/image_rect_raw/compressed/jpeg_optimize] by /camera/realsense2_camera_manager
[rosmaster.master][INFO] 1970-01-01 12:33:12,764: +PARAM [/camera/infra1/image_rect_raw/compressed/jpeg_restart_interval] by /camera/realsense2_camera_manager
[rosmaster.master][INFO] 1970-01-01 12:33:12,764: +PARAM [/camera/infra1/image_rect_raw/compressed/png_level] by /camera/realsense2_camera_manager
[rosmaster.master][INFO] 1970-01-01 12:33:12,765: +PUB [/camera/infra1/image_rect_raw] /camera/realsense2_camera_manager http://ubuntu:35497/
[rosmaster.master][INFO] 1970-01-01 12:33:12,765: +PUB [/camera/infra1/image_rect_raw/theora] /camera/realsense2_camera_manager http://ubuntu:35497/
[rosmaster.master][INFO] 1970-01-01 12:33:12,766: +SERVICE [/camera/infra1/image_rect_raw/theora/set_parameters] /camera/realsense2_camera_manager http://ubuntu:35497/
[rosmaster.master][INFO] 1970-01-01 12:33:12,767: +PUB [/camera/infra1/image_rect_raw/theora/parameter_descriptions] /camera/realsense2_camera_manager http://ubuntu:35497/
[rosmaster.master][INFO] 1970-01-01 12:33:12,767: +PUB [/camera/infra1/image_rect_raw/theora/parameter_updates] /camera/realsense2_camera_manager http://ubuntu:35497/
[rosmaster.master][INFO] 1970-01-01 12:33:12,769: +PARAM [/camera/infra1/image_rect_raw/theora/optimize_for] by /camera/realsense2_camera_manager
[rosmaster.master][INFO] 1970-01-01 12:33:12,770: +PARAM [/camera/infra1/image_rect_raw/theora/target_bitrate] by /camera/realsense2_camera_manager
[rosmaster.master][INFO] 1970-01-01 12:33:12,770: +PARAM [/camera/infra1/image_rect_raw/theora/quality] by /camera/realsense2_camera_manager
[rosmaster.master][INFO] 1970-01-01 12:33:12,771: +PARAM [/camera/infra1/image_rect_raw/theora/keyframe_frequency] by /camera/realsense2_camera_manager
[rosmaster.master][INFO] 1970-01-01 12:33:12,772: +PARAM [/camera/infra1/image_rect_raw/theora/optimize_for] by /camera/realsense2_camera_manager
[rosmaster.master][INFO] 1970-01-01 12:33:12,772: +PARAM [/camera/infra1/image_rect_raw/theora/target_bitrate] by /camera/realsense2_camera_manager
[rosmaster.master][INFO] 1970-01-01 12:33:12,773: +PARAM [/camera/infra1/image_rect_raw/theora/quality] by /camera/realsense2_camera_manager
[rosmaster.master][INFO] 1970-01-01 12:33:12,773: +PARAM [/camera/infra1/image_rect_raw/theora/keyframe_frequency] by /camera/realsense2_camera_manager
[rosmaster.master][INFO] 1970-01-01 12:33:12,774: +PUB [/camera/infra1/camera_info] /camera/realsense2_camera_manager http://ubuntu:35497/
[rosmaster.master][INFO] 1970-01-01 12:33:12,775: +PUB [/camera/infra1/metadata] /camera/realsense2_camera_manager http://ubuntu:35497/
[rosmaster.master][INFO] 1970-01-01 12:33:12,776: +PUB [/camera/infra2/image_rect_raw/compressedDepth] /camera/realsense2_camera_manager http://ubuntu:35497/
[rosmaster.master][INFO] 1970-01-01 12:33:12,777: +SERVICE [/camera/infra2/image_rect_raw/compressedDepth/set_parameters] /camera/realsense2_camera_manager http://ubuntu:35497/
[rosmaster.master][INFO] 1970-01-01 12:33:12,777: +PUB [/camera/infra2/image_rect_raw/compressedDepth/parameter_descriptions] /camera/realsense2_camera_manager http://ubuntu:35497/
[rosmaster.master][INFO] 1970-01-01 12:33:12,778: +PUB [/camera/infra2/image_rect_raw/compressedDepth/parameter_updates] /camera/realsense2_camera_manager http://ubuntu:35497/
[rosmaster.master][INFO] 1970-01-01 12:33:12,780: +PARAM [/camera/infra2/image_rect_raw/compressedDepth/format] by /camera/realsense2_camera_manager
[rosmaster.master][INFO] 1970-01-01 12:33:12,781: +PARAM [/camera/infra2/image_rect_raw/compressedDepth/depth_max] by /camera/realsense2_camera_manager
[rosmaster.master][INFO] 1970-01-01 12:33:12,781: +PARAM [/camera/infra2/image_rect_raw/compressedDepth/depth_quantization] by /camera/realsense2_camera_manager
[rosmaster.master][INFO] 1970-01-01 12:33:12,782: +PARAM [/camera/infra2/image_rect_raw/compressedDepth/png_level] by /camera/realsense2_camera_manager
[rosmaster.master][INFO] 1970-01-01 12:33:12,782: +PARAM [/camera/infra2/image_rect_raw/compressedDepth/format] by /camera/realsense2_camera_manager
[rosmaster.master][INFO] 1970-01-01 12:33:12,783: +PARAM [/camera/infra2/image_rect_raw/compressedDepth/depth_max] by /camera/realsense2_camera_manager
[rosmaster.master][INFO] 1970-01-01 12:33:12,784: +PARAM [/camera/infra2/image_rect_raw/compressedDepth/depth_quantization] by /camera/realsense2_camera_manager
[rosmaster.master][INFO] 1970-01-01 12:33:12,784: +PARAM [/camera/infra2/image_rect_raw/compressedDepth/png_level] by /camera/realsense2_camera_manager
[rosmaster.master][INFO] 1970-01-01 12:33:12,785: +PUB [/camera/infra2/image_rect_raw/compressed] /camera/realsense2_camera_manager http://ubuntu:35497/
[rosmaster.master][INFO] 1970-01-01 12:33:12,785: +SERVICE [/camera/infra2/image_rect_raw/compressed/set_parameters] /camera/realsense2_camera_manager http://ubuntu:35497/
[rosmaster.master][INFO] 1970-01-01 12:33:12,786: +PUB [/camera/infra2/image_rect_raw/compressed/parameter_descriptions] /camera/realsense2_camera_manager http://ubuntu:35497/
[rosmaster.master][INFO] 1970-01-01 12:33:12,787: +PUB [/camera/infra2/image_rect_raw/compressed/parameter_updates] /camera/realsense2_camera_manager http://ubuntu:35497/
[rosmaster.master][INFO] 1970-01-01 12:33:12,790: +PARAM [/camera/infra2/image_rect_raw/compressed/format] by /camera/realsense2_camera_manager
[rosmaster.master][INFO] 1970-01-01 12:33:12,790: +PARAM [/camera/infra2/image_rect_raw/compressed/jpeg_quality] by /camera/realsense2_camera_manager
[rosmaster.master][INFO] 1970-01-01 12:33:12,791: +PARAM [/camera/infra2/image_rect_raw/compressed/jpeg_progressive] by /camera/realsense2_camera_manager
[rosmaster.master][INFO] 1970-01-01 12:33:12,791: +PARAM [/camera/infra2/image_rect_raw/compressed/jpeg_optimize] by /camera/realsense2_camera_manager
[rosmaster.master][INFO] 1970-01-01 12:33:12,792: +PARAM [/camera/infra2/image_rect_raw/compressed/jpeg_restart_interval] by /camera/realsense2_camera_manager
[rosmaster.master][INFO] 1970-01-01 12:33:12,792: +PARAM [/camera/infra2/image_rect_raw/compressed/png_level] by /camera/realsense2_camera_manager
[rosmaster.master][INFO] 1970-01-01 12:33:12,793: +PARAM [/camera/infra2/image_rect_raw/compressed/format] by /camera/realsense2_camera_manager
[rosmaster.master][INFO] 1970-01-01 12:33:12,793: +PARAM [/camera/infra2/image_rect_raw/compressed/jpeg_quality] by /camera/realsense2_camera_manager
[rosmaster.master][INFO] 1970-01-01 12:33:12,794: +PARAM [/camera/infra2/image_rect_raw/compressed/jpeg_progressive] by /camera/realsense2_camera_manager
[rosmaster.master][INFO] 1970-01-01 12:33:12,794: +PARAM [/camera/infra2/image_rect_raw/compressed/jpeg_optimize] by /camera/realsense2_camera_manager
[rosmaster.master][INFO] 1970-01-01 12:33:12,795: +PARAM [/camera/infra2/image_rect_raw/compressed/jpeg_restart_interval] by /camera/realsense2_camera_manager
[rosmaster.master][INFO] 1970-01-01 12:33:12,796: +PARAM [/camera/infra2/image_rect_raw/compressed/png_level] by /camera/realsense2_camera_manager
[rosmaster.master][INFO] 1970-01-01 12:33:12,796: +PUB [/camera/infra2/image_rect_raw] /camera/realsense2_camera_manager http://ubuntu:35497/
[rosmaster.master][INFO] 1970-01-01 12:33:12,797: +PUB [/camera/infra2/image_rect_raw/theora] /camera/realsense2_camera_manager http://ubuntu:35497/
[rosmaster.master][INFO] 1970-01-01 12:33:12,797: +SERVICE [/camera/infra2/image_rect_raw/theora/set_parameters] /camera/realsense2_camera_manager http://ubuntu:35497/
[rosmaster.master][INFO] 1970-01-01 12:33:12,798: +PUB [/camera/infra2/image_rect_raw/theora/parameter_descriptions] /camera/realsense2_camera_manager http://ubuntu:35497/
[rosmaster.master][INFO] 1970-01-01 12:33:12,799: +PUB [/camera/infra2/image_rect_raw/theora/parameter_updates] /camera/realsense2_camera_manager http://ubuntu:35497/
[rosmaster.master][INFO] 1970-01-01 12:33:12,801: +PARAM [/camera/infra2/image_rect_raw/theora/optimize_for] by /camera/realsense2_camera_manager
[rosmaster.master][INFO] 1970-01-01 12:33:12,801: +PARAM [/camera/infra2/image_rect_raw/theora/target_bitrate] by /camera/realsense2_camera_manager
[rosmaster.master][INFO] 1970-01-01 12:33:12,802: +PARAM [/camera/infra2/image_rect_raw/theora/quality] by /camera/realsense2_camera_manager
[rosmaster.master][INFO] 1970-01-01 12:33:12,802: +PARAM [/camera/infra2/image_rect_raw/theora/keyframe_frequency] by /camera/realsense2_camera_manager
[rosmaster.master][INFO] 1970-01-01 12:33:12,803: +PARAM [/camera/infra2/image_rect_raw/theora/optimize_for] by /camera/realsense2_camera_manager
[rosmaster.master][INFO] 1970-01-01 12:33:12,804: +PARAM [/camera/infra2/image_rect_raw/theora/target_bitrate] by /camera/realsense2_camera_manager
[rosmaster.master][INFO] 1970-01-01 12:33:12,804: +PARAM [/camera/infra2/image_rect_raw/theora/quality] by /camera/realsense2_camera_manager
[rosmaster.master][INFO] 1970-01-01 12:33:12,805: +PARAM [/camera/infra2/image_rect_raw/theora/keyframe_frequency] by /camera/realsense2_camera_manager
[rosmaster.master][INFO] 1970-01-01 12:33:12,805: +PUB [/camera/infra2/camera_info] /camera/realsense2_camera_manager http://ubuntu:35497/
[rosmaster.master][INFO] 1970-01-01 12:33:12,806: +PUB [/camera/infra2/metadata] /camera/realsense2_camera_manager http://ubuntu:35497/
[rosmaster.master][INFO] 1970-01-01 12:33:12,808: +PUB [/camera/color/image_raw/compressedDepth] /camera/realsense2_camera_manager http://ubuntu:35497/
[rosmaster.master][INFO] 1970-01-01 12:33:12,808: +SERVICE [/camera/color/image_raw/compressedDepth/set_parameters] /camera/realsense2_camera_manager http://ubuntu:35497/
[rosmaster.master][INFO] 1970-01-01 12:33:12,809: +PUB [/camera/color/image_raw/compressedDepth/parameter_descriptions] /camera/realsense2_camera_manager http://ubuntu:35497/
[rosmaster.master][INFO] 1970-01-01 12:33:12,809: +PUB [/camera/color/image_raw/compressedDepth/parameter_updates] /camera/realsense2_camera_manager http://ubuntu:35497/
[rosmaster.master][INFO] 1970-01-01 12:33:12,812: +PARAM [/camera/color/image_raw/compressedDepth/format] by /camera/realsense2_camera_manager
[rosmaster.master][INFO] 1970-01-01 12:33:12,812: +PARAM [/camera/color/image_raw/compressedDepth/depth_max] by /camera/realsense2_camera_manager
[rosmaster.master][INFO] 1970-01-01 12:33:12,813: +PARAM [/camera/color/image_raw/compressedDepth/depth_quantization] by /camera/realsense2_camera_manager
[rosmaster.master][INFO] 1970-01-01 12:33:12,813: +PARAM [/camera/color/image_raw/compressedDepth/png_level] by /camera/realsense2_camera_manager
[rosmaster.master][INFO] 1970-01-01 12:33:12,814: +PARAM [/camera/color/image_raw/compressedDepth/format] by /camera/realsense2_camera_manager
[rosmaster.master][INFO] 1970-01-01 12:33:12,814: +PARAM [/camera/color/image_raw/compressedDepth/depth_max] by /camera/realsense2_camera_manager
[rosmaster.master][INFO] 1970-01-01 12:33:12,815: +PARAM [/camera/color/image_raw/compressedDepth/depth_quantization] by /camera/realsense2_camera_manager
[rosmaster.master][INFO] 1970-01-01 12:33:12,816: +PARAM [/camera/color/image_raw/compressedDepth/png_level] by /camera/realsense2_camera_manager
[rosmaster.master][INFO] 1970-01-01 12:33:12,816: +PUB [/camera/color/image_raw/compressed] /camera/realsense2_camera_manager http://ubuntu:35497/
[rosmaster.master][INFO] 1970-01-01 12:33:12,817: +SERVICE [/camera/color/image_raw/compressed/set_parameters] /camera/realsense2_camera_manager http://ubuntu:35497/
[rosmaster.master][INFO] 1970-01-01 12:33:12,817: +PUB [/camera/color/image_raw/compressed/parameter_descriptions] /camera/realsense2_camera_manager http://ubuntu:35497/
[rosmaster.master][INFO] 1970-01-01 12:33:12,818: +PUB [/camera/color/image_raw/compressed/parameter_updates] /camera/realsense2_camera_manager http://ubuntu:35497/
[rosmaster.master][INFO] 1970-01-01 12:33:12,821: +PARAM [/camera/color/image_raw/compressed/format] by /camera/realsense2_camera_manager
[rosmaster.master][INFO] 1970-01-01 12:33:12,821: +PARAM [/camera/color/image_raw/compressed/jpeg_quality] by /camera/realsense2_camera_manager
[rosmaster.master][INFO] 1970-01-01 12:33:12,822: +PARAM [/camera/color/image_raw/compressed/jpeg_progressive] by /camera/realsense2_camera_manager
[rosmaster.master][INFO] 1970-01-01 12:33:12,822: +PARAM [/camera/color/image_raw/compressed/jpeg_optimize] by /camera/realsense2_camera_manager
[rosmaster.master][INFO] 1970-01-01 12:33:12,823: +PARAM [/camera/color/image_raw/compressed/jpeg_restart_interval] by /camera/realsense2_camera_manager
[rosmaster.master][INFO] 1970-01-01 12:33:12,824: +PARAM [/camera/color/image_raw/compressed/png_level] by /camera/realsense2_camera_manager
[rosmaster.master][INFO] 1970-01-01 12:33:12,824: +PARAM [/camera/color/image_raw/compressed/format] by /camera/realsense2_camera_manager
[rosmaster.master][INFO] 1970-01-01 12:33:12,825: +PARAM [/camera/color/image_raw/compressed/jpeg_quality] by /camera/realsense2_camera_manager
[rosmaster.master][INFO] 1970-01-01 12:33:12,825: +PARAM [/camera/color/image_raw/compressed/jpeg_progressive] by /camera/realsense2_camera_manager
[rosmaster.master][INFO] 1970-01-01 12:33:12,826: +PARAM [/camera/color/image_raw/compressed/jpeg_optimize] by /camera/realsense2_camera_manager
[rosmaster.master][INFO] 1970-01-01 12:33:12,826: +PARAM [/camera/color/image_raw/compressed/jpeg_restart_interval] by /camera/realsense2_camera_manager
[rosmaster.master][INFO] 1970-01-01 12:33:12,827: +PARAM [/camera/color/image_raw/compressed/png_level] by /camera/realsense2_camera_manager
[rosmaster.master][INFO] 1970-01-01 12:33:12,828: +PUB [/camera/color/image_raw] /camera/realsense2_camera_manager http://ubuntu:35497/
[rosmaster.master][INFO] 1970-01-01 12:33:12,828: +PUB [/camera/color/image_raw/theora] /camera/realsense2_camera_manager http://ubuntu:35497/
[rosmaster.master][INFO] 1970-01-01 12:33:12,829: +SERVICE [/camera/color/image_raw/theora/set_parameters] /camera/realsense2_camera_manager http://ubuntu:35497/
[rosmaster.master][INFO] 1970-01-01 12:33:12,829: +PUB [/camera/color/image_raw/theora/parameter_descriptions] /camera/realsense2_camera_manager http://ubuntu:35497/
[rosmaster.master][INFO] 1970-01-01 12:33:12,830: +PUB [/camera/color/image_raw/theora/parameter_updates] /camera/realsense2_camera_manager http://ubuntu:35497/
[rosmaster.master][INFO] 1970-01-01 12:33:12,832: +PARAM [/camera/color/image_raw/theora/optimize_for] by /camera/realsense2_camera_manager
[rosmaster.master][INFO] 1970-01-01 12:33:12,833: +PARAM [/camera/color/image_raw/theora/target_bitrate] by /camera/realsense2_camera_manager
[rosmaster.master][INFO] 1970-01-01 12:33:12,833: +PARAM [/camera/color/image_raw/theora/quality] by /camera/realsense2_camera_manager
[rosmaster.master][INFO] 1970-01-01 12:33:12,834: +PARAM [/camera/color/image_raw/theora/keyframe_frequency] by /camera/realsense2_camera_manager
[rosmaster.master][INFO] 1970-01-01 12:33:12,835: +PARAM [/camera/color/image_raw/theora/optimize_for] by /camera/realsense2_camera_manager
[rosmaster.master][INFO] 1970-01-01 12:33:12,835: +PARAM [/camera/color/image_raw/theora/target_bitrate] by /camera/realsense2_camera_manager
[rosmaster.master][INFO] 1970-01-01 12:33:12,836: +PARAM [/camera/color/image_raw/theora/quality] by /camera/realsense2_camera_manager
[rosmaster.master][INFO] 1970-01-01 12:33:12,836: +PARAM [/camera/color/image_raw/theora/keyframe_frequency] by /camera/realsense2_camera_manager
[rosmaster.master][INFO] 1970-01-01 12:33:12,837: +PUB [/camera/color/camera_info] /camera/realsense2_camera_manager http://ubuntu:35497/
[rosmaster.master][INFO] 1970-01-01 12:33:12,837: +PUB [/camera/color/metadata] /camera/realsense2_camera_manager http://ubuntu:35497/
[rosmaster.master][INFO] 1970-01-01 12:33:12,838: +PUB [/camera/extrinsics/depth_to_color] /camera/realsense2_camera_manager http://ubuntu:35497/
[rosmaster.master][INFO] 1970-01-01 12:33:12,839: +PUB [/camera/extrinsics/depth_to_infra1] /camera/realsense2_camera_manager http://ubuntu:35497/
[rosmaster.master][INFO] 1970-01-01 12:33:12,839: +PUB [/camera/extrinsics/depth_to_infra2] /camera/realsense2_camera_manager http://ubuntu:35497/
[rosmaster.master][INFO] 1970-01-01 12:33:13,305: +PUB [/camera/stereo_module/auto_exposure_roi/parameter_descriptions] /camera/realsense2_camera_manager http://ubuntu:35497/
[rosmaster.master][INFO] 1970-01-01 12:33:13,306: +PUB [/camera/stereo_module/auto_exposure_roi/parameter_updates] /camera/realsense2_camera_manager http://ubuntu:35497/
[rosmaster.master][INFO] 1970-01-01 12:33:13,306: +SERVICE [/camera/stereo_module/auto_exposure_roi/set_parameters] /camera/realsense2_camera_manager http://ubuntu:35497/
[rosmaster.master][INFO] 1970-01-01 12:33:13,314: +PUB [/camera/rgb_camera/auto_exposure_roi/parameter_descriptions] /camera/realsense2_camera_manager http://ubuntu:35497/
[rosmaster.master][INFO] 1970-01-01 12:33:13,315: +PUB [/camera/rgb_camera/auto_exposure_roi/parameter_updates] /camera/realsense2_camera_manager http://ubuntu:35497/
[rosmaster.master][INFO] 1970-01-01 12:33:13,315: +SERVICE [/camera/rgb_camera/auto_exposure_roi/set_parameters] /camera/realsense2_camera_manager http://ubuntu:35497/
[rosmaster.master][INFO] 1970-01-01 12:33:13,317: +SERVICE [/camera/realsense2_camera/device_info] /camera/realsense2_camera_manager http://ubuntu:35497/
[rosmaster.master][INFO] 1970-01-01 12:33:27,607: +PUB [/rosout] /rviz_16407595799264 http://ubuntu:37199/
[rosmaster.master][INFO] 1970-01-01 12:33:27,608: +SERVICE [/rviz_16407595799264/get_loggers] /rviz_16407595799264 http://ubuntu:37199/
[rosmaster.master][INFO] 1970-01-01 12:33:27,609: +SERVICE [/rviz_16407595799264/set_logger_level] /rviz_16407595799264 http://ubuntu:37199/
[rosmaster.master][INFO] 1970-01-01 12:33:27,611: +CACHEDPARAM [/rosout_disable_topics_generation] by /rviz_16407595799264
[rosmaster.master][INFO] 1970-01-01 12:33:27,613: publisherUpdate[/rosout] -> http://ubuntu:38801/ ['http://ubuntu:35293/', 'http://ubuntu:35497/', 'http://ubuntu:37199/']
[rosmaster.master][INFO] 1970-01-01 12:33:27,614: publisherUpdate[/rosout] -> http://ubuntu:38801/ ['http://ubuntu:35293/', 'http://ubuntu:35497/', 'http://ubuntu:37199/']: sec=0.00, result=[1, '', 0]
[rosmaster.master][INFO] 1970-01-01 12:33:28,542: +SUB [/tf] /rviz_16407595799264 http://ubuntu:37199/
[rosmaster.master][INFO] 1970-01-01 12:33:28,546: +SUB [/tf_static] /rviz_16407595799264 http://ubuntu:37199/
[rosmaster.master][INFO] 1970-01-01 12:33:28,649: +PUB [/initialpose] /rviz_16407595799264 http://ubuntu:37199/
[rosmaster.master][INFO] 1970-01-01 12:33:28,652: +PUB [/goal] /rviz_16407595799264 http://ubuntu:37199/
[rosmaster.master][INFO] 1970-01-01 12:33:28,657: -PUB [/goal] /rviz_16407595799264 http://ubuntu:37199/
[rosmaster.master][INFO] 1970-01-01 12:33:28,658: -PUB [/initialpose] /rviz_16407595799264 http://ubuntu:37199/
[rosmaster.master][INFO] 1970-01-01 12:33:28,663: +PUB [/initialpose] /rviz_16407595799264 http://ubuntu:37199/
[rosmaster.master][INFO] 1970-01-01 12:33:28,665: +PUB [/goal] /rviz_16407595799264 http://ubuntu:37199/
[rosmaster.master][INFO] 1970-01-01 12:33:28,666: +PUB [/move_base_simple/goal] /rviz_16407595799264 http://ubuntu:37199/
[rosmaster.master][INFO] 1970-01-01 12:33:28,667: -PUB [/goal] /rviz_16407595799264 http://ubuntu:37199/
[rosmaster.master][INFO] 1970-01-01 12:33:28,668: +PUB [/clicked_point] /rviz_16407595799264 http://ubuntu:37199/
[rosmaster.master][INFO] 1970-01-01 12:33:28,750: +SERVICE [/rviz_16407595799264/reload_shaders] /rviz_16407595799264 http://ubuntu:37199/
[rosmaster.master][INFO] 1970-01-01 12:33:28,752: +SERVICE [/rviz_16407595799264/load_config] /rviz_16407595799264 http://ubuntu:37199/
[rosmaster.master][INFO] 1970-01-01 12:33:28,753: +SERVICE [/rviz_16407595799264/load_config_discarding_changes] /rviz_16407595799264 http://ubuntu:37199/
[rosmaster.master][INFO] 1970-01-01 12:33:28,755: +SERVICE [/rviz_16407595799264/save_config] /rviz_16407595799264 http://ubuntu:37199/
[rosmaster.master][INFO] 1970-01-01 12:56:31,538: -PUB [/clicked_point] /rviz_16407595799264 http://ubuntu:37199/
[rosmaster.master][INFO] 1970-01-01 12:56:31,540: -PUB [/move_base_simple/goal] /rviz_16407595799264 http://ubuntu:37199/
[rosmaster.master][INFO] 1970-01-01 12:56:31,541: -PUB [/initialpose] /rviz_16407595799264 http://ubuntu:37199/
[rosmaster.master][INFO] 1970-01-01 12:56:31,551: -SUB [/tf_static] /rviz_16407595799264 http://ubuntu:37199/
[rosmaster.master][INFO] 1970-01-01 12:56:31,552: -SUB [/tf] /rviz_16407595799264 http://ubuntu:37199/
[rosmaster.master][INFO] 1970-01-01 12:56:31,557: -SERVICE [/rviz_16407595799264/save_config] /rviz_16407595799264 rosrpc://ubuntu:50225
[rosmaster.master][INFO] 1970-01-01 12:56:31,558: -SERVICE [/rviz_16407595799264/load_config_discarding_changes] /rviz_16407595799264 rosrpc://ubuntu:50225
[rosmaster.master][INFO] 1970-01-01 12:56:31,560: -SERVICE [/rviz_16407595799264/load_config] /rviz_16407595799264 rosrpc://ubuntu:50225
[rosmaster.master][INFO] 1970-01-01 12:56:31,563: -SERVICE [/rviz_16407595799264/reload_shaders] /rviz_16407595799264 rosrpc://ubuntu:50225
[rosmaster.master][INFO] 1970-01-01 12:56:31,718: -PUB [/rosout] /rviz_16407595799264 http://ubuntu:37199/
[rosmaster.master][INFO] 1970-01-01 12:56:31,720: -SERVICE [/rviz_16407595799264/get_loggers] /rviz_16407595799264 rosrpc://ubuntu:50225
[rosmaster.master][INFO] 1970-01-01 12:56:31,721: -SERVICE [/rviz_16407595799264/set_logger_level] /rviz_16407595799264 rosrpc://ubuntu:50225
[rosmaster.master][INFO] 1970-01-01 12:56:31,722: -CACHEDPARAM [/rosout_disable_topics_generation] by /rviz_16407595799264
[rosmaster.master][INFO] 1970-01-01 12:56:31,806: publisherUpdate[/rosout] -> http://ubuntu:38801/ ['http://ubuntu:35293/', 'http://ubuntu:35497/']
[rosmaster.master][INFO] 1970-01-01 12:56:31,808: publisherUpdate[/rosout] -> http://ubuntu:38801/ ['http://ubuntu:35293/', 'http://ubuntu:35497/']: sec=0.00, result=[1, '', 0]
[rosmaster.master][INFO] 1970-01-01 12:56:34,952: -SERVICE [/camera/realsense2_camera/reset] /camera/realsense2_camera_manager rosrpc://ubuntu:57299
[rosmaster.master][INFO] 1970-01-01 12:56:34,954: -SERVICE [/camera/enable] /camera/realsense2_camera_manager rosrpc://ubuntu:57299
[rosmaster.master][INFO] 1970-01-01 12:56:35,014: -PUB [/rosout_agg] /rosout http://ubuntu:38801/
[rosmaster.master][INFO] 1970-01-01 12:56:35,016: -SUB [/rosout] /rosout http://ubuntu:38801/
[rosmaster.master][INFO] 1970-01-01 12:56:35,018: -SERVICE [/rosout/get_loggers] /rosout rosrpc://ubuntu:48167
[rosmaster.master][INFO] 1970-01-01 12:56:35,019: -SERVICE [/rosout/set_logger_level] /rosout rosrpc://ubuntu:48167
[rosmaster.master][INFO] 1970-01-01 12:56:35,020: -CACHEDPARAM [/rosout/omit_topics] by /rosout
[rosmaster.main][INFO] 1970-01-01 12:56:35,044: keyboard interrupt, will exit
[rosmaster.main][INFO] 1970-01-01 12:56:35,044: stopping master...
[rospy.core][INFO] 1970-01-01 12:56:35,044: signal_shutdown [atexit]
