1784968719.373300 [0] cmd_vel_ud: config: //CycloneDDS/Domain/General: 'NetworkInterfaceAddress': deprecated element (file:///tmp/go2_cyclonedds_eth0.xml line 4)
[INFO] [1784968719.394481286] [cmd_vel_udp_sender]: UDP sender to 127.0.0.1:5005, packet_v=2, max_vy=0.000, unitree_vy_sign=+1
[INFO] [1784968720.394638006] [cmd_vel_udp_sender]: TIMING_SENDER ros_gap_ms=0.000/0.000/0.000 callback_ms=0.000/0.000/0.000 sendto_ms=0.000/0.000/0.000 cmd_age_ms=-1.000 count=0 errors=0 errno=0 seq=0 cmd=(0.000,0.000,0.000)
[INFO] [1784968721.394641366] [cmd_vel_udp_sender]: TIMING_SENDER ros_gap_ms=0.000/0.000/0.000 callback_ms=0.000/0.000/0.000 sendto_ms=0.000/0.000/0.000 cmd_age_ms=-1.000 count=0 errors=0 errno=0 seq=0 cmd=(0.000,0.000,0.000)
[INFO] [1784968722.394663280] [cmd_vel_udp_sender]: TIMING_SENDER ros_gap_ms=49.766/54.085/54.085 callback_ms=0.052/0.277/0.277 sendto_ms=0.050/0.275/0.275 cmd_age_ms=30.295 count=19 errors=0 errno=0 seq=19 cmd=(0.000,0.000,0.000)
[INFO] [1784968723.395213044] [cmd_vel_udp_sender]: TIMING_SENDER ros_gap_ms=51.047/64.986/70.899 callback_ms=0.047/0.062/0.133 sendto_ms=0.042/0.057/0.061 cmd_age_ms=9.909 count=20 errors=0 errno=0 seq=39 cmd=(0.000,0.000,0.000)
[INFO] [1784968724.394711153] [cmd_vel_udp_sender]: TIMING_SENDER ros_gap_ms=48.964/65.173/68.373 callback_ms=0.039/0.043/0.044 sendto_ms=0.038/0.042/0.043 cmd_age_ms=30.125 count=20 errors=0 errno=0 seq=59 cmd=(0.000,0.000,0.000)
[INFO] [1784968725.409151164] [cmd_vel_udp_sender]: TIMING_SENDER ros_gap_ms=50.004/59.772/65.750 callback_ms=0.040/0.044/0.052 sendto_ms=0.039/0.043/0.051 cmd_age_ms=44.485 count=20 errors=0 errno=0 seq=79 cmd=(0.000,0.000,0.000)
[INFO] [1784968726.394717655] [cmd_vel_udp_sender]: TIMING_SENDER ros_gap_ms=50.526/51.201/60.664 callback_ms=0.071/0.064/0.514 sendto_ms=0.070/0.063/0.512 cmd_age_ms=19.525 count=20 errors=0 errno=0 seq=99 cmd=(0.000,0.000,0.000)
[INFO] [1784968727.405122955] [cmd_vel_udp_sender]: TIMING_SENDER ros_gap_ms=49.466/61.475/66.711 callback_ms=0.059/0.063/0.063 sendto_ms=0.057/0.062/0.062 cmd_age_ms=40.604 count=20 errors=0 errno=0 seq=119 cmd=(0.000,0.000,0.000)
[INFO] [1784968728.394738558] [cmd_vel_udp_sender]: TIMING_SENDER ros_gap_ms=49.976/58.001/65.357 callback_ms=0.052/0.087/0.109 sendto_ms=0.051/0.086/0.108 cmd_age_ms=30.702 count=20 errors=0 errno=0 seq=139 cmd=(0.000,0.000,0.000)
[INFO] [1784968729.394783014] [cmd_vel_udp_sender]: TIMING_SENDER ros_gap_ms=50.003/55.855/57.756 callback_ms=0.044/0.065/0.065 sendto_ms=0.043/0.063/0.063 cmd_age_ms=30.687 count=20 errors=0 errno=0 seq=159 cmd=(0.000,0.000,0.000)
[INFO] [1784968730.394769027] [cmd_vel_udp_sender]: TIMING_SENDER ros_gap_ms=49.999/52.420/54.372 callback_ms=0.051/0.064/0.064 sendto_ms=0.049/0.062/0.063 cmd_age_ms=30.684 count=20 errors=0 errno=0 seq=179 cmd=(0.000,0.000,0.000)
[INFO] [1784968731.394779775] [cmd_vel_udp_sender]: TIMING_SENDER ros_gap_ms=50.003/50.160/50.869 callback_ms=0.050/0.062/0.080 sendto_ms=0.049/0.061/0.079 cmd_age_ms=30.635 count=20 errors=0 errno=0 seq=199 cmd=(0.000,0.000,0.000)
[INFO] [1784968732.394792961] [cmd_vel_udp_sender]: TIMING_SENDER ros_gap_ms=49.998/51.989/54.109 callback_ms=0.075/0.111/0.447 sendto_ms=0.074/0.109/0.446 cmd_age_ms=30.689 count=20 errors=0 errno=0 seq=219 cmd=(0.000,0.000,0.000)
[INFO] [1784968733.394804175] [cmd_vel_udp_sender]: TIMING_SENDER ros_gap_ms=50.012/52.585/56.601 callback_ms=0.063/0.073/0.078 sendto_ms=0.061/0.071/0.077 cmd_age_ms=30.467 count=20 errors=0 errno=0 seq=239 cmd=(0.000,0.000,0.000)
[INFO] [1784968734.394834352] [cmd_vel_udp_sender]: TIMING_SENDER ros_gap_ms=50.000/55.288/58.217 callback_ms=0.090/0.066/0.926 sendto_ms=0.088/0.064/0.925 cmd_age_ms=30.489 count=20 errors=0 errno=0 seq=259 cmd=(0.000,-0.000,0.000)
[INFO] [1784968735.395535696] [cmd_vel_udp_sender]: TIMING_SENDER ros_gap_ms=49.987/53.551/64.745 callback_ms=0.059/0.061/0.246 sendto_ms=0.057/0.060/0.244 cmd_age_ms=31.454 count=20 errors=0 errno=0 seq=279 cmd=(0.000,-0.000,0.000)
[INFO] [1784968736.394814251] [cmd_vel_udp_sender]: TIMING_SENDER ros_gap_ms=50.011/60.622/63.207 callback_ms=0.054/0.123/0.153 sendto_ms=0.052/0.122/0.152 cmd_age_ms=30.504 count=20 errors=0 errno=0 seq=299 cmd=(0.000,-0.000,0.000)
[INFO] [1784968737.394814289] [cmd_vel_udp_sender]: TIMING_SENDER ros_gap_ms=50.011/60.806/64.940 callback_ms=0.048/0.064/0.097 sendto_ms=0.047/0.063/0.096 cmd_age_ms=30.293 count=20 errors=0 errno=0 seq=319 cmd=(0.000,-0.000,0.000)
[INFO] [1784968738.394810568] [cmd_vel_udp_sender]: TIMING_SENDER ros_gap_ms=49.991/64.957/67.620 callback_ms=0.050/0.062/0.066 sendto_ms=0.048/0.061/0.065 cmd_age_ms=30.468 count=20 errors=0 errno=0 seq=339 cmd=(0.000,-0.000,0.000)
[INFO] [1784968739.397109914] [cmd_vel_udp_sender]: TIMING_SENDER ros_gap_ms=50.006/61.929/62.960 callback_ms=0.051/0.065/0.067 sendto_ms=0.050/0.064/0.065 cmd_age_ms=32.643 count=20 errors=0 errno=0 seq=359 cmd=(0.000,-0.000,0.000)
[INFO] [1784968740.394823680] [cmd_vel_udp_sender]: TIMING_SENDER ros_gap_ms=49.976/56.640/57.836 callback_ms=0.068/0.062/0.400 sendto_ms=0.066/0.060/0.399 cmd_age_ms=30.842 count=20 errors=0 errno=0 seq=379 cmd=(0.000,-0.000,0.000)
[INFO] [1784968741.394835119] [cmd_vel_udp_sender]: TIMING_SENDER ros_gap_ms=50.027/51.873/54.080 callback_ms=0.064/0.061/0.391 sendto_ms=0.046/0.058/0.060 cmd_age_ms=30.324 count=20 errors=0 errno=0 seq=399 cmd=(0.000,-0.000,0.000)
[INFO] [1784968742.394824137] [cmd_vel_udp_sender]: TIMING_SENDER ros_gap_ms=49.975/51.353/53.505 callback_ms=0.070/0.086/0.458 sendto_ms=0.069/0.084/0.456 cmd_age_ms=30.812 count=20 errors=0 errno=0 seq=419 cmd=(0.000,-0.000,0.000)
[INFO] [1784968743.394825909] [cmd_vel_udp_sender]: TIMING_SENDER ros_gap_ms=49.999/55.122/55.640 callback_ms=0.054/0.064/0.095 sendto_ms=0.053/0.062/0.094 cmd_age_ms=30.830 count=20 errors=0 errno=0 seq=439 cmd=(0.000,-0.000,0.000)
[INFO] [1784968744.394821369] [cmd_vel_udp_sender]: TIMING_SENDER ros_gap_ms=50.052/52.520/61.400 callback_ms=0.051/0.061/0.063 sendto_ms=0.049/0.059/0.061 cmd_age_ms=29.796 count=20 errors=0 errno=0 seq=459 cmd=(0.500,-0.000,0.030)
[INFO] [1784968745.394819963] [cmd_vel_udp_sender]: TIMING_SENDER ros_gap_ms=49.954/55.200/56.017 callback_ms=0.050/0.065/0.068 sendto_ms=0.048/0.063/0.066 cmd_age_ms=30.709 count=20 errors=0 errno=0 seq=479 cmd=(0.500,-0.000,-0.012)
[INFO] [1784968746.394826755] [cmd_vel_udp_sender]: TIMING_SENDER ros_gap_ms=50.008/51.058/51.327 callback_ms=0.050/0.060/0.063 sendto_ms=0.049/0.059/0.062 cmd_age_ms=30.565 count=20 errors=0 errno=0 seq=499 cmd=(0.500,-0.000,-0.010)
[INFO] [1784968747.394818935] [cmd_vel_udp_sender]: TIMING_SENDER ros_gap_ms=50.644/57.690/63.032 callback_ms=0.061/0.080/0.164 sendto_ms=0.059/0.079/0.162 cmd_age_ms=17.677 count=20 errors=0 errno=0 seq=519 cmd=(0.500,-0.000,-0.004)
[INFO] [1784968748.394802397] [cmd_vel_udp_sender]: TIMING_SENDER ros_gap_ms=49.342/50.786/50.967 callback_ms=0.056/0.066/0.066 sendto_ms=0.055/0.065/0.065 cmd_age_ms=30.826 count=20 errors=0 errno=0 seq=539 cmd=(0.500,-0.000,-0.005)
[INFO] [1784968749.394800891] [cmd_vel_udp_sender]: TIMING_SENDER ros_gap_ms=50.122/52.727/53.801 callback_ms=0.054/0.068/0.078 sendto_ms=0.052/0.067/0.077 cmd_age_ms=28.376 count=20 errors=0 errno=0 seq=559 cmd=(0.500,-0.000,-0.014)
[INFO] [1784968750.394799352] [cmd_vel_udp_sender]: TIMING_SENDER ros_gap_ms=49.922/51.064/56.196 callback_ms=0.054/0.068/0.070 sendto_ms=0.053/0.066/0.069 cmd_age_ms=29.942 count=20 errors=0 errno=0 seq=579 cmd=(0.500,-0.000,0.003)
[INFO] [1784968751.394795770] [cmd_vel_udp_sender]: TIMING_SENDER ros_gap_ms=49.961/52.994/55.095 callback_ms=0.056/0.067/0.074 sendto_ms=0.055/0.065/0.073 cmd_age_ms=30.720 count=20 errors=0 errno=0 seq=599 cmd=(0.500,-0.000,-0.015)
[INFO] [1784968752.394775304] [cmd_vel_udp_sender]: TIMING_SENDER ros_gap_ms=50.043/57.837/59.071 callback_ms=0.049/0.061/0.065 sendto_ms=0.048/0.059/0.064 cmd_age_ms=29.842 count=20 errors=0 errno=0 seq=619 cmd=(0.500,-0.000,-0.072)
[INFO] [1784968753.394771815] [cmd_vel_udp_sender]: TIMING_SENDER ros_gap_ms=49.958/53.607/55.432 callback_ms=0.071/0.105/0.392 sendto_ms=0.070/0.104/0.391 cmd_age_ms=30.688 count=20 errors=0 errno=0 seq=639 cmd=(0.500,-0.000,-0.099)
[INFO] [1784968754.394783325] [cmd_vel_udp_sender]: TIMING_SENDER ros_gap_ms=50.011/54.164/56.753 callback_ms=0.055/0.071/0.085 sendto_ms=0.053/0.070/0.084 cmd_age_ms=30.475 count=20 errors=0 errno=0 seq=659 cmd=(0.500,-0.000,-0.081)
[INFO] [1784968755.394772433] [cmd_vel_udp_sender]: TIMING_SENDER ros_gap_ms=50.076/54.665/56.619 callback_ms=0.049/0.066/0.071 sendto_ms=0.048/0.064/0.069 cmd_age_ms=28.936 count=20 errors=0 errno=0 seq=679 cmd=(0.500,-0.000,-0.053)
[INFO] [1784968756.394710410] [cmd_vel_udp_sender]: TIMING_SENDER ros_gap_ms=49.924/69.862/72.507 callback_ms=0.055/0.063/0.063 sendto_ms=0.054/0.062/0.062 cmd_age_ms=30.387 count=20 errors=0 errno=0 seq=699 cmd=(0.500,-0.000,-0.032)
[INFO] [1784968757.394721675] [cmd_vel_udp_sender]: TIMING_SENDER ros_gap_ms=49.991/54.367/55.493 callback_ms=0.050/0.060/0.062 sendto_ms=0.048/0.059/0.060 cmd_age_ms=30.570 count=20 errors=0 errno=0 seq=719 cmd=(0.500,-0.000,0.011)
[INFO] [1784968758.394808571] [cmd_vel_udp_sender]: TIMING_SENDER ros_gap_ms=50.016/53.009/55.881 callback_ms=0.046/0.054/0.054 sendto_ms=0.044/0.053/0.053 cmd_age_ms=30.341 count=20 errors=0 errno=0 seq=739 cmd=(0.500,-0.000,-0.045)
[INFO] [1784968759.394708418] [cmd_vel_udp_sender]: TIMING_SENDER ros_gap_ms=49.991/52.305/60.858 callback_ms=0.048/0.067/0.067 sendto_ms=0.047/0.065/0.066 cmd_age_ms=30.413 count=20 errors=0 errno=0 seq=759 cmd=(0.500,-0.000,0.040)
[INFO] [1784968760.394715108] [cmd_vel_udp_sender]: TIMING_SENDER ros_gap_ms=50.169/61.471/64.361 callback_ms=0.055/0.064/0.069 sendto_ms=0.053/0.062/0.068 cmd_age_ms=27.031 count=20 errors=0 errno=0 seq=779 cmd=(0.500,-0.000,-0.007)
[INFO] [1784968761.394677031] [cmd_vel_udp_sender]: TIMING_SENDER ros_gap_ms=49.823/55.785/63.141 callback_ms=0.053/0.061/0.062 sendto_ms=0.051/0.060/0.061 cmd_age_ms=30.536 count=20 errors=0 errno=0 seq=799 cmd=(0.500,-0.000,0.013)
[INFO] [1784968762.394696048] [cmd_vel_udp_sender]: TIMING_SENDER ros_gap_ms=49.993/50.464/53.059 callback_ms=0.051/0.062/0.073 sendto_ms=0.050/0.061/0.072 cmd_age_ms=30.693 count=20 errors=0 errno=0 seq=819 cmd=(0.500,-0.000,0.026)
[INFO] [1784968763.394624263] [cmd_vel_udp_sender]: TIMING_SENDER ros_gap_ms=50.004/52.622/53.247 callback_ms=0.052/0.066/0.071 sendto_ms=0.051/0.065/0.070 cmd_age_ms=30.540 count=20 errors=0 errno=0 seq=839 cmd=(0.500,-0.000,-0.012)
[INFO] [1784968764.394585680] [cmd_vel_udp_sender]: TIMING_SENDER ros_gap_ms=50.101/50.263/52.101 callback_ms=0.049/0.059/0.059 sendto_ms=0.048/0.057/0.057 cmd_age_ms=28.480 count=20 errors=0 errno=0 seq=859 cmd=(0.500,-0.000,0.027)
[INFO] [1784968765.394593743] [cmd_vel_udp_sender]: TIMING_SENDER ros_gap_ms=49.898/55.807/56.110 callback_ms=0.057/0.086/0.100 sendto_ms=0.056/0.084/0.098 cmd_age_ms=30.529 count=20 errors=0 errno=0 seq=879 cmd=(0.500,-0.000,-0.010)
[INFO] [1784968766.394584524] [cmd_vel_udp_sender]: TIMING_SENDER ros_gap_ms=49.995/50.841/50.886 callback_ms=0.056/0.082/0.095 sendto_ms=0.055/0.081/0.093 cmd_age_ms=30.619 count=20 errors=0 errno=0 seq=899 cmd=(0.500,-0.000,0.016)
[INFO] [1784968767.394574092] [cmd_vel_udp_sender]: TIMING_SENDER ros_gap_ms=50.003/54.524/55.724 callback_ms=0.049/0.066/0.068 sendto_ms=0.048/0.065/0.066 cmd_age_ms=30.548 count=20 errors=0 errno=0 seq=919 cmd=(0.500,-0.000,0.021)
[INFO] [1784968768.394560149] [cmd_vel_udp_sender]: TIMING_SENDER ros_gap_ms=49.996/50.279/50.378 callback_ms=0.052/0.069/0.074 sendto_ms=0.051/0.068/0.072 cmd_age_ms=30.609 count=20 errors=0 errno=0 seq=939 cmd=(0.500,-0.000,0.026)
[INFO] [1784968769.394547467] [cmd_vel_udp_sender]: TIMING_SENDER ros_gap_ms=50.143/52.646/53.538 callback_ms=0.052/0.063/0.076 sendto_ms=0.051/0.062/0.074 cmd_age_ms=27.736 count=20 errors=0 errno=0 seq=959 cmd=(0.500,-0.000,-0.029)
[INFO] [1784968770.394499029] [cmd_vel_udp_sender]: TIMING_SENDER ros_gap_ms=49.862/50.172/50.178 callback_ms=0.051/0.070/0.085 sendto_ms=0.050/0.069/0.083 cmd_age_ms=30.451 count=20 errors=0 errno=0 seq=979 cmd=(0.500,-0.000,0.022)
[INFO] [1784968771.394477783] [cmd_vel_udp_sender]: TIMING_SENDER ros_gap_ms=49.994/50.177/50.312 callback_ms=0.052/0.065/0.066 sendto_ms=0.050/0.063/0.064 cmd_age_ms=30.547 count=20 errors=0 errno=0 seq=999 cmd=(0.500,-0.000,0.001)
[INFO] [1784968772.394456342] [cmd_vel_udp_sender]: TIMING_SENDER ros_gap_ms=50.009/54.769/54.819 callback_ms=0.049/0.063/0.069 sendto_ms=0.048/0.061/0.068 cmd_age_ms=30.340 count=20 errors=0 errno=0 seq=1019 cmd=(0.500,-0.000,0.018)
[INFO] [1784968773.394428217] [cmd_vel_udp_sender]: TIMING_SENDER ros_gap_ms=49.988/50.282/57.198 callback_ms=0.050/0.076/0.093 sendto_ms=0.048/0.075/0.091 cmd_age_ms=30.547 count=20 errors=0 errno=0 seq=1039 cmd=(0.500,-0.000,0.019)
[INFO] [1784968774.394404548] [cmd_vel_udp_sender]: TIMING_SENDER ros_gap_ms=50.113/53.153/54.419 callback_ms=0.060/0.090/0.106 sendto_ms=0.058/0.088/0.098 cmd_age_ms=28.257 count=20 errors=0 errno=0 seq=1059 cmd=(0.500,-0.000,-0.017)
[INFO] [1784968775.394387165] [cmd_vel_udp_sender]: TIMING_SENDER ros_gap_ms=49.898/51.078/52.214 callback_ms=0.063/0.095/0.139 sendto_ms=0.062/0.093/0.137 cmd_age_ms=30.276 count=20 errors=0 errno=0 seq=1079 cmd=(0.500,-0.000,0.001)
[INFO] [1784968776.394359816] [cmd_vel_udp_sender]: TIMING_SENDER ros_gap_ms=49.995/52.620/53.905 callback_ms=0.055/0.069/0.083 sendto_ms=0.054/0.068/0.081 cmd_age_ms=30.339 count=20 errors=0 errno=0 seq=1099 cmd=(0.500,-0.000,0.021)
[INFO] [1784968777.394327723] [cmd_vel_udp_sender]: TIMING_SENDER ros_gap_ms=50.008/52.065/56.182 callback_ms=0.051/0.064/0.089 sendto_ms=0.049/0.063/0.087 cmd_age_ms=30.155 count=20 errors=0 errno=0 seq=1119 cmd=(0.500,-0.000,-0.033)
[INFO] [1784968778.394303851] [cmd_vel_udp_sender]: TIMING_SENDER ros_gap_ms=49.989/50.587/50.591 callback_ms=0.060/0.107/0.124 sendto_ms=0.059/0.106/0.123 cmd_age_ms=30.343 count=20 errors=0 errno=0 seq=1139 cmd=(0.500,-0.000,-0.036)
[INFO] [1784968779.394273581] [cmd_vel_udp_sender]: TIMING_SENDER ros_gap_ms=50.049/51.819/54.271 callback_ms=0.061/0.085/0.153 sendto_ms=0.060/0.084/0.152 cmd_age_ms=29.328 count=20 errors=0 errno=0 seq=1159 cmd=(0.500,-0.000,-0.000)
[INFO] [1784968780.394246069] [cmd_vel_udp_sender]: TIMING_SENDER ros_gap_ms=49.948/52.151/55.148 callback_ms=0.050/0.073/0.086 sendto_ms=0.049/0.072/0.084 cmd_age_ms=30.330 count=20 errors=0 errno=0 seq=1179 cmd=(0.500,-0.000,-0.011)
[INFO] [1784968781.394213513] [cmd_vel_udp_sender]: TIMING_SENDER ros_gap_ms=50.006/55.178/55.477 callback_ms=0.059/0.089/0.129 sendto_ms=0.058/0.088/0.128 cmd_age_ms=30.180 count=20 errors=0 errno=0 seq=1199 cmd=(0.500,-0.000,-0.015)
[INFO] [1784968782.394172590] [cmd_vel_udp_sender]: TIMING_SENDER ros_gap_ms=49.995/50.191/50.979 callback_ms=0.056/0.072/0.081 sendto_ms=0.054/0.071/0.080 cmd_age_ms=30.244 count=20 errors=0 errno=0 seq=1219 cmd=(0.500,-0.000,-0.005)
[INFO] [1784968783.394173544] [cmd_vel_udp_sender]: TIMING_SENDER ros_gap_ms=50.195/53.660/57.590 callback_ms=0.059/0.093/0.177 sendto_ms=0.052/0.077/0.092 cmd_age_ms=26.344 count=20 errors=0 errno=0 seq=1239 cmd=(0.500,-0.000,-0.003)
[INFO] [1784968784.394130941] [cmd_vel_udp_sender]: TIMING_SENDER ros_gap_ms=49.816/51.088/52.057 callback_ms=0.050/0.065/0.079 sendto_ms=0.048/0.064/0.077 cmd_age_ms=29.979 count=20 errors=0 errno=0 seq=1259 cmd=(0.500,-0.000,-0.001)
[INFO] [1784968785.394108241] [cmd_vel_udp_sender]: TIMING_SENDER ros_gap_ms=49.998/52.001/53.928 callback_ms=0.054/0.067/0.083 sendto_ms=0.053/0.065/0.081 cmd_age_ms=30.001 count=20 errors=0 errno=0 seq=1279 cmd=(0.500,-0.000,-0.041)
[INFO] [1784968786.394074793] [cmd_vel_udp_sender]: TIMING_SENDER ros_gap_ms=49.997/56.237/56.946 callback_ms=0.054/0.093/0.095 sendto_ms=0.053/0.092/0.093 cmd_age_ms=30.036 count=20 errors=0 errno=0 seq=1299 cmd=(0.500,-0.000,-0.049)
[INFO] [1784968787.394042281] [cmd_vel_udp_sender]: TIMING_SENDER ros_gap_ms=49.993/50.548/50.670 callback_ms=0.053/0.067/0.076 sendto_ms=0.052/0.065/0.074 cmd_age_ms=30.139 count=20 errors=0 errno=0 seq=1319 cmd=(0.500,-0.000,-0.040)
[INFO] [1784968788.393999031] [cmd_vel_udp_sender]: TIMING_SENDER ros_gap_ms=50.013/52.877/53.523 callback_ms=0.055/0.077/0.096 sendto_ms=0.054/0.076/0.094 cmd_age_ms=29.831 count=20 errors=0 errno=0 seq=1339 cmd=(0.500,-0.000,0.012)
[INFO] [1784968789.393974295] [cmd_vel_udp_sender]: TIMING_SENDER ros_gap_ms=49.991/50.766/55.937 callback_ms=0.056/0.068/0.085 sendto_ms=0.054/0.066/0.084 cmd_age_ms=29.982 count=20 errors=0 errno=0 seq=1359 cmd=(0.500,-0.000,-0.024)
[INFO] [1784968790.393936685] [cmd_vel_udp_sender]: TIMING_SENDER ros_gap_ms=50.001/54.522/55.626 callback_ms=0.055/0.082/0.100 sendto_ms=0.054/0.081/0.098 cmd_age_ms=29.927 count=20 errors=0 errno=0 seq=1379 cmd=(0.500,-0.000,0.026)
[INFO] [1784968791.393893343] [cmd_vel_udp_sender]: TIMING_SENDER ros_gap_ms=50.000/50.402/50.891 callback_ms=0.052/0.073/0.103 sendto_ms=0.051/0.072/0.102 cmd_age_ms=29.883 count=20 errors=0 errno=0 seq=1399 cmd=(0.500,-0.000,-0.033)
[INFO] [1784968792.393879919] [cmd_vel_udp_sender]: TIMING_SENDER ros_gap_ms=50.129/52.448/54.992 callback_ms=0.056/0.077/0.078 sendto_ms=0.054/0.075/0.076 cmd_age_ms=27.293 count=20 errors=0 errno=0 seq=1419 cmd=(0.500,-0.000,-0.007)
[INFO] [1784968793.393830725] [cmd_vel_udp_sender]: TIMING_SENDER ros_gap_ms=49.874/50.203/50.301 callback_ms=0.055/0.075/0.079 sendto_ms=0.053/0.074/0.077 cmd_age_ms=29.758 count=20 errors=0 errno=0 seq=1439 cmd=(0.500,-0.000,0.025)
[INFO] [1784968794.393828674] [cmd_vel_udp_sender]: TIMING_SENDER ros_gap_ms=50.003/50.923/67.872 callback_ms=0.051/0.067/0.071 sendto_ms=0.050/0.066/0.069 cmd_age_ms=29.698 count=20 errors=0 errno=0 seq=1459 cmd=(0.500,-0.000,-0.018)
[INFO] [1784968795.393769102] [cmd_vel_udp_sender]: TIMING_SENDER ros_gap_ms=50.007/52.011/55.524 callback_ms=0.048/0.063/0.064 sendto_ms=0.047/0.062/0.063 cmd_age_ms=29.508 count=20 errors=0 errno=0 seq=1479 cmd=(0.500,-0.000,-0.014)
[INFO] [1784968796.393718923] [cmd_vel_udp_sender]: TIMING_SENDER ros_gap_ms=49.993/50.773/52.519 callback_ms=0.046/0.084/0.112 sendto_ms=0.045/0.083/0.111 cmd_age_ms=29.599 count=20 errors=0 errno=0 seq=1499 cmd=(0.500,-0.000,-0.023)
[INFO] [1784968797.393842840] [cmd_vel_udp_sender]: TIMING_SENDER ros_gap_ms=50.068/56.314/56.373 callback_ms=0.047/0.063/0.063 sendto_ms=0.046/0.062/0.062 cmd_age_ms=28.353 count=20 errors=0 errno=0 seq=1519 cmd=(0.500,-0.000,-0.043)
[INFO] [1784968798.393638219] [cmd_vel_udp_sender]: TIMING_SENDER ros_gap_ms=49.991/55.640/58.538 callback_ms=0.047/0.073/0.076 sendto_ms=0.046/0.071/0.075 cmd_age_ms=28.324 count=20 errors=0 errno=0 seq=1539 cmd=(0.500,-0.000,-0.048)
[INFO] [1784968799.393684562] [cmd_vel_udp_sender]: TIMING_SENDER ros_gap_ms=49.951/54.205/58.660 callback_ms=0.044/0.059/0.066 sendto_ms=0.043/0.058/0.065 cmd_age_ms=29.356 count=20 errors=0 errno=0 seq=1559 cmd=(0.500,-0.000,0.035)
[INFO] [1784968800.393593730] [cmd_vel_udp_sender]: TIMING_SENDER ros_gap_ms=50.098/54.923/55.138 callback_ms=0.043/0.050/0.051 sendto_ms=0.042/0.049/0.050 cmd_age_ms=27.289 count=20 errors=0 errno=0 seq=1579 cmd=(0.500,-0.000,-0.057)
[INFO] [1784968801.393520217] [cmd_vel_udp_sender]: TIMING_SENDER ros_gap_ms=49.924/57.919/67.137 callback_ms=0.045/0.064/0.065 sendto_ms=0.044/0.062/0.064 cmd_age_ms=28.761 count=20 errors=0 errno=0 seq=1599 cmd=(0.500,-0.000,-0.025)
[INFO] [1784968802.393582322] [cmd_vel_udp_sender]: TIMING_SENDER ros_gap_ms=50.465/54.722/60.058 callback_ms=0.081/0.150/0.499 sendto_ms=0.079/0.148/0.498 cmd_age_ms=19.524 count=20 errors=0 errno=0 seq=1619 cmd=(0.500,-0.000,-0.004)
[INFO] [1784968803.393462499] [cmd_vel_udp_sender]: TIMING_SENDER ros_gap_ms=49.491/50.652/50.968 callback_ms=0.046/0.065/0.089 sendto_ms=0.045/0.064/0.088 cmd_age_ms=29.574 count=20 errors=0 errno=0 seq=1639 cmd=(0.500,-0.000,-0.054)
[INFO] [1784968804.393390021] [cmd_vel_udp_sender]: TIMING_SENDER ros_gap_ms=49.997/50.265/50.276 callback_ms=0.054/0.069/0.071 sendto_ms=0.052/0.068/0.070 cmd_age_ms=29.564 count=20 errors=0 errno=0 seq=1659 cmd=(0.500,-0.000,-0.033)
[INFO] [1784968805.393354045] [cmd_vel_udp_sender]: TIMING_SENDER ros_gap_ms=50.011/52.619/55.896 callback_ms=0.049/0.063/0.064 sendto_ms=0.047/0.061/0.063 cmd_age_ms=29.308 count=20 errors=0 errno=0 seq=1679 cmd=(0.500,-0.000,-0.036)
[INFO] [1784968806.393313777] [cmd_vel_udp_sender]: TIMING_SENDER ros_gap_ms=49.990/50.267/50.277 callback_ms=0.051/0.061/0.081 sendto_ms=0.049/0.059/0.080 cmd_age_ms=29.466 count=20 errors=0 errno=0 seq=1699 cmd=(0.500,-0.000,-0.056)
[INFO] [1784968807.393267301] [cmd_vel_udp_sender]: TIMING_SENDER ros_gap_ms=50.010/55.900/56.875 callback_ms=0.052/0.063/0.063 sendto_ms=0.051/0.061/0.062 cmd_age_ms=29.226 count=20 errors=0 errno=0 seq=1719 cmd=(0.500,-0.000,-0.026)
[INFO] [1784968808.393220636] [cmd_vel_udp_sender]: TIMING_SENDER ros_gap_ms=49.993/50.856/57.642 callback_ms=0.054/0.074/0.075 sendto_ms=0.052/0.073/0.074 cmd_age_ms=29.313 count=20 errors=0 errno=0 seq=1739 cmd=(0.500,-0.000,0.003)
[INFO] [1784968809.393172027] [cmd_vel_udp_sender]: TIMING_SENDER ros_gap_ms=50.186/53.402/53.444 callback_ms=0.056/0.066/0.098 sendto_ms=0.055/0.065/0.096 cmd_age_ms=25.549 count=20 errors=0 errno=0 seq=1759 cmd=(0.500,-0.000,0.008)
[INFO] [1784968810.393102631] [cmd_vel_udp_sender]: TIMING_SENDER ros_gap_ms=49.821/50.305/55.453 callback_ms=0.052/0.062/0.067 sendto_ms=0.050/0.061/0.066 cmd_age_ms=29.062 count=20 errors=0 errno=0 seq=1779 cmd=(0.500,-0.000,0.014)
[INFO] [1784968811.393088960] [cmd_vel_udp_sender]: TIMING_SENDER ros_gap_ms=50.003/51.577/51.945 callback_ms=0.054/0.065/0.067 sendto_ms=0.052/0.064/0.066 cmd_age_ms=28.980 count=20 errors=0 errno=0 seq=1799 cmd=(0.500,-0.000,-0.018)
[INFO] [1784968812.393056588] [cmd_vel_udp_sender]: TIMING_SENDER ros_gap_ms=49.993/54.241/57.232 callback_ms=0.054/0.077/0.082 sendto_ms=0.053/0.075/0.080 cmd_age_ms=29.088 count=20 errors=0 errno=0 seq=1819 cmd=(0.500,-0.000,0.014)
[INFO] [1784968813.392983762] [cmd_vel_udp_sender]: TIMING_SENDER ros_gap_ms=49.995/50.180/50.186 callback_ms=0.049/0.057/0.057 sendto_ms=0.048/0.055/0.056 cmd_age_ms=29.108 count=20 errors=0 errno=0 seq=1839 cmd=(0.500,-0.000,0.003)
[INFO] [1784968814.392958289] [cmd_vel_udp_sender]: TIMING_SENDER ros_gap_ms=50.009/54.937/55.975 callback_ms=0.049/0.059/0.063 sendto_ms=0.047/0.058/0.062 cmd_age_ms=28.899 count=20 errors=0 errno=0 seq=1859 cmd=(0.500,-0.000,-0.001)
[INFO] [1784968815.392927247] [cmd_vel_udp_sender]: TIMING_SENDER ros_gap_ms=50.001/50.364/51.185 callback_ms=0.062/0.086/0.112 sendto_ms=0.060/0.075/0.110 cmd_age_ms=28.844 count=20 errors=0 errno=0 seq=1879 cmd=(0.500,-0.000,-0.016)
[INFO] [1784968816.392859857] [cmd_vel_udp_sender]: TIMING_SENDER ros_gap_ms=49.998/52.555/52.652 callback_ms=0.053/0.067/0.114 sendto_ms=0.051/0.065/0.112 cmd_age_ms=28.818 count=20 errors=0 errno=0 seq=1899 cmd=(0.500,-0.000,-0.001)
[INFO] [1784968817.392814424] [cmd_vel_udp_sender]: TIMING_SENDER ros_gap_ms=50.001/50.888/51.944 callback_ms=0.053/0.065/0.096 sendto_ms=0.052/0.063/0.095 cmd_age_ms=28.744 count=20 errors=0 errno=0 seq=1919 cmd=(0.500,-0.000,-0.042)
[INFO] [1784968818.392758378] [cmd_vel_udp_sender]: TIMING_SENDER ros_gap_ms=50.374/57.454/57.488 callback_ms=0.056/0.064/0.094 sendto_ms=0.055/0.063/0.092 cmd_age_ms=21.206 count=20 errors=0 errno=0 seq=1939 cmd=(0.500,-0.000,-0.010)
[INFO] [1784968819.392718249] [cmd_vel_udp_sender]: TIMING_SENDER ros_gap_ms=49.627/50.900/50.938 callback_ms=0.052/0.067/0.069 sendto_ms=0.051/0.066/0.068 cmd_age_ms=28.630 count=20 errors=0 errno=0 seq=1959 cmd=(0.500,-0.000,0.001)
[INFO] [1784968820.392684729] [cmd_vel_udp_sender]: TIMING_SENDER ros_gap_ms=49.998/50.702/50.703 callback_ms=0.052/0.065/0.067 sendto_ms=0.051/0.064/0.066 cmd_age_ms=28.635 count=20 errors=0 errno=0 seq=1979 cmd=(0.500,-0.000,-0.034)
[INFO] [1784968821.392608031] [cmd_vel_udp_sender]: TIMING_SENDER ros_gap_ms=49.999/55.488/58.053 callback_ms=0.050/0.062/0.069 sendto_ms=0.049/0.061/0.067 cmd_age_ms=28.578 count=20 errors=0 errno=0 seq=1999 cmd=(0.500,-0.000,-0.008)
[INFO] [1784968822.392558461] [cmd_vel_udp_sender]: TIMING_SENDER ros_gap_ms=50.094/53.041/53.081 callback_ms=0.052/0.064/0.078 sendto_ms=0.051/0.063/0.077 cmd_age_ms=26.655 count=20 errors=0 errno=0 seq=2019 cmd=(0.500,-0.000,-0.017)
[INFO] [1784968823.392512311] [cmd_vel_udp_sender]: TIMING_SENDER ros_gap_ms=49.908/53.561/54.041 callback_ms=0.057/0.064/0.146 sendto_ms=0.056/0.063/0.144 cmd_age_ms=28.451 count=20 errors=0 errno=0 seq=2039 cmd=(0.500,-0.000,-0.043)
[INFO] [1784968824.392486290] [cmd_vel_udp_sender]: TIMING_SENDER ros_gap_ms=50.003/50.327/50.402 callback_ms=0.053/0.068/0.069 sendto_ms=0.052/0.066/0.067 cmd_age_ms=28.363 count=20 errors=0 errno=0 seq=2059 cmd=(0.500,-0.000,-0.014)
[INFO] [1784968825.392395474] [cmd_vel_udp_sender]: TIMING_SENDER ros_gap_ms=50.001/54.598/56.178 callback_ms=0.051/0.063/0.065 sendto_ms=0.050/0.061/0.063 cmd_age_ms=28.254 count=20 errors=0 errno=0 seq=2079 cmd=(0.500,-0.000,-0.049)
[INFO] [1784968826.392346071] [cmd_vel_udp_sender]: TIMING_SENDER ros_gap_ms=49.995/50.334/50.730 callback_ms=0.058/0.071/0.085 sendto_ms=0.057/0.070/0.084 cmd_age_ms=28.306 count=20 errors=0 errno=0 seq=2099 cmd=(0.500,-0.000,-0.021)
[INFO] [1784968827.392308806] [cmd_vel_udp_sender]: TIMING_SENDER ros_gap_ms=49.990/50.600/50.898 callback_ms=0.065/0.066/0.311 sendto_ms=0.064/0.065/0.310 cmd_age_ms=28.474 count=20 errors=0 errno=0 seq=2119 cmd=(0.500,-0.000,-0.016)
[INFO] [1784968828.392258370] [cmd_vel_udp_sender]: TIMING_SENDER ros_gap_ms=50.056/55.486/55.905 callback_ms=0.056/0.080/0.166 sendto_ms=0.055/0.078/0.165 cmd_age_ms=27.293 count=20 errors=0 errno=0 seq=2139 cmd=(0.500,-0.000,-0.039)
[INFO] [1784968829.392198576] [cmd_vel_udp_sender]: TIMING_SENDER ros_gap_ms=49.959/50.925/51.121 callback_ms=0.053/0.067/0.094 sendto_ms=0.052/0.065/0.093 cmd_age_ms=28.064 count=20 errors=0 errno=0 seq=2159 cmd=(0.500,-0.000,0.028)
[INFO] [1784968830.392140978] [cmd_vel_udp_sender]: TIMING_SENDER ros_gap_ms=50.011/54.219/54.257 callback_ms=0.050/0.065/0.124 sendto_ms=0.048/0.063/0.123 cmd_age_ms=27.783 count=20 errors=0 errno=0 seq=2179 cmd=(0.500,-0.000,0.039)
[INFO] [1784968831.392038286] [cmd_vel_udp_sender]: TIMING_SENDER ros_gap_ms=49.987/50.956/53.265 callback_ms=0.050/0.059/0.105 sendto_ms=0.049/0.058/0.104 cmd_age_ms=27.940 count=20 errors=0 errno=0 seq=2199 cmd=(0.500,-0.000,0.002)
[INFO] [1784968832.392026112] [cmd_vel_udp_sender]: TIMING_SENDER ros_gap_ms=50.004/54.117/57.821 callback_ms=0.048/0.064/0.068 sendto_ms=0.047/0.063/0.067 cmd_age_ms=27.838 count=20 errors=0 errno=0 seq=2219 cmd=(0.500,-0.000,-0.049)
[INFO] [1784968833.391985234] [cmd_vel_udp_sender]: TIMING_SENDER ros_gap_ms=50.003/50.785/50.940 callback_ms=0.050/0.073/0.075 sendto_ms=0.049/0.071/0.073 cmd_age_ms=27.740 count=20 errors=0 errno=0 seq=2239 cmd=(0.500,-0.000,-0.008)
[INFO] [1784968834.391917863] [cmd_vel_udp_sender]: TIMING_SENDER ros_gap_ms=49.991/52.119/56.575 callback_ms=0.051/0.065/0.077 sendto_ms=0.050/0.063/0.076 cmd_age_ms=27.848 count=20 errors=0 errno=0 seq=2259 cmd=(0.500,-0.000,-0.018)
[INFO] [1784968835.391874302] [cmd_vel_udp_sender]: TIMING_SENDER ros_gap_ms=50.008/52.949/53.200 callback_ms=0.053/0.067/0.075 sendto_ms=0.052/0.066/0.073 cmd_age_ms=27.642 count=20 errors=0 errno=0 seq=2279 cmd=(0.500,-0.000,-0.009)
[INFO] [1784968836.391819999] [cmd_vel_udp_sender]: TIMING_SENDER ros_gap_ms=50.024/51.154/52.895 callback_ms=0.058/0.066/0.199 sendto_ms=0.056/0.065/0.198 cmd_age_ms=27.104 count=20 errors=0 errno=0 seq=2299 cmd=(0.500,-0.000,-0.010)
[INFO] [1784968837.397494018] [cmd_vel_udp_sender]: TIMING_SENDER ros_gap_ms=50.007/54.994/69.684 callback_ms=0.059/0.129/0.172 sendto_ms=0.058/0.128/0.170 cmd_age_ms=32.632 count=20 errors=0 errno=0 seq=2319 cmd=(0.500,-0.000,0.008)
[INFO] [1784968838.391704228] [cmd_vel_udp_sender]: TIMING_SENDER ros_gap_ms=50.213/54.530/59.609 callback_ms=0.051/0.068/0.089 sendto_ms=0.049/0.067/0.088 cmd_age_ms=22.581 count=20 errors=0 errno=0 seq=2339 cmd=(0.500,-0.000,-0.003)
[INFO] [1784968839.391638192] [cmd_vel_udp_sender]: TIMING_SENDER ros_gap_ms=49.759/56.511/91.786 callback_ms=0.046/0.062/0.063 sendto_ms=0.045/0.061/0.061 cmd_age_ms=27.341 count=20 errors=0 errno=0 seq=2359 cmd=(0.500,-0.000,-0.068)
[INFO] [1784968840.391573072] [cmd_vel_udp_sender]: TIMING_SENDER ros_gap_ms=50.030/54.825/56.030 callback_ms=0.089/0.150/0.862 sendto_ms=0.088/0.149/0.860 cmd_age_ms=26.680 count=20 errors=0 errno=0 seq=2379 cmd=(0.500,-0.000,0.031)
[INFO] [1784968841.391517543] [cmd_vel_udp_sender]: TIMING_SENDER ros_gap_ms=50.234/54.946/55.107 callback_ms=0.047/0.073/0.117 sendto_ms=0.045/0.072/0.116 cmd_age_ms=21.952 count=20 errors=0 errno=0 seq=2399 cmd=(0.500,-0.000,0.034)
[INFO] [1784968842.391458297] [cmd_vel_udp_sender]: TIMING_SENDER ros_gap_ms=49.736/55.806/56.767 callback_ms=0.048/0.065/0.153 sendto_ms=0.047/0.063/0.151 cmd_age_ms=27.182 count=20 errors=0 errno=0 seq=2419 cmd=(0.500,-0.000,0.013)
[INFO] [1784968843.392221399] [cmd_vel_udp_sender]: TIMING_SENDER ros_gap_ms=49.995/59.071/59.709 callback_ms=0.060/0.222/0.227 sendto_ms=0.059/0.220/0.226 cmd_age_ms=28.047 count=20 errors=0 errno=0 seq=2439 cmd=(0.500,-0.000,0.016)
[INFO] [1784968844.391331289] [cmd_vel_udp_sender]: TIMING_SENDER ros_gap_ms=49.997/52.565/58.207 callback_ms=0.046/0.065/0.066 sendto_ms=0.045/0.063/0.065 cmd_age_ms=27.207 count=20 errors=0 errno=0 seq=2459 cmd=(0.500,-0.000,0.014)
[INFO] [1784968845.391268334] [cmd_vel_udp_sender]: TIMING_SENDER ros_gap_ms=50.035/51.714/53.175 callback_ms=0.047/0.056/0.059 sendto_ms=0.045/0.054/0.058 cmd_age_ms=26.438 count=20 errors=0 errno=0 seq=2479 cmd=(0.500,-0.000,-0.019)
[INFO] [1784968846.391217832] [cmd_vel_udp_sender]: TIMING_SENDER ros_gap_ms=50.037/52.898/54.689 callback_ms=0.055/0.071/0.072 sendto_ms=0.054/0.070/0.070 cmd_age_ms=25.651 count=20 errors=0 errno=0 seq=2499 cmd=(0.500,-0.000,-0.020)
[INFO] [1784968847.391153932] [cmd_vel_udp_sender]: TIMING_SENDER ros_gap_ms=49.927/50.900/51.242 callback_ms=0.062/0.091/0.169 sendto_ms=0.061/0.090/0.167 cmd_age_ms=27.046 count=20 errors=0 errno=0 seq=2519 cmd=(0.500,-0.000,-0.040)
[INFO] [1784968848.391101020] [cmd_vel_udp_sender]: TIMING_SENDER ros_gap_ms=50.008/51.485/57.749 callback_ms=0.051/0.075/0.084 sendto_ms=0.050/0.074/0.082 cmd_age_ms=26.830 count=20 errors=0 errno=0 seq=2539 cmd=(0.500,-0.000,-0.008)
[INFO] [1784968849.391024830] [cmd_vel_udp_sender]: TIMING_SENDER ros_gap_ms=49.987/51.794/52.195 callback_ms=0.052/0.073/0.074 sendto_ms=0.051/0.071/0.072 cmd_age_ms=27.020 count=20 errors=0 errno=0 seq=2559 cmd=(0.500,-0.000,-0.002)
[INFO] [1784968850.390971376] [cmd_vel_udp_sender]: TIMING_SENDER ros_gap_ms=50.003/51.015/66.089 callback_ms=0.063/0.091/0.106 sendto_ms=0.062/0.090/0.105 cmd_age_ms=26.908 count=20 errors=0 errno=0 seq=2579 cmd=(0.500,-0.000,0.008)
[INFO] [1784968851.390904088] [cmd_vel_udp_sender]: TIMING_SENDER ros_gap_ms=49.999/53.148/54.263 callback_ms=0.048/0.057/0.066 sendto_ms=0.047/0.055/0.064 cmd_age_ms=26.856 count=20 errors=0 errno=0 seq=2599 cmd=(0.500,-0.000,0.029)
[INFO] [1784968852.390841144] [cmd_vel_udp_sender]: TIMING_SENDER ros_gap_ms=49.991/51.164/56.563 callback_ms=0.052/0.066/0.076 sendto_ms=0.051/0.064/0.075 cmd_age_ms=26.966 count=20 errors=0 errno=0 seq=2619 cmd=(0.500,-0.000,0.006)
[INFO] [1784968853.390793585] [cmd_vel_udp_sender]: TIMING_SENDER ros_gap_ms=50.009/50.568/55.547 callback_ms=0.054/0.076/0.076 sendto_ms=0.053/0.074/0.075 cmd_age_ms=26.731 count=20 errors=0 errno=0 seq=2639 cmd=(0.500,-0.000,0.010)
[INFO] [1784968854.390710859] [cmd_vel_udp_sender]: TIMING_SENDER ros_gap_ms=49.997/50.074/50.087 callback_ms=0.072/0.064/0.523 sendto_ms=0.071/0.062/0.522 cmd_age_ms=26.699 count=20 errors=0 errno=0 seq=2659 cmd=(0.500,-0.000,0.029)
[INFO] [1784968855.390647844] [cmd_vel_udp_sender]: TIMING_SENDER ros_gap_ms=50.040/50.673/51.447 callback_ms=0.057/0.079/0.142 sendto_ms=0.056/0.077/0.141 cmd_age_ms=25.842 count=20 errors=0 errno=0 seq=2679 cmd=(0.500,-0.000,-0.036)
[INFO] [1784968856.390612926] [cmd_vel_udp_sender]: TIMING_SENDER ros_gap_ms=50.021/51.782/52.445 callback_ms=0.065/0.157/0.219 sendto_ms=0.064/0.155/0.217 cmd_age_ms=25.392 count=20 errors=0 errno=0 seq=2699 cmd=(0.500,-0.000,-0.045)
[INFO] [1784968857.390560543] [cmd_vel_udp_sender]: TIMING_SENDER ros_gap_ms=49.945/50.819/59.141 callback_ms=0.049/0.061/0.068 sendto_ms=0.047/0.059/0.067 cmd_age_ms=26.429 count=20 errors=0 errno=0 seq=2719 cmd=(0.500,-0.000,-0.049)
[INFO] [1784968858.390460011] [cmd_vel_udp_sender]: TIMING_SENDER ros_gap_ms=50.001/53.073/54.631 callback_ms=0.052/0.065/0.066 sendto_ms=0.051/0.063/0.065 cmd_age_ms=26.307 count=20 errors=0 errno=0 seq=2739 cmd=(0.500,-0.000,-0.051)
[INFO] [1784968859.390443357] [cmd_vel_udp_sender]: TIMING_SENDER ros_gap_ms=49.995/51.014/51.665 callback_ms=0.052/0.065/0.071 sendto_ms=0.051/0.063/0.069 cmd_age_ms=26.388 count=20 errors=0 errno=0 seq=2759 cmd=(0.500,-0.000,-0.002)
[INFO] [1784968860.390355010] [cmd_vel_udp_sender]: TIMING_SENDER ros_gap_ms=50.003/52.986/53.895 callback_ms=0.053/0.072/0.076 sendto_ms=0.051/0.070/0.074 cmd_age_ms=26.238 count=20 errors=0 errno=0 seq=2779 cmd=(0.500,-0.000,-0.013)
[INFO] [1784968861.390274039] [cmd_vel_udp_sender]: TIMING_SENDER ros_gap_ms=50.268/50.874/55.371 callback_ms=0.053/0.064/0.068 sendto_ms=0.052/0.063/0.066 cmd_age_ms=20.791 count=20 errors=0 errno=0 seq=2799 cmd=(0.500,-0.000,-0.014)
[INFO] [1784968862.390189024] [cmd_vel_udp_sender]: TIMING_SENDER ros_gap_ms=49.728/51.411/52.121 callback_ms=0.094/0.064/0.963 sendto_ms=0.092/0.063/0.961 cmd_age_ms=26.148 count=20 errors=0 errno=0 seq=2819 cmd=(0.500,-0.000,-0.013)
[INFO] [1784968863.390137756] [cmd_vel_udp_sender]: TIMING_SENDER ros_gap_ms=49.999/50.549/56.515 callback_ms=0.051/0.065/0.068 sendto_ms=0.050/0.063/0.067 cmd_age_ms=26.123 count=20 errors=0 errno=0 seq=2839 cmd=(0.500,-0.000,-0.036)
[INFO] [1784968864.390062194] [cmd_vel_udp_sender]: TIMING_SENDER ros_gap_ms=50.057/53.524/61.248 callback_ms=0.054/0.076/0.076 sendto_ms=0.053/0.074/0.075 cmd_age_ms=24.909 count=20 errors=0 errno=0 seq=2859 cmd=(0.500,-0.000,-0.034)
[INFO] [1784968865.389998050] [cmd_vel_udp_sender]: TIMING_SENDER ros_gap_ms=49.946/51.549/55.743 callback_ms=0.053/0.071/0.071 sendto_ms=0.050/0.065/0.070 cmd_age_ms=25.923 count=20 errors=0 errno=0 seq=2879 cmd=(0.500,-0.000,-0.015)
[INFO] [1784968866.389938287] [cmd_vel_udp_sender]: TIMING_SENDER ros_gap_ms=50.046/51.095/51.133 callback_ms=0.059/0.089/0.114 sendto_ms=0.057/0.087/0.113 cmd_age_ms=24.951 count=20 errors=0 errno=0 seq=2899 cmd=(0.500,-0.000,-0.043)
[INFO] [1784968867.389886683] [cmd_vel_udp_sender]: TIMING_SENDER ros_gap_ms=49.963/53.711/54.361 callback_ms=0.051/0.064/0.064 sendto_ms=0.049/0.062/0.062 cmd_age_ms=25.636 count=20 errors=0 errno=0 seq=2919 cmd=(0.500,-0.000,-0.019)
[INFO] [1784968868.389791501] [cmd_vel_udp_sender]: TIMING_SENDER ros_gap_ms=49.988/50.392/51.079 callback_ms=0.056/0.068/0.074 sendto_ms=0.055/0.067/0.073 cmd_age_ms=25.786 count=20 errors=0 errno=0 seq=2939 cmd=(0.500,-0.000,0.018)
[INFO] [1784968869.389729954] [cmd_vel_udp_sender]: TIMING_SENDER ros_gap_ms=50.003/54.068/54.588 callback_ms=0.051/0.064/0.066 sendto_ms=0.050/0.063/0.064 cmd_age_ms=25.670 count=20 errors=0 errno=0 seq=2959 cmd=(0.500,-0.000,-0.047)
[INFO] [1784968870.389667934] [cmd_vel_udp_sender]: TIMING_SENDER ros_gap_ms=49.998/50.902/50.942 callback_ms=0.052/0.063/0.074 sendto_ms=0.051/0.062/0.073 cmd_age_ms=25.654 count=20 errors=0 errno=0 seq=2979 cmd=(0.500,-0.000,-0.028)
[INFO] [1784968871.389604932] [cmd_vel_udp_sender]: TIMING_SENDER ros_gap_ms=50.007/51.579/51.775 callback_ms=0.051/0.063/0.070 sendto_ms=0.049/0.062/0.068 cmd_age_ms=25.445 count=20 errors=0 errno=0 seq=2999 cmd=(0.500,-0.000,0.005)
[INFO] [1784968872.389520088] [cmd_vel_udp_sender]: TIMING_SENDER ros_gap_ms=49.994/52.786/54.742 callback_ms=0.049/0.061/0.067 sendto_ms=0.047/0.060/0.065 cmd_age_ms=25.486 count=20 errors=0 errno=0 seq=3019 cmd=(0.500,-0.000,-0.022)
[INFO] [1784968873.389483733] [cmd_vel_udp_sender]: TIMING_SENDER ros_gap_ms=49.992/50.271/54.464 callback_ms=0.054/0.067/0.096 sendto_ms=0.053/0.066/0.095 cmd_age_ms=25.615 count=20 errors=0 errno=0 seq=3039 cmd=(0.500,-0.000,-0.001)
[INFO] [1784968874.389444900] [cmd_vel_udp_sender]: TIMING_SENDER ros_gap_ms=50.012/51.427/52.135 callback_ms=0.057/0.072/0.081 sendto_ms=0.055/0.070/0.080 cmd_age_ms=25.332 count=20 errors=0 errno=0 seq=3059 cmd=(0.500,-0.000,-0.382)
[INFO] [1784968875.389328524] [cmd_vel_udp_sender]: TIMING_SENDER ros_gap_ms=50.002/50.194/51.432 callback_ms=0.048/0.060/0.073 sendto_ms=0.047/0.059/0.071 cmd_age_ms=25.170 count=20 errors=0 errno=0 seq=3079 cmd=(0.250,-0.000,-0.450)
[INFO] [1784968876.389243240] [cmd_vel_udp_sender]: TIMING_SENDER ros_gap_ms=49.996/56.038/61.230 callback_ms=0.052/0.069/0.103 sendto_ms=0.050/0.068/0.101 cmd_age_ms=25.160 count=20 errors=0 errno=0 seq=3099 cmd=(0.250,-0.000,-0.450)
[INFO] [1784968877.391438073] [cmd_vel_udp_sender]: TIMING_SENDER ros_gap_ms=50.123/52.137/54.743 callback_ms=0.052/0.066/0.095 sendto_ms=0.050/0.065/0.093 cmd_age_ms=24.886 count=20 errors=0 errno=0 seq=3119 cmd=(0.500,-0.000,-0.295)
[INFO] [1784968878.389132805] [cmd_vel_udp_sender]: TIMING_SENDER ros_gap_ms=49.880/52.183/57.992 callback_ms=0.045/0.055/0.055 sendto_ms=0.044/0.053/0.054 cmd_age_ms=24.975 count=20 errors=0 errno=0 seq=3139 cmd=(0.500,-0.000,-0.234)
[INFO] [1784968879.391010755] [cmd_vel_udp_sender]: TIMING_SENDER ros_gap_ms=50.011/52.637/58.152 callback_ms=0.052/0.080/0.159 sendto_ms=0.051/0.079/0.158 cmd_age_ms=26.638 count=20 errors=0 errno=0 seq=3159 cmd=(0.500,-0.000,-0.163)
[INFO] [1784968880.388944890] [cmd_vel_udp_sender]: TIMING_SENDER ros_gap_ms=49.978/53.741/72.474 callback_ms=0.041/0.049/0.053 sendto_ms=0.040/0.048/0.052 cmd_age_ms=25.011 count=20 errors=0 errno=0 seq=3179 cmd=(0.500,-0.000,-0.041)
[INFO] [1784968881.388881956] [cmd_vel_udp_sender]: TIMING_SENDER ros_gap_ms=50.041/57.857/59.645 callback_ms=0.049/0.089/0.114 sendto_ms=0.048/0.088/0.113 cmd_age_ms=24.135 count=20 errors=0 errno=0 seq=3199 cmd=(0.500,-0.000,-0.010)
[INFO] [1784968882.388829680] [cmd_vel_udp_sender]: TIMING_SENDER ros_gap_ms=50.067/51.321/55.991 callback_ms=0.067/0.234/0.314 sendto_ms=0.066/0.233/0.312 cmd_age_ms=22.734 count=20 errors=0 errno=0 seq=3219 cmd=(0.500,-0.000,-0.019)
[INFO] [1784968883.388727813] [cmd_vel_udp_sender]: TIMING_SENDER ros_gap_ms=49.921/57.655/61.402 callback_ms=0.139/0.073/1.942 sendto_ms=0.137/0.072/1.940 cmd_age_ms=24.220 count=20 errors=0 errno=0 seq=3239 cmd=(0.500,-0.000,0.043)
[INFO] [1784968884.388657824] [cmd_vel_udp_sender]: TIMING_SENDER ros_gap_ms=50.029/54.181/54.296 callback_ms=0.044/0.053/0.063 sendto_ms=0.042/0.052/0.062 cmd_age_ms=23.566 count=20 errors=0 errno=0 seq=3259 cmd=(0.500,-0.000,0.032)
[INFO] [1784968885.388593957] [cmd_vel_udp_sender]: TIMING_SENDER ros_gap_ms=49.945/54.234/60.802 callback_ms=0.052/0.065/0.124 sendto_ms=0.051/0.064/0.123 cmd_age_ms=24.593 count=20 errors=0 errno=0 seq=3279 cmd=(0.500,-0.000,0.036)
[INFO] [1784968886.388514743] [cmd_vel_udp_sender]: TIMING_SENDER ros_gap_ms=50.103/53.696/54.184 callback_ms=0.047/0.059/0.059 sendto_ms=0.046/0.057/0.058 cmd_age_ms=22.451 count=20 errors=0 errno=0 seq=3299 cmd=(0.500,-0.000,0.052)
[INFO] [1784968887.388448535] [cmd_vel_udp_sender]: TIMING_SENDER ros_gap_ms=49.924/50.266/52.104 callback_ms=0.053/0.064/0.065 sendto_ms=0.051/0.063/0.063 cmd_age_ms=23.914 count=20 errors=0 errno=0 seq=3319 cmd=(0.500,-0.000,0.019)
[INFO] [1784968888.388365993] [cmd_vel_udp_sender]: TIMING_SENDER ros_gap_ms=49.983/50.734/55.232 callback_ms=0.048/0.059/0.061 sendto_ms=0.046/0.058/0.060 cmd_age_ms=24.173 count=20 errors=0 errno=0 seq=3339 cmd=(0.500,-0.000,-0.008)
[INFO] [1784968889.388288462] [cmd_vel_udp_sender]: TIMING_SENDER ros_gap_ms=50.034/54.137/56.180 callback_ms=0.056/0.080/0.168 sendto_ms=0.055/0.079/0.167 cmd_age_ms=23.412 count=20 errors=0 errno=0 seq=3359 cmd=(0.500,-0.000,0.013)
[INFO] [1784968890.388234150] [cmd_vel_udp_sender]: TIMING_SENDER ros_gap_ms=49.974/50.563/50.852 callback_ms=0.061/0.074/0.247 sendto_ms=0.059/0.072/0.246 cmd_age_ms=23.870 count=20 errors=0 errno=0 seq=3379 cmd=(0.500,-0.000,-0.003)
[INFO] [1784968891.388153334] [cmd_vel_udp_sender]: TIMING_SENDER ros_gap_ms=50.035/54.095/55.049 callback_ms=0.052/0.068/0.075 sendto_ms=0.050/0.067/0.073 cmd_age_ms=23.092 count=20 errors=0 errno=0 seq=3399 cmd=(0.500,-0.000,0.007)
[INFO] [1784968892.388071103] [cmd_vel_udp_sender]: TIMING_SENDER ros_gap_ms=49.968/50.952/54.416 callback_ms=0.055/0.085/0.091 sendto_ms=0.054/0.083/0.089 cmd_age_ms=23.646 count=20 errors=0 errno=0 seq=3419 cmd=(0.500,-0.000,-0.039)
[INFO] [1784968893.387996163] [cmd_vel_udp_sender]: TIMING_SENDER ros_gap_ms=50.008/52.068/52.802 callback_ms=0.048/0.064/0.065 sendto_ms=0.046/0.063/0.064 cmd_age_ms=23.416 count=20 errors=0 errno=0 seq=3439 cmd=(0.500,-0.000,0.006)
[INFO] [1784968894.387916325] [cmd_vel_udp_sender]: TIMING_SENDER ros_gap_ms=50.014/50.817/54.528 callback_ms=0.052/0.069/0.071 sendto_ms=0.051/0.067/0.070 cmd_age_ms=23.046 count=20 errors=0 errno=0 seq=3459 cmd=(0.500,-0.000,-0.001)
[INFO] [1784968895.387838789] [cmd_vel_udp_sender]: TIMING_SENDER ros_gap_ms=49.965/51.101/57.121 callback_ms=0.051/0.064/0.087 sendto_ms=0.050/0.062/0.086 cmd_age_ms=23.661 count=20 errors=0 errno=0 seq=3479 cmd=(0.500,-0.000,-0.006)
[INFO] [1784968896.387774117] [cmd_vel_udp_sender]: TIMING_SENDER ros_gap_ms=50.098/55.397/56.710 callback_ms=0.050/0.059/0.062 sendto_ms=0.048/0.058/0.061 cmd_age_ms=21.641 count=20 errors=0 errno=0 seq=3499 cmd=(0.500,-0.000,0.007)
[INFO] [1784968897.387686314] [cmd_vel_udp_sender]: TIMING_SENDER ros_gap_ms=49.894/50.222/50.844 callback_ms=0.052/0.064/0.114 sendto_ms=0.051/0.063/0.112 cmd_age_ms=23.675 count=20 errors=0 errno=0 seq=3519 cmd=(0.500,-0.000,-0.018)
[INFO] [1784968898.387616019] [cmd_vel_udp_sender]: TIMING_SENDER ros_gap_ms=50.000/54.383/57.424 callback_ms=0.053/0.069/0.093 sendto_ms=0.051/0.068/0.091 cmd_age_ms=23.607 count=20 errors=0 errno=0 seq=3539 cmd=(0.500,-0.000,-0.011)
[INFO] [1784968899.387529028] [cmd_vel_udp_sender]: TIMING_SENDER ros_gap_ms=49.996/50.814/51.006 callback_ms=0.072/0.088/0.371 sendto_ms=0.070/0.086/0.369 cmd_age_ms=23.598 count=20 errors=0 errno=0 seq=3559 cmd=(0.500,-0.000,0.004)
[INFO] [1784968900.387467068] [cmd_vel_udp_sender]: TIMING_SENDER ros_gap_ms=50.016/57.394/57.774 callback_ms=0.053/0.068/0.074 sendto_ms=0.051/0.067/0.072 cmd_age_ms=23.222 count=20 errors=0 errno=0 seq=3579 cmd=(0.500,-0.000,-0.035)
[INFO] [1784968901.387386945] [cmd_vel_udp_sender]: TIMING_SENDER ros_gap_ms=49.997/50.698/50.981 callback_ms=0.053/0.066/0.087 sendto_ms=0.052/0.065/0.085 cmd_age_ms=23.210 count=20 errors=0 errno=0 seq=3599 cmd=(0.500,-0.000,-0.030)
[INFO] [1784968902.387320113] [cmd_vel_udp_sender]: TIMING_SENDER ros_gap_ms=49.993/55.422/57.075 callback_ms=0.057/0.060/0.210 sendto_ms=0.055/0.058/0.208 cmd_age_ms=23.280 count=20 errors=0 errno=0 seq=3619 cmd=(0.500,-0.000,-0.020)
[INFO] [1784968903.387217970] [cmd_vel_udp_sender]: TIMING_SENDER ros_gap_ms=50.000/55.551/57.794 callback_ms=0.055/0.066/0.068 sendto_ms=0.054/0.065/0.067 cmd_age_ms=23.173 count=20 errors=0 errno=0 seq=3639 cmd=(0.500,-0.000,-0.005)
[INFO] [1784968904.387142658] [cmd_vel_udp_sender]: TIMING_SENDER ros_gap_ms=50.003/53.136/57.254 callback_ms=0.052/0.063/0.065 sendto_ms=0.050/0.061/0.064 cmd_age_ms=23.045 count=20 errors=0 errno=0 seq=3659 cmd=(0.500,-0.000,-0.007)
[INFO] [1784968905.387086403] [cmd_vel_udp_sender]: TIMING_SENDER ros_gap_ms=50.001/55.857/56.486 callback_ms=0.051/0.061/0.071 sendto_ms=0.049/0.060/0.069 cmd_age_ms=22.962 count=20 errors=0 errno=0 seq=3679 cmd=(0.500,-0.000,-0.019)
[INFO] [1784968906.387005306] [cmd_vel_udp_sender]: TIMING_SENDER ros_gap_ms=49.995/51.089/51.165 callback_ms=0.054/0.088/0.111 sendto_ms=0.053/0.086/0.110 cmd_age_ms=22.983 count=20 errors=0 errno=0 seq=3699 cmd=(0.500,-0.000,-0.017)
[INFO] [1784968907.386974884] [cmd_vel_udp_sender]: TIMING_SENDER ros_gap_ms=50.139/52.197/52.212 callback_ms=0.048/0.071/0.077 sendto_ms=0.046/0.070/0.075 cmd_age_ms=20.180 count=20 errors=0 errno=0 seq=3719 cmd=(0.500,-0.000,-0.009)
[INFO] [1784968908.388422896] [cmd_vel_udp_sender]: TIMING_SENDER ros_gap_ms=49.978/63.325/65.419 callback_ms=0.046/0.061/0.073 sendto_ms=0.044/0.059/0.072 cmd_age_ms=22.060 count=20 errors=0 errno=0 seq=3739 cmd=(0.500,-0.000,-0.009)
[INFO] [1784968909.386841862] [cmd_vel_udp_sender]: TIMING_SENDER ros_gap_ms=50.089/53.021/54.139 callback_ms=0.047/0.052/0.053 sendto_ms=0.046/0.051/0.051 cmd_age_ms=18.703 count=20 errors=0 errno=0 seq=3759 cmd=(0.500,-0.000,0.012)
[INFO] [1784968910.386618795] [cmd_vel_udp_sender]: TIMING_SENDER ros_gap_ms=49.841/56.711/75.208 callback_ms=0.078/0.334/0.375 sendto_ms=0.077/0.333/0.373 cmd_age_ms=21.655 count=20 errors=0 errno=0 seq=3779 cmd=(0.500,-0.000,-0.016)
[INFO] [1784968911.386591263] [cmd_vel_udp_sender]: TIMING_SENDER ros_gap_ms=49.968/55.774/58.178 callback_ms=0.044/0.048/0.052 sendto_ms=0.042/0.047/0.050 cmd_age_ms=22.271 count=20 errors=0 errno=0 seq=3799 cmd=(0.500,-0.000,-0.022)
[INFO] [1784968912.386516566] [cmd_vel_udp_sender]: TIMING_SENDER ros_gap_ms=50.001/53.460/55.836 callback_ms=0.069/0.150/0.151 sendto_ms=0.068/0.149/0.149 cmd_age_ms=22.173 count=20 errors=0 errno=0 seq=3819 cmd=(0.500,-0.000,-0.022)
[INFO] [1784968913.386427950] [cmd_vel_udp_sender]: TIMING_SENDER ros_gap_ms=50.040/52.627/54.175 callback_ms=0.063/0.099/0.146 sendto_ms=0.061/0.097/0.144 cmd_age_ms=21.290 count=20 errors=0 errno=0 seq=3839 cmd=(0.500,-0.000,-0.073)
[INFO] [1784968914.386352392] [cmd_vel_udp_sender]: TIMING_SENDER ros_gap_ms=49.955/54.315/59.757 callback_ms=0.046/0.067/0.073 sendto_ms=0.044/0.065/0.071 cmd_age_ms=22.112 count=20 errors=0 errno=0 seq=3859 cmd=(0.500,-0.000,-0.063)
[INFO] [1784968915.386279783] [cmd_vel_udp_sender]: TIMING_SENDER ros_gap_ms=50.242/61.484/87.874 callback_ms=0.052/0.077/0.100 sendto_ms=0.051/0.075/0.098 cmd_age_ms=17.189 count=20 errors=0 errno=0 seq=3879 cmd=(0.500,-0.000,-0.057)
[INFO] [1784968916.386203083] [cmd_vel_udp_sender]: TIMING_SENDER ros_gap_ms=49.748/50.399/53.651 callback_ms=0.045/0.062/0.064 sendto_ms=0.044/0.061/0.063 cmd_age_ms=22.157 count=20 errors=0 errno=0 seq=3899 cmd=(0.500,-0.000,-0.010)
[INFO] [1784968917.386109529] [cmd_vel_udp_sender]: TIMING_SENDER ros_gap_ms=49.999/50.187/50.212 callback_ms=0.053/0.091/0.091 sendto_ms=0.052/0.089/0.090 cmd_age_ms=22.090 count=20 errors=0 errno=0 seq=3919 cmd=(0.500,-0.000,-0.003)
[INFO] [1784968918.386024400] [cmd_vel_udp_sender]: TIMING_SENDER ros_gap_ms=50.005/56.256/56.322 callback_ms=0.052/0.072/0.083 sendto_ms=0.051/0.070/0.081 cmd_age_ms=21.914 count=20 errors=0 errno=0 seq=3939 cmd=(0.500,-0.000,-0.008)
[INFO] [1784968919.385968239] [cmd_vel_udp_sender]: TIMING_SENDER ros_gap_ms=49.994/51.820/53.282 callback_ms=0.054/0.073/0.074 sendto_ms=0.053/0.071/0.073 cmd_age_ms=21.974 count=20 errors=0 errno=0 seq=3959 cmd=(0.500,-0.000,-0.012)
[INFO] [1784968920.385875422] [cmd_vel_udp_sender]: TIMING_SENDER ros_gap_ms=50.002/55.186/57.843 callback_ms=0.050/0.064/0.065 sendto_ms=0.049/0.062/0.063 cmd_age_ms=21.831 count=20 errors=0 errno=0 seq=3979 cmd=(0.500,-0.000,0.008)
[INFO] [1784968921.385788443] [cmd_vel_udp_sender]: TIMING_SENDER ros_gap_ms=50.260/52.957/55.337 callback_ms=0.064/0.092/0.176 sendto_ms=0.063/0.091/0.175 cmd_age_ms=16.548 count=20 errors=0 errno=0 seq=3999 cmd=(0.500,-0.000,0.008)
[INFO] [1784968922.385731238] [cmd_vel_udp_sender]: TIMING_SENDER ros_gap_ms=49.749/57.318/58.982 callback_ms=0.058/0.082/0.085 sendto_ms=0.057/0.080/0.084 cmd_age_ms=21.515 count=20 errors=0 errno=0 seq=4019 cmd=(0.500,-0.000,-0.021)
[INFO] [1784968923.385608520] [cmd_vel_udp_sender]: TIMING_SENDER ros_gap_ms=49.990/50.842/50.908 callback_ms=0.049/0.065/0.066 sendto_ms=0.048/0.063/0.065 cmd_age_ms=21.587 count=20 errors=0 errno=0 seq=4039 cmd=(0.500,-0.000,-0.024)
[INFO] [1784968924.385530905] [cmd_vel_udp_sender]: TIMING_SENDER ros_gap_ms=50.174/53.416/54.938 callback_ms=0.060/0.091/0.140 sendto_ms=0.059/0.089/0.139 cmd_age_ms=18.032 count=20 errors=0 errno=0 seq=4059 cmd=(0.500,-0.000,0.020)
[INFO] [1784968925.385513466] [cmd_vel_udp_sender]: TIMING_SENDER ros_gap_ms=49.836/50.319/52.802 callback_ms=0.047/0.058/0.067 sendto_ms=0.046/0.056/0.065 cmd_age_ms=21.290 count=20 errors=0 errno=0 seq=4079 cmd=(0.500,-0.000,-0.027)
[INFO] [1784968926.385395257] [cmd_vel_udp_sender]: TIMING_SENDER ros_gap_ms=50.002/54.554/55.235 callback_ms=0.050/0.063/0.064 sendto_ms=0.048/0.061/0.062 cmd_age_ms=21.129 count=20 errors=0 errno=0 seq=4099 cmd=(0.500,-0.000,-0.000)
[INFO] [1784968927.385287632] [cmd_vel_udp_sender]: TIMING_SENDER ros_gap_ms=49.988/59.218/61.001 callback_ms=0.050/0.063/0.092 sendto_ms=0.049/0.061/0.090 cmd_age_ms=21.260 count=20 errors=0 errno=0 seq=4119 cmd=(0.500,-0.000,0.014)
[INFO] [1784968928.385219325] [cmd_vel_udp_sender]: TIMING_SENDER ros_gap_ms=49.996/51.105/52.265 callback_ms=0.058/0.070/0.139 sendto_ms=0.057/0.068/0.138 cmd_age_ms=21.272 count=20 errors=0 errno=0 seq=4139 cmd=(0.500,-0.000,-0.017)
[INFO] [1784968929.385112168] [cmd_vel_udp_sender]: TIMING_SENDER ros_gap_ms=50.013/57.177/58.082 callback_ms=0.059/0.096/0.138 sendto_ms=0.058/0.094/0.137 cmd_age_ms=20.900 count=20 errors=0 errno=0 seq=4159 cmd=(0.500,-0.000,-0.002)
[INFO] [1784968930.385075882] [cmd_vel_udp_sender]: TIMING_SENDER ros_gap_ms=49.995/51.980/57.033 callback_ms=0.054/0.076/0.094 sendto_ms=0.053/0.075/0.093 cmd_age_ms=20.969 count=20 errors=0 errno=0 seq=4179 cmd=(0.500,-0.000,0.023)
[INFO] [1784968931.384981072] [cmd_vel_udp_sender]: TIMING_SENDER ros_gap_ms=49.995/50.872/51.172 callback_ms=0.051/0.064/0.070 sendto_ms=0.050/0.063/0.068 cmd_age_ms=20.980 count=20 errors=0 errno=0 seq=4199 cmd=(0.500,-0.000,0.001)
[INFO] [1784968932.384875606] [cmd_vel_udp_sender]: TIMING_SENDER ros_gap_ms=50.001/51.110/54.823 callback_ms=0.050/0.066/0.087 sendto_ms=0.049/0.065/0.085 cmd_age_ms=20.847 count=20 errors=0 errno=0 seq=4219 cmd=(0.500,-0.000,0.007)
[INFO] [1784968933.384780412] [cmd_vel_udp_sender]: TIMING_SENDER ros_gap_ms=50.000/50.263/50.395 callback_ms=0.055/0.065/0.117 sendto_ms=0.053/0.064/0.116 cmd_age_ms=20.743 count=20 errors=0 errno=0 seq=4239 cmd=(0.500,-0.000,-0.002)
[INFO] [1784968934.384708772] [cmd_vel_udp_sender]: TIMING_SENDER ros_gap_ms=50.009/56.427/57.257 callback_ms=0.050/0.063/0.076 sendto_ms=0.049/0.062/0.075 cmd_age_ms=20.491 count=20 errors=0 errno=0 seq=4259 cmd=(0.500,-0.000,-0.023)
[INFO] [1784968935.384640847] [cmd_vel_udp_sender]: TIMING_SENDER ros_gap_ms=49.998/54.185/54.755 callback_ms=0.064/0.066/0.308 sendto_ms=0.063/0.064/0.307 cmd_age_ms=20.462 count=20 errors=0 errno=0 seq=4279 cmd=(0.500,-0.000,-0.040)
[INFO] [1784968936.384520036] [cmd_vel_udp_sender]: TIMING_SENDER ros_gap_ms=49.994/56.657/57.388 callback_ms=0.051/0.065/0.067 sendto_ms=0.049/0.064/0.065 cmd_age_ms=20.465 count=20 errors=0 errno=0 seq=4299 cmd=(0.500,-0.000,-0.036)
[INFO] [1784968937.384677450] [cmd_vel_udp_sender]: TIMING_SENDER ros_gap_ms=49.996/50.756/50.919 callback_ms=0.048/0.059/0.061 sendto_ms=0.046/0.058/0.060 cmd_age_ms=20.711 count=20 errors=0 errno=0 seq=4319 cmd=(0.500,-0.000,-0.052)
[INFO] [1784968938.384364320] [cmd_vel_udp_sender]: TIMING_SENDER ros_gap_ms=50.341/55.375/56.635 callback_ms=0.048/0.061/0.064 sendto_ms=0.047/0.060/0.063 cmd_age_ms=13.588 count=20 errors=0 errno=0 seq=4339 cmd=(0.500,-0.000,-0.024)
[INFO] [1784968939.384302955] [cmd_vel_udp_sender]: TIMING_SENDER ros_gap_ms=49.662/50.582/51.751 callback_ms=0.053/0.067/0.076 sendto_ms=0.052/0.066/0.075 cmd_age_ms=20.278 count=20 errors=0 errno=0 seq=4359 cmd=(0.500,-0.000,-0.011)
[INFO] [1784968940.384179271] [cmd_vel_udp_sender]: TIMING_SENDER ros_gap_ms=50.007/52.303/59.429 callback_ms=0.051/0.067/0.067 sendto_ms=0.050/0.065/0.066 cmd_age_ms=20.013 count=20 errors=0 errno=0 seq=4379 cmd=(0.500,-0.000,-0.053)
[INFO] [1784968941.384154503] [cmd_vel_udp_sender]: TIMING_SENDER ros_gap_ms=50.002/55.465/57.216 callback_ms=0.093/0.306/0.601 sendto_ms=0.091/0.304/0.599 cmd_age_ms=19.940 count=20 errors=0 errno=0 seq=4399 cmd=(0.500,-0.000,0.004)
[INFO] [1784968942.384019711] [cmd_vel_udp_sender]: TIMING_SENDER ros_gap_ms=49.985/50.999/57.437 callback_ms=0.049/0.066/0.072 sendto_ms=0.047/0.064/0.070 cmd_age_ms=20.102 count=20 errors=0 errno=0 seq=4419 cmd=(0.500,-0.000,0.009)
[INFO] [1784968943.384128913] [cmd_vel_udp_sender]: TIMING_SENDER ros_gap_ms=50.113/54.898/55.184 callback_ms=0.059/0.088/0.090 sendto_ms=0.057/0.087/0.088 cmd_age_ms=17.949 count=20 errors=0 errno=0 seq=4439 cmd=(0.500,-0.000,-0.030)
[INFO] [1784968944.383848694] [cmd_vel_udp_sender]: TIMING_SENDER ros_gap_ms=50.221/61.474/63.233 callback_ms=0.051/0.070/0.108 sendto_ms=0.049/0.069/0.107 cmd_age_ms=13.244 count=20 errors=0 errno=0 seq=4459 cmd=(0.500,-0.000,0.033)
[INFO] [1784968945.389098703] [cmd_vel_udp_sender]: TIMING_SENDER ros_gap_ms=49.686/52.531/57.073 callback_ms=0.049/0.062/0.068 sendto_ms=0.047/0.061/0.066 cmd_age_ms=24.784 count=20 errors=0 errno=0 seq=4479 cmd=(0.500,-0.000,-0.005)
[INFO] [1784968946.383783854] [cmd_vel_udp_sender]: TIMING_SENDER ros_gap_ms=50.217/57.074/70.430 callback_ms=0.050/0.062/0.066 sendto_ms=0.049/0.061/0.064 cmd_age_ms=15.123 count=20 errors=0 errno=0 seq=4499 cmd=(0.500,-0.000,-0.026)
[INFO] [1784968947.383620132] [cmd_vel_udp_sender]: TIMING_SENDER ros_gap_ms=49.780/51.993/52.689 callback_ms=0.052/0.063/0.063 sendto_ms=0.050/0.062/0.062 cmd_age_ms=19.353 count=20 errors=0 errno=0 seq=4519 cmd=(0.500,-0.000,-0.032)
[INFO] [1784968948.383530411] [cmd_vel_udp_sender]: TIMING_SENDER ros_gap_ms=50.267/57.372/58.718 callback_ms=0.051/0.092/0.103 sendto_ms=0.050/0.090/0.102 cmd_age_ms=13.915 count=20 errors=0 errno=0 seq=4539 cmd=(0.500,-0.000,-0.024)
[INFO] [1784968949.383585852] [cmd_vel_udp_sender]: TIMING_SENDER ros_gap_ms=49.948/60.336/73.252 callback_ms=0.058/0.067/0.159 sendto_ms=0.056/0.065/0.158 cmd_age_ms=15.016 count=20 errors=0 errno=0 seq=4559 cmd=(0.500,-0.000,-0.032)
[INFO] [1784968950.383330050] [cmd_vel_udp_sender]: TIMING_SENDER ros_gap_ms=49.763/52.725/52.956 callback_ms=0.053/0.067/0.072 sendto_ms=0.052/0.065/0.070 cmd_age_ms=19.497 count=20 errors=0 errno=0 seq=4579 cmd=(0.500,-0.000,-0.012)
[INFO] [1784968951.383324524] [cmd_vel_udp_sender]: TIMING_SENDER ros_gap_ms=50.052/53.954/70.236 callback_ms=0.051/0.071/0.118 sendto_ms=0.050/0.070/0.116 cmd_age_ms=18.442 count=20 errors=0 errno=0 seq=4599 cmd=(0.500,-0.000,-0.035)
[INFO] [1784968952.383148384] [cmd_vel_udp_sender]: TIMING_SENDER ros_gap_ms=50.013/50.389/50.424 callback_ms=0.049/0.060/0.064 sendto_ms=0.048/0.058/0.063 cmd_age_ms=18.009 count=20 errors=0 errno=0 seq=4619 cmd=(0.500,-0.000,0.002)
[INFO] [1784968953.383064906] [cmd_vel_udp_sender]: TIMING_SENDER ros_gap_ms=49.948/55.002/56.838 callback_ms=0.051/0.064/0.068 sendto_ms=0.049/0.063/0.066 cmd_age_ms=18.966 count=20 errors=0 errno=0 seq=4639 cmd=(0.500,-0.000,-0.022)
[INFO] [1784968954.382962036] [cmd_vel_udp_sender]: TIMING_SENDER ros_gap_ms=50.001/51.382/51.527 callback_ms=0.060/0.093/0.096 sendto_ms=0.059/0.091/0.095 cmd_age_ms=18.835 count=20 errors=0 errno=0 seq=4659 cmd=(0.500,-0.000,0.005)
[INFO] [1784968955.382895257] [cmd_vel_udp_sender]: TIMING_SENDER ros_gap_ms=50.104/52.177/59.455 callback_ms=0.051/0.067/0.071 sendto_ms=0.049/0.065/0.070 cmd_age_ms=16.681 count=20 errors=0 errno=0 seq=4679 cmd=(0.500,-0.000,-0.033)
[INFO] [1784968956.382832896] [cmd_vel_udp_sender]: TIMING_SENDER ros_gap_ms=49.896/50.628/51.020 callback_ms=0.056/0.075/0.077 sendto_ms=0.054/0.073/0.075 cmd_age_ms=18.698 count=20 errors=0 errno=0 seq=4699 cmd=(0.500,-0.000,-0.023)
[INFO] [1784968957.382728108] [cmd_vel_udp_sender]: TIMING_SENDER ros_gap_ms=50.000/50.264/50.524 callback_ms=0.049/0.062/0.080 sendto_ms=0.047/0.060/0.079 cmd_age_ms=18.596 count=20 errors=0 errno=0 seq=4719 cmd=(0.500,-0.000,-0.026)
[INFO] [1784968958.382606652] [cmd_vel_udp_sender]: TIMING_SENDER ros_gap_ms=49.999/52.598/53.814 callback_ms=0.048/0.069/0.070 sendto_ms=0.047/0.068/0.069 cmd_age_ms=18.502 count=20 errors=0 errno=0 seq=4739 cmd=(0.500,-0.000,0.011)
[INFO] [1784968959.382531021] [cmd_vel_udp_sender]: TIMING_SENDER ros_gap_ms=49.996/50.464/50.964 callback_ms=0.065/0.080/0.240 sendto_ms=0.064/0.078/0.239 cmd_age_ms=18.509 count=20 errors=0 errno=0 seq=4759 cmd=(0.500,-0.000,0.000)
[INFO] [1784968960.382461412] [cmd_vel_udp_sender]: TIMING_SENDER ros_gap_ms=50.007/52.090/53.665 callback_ms=0.054/0.075/0.092 sendto_ms=0.053/0.073/0.090 cmd_age_ms=18.289 count=20 errors=0 errno=0 seq=4779 cmd=(0.500,-0.000,0.003)
[INFO] [1784968961.382376706] [cmd_vel_udp_sender]: TIMING_SENDER ros_gap_ms=50.005/50.894/52.471 callback_ms=0.055/0.069/0.098 sendto_ms=0.053/0.068/0.096 cmd_age_ms=18.114 count=20 errors=0 errno=0 seq=4799 cmd=(0.500,-0.000,-0.003)
[INFO] [1784968962.382291848] [cmd_vel_udp_sender]: TIMING_SENDER ros_gap_ms=49.990/52.653/55.319 callback_ms=0.057/0.091/0.091 sendto_ms=0.055/0.089/0.089 cmd_age_ms=18.229 count=20 errors=0 errno=0 seq=4819 cmd=(0.500,-0.000,0.005)
[INFO] [1784968963.382305999] [cmd_vel_udp_sender]: TIMING_SENDER ros_gap_ms=49.999/51.812/57.005 callback_ms=0.052/0.066/0.067 sendto_ms=0.051/0.064/0.065 cmd_age_ms=18.268 count=20 errors=0 errno=0 seq=4839 cmd=(0.500,-0.000,0.017)
[INFO] [1784968964.382081558] [cmd_vel_udp_sender]: TIMING_SENDER ros_gap_ms=49.991/50.185/56.642 callback_ms=0.052/0.063/0.086 sendto_ms=0.051/0.061/0.085 cmd_age_ms=18.223 count=20 errors=0 errno=0 seq=4859 cmd=(0.500,-0.000,-0.005)
[INFO] [1784968965.381989852] [cmd_vel_udp_sender]: TIMING_SENDER ros_gap_ms=50.012/54.896/55.118 callback_ms=0.055/0.069/0.073 sendto_ms=0.054/0.067/0.071 cmd_age_ms=17.899 count=20 errors=0 errno=0 seq=4879 cmd=(0.500,-0.000,-0.006)
[INFO] [1784968966.381913198] [cmd_vel_udp_sender]: TIMING_SENDER ros_gap_ms=50.009/51.524/57.848 callback_ms=0.053/0.068/0.072 sendto_ms=0.052/0.066/0.071 cmd_age_ms=17.637 count=20 errors=0 errno=0 seq=4899 cmd=(0.500,-0.000,-0.010)
[INFO] [1784968967.381798353] [cmd_vel_udp_sender]: TIMING_SENDER ros_gap_ms=49.987/50.895/54.172 callback_ms=0.050/0.060/0.071 sendto_ms=0.049/0.059/0.069 cmd_age_ms=17.774 count=20 errors=0 errno=0 seq=4919 cmd=(0.500,-0.000,-0.011)
[INFO] [1784968968.381725856] [cmd_vel_udp_sender]: TIMING_SENDER ros_gap_ms=49.996/50.651/50.825 callback_ms=0.056/0.072/0.073 sendto_ms=0.054/0.070/0.071 cmd_age_ms=17.786 count=20 errors=0 errno=0 seq=4939 cmd=(0.500,-0.000,0.004)
[INFO] [1784968969.381642687] [cmd_vel_udp_sender]: TIMING_SENDER ros_gap_ms=50.008/53.580/53.647 callback_ms=0.060/0.075/0.238 sendto_ms=0.058/0.074/0.237 cmd_age_ms=17.537 count=20 errors=0 errno=0 seq=4959 cmd=(0.500,-0.000,-0.012)
[INFO] [1784968970.381543410] [cmd_vel_udp_sender]: TIMING_SENDER ros_gap_ms=49.998/51.911/52.910 callback_ms=0.059/0.076/0.189 sendto_ms=0.058/0.075/0.188 cmd_age_ms=17.474 count=20 errors=0 errno=0 seq=4979 cmd=(0.500,-0.000,-0.013)
[INFO] [1784968971.381461780] [cmd_vel_udp_sender]: TIMING_SENDER ros_gap_ms=50.004/50.734/50.740 callback_ms=0.046/0.063/0.065 sendto_ms=0.045/0.062/0.064 cmd_age_ms=17.306 count=20 errors=0 errno=0 seq=4999 cmd=(0.500,-0.000,-0.017)
[INFO] [1784968972.381375211] [cmd_vel_udp_sender]: TIMING_SENDER ros_gap_ms=50.006/52.934/60.039 callback_ms=0.057/0.124/0.127 sendto_ms=0.056/0.123/0.126 cmd_age_ms=17.095 count=20 errors=0 errno=0 seq=5019 cmd=(0.500,-0.000,-0.017)
[INFO] [1784968973.381285974] [cmd_vel_udp_sender]: TIMING_SENDER ros_gap_ms=50.020/57.315/58.583 callback_ms=0.096/0.507/0.553 sendto_ms=0.092/0.506/0.552 cmd_age_ms=16.601 count=20 errors=0 errno=0 seq=5039 cmd=(0.500,-0.000,0.009)
[INFO] [1784968974.381188632] [cmd_vel_udp_sender]: TIMING_SENDER ros_gap_ms=49.972/59.073/59.955 callback_ms=0.051/0.061/0.070 sendto_ms=0.049/0.060/0.068 cmd_age_ms=17.068 count=20 errors=0 errno=0 seq=5059 cmd=(0.500,-0.000,-0.015)
[INFO] [1784968975.381110511] [cmd_vel_udp_sender]: TIMING_SENDER ros_gap_ms=50.019/54.955/55.011 callback_ms=0.046/0.054/0.130 sendto_ms=0.045/0.053/0.128 cmd_age_ms=16.618 count=20 errors=0 errno=0 seq=5079 cmd=(0.500,-0.000,-0.037)
[INFO] [1784968976.381056635] [cmd_vel_udp_sender]: TIMING_SENDER ros_gap_ms=49.982/57.029/61.673 callback_ms=0.047/0.065/0.141 sendto_ms=0.046/0.063/0.139 cmd_age_ms=16.922 count=20 errors=0 errno=0 seq=5099 cmd=(0.500,-0.000,-0.008)
[INFO] [1784968977.380901514] [cmd_vel_udp_sender]: TIMING_SENDER ros_gap_ms=49.985/54.876/70.190 callback_ms=0.043/0.058/0.076 sendto_ms=0.042/0.056/0.074 cmd_age_ms=17.071 count=20 errors=0 errno=0 seq=5119 cmd=(0.500,-0.000,0.000)
[INFO] [1784968978.380819148] [cmd_vel_udp_sender]: TIMING_SENDER ros_gap_ms=50.010/55.112/70.771 callback_ms=0.061/0.071/0.109 sendto_ms=0.059/0.070/0.107 cmd_age_ms=16.783 count=20 errors=0 errno=0 seq=5139 cmd=(0.500,-0.000,-0.008)
[INFO] [1784968979.380722955] [cmd_vel_udp_sender]: TIMING_SENDER ros_gap_ms=50.006/50.919/51.007 callback_ms=0.052/0.064/0.079 sendto_ms=0.050/0.063/0.077 cmd_age_ms=16.573 count=20 errors=0 errno=0 seq=5159 cmd=(0.500,-0.000,0.008)
[INFO] [1784968980.380631749] [cmd_vel_udp_sender]: TIMING_SENDER ros_gap_ms=49.994/51.951/55.365 callback_ms=0.050/0.074/0.086 sendto_ms=0.047/0.062/0.072 cmd_age_ms=16.595 count=20 errors=0 errno=0 seq=5179 cmd=(0.500,-0.000,0.007)
[INFO] [1784968981.380570521] [cmd_vel_udp_sender]: TIMING_SENDER ros_gap_ms=50.002/50.810/52.792 callback_ms=0.049/0.060/0.060 sendto_ms=0.048/0.059/0.059 cmd_age_ms=16.457 count=20 errors=0 errno=0 seq=5199 cmd=(0.500,-0.000,-0.023)
[INFO] [1784968982.380463536] [cmd_vel_udp_sender]: TIMING_SENDER ros_gap_ms=50.177/53.503/59.545 callback_ms=0.053/0.084/0.150 sendto_ms=0.051/0.082/0.148 cmd_age_ms=12.840 count=20 errors=0 errno=0 seq=5219 cmd=(0.500,-0.000,0.005)
[INFO] [1784968983.380355111] [cmd_vel_udp_sender]: TIMING_SENDER ros_gap_ms=49.880/51.072/51.258 callback_ms=0.053/0.078/0.100 sendto_ms=0.051/0.077/0.099 cmd_age_ms=15.123 count=20 errors=0 errno=0 seq=5239 cmd=(0.500,-0.000,-0.004)
[INFO] [1784968984.380268571] [cmd_vel_udp_sender]: TIMING_SENDER ros_gap_ms=49.951/50.695/51.045 callback_ms=0.054/0.070/0.071 sendto_ms=0.052/0.069/0.070 cmd_age_ms=16.009 count=20 errors=0 errno=0 seq=5259 cmd=(0.500,-0.000,-0.020)
[INFO] [1784968985.380144981] [cmd_vel_udp_sender]: TIMING_SENDER ros_gap_ms=49.993/51.233/52.248 callback_ms=0.048/0.058/0.061 sendto_ms=0.046/0.057/0.060 cmd_age_ms=16.028 count=20 errors=0 errno=0 seq=5279 cmd=(0.500,-0.000,-0.018)
[INFO] [1784968986.380082186] [cmd_vel_udp_sender]: TIMING_SENDER ros_gap_ms=49.994/51.347/51.410 callback_ms=0.055/0.072/0.081 sendto_ms=0.054/0.070/0.080 cmd_age_ms=16.078 count=20 errors=0 errno=0 seq=5299 cmd=(0.500,-0.000,-0.017)
[INFO] [1784968987.380005476] [cmd_vel_udp_sender]: TIMING_SENDER ros_gap_ms=50.003/52.914/55.385 callback_ms=0.052/0.067/0.092 sendto_ms=0.051/0.066/0.090 cmd_age_ms=15.938 count=20 errors=0 errno=0 seq=5319 cmd=(0.500,-0.000,0.016)
[INFO] [1784968988.379904517] [cmd_vel_udp_sender]: TIMING_SENDER ros_gap_ms=49.994/50.843/55.290 callback_ms=0.054/0.066/0.070 sendto_ms=0.052/0.065/0.068 cmd_age_ms=15.951 count=20 errors=0 errno=0 seq=5339 cmd=(0.500,-0.000,-0.030)
[INFO] [1784968989.379801866] [cmd_vel_udp_sender]: TIMING_SENDER ros_gap_ms=50.005/52.542/54.367 callback_ms=0.047/0.059/0.063 sendto_ms=0.046/0.058/0.061 cmd_age_ms=15.756 count=20 errors=0 errno=0 seq=5359 cmd=(0.500,-0.000,-0.008)
[INFO] [1784968990.379696886] [cmd_vel_udp_sender]: TIMING_SENDER ros_gap_ms=50.004/50.780/53.374 callback_ms=0.052/0.069/0.069 sendto_ms=0.051/0.067/0.068 cmd_age_ms=15.577 count=20 errors=0 errno=0 seq=5379 cmd=(0.500,-0.000,-0.030)
[INFO] [1784968991.379616615] [cmd_vel_udp_sender]: TIMING_SENDER ros_gap_ms=49.986/50.676/50.850 callback_ms=0.056/0.077/0.091 sendto_ms=0.055/0.076/0.089 cmd_age_ms=15.785 count=20 errors=0 errno=0 seq=5399 cmd=(0.500,-0.000,-0.065)
[INFO] [1784968992.379551966] [cmd_vel_udp_sender]: TIMING_SENDER ros_gap_ms=50.017/55.325/58.141 callback_ms=0.054/0.065/0.066 sendto_ms=0.052/0.064/0.065 cmd_age_ms=15.371 count=20 errors=0 errno=0 seq=5419 cmd=(0.500,-0.000,-0.075)
[INFO] [1784968993.379420868] [cmd_vel_udp_sender]: TIMING_SENDER ros_gap_ms=49.991/50.239/51.052 callback_ms=0.052/0.082/0.090 sendto_ms=0.051/0.081/0.089 cmd_age_ms=15.419 count=20 errors=0 errno=0 seq=5439 cmd=(0.500,-0.000,-0.059)
[INFO] [1784968994.379331952] [cmd_vel_udp_sender]: TIMING_SENDER ros_gap_ms=50.003/51.433/52.732 callback_ms=0.055/0.069/0.104 sendto_ms=0.054/0.068/0.102 cmd_age_ms=15.265 count=20 errors=0 errno=0 seq=5459 cmd=(0.500,-0.000,-0.097)
[INFO] [1784968995.379231848] [cmd_vel_udp_sender]: TIMING_SENDER ros_gap_ms=50.001/50.985/55.747 callback_ms=0.053/0.065/0.093 sendto_ms=0.052/0.064/0.092 cmd_age_ms=15.153 count=20 errors=0 errno=0 seq=5479 cmd=(0.500,-0.000,-0.086)
[INFO] [1784968996.379148969] [cmd_vel_udp_sender]: TIMING_SENDER ros_gap_ms=50.134/52.614/54.396 callback_ms=0.052/0.070/0.095 sendto_ms=0.051/0.068/0.094 cmd_age_ms=12.397 count=20 errors=0 errno=0 seq=5499 cmd=(0.500,-0.000,-0.057)
[INFO] [1784968997.379062872] [cmd_vel_udp_sender]: TIMING_SENDER ros_gap_ms=49.865/54.432/55.108 callback_ms=0.055/0.065/0.070 sendto_ms=0.054/0.064/0.069 cmd_age_ms=15.008 count=20 errors=0 errno=0 seq=5519 cmd=(0.500,-0.000,-0.071)
[INFO] [1784968998.378946903] [cmd_vel_udp_sender]: TIMING_SENDER ros_gap_ms=49.999/51.431/58.862 callback_ms=0.048/0.060/0.063 sendto_ms=0.047/0.059/0.061 cmd_age_ms=14.915 count=20 errors=0 errno=0 seq=5539 cmd=(0.500,-0.000,-0.034)
[INFO] [1784968999.378871328] [cmd_vel_udp_sender]: TIMING_SENDER ros_gap_ms=50.007/50.335/53.829 callback_ms=0.052/0.065/0.066 sendto_ms=0.051/0.064/0.065 cmd_age_ms=14.709 count=20 errors=0 errno=0 seq=5559 cmd=(0.500,-0.000,-0.008)
[INFO] [1784969000.378781178] [cmd_vel_udp_sender]: TIMING_SENDER ros_gap_ms=50.051/62.840/73.648 callback_ms=0.048/0.064/0.069 sendto_ms=0.047/0.063/0.067 cmd_age_ms=13.607 count=20 errors=0 errno=0 seq=5579 cmd=(0.500,-0.000,-0.014)
[INFO] [1784969001.378675558] [cmd_vel_udp_sender]: TIMING_SENDER ros_gap_ms=49.993/58.567/59.453 callback_ms=0.050/0.053/0.131 sendto_ms=0.049/0.052/0.129 cmd_age_ms=13.647 count=20 errors=0 errno=0 seq=5599 cmd=(0.500,-0.000,-0.011)
[INFO] [1784969002.378571362] [cmd_vel_udp_sender]: TIMING_SENDER ros_gap_ms=50.167/52.591/54.240 callback_ms=0.044/0.052/0.062 sendto_ms=0.043/0.051/0.061 cmd_age_ms=10.202 count=20 errors=0 errno=0 seq=5619 cmd=(0.500,-0.000,0.025)
[INFO] [1784969003.378554216] [cmd_vel_udp_sender]: TIMING_SENDER ros_gap_ms=49.786/53.834/57.686 callback_ms=0.047/0.060/0.060 sendto_ms=0.046/0.058/0.058 cmd_age_ms=14.462 count=20 errors=0 errno=0 seq=5639 cmd=(0.500,-0.000,-0.036)
[INFO] [1784969004.378393454] [cmd_vel_udp_sender]: TIMING_SENDER ros_gap_ms=50.109/53.871/58.163 callback_ms=0.060/0.102/0.250 sendto_ms=0.058/0.101/0.249 cmd_age_ms=12.122 count=20 errors=0 errno=0 seq=5659 cmd=(0.500,-0.000,-0.005)
[INFO] [1784969005.378374587] [cmd_vel_udp_sender]: TIMING_SENDER ros_gap_ms=49.888/50.843/51.201 callback_ms=0.056/0.079/0.144 sendto_ms=0.049/0.060/0.068 cmd_age_ms=14.337 count=20 errors=0 errno=0 seq=5679 cmd=(0.500,-0.000,-0.010)
[INFO] [1784969006.378203370] [cmd_vel_udp_sender]: TIMING_SENDER ros_gap_ms=50.008/50.260/52.947 callback_ms=0.048/0.067/0.074 sendto_ms=0.047/0.065/0.073 cmd_age_ms=14.001 count=20 errors=0 errno=0 seq=5699 cmd=(0.500,-0.000,-0.009)
[INFO] [1784969007.378087337] [cmd_vel_udp_sender]: TIMING_SENDER ros_gap_ms=49.992/53.191/54.921 callback_ms=0.050/0.072/0.075 sendto_ms=0.048/0.070/0.074 cmd_age_ms=14.052 count=20 errors=0 errno=0 seq=5719 cmd=(0.500,-0.000,0.002)
[INFO] [1784969008.378005595] [cmd_vel_udp_sender]: TIMING_SENDER ros_gap_ms=49.996/51.213/52.145 callback_ms=0.049/0.063/0.064 sendto_ms=0.047/0.062/0.063 cmd_age_ms=14.049 count=20 errors=0 errno=0 seq=5739 cmd=(0.500,-0.000,0.009)
[INFO] [1784969009.377915333] [cmd_vel_udp_sender]: TIMING_SENDER ros_gap_ms=50.010/52.103/57.518 callback_ms=0.053/0.080/0.090 sendto_ms=0.051/0.078/0.088 cmd_age_ms=13.751 count=20 errors=0 errno=0 seq=5759 cmd=(0.500,-0.000,0.000)
[INFO] [1784969010.377819207] [cmd_vel_udp_sender]: TIMING_SENDER ros_gap_ms=49.999/51.401/53.354 callback_ms=0.055/0.068/0.073 sendto_ms=0.054/0.066/0.072 cmd_age_ms=13.677 count=20 errors=0 errno=0 seq=5779 cmd=(0.500,-0.000,0.010)
[INFO] [1784969011.377771261] [cmd_vel_udp_sender]: TIMING_SENDER ros_gap_ms=50.012/53.131/53.323 callback_ms=0.054/0.079/0.079 sendto_ms=0.052/0.077/0.078 cmd_age_ms=13.385 count=20 errors=0 errno=0 seq=5799 cmd=(0.500,-0.000,0.060)
[INFO] [1784969012.377621110] [cmd_vel_udp_sender]: TIMING_SENDER ros_gap_ms=49.989/50.990/51.008 callback_ms=0.054/0.067/0.133 sendto_ms=0.053/0.066/0.132 cmd_age_ms=13.446 count=20 errors=0 errno=0 seq=5819 cmd=(0.500,-0.000,-0.006)
[INFO] [1784969013.377530820] [cmd_vel_udp_sender]: TIMING_SENDER ros_gap_ms=49.985/53.838/57.174 callback_ms=0.051/0.066/0.072 sendto_ms=0.050/0.065/0.070 cmd_age_ms=13.666 count=20 errors=0 errno=0 seq=5839 cmd=(0.500,-0.000,0.013)
[INFO] [1784969014.377432141] [cmd_vel_udp_sender]: TIMING_SENDER ros_gap_ms=50.014/54.921/58.507 callback_ms=0.082/0.141/0.490 sendto_ms=0.081/0.139/0.488 cmd_age_ms=13.282 count=20 errors=0 errno=0 seq=5859 cmd=(0.500,-0.000,0.008)
[INFO] [1784969015.377378637] [cmd_vel_udp_sender]: TIMING_SENDER ros_gap_ms=49.998/50.681/52.895 callback_ms=0.063/0.122/0.235 sendto_ms=0.061/0.120/0.233 cmd_age_ms=13.258 count=20 errors=0 errno=0 seq=5879 cmd=(0.500,-0.000,-0.005)
[INFO] [1784969016.377232691] [cmd_vel_udp_sender]: TIMING_SENDER ros_gap_ms=49.998/52.195/52.467 callback_ms=0.055/0.078/0.080 sendto_ms=0.053/0.076/0.079 cmd_age_ms=13.158 count=20 errors=0 errno=0 seq=5899 cmd=(0.500,-0.000,0.031)
[INFO] [1784969017.377146448] [cmd_vel_udp_sender]: TIMING_SENDER ros_gap_ms=49.998/50.712/53.243 callback_ms=0.058/0.079/0.084 sendto_ms=0.056/0.078/0.082 cmd_age_ms=13.104 count=20 errors=0 errno=0 seq=5919 cmd=(0.500,-0.000,-0.005)
[INFO] [1784969018.377075882] [cmd_vel_udp_sender]: TIMING_SENDER ros_gap_ms=50.005/55.396/59.026 callback_ms=0.055/0.077/0.081 sendto_ms=0.054/0.076/0.079 cmd_age_ms=12.940 count=20 errors=0 errno=0 seq=5939 cmd=(0.500,-0.000,-0.020)
[INFO] [1784969019.376971206] [cmd_vel_udp_sender]: TIMING_SENDER ros_gap_ms=49.996/52.667/70.726 callback_ms=0.060/0.089/0.187 sendto_ms=0.059/0.088/0.185 cmd_age_ms=12.920 count=20 errors=0 errno=0 seq=5959 cmd=(0.500,-0.000,0.011)
[INFO] [1784969020.376839940] [cmd_vel_udp_sender]: TIMING_SENDER ros_gap_ms=50.000/52.291/57.319 callback_ms=0.057/0.071/0.071 sendto_ms=0.055/0.070/0.070 cmd_age_ms=12.792 count=20 errors=0 errno=0 seq=5979 cmd=(0.500,-0.000,0.010)
[INFO] [1784969021.376780444] [cmd_vel_udp_sender]: TIMING_SENDER ros_gap_ms=49.998/54.147/57.384 callback_ms=0.055/0.061/0.156 sendto_ms=0.053/0.059/0.155 cmd_age_ms=12.767 count=20 errors=0 errno=0 seq=5999 cmd=(0.500,-0.000,0.002)
[INFO] [1784969022.376676569] [cmd_vel_udp_sender]: TIMING_SENDER ros_gap_ms=49.992/51.040/51.399 callback_ms=0.061/0.080/0.151 sendto_ms=0.060/0.078/0.150 cmd_age_ms=12.828 count=20 errors=0 errno=0 seq=6019 cmd=(0.500,-0.000,-0.006)
[INFO] [1784969023.376598645] [cmd_vel_udp_sender]: TIMING_SENDER ros_gap_ms=50.083/51.528/63.765 callback_ms=0.065/0.127/0.190 sendto_ms=0.063/0.125/0.189 cmd_age_ms=11.097 count=20 errors=0 errno=0 seq=6039 cmd=(0.500,-0.000,-0.001)
[INFO] [1784969024.376470329] [cmd_vel_udp_sender]: TIMING_SENDER ros_gap_ms=49.931/51.873/55.601 callback_ms=0.056/0.071/0.165 sendto_ms=0.055/0.069/0.164 cmd_age_ms=12.351 count=20 errors=0 errno=0 seq=6059 cmd=(0.500,-0.000,-0.038)
[INFO] [1784969025.376364318] [cmd_vel_udp_sender]: TIMING_SENDER ros_gap_ms=49.999/53.776/53.946 callback_ms=0.053/0.069/0.078 sendto_ms=0.051/0.068/0.076 cmd_age_ms=12.275 count=20 errors=0 errno=0 seq=6079 cmd=(0.500,-0.000,0.037)
[INFO] [1784969026.376277125] [cmd_vel_udp_sender]: TIMING_SENDER ros_gap_ms=50.006/51.163/51.245 callback_ms=0.057/0.071/0.083 sendto_ms=0.056/0.069/0.081 cmd_age_ms=12.063 count=20 errors=0 errno=0 seq=6099 cmd=(0.500,-0.000,-0.019)
[INFO] [1784969027.376304934] [cmd_vel_udp_sender]: TIMING_SENDER ros_gap_ms=50.034/53.269/54.086 callback_ms=0.051/0.063/0.065 sendto_ms=0.050/0.062/0.064 cmd_age_ms=11.416 count=20 errors=0 errno=0 seq=6119 cmd=(0.500,-0.000,-0.007)
[INFO] [1784969028.376147807] [cmd_vel_udp_sender]: TIMING_SENDER ros_gap_ms=49.982/53.036/57.980 callback_ms=0.055/0.064/0.067 sendto_ms=0.054/0.063/0.066 cmd_age_ms=11.620 count=20 errors=0 errno=0 seq=6139 cmd=(0.500,-0.000,-0.018)
[INFO] [1784969029.375994397] [cmd_vel_udp_sender]: TIMING_SENDER ros_gap_ms=49.984/55.877/56.810 callback_ms=0.087/0.098/0.817 sendto_ms=0.086/0.096/0.816 cmd_age_ms=11.791 count=20 errors=0 errno=0 seq=6159 cmd=(0.500,-0.000,-0.054)
[INFO] [1784969030.375891485] [cmd_vel_udp_sender]: TIMING_SENDER ros_gap_ms=50.086/59.190/60.791 callback_ms=0.070/0.065/0.511 sendto_ms=0.069/0.063/0.510 cmd_age_ms=9.969 count=20 errors=0 errno=0 seq=6179 cmd=(0.500,-0.000,0.022)
[INFO] [1784969031.375787205] [cmd_vel_udp_sender]: TIMING_SENDER ros_gap_ms=49.930/55.715/56.206 callback_ms=0.064/0.063/0.341 sendto_ms=0.063/0.061/0.340 cmd_age_ms=11.273 count=20 errors=0 errno=0 seq=6199 cmd=(0.500,-0.000,-0.036)
[INFO] [1784969032.375681173] [cmd_vel_udp_sender]: TIMING_SENDER ros_gap_ms=49.992/56.962/57.583 callback_ms=0.056/0.084/0.123 sendto_ms=0.055/0.082/0.122 cmd_age_ms=11.334 count=20 errors=0 errno=0 seq=6219 cmd=(0.500,-0.000,-0.054)
[INFO] [1784969033.375604492] [cmd_vel_udp_sender]: TIMING_SENDER ros_gap_ms=49.987/53.030/53.788 callback_ms=0.056/0.072/0.080 sendto_ms=0.055/0.070/0.079 cmd_age_ms=11.526 count=20 errors=0 errno=0 seq=6239 cmd=(0.500,-0.000,0.007)
[INFO] [1784969034.376049497] [cmd_vel_udp_sender]: TIMING_SENDER ros_gap_ms=50.002/51.086/52.199 callback_ms=0.058/0.082/0.132 sendto_ms=0.057/0.080/0.130 cmd_age_ms=11.940 count=20 errors=0 errno=0 seq=6259 cmd=(0.500,-0.000,-0.033)
[INFO] [1784969035.375396251] [cmd_vel_udp_sender]: TIMING_SENDER ros_gap_ms=50.004/54.863/55.865 callback_ms=0.050/0.060/0.062 sendto_ms=0.049/0.058/0.061 cmd_age_ms=11.195 count=20 errors=0 errno=0 seq=6279 cmd=(0.500,-0.000,-0.004)
[INFO] [1784969036.375317553] [cmd_vel_udp_sender]: TIMING_SENDER ros_gap_ms=49.996/50.872/51.328 callback_ms=0.050/0.063/0.072 sendto_ms=0.049/0.062/0.070 cmd_age_ms=11.211 count=20 errors=0 errno=0 seq=6299 cmd=(0.500,-0.000,-0.002)
[INFO] [1784969037.375201174] [cmd_vel_udp_sender]: TIMING_SENDER ros_gap_ms=49.995/51.752/57.197 callback_ms=0.053/0.066/0.070 sendto_ms=0.052/0.065/0.068 cmd_age_ms=11.201 count=20 errors=0 errno=0 seq=6319 cmd=(0.500,-0.000,-0.029)
[INFO] [1784969038.375072616] [cmd_vel_udp_sender]: TIMING_SENDER ros_gap_ms=50.055/53.788/54.628 callback_ms=0.056/0.092/0.099 sendto_ms=0.055/0.090/0.098 cmd_age_ms=9.978 count=20 errors=0 errno=0 seq=6339 cmd=(0.500,-0.000,0.005)
[INFO] [1784969039.375031647] [cmd_vel_udp_sender]: TIMING_SENDER ros_gap_ms=49.956/51.087/54.177 callback_ms=0.052/0.064/0.067 sendto_ms=0.051/0.063/0.066 cmd_age_ms=10.815 count=20 errors=0 errno=0 seq=6359 cmd=(0.500,-0.000,0.007)
[INFO] [1784969040.374902795] [cmd_vel_udp_sender]: TIMING_SENDER ros_gap_ms=49.992/52.543/52.936 callback_ms=0.048/0.062/0.067 sendto_ms=0.047/0.061/0.065 cmd_age_ms=10.855 count=20 errors=0 errno=0 seq=6379 cmd=(0.500,-0.000,-0.038)
[INFO] [1784969041.374811299] [cmd_vel_udp_sender]: TIMING_SENDER ros_gap_ms=49.999/50.696/52.324 callback_ms=0.049/0.058/0.061 sendto_ms=0.048/0.056/0.060 cmd_age_ms=10.789 count=20 errors=0 errno=0 seq=6399 cmd=(0.500,-0.000,-0.017)
[INFO] [1784969042.374715082] [cmd_vel_udp_sender]: TIMING_SENDER ros_gap_ms=50.263/53.215/55.183 callback_ms=0.051/0.065/0.065 sendto_ms=0.050/0.063/0.063 cmd_age_ms=5.431 count=20 errors=0 errno=0 seq=6419 cmd=(0.500,-0.000,-0.003)
[INFO] [1784969043.374663643] [cmd_vel_udp_sender]: TIMING_SENDER ros_gap_ms=49.761/50.460/53.973 callback_ms=0.053/0.064/0.064 sendto_ms=0.052/0.062/0.063 cmd_age_ms=10.163 count=20 errors=0 errno=0 seq=6439 cmd=(0.500,-0.000,-0.019)
[INFO] [1784969044.374512519] [cmd_vel_udp_sender]: TIMING_SENDER ros_gap_ms=49.978/52.169/52.248 callback_ms=0.052/0.068/0.083 sendto_ms=0.050/0.066/0.082 cmd_age_ms=10.443 count=20 errors=0 errno=0 seq=6459 cmd=(0.500,-0.000,-0.028)
[INFO] [1784969045.374623946] [cmd_vel_udp_sender]: TIMING_SENDER ros_gap_ms=50.009/52.875/56.018 callback_ms=0.051/0.069/0.069 sendto_ms=0.050/0.068/0.068 cmd_age_ms=10.380 count=20 errors=0 errno=0 seq=6479 cmd=(0.500,-0.000,-0.015)
[INFO] [1784969046.374325670] [cmd_vel_udp_sender]: TIMING_SENDER ros_gap_ms=49.988/50.137/50.203 callback_ms=0.047/0.057/0.067 sendto_ms=0.046/0.056/0.065 cmd_age_ms=10.328 count=20 errors=0 errno=0 seq=6499 cmd=(0.500,-0.000,0.006)
[INFO] [1784969047.374247647] [cmd_vel_udp_sender]: TIMING_SENDER ros_gap_ms=50.018/54.765/55.266 callback_ms=0.055/0.069/0.071 sendto_ms=0.053/0.068/0.069 cmd_age_ms=9.881 count=20 errors=0 errno=0 seq=6519 cmd=(0.500,-0.000,0.025)
[INFO] [1784969048.374122287] [cmd_vel_udp_sender]: TIMING_SENDER ros_gap_ms=49.982/50.317/50.805 callback_ms=0.054/0.066/0.069 sendto_ms=0.053/0.065/0.068 cmd_age_ms=10.112 count=20 errors=0 errno=0 seq=6539 cmd=(0.500,-0.000,-0.041)
[INFO] [1784969049.374038990] [cmd_vel_udp_sender]: TIMING_SENDER ros_gap_ms=50.012/53.134/54.826 callback_ms=0.059/0.077/0.251 sendto_ms=0.058/0.075/0.250 cmd_age_ms=9.779 count=20 errors=0 errno=0 seq=6559 cmd=(0.500,-0.000,0.016)
[INFO] [1784969050.373923492] [cmd_vel_udp_sender]: TIMING_SENDER ros_gap_ms=49.998/51.609/52.955 callback_ms=0.057/0.073/0.101 sendto_ms=0.056/0.071/0.099 cmd_age_ms=9.700 count=20 errors=0 errno=0 seq=6579 cmd=(0.500,-0.000,-0.008)
[INFO] [1784969051.373852010] [cmd_vel_udp_sender]: TIMING_SENDER ros_gap_ms=50.027/51.245/51.344 callback_ms=0.051/0.069/0.076 sendto_ms=0.050/0.068/0.075 cmd_age_ms=9.088 count=20 errors=0 errno=0 seq=6599 cmd=(0.500,-0.000,-0.032)
[INFO] [1784969052.373754568] [cmd_vel_udp_sender]: TIMING_SENDER ros_gap_ms=49.962/50.924/51.000 callback_ms=0.059/0.068/0.123 sendto_ms=0.058/0.066/0.121 cmd_age_ms=9.757 count=20 errors=0 errno=0 seq=6619 cmd=(0.500,-0.000,0.009)
[INFO] [1784969053.373627198] [cmd_vel_udp_sender]: TIMING_SENDER ros_gap_ms=50.000/50.146/51.172 callback_ms=0.052/0.064/0.069 sendto_ms=0.051/0.063/0.068 cmd_age_ms=9.621 count=20 errors=0 errno=0 seq=6639 cmd=(0.500,-0.000,0.178)
[INFO] [1784969054.373502986] [cmd_vel_udp_sender]: TIMING_SENDER ros_gap_ms=50.006/52.629/57.274 callback_ms=0.053/0.071/0.099 sendto_ms=0.051/0.069/0.098 cmd_age_ms=9.383 count=20 errors=0 errno=0 seq=6659 cmd=(0.500,-0.000,0.170)
[INFO] [1784969055.373454245] [cmd_vel_udp_sender]: TIMING_SENDER ros_gap_ms=50.007/51.932/57.174 callback_ms=0.053/0.065/0.066 sendto_ms=0.051/0.063/0.065 cmd_age_ms=9.185 count=20 errors=0 errno=0 seq=6679 cmd=(0.500,-0.000,0.136)
[INFO] [1784969056.373337246] [cmd_vel_udp_sender]: TIMING_SENDER ros_gap_ms=49.987/53.674/53.674 callback_ms=0.043/0.058/0.058 sendto_ms=0.042/0.057/0.057 cmd_age_ms=59.317 count=19 errors=0 errno=0 seq=6698 cmd=(0.500,-0.000,0.096)
[INFO] [1784969057.373218991] [cmd_vel_udp_sender]: TIMING_SENDER ros_gap_ms=50.005/53.797/63.729 callback_ms=0.096/0.263/0.478 sendto_ms=0.095/0.261/0.477 cmd_age_ms=9.103 count=21 errors=0 errno=0 seq=6719 cmd=(0.500,-0.000,0.042)
[INFO] [1784969058.373085498] [cmd_vel_udp_sender]: TIMING_SENDER ros_gap_ms=49.997/53.920/55.860 callback_ms=0.055/0.125/0.197 sendto_ms=0.054/0.124/0.196 cmd_age_ms=9.025 count=20 errors=0 errno=0 seq=6739 cmd=(0.500,-0.000,0.030)
[INFO] [1784969059.373045013] [cmd_vel_udp_sender]: TIMING_SENDER ros_gap_ms=49.996/54.537/61.507 callback_ms=0.074/0.137/0.379 sendto_ms=0.073/0.135/0.378 cmd_age_ms=9.059 count=20 errors=0 errno=0 seq=6759 cmd=(0.500,-0.000,0.092)
[INFO] [1784969060.372980139] [cmd_vel_udp_sender]: TIMING_SENDER ros_gap_ms=50.002/57.151/59.502 callback_ms=0.054/0.065/0.114 sendto_ms=0.053/0.064/0.113 cmd_age_ms=8.956 count=20 errors=0 errno=0 seq=6779 cmd=(0.500,-0.000,0.073)
[INFO] [1784969061.372833636] [cmd_vel_udp_sender]: TIMING_SENDER ros_gap_ms=49.999/53.975/54.623 callback_ms=0.053/0.068/0.080 sendto_ms=0.052/0.067/0.078 cmd_age_ms=8.827 count=20 errors=0 errno=0 seq=6799 cmd=(0.500,-0.000,0.038)
[INFO] [1784969062.372729780] [cmd_vel_udp_sender]: TIMING_SENDER ros_gap_ms=50.000/51.188/57.173 callback_ms=0.053/0.066/0.133 sendto_ms=0.052/0.065/0.132 cmd_age_ms=8.727 count=20 errors=0 errno=0 seq=6819 cmd=(0.500,-0.000,0.026)
[INFO] [1784969063.372640637] [cmd_vel_udp_sender]: TIMING_SENDER ros_gap_ms=50.251/53.707/54.758 callback_ms=0.052/0.064/0.069 sendto_ms=0.051/0.063/0.068 cmd_age_ms=3.612 count=20 errors=0 errno=0 seq=6839 cmd=(0.500,-0.000,0.089)
[INFO] [1784969064.372722993] [cmd_vel_udp_sender]: TIMING_SENDER ros_gap_ms=49.748/51.163/51.211 callback_ms=0.049/0.060/0.062 sendto_ms=0.048/0.058/0.060 cmd_age_ms=8.743 count=20 errors=0 errno=0 seq=6859 cmd=(0.500,-0.000,0.039)
[INFO] [1784969065.372414344] [cmd_vel_udp_sender]: TIMING_SENDER ros_gap_ms=50.001/50.297/50.601 callback_ms=0.051/0.064/0.071 sendto_ms=0.049/0.062/0.070 cmd_age_ms=8.406 count=20 errors=0 errno=0 seq=6879 cmd=(0.500,-0.000,0.092)
[INFO] [1784969066.372328358] [cmd_vel_udp_sender]: TIMING_SENDER ros_gap_ms=50.001/52.612/54.236 callback_ms=0.049/0.064/0.064 sendto_ms=0.047/0.063/0.063 cmd_age_ms=8.291 count=20 errors=0 errno=0 seq=6899 cmd=(0.500,-0.000,0.003)
[INFO] [1784969067.372244961] [cmd_vel_udp_sender]: TIMING_SENDER ros_gap_ms=49.994/50.755/51.380 callback_ms=0.060/0.069/0.189 sendto_ms=0.058/0.068/0.188 cmd_age_ms=8.322 count=20 errors=0 errno=0 seq=6919 cmd=(0.500,-0.000,-0.003)
[INFO] [1784969068.372131708] [cmd_vel_udp_sender]: TIMING_SENDER ros_gap_ms=50.006/51.008/51.455 callback_ms=0.055/0.093/0.145 sendto_ms=0.050/0.063/0.091 cmd_age_ms=8.098 count=20 errors=0 errno=0 seq=6939 cmd=(0.500,-0.000,0.140)
[INFO] [1784969069.372041652] [cmd_vel_udp_sender]: TIMING_SENDER ros_gap_ms=50.001/50.966/51.338 callback_ms=0.052/0.072/0.094 sendto_ms=0.050/0.070/0.092 cmd_age_ms=7.984 count=20 errors=0 errno=0 seq=6959 cmd=(0.500,-0.000,0.081)
[INFO] [1784969070.371922734] [cmd_vel_udp_sender]: TIMING_SENDER ros_gap_ms=50.002/50.925/51.335 callback_ms=0.054/0.065/0.071 sendto_ms=0.053/0.064/0.070 cmd_age_ms=7.818 count=20 errors=0 errno=0 seq=6979 cmd=(0.500,-0.000,0.073)
[INFO] [1784969071.371835267] [cmd_vel_udp_sender]: TIMING_SENDER ros_gap_ms=50.003/52.157/54.571 callback_ms=0.051/0.065/0.066 sendto_ms=0.049/0.063/0.064 cmd_age_ms=7.679 count=20 errors=0 errno=0 seq=6999 cmd=(0.500,-0.000,-0.028)
[INFO] [1784969072.371714396] [cmd_vel_udp_sender]: TIMING_SENDER ros_gap_ms=50.158/51.110/53.083 callback_ms=0.060/0.064/0.175 sendto_ms=0.058/0.063/0.174 cmd_age_ms=4.394 count=20 errors=0 errno=0 seq=7019 cmd=(0.500,-0.000,-0.024)
[INFO] [1784969073.371629426] [cmd_vel_udp_sender]: TIMING_SENDER ros_gap_ms=49.836/51.022/52.245 callback_ms=0.051/0.062/0.090 sendto_ms=0.050/0.060/0.088 cmd_age_ms=7.581 count=20 errors=0 errno=0 seq=7039 cmd=(0.500,-0.000,-0.065)
[INFO] [1784969074.371515819] [cmd_vel_udp_sender]: TIMING_SENDER ros_gap_ms=50.004/51.394/51.645 callback_ms=0.052/0.061/0.088 sendto_ms=0.050/0.060/0.087 cmd_age_ms=7.384 count=20 errors=0 errno=0 seq=7059 cmd=(0.500,-0.000,-0.046)
[INFO] [1784969075.371446786] [cmd_vel_udp_sender]: TIMING_SENDER ros_gap_ms=50.011/52.035/54.375 callback_ms=0.053/0.067/0.119 sendto_ms=0.052/0.065/0.117 cmd_age_ms=7.089 count=20 errors=0 errno=0 seq=7079 cmd=(0.500,-0.000,0.008)
[INFO] [1784969076.371322144] [cmd_vel_udp_sender]: TIMING_SENDER ros_gap_ms=49.989/50.290/50.613 callback_ms=0.051/0.069/0.078 sendto_ms=0.049/0.067/0.077 cmd_age_ms=7.189 count=20 errors=0 errno=0 seq=7099 cmd=(0.500,-0.000,0.049)
[INFO] [1784969077.371231101] [cmd_vel_udp_sender]: TIMING_SENDER ros_gap_ms=50.086/51.499/53.353 callback_ms=0.050/0.065/0.092 sendto_ms=0.048/0.064/0.091 cmd_age_ms=5.381 count=20 errors=0 errno=0 seq=7119 cmd=(0.500,-0.000,0.032)
[INFO] [1784969078.371121982] [cmd_vel_udp_sender]: TIMING_SENDER ros_gap_ms=49.913/52.339/58.964 callback_ms=0.053/0.073/0.080 sendto_ms=0.052/0.071/0.079 cmd_age_ms=7.021 count=20 errors=0 errno=0 seq=7139 cmd=(0.500,-0.000,0.019)
[INFO] [1784969079.371024002] [cmd_vel_udp_sender]: TIMING_SENDER ros_gap_ms=50.037/50.886/50.900 callback_ms=0.050/0.064/0.066 sendto_ms=0.048/0.063/0.064 cmd_age_ms=6.178 count=20 errors=0 errno=0 seq=7159 cmd=(0.500,-0.000,-0.044)
[INFO] [1784969080.370909003] [cmd_vel_udp_sender]: TIMING_SENDER ros_gap_ms=49.958/51.368/51.372 callback_ms=0.048/0.055/0.058 sendto_ms=0.046/0.054/0.056 cmd_age_ms=6.899 count=20 errors=0 errno=0 seq=7179 cmd=(0.500,-0.000,-0.061)
[INFO] [1784969081.370820693] [cmd_vel_udp_sender]: TIMING_SENDER ros_gap_ms=50.002/52.029/56.872 callback_ms=0.048/0.056/0.057 sendto_ms=0.046/0.055/0.055 cmd_age_ms=6.768 count=20 errors=0 errno=0 seq=7199 cmd=(0.500,-0.000,-0.085)
[INFO] [1784969082.370801758] [cmd_vel_udp_sender]: TIMING_SENDER ros_gap_ms=50.041/51.793/54.450 callback_ms=0.052/0.065/0.066 sendto_ms=0.050/0.063/0.065 cmd_age_ms=5.919 count=20 errors=0 errno=0 seq=7219 cmd=(0.500,-0.000,-0.031)
[INFO] [1784969083.370592191] [cmd_vel_udp_sender]: TIMING_SENDER ros_gap_ms=49.964/54.818/61.612 callback_ms=0.062/0.065/0.431 sendto_ms=0.060/0.064/0.430 cmd_age_ms=6.436 count=20 errors=0 errno=0 seq=7239 cmd=(0.500,-0.000,-0.053)
[INFO] [1784969084.370505689] [cmd_vel_udp_sender]: TIMING_SENDER ros_gap_ms=50.004/51.423/56.045 callback_ms=0.047/0.059/0.073 sendto_ms=0.045/0.058/0.071 cmd_age_ms=6.272 count=20 errors=0 errno=0 seq=7259 cmd=(0.500,-0.000,-0.118)
[INFO] [1784969085.370447190] [cmd_vel_udp_sender]: TIMING_SENDER ros_gap_ms=49.991/57.414/57.414 callback_ms=0.049/0.073/0.073 sendto_ms=0.048/0.072/0.072 cmd_age_ms=56.388 count=19 errors=0 errno=0 seq=7278 cmd=(0.000,-0.000,-0.450)
[INFO] [1784969086.370646560] [cmd_vel_udp_sender]: TIMING_SENDER ros_gap_ms=50.023/56.212/56.816 callback_ms=0.051/0.070/0.123 sendto_ms=0.050/0.068/0.121 cmd_age_ms=6.095 count=21 errors=0 errno=0 seq=7299 cmd=(0.000,-0.000,-0.450)
[INFO] [1784969087.370234894] [cmd_vel_udp_sender]: TIMING_SENDER ros_gap_ms=49.994/60.257/71.553 callback_ms=0.056/0.068/0.170 sendto_ms=0.054/0.067/0.168 cmd_age_ms=5.800 count=20 errors=0 errno=0 seq=7319 cmd=(0.000,-0.000,-0.450)
[INFO] [1784969088.370090281] [cmd_vel_udp_sender]: TIMING_SENDER ros_gap_ms=49.983/50.289/51.908 callback_ms=0.054/0.066/0.069 sendto_ms=0.053/0.065/0.068 cmd_age_ms=6.004 count=20 errors=0 errno=0 seq=7339 cmd=(0.000,-0.000,-0.450)
[INFO] [1784969089.370011173] [cmd_vel_udp_sender]: TIMING_SENDER ros_gap_ms=50.005/53.019/55.563 callback_ms=0.053/0.069/0.069 sendto_ms=0.051/0.067/0.067 cmd_age_ms=5.819 count=20 errors=0 errno=0 seq=7359 cmd=(0.000,-0.000,-0.450)
[INFO] [1784969090.369960711] [cmd_vel_udp_sender]: TIMING_SENDER ros_gap_ms=49.992/50.981/52.987 callback_ms=0.052/0.069/0.073 sendto_ms=0.051/0.067/0.071 cmd_age_ms=5.938 count=20 errors=0 errno=0 seq=7379 cmd=(0.000,-0.000,-0.450)
[INFO] [1784969091.369803708] [cmd_vel_udp_sender]: TIMING_SENDER ros_gap_ms=50.115/51.649/52.181 callback_ms=0.051/0.060/0.061 sendto_ms=0.050/0.058/0.059 cmd_age_ms=3.483 count=20 errors=0 errno=0 seq=7399 cmd=(0.000,-0.000,-0.450)
[INFO] [1784969092.369717716] [cmd_vel_udp_sender]: TIMING_SENDER ros_gap_ms=49.902/54.115/56.442 callback_ms=0.075/0.197/0.378 sendto_ms=0.074/0.196/0.376 cmd_age_ms=5.362 count=20 errors=0 errno=0 seq=7419 cmd=(0.000,-0.000,-0.450)
[INFO] [1784969093.369683695] [cmd_vel_udp_sender]: TIMING_SENDER ros_gap_ms=50.030/50.691/54.107 callback_ms=0.052/0.062/0.092 sendto_ms=0.050/0.061/0.090 cmd_age_ms=4.720 count=20 errors=0 errno=0 seq=7439 cmd=(0.000,-0.000,-0.450)
[INFO] [1784969094.369506179] [cmd_vel_udp_sender]: TIMING_SENDER ros_gap_ms=49.956/50.811/57.091 callback_ms=0.051/0.068/0.069 sendto_ms=0.049/0.067/0.068 cmd_age_ms=5.419 count=20 errors=0 errno=0 seq=7459 cmd=(0.000,-0.000,-0.450)
[INFO] [1784969095.369444854] [cmd_vel_udp_sender]: TIMING_SENDER ros_gap_ms=50.000/50.138/51.222 callback_ms=0.057/0.101/0.128 sendto_ms=0.053/0.090/0.100 cmd_age_ms=5.364 count=20 errors=0 errno=0 seq=7479 cmd=(0.000,-0.000,-0.450)
[INFO] [1784969096.369320602] [cmd_vel_udp_sender]: TIMING_SENDER ros_gap_ms=50.006/51.644/51.920 callback_ms=0.052/0.063/0.119 sendto_ms=0.050/0.062/0.117 cmd_age_ms=5.115 count=20 errors=0 errno=0 seq=7499 cmd=(0.000,-0.000,-0.450)
[INFO] [1784969097.369198025] [cmd_vel_udp_sender]: TIMING_SENDER ros_gap_ms=49.989/50.289/50.874 callback_ms=0.052/0.077/0.083 sendto_ms=0.050/0.075/0.082 cmd_age_ms=5.219 count=20 errors=0 errno=0 seq=7519 cmd=(0.000,-0.000,-0.450)
[INFO] [1784969098.369086786] [cmd_vel_udp_sender]: TIMING_SENDER ros_gap_ms=50.006/53.060/53.551 callback_ms=0.050/0.066/0.093 sendto_ms=0.049/0.064/0.091 cmd_age_ms=4.991 count=20 errors=0 errno=0 seq=7539 cmd=(0.000,-0.000,-0.450)
[INFO] [1784969099.368983687] [cmd_vel_udp_sender]: TIMING_SENDER ros_gap_ms=50.010/50.909/50.933 callback_ms=0.055/0.073/0.075 sendto_ms=0.053/0.072/0.073 cmd_age_ms=4.686 count=20 errors=0 errno=0 seq=7559 cmd=(0.000,-0.000,-0.450)
Terminated
