SDK2 receiver started on interface: eth0
UDP listen port: 5005, packet_v=2
SDK command limits: max_vx=0.500 max_vy=0.100 max_vyaw=0.500
TIMING_RECEIVER udp_gap_ms=0.000/0.000/0.000 udp_transit_ms=0.000/0.000/0.000 move_call_ms=0.000/0.000/0.000 sender_to_move_done_ms=0.000/0.000/0.000 cmd_age_ms=-1.000 count=0 seq_gaps=0 invalid=0 last_seq=0 cmd=(0.000,0.000,0.000)
TIMING_RECEIVER udp_gap_ms=0.000/0.000/0.000 udp_transit_ms=0.000/0.000/0.000 move_call_ms=0.000/0.000/0.000 sender_to_move_done_ms=0.000/0.000/0.000 cmd_age_ms=-1.000 count=0 seq_gaps=0 invalid=0 last_seq=0 cmd=(0.000,0.000,0.000)
TIMING_RECEIVER udp_gap_ms=0.000/0.000/0.000 udp_transit_ms=0.000/0.000/0.000 move_call_ms=0.000/0.000/0.000 sender_to_move_done_ms=0.000/0.000/0.000 cmd_age_ms=-1.000 count=0 seq_gaps=0 invalid=0 last_seq=0 cmd=(0.000,0.000,0.000)
TIMING_RECEIVER udp_gap_ms=49.420/54.097/54.097 udp_transit_ms=0.391/4.577/4.577 move_call_ms=0.384/0.468/0.468 sender_to_move_done_ms=0.779/4.894/4.894 cmd_age_ms=0.000 count=16 seq_gaps=0 invalid=0 last_seq=16 cmd=(0.000,0.000,0.000)
TIMING_RECEIVER udp_gap_ms=50.004/64.101/64.925 udp_transit_ms=0.121/0.148/0.208 move_call_ms=0.426/0.615/0.635 sender_to_move_done_ms=0.548/0.720/0.745 cmd_age_ms=0.000 count=20 seq_gaps=0 invalid=0 last_seq=36 cmd=(0.000,0.000,0.000)
TIMING_RECEIVER udp_gap_ms=50.130/68.541/71.020 udp_transit_ms=0.315/1.112/3.472 move_call_ms=0.321/0.382/0.397 sender_to_move_done_ms=0.637/1.397/3.761 cmd_age_ms=0.000 count=20 seq_gaps=0 invalid=0 last_seq=56 cmd=(0.000,0.000,0.000)
TIMING_RECEIVER udp_gap_ms=50.173/59.106/68.004 udp_transit_ms=1.526/6.500/8.615 move_call_ms=0.346/0.412/0.432 sender_to_move_done_ms=1.873/6.784/8.952 cmd_age_ms=0.000 count=20 seq_gaps=0 invalid=0 last_seq=76 cmd=(0.000,0.000,0.000)
TIMING_RECEIVER udp_gap_ms=49.780/56.398/59.769 udp_transit_ms=0.430/0.992/6.332 move_call_ms=0.651/1.174/2.764 sender_to_move_done_ms=1.082/2.849/6.669 cmd_age_ms=0.000 count=21 seq_gaps=0 invalid=0 last_seq=97 cmd=(0.000,0.000,0.000)
TIMING_RECEIVER udp_gap_ms=49.944/61.428/66.710 udp_transit_ms=0.139/0.276/0.281 move_call_ms=0.598/0.909/1.234 sender_to_move_done_ms=0.738/1.084/1.345 cmd_age_ms=0.000 count=21 seq_gaps=0 invalid=0 last_seq=118 cmd=(0.000,0.000,0.000)
TIMING_RECEIVER udp_gap_ms=50.106/65.363/68.582 udp_transit_ms=1.330/9.088/10.642 move_call_ms=0.354/0.446/0.594 sender_to_move_done_ms=1.685/9.393/10.960 cmd_age_ms=0.000 count=20 seq_gaps=0 invalid=0 last_seq=138 cmd=(0.000,0.000,0.000)
TIMING_RECEIVER udp_gap_ms=49.869/57.704/63.654 udp_transit_ms=1.116/7.110/14.314 move_call_ms=0.421/0.585/0.690 sender_to_move_done_ms=1.538/7.438/14.648 cmd_age_ms=0.000 count=21 seq_gaps=0 invalid=0 last_seq=159 cmd=(0.000,0.000,0.000)
TIMING_RECEIVER udp_gap_ms=49.999/52.441/54.329 udp_transit_ms=0.086/0.127/0.154 move_call_ms=0.369/0.451/0.529 sender_to_move_done_ms=0.457/0.550/0.656 cmd_age_ms=0.000 count=21 seq_gaps=0 invalid=0 last_seq=180 cmd=(0.000,0.000,0.000)
TIMING_RECEIVER udp_gap_ms=50.065/53.912/56.416 udp_transit_ms=0.600/3.972/6.608 move_call_ms=0.348/0.457/0.514 sender_to_move_done_ms=0.949/4.287/7.124 cmd_age_ms=0.000 count=20 seq_gaps=0 invalid=0 last_seq=200 cmd=(0.000,0.000,0.000)
TIMING_RECEIVER udp_gap_ms=49.946/51.992/54.104 udp_transit_ms=0.073/0.099/0.127 move_call_ms=0.359/0.541/0.557 sender_to_move_done_ms=0.434/0.616/0.624 cmd_age_ms=0.000 count=21 seq_gaps=0 invalid=0 last_seq=221 cmd=(0.000,0.000,0.000)
TIMING_RECEIVER udp_gap_ms=50.031/53.205/55.977 udp_transit_ms=0.485/0.811/0.843 move_call_ms=0.372/0.469/0.469 sender_to_move_done_ms=0.858/1.239/1.279 cmd_age_ms=0.000 count=20 seq_gaps=0 invalid=0 last_seq=241 cmd=(0.000,0.000,0.000)
TIMING_RECEIVER udp_gap_ms=50.004/57.341/60.120 udp_transit_ms=0.540/0.940/6.148 move_call_ms=0.398/0.516/0.547 sender_to_move_done_ms=0.939/1.334/6.465 cmd_age_ms=0.000 count=21 seq_gaps=0 invalid=0 last_seq=262 cmd=(0.000,-0.000,0.000)
TIMING_RECEIVER udp_gap_ms=50.101/58.742/64.779 udp_transit_ms=0.974/3.855/9.063 move_call_ms=0.571/0.534/3.864 sender_to_move_done_ms=1.546/4.169/9.392 cmd_age_ms=0.000 count=20 seq_gaps=0 invalid=0 last_seq=282 cmd=(0.000,-0.000,0.000)
TIMING_RECEIVER udp_gap_ms=49.880/63.187/64.018 udp_transit_ms=1.766/7.252/26.660 move_call_ms=0.542/1.245/1.347 sender_to_move_done_ms=2.309/7.584/26.960 cmd_age_ms=0.000 count=21 seq_gaps=0 invalid=0 last_seq=303 cmd=(0.000,-0.000,0.000)
TIMING_ALERT_RECEIVER udp_gap_max_ms=64.018 udp_transit_max_ms=26.660 move_call_max_ms=1.347 sender_to_move_done_max_ms=26.960 seq_gaps=0 invalid=0
TIMING_RECEIVER udp_gap_ms=50.092/60.836/68.649 udp_transit_ms=1.039/3.774/5.764 move_call_ms=0.570/0.558/4.443 sender_to_move_done_ms=1.610/4.501/6.091 cmd_age_ms=0.000 count=20 seq_gaps=0 invalid=0 last_seq=323 cmd=(0.000,-0.000,0.000)
TIMING_RECEIVER udp_gap_ms=49.887/64.309/67.596 udp_transit_ms=0.282/0.756/2.940 move_call_ms=0.491/0.663/2.118 sender_to_move_done_ms=0.775/2.193/3.190 cmd_age_ms=0.000 count=21 seq_gaps=0 invalid=0 last_seq=344 cmd=(0.000,-0.000,0.000)
TIMING_RECEIVER udp_gap_ms=50.041/61.914/62.973 udp_transit_ms=0.124/0.143/0.409 move_call_ms=0.516/1.077/1.117 sender_to_move_done_ms=0.641/1.140/1.195 cmd_age_ms=0.000 count=20 seq_gaps=0 invalid=0 last_seq=364 cmd=(0.000,-0.000,0.000)
TIMING_RECEIVER udp_gap_ms=49.975/56.625/57.915 udp_transit_ms=0.224/0.863/0.870 move_call_ms=0.547/0.982/1.110 sender_to_move_done_ms=0.772/1.272/1.280 cmd_age_ms=0.000 count=21 seq_gaps=0 invalid=0 last_seq=385 cmd=(0.000,-0.000,0.000)
TIMING_RECEIVER udp_gap_ms=49.988/52.104/53.488 udp_transit_ms=0.163/0.538/0.691 move_call_ms=0.474/0.940/1.403 sender_to_move_done_ms=0.638/1.286/1.525 cmd_age_ms=0.000 count=21 seq_gaps=0 invalid=0 last_seq=406 cmd=(0.000,-0.000,0.000)
TIMING_RECEIVER udp_gap_ms=50.014/53.572/55.648 udp_transit_ms=0.079/0.133/0.253 move_call_ms=0.399/0.630/1.432 sender_to_move_done_ms=0.479/0.694/1.686 cmd_age_ms=0.000 count=20 seq_gaps=0 invalid=0 last_seq=426 cmd=(0.000,-0.000,0.000)
TIMING_RECEIVER udp_gap_ms=50.011/50.371/55.113 udp_transit_ms=0.075/0.090/0.109 move_call_ms=0.324/0.391/0.426 sender_to_move_done_ms=0.400/0.497/0.511 cmd_age_ms=0.000 count=20 seq_gaps=0 invalid=0 last_seq=446 cmd=(0.000,-0.000,0.000)
TIMING_RECEIVER udp_gap_ms=50.271/56.004/61.454 udp_transit_ms=0.289/1.097/2.864 move_call_ms=0.477/0.528/3.190 sender_to_move_done_ms=0.766/3.256/3.258 cmd_age_ms=0.000 count=21 seq_gaps=0 invalid=0 last_seq=467 cmd=(0.500,-0.000,0.036)
TIMING_RECEIVER udp_gap_ms=49.710/50.911/51.166 udp_transit_ms=0.185/0.846/1.045 move_call_ms=0.360/0.477/0.491 sender_to_move_done_ms=0.546/1.284/1.402 cmd_age_ms=0.000 count=21 seq_gaps=0 invalid=0 last_seq=488 cmd=(0.500,-0.000,-0.038)
TIMING_RECEIVER udp_gap_ms=50.387/53.247/57.722 udp_transit_ms=0.071/0.096/0.096 move_call_ms=0.380/0.470/0.683 sender_to_move_done_ms=0.453/0.538/0.768 cmd_age_ms=0.000 count=20 seq_gaps=0 invalid=0 last_seq=508 cmd=(0.500,-0.000,-0.025)
TIMING_RECEIVER udp_gap_ms=49.635/57.234/63.005 udp_transit_ms=0.075/0.097/0.099 move_call_ms=0.342/0.399/0.408 sender_to_move_done_ms=0.418/0.465/0.508 cmd_age_ms=0.000 count=21 seq_gaps=0 invalid=0 last_seq=529 cmd=(0.500,-0.000,-0.049)
TIMING_RECEIVER udp_gap_ms=50.079/51.611/52.600 udp_transit_ms=0.216/0.094/2.929 move_call_ms=0.337/0.389/0.419 sender_to_move_done_ms=0.554/0.484/3.253 cmd_age_ms=0.000 count=20 seq_gaps=0 invalid=0 last_seq=549 cmd=(0.500,-0.000,-0.010)
TIMING_RECEIVER udp_gap_ms=49.933/53.793/56.230 udp_transit_ms=0.078/0.102/0.110 move_call_ms=0.367/0.512/0.568 sender_to_move_done_ms=0.446/0.591/0.640 cmd_age_ms=0.000 count=21 seq_gaps=0 invalid=0 last_seq=570 cmd=(0.500,-0.000,0.010)
TIMING_RECEIVER udp_gap_ms=50.095/52.169/55.100 udp_transit_ms=0.071/0.086/0.094 move_call_ms=0.351/0.476/0.483 sender_to_move_done_ms=0.423/0.544/0.550 cmd_age_ms=0.000 count=20 seq_gaps=0 invalid=0 last_seq=590 cmd=(0.500,-0.000,0.004)
TIMING_RECEIVER udp_gap_ms=50.336/57.875/59.107 udp_transit_ms=0.095/0.140/0.155 move_call_ms=0.379/0.473/0.493 sender_to_move_done_ms=0.476/0.598/0.635 cmd_age_ms=0.000 count=21 seq_gaps=0 invalid=0 last_seq=611 cmd=(0.500,-0.000,-0.047)
TIMING_RECEIVER udp_gap_ms=49.569/53.663/54.797 udp_transit_ms=0.132/0.141/0.705 move_call_ms=0.322/0.406/0.437 sender_to_move_done_ms=0.455/0.552/1.049 cmd_age_ms=0.000 count=21 seq_gaps=0 invalid=0 last_seq=632 cmd=(0.500,-0.000,-0.120)
TIMING_RECEIVER udp_gap_ms=49.996/54.244/55.185 udp_transit_ms=0.639/5.172/5.703 move_call_ms=0.430/0.767/1.081 sender_to_move_done_ms=1.070/5.497/6.012 cmd_age_ms=0.000 count=21 seq_gaps=0 invalid=0 last_seq=653 cmd=(0.500,-0.000,-0.050)
TIMING_RECEIVER udp_gap_ms=50.332/56.636/56.773 udp_transit_ms=0.223/0.290/2.877 move_call_ms=0.434/0.778/1.125 sender_to_move_done_ms=0.658/1.200/3.185 cmd_age_ms=0.000 count=20 seq_gaps=0 invalid=0 last_seq=673 cmd=(0.500,-0.000,-0.058)
TIMING_RECEIVER udp_gap_ms=49.786/69.911/72.516 udp_transit_ms=0.397/1.250/4.628 move_call_ms=0.413/0.621/1.526 sender_to_move_done_ms=0.811/1.658/4.942 cmd_age_ms=0.000 count=21 seq_gaps=0 invalid=0 last_seq=694 cmd=(0.500,-0.000,-0.024)
TIMING_RECEIVER udp_gap_ms=49.902/55.482/55.711 udp_transit_ms=0.633/0.153/11.007 move_call_ms=0.383/0.462/0.519 sender_to_move_done_ms=1.017/0.656/11.332 cmd_age_ms=0.000 count=21 seq_gaps=0 invalid=0 last_seq=715 cmd=(0.500,-0.000,-0.020)
TIMING_RECEIVER udp_gap_ms=50.058/53.020/55.879 udp_transit_ms=0.106/0.129/0.134 move_call_ms=0.379/0.482/0.489 sender_to_move_done_ms=0.485/0.605/0.611 cmd_age_ms=0.000 count=21 seq_gaps=0 invalid=0 last_seq=736 cmd=(0.500,-0.000,-0.049)
TIMING_RECEIVER udp_gap_ms=49.960/51.994/52.306 udp_transit_ms=0.139/0.157/0.900 move_call_ms=0.357/0.454/0.508 sender_to_move_done_ms=0.497/0.640/1.187 cmd_age_ms=0.000 count=21 seq_gaps=0 invalid=0 last_seq=757 cmd=(0.500,-0.000,-0.010)
TIMING_RECEIVER udp_gap_ms=49.973/61.482/64.361 udp_transit_ms=0.792/3.431/8.328 move_call_ms=0.445/0.759/1.886 sender_to_move_done_ms=1.239/3.904/8.649 cmd_age_ms=0.000 count=21 seq_gaps=0 invalid=0 last_seq=778 cmd=(0.500,-0.000,-0.005)
TIMING_RECEIVER udp_gap_ms=50.007/55.788/63.155 udp_transit_ms=0.107/0.168/0.726 move_call_ms=0.370/0.620/0.638 sender_to_move_done_ms=0.478/0.722/1.130 cmd_age_ms=0.000 count=20 seq_gaps=0 invalid=0 last_seq=798 cmd=(0.500,-0.000,0.010)
TIMING_RECEIVER udp_gap_ms=50.179/50.885/53.509 udp_transit_ms=0.110/0.486/0.511 move_call_ms=0.351/0.420/0.424 sender_to_move_done_ms=0.463/0.807/0.912 cmd_age_ms=0.000 count=20 seq_gaps=0 invalid=0 last_seq=818 cmd=(0.500,-0.000,0.030)
TIMING_RECEIVER udp_gap_ms=49.826/52.628/53.273 udp_transit_ms=0.069/0.082/0.085 move_call_ms=0.506/0.518/3.574 sender_to_move_done_ms=0.577/0.590/3.657 cmd_age_ms=0.000 count=21 seq_gaps=0 invalid=0 last_seq=839 cmd=(0.500,-0.000,-0.012)
TIMING_RECEIVER udp_gap_ms=50.102/50.293/52.098 udp_transit_ms=0.070/0.082/0.159 move_call_ms=0.329/0.437/0.473 sender_to_move_done_ms=0.401/0.540/0.543 cmd_age_ms=0.000 count=20 seq_gaps=0 invalid=0 last_seq=859 cmd=(0.500,-0.000,0.027)
TIMING_RECEIVER udp_gap_ms=49.898/55.810/56.876 udp_transit_ms=0.107/0.101/0.832 move_call_ms=0.340/0.444/0.465 sender_to_move_done_ms=0.448/0.543/1.156 cmd_age_ms=0.000 count=21 seq_gaps=0 invalid=0 last_seq=880 cmd=(0.500,-0.000,-0.010)
TIMING_RECEIVER udp_gap_ms=49.998/50.845/50.907 udp_transit_ms=0.072/0.091/0.114 move_call_ms=0.350/0.503/0.664 sender_to_move_done_ms=0.424/0.583/0.757 cmd_age_ms=0.000 count=21 seq_gaps=0 invalid=0 last_seq=901 cmd=(0.500,-0.000,0.015)
TIMING_RECEIVER udp_gap_ms=50.004/55.739/58.884 udp_transit_ms=0.509/1.897/7.065 move_call_ms=0.360/0.429/0.509 sender_to_move_done_ms=0.871/2.237/7.466 cmd_age_ms=0.000 count=20 seq_gaps=0 invalid=0 last_seq=921 cmd=(0.500,-0.000,0.010)
TIMING_RECEIVER udp_gap_ms=50.523/50.344/61.056 udp_transit_ms=0.579/0.091/10.800 move_call_ms=0.363/0.513/0.663 sender_to_move_done_ms=0.944/0.740/11.124 cmd_age_ms=0.000 count=21 seq_gaps=0 invalid=0 last_seq=942 cmd=(0.500,-0.000,0.006)
TIMING_RECEIVER udp_gap_ms=49.481/52.622/53.525 udp_transit_ms=0.070/0.088/0.093 move_call_ms=0.341/0.429/0.459 sender_to_move_done_ms=0.412/0.515/0.531 cmd_age_ms=0.000 count=21 seq_gaps=0 invalid=0 last_seq=963 cmd=(0.500,-0.000,-0.032)
TIMING_RECEIVER udp_gap_ms=50.001/50.159/50.187 udp_transit_ms=0.068/0.089/0.089 move_call_ms=0.383/0.560/0.594 sender_to_move_done_ms=0.452/0.639/0.685 cmd_age_ms=0.000 count=21 seq_gaps=0 invalid=0 last_seq=984 cmd=(0.500,-0.000,0.008)
TIMING_RECEIVER udp_gap_ms=50.095/51.879/52.029 udp_transit_ms=0.072/0.091/0.145 move_call_ms=0.359/0.470/0.503 sender_to_move_done_ms=0.432/0.567/0.582 cmd_age_ms=0.000 count=20 seq_gaps=0 invalid=0 last_seq=1004 cmd=(0.500,-0.000,-0.023)
TIMING_RECEIVER udp_gap_ms=49.905/54.806/54.826 udp_transit_ms=0.116/0.117/0.977 move_call_ms=0.392/0.530/0.985 sender_to_move_done_ms=0.509/1.072/1.322 cmd_age_ms=0.000 count=21 seq_gaps=0 invalid=0 last_seq=1025 cmd=(0.500,-0.000,0.001)
TIMING_RECEIVER udp_gap_ms=50.008/50.316/57.227 udp_transit_ms=0.073/0.123/0.164 move_call_ms=0.363/0.523/0.524 sender_to_move_done_ms=0.438/0.587/0.594 cmd_age_ms=0.000 count=20 seq_gaps=0 invalid=0 last_seq=1045 cmd=(0.500,-0.000,-0.017)
TIMING_RECEIVER udp_gap_ms=50.100/53.126/54.502 udp_transit_ms=0.096/0.163/0.191 move_call_ms=0.345/0.457/0.463 sender_to_move_done_ms=0.443/0.550/0.649 cmd_age_ms=0.000 count=21 seq_gaps=0 invalid=0 last_seq=1066 cmd=(0.500,-0.000,-0.032)
TIMING_RECEIVER udp_gap_ms=49.894/51.072/51.149 udp_transit_ms=0.138/0.127/1.220 move_call_ms=0.374/0.449/0.506 sender_to_move_done_ms=0.513/0.590/1.577 cmd_age_ms=0.000 count=21 seq_gaps=0 invalid=0 last_seq=1087 cmd=(0.500,-0.000,-0.022)
TIMING_RECEIVER udp_gap_ms=50.009/54.032/56.340 udp_transit_ms=0.084/0.200/0.217 move_call_ms=0.358/0.508/0.526 sender_to_move_done_ms=0.444/0.611/0.615 cmd_age_ms=0.000 count=20 seq_gaps=0 invalid=0 last_seq=1107 cmd=(0.500,-0.000,-0.013)
TIMING_RECEIVER udp_gap_ms=49.995/50.592/50.790 udp_transit_ms=0.065/0.076/0.077 move_call_ms=0.425/0.523/1.161 sender_to_move_done_ms=0.492/0.589/1.221 cmd_age_ms=0.000 count=21 seq_gaps=0 invalid=0 last_seq=1128 cmd=(0.500,-0.000,0.023)
TIMING_RECEIVER udp_gap_ms=50.014/51.813/52.104 udp_transit_ms=0.187/0.197/1.862 move_call_ms=0.372/0.439/0.558 sender_to_move_done_ms=0.560/0.666/2.289 cmd_age_ms=0.000 count=20 seq_gaps=0 invalid=0 last_seq=1148 cmd=(0.500,-0.000,0.019)
TIMING_RECEIVER udp_gap_ms=49.988/52.160/54.199 udp_transit_ms=0.170/0.740/0.777 move_call_ms=0.401/0.598/0.962 sender_to_move_done_ms=0.572/1.190/1.207 cmd_age_ms=0.000 count=21 seq_gaps=0 invalid=0 last_seq=1169 cmd=(0.500,-0.000,0.028)
TIMING_RECEIVER udp_gap_ms=50.012/55.114/55.571 udp_transit_ms=0.095/0.213/0.269 move_call_ms=0.350/0.455/0.465 sender_to_move_done_ms=0.446/0.607/0.630 cmd_age_ms=0.000 count=21 seq_gaps=0 invalid=0 last_seq=1190 cmd=(0.500,-0.000,0.010)
TIMING_RECEIVER udp_gap_ms=49.987/53.871/55.161 udp_transit_ms=0.074/0.103/0.106 move_call_ms=0.402/0.673/0.810 sender_to_move_done_ms=0.477/0.741/0.893 cmd_age_ms=0.000 count=21 seq_gaps=0 invalid=0 last_seq=1211 cmd=(0.500,-0.000,0.007)
TIMING_RECEIVER udp_gap_ms=50.021/51.016/51.332 udp_transit_ms=0.079/0.136/0.152 move_call_ms=0.387/0.476/0.615 sender_to_move_done_ms=0.469/0.612/0.687 cmd_age_ms=0.000 count=20 seq_gaps=0 invalid=0 last_seq=1231 cmd=(0.500,-0.000,0.022)
TIMING_RECEIVER udp_gap_ms=49.973/57.958/59.096 udp_transit_ms=0.394/0.767/5.532 move_call_ms=0.341/0.413/0.456 sender_to_move_done_ms=0.736/1.178/5.855 cmd_age_ms=0.000 count=21 seq_gaps=0 invalid=0 last_seq=1252 cmd=(0.500,-0.000,-0.030)
TIMING_RECEIVER udp_gap_ms=50.028/52.824/53.940 udp_transit_ms=0.220/0.174/2.876 move_call_ms=0.399/0.536/0.854 sender_to_move_done_ms=0.621/0.613/3.730 cmd_age_ms=0.000 count=20 seq_gaps=0 invalid=0 last_seq=1272 cmd=(0.500,-0.000,-0.036)
TIMING_RECEIVER udp_gap_ms=49.977/56.251/56.959 udp_transit_ms=0.097/0.108/0.621 move_call_ms=0.384/0.673/0.676 sender_to_move_done_ms=0.483/0.760/1.021 cmd_age_ms=0.000 count=21 seq_gaps=0 invalid=0 last_seq=1293 cmd=(0.500,-0.000,-0.057)
TIMING_RECEIVER udp_gap_ms=50.094/52.935/60.939 udp_transit_ms=0.810/2.729/10.836 move_call_ms=0.456/0.575/2.421 sender_to_move_done_ms=1.267/3.153/11.210 cmd_age_ms=0.000 count=21 seq_gaps=0 invalid=0 last_seq=1314 cmd=(0.500,-0.000,-0.058)
TIMING_RECEIVER udp_gap_ms=49.951/52.851/53.535 udp_transit_ms=0.099/0.130/0.541 move_call_ms=0.375/0.570/0.617 sender_to_move_done_ms=0.475/0.681/0.942 cmd_age_ms=0.000 count=21 seq_gaps=0 invalid=0 last_seq=1335 cmd=(0.500,-0.000,0.010)
TIMING_RECEIVER udp_gap_ms=50.024/50.491/50.688 udp_transit_ms=0.084/0.143/0.154 move_call_ms=0.375/0.493/0.568 sender_to_move_done_ms=0.461/0.616/0.724 cmd_age_ms=0.000 count=20 seq_gaps=0 invalid=0 last_seq=1355 cmd=(0.500,-0.000,0.011)
TIMING_RECEIVER udp_gap_ms=50.035/55.646/55.955 udp_transit_ms=0.171/0.121/2.030 move_call_ms=0.386/0.510/0.744 sender_to_move_done_ms=0.559/0.843/2.541 cmd_age_ms=0.000 count=21 seq_gaps=0 invalid=0 last_seq=1376 cmd=(0.500,-0.000,0.020)
TIMING_RECEIVER udp_gap_ms=49.899/50.888/51.326 udp_transit_ms=0.069/0.097/0.118 move_call_ms=0.378/0.492/0.519 sender_to_move_done_ms=0.449/0.566/0.611 cmd_age_ms=0.000 count=21 seq_gaps=0 invalid=0 last_seq=1397 cmd=(0.500,-0.000,-0.024)
TIMING_RECEIVER udp_gap_ms=50.039/50.372/54.989 udp_transit_ms=0.234/0.176/3.229 move_call_ms=0.390/0.506/0.847 sender_to_move_done_ms=0.626/0.909/3.586 cmd_age_ms=0.000 count=20 seq_gaps=0 invalid=0 last_seq=1417 cmd=(0.500,-0.000,-0.001)
TIMING_RECEIVER udp_gap_ms=49.960/50.331/52.473 udp_transit_ms=0.074/0.096/0.134 move_call_ms=0.380/0.479/0.547 sender_to_move_done_ms=0.455/0.579/0.607 cmd_age_ms=0.000 count=21 seq_gaps=0 invalid=0 last_seq=1438 cmd=(0.500,-0.000,0.016)
TIMING_RECEIVER udp_gap_ms=50.009/50.964/67.845 udp_transit_ms=0.310/0.091/4.806 move_call_ms=0.368/0.464/0.583 sender_to_move_done_ms=0.679/0.648/5.134 cmd_age_ms=0.000 count=20 seq_gaps=0 invalid=0 last_seq=1458 cmd=(0.500,-0.000,-0.010)
TIMING_RECEIVER udp_gap_ms=50.008/56.008/56.010 udp_transit_ms=1.598/6.560/6.935 move_call_ms=0.325/0.438/0.461 sender_to_move_done_ms=1.925/6.876/7.219 cmd_age_ms=0.000 count=20 seq_gaps=0 invalid=0 last_seq=1478 cmd=(0.500,-0.000,-0.012)
TIMING_RECEIVER udp_gap_ms=49.989/52.531/58.971 udp_transit_ms=0.583/0.699/9.159 move_call_ms=0.360/0.444/0.506 sender_to_move_done_ms=0.945/1.091/9.507 cmd_age_ms=0.000 count=21 seq_gaps=0 invalid=0 last_seq=1499 cmd=(0.500,-0.000,-0.023)
TIMING_RECEIVER udp_gap_ms=50.441/56.392/58.711 udp_transit_ms=0.447/0.281/7.559 move_call_ms=0.333/0.409/0.464 sender_to_move_done_ms=0.781/0.628/7.867 cmd_age_ms=0.000 count=20 seq_gaps=0 invalid=0 last_seq=1519 cmd=(0.500,-0.000,-0.043)
TIMING_RECEIVER udp_gap_ms=49.583/55.644/58.700 udp_transit_ms=0.139/0.224/0.821 move_call_ms=0.359/0.481/0.575 sender_to_move_done_ms=0.499/0.775/1.103 cmd_age_ms=0.000 count=21 seq_gaps=0 invalid=0 last_seq=1540 cmd=(0.500,-0.000,-0.049)
TIMING_RECEIVER udp_gap_ms=50.075/54.200/58.521 udp_transit_ms=0.146/0.230/1.062 move_call_ms=0.307/0.379/0.544 sender_to_move_done_ms=0.454/0.740/1.326 cmd_age_ms=0.000 count=20 seq_gaps=0 invalid=0 last_seq=1560 cmd=(0.500,-0.000,0.042)
TIMING_RECEIVER udp_gap_ms=49.922/54.848/72.930 udp_transit_ms=1.740/2.894/27.757 move_call_ms=0.406/0.540/1.664 sender_to_move_done_ms=2.147/3.344/28.083 cmd_age_ms=0.000 count=21 seq_gaps=0 invalid=0 last_seq=1581 cmd=(0.500,-0.000,0.014)
TIMING_ALERT_RECEIVER udp_gap_max_ms=72.930 udp_transit_max_ms=27.757 move_call_max_ms=1.664 sender_to_move_done_max_ms=28.083 seq_gaps=0 invalid=0
TIMING_RECEIVER udp_gap_ms=50.001/57.908/67.122 udp_transit_ms=0.070/0.110/0.177 move_call_ms=0.379/0.479/0.727 sender_to_move_done_ms=0.450/0.546/0.807 cmd_age_ms=0.000 count=20 seq_gaps=0 invalid=0 last_seq=1601 cmd=(0.500,-0.000,0.008)
TIMING_RECEIVER udp_gap_ms=50.013/50.917/60.055 udp_transit_ms=0.191/0.543/0.559 move_call_ms=0.439/0.647/0.651 sender_to_move_done_ms=0.632/0.960/0.986 cmd_age_ms=0.000 count=20 seq_gaps=0 invalid=0 last_seq=1621 cmd=(0.500,-0.000,-0.015)
TIMING_RECEIVER udp_gap_ms=49.985/50.536/51.020 udp_transit_ms=0.075/0.123/0.203 move_call_ms=0.398/0.554/0.928 sender_to_move_done_ms=0.476/0.643/1.052 cmd_age_ms=0.000 count=21 seq_gaps=0 invalid=0 last_seq=1642 cmd=(0.500,-0.000,-0.052)
TIMING_RECEIVER udp_gap_ms=50.123/51.249/52.628 udp_transit_ms=0.067/0.084/0.088 move_call_ms=0.334/0.470/0.504 sender_to_move_done_ms=0.403/0.533/0.588 cmd_age_ms=0.000 count=21 seq_gaps=0 invalid=0 last_seq=1663 cmd=(0.500,-0.000,-0.040)
TIMING_RECEIVER udp_gap_ms=49.870/50.198/56.148 udp_transit_ms=0.088/0.242/0.312 move_call_ms=0.335/0.446/0.455 sender_to_move_done_ms=0.425/0.606/0.648 cmd_age_ms=0.000 count=21 seq_gaps=0 invalid=0 last_seq=1684 cmd=(0.500,-0.000,-0.049)
TIMING_RECEIVER udp_gap_ms=50.000/50.269/50.396 udp_transit_ms=0.066/0.081/0.082 move_call_ms=0.327/0.384/0.394 sender_to_move_done_ms=0.395/0.455/0.471 cmd_age_ms=0.000 count=21 seq_gaps=0 invalid=0 last_seq=1705 cmd=(0.500,-0.000,-0.037)
TIMING_RECEIVER udp_gap_ms=50.013/55.912/56.873 udp_transit_ms=0.071/0.079/0.096 move_call_ms=0.453/0.456/2.126 sender_to_move_done_ms=0.525/0.536/2.199 cmd_age_ms=0.000 count=20 seq_gaps=0 invalid=0 last_seq=1725 cmd=(0.500,-0.000,-0.041)
TIMING_RECEIVER udp_gap_ms=49.986/50.343/57.661 udp_transit_ms=0.072/0.093/0.093 move_call_ms=0.346/0.455/0.817 sender_to_move_done_ms=0.420/0.550/0.901 cmd_age_ms=0.000 count=21 seq_gaps=0 invalid=0 last_seq=1746 cmd=(0.500,-0.000,0.004)
TIMING_RECEIVER udp_gap_ms=50.006/53.396/55.507 udp_transit_ms=0.144/0.220/1.359 move_call_ms=0.354/0.483/0.635 sender_to_move_done_ms=0.499/0.722/1.797 cmd_age_ms=0.000 count=20 seq_gaps=0 invalid=0 last_seq=1766 cmd=(0.500,-0.000,-0.021)
TIMING_RECEIVER udp_gap_ms=50.001/50.308/50.346 udp_transit_ms=0.075/0.088/0.181 move_call_ms=0.390/0.475/0.634 sender_to_move_done_ms=0.467/0.638/0.724 cmd_age_ms=0.000 count=21 seq_gaps=0 invalid=0 last_seq=1787 cmd=(0.500,-0.000,-0.039)
TIMING_RECEIVER udp_gap_ms=50.005/54.224/58.054 udp_transit_ms=0.119/0.185/0.878 move_call_ms=0.384/0.456/0.459 sender_to_move_done_ms=0.504/0.640/1.339 cmd_age_ms=0.000 count=20 seq_gaps=0 invalid=0 last_seq=1807 cmd=(0.500,-0.000,-0.022)
TIMING_RECEIVER udp_gap_ms=49.999/50.178/50.193 udp_transit_ms=0.073/0.107/0.130 move_call_ms=0.354/0.487/0.496 sender_to_move_done_ms=0.428/0.556/0.567 cmd_age_ms=0.000 count=21 seq_gaps=0 invalid=0 last_seq=1828 cmd=(0.500,-0.000,-0.009)
TIMING_RECEIVER udp_gap_ms=50.001/51.997/54.951 udp_transit_ms=0.069/0.073/0.166 move_call_ms=0.361/0.524/0.524 sender_to_move_done_ms=0.430/0.594/0.613 cmd_age_ms=0.000 count=20 seq_gaps=0 invalid=0 last_seq=1848 cmd=(0.500,-0.000,-0.043)
TIMING_RECEIVER udp_gap_ms=49.995/50.310/55.968 udp_transit_ms=0.080/0.118/0.163 move_call_ms=0.343/0.432/0.501 sender_to_move_done_ms=0.425/0.504/0.597 cmd_age_ms=0.000 count=21 seq_gaps=0 invalid=0 last_seq=1869 cmd=(0.500,-0.000,0.031)
TIMING_RECEIVER udp_gap_ms=50.010/51.185/52.078 udp_transit_ms=0.123/0.447/0.690 move_call_ms=0.379/0.508/0.845 sender_to_move_done_ms=0.503/0.921/0.963 cmd_age_ms=0.000 count=20 seq_gaps=0 invalid=0 last_seq=1889 cmd=(0.500,-0.000,0.019)
TIMING_RECEIVER udp_gap_ms=50.042/52.550/52.669 udp_transit_ms=0.129/0.134/1.192 move_call_ms=0.373/0.487/0.598 sender_to_move_done_ms=0.503/0.673/1.580 cmd_age_ms=0.000 count=20 seq_gaps=0 invalid=0 last_seq=1909 cmd=(0.500,-0.000,-0.002)
TIMING_RECEIVER udp_gap_ms=49.961/51.161/51.948 udp_transit_ms=0.072/0.082/0.134 move_call_ms=0.392/0.552/0.637 sender_to_move_done_ms=0.465/0.619/0.772 cmd_age_ms=0.000 count=21 seq_gaps=0 invalid=0 last_seq=1930 cmd=(0.500,-0.000,0.020)
TIMING_RECEIVER udp_gap_ms=50.015/57.426/57.495 udp_transit_ms=0.151/0.142/1.593 move_call_ms=0.363/0.456/0.476 sender_to_move_done_ms=0.515/0.563/1.977 cmd_age_ms=0.000 count=21 seq_gaps=0 invalid=0 last_seq=1951 cmd=(0.500,-0.000,0.017)
TIMING_RECEIVER udp_gap_ms=49.990/51.407/54.767 udp_transit_ms=0.415/1.509/4.987 move_call_ms=0.388/0.464/0.753 sender_to_move_done_ms=0.804/1.925/5.312 cmd_age_ms=0.000 count=21 seq_gaps=0 invalid=0 last_seq=1972 cmd=(0.500,-0.000,0.002)
TIMING_RECEIVER udp_gap_ms=50.039/55.571/58.070 udp_transit_ms=0.128/0.436/0.708 move_call_ms=0.526/0.644/3.035 sender_to_move_done_ms=0.657/0.824/3.772 cmd_age_ms=0.000 count=20 seq_gaps=0 invalid=0 last_seq=1992 cmd=(0.500,-0.000,0.008)
TIMING_RECEIVER udp_gap_ms=49.948/51.113/53.101 udp_transit_ms=0.077/0.136/0.148 move_call_ms=0.432/0.640/0.686 sender_to_move_done_ms=0.510/0.716/0.756 cmd_age_ms=0.000 count=21 seq_gaps=0 invalid=0 last_seq=2013 cmd=(0.500,-0.000,-0.029)
TIMING_RECEIVER udp_gap_ms=50.076/53.578/54.132 udp_transit_ms=0.152/0.720/0.796 move_call_ms=0.370/0.471/0.494 sender_to_move_done_ms=0.523/1.158/1.163 cmd_age_ms=0.000 count=20 seq_gaps=0 invalid=0 last_seq=2033 cmd=(0.500,-0.000,-0.003)
TIMING_RECEIVER udp_gap_ms=49.932/50.388/51.778 udp_transit_ms=0.076/0.100/0.138 move_call_ms=0.487/0.918/2.186 sender_to_move_done_ms=0.564/1.018/2.276 cmd_age_ms=0.000 count=21 seq_gaps=0 invalid=0 last_seq=2054 cmd=(0.500,-0.000,-0.015)
TIMING_RECEIVER udp_gap_ms=50.304/52.391/56.192 udp_transit_ms=0.096/0.209/0.330 move_call_ms=0.380/0.499/0.506 sender_to_move_done_ms=0.477/0.654/0.769 cmd_age_ms=0.000 count=20 seq_gaps=0 invalid=0 last_seq=2074 cmd=(0.500,-0.000,-0.024)
TIMING_RECEIVER udp_gap_ms=49.759/51.824/54.466 udp_transit_ms=0.173/0.203/1.737 move_call_ms=0.394/0.508/0.658 sender_to_move_done_ms=0.568/0.718/2.079 cmd_age_ms=0.000 count=21 seq_gaps=0 invalid=0 last_seq=2095 cmd=(0.500,-0.000,0.012)
TIMING_RECEIVER udp_gap_ms=49.953/50.617/50.901 udp_transit_ms=0.101/0.295/0.342 move_call_ms=0.344/0.432/0.437 sender_to_move_done_ms=0.446/0.592/0.690 cmd_age_ms=0.000 count=21 seq_gaps=0 invalid=0 last_seq=2116 cmd=(0.500,-0.000,-0.019)
TIMING_RECEIVER udp_gap_ms=50.019/55.475/55.758 udp_transit_ms=0.316/0.228/4.681 move_call_ms=0.345/0.486/0.492 sender_to_move_done_ms=0.663/0.638/5.057 cmd_age_ms=0.000 count=20 seq_gaps=0 invalid=0 last_seq=2136 cmd=(0.500,-0.000,-0.013)
TIMING_RECEIVER udp_gap_ms=50.010/50.825/51.125 udp_transit_ms=0.079/0.111/0.212 move_call_ms=0.358/0.441/0.464 sender_to_move_done_ms=0.440/0.528/0.548 cmd_age_ms=0.000 count=20 seq_gaps=0 invalid=0 last_seq=2156 cmd=(0.500,-0.000,-0.013)
TIMING_RECEIVER udp_gap_ms=50.142/54.221/54.266 udp_transit_ms=0.065/0.084/0.088 move_call_ms=0.388/0.561/0.593 sender_to_move_done_ms=0.454/0.623/0.664 cmd_age_ms=0.000 count=20 seq_gaps=0 invalid=0 last_seq=2176 cmd=(0.500,-0.000,-0.028)
TIMING_RECEIVER udp_gap_ms=49.837/50.955/53.319 udp_transit_ms=0.074/0.116/0.122 move_call_ms=0.358/0.453/0.478 sender_to_move_done_ms=0.433/0.520/0.546 cmd_age_ms=0.000 count=21 seq_gaps=0 invalid=0 last_seq=2197 cmd=(0.500,-0.000,0.015)
TIMING_RECEIVER udp_gap_ms=50.216/54.106/57.825 udp_transit_ms=0.174/0.376/1.883 move_call_ms=0.383/0.461/0.547 sender_to_move_done_ms=0.559/0.925/2.237 cmd_age_ms=0.000 count=20 seq_gaps=0 invalid=0 last_seq=2217 cmd=(0.500,-0.000,-0.052)
TIMING_RECEIVER udp_gap_ms=49.801/50.790/50.969 udp_transit_ms=0.078/0.131/0.196 move_call_ms=0.338/0.406/0.445 sender_to_move_done_ms=0.417/0.511/0.564 cmd_age_ms=0.000 count=21 seq_gaps=0 invalid=0 last_seq=2238 cmd=(0.500,-0.000,-0.002)
TIMING_RECEIVER udp_gap_ms=50.041/52.039/56.597 udp_transit_ms=0.148/0.143/1.480 move_call_ms=0.368/0.572/0.632 sender_to_move_done_ms=0.518/0.702/1.808 cmd_age_ms=0.000 count=20 seq_gaps=0 invalid=0 last_seq=2258 cmd=(0.500,-0.000,-0.004)
TIMING_RECEIVER udp_gap_ms=49.958/52.968/53.195 udp_transit_ms=0.089/0.089/0.488 move_call_ms=0.380/0.491/0.707 sender_to_move_done_ms=0.470/0.771/0.980 cmd_age_ms=0.000 count=21 seq_gaps=0 invalid=0 last_seq=2279 cmd=(0.500,-0.000,-0.009)
TIMING_RECEIVER udp_gap_ms=50.037/54.779/58.091 udp_transit_ms=0.731/2.009/9.639 move_call_ms=0.340/0.421/0.526 sender_to_move_done_ms=1.072/2.262/9.916 cmd_age_ms=0.000 count=20 seq_gaps=0 invalid=0 last_seq=2299 cmd=(0.500,-0.000,-0.010)
TIMING_RECEIVER udp_gap_ms=50.016/54.985/69.581 udp_transit_ms=0.421/2.957/3.834 move_call_ms=0.358/0.577/0.673 sender_to_move_done_ms=0.780/3.284/4.113 cmd_age_ms=0.000 count=21 seq_gaps=0 invalid=0 last_seq=2320 cmd=(0.500,-0.000,0.000)
TIMING_RECEIVER udp_gap_ms=50.034/54.541/59.604 udp_transit_ms=0.090/0.087/0.608 move_call_ms=0.375/0.511/0.663 sender_to_move_done_ms=0.466/0.745/0.986 cmd_age_ms=0.000 count=20 seq_gaps=0 invalid=0 last_seq=2340 cmd=(0.500,-0.000,-0.002)
TIMING_RECEIVER udp_gap_ms=49.926/56.501/89.401 udp_transit_ms=0.466/2.497/2.991 move_call_ms=0.381/0.506/0.607 sender_to_move_done_ms=0.848/2.778/3.305 cmd_age_ms=0.000 count=21 seq_gaps=0 invalid=0 last_seq=2361 cmd=(0.500,-0.000,-0.008)
TIMING_RECEIVER udp_gap_ms=50.013/54.755/56.118 udp_transit_ms=0.145/0.222/0.310 move_call_ms=0.495/0.700/0.961 sender_to_move_done_ms=0.641/1.011/1.152 cmd_age_ms=0.000 count=20 seq_gaps=0 invalid=0 last_seq=2381 cmd=(0.500,-0.000,0.023)
TIMING_RECEIVER udp_gap_ms=50.257/54.984/55.683 udp_transit_ms=0.631/3.076/7.426 move_call_ms=0.432/0.607/0.636 sender_to_move_done_ms=1.065/3.357/7.741 cmd_age_ms=0.000 count=20 seq_gaps=0 invalid=0 last_seq=2401 cmd=(0.500,-0.000,0.019)
TIMING_RECEIVER udp_gap_ms=49.756/54.953/56.668 udp_transit_ms=0.176/0.289/0.784 move_call_ms=0.549/0.756/1.148 sender_to_move_done_ms=0.730/1.074/1.287 cmd_age_ms=0.000 count=21 seq_gaps=0 invalid=0 last_seq=2422 cmd=(0.500,-0.000,0.012)
TIMING_RECEIVER udp_gap_ms=50.117/59.318/59.734 udp_transit_ms=0.216/0.501/1.472 move_call_ms=0.602/0.869/1.188 sender_to_move_done_ms=0.819/1.238/2.662 cmd_age_ms=0.000 count=21 seq_gaps=0 invalid=0 last_seq=2443 cmd=(0.500,-0.000,0.000)
TIMING_RECEIVER udp_gap_ms=49.853/52.612/58.257 udp_transit_ms=0.181/0.549/0.625 move_call_ms=0.374/0.552/0.578 sender_to_move_done_ms=0.556/0.896/0.910 cmd_age_ms=0.000 count=21 seq_gaps=0 invalid=0 last_seq=2464 cmd=(0.500,-0.000,0.009)
TIMING_RECEIVER udp_gap_ms=50.005/51.775/53.173 udp_transit_ms=0.070/0.087/0.127 move_call_ms=0.369/0.443/0.644 sender_to_move_done_ms=0.440/0.514/0.731 cmd_age_ms=0.000 count=21 seq_gaps=0 invalid=0 last_seq=2485 cmd=(0.500,-0.000,-0.035)
TIMING_RECEIVER udp_gap_ms=50.006/52.895/54.684 udp_transit_ms=0.081/0.087/0.192 move_call_ms=0.375/0.494/0.572 sender_to_move_done_ms=0.457/0.651/0.687 cmd_age_ms=0.000 count=20 seq_gaps=0 invalid=0 last_seq=2505 cmd=(0.500,-0.000,-0.021)
TIMING_RECEIVER udp_gap_ms=49.985/50.911/51.249 udp_transit_ms=0.071/0.090/0.107 move_call_ms=0.365/0.506/0.598 sender_to_move_done_ms=0.437/0.575/0.688 cmd_age_ms=0.000 count=21 seq_gaps=0 invalid=0 last_seq=2526 cmd=(0.500,-0.000,-0.033)
TIMING_RECEIVER udp_gap_ms=50.012/52.174/57.744 udp_transit_ms=0.075/0.097/0.119 move_call_ms=0.348/0.420/0.457 sender_to_move_done_ms=0.424/0.487/0.530 cmd_age_ms=0.000 count=20 seq_gaps=0 invalid=0 last_seq=2546 cmd=(0.500,-0.000,-0.040)
TIMING_RECEIVER udp_gap_ms=50.011/50.506/50.772 udp_transit_ms=0.107/0.122/0.726 move_call_ms=0.385/0.575/0.733 sender_to_move_done_ms=0.493/0.842/0.988 cmd_age_ms=0.000 count=20 seq_gaps=0 invalid=0 last_seq=2566 cmd=(0.500,-0.000,-0.021)
TIMING_RECEIVER udp_gap_ms=50.029/52.650/66.057 udp_transit_ms=0.077/0.118/0.132 move_call_ms=0.304/0.356/0.392 sender_to_move_done_ms=0.383/0.426/0.467 cmd_age_ms=0.000 count=20 seq_gaps=0 invalid=0 last_seq=2586 cmd=(0.500,-0.000,-0.024)
TIMING_RECEIVER udp_gap_ms=49.953/53.142/54.272 udp_transit_ms=0.067/0.084/0.092 move_call_ms=0.355/0.443/0.587 sender_to_move_done_ms=0.424/0.528/0.646 cmd_age_ms=0.000 count=21 seq_gaps=0 invalid=0 last_seq=2607 cmd=(0.500,-0.000,-0.016)
TIMING_RECEIVER udp_gap_ms=50.006/54.645/56.599 udp_transit_ms=0.297/0.099/4.570 move_call_ms=0.364/0.475/0.558 sender_to_move_done_ms=0.662/0.654/4.879 cmd_age_ms=0.000 count=20 seq_gaps=0 invalid=0 last_seq=2627 cmd=(0.500,-0.000,0.014)
TIMING_RECEIVER udp_gap_ms=50.000/50.563/55.544 udp_transit_ms=0.092/0.100/0.536 move_call_ms=0.339/0.431/0.441 sender_to_move_done_ms=0.433/0.537/0.832 cmd_age_ms=0.000 count=21 seq_gaps=0 invalid=0 last_seq=2648 cmd=(0.500,-0.000,-0.036)
TIMING_RECEIVER udp_gap_ms=49.988/50.498/52.006 udp_transit_ms=0.193/0.676/1.862 move_call_ms=0.321/0.408/0.456 sender_to_move_done_ms=0.515/0.971/2.172 cmd_age_ms=0.000 count=21 seq_gaps=0 invalid=0 last_seq=2669 cmd=(0.500,-0.000,-0.010)
TIMING_RECEIVER udp_gap_ms=50.094/51.746/52.436 udp_transit_ms=0.081/0.159/0.185 move_call_ms=0.378/0.490/0.709 sender_to_move_done_ms=0.461/0.558/0.896 cmd_age_ms=0.000 count=20 seq_gaps=0 invalid=0 last_seq=2689 cmd=(0.500,-0.000,-0.045)
TIMING_RECEIVER udp_gap_ms=50.371/51.021/59.111 udp_transit_ms=0.128/0.206/0.909 move_call_ms=0.425/0.867/1.111 sender_to_move_done_ms=0.554/1.203/1.351 cmd_age_ms=0.000 count=20 seq_gaps=0 invalid=0 last_seq=2709 cmd=(0.500,-0.000,-0.043)
TIMING_RECEIVER udp_gap_ms=49.568/53.066/54.668 udp_transit_ms=0.070/0.090/0.103 move_call_ms=0.368/0.484/0.523 sender_to_move_done_ms=0.439/0.560/0.591 cmd_age_ms=0.000 count=21 seq_gaps=0 invalid=0 last_seq=2730 cmd=(0.500,-0.000,-0.024)
TIMING_RECEIVER udp_gap_ms=50.000/50.975/51.011 udp_transit_ms=0.142/0.703/0.874 move_call_ms=0.367/0.439/0.559 sender_to_move_done_ms=0.510/0.995/1.308 cmd_age_ms=0.000 count=20 seq_gaps=0 invalid=0 last_seq=2750 cmd=(0.500,-0.000,0.001)
TIMING_RECEIVER udp_gap_ms=50.073/52.957/54.067 udp_transit_ms=0.092/0.162/0.244 move_call_ms=0.357/0.453/0.516 sender_to_move_done_ms=0.450/0.602/0.607 cmd_age_ms=0.000 count=21 seq_gaps=0 invalid=0 last_seq=2771 cmd=(0.500,-0.000,0.007)
TIMING_RECEIVER udp_gap_ms=49.924/50.854/51.196 udp_transit_ms=0.076/0.140/0.140 move_call_ms=0.374/0.480/0.949 sender_to_move_done_ms=0.451/0.552/1.091 cmd_age_ms=0.000 count=21 seq_gaps=0 invalid=0 last_seq=2792 cmd=(0.500,-0.000,0.001)
TIMING_RECEIVER udp_gap_ms=50.044/51.396/55.357 udp_transit_ms=0.162/0.121/1.884 move_call_ms=0.372/0.507/0.516 sender_to_move_done_ms=0.535/0.557/2.402 cmd_age_ms=0.000 count=20 seq_gaps=0 invalid=0 last_seq=2812 cmd=(0.500,-0.000,-0.007)
TIMING_RECEIVER udp_gap_ms=49.957/52.314/56.497 udp_transit_ms=0.119/0.162/0.981 move_call_ms=0.396/0.514/1.083 sender_to_move_done_ms=0.516/1.150/1.401 cmd_age_ms=0.000 count=21 seq_gaps=0 invalid=0 last_seq=2833 cmd=(0.500,-0.000,-0.013)
TIMING_RECEIVER udp_gap_ms=50.000/53.406/61.272 udp_transit_ms=0.079/0.092/0.226 move_call_ms=0.365/0.461/0.658 sender_to_move_done_ms=0.445/0.649/0.741 cmd_age_ms=0.000 count=20 seq_gaps=0 invalid=0 last_seq=2853 cmd=(0.500,-0.000,-0.031)
TIMING_RECEIVER udp_gap_ms=50.003/53.474/55.768 udp_transit_ms=0.071/0.094/0.114 move_call_ms=0.361/0.435/0.506 sender_to_move_done_ms=0.434/0.501/0.589 cmd_age_ms=0.000 count=20 seq_gaps=0 invalid=0 last_seq=2873 cmd=(0.500,-0.000,-0.014)
TIMING_RECEIVER udp_gap_ms=49.994/50.816/50.902 udp_transit_ms=0.139/0.516/0.848 move_call_ms=0.401/0.573/0.617 sender_to_move_done_ms=0.541/1.134/1.342 cmd_age_ms=0.000 count=21 seq_gaps=0 invalid=0 last_seq=2894 cmd=(0.500,-0.000,0.003)
TIMING_RECEIVER udp_gap_ms=50.151/53.705/54.388 udp_transit_ms=0.173/0.147/2.036 move_call_ms=0.362/0.480/0.489 sender_to_move_done_ms=0.537/0.545/2.388 cmd_age_ms=0.000 count=20 seq_gaps=0 invalid=0 last_seq=2914 cmd=(0.500,-0.000,-0.014)
TIMING_RECEIVER udp_gap_ms=49.854/51.146/53.062 udp_transit_ms=0.227/0.176/3.080 move_call_ms=0.350/0.473/0.506 sender_to_move_done_ms=0.578/0.633/3.475 cmd_age_ms=0.000 count=21 seq_gaps=0 invalid=0 last_seq=2935 cmd=(0.500,-0.000,0.024)
TIMING_RECEIVER udp_gap_ms=50.218/54.086/54.582 udp_transit_ms=0.077/0.123/0.132 move_call_ms=0.341/0.414/0.423 sender_to_move_done_ms=0.419/0.493/0.517 cmd_age_ms=0.000 count=20 seq_gaps=0 invalid=0 last_seq=2955 cmd=(0.500,-0.000,-0.025)
TIMING_RECEIVER udp_gap_ms=49.824/50.838/50.906 udp_transit_ms=0.076/0.147/0.156 move_call_ms=0.365/0.495/0.504 sender_to_move_done_ms=0.442/0.587/0.604 cmd_age_ms=0.000 count=21 seq_gaps=0 invalid=0 last_seq=2976 cmd=(0.500,-0.000,-0.028)
TIMING_RECEIVER udp_gap_ms=50.059/50.945/51.603 udp_transit_ms=0.110/0.103/0.904 move_call_ms=0.368/0.475/0.524 sender_to_move_done_ms=0.482/0.618/1.247 cmd_age_ms=0.000 count=20 seq_gaps=0 invalid=0 last_seq=2996 cmd=(0.500,-0.000,0.022)
TIMING_RECEIVER udp_gap_ms=50.054/52.311/54.845 udp_transit_ms=0.130/0.186/1.185 move_call_ms=0.389/0.541/0.596 sender_to_move_done_ms=0.520/0.715/1.551 cmd_age_ms=0.000 count=20 seq_gaps=0 invalid=0 last_seq=3016 cmd=(0.500,-0.000,-0.005)
TIMING_RECEIVER udp_gap_ms=49.865/50.654/54.437 udp_transit_ms=0.107/0.153/0.686 move_call_ms=0.402/0.563/1.030 sender_to_move_done_ms=0.510/1.074/1.184 cmd_age_ms=0.000 count=21 seq_gaps=0 invalid=0 last_seq=3037 cmd=(0.500,-0.000,-0.005)
TIMING_RECEIVER udp_gap_ms=50.051/51.605/52.123 udp_transit_ms=0.083/0.133/0.240 move_call_ms=0.492/0.672/2.030 sender_to_move_done_ms=0.577/0.757/2.272 cmd_age_ms=0.000 count=20 seq_gaps=0 invalid=0 last_seq=3057 cmd=(0.500,-0.000,-0.387)
TIMING_RECEIVER udp_gap_ms=49.948/51.560/53.903 udp_transit_ms=0.265/0.237/3.833 move_call_ms=0.406/0.550/0.581 sender_to_move_done_ms=0.672/0.750/4.158 cmd_age_ms=0.000 count=21 seq_gaps=0 invalid=0 last_seq=3078 cmd=(0.250,-0.000,-0.450)
TIMING_RECEIVER udp_gap_ms=50.152/56.045/61.252 udp_transit_ms=0.212/0.123/2.913 move_call_ms=0.406/0.525/1.046 sender_to_move_done_ms=0.619/1.170/3.359 cmd_age_ms=0.000 count=20 seq_gaps=0 invalid=0 last_seq=3098 cmd=(0.250,-0.000,-0.450)
TIMING_RECEIVER udp_gap_ms=50.175/52.107/71.711 udp_transit_ms=0.922/0.122/17.031 move_call_ms=0.394/0.472/0.796 sender_to_move_done_ms=1.317/0.867/17.316 cmd_age_ms=0.000 count=20 seq_gaps=0 invalid=0 last_seq=3118 cmd=(0.500,-0.000,-0.291)
TIMING_RECEIVER udp_gap_ms=49.699/52.202/57.984 udp_transit_ms=0.162/0.508/0.548 move_call_ms=0.455/0.688/1.272 sender_to_move_done_ms=0.619/0.848/1.339 cmd_age_ms=0.000 count=21 seq_gaps=0 invalid=0 last_seq=3139 cmd=(0.500,-0.000,-0.234)
TIMING_RECEIVER udp_gap_ms=50.013/52.649/58.141 udp_transit_ms=0.087/0.151/0.174 move_call_ms=0.418/0.696/0.711 sender_to_move_done_ms=0.511/0.752/0.776 cmd_age_ms=0.000 count=20 seq_gaps=0 invalid=0 last_seq=3159 cmd=(0.500,-0.000,-0.163)
TIMING_RECEIVER udp_gap_ms=49.981/53.745/72.487 udp_transit_ms=0.177/0.138/1.836 move_call_ms=0.338/0.535/0.657 sender_to_move_done_ms=0.516/0.657/2.494 cmd_age_ms=0.000 count=21 seq_gaps=0 invalid=0 last_seq=3180 cmd=(0.500,-0.000,-0.041)
TIMING_RECEIVER udp_gap_ms=50.048/59.653/59.971 udp_transit_ms=0.471/2.166/2.167 move_call_ms=0.340/0.451/0.542 sender_to_move_done_ms=0.813/2.508/2.618 cmd_age_ms=0.000 count=20 seq_gaps=0 invalid=0 last_seq=3200 cmd=(0.500,-0.000,-0.012)
TIMING_RECEIVER udp_gap_ms=50.662/56.045/62.068 udp_transit_ms=0.134/0.208/0.785 move_call_ms=0.376/0.481/0.489 sender_to_move_done_ms=0.511/0.619/1.094 cmd_age_ms=0.000 count=20 seq_gaps=0 invalid=0 last_seq=3220 cmd=(0.500,-0.000,-0.017)
TIMING_RECEIVER udp_gap_ms=49.386/57.299/57.653 udp_transit_ms=0.586/2.336/7.164 move_call_ms=0.402/0.731/0.918 sender_to_move_done_ms=0.990/2.625/7.494 cmd_age_ms=0.000 count=21 seq_gaps=0 invalid=0 last_seq=3241 cmd=(0.500,-0.000,0.029)
TIMING_RECEIVER udp_gap_ms=50.118/54.169/55.439 udp_transit_ms=0.256/0.896/2.307 move_call_ms=0.487/0.655/2.421 sender_to_move_done_ms=0.745/2.533/2.599 cmd_age_ms=0.000 count=21 seq_gaps=0 invalid=0 last_seq=3262 cmd=(0.500,-0.000,0.022)
TIMING_RECEIVER udp_gap_ms=49.822/54.228/60.813 udp_transit_ms=0.167/0.183/1.568 move_call_ms=0.395/0.557/0.834 sender_to_move_done_ms=0.563/1.014/2.126 cmd_age_ms=0.000 count=21 seq_gaps=0 invalid=0 last_seq=3283 cmd=(0.500,-0.000,0.029)
TIMING_RECEIVER udp_gap_ms=50.108/54.189/54.453 udp_transit_ms=0.115/0.175/0.932 move_call_ms=0.362/0.483/0.529 sender_to_move_done_ms=0.478/0.659/1.227 cmd_age_ms=0.000 count=20 seq_gaps=0 invalid=0 last_seq=3303 cmd=(0.500,-0.000,0.057)
TIMING_RECEIVER udp_gap_ms=49.896/50.272/55.314 udp_transit_ms=0.075/0.095/0.154 move_call_ms=0.369/0.461/0.496 sender_to_move_done_ms=0.446/0.591/0.592 cmd_age_ms=0.000 count=21 seq_gaps=0 invalid=0 last_seq=3324 cmd=(0.500,-0.000,0.014)
TIMING_RECEIVER udp_gap_ms=50.208/54.129/56.251 udp_transit_ms=0.067/0.078/0.124 move_call_ms=0.361/0.444/0.485 sender_to_move_done_ms=0.429/0.511/0.556 cmd_age_ms=0.000 count=20 seq_gaps=0 invalid=0 last_seq=3344 cmd=(0.500,-0.000,-0.018)
TIMING_RECEIVER udp_gap_ms=49.840/50.865/51.208 udp_transit_ms=0.200/0.800/1.302 move_call_ms=0.364/0.445/0.466 sender_to_move_done_ms=0.566/1.192/1.713 cmd_age_ms=0.000 count=21 seq_gaps=0 invalid=0 last_seq=3365 cmd=(0.500,-0.000,-0.002)
TIMING_RECEIVER udp_gap_ms=50.001/50.809/50.848 udp_transit_ms=0.107/0.091/0.830 move_call_ms=0.366/0.486/0.523 sender_to_move_done_ms=0.475/0.611/1.157 cmd_age_ms=0.000 count=21 seq_gaps=0 invalid=0 last_seq=3386 cmd=(0.500,-0.000,-0.018)
TIMING_RECEIVER udp_gap_ms=49.971/54.086/54.278 udp_transit_ms=0.077/0.103/0.148 move_call_ms=0.349/0.440/0.491 sender_to_move_done_ms=0.426/0.564/0.565 cmd_age_ms=0.000 count=21 seq_gaps=0 invalid=0 last_seq=3407 cmd=(0.500,-0.000,-0.010)
TIMING_RECEIVER udp_gap_ms=49.986/50.664/54.423 udp_transit_ms=0.076/0.109/0.217 move_call_ms=0.347/0.446/0.455 sender_to_move_done_ms=0.425/0.541/0.564 cmd_age_ms=0.000 count=21 seq_gaps=0 invalid=0 last_seq=3428 cmd=(0.500,-0.000,0.008)
TIMING_RECEIVER udp_gap_ms=50.045/52.792/54.532 udp_transit_ms=0.068/0.084/0.085 move_call_ms=0.353/0.405/0.461 sender_to_move_done_ms=0.421/0.482/0.522 cmd_age_ms=0.000 count=20 seq_gaps=0 invalid=0 last_seq=3448 cmd=(0.500,-0.000,0.036)
TIMING_RECEIVER udp_gap_ms=49.965/50.811/52.377 udp_transit_ms=0.167/0.086/2.133 move_call_ms=0.367/0.448/0.492 sender_to_move_done_ms=0.535/0.551/2.498 cmd_age_ms=0.000 count=21 seq_gaps=0 invalid=0 last_seq=3469 cmd=(0.500,-0.000,-0.029)
TIMING_RECEIVER udp_gap_ms=49.998/56.711/57.123 udp_transit_ms=0.067/0.082/0.088 move_call_ms=0.376/0.466/0.645 sender_to_move_done_ms=0.444/0.534/0.706 cmd_age_ms=0.000 count=21 seq_gaps=0 invalid=0 last_seq=3490 cmd=(0.500,-0.000,-0.005)
TIMING_RECEIVER udp_gap_ms=50.010/51.440/51.486 udp_transit_ms=0.106/0.105/0.840 move_call_ms=0.366/0.444/0.710 sender_to_move_done_ms=0.473/0.775/1.240 cmd_age_ms=0.000 count=21 seq_gaps=0 invalid=0 last_seq=3511 cmd=(0.500,-0.000,-0.011)
TIMING_RECEIVER udp_gap_ms=49.993/54.390/57.460 udp_transit_ms=0.077/0.095/0.272 move_call_ms=0.407/0.659/0.994 sender_to_move_done_ms=0.486/0.723/1.268 cmd_age_ms=0.000 count=21 seq_gaps=0 invalid=0 last_seq=3532 cmd=(0.500,-0.000,0.006)
TIMING_RECEIVER udp_gap_ms=49.998/50.828/51.003 udp_transit_ms=0.095/0.122/0.469 move_call_ms=0.402/0.513/0.895 sender_to_move_done_ms=0.498/0.963/0.978 cmd_age_ms=0.000 count=21 seq_gaps=0 invalid=0 last_seq=3553 cmd=(0.500,-0.000,0.018)
TIMING_RECEIVER udp_gap_ms=50.215/54.382/57.760 udp_transit_ms=0.082/0.135/0.138 move_call_ms=0.387/0.504/0.531 sender_to_move_done_ms=0.471/0.607/0.630 cmd_age_ms=0.000 count=20 seq_gaps=0 invalid=0 last_seq=3573 cmd=(0.500,-0.000,-0.034)
TIMING_RECEIVER udp_gap_ms=49.799/54.639/57.414 udp_transit_ms=0.079/0.126/0.160 move_call_ms=0.382/0.501/0.557 sender_to_move_done_ms=0.463/0.615/0.632 cmd_age_ms=0.000 count=21 seq_gaps=0 invalid=0 last_seq=3594 cmd=(0.500,-0.000,-0.014)
TIMING_RECEIVER udp_gap_ms=50.103/55.423/57.076 udp_transit_ms=0.071/0.103/0.125 move_call_ms=0.339/0.405/0.432 sender_to_move_done_ms=0.412/0.495/0.507 cmd_age_ms=0.000 count=20 seq_gaps=0 invalid=0 last_seq=3614 cmd=(0.500,-0.000,-0.017)
TIMING_RECEIVER udp_gap_ms=49.920/55.545/57.809 udp_transit_ms=0.070/0.084/0.084 move_call_ms=0.328/0.399/0.399 sender_to_move_done_ms=0.399/0.466/0.470 cmd_age_ms=0.000 count=21 seq_gaps=0 invalid=0 last_seq=3635 cmd=(0.500,-0.000,-0.005)
TIMING_RECEIVER udp_gap_ms=49.987/53.144/57.266 udp_transit_ms=0.073/0.088/0.130 move_call_ms=0.369/0.511/0.550 sender_to_move_done_ms=0.444/0.593/0.619 cmd_age_ms=0.000 count=21 seq_gaps=0 invalid=0 last_seq=3656 cmd=(0.500,-0.000,-0.002)
TIMING_RECEIVER udp_gap_ms=49.991/55.862/56.490 udp_transit_ms=0.068/0.079/0.116 move_call_ms=0.385/0.488/0.858 sender_to_move_done_ms=0.455/0.564/0.938 cmd_age_ms=0.000 count=21 seq_gaps=0 invalid=0 last_seq=3677 cmd=(0.500,-0.000,-0.031)
TIMING_RECEIVER udp_gap_ms=50.024/51.082/51.091 udp_transit_ms=0.076/0.156/0.181 move_call_ms=0.383/0.464/0.472 sender_to_move_done_ms=0.460/0.537/0.619 cmd_age_ms=0.000 count=20 seq_gaps=0 invalid=0 last_seq=3697 cmd=(0.500,-0.000,-0.014)
TIMING_RECEIVER udp_gap_ms=50.003/50.950/52.117 udp_transit_ms=0.088/0.150/0.157 move_call_ms=0.366/0.441/0.477 sender_to_move_done_ms=0.456/0.585/0.636 cmd_age_ms=0.000 count=21 seq_gaps=0 invalid=0 last_seq=3718 cmd=(0.500,-0.000,-0.005)
TIMING_RECEIVER udp_gap_ms=50.690/61.714/78.395 udp_transit_ms=1.775/13.086/19.264 move_call_ms=0.478/0.760/0.861 sender_to_move_done_ms=2.255/13.388/19.857 cmd_age_ms=0.000 count=20 seq_gaps=0 invalid=0 last_seq=3738 cmd=(0.500,-0.000,-0.006)
TIMING_RECEIVER udp_gap_ms=49.517/53.065/54.212 udp_transit_ms=0.371/2.219/3.025 move_call_ms=0.573/0.848/0.852 sender_to_move_done_ms=0.947/2.513/3.342 cmd_age_ms=0.000 count=21 seq_gaps=0 invalid=0 last_seq=3759 cmd=(0.500,-0.000,0.012)
TIMING_RECEIVER udp_gap_ms=49.800/56.779/75.185 udp_transit_ms=0.544/3.989/4.285 move_call_ms=0.656/1.305/1.326 sender_to_move_done_ms=1.201/4.371/4.588 cmd_age_ms=0.000 count=21 seq_gaps=0 invalid=0 last_seq=3780 cmd=(0.500,-0.000,-0.018)
TIMING_RECEIVER udp_gap_ms=50.055/56.325/58.180 udp_transit_ms=0.130/0.139/0.616 move_call_ms=0.437/0.482/1.994 sender_to_move_done_ms=0.568/0.967/2.060 cmd_age_ms=0.000 count=20 seq_gaps=0 invalid=0 last_seq=3800 cmd=(0.500,-0.000,-0.018)
TIMING_RECEIVER udp_gap_ms=50.055/53.458/55.959 udp_transit_ms=0.412/1.370/2.168 move_call_ms=0.378/0.577/0.674 sender_to_move_done_ms=0.791/1.674/2.469 cmd_age_ms=0.000 count=20 seq_gaps=0 invalid=0 last_seq=3820 cmd=(0.500,-0.000,-0.022)
TIMING_RECEIVER udp_gap_ms=50.020/52.752/54.196 udp_transit_ms=0.168/0.618/0.687 move_call_ms=0.393/0.518/0.525 sender_to_move_done_ms=0.562/0.912/1.036 cmd_age_ms=0.000 count=21 seq_gaps=0 invalid=0 last_seq=3841 cmd=(0.500,-0.000,-0.078)
TIMING_RECEIVER udp_gap_ms=50.054/54.313/59.757 udp_transit_ms=0.301/1.957/2.096 move_call_ms=0.454/0.585/2.658 sender_to_move_done_ms=0.756/2.340/2.710 cmd_age_ms=0.000 count=20 seq_gaps=0 invalid=0 last_seq=3861 cmd=(0.500,-0.000,-0.069)
TIMING_RECEIVER udp_gap_ms=50.031/61.506/87.925 udp_transit_ms=0.548/0.308/8.703 move_call_ms=0.418/0.724/0.786 sender_to_move_done_ms=0.967/0.909/8.984 cmd_age_ms=0.000 count=20 seq_gaps=0 invalid=0 last_seq=3881 cmd=(0.500,-0.000,-0.030)
TIMING_RECEIVER udp_gap_ms=49.794/50.409/50.561 udp_transit_ms=0.117/0.170/0.818 move_call_ms=0.462/0.634/2.132 sender_to_move_done_ms=0.581/1.218/2.238 cmd_age_ms=0.000 count=21 seq_gaps=0 invalid=0 last_seq=3902 cmd=(0.500,-0.000,-0.013)
TIMING_RECEIVER udp_gap_ms=50.314/50.269/56.322 udp_transit_ms=0.067/0.092/0.104 move_call_ms=0.343/0.433/0.437 sender_to_move_done_ms=0.412/0.521/0.530 cmd_age_ms=0.000 count=20 seq_gaps=0 invalid=0 last_seq=3922 cmd=(0.500,-0.000,-0.014)
TIMING_RECEIVER udp_gap_ms=49.696/53.227/56.357 udp_transit_ms=0.073/0.099/0.159 move_call_ms=0.352/0.480/0.688 sender_to_move_done_ms=0.427/0.550/0.848 cmd_age_ms=0.000 count=21 seq_gaps=0 invalid=0 last_seq=3943 cmd=(0.500,-0.000,-0.002)
TIMING_RECEIVER udp_gap_ms=50.011/51.827/53.295 udp_transit_ms=0.074/0.090/0.097 move_call_ms=0.336/0.402/0.587 sender_to_move_done_ms=0.411/0.481/0.686 cmd_age_ms=0.000 count=21 seq_gaps=0 invalid=0 last_seq=3964 cmd=(0.500,-0.000,-0.008)
TIMING_RECEIVER udp_gap_ms=49.995/55.173/57.829 udp_transit_ms=0.207/0.092/2.961 move_call_ms=0.359/0.463/0.524 sender_to_move_done_ms=0.567/0.598/3.425 cmd_age_ms=0.000 count=21 seq_gaps=0 invalid=0 last_seq=3985 cmd=(0.500,-0.000,0.008)
TIMING_RECEIVER udp_gap_ms=50.038/53.066/55.331 udp_transit_ms=0.118/0.191/0.803 move_call_ms=0.393/0.511/0.618 sender_to_move_done_ms=0.512/0.704/1.177 cmd_age_ms=0.000 count=20 seq_gaps=0 invalid=0 last_seq=4005 cmd=(0.500,-0.000,-0.009)
TIMING_RECEIVER udp_gap_ms=50.007/57.287/58.981 udp_transit_ms=0.132/0.139/1.249 move_call_ms=0.445/0.555/1.925 sender_to_move_done_ms=0.578/1.731/2.027 cmd_age_ms=0.000 count=21 seq_gaps=0 invalid=0 last_seq=4026 cmd=(0.500,-0.000,-0.019)
TIMING_RECEIVER udp_gap_ms=50.017/50.887/51.259 udp_transit_ms=0.068/0.093/0.105 move_call_ms=0.370/0.458/0.470 sender_to_move_done_ms=0.439/0.549/0.553 cmd_age_ms=0.000 count=20 seq_gaps=0 invalid=0 last_seq=4046 cmd=(0.500,-0.000,-0.013)
TIMING_RECEIVER udp_gap_ms=49.942/53.418/54.955 udp_transit_ms=0.071/0.090/0.091 move_call_ms=0.349/0.430/0.457 sender_to_move_done_ms=0.422/0.503/0.548 cmd_age_ms=0.000 count=21 seq_gaps=0 invalid=0 last_seq=4067 cmd=(0.500,-0.000,0.006)
TIMING_RECEIVER udp_gap_ms=49.988/50.198/50.663 udp_transit_ms=0.094/0.079/0.656 move_call_ms=0.364/0.431/0.466 sender_to_move_done_ms=0.459/0.534/1.010 cmd_age_ms=0.000 count=21 seq_gaps=0 invalid=0 last_seq=4088 cmd=(0.500,-0.000,-0.009)
TIMING_RECEIVER udp_gap_ms=50.246/59.231/61.433 udp_transit_ms=0.091/0.202/0.486 move_call_ms=0.382/0.440/0.777 sender_to_move_done_ms=0.474/0.833/0.927 cmd_age_ms=0.000 count=20 seq_gaps=0 invalid=0 last_seq=4108 cmd=(0.500,-0.000,-0.023)
TIMING_RECEIVER udp_gap_ms=49.773/56.787/57.821 udp_transit_ms=0.076/0.113/0.228 move_call_ms=0.394/0.722/0.770 sender_to_move_done_ms=0.471/0.837/0.842 cmd_age_ms=0.000 count=21 seq_gaps=0 invalid=0 last_seq=4129 cmd=(0.500,-0.000,-0.005)
TIMING_RECEIVER udp_gap_ms=50.006/52.260/57.178 udp_transit_ms=0.081/0.152/0.152 move_call_ms=0.349/0.407/0.431 sender_to_move_done_ms=0.431/0.490/0.521 cmd_age_ms=0.000 count=21 seq_gaps=0 invalid=0 last_seq=4150 cmd=(0.500,-0.000,-0.006)
TIMING_RECEIVER udp_gap_ms=49.996/54.822/58.092 udp_transit_ms=0.120/0.102/1.174 move_call_ms=0.399/0.583/0.614 sender_to_move_done_ms=0.521/0.675/1.476 cmd_age_ms=0.000 count=21 seq_gaps=0 invalid=0 last_seq=4171 cmd=(0.500,-0.000,-0.022)
TIMING_RECEIVER udp_gap_ms=49.995/50.804/60.801 udp_transit_ms=0.256/0.120/3.851 move_call_ms=0.384/0.528/0.686 sender_to_move_done_ms=0.641/0.776/4.221 cmd_age_ms=0.000 count=21 seq_gaps=0 invalid=0 last_seq=4192 cmd=(0.500,-0.000,-0.002)
TIMING_RECEIVER udp_gap_ms=50.152/52.836/54.763 udp_transit_ms=0.243/0.665/2.866 move_call_ms=0.353/0.445/0.485 sender_to_move_done_ms=0.597/1.013/3.203 cmd_age_ms=0.000 count=20 seq_gaps=0 invalid=0 last_seq=4212 cmd=(0.500,-0.000,-0.017)
TIMING_RECEIVER udp_gap_ms=49.858/50.474/50.959 udp_transit_ms=0.087/0.131/0.309 move_call_ms=0.477/0.590/2.721 sender_to_move_done_ms=0.568/0.863/2.801 cmd_age_ms=0.000 count=21 seq_gaps=0 invalid=0 last_seq=4233 cmd=(0.500,-0.000,-0.034)
TIMING_RECEIVER udp_gap_ms=50.006/56.429/57.245 udp_transit_ms=0.094/0.144/0.433 move_call_ms=0.389/0.564/0.612 sender_to_move_done_ms=0.485/0.718/0.903 cmd_age_ms=0.000 count=20 seq_gaps=0 invalid=0 last_seq=4253 cmd=(0.500,-0.000,-0.027)
TIMING_RECEIVER udp_gap_ms=50.258/50.797/54.720 udp_transit_ms=0.148/0.696/0.805 move_call_ms=0.412/0.525/1.512 sender_to_move_done_ms=0.561/1.215/1.604 cmd_age_ms=0.000 count=20 seq_gaps=0 invalid=0 last_seq=4273 cmd=(0.500,-0.000,-0.067)
TIMING_RECEIVER udp_gap_ms=49.757/56.642/57.253 udp_transit_ms=0.081/0.133/0.188 move_call_ms=0.375/0.505/0.509 sender_to_move_done_ms=0.458/0.591/0.633 cmd_age_ms=0.000 count=21 seq_gaps=0 invalid=0 last_seq=4294 cmd=(0.500,-0.000,-0.024)
TIMING_RECEIVER udp_gap_ms=49.994/50.923/52.624 udp_transit_ms=0.223/0.648/2.690 move_call_ms=0.365/0.457/0.528 sender_to_move_done_ms=0.589/1.074/3.074 cmd_age_ms=0.000 count=21 seq_gaps=0 invalid=0 last_seq=4315 cmd=(0.500,-0.000,-0.032)
TIMING_RECEIVER udp_gap_ms=50.137/55.408/65.016 udp_transit_ms=0.747/0.106/13.613 move_call_ms=0.382/0.463/0.731 sender_to_move_done_ms=1.130/0.534/14.346 cmd_age_ms=0.000 count=20 seq_gaps=0 invalid=0 last_seq=4335 cmd=(0.500,-0.000,-0.022)
TIMING_RECEIVER udp_gap_ms=49.883/50.556/56.655 udp_transit_ms=0.082/0.146/0.206 move_call_ms=0.433/0.684/0.701 sender_to_move_done_ms=0.517/0.763/0.765 cmd_age_ms=0.000 count=21 seq_gaps=0 invalid=0 last_seq=4356 cmd=(0.500,-0.000,-0.003)
TIMING_RECEIVER udp_gap_ms=49.989/52.309/59.217 udp_transit_ms=0.092/0.288/0.291 move_call_ms=0.370/0.515/0.690 sender_to_move_done_ms=0.464/0.628/0.776 cmd_age_ms=0.000 count=21 seq_gaps=0 invalid=0 last_seq=4377 cmd=(0.500,-0.000,-0.038)
TIMING_RECEIVER udp_gap_ms=50.007/55.539/57.238 udp_transit_ms=0.107/0.193/0.318 move_call_ms=0.401/0.617/0.622 sender_to_move_done_ms=0.509/0.769/0.778 cmd_age_ms=0.000 count=20 seq_gaps=0 invalid=0 last_seq=4397 cmd=(0.500,-0.000,0.006)
TIMING_RECEIVER udp_gap_ms=50.038/51.017/57.207 udp_transit_ms=0.091/0.124/0.295 move_call_ms=0.365/0.518/0.520 sender_to_move_done_ms=0.457/0.593/0.634 cmd_age_ms=0.000 count=20 seq_gaps=0 invalid=0 last_seq=4417 cmd=(0.500,-0.000,0.002)
TIMING_RECEIVER udp_gap_ms=50.005/54.935/55.182 udp_transit_ms=0.121/0.239/0.836 move_call_ms=0.361/0.436/0.487 sender_to_move_done_ms=0.483/0.611/1.257 cmd_age_ms=0.000 count=20 seq_gaps=0 invalid=0 last_seq=4437 cmd=(0.500,-0.000,-0.072)
TIMING_RECEIVER udp_gap_ms=50.155/61.482/62.790 udp_transit_ms=0.098/0.121/0.563 move_call_ms=0.322/0.411/0.425 sender_to_move_done_ms=0.422/0.502/0.841 cmd_age_ms=0.000 count=20 seq_gaps=0 invalid=0 last_seq=4457 cmd=(0.500,-0.000,0.043)
TIMING_RECEIVER udp_gap_ms=50.154/55.723/57.065 udp_transit_ms=0.072/0.117/0.118 move_call_ms=0.342/0.404/0.411 sender_to_move_done_ms=0.416/0.516/0.530 cmd_age_ms=0.000 count=21 seq_gaps=0 invalid=0 last_seq=4478 cmd=(0.500,-0.000,0.004)
TIMING_RECEIVER udp_gap_ms=49.870/57.085/70.455 udp_transit_ms=0.112/0.226/0.250 move_call_ms=0.373/0.537/0.579 sender_to_move_done_ms=0.486/0.748/0.830 cmd_age_ms=0.000 count=21 seq_gaps=0 invalid=0 last_seq=4499 cmd=(0.500,-0.000,-0.026)
TIMING_RECEIVER udp_gap_ms=49.793/52.037/52.694 udp_transit_ms=0.120/0.158/0.184 move_call_ms=0.355/0.467/0.526 sender_to_move_done_ms=0.476/0.631/0.633 cmd_age_ms=0.000 count=21 seq_gaps=0 invalid=0 last_seq=4520 cmd=(0.500,-0.000,-0.028)
TIMING_RECEIVER udp_gap_ms=50.035/57.382/58.647 udp_transit_ms=0.174/0.387/0.927 move_call_ms=0.546/0.981/1.117 sender_to_move_done_ms=0.721/1.324/1.425 cmd_age_ms=0.000 count=20 seq_gaps=0 invalid=0 last_seq=4540 cmd=(0.500,-0.000,-0.040)
TIMING_RECEIVER udp_gap_ms=50.322/60.213/74.670 udp_transit_ms=0.272/1.544/1.680 move_call_ms=0.547/0.773/1.648 sender_to_move_done_ms=0.820/1.980/2.318 cmd_age_ms=0.000 count=20 seq_gaps=0 invalid=0 last_seq=4560 cmd=(0.500,-0.000,-0.030)
TIMING_RECEIVER udp_gap_ms=49.653/51.457/52.143 udp_transit_ms=0.227/0.762/1.800 move_call_ms=0.385/0.541/0.579 sender_to_move_done_ms=0.613/1.152/2.103 cmd_age_ms=0.000 count=21 seq_gaps=0 invalid=0 last_seq=4581 cmd=(0.500,-0.000,-0.016)
TIMING_RECEIVER udp_gap_ms=50.014/53.995/70.315 udp_transit_ms=0.114/0.167/0.755 move_call_ms=0.334/0.412/0.421 sender_to_move_done_ms=0.450/0.547/1.091 cmd_age_ms=0.000 count=20 seq_gaps=0 invalid=0 last_seq=4601 cmd=(0.500,-0.000,-0.045)
TIMING_RECEIVER udp_gap_ms=50.235/51.520/54.322 udp_transit_ms=0.179/0.784/1.619 move_call_ms=0.332/0.378/0.386 sender_to_move_done_ms=0.513/1.117/1.998 cmd_age_ms=0.000 count=20 seq_gaps=0 invalid=0 last_seq=4621 cmd=(0.500,-0.000,0.004)
TIMING_RECEIVER udp_gap_ms=49.758/54.441/56.804 udp_transit_ms=0.099/0.093/0.645 move_call_ms=0.370/0.489/0.504 sender_to_move_done_ms=0.470/0.578/0.932 cmd_age_ms=0.000 count=21 seq_gaps=0 invalid=0 last_seq=4642 cmd=(0.500,-0.000,-0.021)
TIMING_RECEIVER udp_gap_ms=50.000/51.381/51.533 udp_transit_ms=0.079/0.106/0.158 move_call_ms=0.361/0.480/0.687 sender_to_move_done_ms=0.442/0.560/0.762 cmd_age_ms=0.000 count=20 seq_gaps=0 invalid=0 last_seq=4662 cmd=(0.500,-0.000,-0.019)
TIMING_RECEIVER udp_gap_ms=50.023/52.158/59.432 udp_transit_ms=0.068/0.087/0.104 move_call_ms=0.357/0.440/0.445 sender_to_move_done_ms=0.427/0.518/0.545 cmd_age_ms=0.000 count=21 seq_gaps=0 invalid=0 last_seq=4683 cmd=(0.500,-0.000,-0.013)
TIMING_RECEIVER udp_gap_ms=49.976/50.659/51.023 udp_transit_ms=0.073/0.095/0.097 move_call_ms=0.380/0.535/0.573 sender_to_move_done_ms=0.454/0.618/0.669 cmd_age_ms=0.000 count=21 seq_gaps=0 invalid=0 last_seq=4704 cmd=(0.500,-0.000,0.007)
TIMING_RECEIVER udp_gap_ms=49.999/50.537/52.049 udp_transit_ms=0.066/0.080/0.094 move_call_ms=0.375/0.524/0.592 sender_to_move_done_ms=0.442/0.605/0.671 cmd_age_ms=0.000 count=21 seq_gaps=0 invalid=0 last_seq=4725 cmd=(0.500,-0.000,-0.003)
TIMING_RECEIVER udp_gap_ms=50.005/53.808/54.543 udp_transit_ms=0.247/0.096/3.618 move_call_ms=0.396/0.520/0.537 sender_to_move_done_ms=0.644/0.634/4.024 cmd_age_ms=0.000 count=20 seq_gaps=0 invalid=0 last_seq=4745 cmd=(0.500,-0.000,0.014)
TIMING_RECEIVER udp_gap_ms=49.989/50.343/50.474 udp_transit_ms=0.076/0.088/0.184 move_call_ms=0.387/0.455/0.651 sender_to_move_done_ms=0.464/0.544/0.837 cmd_age_ms=0.000 count=21 seq_gaps=0 invalid=0 last_seq=4766 cmd=(0.500,-0.000,-0.024)
TIMING_RECEIVER udp_gap_ms=50.014/52.472/53.671 udp_transit_ms=0.076/0.096/0.184 move_call_ms=0.504/0.790/2.262 sender_to_move_done_ms=0.581/0.887/2.320 cmd_age_ms=0.000 count=20 seq_gaps=0 invalid=0 last_seq=4786 cmd=(0.500,-0.000,-0.001)
TIMING_RECEIVER udp_gap_ms=50.082/50.846/51.831 udp_transit_ms=0.077/0.101/0.105 move_call_ms=0.385/0.457/0.970 sender_to_move_done_ms=0.463/0.528/1.041 cmd_age_ms=0.000 count=20 seq_gaps=0 invalid=0 last_seq=4806 cmd=(0.500,-0.000,-0.001)
TIMING_RECEIVER udp_gap_ms=50.001/55.315/57.007 udp_transit_ms=0.089/0.101/0.510 move_call_ms=0.413/0.526/0.547 sender_to_move_done_ms=0.502/0.627/0.965 cmd_age_ms=0.000 count=21 seq_gaps=0 invalid=0 last_seq=4827 cmd=(0.500,-0.000,-0.021)
TIMING_RECEIVER udp_gap_ms=49.919/56.748/56.749 udp_transit_ms=0.406/0.192/6.988 move_call_ms=0.371/0.480/0.568 sender_to_move_done_ms=0.778/0.655/7.304 cmd_age_ms=0.000 count=21 seq_gaps=0 invalid=0 last_seq=4848 cmd=(0.500,-0.000,0.002)
TIMING_RECEIVER udp_gap_ms=50.045/55.113/55.215 udp_transit_ms=0.083/0.096/0.377 move_call_ms=0.369/0.446/0.464 sender_to_move_done_ms=0.454/0.555/0.773 cmd_age_ms=0.000 count=21 seq_gaps=0 invalid=0 last_seq=4869 cmd=(0.500,-0.000,-0.000)
TIMING_RECEIVER udp_gap_ms=50.839/60.897/67.789 udp_transit_ms=1.103/10.021/10.753 move_call_ms=0.397/0.517/0.844 sender_to_move_done_ms=1.500/10.865/11.095 cmd_age_ms=0.000 count=20 seq_gaps=0 invalid=0 last_seq=4889 cmd=(0.500,-0.000,-0.019)
TIMING_RECEIVER udp_gap_ms=49.351/51.543/54.172 udp_transit_ms=0.070/0.086/0.117 move_call_ms=0.361/0.488/0.568 sender_to_move_done_ms=0.432/0.544/0.643 cmd_age_ms=0.000 count=21 seq_gaps=0 invalid=0 last_seq=4910 cmd=(0.500,-0.000,-0.001)
TIMING_RECEIVER udp_gap_ms=49.795/50.849/50.874 udp_transit_ms=0.092/0.089/0.552 move_call_ms=0.417/0.652/1.145 sender_to_move_done_ms=0.510/1.000/1.208 cmd_age_ms=0.000 count=21 seq_gaps=0 invalid=0 last_seq=4931 cmd=(0.500,-0.000,-0.040)
TIMING_RECEIVER udp_gap_ms=50.202/53.391/53.666 udp_transit_ms=0.077/0.093/0.254 move_call_ms=0.368/0.415/0.476 sender_to_move_done_ms=0.447/0.550/0.632 cmd_age_ms=0.000 count=20 seq_gaps=0 invalid=0 last_seq=4951 cmd=(0.500,-0.000,0.007)
TIMING_RECEIVER udp_gap_ms=49.807/51.560/53.561 udp_transit_ms=0.075/0.099/0.103 move_call_ms=0.377/0.485/0.582 sender_to_move_done_ms=0.453/0.550/0.662 cmd_age_ms=0.000 count=21 seq_gaps=0 invalid=0 last_seq=4972 cmd=(0.500,-0.000,0.009)
TIMING_RECEIVER udp_gap_ms=50.002/51.872/52.932 udp_transit_ms=0.073/0.110/0.114 move_call_ms=0.362/0.494/0.525 sender_to_move_done_ms=0.437/0.549/0.586 cmd_age_ms=0.000 count=21 seq_gaps=0 invalid=0 last_seq=4993 cmd=(0.500,-0.000,0.002)
TIMING_RECEIVER udp_gap_ms=50.176/52.934/55.562 udp_transit_ms=0.480/2.763/5.407 move_call_ms=0.375/0.485/0.633 sender_to_move_done_ms=0.857/3.090/5.700 cmd_age_ms=0.000 count=20 seq_gaps=0 invalid=0 last_seq=5013 cmd=(0.500,-0.000,-0.011)
TIMING_RECEIVER udp_gap_ms=50.270/60.045/60.084 udp_transit_ms=0.683/1.066/10.056 move_call_ms=0.423/0.646/0.754 sender_to_move_done_ms=1.107/1.713/10.367 cmd_age_ms=0.000 count=20 seq_gaps=0 invalid=0 last_seq=5033 cmd=(0.500,-0.000,-0.010)
TIMING_RECEIVER udp_gap_ms=50.047/54.804/59.986 udp_transit_ms=0.374/0.874/4.726 move_call_ms=0.464/0.707/0.812 sender_to_move_done_ms=0.839/1.173/5.049 cmd_age_ms=0.000 count=20 seq_gaps=0 invalid=0 last_seq=5053 cmd=(0.500,-0.000,0.001)
TIMING_RECEIVER udp_gap_ms=49.553/54.985/55.316 udp_transit_ms=0.113/0.144/0.363 move_call_ms=0.359/0.486/0.538 sender_to_move_done_ms=0.473/0.658/0.676 cmd_age_ms=0.000 count=21 seq_gaps=0 invalid=0 last_seq=5074 cmd=(0.500,-0.000,-0.018)
TIMING_RECEIVER udp_gap_ms=49.987/57.038/61.667 udp_transit_ms=0.239/0.118/2.993 move_call_ms=0.380/0.569/0.587 sender_to_move_done_ms=0.620/0.699/3.276 cmd_age_ms=0.000 count=21 seq_gaps=0 invalid=0 last_seq=5095 cmd=(0.500,-0.000,-0.023)
TIMING_RECEIVER udp_gap_ms=50.047/54.887/70.212 udp_transit_ms=0.121/0.146/0.148 move_call_ms=0.374/0.447/0.457 sender_to_move_done_ms=0.496/0.565/0.580 cmd_age_ms=0.000 count=20 seq_gaps=0 invalid=0 last_seq=5115 cmd=(0.500,-0.000,0.010)
TIMING_RECEIVER udp_gap_ms=49.951/55.107/70.813 udp_transit_ms=0.127/0.161/0.200 move_call_ms=0.416/0.629/0.851 sender_to_move_done_ms=0.544/0.766/0.982 cmd_age_ms=0.000 count=21 seq_gaps=0 invalid=0 last_seq=5136 cmd=(0.500,-0.000,-0.012)
TIMING_RECEIVER udp_gap_ms=50.051/50.902/50.998 udp_transit_ms=0.089/0.160/0.371 move_call_ms=0.363/0.526/0.553 sender_to_move_done_ms=0.454/0.623/0.835 cmd_age_ms=0.000 count=20 seq_gaps=0 invalid=0 last_seq=5156 cmd=(0.500,-0.000,-0.023)
TIMING_RECEIVER udp_gap_ms=49.949/51.932/55.371 udp_transit_ms=0.073/0.110/0.128 move_call_ms=0.351/0.473/0.539 sender_to_move_done_ms=0.426/0.570/0.622 cmd_age_ms=0.000 count=21 seq_gaps=0 invalid=0 last_seq=5177 cmd=(0.500,-0.000,0.014)
TIMING_RECEIVER udp_gap_ms=50.000/50.758/52.806 udp_transit_ms=0.083/0.164/0.219 move_call_ms=0.348/0.445/0.460 sender_to_move_done_ms=0.433/0.578/0.616 cmd_age_ms=0.000 count=20 seq_gaps=0 invalid=0 last_seq=5197 cmd=(0.500,-0.000,-0.027)
TIMING_RECEIVER udp_gap_ms=50.005/56.964/59.546 udp_transit_ms=0.620/4.071/7.033 move_call_ms=0.378/0.497/0.520 sender_to_move_done_ms=0.999/4.544/7.419 cmd_age_ms=0.000 count=20 seq_gaps=0 invalid=0 last_seq=5217 cmd=(0.500,-0.000,0.005)
TIMING_RECEIVER udp_gap_ms=50.000/51.258/53.497 udp_transit_ms=0.065/0.080/0.096 move_call_ms=0.354/0.436/0.532 sender_to_move_done_ms=0.421/0.503/0.613 cmd_age_ms=0.000 count=20 seq_gaps=0 invalid=0 last_seq=5237 cmd=(0.500,-0.000,0.012)
TIMING_RECEIVER udp_gap_ms=49.982/51.033/51.062 udp_transit_ms=0.075/0.091/0.126 move_call_ms=0.364/0.421/0.518 sender_to_move_done_ms=0.440/0.507/0.602 cmd_age_ms=0.000 count=21 seq_gaps=0 invalid=0 last_seq=5258 cmd=(0.500,-0.000,-0.019)
TIMING_RECEIVER udp_gap_ms=50.014/51.233/52.252 udp_transit_ms=0.064/0.075/0.075 move_call_ms=0.339/0.397/0.521 sender_to_move_done_ms=0.404/0.465/0.589 cmd_age_ms=0.000 count=20 seq_gaps=0 invalid=0 last_seq=5278 cmd=(0.500,-0.000,-0.018)
TIMING_RECEIVER udp_gap_ms=50.000/51.351/51.453 udp_transit_ms=0.077/0.099/0.143 move_call_ms=0.371/0.497/0.559 sender_to_move_done_ms=0.449/0.593/0.659 cmd_age_ms=0.000 count=20 seq_gaps=0 invalid=0 last_seq=5298 cmd=(0.500,-0.000,-0.013)
TIMING_RECEIVER udp_gap_ms=49.998/52.920/55.432 udp_transit_ms=0.074/0.107/0.127 move_call_ms=0.370/0.501/0.563 sender_to_move_done_ms=0.445/0.562/0.659 cmd_age_ms=0.000 count=21 seq_gaps=0 invalid=0 last_seq=5319 cmd=(0.500,-0.000,0.016)
TIMING_RECEIVER udp_gap_ms=49.996/50.818/55.309 udp_transit_ms=0.182/0.847/1.475 move_call_ms=0.378/0.489/0.546 sender_to_move_done_ms=0.561/1.255/1.943 cmd_age_ms=0.000 count=21 seq_gaps=0 invalid=0 last_seq=5340 cmd=(0.500,-0.000,-0.030)
TIMING_RECEIVER udp_gap_ms=50.008/52.558/54.346 udp_transit_ms=0.076/0.081/0.302 move_call_ms=0.377/0.434/0.746 sender_to_move_done_ms=0.455/0.500/1.049 cmd_age_ms=0.000 count=20 seq_gaps=0 invalid=0 last_seq=5360 cmd=(0.500,-0.000,-0.006)
TIMING_RECEIVER udp_gap_ms=50.002/50.850/53.389 udp_transit_ms=0.077/0.126/0.139 move_call_ms=0.415/0.448/1.620 sender_to_move_done_ms=0.493/0.540/1.698 cmd_age_ms=0.000 count=21 seq_gaps=0 invalid=0 last_seq=5381 cmd=(0.500,-0.000,-0.029)
TIMING_RECEIVER udp_gap_ms=50.107/51.256/52.269 udp_transit_ms=0.094/0.110/0.470 move_call_ms=0.354/0.445/0.466 sender_to_move_done_ms=0.450/0.553/0.832 cmd_age_ms=0.000 count=20 seq_gaps=0 invalid=0 last_seq=5401 cmd=(0.500,-0.000,-0.068)
TIMING_RECEIVER udp_gap_ms=49.900/55.332/58.085 udp_transit_ms=0.076/0.123/0.133 move_call_ms=0.384/0.520/0.521 sender_to_move_done_ms=0.462/0.609/0.615 cmd_age_ms=0.000 count=21 seq_gaps=0 invalid=0 last_seq=5422 cmd=(0.500,-0.000,-0.067)
TIMING_RECEIVER udp_gap_ms=50.015/51.058/54.285 udp_transit_ms=0.308/0.169/4.663 move_call_ms=0.364/0.500/0.500 sender_to_move_done_ms=0.673/0.590/4.953 cmd_age_ms=0.000 count=20 seq_gaps=0 invalid=0 last_seq=5442 cmd=(0.500,-0.000,-0.059)
TIMING_RECEIVER udp_gap_ms=49.981/51.328/52.768 udp_transit_ms=0.084/0.175/0.219 move_call_ms=0.421/0.640/0.964 sender_to_move_done_ms=0.507/0.798/1.035 cmd_age_ms=0.000 count=21 seq_gaps=0 invalid=0 last_seq=5463 cmd=(0.500,-0.000,-0.095)
TIMING_RECEIVER udp_gap_ms=49.997/50.985/55.746 udp_transit_ms=0.076/0.122/0.123 move_call_ms=0.371/0.448/0.472 sender_to_move_done_ms=0.448/0.551/0.552 cmd_age_ms=0.000 count=21 seq_gaps=0 invalid=0 last_seq=5484 cmd=(0.500,-0.000,-0.082)
TIMING_RECEIVER udp_gap_ms=50.008/52.610/54.392 udp_transit_ms=0.068/0.084/0.085 move_call_ms=0.357/0.461/0.493 sender_to_move_done_ms=0.426/0.529/0.579 cmd_age_ms=0.000 count=20 seq_gaps=0 invalid=0 last_seq=5504 cmd=(0.500,-0.000,-0.058)
TIMING_RECEIVER udp_gap_ms=49.993/54.429/58.867 udp_transit_ms=0.107/0.137/0.786 move_call_ms=0.372/0.476/0.512 sender_to_move_done_ms=0.481/0.569/1.197 cmd_age_ms=0.000 count=21 seq_gaps=0 invalid=0 last_seq=5525 cmd=(0.500,-0.000,-0.015)
TIMING_RECEIVER udp_gap_ms=50.107/52.351/53.845 udp_transit_ms=0.195/0.637/2.086 move_call_ms=0.348/0.437/0.496 sender_to_move_done_ms=0.545/1.012/2.406 cmd_age_ms=0.000 count=21 seq_gaps=0 invalid=0 last_seq=5546 cmd=(0.500,-0.000,0.019)
TIMING_RECEIVER udp_gap_ms=49.895/50.229/50.316 udp_transit_ms=0.073/0.093/0.132 move_call_ms=0.366/0.432/0.464 sender_to_move_done_ms=0.440/0.531/0.548 cmd_age_ms=0.000 count=21 seq_gaps=0 invalid=0 last_seq=5567 cmd=(0.500,-0.000,0.008)
TIMING_RECEIVER udp_gap_ms=50.002/62.807/73.943 udp_transit_ms=0.138/0.274/0.437 move_call_ms=0.564/1.416/1.982 sender_to_move_done_ms=0.703/1.537/2.098 cmd_age_ms=0.000 count=20 seq_gaps=0 invalid=0 last_seq=5587 cmd=(0.500,-0.000,0.021)
TIMING_RECEIVER udp_gap_ms=50.330/57.756/58.555 udp_transit_ms=0.441/0.134/7.036 move_call_ms=0.375/0.484/0.501 sender_to_move_done_ms=0.817/0.618/7.333 cmd_age_ms=0.000 count=21 seq_gaps=0 invalid=0 last_seq=5608 cmd=(0.500,-0.000,-0.013)
TIMING_RECEIVER udp_gap_ms=49.670/52.654/54.255 udp_transit_ms=0.251/0.267/3.225 move_call_ms=0.372/0.460/0.694 sender_to_move_done_ms=0.624/0.751/3.525 cmd_age_ms=0.000 count=21 seq_gaps=0 invalid=0 last_seq=5629 cmd=(0.500,-0.000,-0.009)
TIMING_RECEIVER udp_gap_ms=50.001/53.841/57.693 udp_transit_ms=0.135/0.213/0.289 move_call_ms=0.417/0.555/0.646 sender_to_move_done_ms=0.554/0.693/0.837 cmd_age_ms=0.000 count=20 seq_gaps=0 invalid=0 last_seq=5649 cmd=(0.500,-0.000,-0.005)
TIMING_RECEIVER udp_gap_ms=49.991/53.863/58.285 udp_transit_ms=0.117/0.216/0.221 move_call_ms=0.376/0.468/0.652 sender_to_move_done_ms=0.494/0.632/0.870 cmd_age_ms=0.000 count=21 seq_gaps=0 invalid=0 last_seq=5670 cmd=(0.500,-0.000,-0.050)
TIMING_RECEIVER udp_gap_ms=50.033/52.950/55.031 udp_transit_ms=0.309/0.095/4.874 move_call_ms=0.463/0.512/2.649 sender_to_move_done_ms=0.774/2.715/5.241 cmd_age_ms=0.000 count=20 seq_gaps=0 invalid=0 last_seq=5690 cmd=(0.500,-0.000,-0.021)
TIMING_RECEIVER udp_gap_ms=49.976/54.927/60.777 udp_transit_ms=0.596/0.140/10.932 move_call_ms=0.351/0.429/0.562 sender_to_move_done_ms=0.948/0.624/11.275 cmd_age_ms=0.000 count=21 seq_gaps=0 invalid=0 last_seq=5711 cmd=(0.500,-0.000,-0.019)
TIMING_RECEIVER udp_gap_ms=50.041/51.225/53.110 udp_transit_ms=0.078/0.114/0.149 move_call_ms=0.384/0.539/0.764 sender_to_move_done_ms=0.463/0.620/0.852 cmd_age_ms=0.000 count=21 seq_gaps=0 invalid=0 last_seq=5732 cmd=(0.500,-0.000,0.003)
TIMING_RECEIVER udp_gap_ms=49.974/52.117/57.518 udp_transit_ms=0.075/0.117/0.182 move_call_ms=0.365/0.501/0.587 sender_to_move_done_ms=0.441/0.559/0.645 cmd_age_ms=0.000 count=21 seq_gaps=0 invalid=0 last_seq=5753 cmd=(0.500,-0.000,0.030)
TIMING_RECEIVER udp_gap_ms=50.053/52.629/53.378 udp_transit_ms=0.228/0.129/2.984 move_call_ms=0.343/0.481/0.506 sender_to_move_done_ms=0.571/0.608/3.311 cmd_age_ms=0.000 count=20 seq_gaps=0 invalid=0 last_seq=5773 cmd=(0.500,-0.000,0.006)
TIMING_RECEIVER udp_gap_ms=49.965/53.312/53.338 udp_transit_ms=0.275/0.102/4.338 move_call_ms=0.466/1.093/1.569 sender_to_move_done_ms=0.742/1.658/4.759 cmd_age_ms=0.000 count=21 seq_gaps=0 invalid=0 last_seq=5794 cmd=(0.500,-0.000,0.066)
TIMING_RECEIVER udp_gap_ms=49.967/51.832/52.729 udp_transit_ms=0.106/0.113/0.738 move_call_ms=0.398/0.511/0.816 sender_to_move_done_ms=0.505/0.903/1.204 cmd_age_ms=0.000 count=21 seq_gaps=0 invalid=0 last_seq=5815 cmd=(0.500,-0.000,0.046)
TIMING_RECEIVER udp_gap_ms=50.017/50.880/57.175 udp_transit_ms=0.068/0.086/0.110 move_call_ms=0.496/0.727/2.127 sender_to_move_done_ms=0.566/0.815/2.186 cmd_age_ms=0.000 count=21 seq_gaps=0 invalid=0 last_seq=5836 cmd=(0.500,-0.000,0.018)
TIMING_RECEIVER udp_gap_ms=49.987/54.965/58.530 udp_transit_ms=0.074/0.119/0.123 move_call_ms=0.372/0.473/0.483 sender_to_move_done_ms=0.447/0.534/0.552 cmd_age_ms=0.000 count=21 seq_gaps=0 invalid=0 last_seq=5857 cmd=(0.500,-0.000,0.025)
TIMING_RECEIVER udp_gap_ms=50.033/50.676/52.848 udp_transit_ms=0.081/0.135/0.248 move_call_ms=0.362/0.497/0.505 sender_to_move_done_ms=0.444/0.575/0.631 cmd_age_ms=0.000 count=20 seq_gaps=0 invalid=0 last_seq=5877 cmd=(0.500,-0.000,-0.015)
TIMING_RECEIVER udp_gap_ms=50.005/52.191/52.486 udp_transit_ms=0.151/0.156/1.513 move_call_ms=0.369/0.435/0.593 sender_to_move_done_ms=0.522/0.731/1.929 cmd_age_ms=0.000 count=20 seq_gaps=0 invalid=0 last_seq=5897 cmd=(0.500,-0.000,-0.013)
TIMING_RECEIVER udp_gap_ms=49.966/51.170/53.232 udp_transit_ms=0.095/0.113/0.526 move_call_ms=0.413/0.597/0.753 sender_to_move_done_ms=0.510/0.822/1.026 cmd_age_ms=0.000 count=21 seq_gaps=0 invalid=0 last_seq=5918 cmd=(0.500,-0.000,-0.003)
TIMING_RECEIVER udp_gap_ms=49.996/55.433/59.039 udp_transit_ms=0.071/0.095/0.099 move_call_ms=0.364/0.491/0.499 sender_to_move_done_ms=0.436/0.560/0.564 cmd_age_ms=0.000 count=21 seq_gaps=0 invalid=0 last_seq=5939 cmd=(0.500,-0.000,-0.020)
TIMING_RECEIVER udp_gap_ms=50.004/51.859/70.738 udp_transit_ms=0.122/0.204/0.897 move_call_ms=0.386/0.461/0.477 sender_to_move_done_ms=0.509/0.657/1.339 cmd_age_ms=0.000 count=21 seq_gaps=0 invalid=0 last_seq=5960 cmd=(0.500,-0.000,0.012)
TIMING_RECEIVER udp_gap_ms=50.200/54.142/57.317 udp_transit_ms=0.111/0.125/0.797 move_call_ms=0.371/0.474/0.492 sender_to_move_done_ms=0.483/0.554/1.290 cmd_age_ms=0.000 count=20 seq_gaps=0 invalid=0 last_seq=5980 cmd=(0.500,-0.000,0.000)
TIMING_RECEIVER udp_gap_ms=49.800/52.589/57.504 udp_transit_ms=0.207/0.221/2.543 move_call_ms=0.400/0.479/0.533 sender_to_move_done_ms=0.609/0.669/2.962 cmd_age_ms=0.000 count=21 seq_gaps=0 invalid=0 last_seq=6001 cmd=(0.500,-0.000,-0.000)
TIMING_RECEIVER udp_gap_ms=50.696/51.094/63.757 udp_transit_ms=0.140/0.598/0.622 move_call_ms=0.356/0.445/0.496 sender_to_move_done_ms=0.498/0.879/0.923 cmd_age_ms=0.000 count=20 seq_gaps=0 invalid=0 last_seq=6021 cmd=(0.500,-0.000,0.025)
TIMING_RECEIVER udp_gap_ms=49.340/51.514/51.527 udp_transit_ms=0.118/0.384/0.508 move_call_ms=0.373/0.525/0.535 sender_to_move_done_ms=0.493/0.675/0.868 cmd_age_ms=0.000 count=21 seq_gaps=0 invalid=0 last_seq=6042 cmd=(0.500,-0.000,-0.008)
TIMING_RECEIVER udp_gap_ms=50.001/51.880/55.625 udp_transit_ms=0.107/0.175/0.750 move_call_ms=0.425/0.595/0.645 sender_to_move_done_ms=0.534/0.718/1.346 cmd_age_ms=0.000 count=21 seq_gaps=0 invalid=0 last_seq=6063 cmd=(0.500,-0.000,-0.033)
TIMING_RECEIVER udp_gap_ms=50.009/53.833/53.952 udp_transit_ms=0.083/0.131/0.145 move_call_ms=0.395/0.533/0.706 sender_to_move_done_ms=0.479/0.680/0.805 cmd_age_ms=0.000 count=20 seq_gaps=0 invalid=0 last_seq=6083 cmd=(0.500,-0.000,0.019)
TIMING_RECEIVER udp_gap_ms=50.083/51.254/51.545 udp_transit_ms=0.083/0.101/0.277 move_call_ms=0.401/0.596/0.671 sender_to_move_done_ms=0.485/0.722/0.737 cmd_age_ms=0.000 count=20 seq_gaps=0 invalid=0 last_seq=6103 cmd=(0.500,-0.000,-0.023)
TIMING_RECEIVER udp_gap_ms=50.012/51.807/54.087 udp_transit_ms=0.262/0.673/1.692 move_call_ms=0.445/0.588/1.255 sender_to_move_done_ms=0.708/1.929/2.199 cmd_age_ms=0.000 count=21 seq_gaps=0 invalid=0 last_seq=6124 cmd=(0.500,-0.000,-0.004)
TIMING_RECEIVER udp_gap_ms=49.905/52.978/57.973 udp_transit_ms=0.121/0.178/0.181 move_call_ms=0.967/3.162/7.011 sender_to_move_done_ms=1.089/3.248/7.139 cmd_age_ms=0.000 count=21 seq_gaps=0 invalid=0 last_seq=6145 cmd=(0.500,-0.000,-0.006)
TIMING_RECEIVER udp_gap_ms=50.124/57.118/58.878 udp_transit_ms=0.705/1.677/8.954 move_call_ms=0.542/1.105/1.150 sender_to_move_done_ms=1.248/1.983/9.268 cmd_age_ms=0.000 count=20 seq_gaps=0 invalid=0 last_seq=6165 cmd=(0.500,-0.000,0.029)
TIMING_RECEIVER udp_gap_ms=49.936/56.409/59.178 udp_transit_ms=0.894/4.175/7.092 move_call_ms=0.463/0.724/1.437 sender_to_move_done_ms=1.358/4.554/7.380 cmd_age_ms=0.000 count=21 seq_gaps=0 invalid=0 last_seq=6186 cmd=(0.500,-0.000,-0.035)
TIMING_RECEIVER udp_gap_ms=50.195/56.835/57.579 udp_transit_ms=0.106/0.144/0.195 move_call_ms=0.440/0.641/0.811 sender_to_move_done_ms=0.547/0.710/0.905 cmd_age_ms=0.000 count=20 seq_gaps=0 invalid=0 last_seq=6206 cmd=(0.500,-0.000,-0.039)
TIMING_RECEIVER udp_gap_ms=49.895/55.869/57.874 udp_transit_ms=0.159/0.281/1.482 move_call_ms=0.348/0.474/0.529 sender_to_move_done_ms=0.509/0.811/1.805 cmd_age_ms=0.000 count=21 seq_gaps=0 invalid=0 last_seq=6227 cmd=(0.500,-0.000,-0.045)
TIMING_RECEIVER udp_gap_ms=49.860/52.173/53.766 udp_transit_ms=0.072/0.101/0.121 move_call_ms=0.339/0.416/0.427 sender_to_move_done_ms=0.412/0.496/0.511 cmd_age_ms=0.000 count=21 seq_gaps=0 invalid=0 last_seq=6248 cmd=(0.500,-0.000,-0.009)
TIMING_RECEIVER udp_gap_ms=50.006/51.142/54.509 udp_transit_ms=0.145/0.182/1.432 move_call_ms=0.359/0.457/0.473 sender_to_move_done_ms=0.506/0.588/1.808 cmd_age_ms=0.000 count=20 seq_gaps=0 invalid=0 last_seq=6268 cmd=(0.500,-0.000,-0.026)
TIMING_RECEIVER udp_gap_ms=50.006/53.635/54.866 udp_transit_ms=0.068/0.080/0.128 move_call_ms=0.364/0.445/0.535 sender_to_move_done_ms=0.434/0.573/0.616 cmd_age_ms=0.000 count=20 seq_gaps=0 invalid=0 last_seq=6288 cmd=(0.500,-0.000,-0.026)
TIMING_RECEIVER udp_gap_ms=50.028/51.765/52.715 udp_transit_ms=0.258/0.819/2.901 move_call_ms=0.360/0.471/0.498 sender_to_move_done_ms=0.619/1.127/3.215 cmd_age_ms=0.000 count=20 seq_gaps=0 invalid=0 last_seq=6308 cmd=(0.500,-0.000,-0.016)
TIMING_RECEIVER udp_gap_ms=50.186/54.636/57.180 udp_transit_ms=0.100/0.124/0.700 move_call_ms=0.363/0.551/0.573 sender_to_move_done_ms=0.464/0.675/1.010 cmd_age_ms=0.000 count=21 seq_gaps=0 invalid=0 last_seq=6329 cmd=(0.500,-0.000,0.027)
TIMING_RECEIVER udp_gap_ms=49.864/51.761/54.163 udp_transit_ms=0.076/0.111/0.132 move_call_ms=0.364/0.461/0.593 sender_to_move_done_ms=0.442/0.538/0.666 cmd_age_ms=0.000 count=21 seq_gaps=0 invalid=0 last_seq=6350 cmd=(0.500,-0.000,0.014)
TIMING_RECEIVER udp_gap_ms=50.066/52.577/52.947 udp_transit_ms=0.142/0.389/0.836 move_call_ms=0.640/1.673/2.501 sender_to_move_done_ms=0.783/1.927/2.593 cmd_age_ms=0.000 count=20 seq_gaps=0 invalid=0 last_seq=6370 cmd=(0.500,-0.000,0.001)
TIMING_RECEIVER udp_gap_ms=49.896/51.366/53.468 udp_transit_ms=0.250/1.431/1.563 move_call_ms=0.376/0.613/0.642 sender_to_move_done_ms=0.628/1.802/1.906 cmd_age_ms=0.000 count=21 seq_gaps=0 invalid=0 last_seq=6391 cmd=(0.500,-0.000,-0.016)
TIMING_RECEIVER udp_gap_ms=50.014/51.167/52.332 udp_transit_ms=0.090/0.118/0.474 move_call_ms=0.392/0.542/0.573 sender_to_move_done_ms=0.484/0.645/0.933 cmd_age_ms=0.000 count=20 seq_gaps=0 invalid=0 last_seq=6411 cmd=(0.500,-0.000,-0.005)
TIMING_RECEIVER udp_gap_ms=49.949/53.984/55.125 udp_transit_ms=0.085/0.138/0.184 move_call_ms=0.384/0.487/0.505 sender_to_move_done_ms=0.470/0.592/0.672 cmd_age_ms=0.000 count=21 seq_gaps=0 invalid=0 last_seq=6432 cmd=(0.500,-0.000,0.014)
TIMING_RECEIVER udp_gap_ms=49.990/50.458/50.544 udp_transit_ms=0.119/0.147/0.722 move_call_ms=0.384/0.475/0.561 sender_to_move_done_ms=0.504/0.623/1.141 cmd_age_ms=0.000 count=21 seq_gaps=0 invalid=0 last_seq=6453 cmd=(0.500,-0.000,-0.034)
TIMING_RECEIVER udp_gap_ms=50.007/52.243/56.216 udp_transit_ms=0.112/0.269/0.723 move_call_ms=0.403/0.583/0.599 sender_to_move_done_ms=0.516/0.701/1.002 cmd_age_ms=0.000 count=20 seq_gaps=0 invalid=0 last_seq=6473 cmd=(0.500,-0.000,-0.004)
TIMING_RECEIVER udp_gap_ms=49.993/52.822/52.902 udp_transit_ms=0.209/0.225/2.772 move_call_ms=0.486/0.642/2.837 sender_to_move_done_ms=0.696/2.902/3.069 cmd_age_ms=0.000 count=21 seq_gaps=0 invalid=0 last_seq=6494 cmd=(0.500,-0.000,-0.014)
TIMING_RECEIVER udp_gap_ms=50.003/54.719/55.257 udp_transit_ms=0.079/0.100/0.186 move_call_ms=0.369/0.461/0.543 sender_to_move_done_ms=0.450/0.527/0.644 cmd_age_ms=0.000 count=20 seq_gaps=0 invalid=0 last_seq=6514 cmd=(0.500,-0.000,-0.018)
TIMING_RECEIVER udp_gap_ms=50.028/50.796/51.098 udp_transit_ms=0.138/0.725/0.736 move_call_ms=0.391/0.565/0.655 sender_to_move_done_ms=0.530/1.053/1.117 cmd_age_ms=0.000 count=21 seq_gaps=0 invalid=0 last_seq=6535 cmd=(0.500,-0.000,-0.017)
TIMING_RECEIVER udp_gap_ms=50.198/53.142/54.821 udp_transit_ms=0.077/0.152/0.224 move_call_ms=0.361/0.446/0.506 sender_to_move_done_ms=0.440/0.575/0.609 cmd_age_ms=0.000 count=21 seq_gaps=0 invalid=0 last_seq=6556 cmd=(0.500,-0.000,-0.054)
TIMING_RECEIVER udp_gap_ms=49.776/52.229/52.956 udp_transit_ms=0.170/0.092/2.150 move_call_ms=0.409/0.620/0.768 sender_to_move_done_ms=0.580/0.825/2.467 cmd_age_ms=0.000 count=21 seq_gaps=0 invalid=0 last_seq=6577 cmd=(0.500,-0.000,-0.010)
TIMING_RECEIVER udp_gap_ms=50.067/51.269/51.333 udp_transit_ms=0.077/0.109/0.171 move_call_ms=0.355/0.436/0.458 sender_to_move_done_ms=0.433/0.514/0.521 cmd_age_ms=0.000 count=20 seq_gaps=0 invalid=0 last_seq=6597 cmd=(0.500,-0.000,-0.035)
TIMING_RECEIVER udp_gap_ms=49.939/50.915/51.005 udp_transit_ms=0.119/0.153/0.820 move_call_ms=0.361/0.454/0.464 sender_to_move_done_ms=0.481/0.590/1.285 cmd_age_ms=0.000 count=21 seq_gaps=0 invalid=0 last_seq=6618 cmd=(0.500,-0.000,0.005)
TIMING_RECEIVER udp_gap_ms=49.992/50.122/51.186 udp_transit_ms=0.073/0.104/0.126 move_call_ms=0.401/0.473/0.646 sender_to_move_done_ms=0.476/0.556/0.711 cmd_age_ms=0.000 count=21 seq_gaps=0 invalid=0 last_seq=6639 cmd=(0.500,-0.000,0.178)
TIMING_RECEIVER udp_gap_ms=50.012/52.614/57.360 udp_transit_ms=0.091/0.182/0.254 move_call_ms=0.371/0.501/0.649 sender_to_move_done_ms=0.463/0.663/0.832 cmd_age_ms=0.000 count=20 seq_gaps=0 invalid=0 last_seq=6659 cmd=(0.500,-0.000,0.170)
TIMING_RECEIVER udp_gap_ms=50.003/51.925/57.183 udp_transit_ms=0.291/1.426/1.617 move_call_ms=0.403/0.643/0.713 sender_to_move_done_ms=0.695/1.723/1.902 cmd_age_ms=0.000 count=20 seq_gaps=0 invalid=0 last_seq=6679 cmd=(0.500,-0.000,0.136)
TIMING_RECEIVER udp_gap_ms=50.675/53.667/63.736 udp_transit_ms=0.107/0.122/0.146 move_call_ms=0.354/0.530/0.636 sender_to_move_done_ms=0.463/0.677/0.711 cmd_age_ms=0.000 count=20 seq_gaps=0 invalid=0 last_seq=6699 cmd=(0.500,-0.000,0.092)
TIMING_RECEIVER udp_gap_ms=49.365/53.695/55.886 udp_transit_ms=0.371/0.172/5.706 move_call_ms=0.747/0.751/6.576 sender_to_move_done_ms=1.119/6.384/6.728 cmd_age_ms=0.000 count=21 seq_gaps=0 invalid=0 last_seq=6720 cmd=(0.500,-0.000,0.041)
TIMING_RECEIVER udp_gap_ms=50.231/55.184/55.862 udp_transit_ms=0.169/0.623/0.983 move_call_ms=0.401/0.661/1.217 sender_to_move_done_ms=0.572/1.276/1.319 cmd_age_ms=0.000 count=21 seq_gaps=0 invalid=0 last_seq=6741 cmd=(0.500,-0.000,0.014)
TIMING_RECEIVER udp_gap_ms=49.742/59.510/61.504 udp_transit_ms=0.811/3.628/7.958 move_call_ms=0.339/0.474/0.501 sender_to_move_done_ms=1.152/3.934/8.278 cmd_age_ms=0.000 count=21 seq_gaps=0 invalid=0 last_seq=6762 cmd=(0.500,-0.000,0.077)
TIMING_RECEIVER udp_gap_ms=50.214/56.898/57.089 udp_transit_ms=0.103/0.144/0.190 move_call_ms=0.405/0.510/0.592 sender_to_move_done_ms=0.509/0.623/0.683 cmd_age_ms=0.000 count=20 seq_gaps=0 invalid=0 last_seq=6782 cmd=(0.500,-0.000,0.074)
TIMING_RECEIVER udp_gap_ms=49.809/53.385/54.641 udp_transit_ms=0.112/0.174/0.733 move_call_ms=0.367/0.468/0.598 sender_to_move_done_ms=0.480/0.694/1.148 cmd_age_ms=0.000 count=21 seq_gaps=0 invalid=0 last_seq=6803 cmd=(0.500,-0.000,0.049)
TIMING_RECEIVER udp_gap_ms=49.996/51.131/57.084 udp_transit_ms=0.076/0.123/0.150 move_call_ms=0.357/0.447/0.470 sender_to_move_done_ms=0.434/0.531/0.567 cmd_age_ms=0.000 count=21 seq_gaps=0 invalid=0 last_seq=6824 cmd=(0.500,-0.000,0.112)
TIMING_RECEIVER udp_gap_ms=50.001/53.718/54.769 udp_transit_ms=0.070/0.085/0.086 move_call_ms=0.369/0.447/0.558 sender_to_move_done_ms=0.440/0.526/0.629 cmd_age_ms=0.000 count=21 seq_gaps=0 invalid=0 last_seq=6845 cmd=(0.500,-0.000,0.092)
TIMING_RECEIVER udp_gap_ms=50.002/51.168/51.210 udp_transit_ms=0.088/0.125/0.316 move_call_ms=0.393/0.476/0.828 sender_to_move_done_ms=0.482/0.723/0.954 cmd_age_ms=0.000 count=20 seq_gaps=0 invalid=0 last_seq=6865 cmd=(0.500,-0.000,0.116)
TIMING_RECEIVER udp_gap_ms=49.999/52.605/54.243 udp_transit_ms=0.073/0.120/0.156 move_call_ms=0.394/0.481/0.876 sender_to_move_done_ms=0.468/0.610/0.958 cmd_age_ms=0.000 count=21 seq_gaps=0 invalid=0 last_seq=6886 cmd=(0.500,-0.000,0.056)
TIMING_RECEIVER udp_gap_ms=50.029/51.370/52.345 udp_transit_ms=0.073/0.119/0.153 move_call_ms=0.388/0.623/0.689 sender_to_move_done_ms=0.462/0.717/0.745 cmd_age_ms=0.000 count=20 seq_gaps=0 invalid=0 last_seq=6906 cmd=(0.500,-0.000,0.024)
TIMING_RECEIVER udp_gap_ms=49.989/50.746/51.515 udp_transit_ms=0.127/0.254/0.864 move_call_ms=0.367/0.522/0.617 sender_to_move_done_ms=0.495/0.685/1.204 cmd_age_ms=0.000 count=21 seq_gaps=0 invalid=0 last_seq=6927 cmd=(0.500,-0.000,0.088)
TIMING_RECEIVER udp_gap_ms=50.025/51.004/51.346 udp_transit_ms=0.120/0.161/1.034 move_call_ms=0.401/0.580/0.902 sender_to_move_done_ms=0.523/0.964/1.405 cmd_age_ms=0.000 count=20 seq_gaps=0 invalid=0 last_seq=6947 cmd=(0.500,-0.000,0.125)
TIMING_RECEIVER udp_gap_ms=49.978/50.753/51.024 udp_transit_ms=0.102/0.199/0.463 move_call_ms=0.443/0.587/1.212 sender_to_move_done_ms=0.546/1.044/1.269 cmd_age_ms=0.000 count=21 seq_gaps=0 invalid=0 last_seq=6968 cmd=(0.500,-0.000,0.061)
TIMING_RECEIVER udp_gap_ms=50.020/51.330/54.570 udp_transit_ms=0.123/0.138/1.029 move_call_ms=0.446/0.607/1.309 sender_to_move_done_ms=0.571/1.390/1.393 cmd_age_ms=0.000 count=21 seq_gaps=0 invalid=0 last_seq=6989 cmd=(0.500,-0.000,0.022)
TIMING_RECEIVER udp_gap_ms=49.969/51.097/52.165 udp_transit_ms=0.152/0.347/1.076 move_call_ms=0.400/0.616/0.985 sender_to_move_done_ms=0.553/1.231/1.498 cmd_age_ms=0.000 count=21 seq_gaps=0 invalid=0 last_seq=7010 cmd=(0.500,-0.000,0.005)
TIMING_RECEIVER udp_gap_ms=50.008/53.064/53.735 udp_transit_ms=0.282/0.801/3.444 move_call_ms=0.348/0.403/0.428 sender_to_move_done_ms=0.631/1.114/3.833 cmd_age_ms=0.000 count=20 seq_gaps=0 invalid=0 last_seq=7030 cmd=(0.500,-0.000,-0.038)
TIMING_RECEIVER udp_gap_ms=50.017/50.943/51.647 udp_transit_ms=0.073/0.106/0.129 move_call_ms=0.365/0.476/0.516 sender_to_move_done_ms=0.439/0.551/0.593 cmd_age_ms=0.000 count=21 seq_gaps=0 invalid=0 last_seq=7051 cmd=(0.500,-0.000,-0.026)
TIMING_RECEIVER udp_gap_ms=50.064/51.698/52.042 udp_transit_ms=0.074/0.132/0.136 move_call_ms=0.359/0.437/0.453 sender_to_move_done_ms=0.434/0.529/0.592 cmd_age_ms=0.000 count=21 seq_gaps=0 invalid=0 last_seq=7072 cmd=(0.500,-0.000,0.049)
TIMING_RECEIVER udp_gap_ms=49.903/51.818/54.371 udp_transit_ms=0.070/0.104/0.150 move_call_ms=0.397/0.586/0.719 sender_to_move_done_ms=0.468/0.643/0.770 cmd_age_ms=0.000 count=21 seq_gaps=0 invalid=0 last_seq=7093 cmd=(0.500,-0.000,0.062)
TIMING_RECEIVER udp_gap_ms=50.003/50.635/50.802 udp_transit_ms=0.077/0.092/0.232 move_call_ms=0.348/0.452/0.457 sender_to_move_done_ms=0.427/0.516/0.549 cmd_age_ms=0.000 count=21 seq_gaps=0 invalid=0 last_seq=7114 cmd=(0.500,-0.000,0.044)
TIMING_RECEIVER udp_gap_ms=50.005/53.344/58.985 udp_transit_ms=0.072/0.094/0.107 move_call_ms=0.376/0.449/0.700 sender_to_move_done_ms=0.450/0.535/0.762 cmd_age_ms=0.000 count=21 seq_gaps=0 invalid=0 last_seq=7135 cmd=(0.500,-0.000,0.021)
TIMING_RECEIVER udp_gap_ms=50.038/50.904/50.939 udp_transit_ms=0.130/0.704/0.714 move_call_ms=0.355/0.425/0.509 sender_to_move_done_ms=0.486/1.007/1.028 cmd_age_ms=0.000 count=20 seq_gaps=0 invalid=0 last_seq=7155 cmd=(0.500,-0.000,0.016)
TIMING_RECEIVER udp_gap_ms=49.956/51.342/51.344 udp_transit_ms=0.111/0.157/0.837 move_call_ms=0.358/0.514/0.632 sender_to_move_done_ms=0.470/0.717/1.164 cmd_age_ms=0.000 count=21 seq_gaps=0 invalid=0 last_seq=7176 cmd=(0.500,-0.000,-0.069)
TIMING_RECEIVER udp_gap_ms=50.099/52.043/56.864 udp_transit_ms=0.175/0.714/0.900 move_call_ms=0.444/1.074/1.195 sender_to_move_done_ms=0.621/1.260/1.975 cmd_age_ms=0.000 count=20 seq_gaps=0 invalid=0 last_seq=7196 cmd=(0.500,-0.000,-0.068)
TIMING_RECEIVER udp_gap_ms=49.910/51.798/57.149 udp_transit_ms=0.400/0.093/6.954 move_call_ms=0.353/0.531/0.541 sender_to_move_done_ms=0.753/0.618/7.316 cmd_age_ms=0.000 count=21 seq_gaps=0 invalid=0 last_seq=7217 cmd=(0.500,-0.000,-0.059)
TIMING_RECEIVER udp_gap_ms=50.040/54.988/61.686 udp_transit_ms=0.271/0.312/2.716 move_call_ms=0.481/0.735/1.343 sender_to_move_done_ms=0.753/1.533/3.045 cmd_age_ms=0.000 count=20 seq_gaps=0 invalid=0 last_seq=7237 cmd=(0.500,-0.000,-0.045)
TIMING_RECEIVER udp_gap_ms=50.210/54.811/56.075 udp_transit_ms=0.604/2.310/4.884 move_call_ms=0.810/1.920/5.241 sender_to_move_done_ms=1.416/5.158/6.080 cmd_age_ms=0.000 count=20 seq_gaps=0 invalid=0 last_seq=7257 cmd=(0.500,-0.000,-0.102)
TIMING_RECEIVER udp_gap_ms=49.758/53.735/57.656 udp_transit_ms=0.153/0.357/1.008 move_call_ms=0.431/0.822/0.915 sender_to_move_done_ms=0.586/1.098/1.521 cmd_age_ms=0.000 count=21 seq_gaps=0 invalid=0 last_seq=7278 cmd=(0.000,-0.000,-0.450)
TIMING_RECEIVER udp_gap_ms=50.075/55.984/56.811 udp_transit_ms=0.197/0.661/1.074 move_call_ms=0.369/0.667/0.739 sender_to_move_done_ms=0.568/1.329/1.372 cmd_age_ms=0.000 count=20 seq_gaps=0 invalid=0 last_seq=7298 cmd=(0.000,-0.000,-0.450)
TIMING_RECEIVER udp_gap_ms=49.944/62.861/71.431 udp_transit_ms=0.779/2.939/7.304 move_call_ms=0.432/0.732/0.759 sender_to_move_done_ms=1.213/3.244/7.632 cmd_age_ms=0.000 count=21 seq_gaps=0 invalid=0 last_seq=7319 cmd=(0.000,-0.000,-0.450)
TIMING_RECEIVER udp_gap_ms=49.976/50.291/51.924 udp_transit_ms=0.073/0.085/0.089 move_call_ms=0.352/0.404/0.538 sender_to_move_done_ms=0.426/0.488/0.622 cmd_age_ms=0.000 count=21 seq_gaps=0 invalid=0 last_seq=7340 cmd=(0.000,-0.000,-0.450)
TIMING_RECEIVER udp_gap_ms=50.025/53.025/55.569 udp_transit_ms=0.068/0.084/0.090 move_call_ms=0.445/0.487/2.619 sender_to_move_done_ms=0.515/0.578/2.687 cmd_age_ms=0.000 count=20 seq_gaps=0 invalid=0 last_seq=7360 cmd=(0.000,-0.000,-0.450)
TIMING_RECEIVER udp_gap_ms=49.978/50.983/52.957 udp_transit_ms=0.069/0.086/0.094 move_call_ms=0.410/0.662/0.944 sender_to_move_done_ms=0.482/0.726/1.040 cmd_age_ms=0.000 count=21 seq_gaps=0 invalid=0 last_seq=7381 cmd=(0.000,-0.000,-0.450)
TIMING_RECEIVER udp_gap_ms=50.002/51.668/52.182 udp_transit_ms=0.066/0.077/0.078 move_call_ms=0.399/0.633/0.819 sender_to_move_done_ms=0.467/0.692/0.879 cmd_age_ms=0.000 count=20 seq_gaps=0 invalid=0 last_seq=7401 cmd=(0.000,-0.000,-0.450)
TIMING_RECEIVER udp_gap_ms=50.001/54.107/56.435 udp_transit_ms=0.089/0.103/0.389 move_call_ms=0.377/0.514/0.522 sender_to_move_done_ms=0.467/0.596/0.913 cmd_age_ms=0.000 count=20 seq_gaps=0 invalid=0 last_seq=7421 cmd=(0.000,-0.000,-0.450)
TIMING_RECEIVER udp_gap_ms=50.001/50.728/54.129 udp_transit_ms=0.069/0.084/0.126 move_call_ms=0.328/0.381/0.507 sender_to_move_done_ms=0.399/0.478/0.583 cmd_age_ms=0.000 count=20 seq_gaps=0 invalid=0 last_seq=7441 cmd=(0.000,-0.000,-0.450)
TIMING_RECEIVER udp_gap_ms=50.002/56.879/57.101 udp_transit_ms=0.416/0.094/7.001 move_call_ms=0.343/0.395/0.471 sender_to_move_done_ms=0.760/0.551/7.332 cmd_age_ms=0.000 count=20 seq_gaps=0 invalid=0 last_seq=7461 cmd=(0.000,-0.000,-0.450)
TIMING_RECEIVER udp_gap_ms=50.086/51.945/56.887 udp_transit_ms=0.404/0.177/6.982 move_call_ms=0.344/0.482/0.517 sender_to_move_done_ms=0.749/0.660/7.257 cmd_age_ms=0.000 count=21 seq_gaps=0 invalid=0 last_seq=7482 cmd=(0.000,-0.000,-0.450)
TIMING_RECEIVER udp_gap_ms=50.151/51.658/54.995 udp_transit_ms=0.352/0.838/5.068 move_call_ms=0.351/0.432/0.434 sender_to_move_done_ms=0.705/1.166/5.407 cmd_age_ms=0.000 count=21 seq_gaps=0 invalid=0 last_seq=7503 cmd=(0.000,-0.000,-0.450)
TIMING_RECEIVER udp_gap_ms=49.768/50.567/50.937 udp_transit_ms=0.103/0.122/0.695 move_call_ms=0.363/0.443/0.450 sender_to_move_done_ms=0.468/0.525/0.974 cmd_age_ms=0.000 count=21 seq_gaps=0 invalid=0 last_seq=7524 cmd=(0.000,-0.000,-0.450)
TIMING_RECEIVER udp_gap_ms=50.002/52.986/53.471 udp_transit_ms=0.120/0.297/0.569 move_call_ms=0.372/0.607/0.630 sender_to_move_done_ms=0.493/0.866/0.905 cmd_age_ms=0.000 count=21 seq_gaps=0 invalid=0 last_seq=7545 cmd=(0.000,-0.000,-0.450)
Terminated
