1784968733.696614 [0]    python3: config: //CycloneDDS/Domain/General: 'NetworkInterfaceAddress': deprecated element (file:///tmp/go2_cyclonedds_eth0.xml line 4)
[INFO] [1784968734.162072502] [waypoint_follower]: enhanced waypoint_follower started
[INFO] [1784968734.166300753] [waypoint_follower]: route_file: /home/unitree/go2_fastlio_ws/patrol_logs/runs/20260725/xunjian-20260725-10/route_runtime.csv
[INFO] [1784968734.171263472] [waypoint_follower]: route points: 358
[INFO] [1784968734.173577983] [waypoint_follower]: loop_mode: pingpong
[INFO] [1784968734.175567595] [waypoint_follower]: lookahead_distance: 0.6
[INFO] [1784968734.176247408] [waypoint_follower]: reach_distance: 0.4
[INFO] [1784968734.204862212] [waypoint_follower]: FOLLOWER_EXACT_TRACE_READY file=/home/unitree/go2_fastlio_ws/patrol_logs/runs/20260725/xunjian-20260725-10/follower_control_trace.jsonl base_sha256=d205a596fc6118ad7fa191871c646173cb545ab4b136e46de360598e38261120
[INFO] [1784968734.205588744] [waypoint_follower]: FOLLOWER_MOTION_INTERLOCK_ACTIVE file=/home/unitree/go2_fastlio_ws/patrol_logs/runs/20260725/xunjian-20260725-10/.motion_enabled
[INFO] [1784968734.206199212] [waypoint_follower]: FOLLOWER_BODY_YAW_ALIGNMENT_ACTIVE topic=/lf/sportmodestate samples=10 max_spread_deg=2.000 max_age_s=0.250
[INFO] [1784968734.217970838] [waypoint_follower]: init nearest_index=0, distance_to_start=0.005
[INFO] [1784968734.587567438] [waypoint_follower]: FOLLOWER_ODOM_READY callbacks=5 age_ms=136.246 source_gap_ms=198.799
[INFO] [1784968735.228688875] [waypoint_follower]: FOLLOWER_BODY_YAW_READY offset_deg=-25.915353 spread_deg=0.038985 samples=10
[INFO] [1784968744.270890526] [waypoint_follower]: FOLLOWER_MOTION_INTERLOCK_RELEASED file=/home/unitree/go2_fastlio_ws/patrol_logs/runs/20260725/xunjian-20260725-10/.motion_enabled receive_age_ms=18.528 stamp_age_ms=180.009
[WARN] [1784968744.272277594] [waypoint_follower]: stuck recovery: nearest_index 0 -> 0
[INFO] [1784968744.273468791] [waypoint_follower]: nearest=0, target=2, dist=0.89, alpha=0.03, vx=0.50, yaw_rate=0.03, dir=1
[INFO] [1784968745.321435750] [waypoint_follower]: nearest=1, target=3, dist=0.99, alpha=-0.01, vx=0.50, yaw_rate=-0.01, dir=1
[INFO] [1784968746.321448170] [waypoint_follower]: nearest=2, target=4, dist=0.93, alpha=-0.01, vx=0.50, yaw_rate=-0.01, dir=1
[INFO] [1784968747.372924161] [waypoint_follower]: nearest=3, target=5, dist=0.88, alpha=-0.00, vx=0.50, yaw_rate=-0.00, dir=1
[INFO] [1784968748.422652800] [waypoint_follower]: nearest=4, target=6, dist=0.83, alpha=-0.02, vx=0.50, yaw_rate=-0.01, dir=1
[INFO] [1784968749.471285326] [waypoint_follower]: nearest=5, target=7, dist=0.78, alpha=-0.02, vx=0.50, yaw_rate=-0.02, dir=1
[INFO] [1784968750.471407597] [waypoint_follower]: nearest=6, target=8, dist=0.73, alpha=-0.02, vx=0.50, yaw_rate=-0.02, dir=1
[INFO] [1784968751.471885135] [waypoint_follower]: nearest=7, target=9, dist=0.71, alpha=-0.03, vx=0.50, yaw_rate=-0.03, dir=1
[INFO] [1784968752.473323187] [waypoint_follower]: nearest=8, target=10, dist=0.68, alpha=-0.08, vx=0.50, yaw_rate=-0.07, dir=1
[INFO] [1784968753.524805447] [waypoint_follower]: nearest=10, target=12, dist=1.04, alpha=-0.07, vx=0.50, yaw_rate=-0.06, dir=1
[INFO] [1784968754.571194840] [waypoint_follower]: nearest=11, target=13, dist=1.04, alpha=-0.03, vx=0.50, yaw_rate=-0.02, dir=1
[INFO] [1784968755.571474754] [waypoint_follower]: nearest=12, target=14, dist=1.06, alpha=-0.01, vx=0.50, yaw_rate=-0.01, dir=1
[INFO] [1784968756.623274635] [waypoint_follower]: nearest=13, target=15, dist=0.98, alpha=-0.01, vx=0.50, yaw_rate=-0.01, dir=1
[INFO] [1784968757.671375423] [waypoint_follower]: nearest=14, target=16, dist=0.96, alpha=0.02, vx=0.50, yaw_rate=0.02, dir=1
[INFO] [1784968758.721516193] [waypoint_follower]: nearest=15, target=17, dist=0.92, alpha=-0.00, vx=0.50, yaw_rate=-0.00, dir=1
[INFO] [1784968759.725848471] [waypoint_follower]: nearest=16, target=18, dist=0.89, alpha=0.01, vx=0.50, yaw_rate=0.01, dir=1
[INFO] [1784968760.772682220] [waypoint_follower]: nearest=17, target=19, dist=0.90, alpha=-0.02, vx=0.50, yaw_rate=-0.02, dir=1
[INFO] [1784968761.821412353] [waypoint_follower]: nearest=18, target=20, dist=0.77, alpha=-0.03, vx=0.50, yaw_rate=-0.03, dir=1
[INFO] [1784968762.871295430] [waypoint_follower]: nearest=19, target=21, dist=0.77, alpha=-0.02, vx=0.50, yaw_rate=-0.02, dir=1
[INFO] [1784968763.871448802] [waypoint_follower]: nearest=20, target=22, dist=0.74, alpha=-0.03, vx=0.50, yaw_rate=-0.03, dir=1
[INFO] [1784968764.921514267] [waypoint_follower]: nearest=21, target=23, dist=0.69, alpha=-0.04, vx=0.50, yaw_rate=-0.04, dir=1
[INFO] [1784968765.921499590] [waypoint_follower]: nearest=23, target=25, dist=1.10, alpha=0.02, vx=0.50, yaw_rate=0.02, dir=1
[INFO] [1784968766.971816395] [waypoint_follower]: nearest=24, target=26, dist=1.11, alpha=0.04, vx=0.50, yaw_rate=0.04, dir=1
[INFO] [1784968767.972090034] [waypoint_follower]: nearest=25, target=27, dist=1.14, alpha=0.02, vx=0.50, yaw_rate=0.01, dir=1
[INFO] [1784968769.022782443] [waypoint_follower]: nearest=26, target=28, dist=1.08, alpha=-0.02, vx=0.50, yaw_rate=-0.02, dir=1
[INFO] [1784968770.071484069] [waypoint_follower]: nearest=27, target=29, dist=1.07, alpha=0.00, vx=0.50, yaw_rate=0.00, dir=1
[INFO] [1784968771.121379864] [waypoint_follower]: nearest=28, target=30, dist=1.03, alpha=0.02, vx=0.50, yaw_rate=0.02, dir=1
[INFO] [1784968772.122409623] [waypoint_follower]: nearest=29, target=31, dist=1.00, alpha=0.03, vx=0.50, yaw_rate=0.02, dir=1
[INFO] [1784968773.171387001] [waypoint_follower]: nearest=30, target=32, dist=0.97, alpha=0.01, vx=0.50, yaw_rate=0.01, dir=1
[INFO] [1784968774.221569987] [waypoint_follower]: nearest=31, target=33, dist=0.94, alpha=-0.00, vx=0.50, yaw_rate=-0.00, dir=1
[INFO] [1784968775.271816023] [waypoint_follower]: nearest=32, target=34, dist=0.90, alpha=-0.00, vx=0.50, yaw_rate=-0.00, dir=1
[INFO] [1784968776.321715107] [waypoint_follower]: nearest=33, target=35, dist=0.82, alpha=0.02, vx=0.50, yaw_rate=0.02, dir=1
[INFO] [1784968777.371459147] [waypoint_follower]: nearest=34, target=36, dist=0.77, alpha=-0.04, vx=0.50, yaw_rate=-0.04, dir=1
[INFO] [1784968778.371785360] [waypoint_follower]: nearest=35, target=37, dist=0.77, alpha=-0.03, vx=0.50, yaw_rate=-0.02, dir=1
[INFO] [1784968779.421544597] [waypoint_follower]: nearest=36, target=38, dist=0.75, alpha=-0.02, vx=0.50, yaw_rate=-0.02, dir=1
[INFO] [1784968780.421608842] [waypoint_follower]: nearest=37, target=39, dist=0.68, alpha=-0.03, vx=0.50, yaw_rate=-0.03, dir=1
[INFO] [1784968781.421459920] [waypoint_follower]: nearest=39, target=41, dist=1.06, alpha=0.04, vx=0.50, yaw_rate=0.04, dir=1
[INFO] [1784968782.471671503] [waypoint_follower]: nearest=40, target=42, dist=1.03, alpha=0.02, vx=0.50, yaw_rate=0.02, dir=1
[INFO] [1784968783.471783798] [waypoint_follower]: nearest=41, target=43, dist=0.95, alpha=-0.01, vx=0.50, yaw_rate=-0.01, dir=1
[INFO] [1784968784.471746395] [waypoint_follower]: nearest=42, target=44, dist=0.96, alpha=0.00, vx=0.50, yaw_rate=0.00, dir=1
[INFO] [1784968785.521445311] [waypoint_follower]: nearest=43, target=45, dist=0.88, alpha=-0.07, vx=0.50, yaw_rate=-0.06, dir=1
[INFO] [1784968786.571169355] [waypoint_follower]: nearest=44, target=46, dist=0.87, alpha=-0.04, vx=0.50, yaw_rate=-0.04, dir=1
[INFO] [1784968787.571369722] [waypoint_follower]: nearest=45, target=47, dist=0.83, alpha=-0.06, vx=0.50, yaw_rate=-0.06, dir=1
[INFO] [1784968788.572216481] [waypoint_follower]: nearest=46, target=48, dist=0.80, alpha=0.01, vx=0.50, yaw_rate=0.01, dir=1
[INFO] [1784968789.621436433] [waypoint_follower]: nearest=47, target=49, dist=0.73, alpha=-0.01, vx=0.50, yaw_rate=-0.01, dir=1
[INFO] [1784968790.621509663] [waypoint_follower]: nearest=48, target=50, dist=0.72, alpha=-0.01, vx=0.50, yaw_rate=-0.01, dir=1
[INFO] [1784968791.671505298] [waypoint_follower]: nearest=50, target=52, dist=1.14, alpha=0.02, vx=0.50, yaw_rate=0.02, dir=1
[INFO] [1784968792.721677605] [waypoint_follower]: nearest=50, target=52, dist=0.70, alpha=-0.01, vx=0.50, yaw_rate=-0.01, dir=1
[INFO] [1784968793.771403349] [waypoint_follower]: nearest=51, target=53, dist=0.71, alpha=-0.04, vx=0.50, yaw_rate=-0.03, dir=1
[INFO] [1784968794.821518377] [waypoint_follower]: nearest=53, target=55, dist=1.04, alpha=0.03, vx=0.50, yaw_rate=0.02, dir=1
[INFO] [1784968795.822601658] [waypoint_follower]: nearest=54, target=56, dist=0.99, alpha=-0.01, vx=0.50, yaw_rate=-0.01, dir=1
[INFO] [1784968796.873189225] [waypoint_follower]: nearest=55, target=57, dist=0.97, alpha=0.01, vx=0.50, yaw_rate=0.01, dir=1
[INFO] [1784968797.926326390] [waypoint_follower]: nearest=56, target=58, dist=0.84, alpha=-0.03, vx=0.50, yaw_rate=-0.02, dir=1
[INFO] [1784968798.931699948] [waypoint_follower]: nearest=57, target=59, dist=0.91, alpha=0.01, vx=0.50, yaw_rate=0.00, dir=1
[INFO] [1784968799.972153554] [waypoint_follower]: nearest=58, target=60, dist=0.82, alpha=-0.02, vx=0.50, yaw_rate=-0.01, dir=1
[INFO] [1784968801.021640893] [waypoint_follower]: nearest=59, target=61, dist=0.82, alpha=-0.02, vx=0.50, yaw_rate=-0.01, dir=1
[INFO] [1784968802.022181416] [waypoint_follower]: nearest=60, target=62, dist=0.75, alpha=-0.01, vx=0.50, yaw_rate=-0.01, dir=1
[INFO] [1784968803.071348342] [waypoint_follower]: nearest=61, target=63, dist=0.71, alpha=-0.03, vx=0.50, yaw_rate=-0.03, dir=1
[INFO] [1784968804.071410490] [waypoint_follower]: nearest=63, target=65, dist=1.12, alpha=-0.07, vx=0.50, yaw_rate=-0.06, dir=1
[INFO] [1784968805.122037029] [waypoint_follower]: nearest=64, target=66, dist=1.11, alpha=-0.04, vx=0.50, yaw_rate=-0.03, dir=1
[INFO] [1784968806.122005604] [waypoint_follower]: nearest=64, target=66, dist=0.66, alpha=-0.10, vx=0.50, yaw_rate=-0.09, dir=1
[INFO] [1784968807.171641956] [waypoint_follower]: nearest=66, target=68, dist=1.05, alpha=-0.01, vx=0.50, yaw_rate=-0.01, dir=1
[INFO] [1784968808.221540010] [waypoint_follower]: nearest=67, target=69, dist=1.02, alpha=0.02, vx=0.50, yaw_rate=0.02, dir=1
[INFO] [1784968809.221535485] [waypoint_follower]: nearest=68, target=70, dist=1.01, alpha=0.02, vx=0.50, yaw_rate=0.02, dir=1
[INFO] [1784968810.221620279] [waypoint_follower]: nearest=69, target=71, dist=1.03, alpha=0.01, vx=0.50, yaw_rate=0.01, dir=1
[INFO] [1784968811.271489787] [waypoint_follower]: nearest=70, target=72, dist=0.96, alpha=-0.00, vx=0.50, yaw_rate=-0.00, dir=1
[INFO] [1784968812.321422845] [waypoint_follower]: nearest=71, target=73, dist=0.92, alpha=0.02, vx=0.50, yaw_rate=0.01, dir=1
[INFO] [1784968813.371294248] [waypoint_follower]: nearest=72, target=74, dist=0.83, alpha=-0.00, vx=0.50, yaw_rate=-0.00, dir=1
[INFO] [1784968814.371393035] [waypoint_follower]: nearest=73, target=75, dist=0.81, alpha=-0.01, vx=0.50, yaw_rate=-0.01, dir=1
[INFO] [1784968815.422225722] [waypoint_follower]: nearest=74, target=76, dist=0.79, alpha=-0.01, vx=0.50, yaw_rate=-0.01, dir=1
[INFO] [1784968816.471563362] [waypoint_follower]: nearest=75, target=77, dist=0.78, alpha=-0.01, vx=0.50, yaw_rate=-0.01, dir=1
[INFO] [1784968817.471374508] [waypoint_follower]: nearest=76, target=78, dist=0.69, alpha=-0.04, vx=0.50, yaw_rate=-0.04, dir=1
[INFO] [1784968818.471591275] [waypoint_follower]: nearest=77, target=79, dist=0.75, alpha=0.00, vx=0.50, yaw_rate=0.00, dir=1
[INFO] [1784968819.521697904] [waypoint_follower]: nearest=78, target=80, dist=0.71, alpha=-0.03, vx=0.50, yaw_rate=-0.02, dir=1
[INFO] [1784968820.522318180] [waypoint_follower]: nearest=79, target=81, dist=0.66, alpha=-0.06, vx=0.50, yaw_rate=-0.05, dir=1
[INFO] [1784968821.571488569] [waypoint_follower]: nearest=81, target=83, dist=1.10, alpha=-0.00, vx=0.50, yaw_rate=-0.00, dir=1
[INFO] [1784968822.621643497] [waypoint_follower]: nearest=82, target=84, dist=1.11, alpha=0.00, vx=0.50, yaw_rate=0.00, dir=1
[INFO] [1784968823.671348191] [waypoint_follower]: nearest=83, target=85, dist=1.13, alpha=0.01, vx=0.50, yaw_rate=0.01, dir=1
[INFO] [1784968824.671369434] [waypoint_follower]: nearest=84, target=86, dist=1.04, alpha=0.00, vx=0.50, yaw_rate=0.00, dir=1
[INFO] [1784968825.725174046] [waypoint_follower]: nearest=85, target=87, dist=1.05, alpha=0.03, vx=0.50, yaw_rate=0.02, dir=1
[INFO] [1784968826.771431240] [waypoint_follower]: nearest=86, target=88, dist=0.98, alpha=0.02, vx=0.50, yaw_rate=0.01, dir=1
[INFO] [1784968827.822479350] [waypoint_follower]: nearest=87, target=89, dist=0.93, alpha=0.00, vx=0.50, yaw_rate=0.00, dir=1
[INFO] [1784968828.871563120] [waypoint_follower]: nearest=88, target=90, dist=0.91, alpha=-0.00, vx=0.50, yaw_rate=-0.00, dir=1
[INFO] [1784968829.921451718] [waypoint_follower]: nearest=89, target=91, dist=0.95, alpha=-0.01, vx=0.50, yaw_rate=-0.01, dir=1
[INFO] [1784968830.921492130] [waypoint_follower]: nearest=90, target=92, dist=1.01, alpha=0.00, vx=0.50, yaw_rate=0.00, dir=1
[INFO] [1784968831.971338282] [waypoint_follower]: nearest=91, target=93, dist=0.92, alpha=-0.02, vx=0.50, yaw_rate=-0.02, dir=1
[INFO] [1784968832.971381094] [waypoint_follower]: nearest=92, target=94, dist=0.94, alpha=0.01, vx=0.50, yaw_rate=0.01, dir=1
[INFO] [1784968834.021549011] [waypoint_follower]: nearest=93, target=95, dist=0.85, alpha=0.00, vx=0.50, yaw_rate=0.00, dir=1
[INFO] [1784968835.071994493] [waypoint_follower]: nearest=94, target=96, dist=0.77, alpha=0.00, vx=0.50, yaw_rate=0.00, dir=1
[INFO] [1784968836.121342339] [waypoint_follower]: nearest=95, target=97, dist=0.72, alpha=-0.03, vx=0.50, yaw_rate=-0.02, dir=1
[INFO] [1784968837.121621641] [waypoint_follower]: nearest=96, target=98, dist=0.79, alpha=-0.02, vx=0.50, yaw_rate=-0.02, dir=1
[INFO] [1784968838.171535498] [waypoint_follower]: nearest=97, target=99, dist=0.75, alpha=-0.03, vx=0.50, yaw_rate=-0.02, dir=1
[INFO] [1784968839.174902309] [waypoint_follower]: nearest=98, target=100, dist=0.72, alpha=-0.05, vx=0.50, yaw_rate=-0.05, dir=1
[INFO] [1784968840.224208498] [waypoint_follower]: nearest=100, target=102, dist=1.06, alpha=0.04, vx=0.50, yaw_rate=0.03, dir=1
[INFO] [1784968841.221543460] [waypoint_follower]: nearest=101, target=103, dist=1.08, alpha=0.03, vx=0.50, yaw_rate=0.03, dir=1
[INFO] [1784968842.272031682] [waypoint_follower]: nearest=102, target=104, dist=1.02, alpha=0.01, vx=0.50, yaw_rate=0.01, dir=1
[INFO] [1784968843.322622097] [waypoint_follower]: nearest=103, target=105, dist=1.00, alpha=0.02, vx=0.50, yaw_rate=0.02, dir=1
[INFO] [1784968844.323070589] [waypoint_follower]: nearest=104, target=106, dist=0.96, alpha=0.02, vx=0.50, yaw_rate=0.01, dir=1
[INFO] [1784968845.371448283] [waypoint_follower]: nearest=105, target=107, dist=0.94, alpha=-0.02, vx=0.50, yaw_rate=-0.02, dir=1
[INFO] [1784968846.371627887] [waypoint_follower]: nearest=106, target=108, dist=0.90, alpha=-0.02, vx=0.50, yaw_rate=-0.02, dir=1
[INFO] [1784968847.421364180] [waypoint_follower]: nearest=107, target=109, dist=0.95, alpha=-0.03, vx=0.50, yaw_rate=-0.03, dir=1
[INFO] [1784968848.471296756] [waypoint_follower]: nearest=108, target=110, dist=0.98, alpha=-0.02, vx=0.50, yaw_rate=-0.02, dir=1
[INFO] [1784968849.471340976] [waypoint_follower]: nearest=109, target=111, dist=0.91, alpha=-0.01, vx=0.50, yaw_rate=-0.01, dir=1
[INFO] [1784968850.471921533] [waypoint_follower]: nearest=110, target=112, dist=0.85, alpha=-0.00, vx=0.50, yaw_rate=-0.00, dir=1
[INFO] [1784968851.521514337] [waypoint_follower]: nearest=111, target=113, dist=0.85, alpha=-0.00, vx=0.50, yaw_rate=-0.00, dir=1
[INFO] [1784968852.571307117] [waypoint_follower]: nearest=112, target=114, dist=0.85, alpha=0.01, vx=0.50, yaw_rate=0.01, dir=1
[INFO] [1784968853.571298404] [waypoint_follower]: nearest=113, target=115, dist=0.81, alpha=-0.02, vx=0.50, yaw_rate=-0.01, dir=1
[INFO] [1784968854.571410258] [waypoint_follower]: nearest=114, target=116, dist=0.80, alpha=-0.02, vx=0.50, yaw_rate=-0.01, dir=1
[INFO] [1784968855.621319017] [waypoint_follower]: nearest=115, target=117, dist=0.79, alpha=-0.04, vx=0.50, yaw_rate=-0.04, dir=1
[INFO] [1784968856.621463048] [waypoint_follower]: nearest=116, target=118, dist=0.70, alpha=-0.07, vx=0.50, yaw_rate=-0.07, dir=1
[INFO] [1784968857.671430162] [waypoint_follower]: nearest=117, target=119, dist=0.71, alpha=-0.06, vx=0.50, yaw_rate=-0.06, dir=1
[INFO] [1784968858.672085261] [waypoint_follower]: nearest=118, target=120, dist=0.71, alpha=-0.06, vx=0.50, yaw_rate=-0.05, dir=1
[INFO] [1784968859.721440609] [waypoint_follower]: nearest=119, target=121, dist=0.72, alpha=-0.07, vx=0.50, yaw_rate=-0.06, dir=1
[INFO] [1784968860.721816216] [waypoint_follower]: nearest=121, target=123, dist=1.08, alpha=0.01, vx=0.50, yaw_rate=0.01, dir=1
[INFO] [1784968861.721698497] [waypoint_follower]: nearest=122, target=124, dist=1.06, alpha=0.01, vx=0.50, yaw_rate=0.01, dir=1
[INFO] [1784968862.771389457] [waypoint_follower]: nearest=123, target=125, dist=1.06, alpha=-0.02, vx=0.50, yaw_rate=-0.01, dir=1
[INFO] [1784968863.771340111] [waypoint_follower]: nearest=124, target=126, dist=1.02, alpha=-0.02, vx=0.50, yaw_rate=-0.02, dir=1
[INFO] [1784968864.821853894] [waypoint_follower]: nearest=125, target=127, dist=1.04, alpha=-0.02, vx=0.50, yaw_rate=-0.02, dir=1
[INFO] [1784968865.871415321] [waypoint_follower]: nearest=126, target=128, dist=1.06, alpha=-0.01, vx=0.50, yaw_rate=-0.00, dir=1
[INFO] [1784968866.872621110] [waypoint_follower]: nearest=127, target=129, dist=1.06, alpha=0.01, vx=0.50, yaw_rate=0.01, dir=1
[INFO] [1784968867.922021059] [waypoint_follower]: nearest=128, target=130, dist=1.05, alpha=0.02, vx=0.50, yaw_rate=0.01, dir=1
[INFO] [1784968868.971478576] [waypoint_follower]: nearest=129, target=131, dist=1.03, alpha=-0.02, vx=0.50, yaw_rate=-0.02, dir=1
[INFO] [1784968870.021352292] [waypoint_follower]: nearest=130, target=132, dist=1.04, alpha=-0.02, vx=0.50, yaw_rate=-0.02, dir=1
[INFO] [1784968871.071390251] [waypoint_follower]: nearest=131, target=133, dist=1.00, alpha=0.03, vx=0.50, yaw_rate=0.03, dir=1
[INFO] [1784968872.121563445] [waypoint_follower]: nearest=132, target=134, dist=1.03, alpha=0.00, vx=0.50, yaw_rate=0.00, dir=1
[INFO] [1784968873.171382567] [waypoint_follower]: nearest=133, target=135, dist=1.02, alpha=-0.01, vx=0.50, yaw_rate=-0.00, dir=1
[INFO] [1784968874.172601599] [waypoint_follower]: nearest=134, target=136, dist=0.88, alpha=-0.43, vx=0.50, yaw_rate=-0.38, dir=1
[INFO] [1784968875.221569666] [waypoint_follower]: nearest=135, target=137, dist=0.81, alpha=-0.79, vx=0.25, yaw_rate=-0.45, dir=1
[INFO] [1784968876.221414453] [waypoint_follower]: nearest=135, target=137, dist=0.63, alpha=-0.56, vx=0.25, yaw_rate=-0.45, dir=1
[INFO] [1784968877.225776157] [waypoint_follower]: nearest=136, target=138, dist=0.78, alpha=-0.34, vx=0.50, yaw_rate=-0.31, dir=1
[INFO] [1784968878.271472822] [waypoint_follower]: nearest=137, target=139, dist=0.76, alpha=-0.27, vx=0.50, yaw_rate=-0.24, dir=1
[INFO] [1784968879.274169275] [waypoint_follower]: nearest=138, target=140, dist=0.69, alpha=-0.19, vx=0.50, yaw_rate=-0.17, dir=1
[INFO] [1784968880.321397944] [waypoint_follower]: nearest=140, target=142, dist=1.03, alpha=-0.05, vx=0.50, yaw_rate=-0.04, dir=1
[INFO] [1784968881.321953544] [waypoint_follower]: nearest=141, target=143, dist=0.96, alpha=-0.01, vx=0.50, yaw_rate=-0.01, dir=1
[INFO] [1784968882.339065898] [waypoint_follower]: nearest=142, target=144, dist=0.89, alpha=-0.02, vx=0.50, yaw_rate=-0.02, dir=1
[INFO] [1784968883.371427825] [waypoint_follower]: nearest=143, target=145, dist=0.81, alpha=0.04, vx=0.50, yaw_rate=0.03, dir=1
[INFO] [1784968884.372111322] [waypoint_follower]: nearest=144, target=146, dist=0.80, alpha=0.03, vx=0.50, yaw_rate=0.03, dir=1
[INFO] [1784968885.421975251] [waypoint_follower]: nearest=145, target=147, dist=0.71, alpha=0.04, vx=0.50, yaw_rate=0.04, dir=1
[INFO] [1784968886.471335906] [waypoint_follower]: nearest=147, target=149, dist=1.02, alpha=0.07, vx=0.50, yaw_rate=0.06, dir=1
[INFO] [1784968887.471822019] [waypoint_follower]: nearest=148, target=150, dist=0.96, alpha=0.02, vx=0.50, yaw_rate=0.02, dir=1
[INFO] [1784968888.521053556] [waypoint_follower]: nearest=149, target=151, dist=0.84, alpha=-0.02, vx=0.50, yaw_rate=-0.02, dir=1
[INFO] [1784968889.521462256] [waypoint_follower]: nearest=150, target=152, dist=0.84, alpha=0.00, vx=0.50, yaw_rate=0.00, dir=1
[INFO] [1784968890.571335409] [waypoint_follower]: nearest=151, target=153, dist=0.69, alpha=-0.01, vx=0.50, yaw_rate=-0.01, dir=1
[INFO] [1784968891.571735501] [waypoint_follower]: nearest=152, target=154, dist=0.65, alpha=0.00, vx=0.50, yaw_rate=0.00, dir=1
[INFO] [1784968892.571854200] [waypoint_follower]: nearest=154, target=156, dist=0.98, alpha=-0.01, vx=0.50, yaw_rate=-0.00, dir=1
[INFO] [1784968893.621286225] [waypoint_follower]: nearest=155, target=157, dist=0.86, alpha=0.03, vx=0.50, yaw_rate=0.02, dir=1
[INFO] [1784968894.621465314] [waypoint_follower]: nearest=156, target=158, dist=0.86, alpha=-0.02, vx=0.50, yaw_rate=-0.01, dir=1
[INFO] [1784968895.671141440] [waypoint_follower]: nearest=157, target=159, dist=0.75, alpha=-0.02, vx=0.50, yaw_rate=-0.02, dir=1
[INFO] [1784968896.671555860] [waypoint_follower]: nearest=158, target=160, dist=0.80, alpha=0.02, vx=0.50, yaw_rate=0.02, dir=1
[INFO] [1784968897.721612211] [waypoint_follower]: nearest=159, target=161, dist=0.72, alpha=-0.06, vx=0.50, yaw_rate=-0.05, dir=1
[INFO] [1784968898.771568551] [waypoint_follower]: nearest=161, target=163, dist=1.15, alpha=0.02, vx=0.50, yaw_rate=0.01, dir=1
[INFO] [1784968899.821477262] [waypoint_follower]: nearest=162, target=164, dist=1.15, alpha=-0.03, vx=0.50, yaw_rate=-0.03, dir=1
[INFO] [1784968900.821678567] [waypoint_follower]: nearest=163, target=165, dist=1.12, alpha=-0.02, vx=0.50, yaw_rate=-0.01, dir=1
[INFO] [1784968901.871342576] [waypoint_follower]: nearest=164, target=166, dist=1.09, alpha=-0.01, vx=0.50, yaw_rate=-0.00, dir=1
[INFO] [1784968902.871532887] [waypoint_follower]: nearest=165, target=167, dist=1.07, alpha=-0.01, vx=0.50, yaw_rate=-0.01, dir=1
[INFO] [1784968903.921385483] [waypoint_follower]: nearest=166, target=168, dist=1.05, alpha=0.01, vx=0.50, yaw_rate=0.01, dir=1
[INFO] [1784968904.971414763] [waypoint_follower]: nearest=167, target=169, dist=1.02, alpha=-0.02, vx=0.50, yaw_rate=-0.02, dir=1
[INFO] [1784968905.971348131] [waypoint_follower]: nearest=168, target=170, dist=1.00, alpha=-0.02, vx=0.50, yaw_rate=-0.01, dir=1
[INFO] [1784968906.971385608] [waypoint_follower]: nearest=169, target=171, dist=1.08, alpha=-0.00, vx=0.50, yaw_rate=-0.00, dir=1
[INFO] [1784968907.971394118] [waypoint_follower]: nearest=170, target=172, dist=1.08, alpha=0.02, vx=0.50, yaw_rate=0.01, dir=1
[INFO] [1784968909.021555958] [waypoint_follower]: nearest=171, target=173, dist=1.01, alpha=-0.00, vx=0.50, yaw_rate=-0.00, dir=1
[INFO] [1784968910.021718128] [waypoint_follower]: nearest=172, target=174, dist=1.00, alpha=0.01, vx=0.50, yaw_rate=0.01, dir=1
[INFO] [1784968911.071273470] [waypoint_follower]: nearest=173, target=175, dist=1.01, alpha=-0.02, vx=0.50, yaw_rate=-0.02, dir=1
[INFO] [1784968912.071285588] [waypoint_follower]: nearest=174, target=176, dist=0.98, alpha=-0.02, vx=0.50, yaw_rate=-0.02, dir=1
[INFO] [1784968913.072614625] [waypoint_follower]: nearest=175, target=177, dist=0.92, alpha=-0.07, vx=0.50, yaw_rate=-0.06, dir=1
[INFO] [1784968914.072900163] [waypoint_follower]: nearest=176, target=178, dist=0.90, alpha=-0.08, vx=0.50, yaw_rate=-0.07, dir=1
[INFO] [1784968915.123502762] [waypoint_follower]: nearest=177, target=179, dist=0.84, alpha=-0.06, vx=0.50, yaw_rate=-0.05, dir=1
[INFO] [1784968916.171671045] [waypoint_follower]: nearest=178, target=180, dist=0.81, alpha=0.01, vx=0.50, yaw_rate=0.01, dir=1
[INFO] [1784968917.174327330] [waypoint_follower]: nearest=179, target=181, dist=0.79, alpha=-0.06, vx=0.50, yaw_rate=-0.05, dir=1
[INFO] [1784968918.221409383] [waypoint_follower]: nearest=180, target=182, dist=0.76, alpha=-0.00, vx=0.50, yaw_rate=-0.00, dir=1
[INFO] [1784968919.221522267] [waypoint_follower]: nearest=181, target=183, dist=0.76, alpha=-0.03, vx=0.50, yaw_rate=-0.02, dir=1
[INFO] [1784968920.272459262] [waypoint_follower]: nearest=183, target=185, dist=1.12, alpha=0.01, vx=0.50, yaw_rate=0.01, dir=1
[INFO] [1784968921.271332328] [waypoint_follower]: nearest=183, target=185, dist=0.69, alpha=-0.02, vx=0.50, yaw_rate=-0.01, dir=1
[INFO] [1784968922.321595168] [waypoint_follower]: nearest=185, target=187, dist=1.18, alpha=-0.02, vx=0.50, yaw_rate=-0.02, dir=1
[INFO] [1784968923.322085052] [waypoint_follower]: nearest=185, target=187, dist=0.75, alpha=-0.03, vx=0.50, yaw_rate=-0.02, dir=1
[INFO] [1784968924.322023066] [waypoint_follower]: nearest=187, target=189, dist=1.14, alpha=0.02, vx=0.50, yaw_rate=0.02, dir=1
[INFO] [1784968925.323390580] [waypoint_follower]: nearest=188, target=190, dist=1.12, alpha=-0.03, vx=0.50, yaw_rate=-0.03, dir=1
[INFO] [1784968926.371572245] [waypoint_follower]: nearest=189, target=191, dist=1.13, alpha=-0.00, vx=0.50, yaw_rate=-0.00, dir=1
[INFO] [1784968927.421608672] [waypoint_follower]: nearest=190, target=192, dist=1.04, alpha=0.00, vx=0.50, yaw_rate=0.00, dir=1
[INFO] [1784968928.422255690] [waypoint_follower]: nearest=191, target=193, dist=1.05, alpha=-0.02, vx=0.50, yaw_rate=-0.01, dir=1
[INFO] [1784968929.471434804] [waypoint_follower]: nearest=192, target=194, dist=0.98, alpha=-0.01, vx=0.50, yaw_rate=-0.01, dir=1
[INFO] [1784968930.471718123] [waypoint_follower]: nearest=193, target=195, dist=1.04, alpha=0.01, vx=0.50, yaw_rate=0.01, dir=1
[INFO] [1784968931.521485698] [waypoint_follower]: nearest=194, target=196, dist=0.96, alpha=0.01, vx=0.50, yaw_rate=0.01, dir=1
[INFO] [1784968932.521564478] [waypoint_follower]: nearest=195, target=197, dist=0.97, alpha=0.01, vx=0.50, yaw_rate=0.01, dir=1
[INFO] [1784968933.571391925] [waypoint_follower]: nearest=196, target=198, dist=0.91, alpha=-0.03, vx=0.50, yaw_rate=-0.02, dir=1
[INFO] [1784968934.621385070] [waypoint_follower]: nearest=197, target=199, dist=0.83, alpha=-0.02, vx=0.50, yaw_rate=-0.02, dir=1
[INFO] [1784968935.671901164] [waypoint_follower]: nearest=198, target=200, dist=0.81, alpha=-0.05, vx=0.50, yaw_rate=-0.05, dir=1
[INFO] [1784968936.721398101] [waypoint_follower]: nearest=199, target=201, dist=0.79, alpha=-0.05, vx=0.50, yaw_rate=-0.05, dir=1
[INFO] [1784968937.721659124] [waypoint_follower]: nearest=200, target=202, dist=0.75, alpha=-0.05, vx=0.50, yaw_rate=-0.04, dir=1
[INFO] [1784968938.771358401] [waypoint_follower]: nearest=202, target=204, dist=1.09, alpha=-0.01, vx=0.50, yaw_rate=-0.01, dir=1
[INFO] [1784968939.821339278] [waypoint_follower]: nearest=203, target=205, dist=0.96, alpha=0.00, vx=0.50, yaw_rate=0.00, dir=1
[INFO] [1784968940.871327253] [waypoint_follower]: nearest=204, target=206, dist=0.94, alpha=0.04, vx=0.50, yaw_rate=0.03, dir=1
[INFO] [1784968941.871304670] [waypoint_follower]: nearest=205, target=207, dist=0.85, alpha=-0.00, vx=0.50, yaw_rate=-0.00, dir=1
[INFO] [1784968942.921289063] [waypoint_follower]: nearest=206, target=208, dist=0.82, alpha=-0.03, vx=0.50, yaw_rate=-0.03, dir=1
[INFO] [1784968943.924210280] [waypoint_follower]: nearest=207, target=209, dist=0.78, alpha=0.01, vx=0.50, yaw_rate=0.00, dir=1
[INFO] [1784968944.971932668] [waypoint_follower]: nearest=208, target=210, dist=0.77, alpha=0.02, vx=0.50, yaw_rate=0.02, dir=1
[INFO] [1784968946.021377370] [waypoint_follower]: nearest=209, target=211, dist=0.71, alpha=-0.02, vx=0.50, yaw_rate=-0.02, dir=1
[INFO] [1784968947.024588681] [waypoint_follower]: nearest=211, target=213, dist=1.10, alpha=-0.04, vx=0.50, yaw_rate=-0.04, dir=1
[INFO] [1784968948.074700920] [waypoint_follower]: nearest=212, target=214, dist=1.05, alpha=0.00, vx=0.50, yaw_rate=0.00, dir=1
[INFO] [1784968949.121394712] [waypoint_follower]: nearest=213, target=215, dist=0.97, alpha=-0.04, vx=0.50, yaw_rate=-0.03, dir=1
[INFO] [1784968950.171349796] [waypoint_follower]: nearest=214, target=216, dist=0.96, alpha=-0.02, vx=0.50, yaw_rate=-0.02, dir=1
[INFO] [1784968951.171837542] [waypoint_follower]: nearest=215, target=217, dist=0.86, alpha=-0.02, vx=0.50, yaw_rate=-0.02, dir=1
[INFO] [1784968952.221469131] [waypoint_follower]: nearest=216, target=218, dist=0.85, alpha=0.01, vx=0.50, yaw_rate=0.01, dir=1
[INFO] [1784968953.221811305] [waypoint_follower]: nearest=217, target=219, dist=0.81, alpha=-0.01, vx=0.50, yaw_rate=-0.01, dir=1
[INFO] [1784968954.271496780] [waypoint_follower]: nearest=218, target=220, dist=0.81, alpha=0.01, vx=0.50, yaw_rate=0.01, dir=1
[INFO] [1784968955.321392172] [waypoint_follower]: nearest=219, target=221, dist=0.75, alpha=-0.04, vx=0.50, yaw_rate=-0.03, dir=1
[INFO] [1784968956.321515723] [waypoint_follower]: nearest=220, target=222, dist=0.73, alpha=-0.03, vx=0.50, yaw_rate=-0.02, dir=1
[INFO] [1784968957.321671242] [waypoint_follower]: nearest=221, target=223, dist=0.71, alpha=-0.03, vx=0.50, yaw_rate=-0.03, dir=1
[INFO] [1784968958.371780189] [waypoint_follower]: nearest=223, target=225, dist=1.12, alpha=0.01, vx=0.50, yaw_rate=0.01, dir=1
[INFO] [1784968959.421676727] [waypoint_follower]: nearest=224, target=226, dist=1.07, alpha=-0.00, vx=0.50, yaw_rate=-0.00, dir=1
[INFO] [1784968960.473593972] [waypoint_follower]: nearest=225, target=227, dist=0.99, alpha=-0.00, vx=0.50, yaw_rate=-0.00, dir=1
[INFO] [1784968961.521532779] [waypoint_follower]: nearest=226, target=228, dist=0.93, alpha=-0.00, vx=0.50, yaw_rate=-0.00, dir=1
[INFO] [1784968962.571341652] [waypoint_follower]: nearest=227, target=229, dist=0.89, alpha=-0.00, vx=0.50, yaw_rate=-0.00, dir=1
[INFO] [1784968963.621651563] [waypoint_follower]: nearest=228, target=230, dist=0.87, alpha=0.00, vx=0.50, yaw_rate=0.00, dir=1
[INFO] [1784968964.671358612] [waypoint_follower]: nearest=229, target=231, dist=0.86, alpha=0.00, vx=0.50, yaw_rate=0.00, dir=1
[INFO] [1784968965.671469309] [waypoint_follower]: nearest=230, target=232, dist=0.85, alpha=-0.02, vx=0.50, yaw_rate=-0.02, dir=1
[INFO] [1784968966.671588243] [waypoint_follower]: nearest=231, target=233, dist=0.85, alpha=-0.00, vx=0.50, yaw_rate=-0.00, dir=1
[INFO] [1784968967.721980968] [waypoint_follower]: nearest=232, target=234, dist=0.81, alpha=-0.03, vx=0.50, yaw_rate=-0.02, dir=1
[INFO] [1784968968.771748214] [waypoint_follower]: nearest=233, target=235, dist=0.70, alpha=-0.03, vx=0.50, yaw_rate=-0.03, dir=1
[INFO] [1784968969.771570022] [waypoint_follower]: nearest=234, target=236, dist=0.72, alpha=-0.02, vx=0.50, yaw_rate=-0.02, dir=1
[INFO] [1784968970.771768006] [waypoint_follower]: nearest=236, target=238, dist=1.11, alpha=-0.01, vx=0.50, yaw_rate=-0.01, dir=1
[INFO] [1784968971.771522561] [waypoint_follower]: nearest=237, target=239, dist=1.10, alpha=0.01, vx=0.50, yaw_rate=0.01, dir=1
[INFO] [1784968972.822537667] [waypoint_follower]: nearest=238, target=240, dist=1.05, alpha=0.01, vx=0.50, yaw_rate=0.01, dir=1
[INFO] [1784968973.822913543] [waypoint_follower]: nearest=239, target=241, dist=1.06, alpha=0.01, vx=0.50, yaw_rate=0.01, dir=1
[INFO] [1784968974.822291004] [waypoint_follower]: nearest=240, target=242, dist=0.98, alpha=0.00, vx=0.50, yaw_rate=0.00, dir=1
[INFO] [1784968975.871298299] [waypoint_follower]: nearest=241, target=243, dist=0.98, alpha=0.00, vx=0.50, yaw_rate=0.00, dir=1
[INFO] [1784968976.872080057] [waypoint_follower]: nearest=242, target=244, dist=0.94, alpha=0.01, vx=0.50, yaw_rate=0.01, dir=1
[INFO] [1784968977.872613351] [waypoint_follower]: nearest=243, target=245, dist=0.92, alpha=0.02, vx=0.50, yaw_rate=0.02, dir=1
[INFO] [1784968978.921407723] [waypoint_follower]: nearest=244, target=246, dist=0.78, alpha=-0.03, vx=0.50, yaw_rate=-0.03, dir=1
[INFO] [1784968979.971824266] [waypoint_follower]: nearest=245, target=247, dist=0.77, alpha=-0.02, vx=0.50, yaw_rate=-0.02, dir=1
[INFO] [1784968981.021321321] [waypoint_follower]: nearest=246, target=248, dist=0.73, alpha=-0.02, vx=0.50, yaw_rate=-0.02, dir=1
[INFO] [1784968982.071189716] [waypoint_follower]: nearest=248, target=250, dist=1.06, alpha=0.00, vx=0.50, yaw_rate=0.00, dir=1
[INFO] [1784968983.083640748] [waypoint_follower]: nearest=249, target=251, dist=1.07, alpha=0.02, vx=0.50, yaw_rate=0.02, dir=1
[INFO] [1784968984.121172212] [waypoint_follower]: nearest=250, target=252, dist=1.04, alpha=-0.01, vx=0.50, yaw_rate=-0.01, dir=1
[INFO] [1784968985.121588156] [waypoint_follower]: nearest=251, target=253, dist=0.97, alpha=-0.02, vx=0.50, yaw_rate=-0.02, dir=1
[INFO] [1784968986.171023306] [waypoint_follower]: nearest=252, target=254, dist=0.83, alpha=-0.00, vx=0.50, yaw_rate=-0.00, dir=1
[INFO] [1784968987.171297086] [waypoint_follower]: nearest=253, target=255, dist=0.78, alpha=0.02, vx=0.50, yaw_rate=0.02, dir=1
[INFO] [1784968988.221272878] [waypoint_follower]: nearest=254, target=256, dist=0.77, alpha=-0.03, vx=0.50, yaw_rate=-0.03, dir=1
[INFO] [1784968989.221902723] [waypoint_follower]: nearest=255, target=257, dist=0.69, alpha=-0.03, vx=0.50, yaw_rate=-0.03, dir=1
[INFO] [1784968990.271328735] [waypoint_follower]: nearest=257, target=259, dist=1.12, alpha=-0.04, vx=0.50, yaw_rate=-0.03, dir=1
[INFO] [1784968991.271296312] [waypoint_follower]: nearest=258, target=260, dist=1.05, alpha=-0.07, vx=0.50, yaw_rate=-0.06, dir=1
[INFO] [1784968992.321103021] [waypoint_follower]: nearest=259, target=261, dist=1.00, alpha=-0.08, vx=0.50, yaw_rate=-0.08, dir=1
[INFO] [1784968993.321404306] [waypoint_follower]: nearest=260, target=262, dist=0.92, alpha=-0.07, vx=0.50, yaw_rate=-0.06, dir=1
[INFO] [1784968994.323704549] [waypoint_follower]: nearest=261, target=263, dist=0.93, alpha=-0.11, vx=0.50, yaw_rate=-0.10, dir=1
[INFO] [1784968995.371335788] [waypoint_follower]: nearest=262, target=264, dist=0.86, alpha=-0.10, vx=0.50, yaw_rate=-0.09, dir=1
[INFO] [1784968996.421122184] [waypoint_follower]: nearest=263, target=265, dist=0.75, alpha=-0.06, vx=0.50, yaw_rate=-0.06, dir=1
[INFO] [1784968997.421336182] [waypoint_follower]: nearest=264, target=266, dist=0.74, alpha=-0.08, vx=0.50, yaw_rate=-0.08, dir=1
[INFO] [1784968998.421607659] [waypoint_follower]: nearest=265, target=267, dist=0.71, alpha=-0.04, vx=0.50, yaw_rate=-0.04, dir=1
[INFO] [1784968999.471048794] [waypoint_follower]: nearest=267, target=269, dist=1.14, alpha=0.03, vx=0.50, yaw_rate=0.02, dir=1
[INFO] [1784969000.473148411] [waypoint_follower]: nearest=268, target=270, dist=1.07, alpha=0.03, vx=0.50, yaw_rate=0.02, dir=1
[INFO] [1784969001.523683217] [waypoint_follower]: nearest=269, target=271, dist=1.07, alpha=-0.00, vx=0.50, yaw_rate=-0.00, dir=1
[INFO] [1784969002.575070620] [waypoint_follower]: nearest=270, target=272, dist=0.98, alpha=-0.00, vx=0.50, yaw_rate=-0.00, dir=1
[INFO] [1784969003.625314010] [waypoint_follower]: nearest=271, target=273, dist=0.96, alpha=0.00, vx=0.50, yaw_rate=0.00, dir=1
[INFO] [1784969004.622827842] [waypoint_follower]: nearest=272, target=274, dist=0.91, alpha=-0.01, vx=0.50, yaw_rate=-0.01, dir=1
[INFO] [1784969005.671046871] [waypoint_follower]: nearest=273, target=275, dist=0.91, alpha=-0.03, vx=0.50, yaw_rate=-0.03, dir=1
[INFO] [1784969006.671468558] [waypoint_follower]: nearest=274, target=276, dist=0.84, alpha=-0.00, vx=0.50, yaw_rate=-0.00, dir=1
[INFO] [1784969007.721806484] [waypoint_follower]: nearest=275, target=277, dist=0.81, alpha=-0.02, vx=0.50, yaw_rate=-0.02, dir=1
[INFO] [1784969008.771123623] [waypoint_follower]: nearest=276, target=278, dist=0.71, alpha=-0.03, vx=0.50, yaw_rate=-0.03, dir=1
[INFO] [1784969009.771373063] [waypoint_follower]: nearest=277, target=279, dist=0.66, alpha=-0.02, vx=0.50, yaw_rate=-0.02, dir=1
[INFO] [1784969010.821176107] [waypoint_follower]: nearest=279, target=281, dist=1.01, alpha=0.07, vx=0.50, yaw_rate=0.06, dir=1
[INFO] [1784969011.871359033] [waypoint_follower]: nearest=280, target=282, dist=1.01, alpha=0.07, vx=0.50, yaw_rate=0.06, dir=1
[INFO] [1784969012.871180195] [waypoint_follower]: nearest=281, target=283, dist=0.97, alpha=0.05, vx=0.50, yaw_rate=0.04, dir=1
[INFO] [1784969013.871522517] [waypoint_follower]: nearest=282, target=284, dist=0.88, alpha=0.03, vx=0.50, yaw_rate=0.03, dir=1
[INFO] [1784969014.872425548] [waypoint_follower]: nearest=283, target=285, dist=0.88, alpha=0.02, vx=0.50, yaw_rate=0.02, dir=1
[INFO] [1784969015.921204659] [waypoint_follower]: nearest=284, target=286, dist=0.77, alpha=-0.01, vx=0.50, yaw_rate=-0.01, dir=1
[INFO] [1784969016.922128188] [waypoint_follower]: nearest=285, target=287, dist=0.73, alpha=0.01, vx=0.50, yaw_rate=0.01, dir=1
[INFO] [1784969017.971280395] [waypoint_follower]: nearest=287, target=289, dist=1.04, alpha=-0.00, vx=0.50, yaw_rate=-0.00, dir=1
[INFO] [1784969018.971250311] [waypoint_follower]: nearest=288, target=290, dist=1.03, alpha=-0.00, vx=0.50, yaw_rate=-0.00, dir=1
[INFO] [1784969020.021198743] [waypoint_follower]: nearest=289, target=291, dist=0.92, alpha=0.01, vx=0.50, yaw_rate=0.01, dir=1
[INFO] [1784969021.021243078] [waypoint_follower]: nearest=290, target=292, dist=0.88, alpha=0.03, vx=0.50, yaw_rate=0.03, dir=1
[INFO] [1784969022.021414122] [waypoint_follower]: nearest=291, target=293, dist=0.89, alpha=-0.00, vx=0.50, yaw_rate=-0.00, dir=1
[INFO] [1784969023.073759935] [waypoint_follower]: nearest=292, target=294, dist=0.69, alpha=-0.01, vx=0.50, yaw_rate=-0.01, dir=1
[INFO] [1784969024.121613567] [waypoint_follower]: nearest=294, target=296, dist=1.03, alpha=-0.03, vx=0.50, yaw_rate=-0.03, dir=1
[INFO] [1784969025.121168732] [waypoint_follower]: nearest=295, target=297, dist=0.96, alpha=0.05, vx=0.50, yaw_rate=0.05, dir=1
[INFO] [1784969026.121464630] [waypoint_follower]: nearest=296, target=298, dist=0.95, alpha=-0.01, vx=0.50, yaw_rate=-0.01, dir=1
[INFO] [1784969027.175286989] [waypoint_follower]: nearest=297, target=299, dist=0.87, alpha=-0.00, vx=0.50, yaw_rate=-0.00, dir=1
[INFO] [1784969028.227866969] [waypoint_follower]: nearest=298, target=300, dist=0.83, alpha=-0.01, vx=0.50, yaw_rate=-0.01, dir=1
[INFO] [1784969029.277395881] [waypoint_follower]: nearest=299, target=301, dist=0.73, alpha=-0.06, vx=0.50, yaw_rate=-0.05, dir=1
[INFO] [1784969030.322827462] [waypoint_follower]: nearest=300, target=302, dist=0.67, alpha=0.02, vx=0.50, yaw_rate=0.02, dir=1
[INFO] [1784969031.372088941] [waypoint_follower]: nearest=302, target=304, dist=1.12, alpha=-0.04, vx=0.50, yaw_rate=-0.04, dir=1
[INFO] [1784969032.421151975] [waypoint_follower]: nearest=303, target=305, dist=1.08, alpha=-0.05, vx=0.50, yaw_rate=-0.04, dir=1
[INFO] [1784969033.422437813] [waypoint_follower]: nearest=304, target=306, dist=1.00, alpha=0.01, vx=0.50, yaw_rate=0.01, dir=1
[INFO] [1784969034.471458809] [waypoint_follower]: nearest=305, target=307, dist=0.91, alpha=-0.05, vx=0.50, yaw_rate=-0.04, dir=1
[INFO] [1784969035.521929714] [waypoint_follower]: nearest=306, target=308, dist=0.76, alpha=-0.00, vx=0.50, yaw_rate=-0.00, dir=1
[INFO] [1784969036.521721543] [waypoint_follower]: nearest=307, target=309, dist=0.80, alpha=-0.01, vx=0.50, yaw_rate=-0.01, dir=1
[INFO] [1784969037.571514764] [waypoint_follower]: nearest=308, target=310, dist=0.73, alpha=-0.03, vx=0.50, yaw_rate=-0.02, dir=1
[INFO] [1784969038.621217214] [waypoint_follower]: nearest=309, target=311, dist=0.70, alpha=-0.02, vx=0.50, yaw_rate=-0.02, dir=1
[INFO] [1784969039.622406920] [waypoint_follower]: nearest=311, target=313, dist=1.16, alpha=-0.00, vx=0.50, yaw_rate=-0.00, dir=1
[INFO] [1784969040.671198945] [waypoint_follower]: nearest=312, target=314, dist=1.12, alpha=-0.01, vx=0.50, yaw_rate=-0.01, dir=1
[INFO] [1784969041.671431360] [waypoint_follower]: nearest=313, target=315, dist=1.09, alpha=0.00, vx=0.50, yaw_rate=0.00, dir=1
[INFO] [1784969042.671361517] [waypoint_follower]: nearest=314, target=316, dist=1.09, alpha=0.02, vx=0.50, yaw_rate=0.02, dir=1
[INFO] [1784969043.721451460] [waypoint_follower]: nearest=315, target=317, dist=1.01, alpha=-0.01, vx=0.50, yaw_rate=-0.01, dir=1
[INFO] [1784969044.771134123] [waypoint_follower]: nearest=316, target=318, dist=1.02, alpha=-0.02, vx=0.50, yaw_rate=-0.01, dir=1
[INFO] [1784969045.771187828] [waypoint_follower]: nearest=317, target=319, dist=0.94, alpha=-0.02, vx=0.50, yaw_rate=-0.01, dir=1
[INFO] [1784969046.771276268] [waypoint_follower]: nearest=318, target=320, dist=0.89, alpha=-0.01, vx=0.50, yaw_rate=-0.01, dir=1
[INFO] [1784969047.821473541] [waypoint_follower]: nearest=319, target=321, dist=0.91, alpha=-0.01, vx=0.50, yaw_rate=-0.01, dir=1
[INFO] [1784969048.821396750] [waypoint_follower]: nearest=320, target=322, dist=0.88, alpha=-0.05, vx=0.50, yaw_rate=-0.04, dir=1
[INFO] [1784969049.821726370] [waypoint_follower]: nearest=321, target=323, dist=0.91, alpha=0.02, vx=0.50, yaw_rate=0.02, dir=1
[INFO] [1784969050.871268008] [waypoint_follower]: nearest=322, target=324, dist=0.83, alpha=-0.04, vx=0.50, yaw_rate=-0.04, dir=1
[INFO] [1784969051.872703699] [waypoint_follower]: nearest=323, target=325, dist=0.84, alpha=-0.04, vx=0.50, yaw_rate=-0.03, dir=1
[INFO] [1784969052.921316212] [waypoint_follower]: nearest=324, target=326, dist=0.75, alpha=-0.01, vx=0.50, yaw_rate=-0.01, dir=1
[INFO] [1784969053.971292092] [waypoint_follower]: nearest=325, target=327, dist=0.64, alpha=0.12, vx=0.50, yaw_rate=0.11, dir=1
[INFO] [1784969054.973684322] [waypoint_follower]: nearest=327, target=329, dist=1.01, alpha=0.17, vx=0.50, yaw_rate=0.16, dir=1
[INFO] [1784969056.021803619] [waypoint_follower]: nearest=327, target=329, dist=0.69, alpha=0.10, vx=0.50, yaw_rate=0.09, dir=1
[INFO] [1784969057.024706625] [waypoint_follower]: nearest=329, target=331, dist=1.00, alpha=0.06, vx=0.50, yaw_rate=0.06, dir=1
[INFO] [1784969058.073818210] [waypoint_follower]: nearest=330, target=332, dist=0.88, alpha=0.04, vx=0.50, yaw_rate=0.04, dir=1
[INFO] [1784969059.121323061] [waypoint_follower]: nearest=331, target=333, dist=0.95, alpha=0.10, vx=0.50, yaw_rate=0.09, dir=1
[INFO] [1784969060.121699826] [waypoint_follower]: nearest=332, target=334, dist=0.89, alpha=0.11, vx=0.50, yaw_rate=0.10, dir=1
[INFO] [1784969061.126297347] [waypoint_follower]: nearest=333, target=335, dist=0.93, alpha=0.01, vx=0.50, yaw_rate=0.01, dir=1
[INFO] [1784969062.171290545] [waypoint_follower]: nearest=334, target=336, dist=0.82, alpha=0.04, vx=0.50, yaw_rate=0.04, dir=1
[INFO] [1784969063.171642908] [waypoint_follower]: nearest=335, target=337, dist=0.82, alpha=0.13, vx=0.50, yaw_rate=0.11, dir=1
[INFO] [1784969064.171395742] [waypoint_follower]: nearest=336, target=338, dist=0.78, alpha=0.04, vx=0.50, yaw_rate=0.04, dir=1
[INFO] [1784969065.221333605] [waypoint_follower]: nearest=337, target=339, dist=0.70, alpha=0.11, vx=0.50, yaw_rate=0.10, dir=1
[INFO] [1784969066.221803221] [waypoint_follower]: nearest=338, target=340, dist=0.71, alpha=0.02, vx=0.50, yaw_rate=0.02, dir=1
[INFO] [1784969067.271328725] [waypoint_follower]: nearest=339, target=341, dist=0.65, alpha=-0.00, vx=0.50, yaw_rate=-0.00, dir=1
[INFO] [1784969068.321248772] [waypoint_follower]: nearest=341, target=343, dist=1.14, alpha=0.16, vx=0.50, yaw_rate=0.14, dir=1
[INFO] [1784969069.322140573] [waypoint_follower]: nearest=342, target=344, dist=1.15, alpha=0.09, vx=0.50, yaw_rate=0.08, dir=1
[INFO] [1784969070.371065923] [waypoint_follower]: nearest=343, target=345, dist=1.11, alpha=0.08, vx=0.50, yaw_rate=0.07, dir=1
[INFO] [1784969071.371515011] [waypoint_follower]: nearest=343, target=345, dist=0.66, alpha=-0.03, vx=0.50, yaw_rate=-0.02, dir=1
[INFO] [1784969072.421539473] [waypoint_follower]: nearest=345, target=347, dist=1.01, alpha=-0.02, vx=0.50, yaw_rate=-0.02, dir=1
[INFO] [1784969073.471872698] [waypoint_follower]: nearest=346, target=348, dist=0.98, alpha=0.01, vx=0.50, yaw_rate=0.01, dir=1
[INFO] [1784969074.521581596] [waypoint_follower]: nearest=347, target=349, dist=1.03, alpha=0.06, vx=0.50, yaw_rate=0.06, dir=1
[INFO] [1784969075.522505797] [waypoint_follower]: nearest=348, target=350, dist=1.10, alpha=0.10, vx=0.50, yaw_rate=0.09, dir=1
[INFO] [1784969076.571248707] [waypoint_follower]: nearest=349, target=351, dist=1.02, alpha=0.06, vx=0.50, yaw_rate=0.06, dir=1
[INFO] [1784969077.621543136] [waypoint_follower]: nearest=350, target=352, dist=1.00, alpha=0.03, vx=0.50, yaw_rate=0.03, dir=1
[INFO] [1784969078.671302992] [waypoint_follower]: nearest=351, target=353, dist=0.97, alpha=0.02, vx=0.50, yaw_rate=0.02, dir=1
[INFO] [1784969079.722253734] [waypoint_follower]: nearest=352, target=354, dist=0.96, alpha=-0.03, vx=0.50, yaw_rate=-0.02, dir=1
[INFO] [1784969080.771318392] [waypoint_follower]: nearest=353, target=355, dist=0.97, alpha=-0.07, vx=0.50, yaw_rate=-0.06, dir=1
[INFO] [1784969081.821194518] [waypoint_follower]: nearest=354, target=356, dist=0.97, alpha=-0.07, vx=0.50, yaw_rate=-0.06, dir=1
[INFO] [1784969082.821531328] [waypoint_follower]: nearest=355, target=357, dist=1.00, alpha=-0.00, vx=0.50, yaw_rate=-0.00, dir=1
[INFO] [1784969083.871334311] [waypoint_follower]: nearest=356, target=357, dist=0.60, alpha=-0.02, vx=0.50, yaw_rate=-0.02, dir=1
[INFO] [1784969084.775860243] [waypoint_follower]: reach end, switch to backward
[INFO] [1784969084.874018060] [waypoint_follower]: nearest=357, target=355, dist=0.64, alpha=-2.82, vx=0.00, yaw_rate=-0.45, dir=-1
[INFO] [1784969085.923089632] [waypoint_follower]: nearest=356, target=354, dist=1.00, alpha=-2.87, vx=0.00, yaw_rate=-0.45, dir=-1
[INFO] [1784969086.971334761] [waypoint_follower]: nearest=356, target=354, dist=0.99, alpha=-2.87, vx=0.00, yaw_rate=-0.45, dir=-1
[WARN] [1784969087.971144383] [waypoint_follower]: stuck recovery: nearest_index 356 -> 356
[INFO] [1784969088.021340449] [waypoint_follower]: nearest=356, target=354, dist=1.01, alpha=-2.87, vx=0.00, yaw_rate=-0.45, dir=-1
[INFO] [1784969089.021477147] [waypoint_follower]: nearest=356, target=354, dist=1.02, alpha=-2.87, vx=0.00, yaw_rate=-0.45, dir=-1
[INFO] [1784969090.071350854] [waypoint_follower]: nearest=356, target=354, dist=1.00, alpha=-2.87, vx=0.00, yaw_rate=-0.45, dir=-1
[WARN] [1784969090.971205458] [waypoint_follower]: stuck recovery: nearest_index 356 -> 356
[INFO] [1784969091.071422868] [waypoint_follower]: nearest=356, target=354, dist=1.00, alpha=-2.87, vx=0.00, yaw_rate=-0.45, dir=-1
[INFO] [1784969092.072774985] [waypoint_follower]: nearest=356, target=354, dist=1.00, alpha=-2.87, vx=0.00, yaw_rate=-0.45, dir=-1
[INFO] [1784969093.122004838] [waypoint_follower]: nearest=356, target=354, dist=1.00, alpha=-2.87, vx=0.00, yaw_rate=-0.45, dir=-1
[WARN] [1784969093.972216340] [waypoint_follower]: stuck recovery: nearest_index 356 -> 356
[INFO] [1784969094.171333309] [waypoint_follower]: nearest=356, target=354, dist=1.01, alpha=-2.87, vx=0.00, yaw_rate=-0.45, dir=-1
[INFO] [1784969095.173333192] [waypoint_follower]: nearest=356, target=354, dist=1.00, alpha=-2.86, vx=0.00, yaw_rate=-0.45, dir=-1
[INFO] [1784969096.221768775] [waypoint_follower]: nearest=356, target=354, dist=1.00, alpha=-2.88, vx=0.00, yaw_rate=-0.45, dir=-1
[WARN] [1784969096.971700110] [waypoint_follower]: stuck recovery: nearest_index 356 -> 356
[INFO] [1784969097.271214917] [waypoint_follower]: nearest=356, target=354, dist=1.02, alpha=-2.87, vx=0.00, yaw_rate=-0.45, dir=-1
[INFO] [1784969098.272789688] [waypoint_follower]: nearest=356, target=354, dist=1.01, alpha=-2.88, vx=0.00, yaw_rate=-0.45, dir=-1
[INFO] [1784969099.271801852] [waypoint_follower]: nearest=356, target=354, dist=1.01, alpha=-2.87, vx=0.00, yaw_rate=-0.45, dir=-1
bash: line 1: 25729 Killed                  python3 -u /home/unitree/go2_fastlio_ws/scripts/waypoint_follower_go2_2_trace.py --ros-args -p route_file:=/home/unitree/go2_fastlio_ws/patrol_logs/runs/20260725/xunjian-20260725-10/route_runtime.csv -p v_base:=0.500 -p max_vx:=0.500 -p k_yaw:=0.900 -p max_yaw_rate:=0.450 -p lookahead_distance:=0.600 -p reach_distance:=0.400 -p goal_distance:=0.250 -p loop_mode:=pingpong -p search_window:=6 -p turn_in_place_angle:=1.000 -p slow_down_angle:=0.500 -p stuck_time:=3.000 -p relocalize_distance:=1.500 -p trace_file:=/home/unitree/go2_fastlio_ws/patrol_logs/runs/20260725/xunjian-20260725-10/follower_control_trace.jsonl -p motion_enable_file:=/home/unitree/go2_fastlio_ws/patrol_logs/runs/20260725/xunjian-20260725-10/.motion_enabled -p use_body_yaw_alignment:=true -p body_yaw_topic:=/lf/sportmodestate -p body_yaw_alignment_samples:=10 -p body_yaw_alignment_max_spread_deg:=2.000 -p body_yaw_max_age:=0.250
