[rosmaster.main][INFO] 2023-11-07 17:03:02,509: initialization complete, waiting for shutdown
[rosmaster.main][INFO] 2023-11-07 17:03:02,509: Starting ROS Master Node
[xmlrpc][INFO] 2023-11-07 17:03:02,525: XML-RPC server binding to 0.0.0.0:11311
[xmlrpc][INFO] 2023-11-07 17:03:02,526: Started XML-RPC server [http://ubuntu:11311/]
[rosmaster.master][INFO] 2023-11-07 17:03:02,526: Master initialized: port[11311], uri[http://ubuntu:11311/]
[xmlrpc][INFO] 2023-11-07 17:03:02,528: xml rpc node: starting XML-RPC server
[rosmaster.master][INFO] 2023-11-07 17:03:02,613: +PARAM [/run_id] by /roslaunch
[rosmaster.master][INFO] 2023-11-07 17:03:02,620: +PARAM [/roslaunch/uris/host_ubuntu__38237] by /roslaunch
[rosmaster.master][INFO] 2023-11-07 17:03:02,763: +PARAM [/rosversion] by /roslaunch
[rosmaster.master][INFO] 2023-11-07 17:03:02,764: +PARAM [/rosdistro] by /roslaunch
[rosmaster.master][INFO] 2023-11-07 17:03:02,806: +SERVICE [/rosout/get_loggers] /rosout http://ubuntu:37829/
[rosmaster.master][INFO] 2023-11-07 17:03:02,809: +SERVICE [/rosout/set_logger_level] /rosout http://ubuntu:37829/
[rosmaster.master][INFO] 2023-11-07 17:03:02,813: +PUB [/rosout_agg] /rosout http://ubuntu:37829/
[rosmaster.master][INFO] 2023-11-07 17:03:02,821: +SUB [/rosout] /rosout http://ubuntu:37829/
[rosmaster.master][INFO] 2023-11-07 17:03:22,347: +PARAM [/roslaunch/uris/host_ubuntu__42503] by /roslaunch
[rosmaster.master][INFO] 2023-11-07 17:03:22,358: +PARAM [/rosversion] by /roslaunch
[rosmaster.master][INFO] 2023-11-07 17:03:22,358: +PARAM [/rosdistro] by /roslaunch
[rosmaster.master][INFO] 2023-11-07 17:03:22,358: +PARAM [/camera/realsense2_camera/serial_no] by /roslaunch
[rosmaster.master][INFO] 2023-11-07 17:03:22,358: +PARAM [/camera/realsense2_camera/usb_port_id] by /roslaunch
[rosmaster.master][INFO] 2023-11-07 17:03:22,359: +PARAM [/camera/realsense2_camera/device_type] by /roslaunch
[rosmaster.master][INFO] 2023-11-07 17:03:22,359: +PARAM [/camera/realsense2_camera/json_file_path] by /roslaunch
[rosmaster.master][INFO] 2023-11-07 17:03:22,359: +PARAM [/camera/realsense2_camera/rosbag_filename] by /roslaunch
[rosmaster.master][INFO] 2023-11-07 17:03:22,359: +PARAM [/camera/realsense2_camera/enable_pointcloud] by /roslaunch
[rosmaster.master][INFO] 2023-11-07 17:03:22,359: +PARAM [/camera/realsense2_camera/pointcloud_texture_stream] by /roslaunch
[rosmaster.master][INFO] 2023-11-07 17:03:22,359: +PARAM [/camera/realsense2_camera/pointcloud_texture_index] by /roslaunch
[rosmaster.master][INFO] 2023-11-07 17:03:22,359: +PARAM [/camera/realsense2_camera/allow_no_texture_points] by /roslaunch
[rosmaster.master][INFO] 2023-11-07 17:03:22,359: +PARAM [/camera/realsense2_camera/ordered_pc] by /roslaunch
[rosmaster.master][INFO] 2023-11-07 17:03:22,359: +PARAM [/camera/realsense2_camera/enable_sync] by /roslaunch
[rosmaster.master][INFO] 2023-11-07 17:03:22,360: +PARAM [/camera/realsense2_camera/align_depth] by /roslaunch
[rosmaster.master][INFO] 2023-11-07 17:03:22,360: +PARAM [/camera/realsense2_camera/fisheye_width] by /roslaunch
[rosmaster.master][INFO] 2023-11-07 17:03:22,360: +PARAM [/camera/realsense2_camera/fisheye_height] by /roslaunch
[rosmaster.master][INFO] 2023-11-07 17:03:22,360: +PARAM [/camera/realsense2_camera/enable_fisheye] by /roslaunch
[rosmaster.master][INFO] 2023-11-07 17:03:22,360: +PARAM [/camera/realsense2_camera/enable_fisheye1] by /roslaunch
[rosmaster.master][INFO] 2023-11-07 17:03:22,360: +PARAM [/camera/realsense2_camera/enable_fisheye2] by /roslaunch
[rosmaster.master][INFO] 2023-11-07 17:03:22,360: +PARAM [/camera/realsense2_camera/depth_width] by /roslaunch
[rosmaster.master][INFO] 2023-11-07 17:03:22,360: +PARAM [/camera/realsense2_camera/depth_height] by /roslaunch
[rosmaster.master][INFO] 2023-11-07 17:03:22,360: +PARAM [/camera/realsense2_camera/enable_depth] by /roslaunch
[rosmaster.master][INFO] 2023-11-07 17:03:22,360: +PARAM [/camera/realsense2_camera/confidence_width] by /roslaunch
[rosmaster.master][INFO] 2023-11-07 17:03:22,360: +PARAM [/camera/realsense2_camera/confidence_height] by /roslaunch
[rosmaster.master][INFO] 2023-11-07 17:03:22,360: +PARAM [/camera/realsense2_camera/enable_confidence] by /roslaunch
[rosmaster.master][INFO] 2023-11-07 17:03:22,361: +PARAM [/camera/realsense2_camera/confidence_fps] by /roslaunch
[rosmaster.master][INFO] 2023-11-07 17:03:22,361: +PARAM [/camera/realsense2_camera/color_width] by /roslaunch
[rosmaster.master][INFO] 2023-11-07 17:03:22,361: +PARAM [/camera/realsense2_camera/color_height] by /roslaunch
[rosmaster.master][INFO] 2023-11-07 17:03:22,361: +PARAM [/camera/realsense2_camera/enable_color] by /roslaunch
[rosmaster.master][INFO] 2023-11-07 17:03:22,361: +PARAM [/camera/realsense2_camera/infra_width] by /roslaunch
[rosmaster.master][INFO] 2023-11-07 17:03:22,361: +PARAM [/camera/realsense2_camera/infra_height] by /roslaunch
[rosmaster.master][INFO] 2023-11-07 17:03:22,361: +PARAM [/camera/realsense2_camera/enable_infra] by /roslaunch
[rosmaster.master][INFO] 2023-11-07 17:03:22,361: +PARAM [/camera/realsense2_camera/enable_infra1] by /roslaunch
[rosmaster.master][INFO] 2023-11-07 17:03:22,361: +PARAM [/camera/realsense2_camera/enable_infra2] by /roslaunch
[rosmaster.master][INFO] 2023-11-07 17:03:22,361: +PARAM [/camera/realsense2_camera/infra_rgb] by /roslaunch
[rosmaster.master][INFO] 2023-11-07 17:03:22,361: +PARAM [/camera/realsense2_camera/fisheye_fps] by /roslaunch
[rosmaster.master][INFO] 2023-11-07 17:03:22,362: +PARAM [/camera/realsense2_camera/depth_fps] by /roslaunch
[rosmaster.master][INFO] 2023-11-07 17:03:22,362: +PARAM [/camera/realsense2_camera/infra_fps] by /roslaunch
[rosmaster.master][INFO] 2023-11-07 17:03:22,362: +PARAM [/camera/realsense2_camera/color_fps] by /roslaunch
[rosmaster.master][INFO] 2023-11-07 17:03:22,362: +PARAM [/camera/realsense2_camera/gyro_fps] by /roslaunch
[rosmaster.master][INFO] 2023-11-07 17:03:22,362: +PARAM [/camera/realsense2_camera/accel_fps] by /roslaunch
[rosmaster.master][INFO] 2023-11-07 17:03:22,362: +PARAM [/camera/realsense2_camera/enable_gyro] by /roslaunch
[rosmaster.master][INFO] 2023-11-07 17:03:22,362: +PARAM [/camera/realsense2_camera/enable_accel] by /roslaunch
[rosmaster.master][INFO] 2023-11-07 17:03:22,362: +PARAM [/camera/realsense2_camera/enable_pose] by /roslaunch
[rosmaster.master][INFO] 2023-11-07 17:03:22,362: +PARAM [/camera/realsense2_camera/base_frame_id] by /roslaunch
[rosmaster.master][INFO] 2023-11-07 17:03:22,362: +PARAM [/camera/realsense2_camera/depth_frame_id] by /roslaunch
[rosmaster.master][INFO] 2023-11-07 17:03:22,362: +PARAM [/camera/realsense2_camera/infra1_frame_id] by /roslaunch
[rosmaster.master][INFO] 2023-11-07 17:03:22,362: +PARAM [/camera/realsense2_camera/infra2_frame_id] by /roslaunch
[rosmaster.master][INFO] 2023-11-07 17:03:22,362: +PARAM [/camera/realsense2_camera/color_frame_id] by /roslaunch
[rosmaster.master][INFO] 2023-11-07 17:03:22,363: +PARAM [/camera/realsense2_camera/fisheye_frame_id] by /roslaunch
[rosmaster.master][INFO] 2023-11-07 17:03:22,363: +PARAM [/camera/realsense2_camera/fisheye1_frame_id] by /roslaunch
[rosmaster.master][INFO] 2023-11-07 17:03:22,363: +PARAM [/camera/realsense2_camera/fisheye2_frame_id] by /roslaunch
[rosmaster.master][INFO] 2023-11-07 17:03:22,363: +PARAM [/camera/realsense2_camera/accel_frame_id] by /roslaunch
[rosmaster.master][INFO] 2023-11-07 17:03:22,363: +PARAM [/camera/realsense2_camera/gyro_frame_id] by /roslaunch
[rosmaster.master][INFO] 2023-11-07 17:03:22,363: +PARAM [/camera/realsense2_camera/pose_frame_id] by /roslaunch
[rosmaster.master][INFO] 2023-11-07 17:03:22,363: +PARAM [/camera/realsense2_camera/depth_optical_frame_id] by /roslaunch
[rosmaster.master][INFO] 2023-11-07 17:03:22,363: +PARAM [/camera/realsense2_camera/infra1_optical_frame_id] by /roslaunch
[rosmaster.master][INFO] 2023-11-07 17:03:22,363: +PARAM [/camera/realsense2_camera/infra2_optical_frame_id] by /roslaunch
[rosmaster.master][INFO] 2023-11-07 17:03:22,363: +PARAM [/camera/realsense2_camera/color_optical_frame_id] by /roslaunch
[rosmaster.master][INFO] 2023-11-07 17:03:22,363: +PARAM [/camera/realsense2_camera/fisheye_optical_frame_id] by /roslaunch
[rosmaster.master][INFO] 2023-11-07 17:03:22,364: +PARAM [/camera/realsense2_camera/fisheye1_optical_frame_id] by /roslaunch
[rosmaster.master][INFO] 2023-11-07 17:03:22,364: +PARAM [/camera/realsense2_camera/fisheye2_optical_frame_id] by /roslaunch
[rosmaster.master][INFO] 2023-11-07 17:03:22,364: +PARAM [/camera/realsense2_camera/accel_optical_frame_id] by /roslaunch
[rosmaster.master][INFO] 2023-11-07 17:03:22,364: +PARAM [/camera/realsense2_camera/gyro_optical_frame_id] by /roslaunch
[rosmaster.master][INFO] 2023-11-07 17:03:22,364: +PARAM [/camera/realsense2_camera/imu_optical_frame_id] by /roslaunch
[rosmaster.master][INFO] 2023-11-07 17:03:22,364: +PARAM [/camera/realsense2_camera/pose_optical_frame_id] by /roslaunch
[rosmaster.master][INFO] 2023-11-07 17:03:22,364: +PARAM [/camera/realsense2_camera/aligned_depth_to_color_frame_id] by /roslaunch
[rosmaster.master][INFO] 2023-11-07 17:03:22,364: +PARAM [/camera/realsense2_camera/aligned_depth_to_infra1_frame_id] by /roslaunch
[rosmaster.master][INFO] 2023-11-07 17:03:22,364: +PARAM [/camera/realsense2_camera/aligned_depth_to_infra2_frame_id] by /roslaunch
[rosmaster.master][INFO] 2023-11-07 17:03:22,364: +PARAM [/camera/realsense2_camera/aligned_depth_to_fisheye_frame_id] by /roslaunch
[rosmaster.master][INFO] 2023-11-07 17:03:22,364: +PARAM [/camera/realsense2_camera/aligned_depth_to_fisheye1_frame_id] by /roslaunch
[rosmaster.master][INFO] 2023-11-07 17:03:22,365: +PARAM [/camera/realsense2_camera/aligned_depth_to_fisheye2_frame_id] by /roslaunch
[rosmaster.master][INFO] 2023-11-07 17:03:22,365: +PARAM [/camera/realsense2_camera/publish_tf] by /roslaunch
[rosmaster.master][INFO] 2023-11-07 17:03:22,365: +PARAM [/camera/realsense2_camera/tf_publish_rate] by /roslaunch
[rosmaster.master][INFO] 2023-11-07 17:03:22,365: +PARAM [/camera/realsense2_camera/odom_frame_id] by /roslaunch
[rosmaster.master][INFO] 2023-11-07 17:03:22,365: +PARAM [/camera/realsense2_camera/topic_odom_in] by /roslaunch
[rosmaster.master][INFO] 2023-11-07 17:03:22,365: +PARAM [/camera/realsense2_camera/calib_odom_file] by /roslaunch
[rosmaster.master][INFO] 2023-11-07 17:03:22,365: +PARAM [/camera/realsense2_camera/publish_odom_tf] by /roslaunch
[rosmaster.master][INFO] 2023-11-07 17:03:22,365: +PARAM [/camera/realsense2_camera/stereo_module/exposure/1] by /roslaunch
[rosmaster.master][INFO] 2023-11-07 17:03:22,365: +PARAM [/camera/realsense2_camera/stereo_module/gain/1] by /roslaunch
[rosmaster.master][INFO] 2023-11-07 17:03:22,365: +PARAM [/camera/realsense2_camera/stereo_module/exposure/2] by /roslaunch
[rosmaster.master][INFO] 2023-11-07 17:03:22,365: +PARAM [/camera/realsense2_camera/stereo_module/gain/2] by /roslaunch
[rosmaster.master][INFO] 2023-11-07 17:03:22,366: +PARAM [/camera/realsense2_camera/filters] by /roslaunch
[rosmaster.master][INFO] 2023-11-07 17:03:22,366: +PARAM [/camera/realsense2_camera/clip_distance] by /roslaunch
[rosmaster.master][INFO] 2023-11-07 17:03:22,366: +PARAM [/camera/realsense2_camera/linear_accel_cov] by /roslaunch
[rosmaster.master][INFO] 2023-11-07 17:03:22,366: +PARAM [/camera/realsense2_camera/initial_reset] by /roslaunch
[rosmaster.master][INFO] 2023-11-07 17:03:22,366: +PARAM [/camera/realsense2_camera/reconnect_timeout] by /roslaunch
[rosmaster.master][INFO] 2023-11-07 17:03:22,366: +PARAM [/camera/realsense2_camera/wait_for_device_timeout] by /roslaunch
[rosmaster.master][INFO] 2023-11-07 17:03:22,366: +PARAM [/camera/realsense2_camera/unite_imu_method] by /roslaunch
[rosmaster.master][INFO] 2023-11-07 17:03:22,470: +PUB [/rosout] /camera/realsense2_camera http://ubuntu:42059/
[rosmaster.master][INFO] 2023-11-07 17:03:22,472: +SERVICE [/camera/realsense2_camera/get_loggers] /camera/realsense2_camera http://ubuntu:42059/
[rosmaster.master][INFO] 2023-11-07 17:03:22,472: +SERVICE [/camera/realsense2_camera/set_logger_level] /camera/realsense2_camera http://ubuntu:42059/
[rosmaster.master][INFO] 2023-11-07 17:03:22,474: +CACHEDPARAM [/rosout_disable_topics_generation] by /camera/realsense2_camera
[rosmaster.master][INFO] 2023-11-07 17:03:22,477: +PARAM [/camera/realsense2_camera] by /camera/realsense2_camera
[rosmaster.master][INFO] 2023-11-07 17:03:22,493: +PUB [/rosout] /camera/realsense2_camera_manager http://ubuntu:40903/
[rosmaster.master][INFO] 2023-11-07 17:03:22,494: +SERVICE [/camera/realsense2_camera_manager/get_loggers] /camera/realsense2_camera_manager http://ubuntu:40903/
[rosmaster.master][INFO] 2023-11-07 17:03:22,495: +SERVICE [/camera/realsense2_camera_manager/set_logger_level] /camera/realsense2_camera_manager http://ubuntu:40903/
[rosmaster.master][INFO] 2023-11-07 17:03:22,497: +CACHEDPARAM [/rosout_disable_topics_generation] by /camera/realsense2_camera_manager
[rosmaster.master][INFO] 2023-11-07 17:03:22,498: +SERVICE [/camera/realsense2_camera_manager/load_nodelet] /camera/realsense2_camera_manager http://ubuntu:40903/
[rosmaster.master][INFO] 2023-11-07 17:03:22,499: +SERVICE [/camera/realsense2_camera_manager/unload_nodelet] /camera/realsense2_camera_manager http://ubuntu:40903/
[rosmaster.master][INFO] 2023-11-07 17:03:22,500: +SERVICE [/camera/realsense2_camera_manager/list] /camera/realsense2_camera_manager http://ubuntu:40903/
[rosmaster.master][INFO] 2023-11-07 17:03:22,551: publisherUpdate[/rosout] -> http://ubuntu:37829/ ['http://ubuntu:42059/']
[rosmaster.master][INFO] 2023-11-07 17:03:22,557: publisherUpdate[/rosout] -> http://ubuntu:37829/ ['http://ubuntu:42059/']: sec=0.01, result=[1, '', 0]
[rosmaster.master][INFO] 2023-11-07 17:03:22,557: publisherUpdate[/rosout] -> http://ubuntu:37829/ ['http://ubuntu:42059/', 'http://ubuntu:40903/']
[rosmaster.master][INFO] 2023-11-07 17:03:22,559: publisherUpdate[/rosout] -> http://ubuntu:37829/ ['http://ubuntu:42059/', 'http://ubuntu:40903/']: sec=0.00, result=[1, '', 0]
[rosmaster.master][INFO] 2023-11-07 17:03:22,857: +CACHEDPARAM [/rosout/omit_topics] by /rosout
[rosmaster.master][INFO] 2023-11-07 17:03:22,861: +PUB [/camera/realsense2_camera_manager/bond] /camera/realsense2_camera_manager http://ubuntu:40903/
[rosmaster.master][INFO] 2023-11-07 17:03:22,872: +SUB [/camera/realsense2_camera_manager/bond] /camera/realsense2_camera_manager http://ubuntu:40903/
[rosmaster.master][INFO] 2023-11-07 17:03:22,876: +SERVICE [/camera/enable] /camera/realsense2_camera_manager http://ubuntu:40903/
[rosmaster.master][INFO] 2023-11-07 17:03:22,878: +SERVICE [/camera/realsense2_camera/reset] /camera/realsense2_camera_manager http://ubuntu:40903/
[rosmaster.master][INFO] 2023-11-07 17:03:22,963: +PUB [/camera/realsense2_camera_manager/bond] /camera/realsense2_camera http://ubuntu:42059/
[rosmaster.master][INFO] 2023-11-07 17:03:22,969: +SUB [/camera/realsense2_camera_manager/bond] /camera/realsense2_camera http://ubuntu:42059/
[rosmaster.master][INFO] 2023-11-07 17:03:23,060: publisherUpdate[/camera/realsense2_camera_manager/bond] -> http://ubuntu:40903/ ['http://ubuntu:40903/', 'http://ubuntu:42059/']
[rosmaster.master][INFO] 2023-11-07 17:03:23,062: publisherUpdate[/camera/realsense2_camera_manager/bond] -> http://ubuntu:40903/ ['http://ubuntu:40903/', 'http://ubuntu:42059/']: sec=0.00, result=[1, '', 0]
[rosmaster.master][INFO] 2023-11-07 17:03:23,159: +PUB [/tf_static] /camera/realsense2_camera_manager http://ubuntu:40903/
[rosmaster.master][INFO] 2023-11-07 17:03:23,160: +PUB [/tf] /camera/realsense2_camera_manager http://ubuntu:40903/
[rosmaster.master][INFO] 2023-11-07 17:03:26,749: +PUB [/camera/stereo_module/parameter_descriptions] /camera/realsense2_camera_manager http://ubuntu:40903/
[rosmaster.master][INFO] 2023-11-07 17:03:26,755: +PUB [/camera/stereo_module/parameter_updates] /camera/realsense2_camera_manager http://ubuntu:40903/
[rosmaster.master][INFO] 2023-11-07 17:03:26,756: +SERVICE [/camera/stereo_module/set_parameters] /camera/realsense2_camera_manager http://ubuntu:40903/
[rosmaster.master][INFO] 2023-11-07 17:03:28,421: +PUB [/camera/rgb_camera/parameter_descriptions] /camera/realsense2_camera_manager http://ubuntu:40903/
[rosmaster.master][INFO] 2023-11-07 17:03:28,422: +PUB [/camera/rgb_camera/parameter_updates] /camera/realsense2_camera_manager http://ubuntu:40903/
[rosmaster.master][INFO] 2023-11-07 17:03:28,423: +SERVICE [/camera/rgb_camera/set_parameters] /camera/realsense2_camera_manager http://ubuntu:40903/
[rosmaster.master][INFO] 2023-11-07 17:03:28,439: +PUB [/diagnostics] /camera/realsense2_camera_manager http://ubuntu:40903/
[rosmaster.master][INFO] 2023-11-07 17:03:28,440: +CACHEDPARAM [/camera/realsense2_camera_manager/diagnostic_period] by /camera/realsense2_camera_manager
[rosmaster.master][INFO] 2023-11-07 17:03:28,456: +PUB [/camera/depth/image_rect_raw/compressedDepth] /camera/realsense2_camera_manager http://ubuntu:40903/
[rosmaster.master][INFO] 2023-11-07 17:03:28,457: +SERVICE [/camera/depth/image_rect_raw/compressedDepth/set_parameters] /camera/realsense2_camera_manager http://ubuntu:40903/
[rosmaster.master][INFO] 2023-11-07 17:03:28,458: +PUB [/camera/depth/image_rect_raw/compressedDepth/parameter_descriptions] /camera/realsense2_camera_manager http://ubuntu:40903/
[rosmaster.master][INFO] 2023-11-07 17:03:28,459: +PUB [/camera/depth/image_rect_raw/compressedDepth/parameter_updates] /camera/realsense2_camera_manager http://ubuntu:40903/
[rosmaster.master][INFO] 2023-11-07 17:03:28,461: +PARAM [/camera/depth/image_rect_raw/compressedDepth/format] by /camera/realsense2_camera_manager
[rosmaster.master][INFO] 2023-11-07 17:03:28,462: +PARAM [/camera/depth/image_rect_raw/compressedDepth/depth_max] by /camera/realsense2_camera_manager
[rosmaster.master][INFO] 2023-11-07 17:03:28,463: +PARAM [/camera/depth/image_rect_raw/compressedDepth/depth_quantization] by /camera/realsense2_camera_manager
[rosmaster.master][INFO] 2023-11-07 17:03:28,464: +PARAM [/camera/depth/image_rect_raw/compressedDepth/png_level] by /camera/realsense2_camera_manager
[rosmaster.master][INFO] 2023-11-07 17:03:28,466: +PARAM [/camera/depth/image_rect_raw/compressedDepth/format] by /camera/realsense2_camera_manager
[rosmaster.master][INFO] 2023-11-07 17:03:28,468: +PARAM [/camera/depth/image_rect_raw/compressedDepth/depth_max] by /camera/realsense2_camera_manager
[rosmaster.master][INFO] 2023-11-07 17:03:28,469: +PARAM [/camera/depth/image_rect_raw/compressedDepth/depth_quantization] by /camera/realsense2_camera_manager
[rosmaster.master][INFO] 2023-11-07 17:03:28,470: +PARAM [/camera/depth/image_rect_raw/compressedDepth/png_level] by /camera/realsense2_camera_manager
[rosmaster.master][INFO] 2023-11-07 17:03:28,475: +PUB [/camera/depth/image_rect_raw/compressed] /camera/realsense2_camera_manager http://ubuntu:40903/
[rosmaster.master][INFO] 2023-11-07 17:03:28,477: +SERVICE [/camera/depth/image_rect_raw/compressed/set_parameters] /camera/realsense2_camera_manager http://ubuntu:40903/
[rosmaster.master][INFO] 2023-11-07 17:03:28,478: +PUB [/camera/depth/image_rect_raw/compressed/parameter_descriptions] /camera/realsense2_camera_manager http://ubuntu:40903/
[rosmaster.master][INFO] 2023-11-07 17:03:28,480: +PUB [/camera/depth/image_rect_raw/compressed/parameter_updates] /camera/realsense2_camera_manager http://ubuntu:40903/
[rosmaster.master][INFO] 2023-11-07 17:03:28,489: +PARAM [/camera/depth/image_rect_raw/compressed/format] by /camera/realsense2_camera_manager
[rosmaster.master][INFO] 2023-11-07 17:03:28,491: +PARAM [/camera/depth/image_rect_raw/compressed/jpeg_quality] by /camera/realsense2_camera_manager
[rosmaster.master][INFO] 2023-11-07 17:03:28,492: +PARAM [/camera/depth/image_rect_raw/compressed/jpeg_progressive] by /camera/realsense2_camera_manager
[rosmaster.master][INFO] 2023-11-07 17:03:28,494: +PARAM [/camera/depth/image_rect_raw/compressed/jpeg_optimize] by /camera/realsense2_camera_manager
[rosmaster.master][INFO] 2023-11-07 17:03:28,496: +PARAM [/camera/depth/image_rect_raw/compressed/jpeg_restart_interval] by /camera/realsense2_camera_manager
[rosmaster.master][INFO] 2023-11-07 17:03:28,497: +PARAM [/camera/depth/image_rect_raw/compressed/png_level] by /camera/realsense2_camera_manager
[rosmaster.master][INFO] 2023-11-07 17:03:28,499: +PARAM [/camera/depth/image_rect_raw/compressed/format] by /camera/realsense2_camera_manager
[rosmaster.master][INFO] 2023-11-07 17:03:28,500: +PARAM [/camera/depth/image_rect_raw/compressed/jpeg_quality] by /camera/realsense2_camera_manager
[rosmaster.master][INFO] 2023-11-07 17:03:28,502: +PARAM [/camera/depth/image_rect_raw/compressed/jpeg_progressive] by /camera/realsense2_camera_manager
[rosmaster.master][INFO] 2023-11-07 17:03:28,507: +PARAM [/camera/depth/image_rect_raw/compressed/jpeg_optimize] by /camera/realsense2_camera_manager
[rosmaster.master][INFO] 2023-11-07 17:03:28,509: +PARAM [/camera/depth/image_rect_raw/compressed/jpeg_restart_interval] by /camera/realsense2_camera_manager
[rosmaster.master][INFO] 2023-11-07 17:03:28,511: +PARAM [/camera/depth/image_rect_raw/compressed/png_level] by /camera/realsense2_camera_manager
[rosmaster.master][INFO] 2023-11-07 17:03:28,517: +PUB [/camera/depth/image_rect_raw] /camera/realsense2_camera_manager http://ubuntu:40903/
[rosmaster.master][INFO] 2023-11-07 17:03:28,531: +PUB [/camera/depth/image_rect_raw/theora] /camera/realsense2_camera_manager http://ubuntu:40903/
[rosmaster.master][INFO] 2023-11-07 17:03:28,534: +SERVICE [/camera/depth/image_rect_raw/theora/set_parameters] /camera/realsense2_camera_manager http://ubuntu:40903/
[rosmaster.master][INFO] 2023-11-07 17:03:28,538: +PUB [/camera/depth/image_rect_raw/theora/parameter_descriptions] /camera/realsense2_camera_manager http://ubuntu:40903/
[rosmaster.master][INFO] 2023-11-07 17:03:28,541: +PUB [/camera/depth/image_rect_raw/theora/parameter_updates] /camera/realsense2_camera_manager http://ubuntu:40903/
[rosmaster.master][INFO] 2023-11-07 17:03:28,549: +PARAM [/camera/depth/image_rect_raw/theora/optimize_for] by /camera/realsense2_camera_manager
[rosmaster.master][INFO] 2023-11-07 17:03:28,553: +PARAM [/camera/depth/image_rect_raw/theora/target_bitrate] by /camera/realsense2_camera_manager
[rosmaster.master][INFO] 2023-11-07 17:03:28,556: +PARAM [/camera/depth/image_rect_raw/theora/quality] by /camera/realsense2_camera_manager
[rosmaster.master][INFO] 2023-11-07 17:03:28,557: +PARAM [/camera/depth/image_rect_raw/theora/keyframe_frequency] by /camera/realsense2_camera_manager
[rosmaster.master][INFO] 2023-11-07 17:03:28,558: +PARAM [/camera/depth/image_rect_raw/theora/optimize_for] by /camera/realsense2_camera_manager
[rosmaster.master][INFO] 2023-11-07 17:03:28,560: +PARAM [/camera/depth/image_rect_raw/theora/target_bitrate] by /camera/realsense2_camera_manager
[rosmaster.master][INFO] 2023-11-07 17:03:28,562: +PARAM [/camera/depth/image_rect_raw/theora/quality] by /camera/realsense2_camera_manager
[rosmaster.master][INFO] 2023-11-07 17:03:28,564: +PARAM [/camera/depth/image_rect_raw/theora/keyframe_frequency] by /camera/realsense2_camera_manager
[rosmaster.master][INFO] 2023-11-07 17:03:28,566: +PUB [/camera/depth/camera_info] /camera/realsense2_camera_manager http://ubuntu:40903/
[rosmaster.master][INFO] 2023-11-07 17:03:28,569: +PUB [/camera/depth/metadata] /camera/realsense2_camera_manager http://ubuntu:40903/
[rosmaster.master][INFO] 2023-11-07 17:03:28,574: +PUB [/camera/infra1/image_rect_raw/compressedDepth] /camera/realsense2_camera_manager http://ubuntu:40903/
[rosmaster.master][INFO] 2023-11-07 17:03:28,578: +SERVICE [/camera/infra1/image_rect_raw/compressedDepth/set_parameters] /camera/realsense2_camera_manager http://ubuntu:40903/
[rosmaster.master][INFO] 2023-11-07 17:03:28,579: +PUB [/camera/infra1/image_rect_raw/compressedDepth/parameter_descriptions] /camera/realsense2_camera_manager http://ubuntu:40903/
[rosmaster.master][INFO] 2023-11-07 17:03:28,584: +PUB [/camera/infra1/image_rect_raw/compressedDepth/parameter_updates] /camera/realsense2_camera_manager http://ubuntu:40903/
[rosmaster.master][INFO] 2023-11-07 17:03:28,593: +PARAM [/camera/infra1/image_rect_raw/compressedDepth/format] by /camera/realsense2_camera_manager
[rosmaster.master][INFO] 2023-11-07 17:03:28,596: +PARAM [/camera/infra1/image_rect_raw/compressedDepth/depth_max] by /camera/realsense2_camera_manager
[rosmaster.master][INFO] 2023-11-07 17:03:28,597: +PARAM [/camera/infra1/image_rect_raw/compressedDepth/depth_quantization] by /camera/realsense2_camera_manager
[rosmaster.master][INFO] 2023-11-07 17:03:28,599: +PARAM [/camera/infra1/image_rect_raw/compressedDepth/png_level] by /camera/realsense2_camera_manager
[rosmaster.master][INFO] 2023-11-07 17:03:28,600: +PARAM [/camera/infra1/image_rect_raw/compressedDepth/format] by /camera/realsense2_camera_manager
[rosmaster.master][INFO] 2023-11-07 17:03:28,603: +PARAM [/camera/infra1/image_rect_raw/compressedDepth/depth_max] by /camera/realsense2_camera_manager
[rosmaster.master][INFO] 2023-11-07 17:03:28,606: +PARAM [/camera/infra1/image_rect_raw/compressedDepth/depth_quantization] by /camera/realsense2_camera_manager
[rosmaster.master][INFO] 2023-11-07 17:03:28,607: +PARAM [/camera/infra1/image_rect_raw/compressedDepth/png_level] by /camera/realsense2_camera_manager
[rosmaster.master][INFO] 2023-11-07 17:03:28,609: +PUB [/camera/infra1/image_rect_raw/compressed] /camera/realsense2_camera_manager http://ubuntu:40903/
[rosmaster.master][INFO] 2023-11-07 17:03:28,610: +SERVICE [/camera/infra1/image_rect_raw/compressed/set_parameters] /camera/realsense2_camera_manager http://ubuntu:40903/
[rosmaster.master][INFO] 2023-11-07 17:03:28,611: +PUB [/camera/infra1/image_rect_raw/compressed/parameter_descriptions] /camera/realsense2_camera_manager http://ubuntu:40903/
[rosmaster.master][INFO] 2023-11-07 17:03:28,613: +PUB [/camera/infra1/image_rect_raw/compressed/parameter_updates] /camera/realsense2_camera_manager http://ubuntu:40903/
[rosmaster.master][INFO] 2023-11-07 17:03:28,623: +PARAM [/camera/infra1/image_rect_raw/compressed/format] by /camera/realsense2_camera_manager
[rosmaster.master][INFO] 2023-11-07 17:03:28,625: +PARAM [/camera/infra1/image_rect_raw/compressed/jpeg_quality] by /camera/realsense2_camera_manager
[rosmaster.master][INFO] 2023-11-07 17:03:28,626: +PARAM [/camera/infra1/image_rect_raw/compressed/jpeg_progressive] by /camera/realsense2_camera_manager
[rosmaster.master][INFO] 2023-11-07 17:03:28,628: +PARAM [/camera/infra1/image_rect_raw/compressed/jpeg_optimize] by /camera/realsense2_camera_manager
[rosmaster.master][INFO] 2023-11-07 17:03:28,629: +PARAM [/camera/infra1/image_rect_raw/compressed/jpeg_restart_interval] by /camera/realsense2_camera_manager
[rosmaster.master][INFO] 2023-11-07 17:03:28,631: +PARAM [/camera/infra1/image_rect_raw/compressed/png_level] by /camera/realsense2_camera_manager
[rosmaster.master][INFO] 2023-11-07 17:03:28,633: +PARAM [/camera/infra1/image_rect_raw/compressed/format] by /camera/realsense2_camera_manager
[rosmaster.master][INFO] 2023-11-07 17:03:28,634: +PARAM [/camera/infra1/image_rect_raw/compressed/jpeg_quality] by /camera/realsense2_camera_manager
[rosmaster.master][INFO] 2023-11-07 17:03:28,639: +PARAM [/camera/infra1/image_rect_raw/compressed/jpeg_progressive] by /camera/realsense2_camera_manager
[rosmaster.master][INFO] 2023-11-07 17:03:28,641: +PARAM [/camera/infra1/image_rect_raw/compressed/jpeg_optimize] by /camera/realsense2_camera_manager
[rosmaster.master][INFO] 2023-11-07 17:03:28,645: +PARAM [/camera/infra1/image_rect_raw/compressed/jpeg_restart_interval] by /camera/realsense2_camera_manager
[rosmaster.master][INFO] 2023-11-07 17:03:28,646: +PARAM [/camera/infra1/image_rect_raw/compressed/png_level] by /camera/realsense2_camera_manager
[rosmaster.master][INFO] 2023-11-07 17:03:28,649: +PUB [/camera/infra1/image_rect_raw] /camera/realsense2_camera_manager http://ubuntu:40903/
[rosmaster.master][INFO] 2023-11-07 17:03:28,652: +PUB [/camera/infra1/image_rect_raw/theora] /camera/realsense2_camera_manager http://ubuntu:40903/
[rosmaster.master][INFO] 2023-11-07 17:03:28,654: +SERVICE [/camera/infra1/image_rect_raw/theora/set_parameters] /camera/realsense2_camera_manager http://ubuntu:40903/
[rosmaster.master][INFO] 2023-11-07 17:03:28,657: +PUB [/camera/infra1/image_rect_raw/theora/parameter_descriptions] /camera/realsense2_camera_manager http://ubuntu:40903/
[rosmaster.master][INFO] 2023-11-07 17:03:28,659: +PUB [/camera/infra1/image_rect_raw/theora/parameter_updates] /camera/realsense2_camera_manager http://ubuntu:40903/
[rosmaster.master][INFO] 2023-11-07 17:03:28,665: +PARAM [/camera/infra1/image_rect_raw/theora/optimize_for] by /camera/realsense2_camera_manager
[rosmaster.master][INFO] 2023-11-07 17:03:28,668: +PARAM [/camera/infra1/image_rect_raw/theora/target_bitrate] by /camera/realsense2_camera_manager
[rosmaster.master][INFO] 2023-11-07 17:03:28,670: +PARAM [/camera/infra1/image_rect_raw/theora/quality] by /camera/realsense2_camera_manager
[rosmaster.master][INFO] 2023-11-07 17:03:28,672: +PARAM [/camera/infra1/image_rect_raw/theora/keyframe_frequency] by /camera/realsense2_camera_manager
[rosmaster.master][INFO] 2023-11-07 17:03:28,673: +PARAM [/camera/infra1/image_rect_raw/theora/optimize_for] by /camera/realsense2_camera_manager
[rosmaster.master][INFO] 2023-11-07 17:03:28,675: +PARAM [/camera/infra1/image_rect_raw/theora/target_bitrate] by /camera/realsense2_camera_manager
[rosmaster.master][INFO] 2023-11-07 17:03:28,676: +PARAM [/camera/infra1/image_rect_raw/theora/quality] by /camera/realsense2_camera_manager
[rosmaster.master][INFO] 2023-11-07 17:03:28,678: +PARAM [/camera/infra1/image_rect_raw/theora/keyframe_frequency] by /camera/realsense2_camera_manager
[rosmaster.master][INFO] 2023-11-07 17:03:28,680: +PUB [/camera/infra1/camera_info] /camera/realsense2_camera_manager http://ubuntu:40903/
[rosmaster.master][INFO] 2023-11-07 17:03:28,681: +PUB [/camera/infra1/metadata] /camera/realsense2_camera_manager http://ubuntu:40903/
[rosmaster.master][INFO] 2023-11-07 17:03:28,686: +PUB [/camera/infra2/image_rect_raw/compressedDepth] /camera/realsense2_camera_manager http://ubuntu:40903/
[rosmaster.master][INFO] 2023-11-07 17:03:28,689: +SERVICE [/camera/infra2/image_rect_raw/compressedDepth/set_parameters] /camera/realsense2_camera_manager http://ubuntu:40903/
[rosmaster.master][INFO] 2023-11-07 17:03:28,691: +PUB [/camera/infra2/image_rect_raw/compressedDepth/parameter_descriptions] /camera/realsense2_camera_manager http://ubuntu:40903/
[rosmaster.master][INFO] 2023-11-07 17:03:28,695: +PUB [/camera/infra2/image_rect_raw/compressedDepth/parameter_updates] /camera/realsense2_camera_manager http://ubuntu:40903/
[rosmaster.master][INFO] 2023-11-07 17:03:28,702: +PARAM [/camera/infra2/image_rect_raw/compressedDepth/format] by /camera/realsense2_camera_manager
[rosmaster.master][INFO] 2023-11-07 17:03:28,704: +PARAM [/camera/infra2/image_rect_raw/compressedDepth/depth_max] by /camera/realsense2_camera_manager
[rosmaster.master][INFO] 2023-11-07 17:03:28,706: +PARAM [/camera/infra2/image_rect_raw/compressedDepth/depth_quantization] by /camera/realsense2_camera_manager
[rosmaster.master][INFO] 2023-11-07 17:03:28,709: +PARAM [/camera/infra2/image_rect_raw/compressedDepth/png_level] by /camera/realsense2_camera_manager
[rosmaster.master][INFO] 2023-11-07 17:03:28,711: +PARAM [/camera/infra2/image_rect_raw/compressedDepth/format] by /camera/realsense2_camera_manager
[rosmaster.master][INFO] 2023-11-07 17:03:28,713: +PARAM [/camera/infra2/image_rect_raw/compressedDepth/depth_max] by /camera/realsense2_camera_manager
[rosmaster.master][INFO] 2023-11-07 17:03:28,716: +PARAM [/camera/infra2/image_rect_raw/compressedDepth/depth_quantization] by /camera/realsense2_camera_manager
[rosmaster.master][INFO] 2023-11-07 17:03:28,718: +PARAM [/camera/infra2/image_rect_raw/compressedDepth/png_level] by /camera/realsense2_camera_manager
[rosmaster.master][INFO] 2023-11-07 17:03:28,719: +PUB [/camera/infra2/image_rect_raw/compressed] /camera/realsense2_camera_manager http://ubuntu:40903/
[rosmaster.master][INFO] 2023-11-07 17:03:28,722: +SERVICE [/camera/infra2/image_rect_raw/compressed/set_parameters] /camera/realsense2_camera_manager http://ubuntu:40903/
[rosmaster.master][INFO] 2023-11-07 17:03:28,725: +PUB [/camera/infra2/image_rect_raw/compressed/parameter_descriptions] /camera/realsense2_camera_manager http://ubuntu:40903/
[rosmaster.master][INFO] 2023-11-07 17:03:28,726: +PUB [/camera/infra2/image_rect_raw/compressed/parameter_updates] /camera/realsense2_camera_manager http://ubuntu:40903/
[rosmaster.master][INFO] 2023-11-07 17:03:28,730: +PARAM [/camera/infra2/image_rect_raw/compressed/format] by /camera/realsense2_camera_manager
[rosmaster.master][INFO] 2023-11-07 17:03:28,731: +PARAM [/camera/infra2/image_rect_raw/compressed/jpeg_quality] by /camera/realsense2_camera_manager
[rosmaster.master][INFO] 2023-11-07 17:03:28,734: +PARAM [/camera/infra2/image_rect_raw/compressed/jpeg_progressive] by /camera/realsense2_camera_manager
[rosmaster.master][INFO] 2023-11-07 17:03:28,736: +PARAM [/camera/infra2/image_rect_raw/compressed/jpeg_optimize] by /camera/realsense2_camera_manager
[rosmaster.master][INFO] 2023-11-07 17:03:28,737: +PARAM [/camera/infra2/image_rect_raw/compressed/jpeg_restart_interval] by /camera/realsense2_camera_manager
[rosmaster.master][INFO] 2023-11-07 17:03:28,738: +PARAM [/camera/infra2/image_rect_raw/compressed/png_level] by /camera/realsense2_camera_manager
[rosmaster.master][INFO] 2023-11-07 17:03:28,738: +PARAM [/camera/infra2/image_rect_raw/compressed/format] by /camera/realsense2_camera_manager
[rosmaster.master][INFO] 2023-11-07 17:03:28,739: +PARAM [/camera/infra2/image_rect_raw/compressed/jpeg_quality] by /camera/realsense2_camera_manager
[rosmaster.master][INFO] 2023-11-07 17:03:28,740: +PARAM [/camera/infra2/image_rect_raw/compressed/jpeg_progressive] by /camera/realsense2_camera_manager
[rosmaster.master][INFO] 2023-11-07 17:03:28,740: +PARAM [/camera/infra2/image_rect_raw/compressed/jpeg_optimize] by /camera/realsense2_camera_manager
[rosmaster.master][INFO] 2023-11-07 17:03:28,741: +PARAM [/camera/infra2/image_rect_raw/compressed/jpeg_restart_interval] by /camera/realsense2_camera_manager
[rosmaster.master][INFO] 2023-11-07 17:03:28,741: +PARAM [/camera/infra2/image_rect_raw/compressed/png_level] by /camera/realsense2_camera_manager
[rosmaster.master][INFO] 2023-11-07 17:03:28,742: +PUB [/camera/infra2/image_rect_raw] /camera/realsense2_camera_manager http://ubuntu:40903/
[rosmaster.master][INFO] 2023-11-07 17:03:28,743: +PUB [/camera/infra2/image_rect_raw/theora] /camera/realsense2_camera_manager http://ubuntu:40903/
[rosmaster.master][INFO] 2023-11-07 17:03:28,744: +SERVICE [/camera/infra2/image_rect_raw/theora/set_parameters] /camera/realsense2_camera_manager http://ubuntu:40903/
[rosmaster.master][INFO] 2023-11-07 17:03:28,744: +PUB [/camera/infra2/image_rect_raw/theora/parameter_descriptions] /camera/realsense2_camera_manager http://ubuntu:40903/
[rosmaster.master][INFO] 2023-11-07 17:03:28,745: +PUB [/camera/infra2/image_rect_raw/theora/parameter_updates] /camera/realsense2_camera_manager http://ubuntu:40903/
[rosmaster.master][INFO] 2023-11-07 17:03:28,747: +PARAM [/camera/infra2/image_rect_raw/theora/optimize_for] by /camera/realsense2_camera_manager
[rosmaster.master][INFO] 2023-11-07 17:03:28,748: +PARAM [/camera/infra2/image_rect_raw/theora/target_bitrate] by /camera/realsense2_camera_manager
[rosmaster.master][INFO] 2023-11-07 17:03:28,751: +PARAM [/camera/infra2/image_rect_raw/theora/quality] by /camera/realsense2_camera_manager
[rosmaster.master][INFO] 2023-11-07 17:03:28,753: +PARAM [/camera/infra2/image_rect_raw/theora/keyframe_frequency] by /camera/realsense2_camera_manager
[rosmaster.master][INFO] 2023-11-07 17:03:28,754: +PARAM [/camera/infra2/image_rect_raw/theora/optimize_for] by /camera/realsense2_camera_manager
[rosmaster.master][INFO] 2023-11-07 17:03:28,754: +PARAM [/camera/infra2/image_rect_raw/theora/target_bitrate] by /camera/realsense2_camera_manager
[rosmaster.master][INFO] 2023-11-07 17:03:28,755: +PARAM [/camera/infra2/image_rect_raw/theora/quality] by /camera/realsense2_camera_manager
[rosmaster.master][INFO] 2023-11-07 17:03:28,756: +PARAM [/camera/infra2/image_rect_raw/theora/keyframe_frequency] by /camera/realsense2_camera_manager
[rosmaster.master][INFO] 2023-11-07 17:03:28,756: +PUB [/camera/infra2/camera_info] /camera/realsense2_camera_manager http://ubuntu:40903/
[rosmaster.master][INFO] 2023-11-07 17:03:28,757: +PUB [/camera/infra2/metadata] /camera/realsense2_camera_manager http://ubuntu:40903/
[rosmaster.master][INFO] 2023-11-07 17:03:28,760: +PUB [/camera/color/image_raw/compressedDepth] /camera/realsense2_camera_manager http://ubuntu:40903/
[rosmaster.master][INFO] 2023-11-07 17:03:28,760: +SERVICE [/camera/color/image_raw/compressedDepth/set_parameters] /camera/realsense2_camera_manager http://ubuntu:40903/
[rosmaster.master][INFO] 2023-11-07 17:03:28,761: +PUB [/camera/color/image_raw/compressedDepth/parameter_descriptions] /camera/realsense2_camera_manager http://ubuntu:40903/
[rosmaster.master][INFO] 2023-11-07 17:03:28,762: +PUB [/camera/color/image_raw/compressedDepth/parameter_updates] /camera/realsense2_camera_manager http://ubuntu:40903/
[rosmaster.master][INFO] 2023-11-07 17:03:28,764: +PARAM [/camera/color/image_raw/compressedDepth/format] by /camera/realsense2_camera_manager
[rosmaster.master][INFO] 2023-11-07 17:03:28,769: +PARAM [/camera/color/image_raw/compressedDepth/depth_max] by /camera/realsense2_camera_manager
[rosmaster.master][INFO] 2023-11-07 17:03:28,770: +PARAM [/camera/color/image_raw/compressedDepth/depth_quantization] by /camera/realsense2_camera_manager
[rosmaster.master][INFO] 2023-11-07 17:03:28,771: +PARAM [/camera/color/image_raw/compressedDepth/png_level] by /camera/realsense2_camera_manager
[rosmaster.master][INFO] 2023-11-07 17:03:28,772: +PARAM [/camera/color/image_raw/compressedDepth/format] by /camera/realsense2_camera_manager
[rosmaster.master][INFO] 2023-11-07 17:03:28,773: +PARAM [/camera/color/image_raw/compressedDepth/depth_max] by /camera/realsense2_camera_manager
[rosmaster.master][INFO] 2023-11-07 17:03:28,774: +PARAM [/camera/color/image_raw/compressedDepth/depth_quantization] by /camera/realsense2_camera_manager
[rosmaster.master][INFO] 2023-11-07 17:03:28,774: +PARAM [/camera/color/image_raw/compressedDepth/png_level] by /camera/realsense2_camera_manager
[rosmaster.master][INFO] 2023-11-07 17:03:28,775: +PUB [/camera/color/image_raw/compressed] /camera/realsense2_camera_manager http://ubuntu:40903/
[rosmaster.master][INFO] 2023-11-07 17:03:28,776: +SERVICE [/camera/color/image_raw/compressed/set_parameters] /camera/realsense2_camera_manager http://ubuntu:40903/
[rosmaster.master][INFO] 2023-11-07 17:03:28,776: +PUB [/camera/color/image_raw/compressed/parameter_descriptions] /camera/realsense2_camera_manager http://ubuntu:40903/
[rosmaster.master][INFO] 2023-11-07 17:03:28,777: +PUB [/camera/color/image_raw/compressed/parameter_updates] /camera/realsense2_camera_manager http://ubuntu:40903/
[rosmaster.master][INFO] 2023-11-07 17:03:28,780: +PARAM [/camera/color/image_raw/compressed/format] by /camera/realsense2_camera_manager
[rosmaster.master][INFO] 2023-11-07 17:03:28,781: +PARAM [/camera/color/image_raw/compressed/jpeg_quality] by /camera/realsense2_camera_manager
[rosmaster.master][INFO] 2023-11-07 17:03:28,781: +PARAM [/camera/color/image_raw/compressed/jpeg_progressive] by /camera/realsense2_camera_manager
[rosmaster.master][INFO] 2023-11-07 17:03:28,787: +PARAM [/camera/color/image_raw/compressed/jpeg_optimize] by /camera/realsense2_camera_manager
[rosmaster.master][INFO] 2023-11-07 17:03:28,789: +PARAM [/camera/color/image_raw/compressed/jpeg_restart_interval] by /camera/realsense2_camera_manager
[rosmaster.master][INFO] 2023-11-07 17:03:28,790: +PARAM [/camera/color/image_raw/compressed/png_level] by /camera/realsense2_camera_manager
[rosmaster.master][INFO] 2023-11-07 17:03:28,790: +PARAM [/camera/color/image_raw/compressed/format] by /camera/realsense2_camera_manager
[rosmaster.master][INFO] 2023-11-07 17:03:28,791: +PARAM [/camera/color/image_raw/compressed/jpeg_quality] by /camera/realsense2_camera_manager
[rosmaster.master][INFO] 2023-11-07 17:03:28,792: +PARAM [/camera/color/image_raw/compressed/jpeg_progressive] by /camera/realsense2_camera_manager
[rosmaster.master][INFO] 2023-11-07 17:03:28,793: +PARAM [/camera/color/image_raw/compressed/jpeg_optimize] by /camera/realsense2_camera_manager
[rosmaster.master][INFO] 2023-11-07 17:03:28,793: +PARAM [/camera/color/image_raw/compressed/jpeg_restart_interval] by /camera/realsense2_camera_manager
[rosmaster.master][INFO] 2023-11-07 17:03:28,794: +PARAM [/camera/color/image_raw/compressed/png_level] by /camera/realsense2_camera_manager
[rosmaster.master][INFO] 2023-11-07 17:03:28,795: +PUB [/camera/color/image_raw] /camera/realsense2_camera_manager http://ubuntu:40903/
[rosmaster.master][INFO] 2023-11-07 17:03:28,796: +PUB [/camera/color/image_raw/theora] /camera/realsense2_camera_manager http://ubuntu:40903/
[rosmaster.master][INFO] 2023-11-07 17:03:28,803: +SERVICE [/camera/color/image_raw/theora/set_parameters] /camera/realsense2_camera_manager http://ubuntu:40903/
[rosmaster.master][INFO] 2023-11-07 17:03:28,805: +PUB [/camera/color/image_raw/theora/parameter_descriptions] /camera/realsense2_camera_manager http://ubuntu:40903/
[rosmaster.master][INFO] 2023-11-07 17:03:28,805: +PUB [/camera/color/image_raw/theora/parameter_updates] /camera/realsense2_camera_manager http://ubuntu:40903/
[rosmaster.master][INFO] 2023-11-07 17:03:28,808: +PARAM [/camera/color/image_raw/theora/optimize_for] by /camera/realsense2_camera_manager
[rosmaster.master][INFO] 2023-11-07 17:03:28,809: +PARAM [/camera/color/image_raw/theora/target_bitrate] by /camera/realsense2_camera_manager
[rosmaster.master][INFO] 2023-11-07 17:03:28,810: +PARAM [/camera/color/image_raw/theora/quality] by /camera/realsense2_camera_manager
[rosmaster.master][INFO] 2023-11-07 17:03:28,810: +PARAM [/camera/color/image_raw/theora/keyframe_frequency] by /camera/realsense2_camera_manager
[rosmaster.master][INFO] 2023-11-07 17:03:28,813: +PARAM [/camera/color/image_raw/theora/optimize_for] by /camera/realsense2_camera_manager
[rosmaster.master][INFO] 2023-11-07 17:03:28,814: +PARAM [/camera/color/image_raw/theora/target_bitrate] by /camera/realsense2_camera_manager
[rosmaster.master][INFO] 2023-11-07 17:03:28,815: +PARAM [/camera/color/image_raw/theora/quality] by /camera/realsense2_camera_manager
[rosmaster.master][INFO] 2023-11-07 17:03:28,821: +PARAM [/camera/color/image_raw/theora/keyframe_frequency] by /camera/realsense2_camera_manager
[rosmaster.master][INFO] 2023-11-07 17:03:28,822: +PUB [/camera/color/camera_info] /camera/realsense2_camera_manager http://ubuntu:40903/
[rosmaster.master][INFO] 2023-11-07 17:03:28,823: +PUB [/camera/color/metadata] /camera/realsense2_camera_manager http://ubuntu:40903/
[rosmaster.master][INFO] 2023-11-07 17:03:28,824: +PUB [/camera/extrinsics/depth_to_color] /camera/realsense2_camera_manager http://ubuntu:40903/
[rosmaster.master][INFO] 2023-11-07 17:03:28,825: +PUB [/camera/extrinsics/depth_to_infra1] /camera/realsense2_camera_manager http://ubuntu:40903/
[rosmaster.master][INFO] 2023-11-07 17:03:28,828: +PUB [/camera/extrinsics/depth_to_infra2] /camera/realsense2_camera_manager http://ubuntu:40903/
[rosmaster.master][INFO] 2023-11-07 17:03:29,323: +PUB [/camera/stereo_module/auto_exposure_roi/parameter_descriptions] /camera/realsense2_camera_manager http://ubuntu:40903/
[rosmaster.master][INFO] 2023-11-07 17:03:29,324: +PUB [/camera/stereo_module/auto_exposure_roi/parameter_updates] /camera/realsense2_camera_manager http://ubuntu:40903/
[rosmaster.master][INFO] 2023-11-07 17:03:29,325: +SERVICE [/camera/stereo_module/auto_exposure_roi/set_parameters] /camera/realsense2_camera_manager http://ubuntu:40903/
[rosmaster.master][INFO] 2023-11-07 17:03:29,329: +PUB [/camera/rgb_camera/auto_exposure_roi/parameter_descriptions] /camera/realsense2_camera_manager http://ubuntu:40903/
[rosmaster.master][INFO] 2023-11-07 17:03:29,329: +PUB [/camera/rgb_camera/auto_exposure_roi/parameter_updates] /camera/realsense2_camera_manager http://ubuntu:40903/
[rosmaster.master][INFO] 2023-11-07 17:03:29,332: +SERVICE [/camera/rgb_camera/auto_exposure_roi/set_parameters] /camera/realsense2_camera_manager http://ubuntu:40903/
[rosmaster.master][INFO] 2023-11-07 17:03:29,334: +SERVICE [/camera/realsense2_camera/device_info] /camera/realsense2_camera_manager http://ubuntu:40903/
[rosmaster.master][INFO] 2023-11-07 17:03:48,790: +PUB [/rosout] /rqt_gui_py_node_26626 http://ubuntu:35573/
[rosmaster.master][INFO] 2023-11-07 17:03:48,794: +SERVICE [/rqt_gui_py_node_26626/get_loggers] /rqt_gui_py_node_26626 http://ubuntu:35573/
[rosmaster.master][INFO] 2023-11-07 17:03:48,795: +SERVICE [/rqt_gui_py_node_26626/set_logger_level] /rqt_gui_py_node_26626 http://ubuntu:35573/
[rosmaster.master][INFO] 2023-11-07 17:03:48,829: publisherUpdate[/rosout] -> http://ubuntu:37829/ ['http://ubuntu:42059/', 'http://ubuntu:40903/', 'http://ubuntu:35573/']
[rosmaster.master][INFO] 2023-11-07 17:03:48,831: publisherUpdate[/rosout] -> http://ubuntu:37829/ ['http://ubuntu:42059/', 'http://ubuntu:40903/', 'http://ubuntu:35573/']: sec=0.00, result=[1, '', 0]
[rosmaster.master][INFO] 2023-11-07 17:03:48,998: +SUB [/camera/stereo_module/parameter_descriptions] /rqt_gui_py_node_26626 http://ubuntu:35573/
[rosmaster.master][INFO] 2023-11-07 17:03:49,002: +SUB [/camera/stereo_module/parameter_updates] /rqt_gui_py_node_26626 http://ubuntu:35573/
[rosmaster.master][INFO] 2023-11-07 17:03:53,013: -SUB [/camera/stereo_module/parameter_descriptions] /rqt_gui_py_node_26626 http://ubuntu:35573/
[rosmaster.master][INFO] 2023-11-07 17:03:53,020: -SUB [/camera/stereo_module/parameter_updates] /rqt_gui_py_node_26626 http://ubuntu:35573/
[rosmaster.master][INFO] 2023-11-07 17:03:53,057: -PUB [/rosout] /rqt_gui_py_node_26626 http://ubuntu:35573/
[rosmaster.master][INFO] 2023-11-07 17:03:53,057: -SERVICE [/rqt_gui_py_node_26626/get_loggers] /rqt_gui_py_node_26626 rosrpc://ubuntu:38517
[rosmaster.master][INFO] 2023-11-07 17:03:53,057: -SERVICE [/rqt_gui_py_node_26626/set_logger_level] /rqt_gui_py_node_26626 rosrpc://ubuntu:38517
[rosmaster.master][INFO] 2023-11-07 17:03:53,137: publisherUpdate[/rosout] -> http://ubuntu:37829/ ['http://ubuntu:42059/', 'http://ubuntu:40903/']
[rosmaster.master][INFO] 2023-11-07 17:03:53,139: publisherUpdate[/rosout] -> http://ubuntu:37829/ ['http://ubuntu:42059/', 'http://ubuntu:40903/']: sec=0.00, result=[1, '', 0]
[rosmaster.master][INFO] 2023-11-07 17:04:03,030: +PUB [/rosout] /rviz_1699347843017038261 http://ubuntu:43499/
[rosmaster.master][INFO] 2023-11-07 17:04:03,032: +SERVICE [/rviz_1699347843017038261/get_loggers] /rviz_1699347843017038261 http://ubuntu:43499/
[rosmaster.master][INFO] 2023-11-07 17:04:03,035: +SERVICE [/rviz_1699347843017038261/set_logger_level] /rviz_1699347843017038261 http://ubuntu:43499/
[rosmaster.master][INFO] 2023-11-07 17:04:03,037: +CACHEDPARAM [/rosout_disable_topics_generation] by /rviz_1699347843017038261
[rosmaster.master][INFO] 2023-11-07 17:04:03,059: publisherUpdate[/rosout] -> http://ubuntu:37829/ ['http://ubuntu:42059/', 'http://ubuntu:40903/', 'http://ubuntu:43499/']
[rosmaster.master][INFO] 2023-11-07 17:04:03,061: publisherUpdate[/rosout] -> http://ubuntu:37829/ ['http://ubuntu:42059/', 'http://ubuntu:40903/', 'http://ubuntu:43499/']: sec=0.00, result=[1, '', 0]
[rosmaster.master][INFO] 2023-11-07 17:04:03,952: +SUB [/tf] /rviz_1699347843017038261 http://ubuntu:43499/
[rosmaster.master][INFO] 2023-11-07 17:04:03,955: +SUB [/tf_static] /rviz_1699347843017038261 http://ubuntu:43499/
[rosmaster.master][INFO] 2023-11-07 17:04:04,070: +PUB [/initialpose] /rviz_1699347843017038261 http://ubuntu:43499/
[rosmaster.master][INFO] 2023-11-07 17:04:04,073: +PUB [/goal] /rviz_1699347843017038261 http://ubuntu:43499/
[rosmaster.master][INFO] 2023-11-07 17:04:04,079: -PUB [/goal] /rviz_1699347843017038261 http://ubuntu:43499/
[rosmaster.master][INFO] 2023-11-07 17:04:04,080: -PUB [/initialpose] /rviz_1699347843017038261 http://ubuntu:43499/
[rosmaster.master][INFO] 2023-11-07 17:04:04,087: +PUB [/initialpose] /rviz_1699347843017038261 http://ubuntu:43499/
[rosmaster.master][INFO] 2023-11-07 17:04:04,090: +PUB [/goal] /rviz_1699347843017038261 http://ubuntu:43499/
[rosmaster.master][INFO] 2023-11-07 17:04:04,092: +PUB [/move_base_simple/goal] /rviz_1699347843017038261 http://ubuntu:43499/
[rosmaster.master][INFO] 2023-11-07 17:04:04,092: -PUB [/goal] /rviz_1699347843017038261 http://ubuntu:43499/
[rosmaster.master][INFO] 2023-11-07 17:04:04,093: +PUB [/clicked_point] /rviz_1699347843017038261 http://ubuntu:43499/
[rosmaster.master][INFO] 2023-11-07 17:04:04,183: +SERVICE [/rviz_1699347843017038261/reload_shaders] /rviz_1699347843017038261 http://ubuntu:43499/
[rosmaster.master][INFO] 2023-11-07 17:04:04,186: +SERVICE [/rviz_1699347843017038261/load_config] /rviz_1699347843017038261 http://ubuntu:43499/
[rosmaster.master][INFO] 2023-11-07 17:04:04,187: +SERVICE [/rviz_1699347843017038261/load_config_discarding_changes] /rviz_1699347843017038261 http://ubuntu:43499/
[rosmaster.master][INFO] 2023-11-07 17:04:04,188: +SERVICE [/rviz_1699347843017038261/save_config] /rviz_1699347843017038261 http://ubuntu:43499/
[rosmaster.master][INFO] 2023-11-07 17:04:24,140: +SUB [/svo/image/0] /rviz_1699347843017038261 http://ubuntu:43499/
[rosmaster.master][INFO] 2023-11-07 17:04:24,145: +SUB [/svo/backend_pose_imu_viz] /rviz_1699347843017038261 http://ubuntu:43499/
[rosmaster.master][INFO] 2023-11-07 17:04:24,159: +SUB [/svo/pose_graph_pointcloud] /rviz_1699347843017038261 http://ubuntu:43499/
[rosmaster.master][INFO] 2023-11-07 17:04:24,172: +SUB [/svo/global_map_pts] /rviz_1699347843017038261 http://ubuntu:43499/
[rosmaster.master][INFO] 2023-11-07 17:04:24,178: +SUB [/visualization_marker] /rviz_1699347843017038261 http://ubuntu:43499/
[rosmaster.master][INFO] 2023-11-07 17:04:24,181: +SUB [/visualization_marker_array] /rviz_1699347843017038261 http://ubuntu:43499/
[rosmaster.master][INFO] 2023-11-07 17:04:24,185: -SUB [/visualization_marker] /rviz_1699347843017038261 http://ubuntu:43499/
[rosmaster.master][INFO] 2023-11-07 17:04:24,186: -SUB [/visualization_marker_array] /rviz_1699347843017038261 http://ubuntu:43499/
[rosmaster.master][INFO] 2023-11-07 17:04:24,200: +SUB [/svo/points] /rviz_1699347843017038261 http://ubuntu:43499/
[rosmaster.master][INFO] 2023-11-07 17:04:24,206: +SUB [/svo/points_array] /rviz_1699347843017038261 http://ubuntu:43499/
[rosmaster.master][INFO] 2023-11-07 17:04:24,221: +SUB [/visualization_marker] /rviz_1699347843017038261 http://ubuntu:43499/
[rosmaster.master][INFO] 2023-11-07 17:04:24,225: +SUB [/visualization_marker_array] /rviz_1699347843017038261 http://ubuntu:43499/
[rosmaster.master][INFO] 2023-11-07 17:04:24,226: -SUB [/visualization_marker] /rviz_1699347843017038261 http://ubuntu:43499/
[rosmaster.master][INFO] 2023-11-07 17:04:24,227: -SUB [/visualization_marker_array] /rviz_1699347843017038261 http://ubuntu:43499/
[rosmaster.master][INFO] 2023-11-07 17:04:24,236: +SUB [/svo/loop_closures] /rviz_1699347843017038261 http://ubuntu:43499/
[rosmaster.master][INFO] 2023-11-07 17:04:24,246: +SUB [/svo/loop_closures_array] /rviz_1699347843017038261 http://ubuntu:43499/
[rosmaster.master][INFO] 2023-11-07 17:04:24,256: +SUB [/visualization_marker] /rviz_1699347843017038261 http://ubuntu:43499/
[rosmaster.master][INFO] 2023-11-07 17:04:24,261: +SUB [/visualization_marker_array] /rviz_1699347843017038261 http://ubuntu:43499/
[rosmaster.master][INFO] 2023-11-07 17:04:24,264: -SUB [/visualization_marker] /rviz_1699347843017038261 http://ubuntu:43499/
[rosmaster.master][INFO] 2023-11-07 17:04:24,268: -SUB [/visualization_marker_array] /rviz_1699347843017038261 http://ubuntu:43499/
[rosmaster.master][INFO] 2023-11-07 17:04:24,279: +SUB [/svo/visible_fixed_landmarks] /rviz_1699347843017038261 http://ubuntu:43499/
[rosmaster.master][INFO] 2023-11-07 17:04:24,289: +SUB [/svo/visible_fixed_landmarks_array] /rviz_1699347843017038261 http://ubuntu:43499/
[rosmaster.master][INFO] 2023-11-07 17:04:24,296: +SUB [/visualization_marker] /rviz_1699347843017038261 http://ubuntu:43499/
[rosmaster.master][INFO] 2023-11-07 17:04:24,307: +SUB [/visualization_marker_array] /rviz_1699347843017038261 http://ubuntu:43499/
[rosmaster.master][INFO] 2023-11-07 17:04:24,308: -SUB [/visualization_marker] /rviz_1699347843017038261 http://ubuntu:43499/
[rosmaster.master][INFO] 2023-11-07 17:04:24,309: -SUB [/visualization_marker_array] /rviz_1699347843017038261 http://ubuntu:43499/
[rosmaster.master][INFO] 2023-11-07 17:04:24,313: +SUB [/svo/keyframes] /rviz_1699347843017038261 http://ubuntu:43499/
[rosmaster.master][INFO] 2023-11-07 17:04:24,325: +SUB [/svo/keyframes_array] /rviz_1699347843017038261 http://ubuntu:43499/
[rosmaster.master][INFO] 2023-11-07 17:04:24,347: +SUB [/svo/backend_points] /rviz_1699347843017038261 http://ubuntu:43499/
[rosmaster.master][INFO] 2023-11-07 17:04:24,362: +SUB [/svo/pose_graph] /rviz_1699347843017038261 http://ubuntu:43499/
[rosmaster.master][INFO] 2023-11-07 17:04:24,377: +SUB [/svo/global_map_query_kfs] /rviz_1699347843017038261 http://ubuntu:43499/
[rosmaster.master][INFO] 2023-11-07 17:04:24,434: -PUB [/clicked_point] /rviz_1699347843017038261 http://ubuntu:43499/
[rosmaster.master][INFO] 2023-11-07 17:04:24,436: -PUB [/move_base_simple/goal] /rviz_1699347843017038261 http://ubuntu:43499/
[rosmaster.master][INFO] 2023-11-07 17:04:24,437: -PUB [/initialpose] /rviz_1699347843017038261 http://ubuntu:43499/
[rosmaster.master][INFO] 2023-11-07 17:04:24,444: +PUB [/initialpose] /rviz_1699347843017038261 http://ubuntu:43499/
[rosmaster.master][INFO] 2023-11-07 17:04:24,446: +PUB [/goal] /rviz_1699347843017038261 http://ubuntu:43499/
[rosmaster.master][INFO] 2023-11-07 17:04:24,447: +PUB [/move_base_simple/goal] /rviz_1699347843017038261 http://ubuntu:43499/
[rosmaster.master][INFO] 2023-11-07 17:04:24,447: -PUB [/goal] /rviz_1699347843017038261 http://ubuntu:43499/
[rosmaster.master][INFO] 2023-11-07 17:04:24,448: +PUB [/clicked_point] /rviz_1699347843017038261 http://ubuntu:43499/
[rosmaster.master][INFO] 2023-11-07 17:04:24,647: -SUB [/svo/image/0] /rviz_1699347843017038261 http://ubuntu:43499/
[rosmaster.master][INFO] 2023-11-07 17:04:24,652: +SUB [/svo/image/0] /rviz_1699347843017038261 http://ubuntu:43499/
[rosmaster.master][INFO] 2023-11-07 17:04:32,224: +SUB [/camera/infra1/image_rect_raw] /rviz_1699347843017038261 http://ubuntu:43499/
[rosmaster.master][INFO] 2023-11-07 17:05:18,420: +PARAM [/roslaunch/uris/host_ubuntu__42793] by /roslaunch
[rosmaster.master][INFO] 2023-11-07 17:05:18,433: +PARAM [/rosversion] by /roslaunch
[rosmaster.master][INFO] 2023-11-07 17:05:18,434: +PARAM [/rosdistro] by /roslaunch
[rosmaster.master][INFO] 2023-11-07 17:05:18,434: +PARAM [/svo/pipeline_is_stereo] by /roslaunch
[rosmaster.master][INFO] 2023-11-07 17:05:18,434: +PARAM [/svo/max_fts] by /roslaunch
[rosmaster.master][INFO] 2023-11-07 17:05:18,434: +PARAM [/svo/max_n_kfs] by /roslaunch
[rosmaster.master][INFO] 2023-11-07 17:05:18,434: +PARAM [/svo/map_scale] by /roslaunch
[rosmaster.master][INFO] 2023-11-07 17:05:18,435: +PARAM [/svo/T_world_imuinit/qx] by /roslaunch
[rosmaster.master][INFO] 2023-11-07 17:05:18,435: +PARAM [/svo/T_world_imuinit/qy] by /roslaunch
[rosmaster.master][INFO] 2023-11-07 17:05:18,435: +PARAM [/svo/T_world_imuinit/qz] by /roslaunch
[rosmaster.master][INFO] 2023-11-07 17:05:18,435: +PARAM [/svo/T_world_imuinit/qw] by /roslaunch
[rosmaster.master][INFO] 2023-11-07 17:05:18,435: +PARAM [/svo/kfselect_criterion] by /roslaunch
[rosmaster.master][INFO] 2023-11-07 17:05:18,435: +PARAM [/svo/kfselect_numkfs_upper_thresh] by /roslaunch
[rosmaster.master][INFO] 2023-11-07 17:05:18,435: +PARAM [/svo/kfselect_numkfs_lower_thresh] by /roslaunch
[rosmaster.master][INFO] 2023-11-07 17:05:18,435: +PARAM [/svo/kfselect_min_dist_metric] by /roslaunch
[rosmaster.master][INFO] 2023-11-07 17:05:18,436: +PARAM [/svo/kfselect_min_angle] by /roslaunch
[rosmaster.master][INFO] 2023-11-07 17:05:18,436: +PARAM [/svo/kfselect_min_disparity] by /roslaunch
[rosmaster.master][INFO] 2023-11-07 17:05:18,436: +PARAM [/svo/update_seeds_with_old_keyframes] by /roslaunch
[rosmaster.master][INFO] 2023-11-07 17:05:18,436: +PARAM [/svo/img_align_est_illumination_gain] by /roslaunch
[rosmaster.master][INFO] 2023-11-07 17:05:18,436: +PARAM [/svo/img_align_est_illumination_offset] by /roslaunch
[rosmaster.master][INFO] 2023-11-07 17:05:18,436: +PARAM [/svo/depth_filter_affine_est_offset] by /roslaunch
[rosmaster.master][INFO] 2023-11-07 17:05:18,436: +PARAM [/svo/depth_filter_affine_est_gain] by /roslaunch
[rosmaster.master][INFO] 2023-11-07 17:05:18,436: +PARAM [/svo/reprojector_affine_est_offset] by /roslaunch
[rosmaster.master][INFO] 2023-11-07 17:05:18,436: +PARAM [/svo/reprojector_affine_est_gain] by /roslaunch
[rosmaster.master][INFO] 2023-11-07 17:05:18,436: +PARAM [/svo/init_min_disparity] by /roslaunch
[rosmaster.master][INFO] 2023-11-07 17:05:18,436: +PARAM [/svo/grid_size] by /roslaunch
[rosmaster.master][INFO] 2023-11-07 17:05:18,437: +PARAM [/svo/n_pyr_levels] by /roslaunch
[rosmaster.master][INFO] 2023-11-07 17:05:18,437: +PARAM [/svo/detector_threshold_primary] by /roslaunch
[rosmaster.master][INFO] 2023-11-07 17:05:18,437: +PARAM [/svo/detector_threshold_secondary] by /roslaunch
[rosmaster.master][INFO] 2023-11-07 17:05:18,437: +PARAM [/svo/img_align_max_level] by /roslaunch
[rosmaster.master][INFO] 2023-11-07 17:05:18,437: +PARAM [/svo/img_align_min_level] by /roslaunch
[rosmaster.master][INFO] 2023-11-07 17:05:18,437: +PARAM [/svo/use_async_reprojectors] by /roslaunch
[rosmaster.master][INFO] 2023-11-07 17:05:18,437: +PARAM [/svo/reprojector_max_n_kfs] by /roslaunch
[rosmaster.master][INFO] 2023-11-07 17:05:18,437: +PARAM [/svo/scan_epi_unit_sphere] by /roslaunch
[rosmaster.master][INFO] 2023-11-07 17:05:18,437: +PARAM [/svo/poseoptim_thresh] by /roslaunch
[rosmaster.master][INFO] 2023-11-07 17:05:18,437: +PARAM [/svo/poseoptim_using_unit_sphere] by /roslaunch
[rosmaster.master][INFO] 2023-11-07 17:05:18,437: +PARAM [/svo/seed_convergence_sigma2_thresh] by /roslaunch
[rosmaster.master][INFO] 2023-11-07 17:05:18,438: +PARAM [/svo/use_imu] by /roslaunch
[rosmaster.master][INFO] 2023-11-07 17:05:18,438: +PARAM [/svo/poseoptim_prior_lambda] by /roslaunch
[rosmaster.master][INFO] 2023-11-07 17:05:18,438: +PARAM [/svo/img_align_prior_lambda_rot] by /roslaunch
[rosmaster.master][INFO] 2023-11-07 17:05:18,438: +PARAM [/svo/img_align_prior_lambda_trans] by /roslaunch
[rosmaster.master][INFO] 2023-11-07 17:05:18,438: +PARAM [/svo/publish_every_nth_dense_input] by /roslaunch
[rosmaster.master][INFO] 2023-11-07 17:05:18,438: +PARAM [/svo/publish_marker_scale] by /roslaunch
[rosmaster.master][INFO] 2023-11-07 17:05:18,438: +PARAM [/svo/max_depth_inv] by /roslaunch
[rosmaster.master][INFO] 2023-11-07 17:05:18,438: +PARAM [/svo/min_depth_inv] by /roslaunch
[rosmaster.master][INFO] 2023-11-07 17:05:18,438: +PARAM [/svo/mean_depth_inv] by /roslaunch
[rosmaster.master][INFO] 2023-11-07 17:05:18,438: +PARAM [/svo/use_ceres_backend] by /roslaunch
[rosmaster.master][INFO] 2023-11-07 17:05:18,438: +PARAM [/svo/cam0_topic] by /roslaunch
[rosmaster.master][INFO] 2023-11-07 17:05:18,438: +PARAM [/svo/calib_file] by /roslaunch
[rosmaster.master][INFO] 2023-11-07 17:05:18,439: +PARAM [/svo/init_rx] by /roslaunch
[rosmaster.master][INFO] 2023-11-07 17:05:18,439: +PARAM [/svo/init_ry] by /roslaunch
[rosmaster.master][INFO] 2023-11-07 17:05:18,439: +PARAM [/svo/init_rz] by /roslaunch
[rosmaster.master][INFO] 2023-11-07 17:05:18,859: +PUB [/rosout] /svo http://ubuntu:34999/
[rosmaster.master][INFO] 2023-11-07 17:05:18,861: +SERVICE [/svo/get_loggers] /svo http://ubuntu:34999/
[rosmaster.master][INFO] 2023-11-07 17:05:18,864: +SERVICE [/svo/set_logger_level] /svo http://ubuntu:34999/
[rosmaster.master][INFO] 2023-11-07 17:05:18,872: +CACHEDPARAM [/rosout_disable_topics_generation] by /svo
[rosmaster.master][INFO] 2023-11-07 17:05:18,903: publisherUpdate[/rosout] -> http://ubuntu:37829/ ['http://ubuntu:42059/', 'http://ubuntu:40903/', 'http://ubuntu:43499/', 'http://ubuntu:34999/']
[rosmaster.master][INFO] 2023-11-07 17:05:18,905: publisherUpdate[/rosout] -> http://ubuntu:37829/ ['http://ubuntu:42059/', 'http://ubuntu:40903/', 'http://ubuntu:43499/', 'http://ubuntu:34999/']: sec=0.00, result=[1, '', 0]
[rosmaster.master][INFO] 2023-11-07 17:05:19,070: +PUB [/tf] /svo http://ubuntu:34999/
[rosmaster.master][INFO] 2023-11-07 17:05:19,085: +PUB [/svo/keyframes] /svo http://ubuntu:34999/
[rosmaster.master][INFO] 2023-11-07 17:05:19,086: +PUB [/svo/points] /svo http://ubuntu:34999/
[rosmaster.master][INFO] 2023-11-07 17:05:19,087: +PUB [/svo/pose_imu] /svo http://ubuntu:34999/
[rosmaster.master][INFO] 2023-11-07 17:05:19,091: +PUB [/svo/info] /svo http://ubuntu:34999/
[rosmaster.master][INFO] 2023-11-07 17:05:19,092: +PUB [/svo/markers] /svo http://ubuntu:34999/
[rosmaster.master][INFO] 2023-11-07 17:05:19,092: +PUB [/svo/pointcloud] /svo http://ubuntu:34999/
[rosmaster.master][INFO] 2023-11-07 17:05:19,107: publisherUpdate[/tf] -> http://ubuntu:43499/ ['http://ubuntu:40903/', 'http://ubuntu:34999/']
[rosmaster.master][INFO] 2023-11-07 17:05:19,112: publisherUpdate[/tf] -> http://ubuntu:43499/ ['http://ubuntu:40903/', 'http://ubuntu:34999/']: sec=0.00, result=[1, '', 0]
[rosmaster.master][INFO] 2023-11-07 17:05:19,112: publisherUpdate[/svo/keyframes] -> http://ubuntu:43499/ ['http://ubuntu:34999/']
[rosmaster.master][INFO] 2023-11-07 17:05:19,114: publisherUpdate[/svo/keyframes] -> http://ubuntu:43499/ ['http://ubuntu:34999/']: sec=0.00, result=[1, '', 0]
[rosmaster.master][INFO] 2023-11-07 17:05:19,114: publisherUpdate[/svo/points] -> http://ubuntu:43499/ ['http://ubuntu:34999/']
[rosmaster.master][INFO] 2023-11-07 17:05:19,116: publisherUpdate[/svo/points] -> http://ubuntu:43499/ ['http://ubuntu:34999/']: sec=0.00, result=[1, '', 0]
[rosmaster.master][INFO] 2023-11-07 17:05:19,133: +PUB [/svo/dense_input/0] /svo http://ubuntu:34999/
[rosmaster.master][INFO] 2023-11-07 17:05:19,140: +PUB [/svo/image/0/compressedDepth] /svo http://ubuntu:34999/
[rosmaster.master][INFO] 2023-11-07 17:05:19,141: +SERVICE [/svo/image/0/compressedDepth/set_parameters] /svo http://ubuntu:34999/
[rosmaster.master][INFO] 2023-11-07 17:05:19,141: +PUB [/svo/image/0/compressedDepth/parameter_descriptions] /svo http://ubuntu:34999/
[rosmaster.master][INFO] 2023-11-07 17:05:19,142: +PUB [/svo/image/0/compressedDepth/parameter_updates] /svo http://ubuntu:34999/
[rosmaster.master][INFO] 2023-11-07 17:05:19,145: +PARAM [/svo/image/0/compressedDepth/format] by /svo
[rosmaster.master][INFO] 2023-11-07 17:05:19,146: +PARAM [/svo/image/0/compressedDepth/depth_max] by /svo
[rosmaster.master][INFO] 2023-11-07 17:05:19,146: +PARAM [/svo/image/0/compressedDepth/depth_quantization] by /svo
[rosmaster.master][INFO] 2023-11-07 17:05:19,147: +PARAM [/svo/image/0/compressedDepth/png_level] by /svo
[rosmaster.master][INFO] 2023-11-07 17:05:19,148: +PARAM [/svo/image/0/compressedDepth/format] by /svo
[rosmaster.master][INFO] 2023-11-07 17:05:19,154: +PARAM [/svo/image/0/compressedDepth/depth_max] by /svo
[rosmaster.master][INFO] 2023-11-07 17:05:19,155: +PARAM [/svo/image/0/compressedDepth/depth_quantization] by /svo
[rosmaster.master][INFO] 2023-11-07 17:05:19,156: +PARAM [/svo/image/0/compressedDepth/png_level] by /svo
[rosmaster.master][INFO] 2023-11-07 17:05:19,161: +PUB [/svo/image/0/compressed] /svo http://ubuntu:34999/
[rosmaster.master][INFO] 2023-11-07 17:05:19,162: +SERVICE [/svo/image/0/compressed/set_parameters] /svo http://ubuntu:34999/
[rosmaster.master][INFO] 2023-11-07 17:05:19,163: +PUB [/svo/image/0/compressed/parameter_descriptions] /svo http://ubuntu:34999/
[rosmaster.master][INFO] 2023-11-07 17:05:19,164: +PUB [/svo/image/0/compressed/parameter_updates] /svo http://ubuntu:34999/
[rosmaster.master][INFO] 2023-11-07 17:05:19,173: +PARAM [/svo/image/0/compressed/format] by /svo
[rosmaster.master][INFO] 2023-11-07 17:05:19,173: +PARAM [/svo/image/0/compressed/jpeg_quality] by /svo
[rosmaster.master][INFO] 2023-11-07 17:05:19,174: +PARAM [/svo/image/0/compressed/jpeg_progressive] by /svo
[rosmaster.master][INFO] 2023-11-07 17:05:19,174: +PARAM [/svo/image/0/compressed/jpeg_optimize] by /svo
[rosmaster.master][INFO] 2023-11-07 17:05:19,175: +PARAM [/svo/image/0/compressed/jpeg_restart_interval] by /svo
[rosmaster.master][INFO] 2023-11-07 17:05:19,175: +PARAM [/svo/image/0/compressed/png_level] by /svo
[rosmaster.master][INFO] 2023-11-07 17:05:19,176: +PARAM [/svo/image/0/compressed/format] by /svo
[rosmaster.master][INFO] 2023-11-07 17:05:19,177: +PARAM [/svo/image/0/compressed/jpeg_quality] by /svo
[rosmaster.master][INFO] 2023-11-07 17:05:19,177: +PARAM [/svo/image/0/compressed/jpeg_progressive] by /svo
[rosmaster.master][INFO] 2023-11-07 17:05:19,179: +PARAM [/svo/image/0/compressed/jpeg_optimize] by /svo
[rosmaster.master][INFO] 2023-11-07 17:05:19,180: +PARAM [/svo/image/0/compressed/jpeg_restart_interval] by /svo
[rosmaster.master][INFO] 2023-11-07 17:05:19,180: +PARAM [/svo/image/0/compressed/png_level] by /svo
[rosmaster.master][INFO] 2023-11-07 17:05:19,189: +PUB [/svo/image/0] /svo http://ubuntu:34999/
[rosmaster.master][INFO] 2023-11-07 17:05:19,196: +PUB [/svo/image/0/theora] /svo http://ubuntu:34999/
[rosmaster.master][INFO] 2023-11-07 17:05:19,197: +SERVICE [/svo/image/0/theora/set_parameters] /svo http://ubuntu:34999/
[rosmaster.master][INFO] 2023-11-07 17:05:19,197: +PUB [/svo/image/0/theora/parameter_descriptions] /svo http://ubuntu:34999/
[rosmaster.master][INFO] 2023-11-07 17:05:19,203: +PUB [/svo/image/0/theora/parameter_updates] /svo http://ubuntu:34999/
[rosmaster.master][INFO] 2023-11-07 17:05:19,206: +PARAM [/svo/image/0/theora/optimize_for] by /svo
[rosmaster.master][INFO] 2023-11-07 17:05:19,206: +PARAM [/svo/image/0/theora/target_bitrate] by /svo
[rosmaster.master][INFO] 2023-11-07 17:05:19,207: +PARAM [/svo/image/0/theora/quality] by /svo
[rosmaster.master][INFO] 2023-11-07 17:05:19,208: +PARAM [/svo/image/0/theora/keyframe_frequency] by /svo
[rosmaster.master][INFO] 2023-11-07 17:05:19,209: +PARAM [/svo/image/0/theora/optimize_for] by /svo
[rosmaster.master][INFO] 2023-11-07 17:05:19,209: publisherUpdate[/svo/image/0] -> http://ubuntu:43499/ ['http://ubuntu:34999/']
[rosmaster.master][INFO] 2023-11-07 17:05:19,209: +PARAM [/svo/image/0/theora/target_bitrate] by /svo
[rosmaster.master][INFO] 2023-11-07 17:05:19,210: +PARAM [/svo/image/0/theora/quality] by /svo
[rosmaster.master][INFO] 2023-11-07 17:05:19,211: +PARAM [/svo/image/0/theora/keyframe_frequency] by /svo
[rosmaster.master][INFO] 2023-11-07 17:05:19,212: +PUB [/svo/pose_cam/0] /svo http://ubuntu:34999/
[rosmaster.master][INFO] 2023-11-07 17:05:19,213: publisherUpdate[/svo/image/0] -> http://ubuntu:43499/ ['http://ubuntu:34999/']: sec=0.00, result=[1, '', 0]
[rosmaster.master][INFO] 2023-11-07 17:05:19,214: +PUB [/svo/loop_closures] /svo http://ubuntu:34999/
[rosmaster.master][INFO] 2023-11-07 17:05:19,214: +PUB [/svo/pose_graph] /svo http://ubuntu:34999/
[rosmaster.master][INFO] 2023-11-07 17:05:19,215: +PUB [/svo/pose_graph_pointcloud] /svo http://ubuntu:34999/
[rosmaster.master][INFO] 2023-11-07 17:05:19,216: publisherUpdate[/svo/loop_closures] -> http://ubuntu:43499/ ['http://ubuntu:34999/']
[rosmaster.master][INFO] 2023-11-07 17:05:19,218: publisherUpdate[/svo/loop_closures] -> http://ubuntu:43499/ ['http://ubuntu:34999/']: sec=0.00, result=[1, '', 0]
[rosmaster.master][INFO] 2023-11-07 17:05:19,218: publisherUpdate[/svo/pose_graph] -> http://ubuntu:43499/ ['http://ubuntu:34999/']
[rosmaster.master][INFO] 2023-11-07 17:05:19,219: publisherUpdate[/svo/pose_graph] -> http://ubuntu:43499/ ['http://ubuntu:34999/']: sec=0.00, result=[1, '', 0]
[rosmaster.master][INFO] 2023-11-07 17:05:19,219: publisherUpdate[/svo/pose_graph_pointcloud] -> http://ubuntu:43499/ ['http://ubuntu:34999/']
[rosmaster.master][INFO] 2023-11-07 17:05:19,221: publisherUpdate[/svo/pose_graph_pointcloud] -> http://ubuntu:43499/ ['http://ubuntu:34999/']: sec=0.00, result=[1, '', 0]
[rosmaster.master][INFO] 2023-11-07 17:05:19,230: +SUB [/svo/remote_key] /svo http://ubuntu:34999/
[rosmaster.master][INFO] 2023-11-07 17:05:19,243: +SUB [/camera/infra1/image_rect_raw] /svo http://ubuntu:34999/
[rosmaster.master][INFO] 2023-11-07 17:05:32,161: -PUB [/rosout] /svo http://ubuntu:34999/
[rosmaster.master][INFO] 2023-11-07 17:05:32,161: publisherUpdate[/rosout] -> http://ubuntu:37829/ ['http://ubuntu:42059/', 'http://ubuntu:40903/', 'http://ubuntu:43499/']
[rosmaster.master][INFO] 2023-11-07 17:05:32,163: -PUB [/tf] /svo http://ubuntu:34999/
[rosmaster.master][INFO] 2023-11-07 17:05:32,164: publisherUpdate[/rosout] -> http://ubuntu:37829/ ['http://ubuntu:42059/', 'http://ubuntu:40903/', 'http://ubuntu:43499/']: sec=0.00, result=[1, '', 0]
[rosmaster.master][INFO] 2023-11-07 17:05:32,164: -PUB [/svo/keyframes] /svo http://ubuntu:34999/
[rosmaster.master][INFO] 2023-11-07 17:05:32,166: publisherUpdate[/tf] -> http://ubuntu:43499/ ['http://ubuntu:40903/']
[rosmaster.master][INFO] 2023-11-07 17:05:32,169: -PUB [/svo/points] /svo http://ubuntu:34999/
[rosmaster.master][INFO] 2023-11-07 17:05:32,170: -PUB [/svo/pose_imu] /svo http://ubuntu:34999/
[rosmaster.master][INFO] 2023-11-07 17:05:32,171: publisherUpdate[/tf] -> http://ubuntu:43499/ ['http://ubuntu:40903/']: sec=0.00, result=[1, '', 0]
[rosmaster.master][INFO] 2023-11-07 17:05:32,171: -PUB [/svo/info] /svo http://ubuntu:34999/
[rosmaster.master][INFO] 2023-11-07 17:05:32,171: publisherUpdate[/svo/keyframes] -> http://ubuntu:43499/ []
[rosmaster.master][INFO] 2023-11-07 17:05:32,172: -PUB [/svo/markers] /svo http://ubuntu:34999/
[rosmaster.master][INFO] 2023-11-07 17:05:32,173: -PUB [/svo/pointcloud] /svo http://ubuntu:34999/
[rosmaster.master][INFO] 2023-11-07 17:05:32,174: publisherUpdate[/svo/keyframes] -> http://ubuntu:43499/ []: sec=0.00, result=[1, '', 0]
[rosmaster.master][INFO] 2023-11-07 17:05:32,174: publisherUpdate[/svo/points] -> http://ubuntu:43499/ []
[rosmaster.master][INFO] 2023-11-07 17:05:32,175: -PUB [/svo/dense_input/0] /svo http://ubuntu:34999/
[rosmaster.master][INFO] 2023-11-07 17:05:32,176: -PUB [/svo/image/0/compressedDepth] /svo http://ubuntu:34999/
[rosmaster.master][INFO] 2023-11-07 17:05:32,177: -PUB [/svo/image/0/compressedDepth/parameter_descriptions] /svo http://ubuntu:34999/
[rosmaster.master][INFO] 2023-11-07 17:05:32,177: publisherUpdate[/svo/points] -> http://ubuntu:43499/ []: sec=0.00, result=[1, '', 0]
[rosmaster.master][INFO] 2023-11-07 17:05:32,178: -PUB [/svo/image/0/compressedDepth/parameter_updates] /svo http://ubuntu:34999/
[rosmaster.master][INFO] 2023-11-07 17:05:32,178: -PUB [/svo/image/0/compressed] /svo http://ubuntu:34999/
[rosmaster.master][INFO] 2023-11-07 17:05:32,179: -PUB [/svo/image/0/compressed/parameter_descriptions] /svo http://ubuntu:34999/
[rosmaster.master][INFO] 2023-11-07 17:05:32,180: -PUB [/svo/image/0/compressed/parameter_updates] /svo http://ubuntu:34999/
[rosmaster.master][INFO] 2023-11-07 17:05:32,180: -PUB [/svo/image/0] /svo http://ubuntu:34999/
[rosmaster.master][INFO] 2023-11-07 17:05:32,181: -PUB [/svo/image/0/theora] /svo http://ubuntu:34999/
[rosmaster.master][INFO] 2023-11-07 17:05:32,182: -PUB [/svo/image/0/theora/parameter_descriptions] /svo http://ubuntu:34999/
[rosmaster.master][INFO] 2023-11-07 17:05:32,182: -PUB [/svo/image/0/theora/parameter_updates] /svo http://ubuntu:34999/
[rosmaster.master][INFO] 2023-11-07 17:05:32,183: -PUB [/svo/pose_cam/0] /svo http://ubuntu:34999/
[rosmaster.master][INFO] 2023-11-07 17:05:32,183: -PUB [/svo/loop_closures] /svo http://ubuntu:34999/
[rosmaster.master][INFO] 2023-11-07 17:05:32,184: -PUB [/svo/pose_graph] /svo http://ubuntu:34999/
[rosmaster.master][INFO] 2023-11-07 17:05:32,185: -PUB [/svo/pose_graph_pointcloud] /svo http://ubuntu:34999/
[rosmaster.master][INFO] 2023-11-07 17:05:32,186: -SUB [/svo/remote_key] /svo http://ubuntu:34999/
[rosmaster.master][INFO] 2023-11-07 17:05:32,187: -SUB [/camera/infra1/image_rect_raw] /svo http://ubuntu:34999/
[rosmaster.master][INFO] 2023-11-07 17:05:32,189: -SERVICE [/svo/get_loggers] /svo rosrpc://ubuntu:35477
[rosmaster.master][INFO] 2023-11-07 17:05:32,189: -SERVICE [/svo/set_logger_level] /svo rosrpc://ubuntu:35477
[rosmaster.master][INFO] 2023-11-07 17:05:32,192: -SERVICE [/svo/image/0/compressedDepth/set_parameters] /svo rosrpc://ubuntu:35477
[rosmaster.master][INFO] 2023-11-07 17:05:32,193: -SERVICE [/svo/image/0/compressed/set_parameters] /svo rosrpc://ubuntu:35477
[rosmaster.master][INFO] 2023-11-07 17:05:32,194: -SERVICE [/svo/image/0/theora/set_parameters] /svo rosrpc://ubuntu:35477
[rosmaster.master][INFO] 2023-11-07 17:05:32,195: -CACHEDPARAM [/rosout_disable_topics_generation] by /svo
[rosmaster.master][INFO] 2023-11-07 17:05:32,260: publisherUpdate[/svo/image/0] -> http://ubuntu:43499/ []
[rosmaster.master][INFO] 2023-11-07 17:05:32,262: publisherUpdate[/svo/image/0] -> http://ubuntu:43499/ []: sec=0.00, result=[1, '', 0]
[rosmaster.master][INFO] 2023-11-07 17:05:32,262: publisherUpdate[/svo/loop_closures] -> http://ubuntu:43499/ []
[rosmaster.master][INFO] 2023-11-07 17:05:32,263: publisherUpdate[/svo/loop_closures] -> http://ubuntu:43499/ []: sec=0.00, result=[1, '', 0]
[rosmaster.master][INFO] 2023-11-07 17:05:32,263: publisherUpdate[/svo/pose_graph] -> http://ubuntu:43499/ []
[rosmaster.master][INFO] 2023-11-07 17:05:32,265: publisherUpdate[/svo/pose_graph] -> http://ubuntu:43499/ []: sec=0.00, result=[1, '', 0]
[rosmaster.master][INFO] 2023-11-07 17:05:32,265: publisherUpdate[/svo/pose_graph_pointcloud] -> http://ubuntu:43499/ []
[rosmaster.master][INFO] 2023-11-07 17:05:32,266: publisherUpdate[/svo/pose_graph_pointcloud] -> http://ubuntu:43499/ []: sec=0.00, result=[1, '', 0]
[rosmaster.master][INFO] 2023-11-07 17:07:15,475: -SUB [/svo/image/0] /rviz_1699347843017038261 http://ubuntu:43499/
[rosmaster.master][INFO] 2023-11-07 17:07:15,477: -SUB [/camera/infra1/image_rect_raw] /rviz_1699347843017038261 http://ubuntu:43499/
[rosmaster.master][INFO] 2023-11-07 17:07:15,583: -SUB [/svo/visible_fixed_landmarks] /rviz_1699347843017038261 http://ubuntu:43499/
[rosmaster.master][INFO] 2023-11-07 17:07:15,586: -SUB [/svo/visible_fixed_landmarks_array] /rviz_1699347843017038261 http://ubuntu:43499/
[rosmaster.master][INFO] 2023-11-07 17:07:15,587: -SUB [/svo/global_map_pts] /rviz_1699347843017038261 http://ubuntu:43499/
[rosmaster.master][INFO] 2023-11-07 17:07:15,588: -SUB [/svo/global_map_query_kfs] /rviz_1699347843017038261 http://ubuntu:43499/
[rosmaster.master][INFO] 2023-11-07 17:07:15,589: -SUB [/svo/backend_points] /rviz_1699347843017038261 http://ubuntu:43499/
[rosmaster.master][INFO] 2023-11-07 17:07:15,590: -SUB [/svo/pose_graph_pointcloud] /rviz_1699347843017038261 http://ubuntu:43499/
[rosmaster.master][INFO] 2023-11-07 17:07:15,591: -SUB [/svo/pose_graph] /rviz_1699347843017038261 http://ubuntu:43499/
[rosmaster.master][INFO] 2023-11-07 17:07:15,592: -SUB [/svo/keyframes] /rviz_1699347843017038261 http://ubuntu:43499/
[rosmaster.master][INFO] 2023-11-07 17:07:15,592: -SUB [/svo/keyframes_array] /rviz_1699347843017038261 http://ubuntu:43499/
[rosmaster.master][INFO] 2023-11-07 17:07:15,598: -SUB [/svo/loop_closures] /rviz_1699347843017038261 http://ubuntu:43499/
[rosmaster.master][INFO] 2023-11-07 17:07:15,599: -SUB [/svo/loop_closures_array] /rviz_1699347843017038261 http://ubuntu:43499/
[rosmaster.master][INFO] 2023-11-07 17:07:15,602: -SUB [/svo/backend_pose_imu_viz] /rviz_1699347843017038261 http://ubuntu:43499/
[rosmaster.master][INFO] 2023-11-07 17:07:15,604: -SUB [/svo/points] /rviz_1699347843017038261 http://ubuntu:43499/
[rosmaster.master][INFO] 2023-11-07 17:07:15,605: -SUB [/svo/points_array] /rviz_1699347843017038261 http://ubuntu:43499/
[rosmaster.master][INFO] 2023-11-07 17:07:15,649: -PUB [/clicked_point] /rviz_1699347843017038261 http://ubuntu:43499/
[rosmaster.master][INFO] 2023-11-07 17:07:15,652: -PUB [/move_base_simple/goal] /rviz_1699347843017038261 http://ubuntu:43499/
[rosmaster.master][INFO] 2023-11-07 17:07:15,653: -PUB [/initialpose] /rviz_1699347843017038261 http://ubuntu:43499/
[rosmaster.master][INFO] 2023-11-07 17:07:15,660: -SUB [/tf_static] /rviz_1699347843017038261 http://ubuntu:43499/
[rosmaster.master][INFO] 2023-11-07 17:07:15,663: -SUB [/tf] /rviz_1699347843017038261 http://ubuntu:43499/
[rosmaster.master][INFO] 2023-11-07 17:07:15,670: -SERVICE [/rviz_1699347843017038261/save_config] /rviz_1699347843017038261 rosrpc://ubuntu:50463
[rosmaster.master][INFO] 2023-11-07 17:07:15,671: -SERVICE [/rviz_1699347843017038261/load_config_discarding_changes] /rviz_1699347843017038261 rosrpc://ubuntu:50463
[rosmaster.master][INFO] 2023-11-07 17:07:15,672: -SERVICE [/rviz_1699347843017038261/load_config] /rviz_1699347843017038261 rosrpc://ubuntu:50463
[rosmaster.master][INFO] 2023-11-07 17:07:15,674: -SERVICE [/rviz_1699347843017038261/reload_shaders] /rviz_1699347843017038261 rosrpc://ubuntu:50463
[rosmaster.master][INFO] 2023-11-07 17:07:15,820: -PUB [/rosout] /rviz_1699347843017038261 http://ubuntu:43499/
[rosmaster.master][INFO] 2023-11-07 17:07:15,821: -SERVICE [/rviz_1699347843017038261/get_loggers] /rviz_1699347843017038261 rosrpc://ubuntu:50463
[rosmaster.master][INFO] 2023-11-07 17:07:15,822: -SERVICE [/rviz_1699347843017038261/set_logger_level] /rviz_1699347843017038261 rosrpc://ubuntu:50463
[rosmaster.master][INFO] 2023-11-07 17:07:15,822: -CACHEDPARAM [/rosout_disable_topics_generation] by /rviz_1699347843017038261
[rosmaster.master][INFO] 2023-11-07 17:07:15,864: publisherUpdate[/rosout] -> http://ubuntu:37829/ ['http://ubuntu:42059/', 'http://ubuntu:40903/']
[rosmaster.master][INFO] 2023-11-07 17:07:15,866: publisherUpdate[/rosout] -> http://ubuntu:37829/ ['http://ubuntu:42059/', 'http://ubuntu:40903/']: sec=0.00, result=[1, '', 0]
[rosmaster.master][INFO] 2023-11-07 17:07:19,114: -PUB [/rosout] /camera/realsense2_camera_manager http://ubuntu:40903/
[rosmaster.master][INFO] 2023-11-07 17:07:19,117: -PUB [/camera/realsense2_camera_manager/bond] /camera/realsense2_camera_manager http://ubuntu:40903/
[rosmaster.master][INFO] 2023-11-07 17:07:19,118: -PUB [/tf_static] /camera/realsense2_camera_manager http://ubuntu:40903/
[rosmaster.master][INFO] 2023-11-07 17:07:19,119: -PUB [/tf] /camera/realsense2_camera_manager http://ubuntu:40903/
[rosmaster.master][INFO] 2023-11-07 17:07:19,119: -PUB [/camera/stereo_module/parameter_descriptions] /camera/realsense2_camera_manager http://ubuntu:40903/
[rosmaster.master][INFO] 2023-11-07 17:07:19,120: -PUB [/camera/stereo_module/parameter_updates] /camera/realsense2_camera_manager http://ubuntu:40903/
[rosmaster.master][INFO] 2023-11-07 17:07:19,121: -PUB [/camera/rgb_camera/parameter_descriptions] /camera/realsense2_camera_manager http://ubuntu:40903/
[rosmaster.master][INFO] 2023-11-07 17:07:19,121: -PUB [/camera/rgb_camera/parameter_updates] /camera/realsense2_camera_manager http://ubuntu:40903/
[rosmaster.master][INFO] 2023-11-07 17:07:19,122: -PUB [/diagnostics] /camera/realsense2_camera_manager http://ubuntu:40903/
[rosmaster.master][INFO] 2023-11-07 17:07:19,123: -PUB [/camera/depth/image_rect_raw/compressedDepth] /camera/realsense2_camera_manager http://ubuntu:40903/
[rosmaster.master][INFO] 2023-11-07 17:07:19,124: -PUB [/camera/depth/image_rect_raw/compressedDepth/parameter_descriptions] /camera/realsense2_camera_manager http://ubuntu:40903/
[rosmaster.master][INFO] 2023-11-07 17:07:19,125: -PUB [/camera/depth/image_rect_raw/compressedDepth/parameter_updates] /camera/realsense2_camera_manager http://ubuntu:40903/
[rosmaster.master][INFO] 2023-11-07 17:07:19,125: -PUB [/camera/depth/image_rect_raw/compressed] /camera/realsense2_camera_manager http://ubuntu:40903/
[rosmaster.master][INFO] 2023-11-07 17:07:19,126: -PUB [/camera/depth/image_rect_raw/compressed/parameter_descriptions] /camera/realsense2_camera_manager http://ubuntu:40903/
[rosmaster.master][INFO] 2023-11-07 17:07:19,128: -PUB [/camera/depth/image_rect_raw/compressed/parameter_updates] /camera/realsense2_camera_manager http://ubuntu:40903/
[rosmaster.master][INFO] 2023-11-07 17:07:19,129: -PUB [/camera/depth/image_rect_raw] /camera/realsense2_camera_manager http://ubuntu:40903/
[rosmaster.master][INFO] 2023-11-07 17:07:19,130: -PUB [/camera/depth/image_rect_raw/theora] /camera/realsense2_camera_manager http://ubuntu:40903/
[rosmaster.master][INFO] 2023-11-07 17:07:19,130: -PUB [/camera/depth/image_rect_raw/theora/parameter_descriptions] /camera/realsense2_camera_manager http://ubuntu:40903/
[rosmaster.master][INFO] 2023-11-07 17:07:19,131: -PUB [/camera/depth/image_rect_raw/theora/parameter_updates] /camera/realsense2_camera_manager http://ubuntu:40903/
[rosmaster.master][INFO] 2023-11-07 17:07:19,132: -PUB [/camera/depth/camera_info] /camera/realsense2_camera_manager http://ubuntu:40903/
[rosmaster.master][INFO] 2023-11-07 17:07:19,132: -PUB [/camera/depth/metadata] /camera/realsense2_camera_manager http://ubuntu:40903/
[rosmaster.master][INFO] 2023-11-07 17:07:19,133: -PUB [/camera/infra1/image_rect_raw/compressedDepth] /camera/realsense2_camera_manager http://ubuntu:40903/
[rosmaster.master][INFO] 2023-11-07 17:07:19,138: -PUB [/camera/infra1/image_rect_raw/compressedDepth/parameter_descriptions] /camera/realsense2_camera_manager http://ubuntu:40903/
[rosmaster.master][INFO] 2023-11-07 17:07:19,140: -PUB [/camera/infra1/image_rect_raw/compressedDepth/parameter_updates] /camera/realsense2_camera_manager http://ubuntu:40903/
[rosmaster.master][INFO] 2023-11-07 17:07:19,141: -PUB [/camera/infra1/image_rect_raw/compressed] /camera/realsense2_camera_manager http://ubuntu:40903/
[rosmaster.master][INFO] 2023-11-07 17:07:19,141: -PUB [/camera/infra1/image_rect_raw/compressed/parameter_descriptions] /camera/realsense2_camera_manager http://ubuntu:40903/
[rosmaster.master][INFO] 2023-11-07 17:07:19,142: -PUB [/camera/infra1/image_rect_raw/compressed/parameter_updates] /camera/realsense2_camera_manager http://ubuntu:40903/
[rosmaster.master][INFO] 2023-11-07 17:07:19,142: -PUB [/camera/infra1/image_rect_raw] /camera/realsense2_camera_manager http://ubuntu:40903/
[rosmaster.master][INFO] 2023-11-07 17:07:19,145: -PUB [/camera/infra1/image_rect_raw/theora] /camera/realsense2_camera_manager http://ubuntu:40903/
[rosmaster.master][INFO] 2023-11-07 17:07:19,146: -PUB [/camera/infra1/image_rect_raw/theora/parameter_descriptions] /camera/realsense2_camera_manager http://ubuntu:40903/
[rosmaster.master][INFO] 2023-11-07 17:07:19,150: -PUB [/camera/infra1/image_rect_raw/theora/parameter_updates] /camera/realsense2_camera_manager http://ubuntu:40903/
[rosmaster.master][INFO] 2023-11-07 17:07:19,151: -PUB [/camera/infra1/camera_info] /camera/realsense2_camera_manager http://ubuntu:40903/
[rosmaster.master][INFO] 2023-11-07 17:07:19,159: -PUB [/camera/infra1/metadata] /camera/realsense2_camera_manager http://ubuntu:40903/
[rosmaster.master][INFO] 2023-11-07 17:07:19,160: -PUB [/camera/infra2/image_rect_raw/compressedDepth] /camera/realsense2_camera_manager http://ubuntu:40903/
[rosmaster.master][INFO] 2023-11-07 17:07:19,161: -PUB [/camera/infra2/image_rect_raw/compressedDepth/parameter_descriptions] /camera/realsense2_camera_manager http://ubuntu:40903/
[rosmaster.master][INFO] 2023-11-07 17:07:19,162: -PUB [/camera/infra2/image_rect_raw/compressedDepth/parameter_updates] /camera/realsense2_camera_manager http://ubuntu:40903/
[rosmaster.master][INFO] 2023-11-07 17:07:19,163: -PUB [/camera/infra2/image_rect_raw/compressed] /camera/realsense2_camera_manager http://ubuntu:40903/
[rosmaster.master][INFO] 2023-11-07 17:07:19,163: -PUB [/camera/infra2/image_rect_raw/compressed/parameter_descriptions] /camera/realsense2_camera_manager http://ubuntu:40903/
[rosmaster.master][INFO] 2023-11-07 17:07:19,164: -PUB [/camera/infra2/image_rect_raw/compressed/parameter_updates] /camera/realsense2_camera_manager http://ubuntu:40903/
[rosmaster.master][INFO] 2023-11-07 17:07:19,165: -PUB [/camera/infra2/image_rect_raw] /camera/realsense2_camera_manager http://ubuntu:40903/
[rosmaster.master][INFO] 2023-11-07 17:07:19,166: -PUB [/camera/infra2/image_rect_raw/theora] /camera/realsense2_camera_manager http://ubuntu:40903/
[rosmaster.master][INFO] 2023-11-07 17:07:19,172: -PUB [/rosout_agg] /rosout http://ubuntu:37829/
[rosmaster.master][INFO] 2023-11-07 17:07:19,173: -SUB [/rosout] /rosout http://ubuntu:37829/
[rosmaster.master][INFO] 2023-11-07 17:07:19,173: publisherUpdate[/rosout] -> http://ubuntu:37829/ ['http://ubuntu:42059/']
[rosmaster.master][INFO] 2023-11-07 17:07:19,174: publisherUpdate[/camera/realsense2_camera_manager/bond] -> http://ubuntu:40903/ ['http://ubuntu:42059/']
[rosmaster.master][INFO] 2023-11-07 17:07:19,176: publisherUpdate[/camera/realsense2_camera_manager/bond] -> http://ubuntu:40903/ ['http://ubuntu:42059/']: sec=0.00, exception=<Fault -1: 'publisherUpdate: unknown method name'>
[rosmaster.master][INFO] 2023-11-07 17:07:19,174: -SERVICE [/rosout/get_loggers] /rosout rosrpc://ubuntu:55647
[rosmaster.master][INFO] 2023-11-07 17:07:19,192: -PUB [/camera/infra2/image_rect_raw/theora/parameter_descriptions] /camera/realsense2_camera_manager http://ubuntu:40903/
[rosmaster.master][INFO] 2023-11-07 17:07:19,180: publisherUpdate[/camera/realsense2_camera_manager/bond] -> http://ubuntu:42059/ ['http://ubuntu:42059/']
[rosmaster.master][INFO] 2023-11-07 17:07:19,191: publisherUpdate[/rosout] -> http://ubuntu:37829/ ['http://ubuntu:42059/']: sec=0.02, exception=<Fault -1: 'publisherUpdate: unknown method name'>
[rosmaster.master][INFO] 2023-11-07 17:07:19,192: -PUB [/camera/infra2/image_rect_raw/theora/parameter_updates] /camera/realsense2_camera_manager http://ubuntu:40903/
[rosmaster.threadpool][ERROR] 2023-11-07 17:07:19,194: Traceback (most recent call last):
  File "/opt/ros/noetic/lib/python3/dist-packages/rosmaster/threadpool.py", line 218, in run
    result = cmd(*args)
  File "/opt/ros/noetic/lib/python3/dist-packages/rosmaster/master_api.py", line 210, in publisher_update_task
    ret = xmlrpcapi(api).publisherUpdate('/master', topic, pub_uris)
  File "/usr/lib/python3.8/xmlrpc/client.py", line 1109, in __call__
    return self.__send(self.__name, args)
  File "/usr/lib/python3.8/xmlrpc/client.py", line 1450, in __request
    response = self.__transport.request(
  File "/usr/lib/python3.8/xmlrpc/client.py", line 1153, in request
    return self.single_request(host, handler, request_body, verbose)
  File "/usr/lib/python3.8/xmlrpc/client.py", line 1169, in single_request
    return self.parse_response(resp)
  File "/usr/lib/python3.8/xmlrpc/client.py", line 1341, in parse_response
    return u.close()
  File "/usr/lib/python3.8/xmlrpc/client.py", line 655, in close
    raise Fault(**self._stack[0])
xmlrpc.client.Fault: <Fault -1: 'publisherUpdate: unknown method name'>

[rosmaster.master][INFO] 2023-11-07 17:07:19,196: -SERVICE [/rosout/set_logger_level] /rosout rosrpc://ubuntu:55647
[rosmaster.master][INFO] 2023-11-07 17:07:19,196: publisherUpdate[/camera/realsense2_camera_manager/bond] -> http://ubuntu:42059/ ['http://ubuntu:42059/']: sec=0.00, result=[1, '', 0]
[rosmaster.threadpool][ERROR] 2023-11-07 17:07:19,196: Traceback (most recent call last):
  File "/opt/ros/noetic/lib/python3/dist-packages/rosmaster/threadpool.py", line 218, in run
    result = cmd(*args)
  File "/opt/ros/noetic/lib/python3/dist-packages/rosmaster/master_api.py", line 210, in publisher_update_task
    ret = xmlrpcapi(api).publisherUpdate('/master', topic, pub_uris)
  File "/usr/lib/python3.8/xmlrpc/client.py", line 1109, in __call__
    return self.__send(self.__name, args)
  File "/usr/lib/python3.8/xmlrpc/client.py", line 1450, in __request
    response = self.__transport.request(
  File "/usr/lib/python3.8/xmlrpc/client.py", line 1153, in request
    return self.single_request(host, handler, request_body, verbose)
  File "/usr/lib/python3.8/xmlrpc/client.py", line 1169, in single_request
    return self.parse_response(resp)
  File "/usr/lib/python3.8/xmlrpc/client.py", line 1341, in parse_response
    return u.close()
  File "/usr/lib/python3.8/xmlrpc/client.py", line 655, in close
    raise Fault(**self._stack[0])
xmlrpc.client.Fault: <Fault -1: 'publisherUpdate: unknown method name'>

[rosmaster.master][INFO] 2023-11-07 17:07:19,197: -PUB [/camera/infra2/camera_info] /camera/realsense2_camera_manager http://ubuntu:40903/
[rosmaster.master][INFO] 2023-11-07 17:07:19,198: -PUB [/camera/infra2/metadata] /camera/realsense2_camera_manager http://ubuntu:40903/
[rosmaster.master][INFO] 2023-11-07 17:07:19,199: -PUB [/camera/color/image_raw/compressedDepth] /camera/realsense2_camera_manager http://ubuntu:40903/
[rosmaster.master][INFO] 2023-11-07 17:07:19,199: -CACHEDPARAM [/rosout/omit_topics] by /rosout
[rosmaster.master][INFO] 2023-11-07 17:07:19,200: -PUB [/camera/color/image_raw/compressedDepth/parameter_descriptions] /camera/realsense2_camera_manager http://ubuntu:40903/
[rosmaster.master][INFO] 2023-11-07 17:07:19,200: -PUB [/camera/color/image_raw/compressedDepth/parameter_updates] /camera/realsense2_camera_manager http://ubuntu:40903/
[rosmaster.master][INFO] 2023-11-07 17:07:19,201: -PUB [/camera/color/image_raw/compressed] /camera/realsense2_camera_manager http://ubuntu:40903/
[rosmaster.master][INFO] 2023-11-07 17:07:19,202: -PUB [/camera/color/image_raw/compressed/parameter_descriptions] /camera/realsense2_camera_manager http://ubuntu:40903/
[rosmaster.master][INFO] 2023-11-07 17:07:19,202: -PUB [/camera/color/image_raw/compressed/parameter_updates] /camera/realsense2_camera_manager http://ubuntu:40903/
[rosmaster.master][INFO] 2023-11-07 17:07:19,203: -PUB [/camera/color/image_raw] /camera/realsense2_camera_manager http://ubuntu:40903/
[rosmaster.master][INFO] 2023-11-07 17:07:19,204: -PUB [/camera/color/image_raw/theora] /camera/realsense2_camera_manager http://ubuntu:40903/
[rosmaster.master][INFO] 2023-11-07 17:07:19,204: -PUB [/camera/color/image_raw/theora/parameter_descriptions] /camera/realsense2_camera_manager http://ubuntu:40903/
[rosmaster.master][INFO] 2023-11-07 17:07:19,205: -PUB [/camera/color/image_raw/theora/parameter_updates] /camera/realsense2_camera_manager http://ubuntu:40903/
[rosmaster.master][INFO] 2023-11-07 17:07:19,205: -PUB [/camera/color/camera_info] /camera/realsense2_camera_manager http://ubuntu:40903/
[rosmaster.master][INFO] 2023-11-07 17:07:19,206: -PUB [/camera/color/metadata] /camera/realsense2_camera_manager http://ubuntu:40903/
[rosmaster.master][INFO] 2023-11-07 17:07:19,214: -PUB [/camera/extrinsics/depth_to_color] /camera/realsense2_camera_manager http://ubuntu:40903/
[rosmaster.master][INFO] 2023-11-07 17:07:19,215: -PUB [/camera/extrinsics/depth_to_infra1] /camera/realsense2_camera_manager http://ubuntu:40903/
[rosmaster.master][INFO] 2023-11-07 17:07:19,216: -PUB [/camera/extrinsics/depth_to_infra2] /camera/realsense2_camera_manager http://ubuntu:40903/
[rosmaster.master][INFO] 2023-11-07 17:07:19,217: -PUB [/camera/stereo_module/auto_exposure_roi/parameter_descriptions] /camera/realsense2_camera_manager http://ubuntu:40903/
[rosmaster.master][INFO] 2023-11-07 17:07:19,218: -PUB [/camera/stereo_module/auto_exposure_roi/parameter_updates] /camera/realsense2_camera_manager http://ubuntu:40903/
[rosmaster.master][INFO] 2023-11-07 17:07:19,219: -PUB [/camera/rgb_camera/auto_exposure_roi/parameter_descriptions] /camera/realsense2_camera_manager http://ubuntu:40903/
[rosmaster.master][INFO] 2023-11-07 17:07:19,220: -PUB [/camera/rgb_camera/auto_exposure_roi/parameter_updates] /camera/realsense2_camera_manager http://ubuntu:40903/
[rosmaster.master][INFO] 2023-11-07 17:07:19,221: -SUB [/camera/realsense2_camera_manager/bond] /camera/realsense2_camera_manager http://ubuntu:40903/
[rosmaster.master][INFO] 2023-11-07 17:07:19,222: -SERVICE [/camera/realsense2_camera_manager/get_loggers] /camera/realsense2_camera_manager rosrpc://ubuntu:44499
[rosmaster.master][INFO] 2023-11-07 17:07:19,236: -SERVICE [/camera/realsense2_camera_manager/set_logger_level] /camera/realsense2_camera_manager rosrpc://ubuntu:44499
[rosmaster.master][INFO] 2023-11-07 17:07:19,238: -SERVICE [/camera/realsense2_camera_manager/load_nodelet] /camera/realsense2_camera_manager rosrpc://ubuntu:44499
[rosmaster.master][INFO] 2023-11-07 17:07:19,238: -SERVICE [/camera/realsense2_camera_manager/unload_nodelet] /camera/realsense2_camera_manager rosrpc://ubuntu:44499
[rosmaster.master][INFO] 2023-11-07 17:07:19,239: -SERVICE [/camera/realsense2_camera_manager/list] /camera/realsense2_camera_manager rosrpc://ubuntu:44499
[rosmaster.master][INFO] 2023-11-07 17:07:19,240: -SERVICE [/camera/enable] /camera/realsense2_camera_manager rosrpc://ubuntu:44499
[rosmaster.master][INFO] 2023-11-07 17:07:19,241: -SERVICE [/camera/realsense2_camera/reset] /camera/realsense2_camera_manager rosrpc://ubuntu:44499
[rosmaster.master][INFO] 2023-11-07 17:07:19,241: -SERVICE [/camera/stereo_module/set_parameters] /camera/realsense2_camera_manager rosrpc://ubuntu:44499
[rosmaster.master][INFO] 2023-11-07 17:07:19,242: -SERVICE [/camera/rgb_camera/set_parameters] /camera/realsense2_camera_manager rosrpc://ubuntu:44499
[rosmaster.master][INFO] 2023-11-07 17:07:19,242: -SERVICE [/camera/depth/image_rect_raw/compressedDepth/set_parameters] /camera/realsense2_camera_manager rosrpc://ubuntu:44499
[rosmaster.master][INFO] 2023-11-07 17:07:19,243: -SERVICE [/camera/depth/image_rect_raw/compressed/set_parameters] /camera/realsense2_camera_manager rosrpc://ubuntu:44499
[rosmaster.master][INFO] 2023-11-07 17:07:19,244: -SERVICE [/camera/depth/image_rect_raw/theora/set_parameters] /camera/realsense2_camera_manager rosrpc://ubuntu:44499
[rosmaster.master][INFO] 2023-11-07 17:07:19,244: -SERVICE [/camera/infra1/image_rect_raw/compressedDepth/set_parameters] /camera/realsense2_camera_manager rosrpc://ubuntu:44499
[rosmaster.master][INFO] 2023-11-07 17:07:19,245: -SERVICE [/camera/infra1/image_rect_raw/compressed/set_parameters] /camera/realsense2_camera_manager rosrpc://ubuntu:44499
[rosmaster.master][INFO] 2023-11-07 17:07:19,246: -SERVICE [/camera/infra1/image_rect_raw/theora/set_parameters] /camera/realsense2_camera_manager rosrpc://ubuntu:44499
[rosmaster.master][INFO] 2023-11-07 17:07:19,246: -SERVICE [/camera/infra2/image_rect_raw/compressedDepth/set_parameters] /camera/realsense2_camera_manager rosrpc://ubuntu:44499
[rosmaster.master][INFO] 2023-11-07 17:07:19,247: -SERVICE [/camera/infra2/image_rect_raw/compressed/set_parameters] /camera/realsense2_camera_manager rosrpc://ubuntu:44499
[rosmaster.master][INFO] 2023-11-07 17:07:19,247: -SERVICE [/camera/infra2/image_rect_raw/theora/set_parameters] /camera/realsense2_camera_manager rosrpc://ubuntu:44499
[rosmaster.master][INFO] 2023-11-07 17:07:19,248: -SERVICE [/camera/color/image_raw/compressedDepth/set_parameters] /camera/realsense2_camera_manager rosrpc://ubuntu:44499
[rosmaster.master][INFO] 2023-11-07 17:07:19,249: -SERVICE [/camera/color/image_raw/compressed/set_parameters] /camera/realsense2_camera_manager rosrpc://ubuntu:44499
[rosmaster.master][INFO] 2023-11-07 17:07:19,249: -SERVICE [/camera/color/image_raw/theora/set_parameters] /camera/realsense2_camera_manager rosrpc://ubuntu:44499
[rosmaster.master][INFO] 2023-11-07 17:07:19,250: -SERVICE [/camera/stereo_module/auto_exposure_roi/set_parameters] /camera/realsense2_camera_manager rosrpc://ubuntu:44499
[rosmaster.master][INFO] 2023-11-07 17:07:19,256: -SERVICE [/camera/rgb_camera/auto_exposure_roi/set_parameters] /camera/realsense2_camera_manager rosrpc://ubuntu:44499
[rosmaster.master][INFO] 2023-11-07 17:07:19,257: -SERVICE [/camera/realsense2_camera/device_info] /camera/realsense2_camera_manager rosrpc://ubuntu:44499
[rosmaster.master][INFO] 2023-11-07 17:07:19,259: -CACHEDPARAM [/camera/realsense2_camera_manager/diagnostic_period] by /camera/realsense2_camera_manager
[rosmaster.master][INFO] 2023-11-07 17:07:19,264: -CACHEDPARAM [/rosout_disable_topics_generation] by /camera/realsense2_camera_manager
[rosmaster.main][INFO] 2023-11-07 17:07:19,348: keyboard interrupt, will exit
[rosmaster.main][INFO] 2023-11-07 17:07:19,349: stopping master...
[rospy.core][INFO] 2023-11-07 17:07:19,349: signal_shutdown [atexit]
