1784969343.117470 [0]    python3: config: //CycloneDDS/Domain/General: 'NetworkInterfaceAddress': deprecated element (file:///tmp/go2_cyclonedds_eth0.xml line 4)
[INFO] [1784969343.752236837] [waypoint_follower]: enhanced waypoint_follower started
[INFO] [1784969343.756828378] [waypoint_follower]: route_file: /home/unitree/go2_fastlio_ws/patrol_logs/runs/20260725/xunjian-20260725-11/route_runtime.csv
[INFO] [1784969343.761224196] [waypoint_follower]: route points: 358
[INFO] [1784969343.765398465] [waypoint_follower]: loop_mode: pingpong
[INFO] [1784969343.770173186] [waypoint_follower]: lookahead_distance: 0.6
[INFO] [1784969343.774605198] [waypoint_follower]: reach_distance: 0.4
[INFO] [1784969343.825210500] [waypoint_follower]: FOLLOWER_EXACT_TRACE_READY file=/home/unitree/go2_fastlio_ws/patrol_logs/runs/20260725/xunjian-20260725-11/follower_control_trace.jsonl base_sha256=d205a596fc6118ad7fa191871c646173cb545ab4b136e46de360598e38261120
[INFO] [1784969343.830679311] [waypoint_follower]: FOLLOWER_MOTION_INTERLOCK_ACTIVE file=/home/unitree/go2_fastlio_ws/patrol_logs/runs/20260725/xunjian-20260725-11/.motion_enabled
[INFO] [1784969343.834704354] [waypoint_follower]: FOLLOWER_BODY_YAW_ALIGNMENT_ACTIVE topic=/lf/sportmodestate samples=10 max_spread_deg=2.000 max_age_s=0.250
[INFO] [1784969343.852651552] [waypoint_follower]: init nearest_index=0, distance_to_start=0.003
[INFO] [1784969344.194254701] [waypoint_follower]: FOLLOWER_ODOM_READY callbacks=5 age_ms=266.600 source_gap_ms=99.479
[INFO] [1784969345.094571047] [waypoint_follower]: FOLLOWER_BODY_YAW_READY offset_deg=-28.587227 spread_deg=0.050438 samples=10
[INFO] [1784969369.944597659] [waypoint_follower]: FOLLOWER_MOTION_INTERLOCK_RELEASED file=/home/unitree/go2_fastlio_ws/patrol_logs/runs/20260725/xunjian-20260725-11/.motion_enabled receive_age_ms=91.778 stamp_age_ms=283.159
[WARN] [1784969369.946232321] [waypoint_follower]: stuck recovery: nearest_index 0 -> 0
[INFO] [1784969369.947885095] [waypoint_follower]: nearest=0, target=2, dist=0.88, alpha=0.05, vx=0.50, yaw_rate=0.04, dir=1
[INFO] [1784969370.995190411] [waypoint_follower]: nearest=1, target=3, dist=0.98, alpha=0.00, vx=0.50, yaw_rate=0.00, dir=1
[INFO] [1784969372.045181122] [waypoint_follower]: nearest=2, target=4, dist=0.91, alpha=-0.02, vx=0.50, yaw_rate=-0.02, dir=1
[INFO] [1784969373.045282694] [waypoint_follower]: nearest=3, target=5, dist=0.87, alpha=-0.01, vx=0.50, yaw_rate=-0.01, dir=1
[INFO] [1784969374.045859582] [waypoint_follower]: nearest=4, target=6, dist=0.88, alpha=-0.03, vx=0.50, yaw_rate=-0.03, dir=1
[INFO] [1784969375.095064416] [waypoint_follower]: nearest=5, target=7, dist=0.77, alpha=0.02, vx=0.50, yaw_rate=0.01, dir=1
[INFO] [1784969376.145122165] [waypoint_follower]: nearest=6, target=8, dist=0.74, alpha=-0.03, vx=0.50, yaw_rate=-0.03, dir=1
[INFO] [1784969377.145133023] [waypoint_follower]: nearest=7, target=9, dist=0.69, alpha=-0.01, vx=0.50, yaw_rate=-0.01, dir=1
[INFO] [1784969378.195237636] [waypoint_follower]: nearest=8, target=10, dist=0.66, alpha=-0.08, vx=0.50, yaw_rate=-0.07, dir=1
[INFO] [1784969379.196346731] [waypoint_follower]: nearest=10, target=12, dist=1.02, alpha=-0.07, vx=0.50, yaw_rate=-0.06, dir=1
[INFO] [1784969380.246940485] [waypoint_follower]: nearest=11, target=13, dist=1.06, alpha=-0.04, vx=0.50, yaw_rate=-0.04, dir=1
[INFO] [1784969381.295108274] [waypoint_follower]: nearest=12, target=14, dist=1.06, alpha=-0.01, vx=0.50, yaw_rate=-0.01, dir=1
[INFO] [1784969382.296147239] [waypoint_follower]: nearest=13, target=15, dist=1.00, alpha=-0.02, vx=0.50, yaw_rate=-0.02, dir=1
[INFO] [1784969383.345335386] [waypoint_follower]: nearest=14, target=16, dist=0.97, alpha=0.01, vx=0.50, yaw_rate=0.01, dir=1
[INFO] [1784969384.345216009] [waypoint_follower]: nearest=15, target=17, dist=0.99, alpha=0.02, vx=0.50, yaw_rate=0.02, dir=1
[INFO] [1784969385.345969578] [waypoint_follower]: nearest=16, target=18, dist=0.97, alpha=0.02, vx=0.50, yaw_rate=0.01, dir=1
[INFO] [1784969386.395188241] [waypoint_follower]: nearest=17, target=19, dist=0.90, alpha=-0.05, vx=0.50, yaw_rate=-0.04, dir=1
[INFO] [1784969387.450392802] [waypoint_follower]: nearest=18, target=20, dist=0.89, alpha=-0.02, vx=0.50, yaw_rate=-0.02, dir=1
[INFO] [1784969388.445216745] [waypoint_follower]: nearest=19, target=21, dist=0.87, alpha=0.01, vx=0.50, yaw_rate=0.01, dir=1
[INFO] [1784969389.447161753] [waypoint_follower]: nearest=20, target=22, dist=0.81, alpha=-0.00, vx=0.50, yaw_rate=-0.00, dir=1
[INFO] [1784969390.496806113] [waypoint_follower]: nearest=21, target=23, dist=0.78, alpha=-0.01, vx=0.50, yaw_rate=-0.00, dir=1
[INFO] [1784969391.555010277] [waypoint_follower]: nearest=22, target=24, dist=0.70, alpha=-0.01, vx=0.50, yaw_rate=-0.01, dir=1
[INFO] [1784969392.595452885] [waypoint_follower]: nearest=23, target=25, dist=0.69, alpha=-0.04, vx=0.50, yaw_rate=-0.03, dir=1
[INFO] [1784969393.595136792] [waypoint_follower]: nearest=24, target=26, dist=0.69, alpha=-0.00, vx=0.50, yaw_rate=-0.00, dir=1
[INFO] [1784969394.645254993] [waypoint_follower]: nearest=26, target=28, dist=1.11, alpha=-0.00, vx=0.50, yaw_rate=-0.00, dir=1
[INFO] [1784969395.646476387] [waypoint_follower]: nearest=26, target=28, dist=0.68, alpha=-0.03, vx=0.50, yaw_rate=-0.03, dir=1
[INFO] [1784969396.695144332] [waypoint_follower]: nearest=28, target=30, dist=1.10, alpha=0.02, vx=0.50, yaw_rate=0.02, dir=1
[INFO] [1784969397.695196498] [waypoint_follower]: nearest=29, target=31, dist=1.01, alpha=0.02, vx=0.50, yaw_rate=0.02, dir=1
[INFO] [1784969398.696182685] [waypoint_follower]: nearest=30, target=32, dist=1.03, alpha=0.02, vx=0.50, yaw_rate=0.02, dir=1
[INFO] [1784969399.745068624] [waypoint_follower]: nearest=31, target=33, dist=1.03, alpha=0.01, vx=0.50, yaw_rate=0.01, dir=1
[INFO] [1784969400.745600028] [waypoint_follower]: nearest=32, target=34, dist=0.93, alpha=-0.01, vx=0.50, yaw_rate=-0.01, dir=1
[INFO] [1784969401.795288584] [waypoint_follower]: nearest=33, target=35, dist=0.97, alpha=0.07, vx=0.50, yaw_rate=0.06, dir=1
[INFO] [1784969402.845277992] [waypoint_follower]: nearest=34, target=36, dist=0.90, alpha=-0.03, vx=0.50, yaw_rate=-0.03, dir=1
[INFO] [1784969403.845356301] [waypoint_follower]: nearest=35, target=37, dist=0.91, alpha=-0.03, vx=0.50, yaw_rate=-0.03, dir=1
[INFO] [1784969404.895780148] [waypoint_follower]: nearest=36, target=38, dist=0.82, alpha=0.00, vx=0.50, yaw_rate=0.00, dir=1
[INFO] [1784969405.895582278] [waypoint_follower]: nearest=37, target=39, dist=0.80, alpha=-0.02, vx=0.50, yaw_rate=-0.01, dir=1
[INFO] [1784969406.945637714] [waypoint_follower]: nearest=38, target=40, dist=0.74, alpha=-0.01, vx=0.50, yaw_rate=-0.01, dir=1
[INFO] [1784969407.995375991] [waypoint_follower]: nearest=39, target=41, dist=0.68, alpha=-0.05, vx=0.50, yaw_rate=-0.04, dir=1
[INFO] [1784969409.045586842] [waypoint_follower]: nearest=40, target=42, dist=0.63, alpha=-0.04, vx=0.50, yaw_rate=-0.04, dir=1
[INFO] [1784969410.045729365] [waypoint_follower]: nearest=42, target=44, dist=1.01, alpha=0.01, vx=0.50, yaw_rate=0.01, dir=1
[INFO] [1784969411.095136945] [waypoint_follower]: nearest=43, target=45, dist=0.93, alpha=-0.06, vx=0.50, yaw_rate=-0.05, dir=1
[INFO] [1784969412.096231586] [waypoint_follower]: nearest=44, target=46, dist=0.86, alpha=-0.02, vx=0.50, yaw_rate=-0.02, dir=1
[INFO] [1784969413.145137106] [waypoint_follower]: nearest=45, target=47, dist=0.93, alpha=-0.07, vx=0.50, yaw_rate=-0.06, dir=1
[INFO] [1784969414.145334498] [waypoint_follower]: nearest=46, target=48, dist=0.83, alpha=-0.00, vx=0.50, yaw_rate=-0.00, dir=1
[INFO] [1784969415.145598877] [waypoint_follower]: nearest=47, target=49, dist=0.77, alpha=-0.02, vx=0.50, yaw_rate=-0.02, dir=1
[INFO] [1784969416.147224957] [waypoint_follower]: nearest=48, target=50, dist=0.78, alpha=-0.02, vx=0.50, yaw_rate=-0.02, dir=1
[INFO] [1784969417.150733228] [waypoint_follower]: nearest=49, target=51, dist=0.79, alpha=-0.06, vx=0.50, yaw_rate=-0.06, dir=1
[INFO] [1784969418.198389988] [waypoint_follower]: nearest=50, target=52, dist=0.77, alpha=-0.01, vx=0.50, yaw_rate=-0.01, dir=1
[INFO] [1784969419.245126587] [waypoint_follower]: nearest=51, target=53, dist=0.79, alpha=-0.02, vx=0.50, yaw_rate=-0.02, dir=1
[INFO] [1784969420.245098727] [waypoint_follower]: nearest=52, target=54, dist=0.76, alpha=0.01, vx=0.50, yaw_rate=0.01, dir=1
[INFO] [1784969421.245177907] [waypoint_follower]: nearest=53, target=55, dist=0.70, alpha=-0.05, vx=0.50, yaw_rate=-0.05, dir=1
[INFO] [1784969422.295066213] [waypoint_follower]: nearest=55, target=57, dist=1.02, alpha=0.04, vx=0.50, yaw_rate=0.04, dir=1
[INFO] [1784969423.295745674] [waypoint_follower]: nearest=56, target=58, dist=0.99, alpha=0.02, vx=0.50, yaw_rate=0.01, dir=1
[INFO] [1784969424.296022097] [waypoint_follower]: nearest=57, target=59, dist=1.01, alpha=0.02, vx=0.50, yaw_rate=0.02, dir=1
[INFO] [1784969425.345061308] [waypoint_follower]: nearest=58, target=60, dist=0.99, alpha=0.03, vx=0.50, yaw_rate=0.03, dir=1
[INFO] [1784969426.345439017] [waypoint_follower]: nearest=59, target=61, dist=0.95, alpha=-0.00, vx=0.50, yaw_rate=-0.00, dir=1
[INFO] [1784969427.395563399] [waypoint_follower]: nearest=60, target=62, dist=0.87, alpha=0.00, vx=0.50, yaw_rate=0.00, dir=1
[INFO] [1784969428.395235387] [waypoint_follower]: nearest=61, target=63, dist=0.86, alpha=0.01, vx=0.50, yaw_rate=0.01, dir=1
[INFO] [1784969429.445488108] [waypoint_follower]: nearest=62, target=64, dist=0.76, alpha=-0.05, vx=0.50, yaw_rate=-0.05, dir=1
[INFO] [1784969430.445441380] [waypoint_follower]: nearest=63, target=65, dist=0.78, alpha=-0.08, vx=0.50, yaw_rate=-0.07, dir=1
[INFO] [1784969431.495224397] [waypoint_follower]: nearest=64, target=66, dist=0.80, alpha=-0.06, vx=0.50, yaw_rate=-0.06, dir=1
[INFO] [1784969432.545388310] [waypoint_follower]: nearest=65, target=67, dist=0.76, alpha=-0.08, vx=0.50, yaw_rate=-0.07, dir=1
[INFO] [1784969433.545122663] [waypoint_follower]: nearest=66, target=68, dist=0.71, alpha=-0.04, vx=0.50, yaw_rate=-0.04, dir=1
[INFO] [1784969434.595637382] [waypoint_follower]: nearest=67, target=69, dist=0.69, alpha=-0.04, vx=0.50, yaw_rate=-0.04, dir=1
[INFO] [1784969435.645456162] [waypoint_follower]: nearest=69, target=71, dist=1.11, alpha=0.03, vx=0.50, yaw_rate=0.03, dir=1
[INFO] [1784969436.695248518] [waypoint_follower]: nearest=70, target=72, dist=0.99, alpha=-0.02, vx=0.50, yaw_rate=-0.02, dir=1
[INFO] [1784969437.695443571] [waypoint_follower]: nearest=71, target=73, dist=1.00, alpha=0.07, vx=0.50, yaw_rate=0.06, dir=1
[INFO] [1784969438.745535431] [waypoint_follower]: nearest=72, target=74, dist=0.93, alpha=0.01, vx=0.50, yaw_rate=0.01, dir=1
[INFO] [1784969439.745227590] [waypoint_follower]: nearest=73, target=75, dist=0.89, alpha=0.00, vx=0.50, yaw_rate=0.00, dir=1
[INFO] [1784969440.795591317] [waypoint_follower]: nearest=74, target=76, dist=0.86, alpha=0.00, vx=0.50, yaw_rate=0.00, dir=1
[INFO] [1784969441.799359578] [waypoint_follower]: nearest=75, target=77, dist=0.87, alpha=0.02, vx=0.50, yaw_rate=0.02, dir=1
[INFO] [1784969442.845512907] [waypoint_follower]: nearest=76, target=78, dist=0.82, alpha=-0.04, vx=0.50, yaw_rate=-0.04, dir=1
[INFO] [1784969443.895487834] [waypoint_follower]: nearest=77, target=79, dist=0.79, alpha=-0.02, vx=0.50, yaw_rate=-0.02, dir=1
[INFO] [1784969444.900711271] [waypoint_follower]: nearest=78, target=80, dist=0.87, alpha=0.00, vx=0.50, yaw_rate=0.00, dir=1
[INFO] [1784969445.945556744] [waypoint_follower]: nearest=79, target=81, dist=0.76, alpha=-0.03, vx=0.50, yaw_rate=-0.03, dir=1
[INFO] [1784969446.996336988] [waypoint_follower]: nearest=80, target=82, dist=0.73, alpha=-0.04, vx=0.50, yaw_rate=-0.03, dir=1
[INFO] [1784969448.046128486] [waypoint_follower]: nearest=82, target=84, dist=1.15, alpha=-0.00, vx=0.50, yaw_rate=-0.00, dir=1
[INFO] [1784969449.077210900] [waypoint_follower]: nearest=82, target=84, dist=0.74, alpha=-0.05, vx=0.50, yaw_rate=-0.05, dir=1
[INFO] [1784969450.095226075] [waypoint_follower]: nearest=83, target=85, dist=0.72, alpha=-0.03, vx=0.50, yaw_rate=-0.03, dir=1
[INFO] [1784969451.096335385] [waypoint_follower]: nearest=84, target=86, dist=0.67, alpha=-0.00, vx=0.50, yaw_rate=-0.00, dir=1
[INFO] [1784969452.097067340] [waypoint_follower]: nearest=86, target=88, dist=1.06, alpha=0.02, vx=0.50, yaw_rate=0.02, dir=1
[INFO] [1784969453.145267489] [waypoint_follower]: nearest=87, target=89, dist=1.02, alpha=0.03, vx=0.50, yaw_rate=0.03, dir=1
[INFO] [1784969454.195897342] [waypoint_follower]: nearest=88, target=90, dist=1.02, alpha=0.02, vx=0.50, yaw_rate=0.02, dir=1
[INFO] [1784969455.195478723] [waypoint_follower]: nearest=89, target=91, dist=1.06, alpha=0.06, vx=0.50, yaw_rate=0.05, dir=1
[INFO] [1784969456.248255031] [waypoint_follower]: nearest=90, target=92, dist=1.11, alpha=0.01, vx=0.50, yaw_rate=0.01, dir=1
[INFO] [1784969457.246493486] [waypoint_follower]: nearest=91, target=93, dist=1.07, alpha=0.01, vx=0.50, yaw_rate=0.00, dir=1
[INFO] [1784969458.295495540] [waypoint_follower]: nearest=92, target=94, dist=1.04, alpha=0.02, vx=0.50, yaw_rate=0.02, dir=1
[INFO] [1784969459.345381030] [waypoint_follower]: nearest=93, target=95, dist=0.92, alpha=-0.02, vx=0.50, yaw_rate=-0.02, dir=1
[INFO] [1784969460.345276449] [waypoint_follower]: nearest=94, target=96, dist=0.92, alpha=-0.00, vx=0.50, yaw_rate=-0.00, dir=1
[INFO] [1784969461.346151339] [waypoint_follower]: nearest=95, target=97, dist=0.87, alpha=0.02, vx=0.50, yaw_rate=0.02, dir=1
[INFO] [1784969462.395118795] [waypoint_follower]: nearest=96, target=98, dist=0.89, alpha=0.02, vx=0.50, yaw_rate=0.02, dir=1
[INFO] [1784969463.396004299] [waypoint_follower]: nearest=97, target=99, dist=0.87, alpha=-0.02, vx=0.50, yaw_rate=-0.01, dir=1
[INFO] [1784969464.445596232] [waypoint_follower]: nearest=98, target=100, dist=0.80, alpha=-0.04, vx=0.50, yaw_rate=-0.04, dir=1
[INFO] [1784969465.495462337] [waypoint_follower]: nearest=99, target=101, dist=0.74, alpha=-0.01, vx=0.50, yaw_rate=-0.01, dir=1
[INFO] [1784969466.545181558] [waypoint_follower]: nearest=100, target=102, dist=0.72, alpha=-0.02, vx=0.50, yaw_rate=-0.02, dir=1
[INFO] [1784969467.595347788] [waypoint_follower]: nearest=101, target=103, dist=0.70, alpha=-0.04, vx=0.50, yaw_rate=-0.04, dir=1
[INFO] [1784969468.595240181] [waypoint_follower]: nearest=102, target=104, dist=0.66, alpha=-0.06, vx=0.50, yaw_rate=-0.05, dir=1
[INFO] [1784969469.596132575] [waypoint_follower]: nearest=104, target=106, dist=1.07, alpha=0.05, vx=0.50, yaw_rate=0.04, dir=1
[INFO] [1784969470.647000672] [waypoint_follower]: nearest=105, target=107, dist=1.03, alpha=-0.02, vx=0.50, yaw_rate=-0.01, dir=1
[INFO] [1784969471.695093229] [waypoint_follower]: nearest=106, target=108, dist=1.04, alpha=-0.00, vx=0.50, yaw_rate=-0.00, dir=1
[INFO] [1784969472.747745793] [waypoint_follower]: nearest=107, target=109, dist=1.06, alpha=-0.05, vx=0.50, yaw_rate=-0.05, dir=1
[INFO] [1784969473.797801000] [waypoint_follower]: nearest=108, target=110, dist=1.07, alpha=0.03, vx=0.50, yaw_rate=0.02, dir=1
[INFO] [1784969474.847787488] [waypoint_follower]: nearest=109, target=111, dist=0.99, alpha=0.04, vx=0.50, yaw_rate=0.03, dir=1
[INFO] [1784969475.849778937] [waypoint_follower]: nearest=110, target=112, dist=0.93, alpha=-0.02, vx=0.50, yaw_rate=-0.02, dir=1
[INFO] [1784969476.899950761] [waypoint_follower]: nearest=111, target=113, dist=0.90, alpha=0.02, vx=0.50, yaw_rate=0.01, dir=1
[INFO] [1784969477.945049247] [waypoint_follower]: nearest=112, target=114, dist=0.89, alpha=-0.02, vx=0.50, yaw_rate=-0.02, dir=1
[INFO] [1784969478.955166399] [waypoint_follower]: nearest=113, target=115, dist=0.91, alpha=-0.02, vx=0.50, yaw_rate=-0.02, dir=1
[INFO] [1784969479.995294893] [waypoint_follower]: nearest=114, target=116, dist=0.83, alpha=0.00, vx=0.50, yaw_rate=0.00, dir=1
[INFO] [1784969481.045271858] [waypoint_follower]: nearest=115, target=117, dist=0.79, alpha=-0.05, vx=0.50, yaw_rate=-0.04, dir=1
[INFO] [1784969482.046349089] [waypoint_follower]: nearest=116, target=118, dist=0.78, alpha=-0.07, vx=0.50, yaw_rate=-0.07, dir=1
[INFO] [1784969483.095025854] [waypoint_follower]: nearest=117, target=119, dist=0.77, alpha=-0.09, vx=0.50, yaw_rate=-0.08, dir=1
[INFO] [1784969484.096399293] [waypoint_follower]: nearest=118, target=120, dist=0.78, alpha=-0.05, vx=0.50, yaw_rate=-0.04, dir=1
[INFO] [1784969485.145579348] [waypoint_follower]: nearest=119, target=121, dist=0.73, alpha=-0.03, vx=0.50, yaw_rate=-0.02, dir=1
[INFO] [1784969486.195394580] [waypoint_follower]: nearest=120, target=122, dist=0.70, alpha=-0.06, vx=0.50, yaw_rate=-0.05, dir=1
[INFO] [1784969487.195132463] [waypoint_follower]: nearest=121, target=123, dist=0.71, alpha=-0.03, vx=0.50, yaw_rate=-0.02, dir=1
[INFO] [1784969488.195585295] [waypoint_follower]: nearest=123, target=125, dist=1.06, alpha=-0.01, vx=0.50, yaw_rate=-0.01, dir=1
[INFO] [1784969489.245199129] [waypoint_follower]: nearest=124, target=126, dist=1.07, alpha=-0.03, vx=0.50, yaw_rate=-0.02, dir=1
[INFO] [1784969490.245237222] [waypoint_follower]: nearest=125, target=127, dist=1.10, alpha=0.02, vx=0.50, yaw_rate=0.02, dir=1
[INFO] [1784969491.245775838] [waypoint_follower]: nearest=126, target=128, dist=1.05, alpha=-0.03, vx=0.50, yaw_rate=-0.02, dir=1
[INFO] [1784969492.295188836] [waypoint_follower]: nearest=127, target=129, dist=1.06, alpha=0.01, vx=0.50, yaw_rate=0.01, dir=1
[INFO] [1784969493.295599956] [waypoint_follower]: nearest=128, target=130, dist=1.08, alpha=0.04, vx=0.50, yaw_rate=0.04, dir=1
[INFO] [1784969494.345180860] [waypoint_follower]: nearest=129, target=131, dist=1.11, alpha=-0.01, vx=0.50, yaw_rate=-0.01, dir=1
[INFO] [1784969495.345961223] [waypoint_follower]: nearest=130, target=132, dist=1.09, alpha=0.01, vx=0.50, yaw_rate=0.01, dir=1
[INFO] [1784969496.400649331] [waypoint_follower]: nearest=131, target=133, dist=1.09, alpha=0.03, vx=0.50, yaw_rate=0.03, dir=1
[INFO] [1784969497.445551021] [waypoint_follower]: nearest=132, target=134, dist=1.11, alpha=0.01, vx=0.50, yaw_rate=0.01, dir=1
[INFO] [1784969498.446001392] [waypoint_follower]: nearest=133, target=135, dist=1.14, alpha=0.04, vx=0.50, yaw_rate=0.03, dir=1
[INFO] [1784969499.445920437] [waypoint_follower]: nearest=134, target=136, dist=0.92, alpha=-0.39, vx=0.50, yaw_rate=-0.35, dir=1
[INFO] [1784969500.446454292] [waypoint_follower]: nearest=135, target=137, dist=0.92, alpha=-0.76, vx=0.25, yaw_rate=-0.45, dir=1
[INFO] [1784969501.495396049] [waypoint_follower]: nearest=135, target=137, dist=0.68, alpha=-0.56, vx=0.25, yaw_rate=-0.45, dir=1
[INFO] [1784969502.495923721] [waypoint_follower]: nearest=136, target=138, dist=0.78, alpha=-0.42, vx=0.50, yaw_rate=-0.38, dir=1
[INFO] [1784969503.495404494] [waypoint_follower]: nearest=137, target=139, dist=0.80, alpha=-0.29, vx=0.50, yaw_rate=-0.26, dir=1
[INFO] [1784969504.545604930] [waypoint_follower]: nearest=138, target=140, dist=0.71, alpha=-0.19, vx=0.50, yaw_rate=-0.17, dir=1
[INFO] [1784969505.599402565] [waypoint_follower]: nearest=140, target=142, dist=1.07, alpha=-0.03, vx=0.50, yaw_rate=-0.03, dir=1
[INFO] [1784969506.646099777] [waypoint_follower]: nearest=141, target=143, dist=0.98, alpha=0.04, vx=0.50, yaw_rate=0.03, dir=1
[INFO] [1784969507.650918709] [waypoint_follower]: nearest=142, target=144, dist=0.89, alpha=0.02, vx=0.50, yaw_rate=0.02, dir=1
[INFO] [1784969508.695614015] [waypoint_follower]: nearest=143, target=145, dist=0.85, alpha=0.04, vx=0.50, yaw_rate=0.04, dir=1
[INFO] [1784969509.745308561] [waypoint_follower]: nearest=144, target=146, dist=0.72, alpha=0.05, vx=0.50, yaw_rate=0.04, dir=1
[INFO] [1784969510.795405275] [waypoint_follower]: nearest=145, target=147, dist=0.66, alpha=-0.00, vx=0.50, yaw_rate=-0.00, dir=1
[INFO] [1784969511.845313636] [waypoint_follower]: nearest=147, target=149, dist=1.02, alpha=0.05, vx=0.50, yaw_rate=0.04, dir=1
[INFO] [1784969512.845638447] [waypoint_follower]: nearest=148, target=150, dist=0.95, alpha=0.03, vx=0.50, yaw_rate=0.03, dir=1
[INFO] [1784969513.895464261] [waypoint_follower]: nearest=149, target=151, dist=0.79, alpha=-0.02, vx=0.50, yaw_rate=-0.02, dir=1
[INFO] [1784969514.945169855] [waypoint_follower]: nearest=150, target=152, dist=0.70, alpha=-0.01, vx=0.50, yaw_rate=-0.01, dir=1
[INFO] [1784969515.945216478] [waypoint_follower]: nearest=151, target=153, dist=0.68, alpha=-0.01, vx=0.50, yaw_rate=-0.01, dir=1
[INFO] [1784969516.945218712] [waypoint_follower]: nearest=153, target=155, dist=0.98, alpha=-0.01, vx=0.50, yaw_rate=-0.01, dir=1
[INFO] [1784969517.995013690] [waypoint_follower]: nearest=154, target=156, dist=0.95, alpha=0.02, vx=0.50, yaw_rate=0.01, dir=1
[INFO] [1784969519.044850045] [waypoint_follower]: nearest=155, target=157, dist=0.79, alpha=-0.02, vx=0.50, yaw_rate=-0.02, dir=1
[INFO] [1784969520.045216472] [waypoint_follower]: nearest=156, target=158, dist=0.71, alpha=-0.02, vx=0.50, yaw_rate=-0.02, dir=1
[INFO] [1784969521.095211419] [waypoint_follower]: nearest=157, target=159, dist=0.70, alpha=-0.06, vx=0.50, yaw_rate=-0.05, dir=1
[INFO] [1784969522.145106415] [waypoint_follower]: nearest=159, target=161, dist=1.09, alpha=0.01, vx=0.50, yaw_rate=0.00, dir=1
[INFO] [1784969523.145322848] [waypoint_follower]: nearest=160, target=162, dist=1.02, alpha=0.02, vx=0.50, yaw_rate=0.02, dir=1
[INFO] [1784969524.194909284] [waypoint_follower]: nearest=161, target=163, dist=1.04, alpha=0.02, vx=0.50, yaw_rate=0.01, dir=1
[INFO] [1784969525.196363783] [waypoint_follower]: nearest=162, target=164, dist=1.00, alpha=-0.02, vx=0.50, yaw_rate=-0.02, dir=1
[INFO] [1784969526.244684337] [waypoint_follower]: nearest=163, target=165, dist=0.99, alpha=-0.00, vx=0.50, yaw_rate=-0.00, dir=1
[INFO] [1784969527.244905038] [waypoint_follower]: nearest=164, target=166, dist=0.97, alpha=-0.03, vx=0.50, yaw_rate=-0.03, dir=1
[INFO] [1784969528.295011097] [waypoint_follower]: nearest=165, target=167, dist=0.93, alpha=0.01, vx=0.50, yaw_rate=0.01, dir=1
[INFO] [1784969529.346365134] [waypoint_follower]: nearest=166, target=168, dist=0.94, alpha=-0.01, vx=0.50, yaw_rate=-0.01, dir=1
[INFO] [1784969530.395458462] [waypoint_follower]: nearest=167, target=169, dist=0.88, alpha=-0.03, vx=0.50, yaw_rate=-0.03, dir=1
[INFO] [1784969531.445098086] [waypoint_follower]: nearest=168, target=170, dist=0.86, alpha=-0.00, vx=0.50, yaw_rate=-0.00, dir=1
[INFO] [1784969532.495427939] [waypoint_follower]: nearest=169, target=171, dist=0.91, alpha=-0.00, vx=0.50, yaw_rate=-0.00, dir=1
[INFO] [1784969533.551537834] [waypoint_follower]: nearest=170, target=172, dist=0.88, alpha=-0.01, vx=0.50, yaw_rate=-0.01, dir=1
[INFO] [1784969534.595255790] [waypoint_follower]: nearest=171, target=173, dist=0.87, alpha=-0.02, vx=0.50, yaw_rate=-0.02, dir=1
[INFO] [1784969535.644765951] [waypoint_follower]: nearest=172, target=174, dist=0.83, alpha=-0.02, vx=0.50, yaw_rate=-0.02, dir=1
[INFO] [1784969536.649381963] [waypoint_follower]: nearest=173, target=175, dist=0.83, alpha=-0.01, vx=0.50, yaw_rate=-0.01, dir=1
[INFO] [1784969537.695966239] [waypoint_follower]: nearest=174, target=176, dist=0.76, alpha=-0.08, vx=0.50, yaw_rate=-0.07, dir=1
[INFO] [1784969538.696843950] [waypoint_follower]: nearest=175, target=177, dist=0.71, alpha=-0.05, vx=0.50, yaw_rate=-0.04, dir=1
[INFO] [1784969539.748864328] [waypoint_follower]: nearest=177, target=179, dist=1.09, alpha=-0.05, vx=0.50, yaw_rate=-0.04, dir=1
[INFO] [1784969540.794838415] [waypoint_follower]: nearest=178, target=180, dist=1.07, alpha=-0.02, vx=0.50, yaw_rate=-0.02, dir=1
[INFO] [1784969541.794837872] [waypoint_follower]: nearest=179, target=181, dist=1.08, alpha=-0.01, vx=0.50, yaw_rate=-0.01, dir=1
[INFO] [1784969542.795630242] [waypoint_follower]: nearest=180, target=182, dist=1.08, alpha=0.00, vx=0.50, yaw_rate=0.00, dir=1
[INFO] [1784969543.845438728] [waypoint_follower]: nearest=181, target=183, dist=1.04, alpha=0.01, vx=0.50, yaw_rate=0.01, dir=1
[INFO] [1784969544.894716232] [waypoint_follower]: nearest=182, target=184, dist=1.04, alpha=0.02, vx=0.50, yaw_rate=0.02, dir=1
[INFO] [1784969545.895364848] [waypoint_follower]: nearest=183, target=185, dist=0.96, alpha=-0.03, vx=0.50, yaw_rate=-0.02, dir=1
[INFO] [1784969546.944915706] [waypoint_follower]: nearest=184, target=186, dist=1.05, alpha=0.01, vx=0.50, yaw_rate=0.00, dir=1
[INFO] [1784969547.945499205] [waypoint_follower]: nearest=185, target=187, dist=0.98, alpha=0.00, vx=0.50, yaw_rate=0.00, dir=1
[INFO] [1784969548.994741577] [waypoint_follower]: nearest=186, target=188, dist=1.00, alpha=-0.03, vx=0.50, yaw_rate=-0.03, dir=1
[INFO] [1784969549.994742340] [waypoint_follower]: nearest=187, target=189, dist=0.94, alpha=0.00, vx=0.50, yaw_rate=0.00, dir=1
[INFO] [1784969551.045510529] [waypoint_follower]: nearest=188, target=190, dist=0.94, alpha=-0.01, vx=0.50, yaw_rate=-0.01, dir=1
[INFO] [1784969552.045049135] [waypoint_follower]: nearest=189, target=191, dist=0.90, alpha=-0.04, vx=0.50, yaw_rate=-0.03, dir=1
[INFO] [1784969553.094857850] [waypoint_follower]: nearest=190, target=192, dist=0.82, alpha=-0.01, vx=0.50, yaw_rate=-0.01, dir=1
[INFO] [1784969554.094984814] [waypoint_follower]: nearest=191, target=193, dist=0.82, alpha=-0.03, vx=0.50, yaw_rate=-0.03, dir=1
[INFO] [1784969555.145259957] [waypoint_follower]: nearest=192, target=194, dist=0.82, alpha=-0.03, vx=0.50, yaw_rate=-0.02, dir=1
[INFO] [1784969556.145108931] [waypoint_follower]: nearest=193, target=195, dist=0.80, alpha=-0.02, vx=0.50, yaw_rate=-0.02, dir=1
[INFO] [1784969557.195031930] [waypoint_follower]: nearest=194, target=196, dist=0.76, alpha=-0.05, vx=0.50, yaw_rate=-0.04, dir=1
[INFO] [1784969558.248010906] [waypoint_follower]: nearest=196, target=198, dist=1.18, alpha=0.02, vx=0.50, yaw_rate=0.02, dir=1
[INFO] [1784969559.295374951] [waypoint_follower]: nearest=197, target=199, dist=1.11, alpha=-0.01, vx=0.50, yaw_rate=-0.01, dir=1
[INFO] [1784969560.344933393] [waypoint_follower]: nearest=198, target=200, dist=1.04, alpha=-0.04, vx=0.50, yaw_rate=-0.04, dir=1
[INFO] [1784969561.347824259] [waypoint_follower]: nearest=199, target=201, dist=1.04, alpha=-0.02, vx=0.50, yaw_rate=-0.02, dir=1
[INFO] [1784969562.394731382] [waypoint_follower]: nearest=200, target=202, dist=1.00, alpha=-0.04, vx=0.50, yaw_rate=-0.04, dir=1
[INFO] [1784969563.394986593] [waypoint_follower]: nearest=201, target=203, dist=0.93, alpha=-0.04, vx=0.50, yaw_rate=-0.03, dir=1
[INFO] [1784969564.445884224] [waypoint_follower]: nearest=202, target=204, dist=0.87, alpha=-0.03, vx=0.50, yaw_rate=-0.02, dir=1
[INFO] [1784969565.494814897] [waypoint_follower]: nearest=203, target=205, dist=0.78, alpha=-0.03, vx=0.50, yaw_rate=-0.03, dir=1
[INFO] [1784969566.544764571] [waypoint_follower]: nearest=204, target=206, dist=0.71, alpha=0.00, vx=0.50, yaw_rate=0.00, dir=1
[INFO] [1784969567.547135790] [waypoint_follower]: nearest=206, target=208, dist=1.11, alpha=0.03, vx=0.50, yaw_rate=0.02, dir=1
[INFO] [1784969568.547252041] [waypoint_follower]: nearest=207, target=209, dist=1.01, alpha=0.05, vx=0.50, yaw_rate=0.04, dir=1
[INFO] [1784969569.595308532] [waypoint_follower]: nearest=208, target=210, dist=1.03, alpha=0.02, vx=0.50, yaw_rate=0.01, dir=1
[INFO] [1784969570.595154986] [waypoint_follower]: nearest=209, target=211, dist=1.01, alpha=-0.00, vx=0.50, yaw_rate=-0.00, dir=1
[INFO] [1784969571.644832319] [waypoint_follower]: nearest=210, target=212, dist=0.96, alpha=-0.02, vx=0.50, yaw_rate=-0.02, dir=1
[INFO] [1784969572.695245239] [waypoint_follower]: nearest=211, target=213, dist=0.91, alpha=-0.05, vx=0.50, yaw_rate=-0.04, dir=1
[INFO] [1784969573.699239788] [waypoint_follower]: nearest=212, target=214, dist=0.86, alpha=-0.03, vx=0.50, yaw_rate=-0.03, dir=1
[INFO] [1784969574.696125527] [waypoint_follower]: nearest=213, target=215, dist=0.84, alpha=-0.02, vx=0.50, yaw_rate=-0.02, dir=1
[INFO] [1784969575.745059676] [waypoint_follower]: nearest=214, target=216, dist=1.06, alpha=-0.02, vx=0.50, yaw_rate=-0.02, dir=1
[INFO] [1784969576.745871095] [waypoint_follower]: nearest=214, target=216, dist=0.86, alpha=-0.08, vx=0.50, yaw_rate=-0.07, dir=1
[INFO] [1784969577.794947377] [waypoint_follower]: nearest=214, target=216, dist=0.82, alpha=-0.15, vx=0.50, yaw_rate=-0.13, dir=1
[WARN] [1784969578.044930841] [waypoint_follower]: stuck recovery: nearest_index 214 -> 214
[INFO] [1784969578.795857935] [waypoint_follower]: nearest=214, target=216, dist=0.80, alpha=-0.14, vx=0.50, yaw_rate=-0.13, dir=1
[INFO] [1784969579.845055107] [waypoint_follower]: nearest=215, target=217, dist=0.86, alpha=-0.05, vx=0.50, yaw_rate=-0.05, dir=1
[INFO] [1784969580.894746856] [waypoint_follower]: nearest=216, target=218, dist=0.80, alpha=-0.03, vx=0.50, yaw_rate=-0.03, dir=1
[INFO] [1784969581.895003809] [waypoint_follower]: nearest=217, target=219, dist=0.74, alpha=-0.04, vx=0.50, yaw_rate=-0.03, dir=1
[INFO] [1784969582.895277540] [waypoint_follower]: nearest=218, target=220, dist=0.77, alpha=-0.04, vx=0.50, yaw_rate=-0.04, dir=1
[INFO] [1784969583.944830068] [waypoint_follower]: nearest=220, target=222, dist=1.17, alpha=0.02, vx=0.50, yaw_rate=0.02, dir=1
[INFO] [1784969584.944991146] [waypoint_follower]: nearest=221, target=223, dist=1.11, alpha=0.02, vx=0.50, yaw_rate=0.02, dir=1
[INFO] [1784969585.945352552] [waypoint_follower]: nearest=221, target=223, dist=0.71, alpha=-0.06, vx=0.50, yaw_rate=-0.05, dir=1
[INFO] [1784969586.995252480] [waypoint_follower]: nearest=223, target=225, dist=1.06, alpha=0.03, vx=0.50, yaw_rate=0.03, dir=1
[INFO] [1784969588.045162230] [waypoint_follower]: nearest=224, target=226, dist=0.98, alpha=-0.02, vx=0.50, yaw_rate=-0.01, dir=1
[INFO] [1784969589.095194157] [waypoint_follower]: nearest=225, target=227, dist=0.94, alpha=-0.00, vx=0.50, yaw_rate=-0.00, dir=1
[INFO] [1784969590.095055300] [waypoint_follower]: nearest=226, target=228, dist=0.90, alpha=-0.01, vx=0.50, yaw_rate=-0.01, dir=1
[INFO] [1784969591.144924176] [waypoint_follower]: nearest=227, target=229, dist=0.81, alpha=-0.03, vx=0.50, yaw_rate=-0.02, dir=1
[INFO] [1784969592.195095742] [waypoint_follower]: nearest=228, target=230, dist=0.79, alpha=-0.02, vx=0.50, yaw_rate=-0.02, dir=1
[INFO] [1784969593.245626731] [waypoint_follower]: nearest=229, target=231, dist=0.80, alpha=-0.04, vx=0.50, yaw_rate=-0.04, dir=1
[INFO] [1784969594.294952574] [waypoint_follower]: nearest=230, target=232, dist=0.77, alpha=-0.06, vx=0.50, yaw_rate=-0.06, dir=1
[INFO] [1784969595.294938237] [waypoint_follower]: nearest=232, target=234, dist=1.14, alpha=0.00, vx=0.50, yaw_rate=0.00, dir=1
[INFO] [1784969596.295071471] [waypoint_follower]: nearest=232, target=234, dist=0.71, alpha=-0.06, vx=0.50, yaw_rate=-0.05, dir=1
[INFO] [1784969597.296851952] [waypoint_follower]: nearest=234, target=236, dist=1.15, alpha=0.03, vx=0.50, yaw_rate=0.02, dir=1
[INFO] [1784969598.310648908] [waypoint_follower]: nearest=235, target=237, dist=1.04, alpha=0.04, vx=0.50, yaw_rate=0.04, dir=1
[INFO] [1784969599.355687991] [waypoint_follower]: nearest=236, target=238, dist=0.96, alpha=-0.01, vx=0.50, yaw_rate=-0.00, dir=1
[INFO] [1784969600.396823758] [waypoint_follower]: nearest=237, target=239, dist=1.02, alpha=0.00, vx=0.50, yaw_rate=0.00, dir=1
[INFO] [1784969601.445220170] [waypoint_follower]: nearest=238, target=240, dist=0.95, alpha=-0.03, vx=0.50, yaw_rate=-0.02, dir=1
[INFO] [1784969602.494926007] [waypoint_follower]: nearest=239, target=241, dist=0.86, alpha=-0.01, vx=0.50, yaw_rate=-0.01, dir=1
[INFO] [1784969603.495085156] [waypoint_follower]: nearest=240, target=242, dist=0.81, alpha=-0.02, vx=0.50, yaw_rate=-0.02, dir=1
[INFO] [1784969604.545058420] [waypoint_follower]: nearest=241, target=243, dist=0.79, alpha=-0.03, vx=0.50, yaw_rate=-0.02, dir=1
[INFO] [1784969605.545595214] [waypoint_follower]: nearest=242, target=244, dist=0.71, alpha=-0.06, vx=0.50, yaw_rate=-0.05, dir=1
[INFO] [1784969606.595021528] [waypoint_follower]: nearest=244, target=246, dist=1.10, alpha=-0.02, vx=0.50, yaw_rate=-0.01, dir=1
[INFO] [1784969607.645137927] [waypoint_follower]: nearest=245, target=247, dist=1.04, alpha=0.02, vx=0.50, yaw_rate=0.01, dir=1
[INFO] [1784969608.646340131] [waypoint_follower]: nearest=246, target=248, dist=1.02, alpha=-0.01, vx=0.50, yaw_rate=-0.01, dir=1
[INFO] [1784969609.694982728] [waypoint_follower]: nearest=247, target=249, dist=0.93, alpha=-0.00, vx=0.50, yaw_rate=-0.00, dir=1
[INFO] [1784969610.695254680] [waypoint_follower]: nearest=248, target=250, dist=0.95, alpha=0.00, vx=0.50, yaw_rate=0.00, dir=1
[INFO] [1784969611.744868219] [waypoint_follower]: nearest=249, target=251, dist=0.90, alpha=-0.01, vx=0.50, yaw_rate=-0.01, dir=1
[INFO] [1784969612.744801683] [waypoint_follower]: nearest=250, target=252, dist=0.83, alpha=0.01, vx=0.50, yaw_rate=0.01, dir=1
[INFO] [1784969613.744888044] [waypoint_follower]: nearest=251, target=253, dist=0.82, alpha=-0.04, vx=0.50, yaw_rate=-0.04, dir=1
[INFO] [1784969614.794831038] [waypoint_follower]: nearest=252, target=254, dist=0.73, alpha=0.03, vx=0.50, yaw_rate=0.03, dir=1
[INFO] [1784969615.795853860] [waypoint_follower]: nearest=253, target=255, dist=0.73, alpha=0.03, vx=0.50, yaw_rate=0.03, dir=1
[INFO] [1784969616.845490747] [waypoint_follower]: nearest=255, target=257, dist=1.05, alpha=0.02, vx=0.50, yaw_rate=0.01, dir=1
[INFO] [1784969617.895037586] [waypoint_follower]: nearest=256, target=258, dist=1.02, alpha=0.01, vx=0.50, yaw_rate=0.01, dir=1
[INFO] [1784969618.945248887] [waypoint_follower]: nearest=257, target=259, dist=1.00, alpha=-0.05, vx=0.50, yaw_rate=-0.04, dir=1
[INFO] [1784969619.995002598] [waypoint_follower]: nearest=258, target=260, dist=0.88, alpha=-0.04, vx=0.50, yaw_rate=-0.04, dir=1
[INFO] [1784969621.046284938] [waypoint_follower]: nearest=259, target=261, dist=0.80, alpha=-0.11, vx=0.50, yaw_rate=-0.10, dir=1
[INFO] [1784969622.095001873] [waypoint_follower]: nearest=260, target=262, dist=0.75, alpha=-0.07, vx=0.50, yaw_rate=-0.07, dir=1
[INFO] [1784969623.095500512] [waypoint_follower]: nearest=262, target=264, dist=1.11, alpha=-0.07, vx=0.50, yaw_rate=-0.06, dir=1
[INFO] [1784969624.146040384] [waypoint_follower]: nearest=262, target=264, dist=0.72, alpha=-0.15, vx=0.50, yaw_rate=-0.14, dir=1
[INFO] [1784969625.194970188] [waypoint_follower]: nearest=264, target=266, dist=1.01, alpha=-0.05, vx=0.50, yaw_rate=-0.04, dir=1
[INFO] [1784969626.201325564] [waypoint_follower]: nearest=265, target=267, dist=1.01, alpha=-0.04, vx=0.50, yaw_rate=-0.03, dir=1
[INFO] [1784969627.244876387] [waypoint_follower]: nearest=266, target=268, dist=0.97, alpha=0.00, vx=0.50, yaw_rate=0.00, dir=1
[INFO] [1784969628.244878320] [waypoint_follower]: nearest=267, target=269, dist=0.91, alpha=0.02, vx=0.50, yaw_rate=0.02, dir=1
[INFO] [1784969629.245466225] [waypoint_follower]: nearest=268, target=270, dist=0.87, alpha=-0.00, vx=0.50, yaw_rate=-0.00, dir=1
[INFO] [1784969630.294944802] [waypoint_follower]: nearest=269, target=271, dist=0.89, alpha=-0.02, vx=0.50, yaw_rate=-0.02, dir=1
[INFO] [1784969631.295146338] [waypoint_follower]: nearest=270, target=272, dist=0.85, alpha=-0.01, vx=0.50, yaw_rate=-0.01, dir=1
[INFO] [1784969632.295251785] [waypoint_follower]: nearest=271, target=273, dist=0.81, alpha=-0.02, vx=0.50, yaw_rate=-0.02, dir=1
[INFO] [1784969633.345197345] [waypoint_follower]: nearest=272, target=274, dist=0.76, alpha=-0.04, vx=0.50, yaw_rate=-0.04, dir=1
[INFO] [1784969634.394875380] [waypoint_follower]: nearest=273, target=275, dist=0.71, alpha=-0.06, vx=0.50, yaw_rate=-0.05, dir=1
[INFO] [1784969635.395847198] [waypoint_follower]: nearest=275, target=277, dist=1.14, alpha=0.03, vx=0.50, yaw_rate=0.03, dir=1
[INFO] [1784969636.445002449] [waypoint_follower]: nearest=276, target=278, dist=1.05, alpha=0.01, vx=0.50, yaw_rate=0.01, dir=1
[INFO] [1784969637.494958419] [waypoint_follower]: nearest=277, target=279, dist=1.01, alpha=0.02, vx=0.50, yaw_rate=0.01, dir=1
[INFO] [1784969638.545206341] [waypoint_follower]: nearest=278, target=280, dist=0.97, alpha=0.03, vx=0.50, yaw_rate=0.02, dir=1
[INFO] [1784969639.595172512] [waypoint_follower]: nearest=279, target=281, dist=0.81, alpha=0.04, vx=0.50, yaw_rate=0.03, dir=1
[INFO] [1784969640.595868641] [waypoint_follower]: nearest=280, target=282, dist=0.78, alpha=0.00, vx=0.50, yaw_rate=0.00, dir=1
[INFO] [1784969641.644834520] [waypoint_follower]: nearest=281, target=283, dist=0.75, alpha=-0.00, vx=0.50, yaw_rate=-0.00, dir=1
[INFO] [1784969642.648483397] [waypoint_follower]: nearest=282, target=284, dist=0.64, alpha=-0.03, vx=0.50, yaw_rate=-0.03, dir=1
[INFO] [1784969643.695279186] [waypoint_follower]: nearest=284, target=286, dist=1.01, alpha=0.03, vx=0.50, yaw_rate=0.03, dir=1
[INFO] [1784969644.745117815] [waypoint_follower]: nearest=285, target=287, dist=0.98, alpha=0.02, vx=0.50, yaw_rate=0.02, dir=1
[INFO] [1784969645.795817857] [waypoint_follower]: nearest=286, target=288, dist=0.95, alpha=0.03, vx=0.50, yaw_rate=0.03, dir=1
[INFO] [1784969646.851504848] [waypoint_follower]: nearest=287, target=289, dist=0.77, alpha=-0.02, vx=0.50, yaw_rate=-0.02, dir=1
[INFO] [1784969647.844851371] [waypoint_follower]: nearest=288, target=290, dist=0.71, alpha=-0.05, vx=0.50, yaw_rate=-0.04, dir=1
[INFO] [1784969648.846872972] [waypoint_follower]: nearest=289, target=291, dist=0.70, alpha=-0.02, vx=0.50, yaw_rate=-0.02, dir=1
[INFO] [1784969649.896963557] [waypoint_follower]: nearest=291, target=293, dist=1.01, alpha=0.03, vx=0.50, yaw_rate=0.03, dir=1
[INFO] [1784969650.897861752] [waypoint_follower]: nearest=292, target=294, dist=0.86, alpha=0.02, vx=0.50, yaw_rate=0.02, dir=1
[INFO] [1784969651.947640823] [waypoint_follower]: nearest=293, target=295, dist=0.82, alpha=-0.03, vx=0.50, yaw_rate=-0.02, dir=1
[INFO] [1784969652.995416690] [waypoint_follower]: nearest=294, target=296, dist=0.71, alpha=-0.07, vx=0.50, yaw_rate=-0.06, dir=1
[INFO] [1784969654.046101955] [waypoint_follower]: nearest=295, target=297, dist=0.68, alpha=-0.03, vx=0.50, yaw_rate=-0.03, dir=1
[INFO] [1784969655.094792403] [waypoint_follower]: nearest=297, target=299, dist=1.00, alpha=0.01, vx=0.50, yaw_rate=0.01, dir=1
[INFO] [1784969656.095367753] [waypoint_follower]: nearest=298, target=300, dist=0.91, alpha=-0.01, vx=0.50, yaw_rate=-0.01, dir=1
[INFO] [1784969657.144862781] [waypoint_follower]: nearest=299, target=301, dist=0.92, alpha=0.01, vx=0.50, yaw_rate=0.01, dir=1
[INFO] [1784969658.145266971] [waypoint_follower]: nearest=300, target=302, dist=0.79, alpha=0.00, vx=0.50, yaw_rate=0.00, dir=1
[INFO] [1784969659.194946130] [waypoint_follower]: nearest=301, target=303, dist=0.77, alpha=-0.04, vx=0.50, yaw_rate=-0.04, dir=1
[INFO] [1784969660.244897606] [waypoint_follower]: nearest=302, target=304, dist=0.76, alpha=-0.08, vx=0.50, yaw_rate=-0.07, dir=1
[INFO] [1784969661.244825292] [waypoint_follower]: nearest=303, target=305, dist=0.69, alpha=-0.09, vx=0.50, yaw_rate=-0.08, dir=1
[INFO] [1784969662.245028294] [waypoint_follower]: nearest=305, target=307, dist=1.00, alpha=-0.03, vx=0.50, yaw_rate=-0.03, dir=1
[INFO] [1784969663.245480595] [waypoint_follower]: nearest=306, target=308, dist=0.98, alpha=0.02, vx=0.50, yaw_rate=0.02, dir=1
[INFO] [1784969664.294937316] [waypoint_follower]: nearest=307, target=309, dist=0.94, alpha=0.03, vx=0.50, yaw_rate=0.03, dir=1
[INFO] [1784969665.295017763] [waypoint_follower]: nearest=308, target=310, dist=0.89, alpha=-0.03, vx=0.50, yaw_rate=-0.03, dir=1
[INFO] [1784969666.295573717] [waypoint_follower]: nearest=309, target=311, dist=0.91, alpha=0.02, vx=0.50, yaw_rate=0.02, dir=1
[INFO] [1784969667.344833956] [waypoint_follower]: nearest=310, target=312, dist=0.83, alpha=-0.01, vx=0.50, yaw_rate=-0.01, dir=1
[INFO] [1784969668.344987344] [waypoint_follower]: nearest=311, target=313, dist=0.88, alpha=-0.03, vx=0.50, yaw_rate=-0.03, dir=1
[INFO] [1784969669.344879491] [waypoint_follower]: nearest=312, target=314, dist=0.85, alpha=-0.03, vx=0.50, yaw_rate=-0.03, dir=1
[INFO] [1784969670.345002486] [waypoint_follower]: nearest=313, target=315, dist=0.82, alpha=-0.03, vx=0.50, yaw_rate=-0.03, dir=1
[INFO] [1784969671.395850029] [waypoint_follower]: nearest=314, target=316, dist=0.78, alpha=-0.03, vx=0.50, yaw_rate=-0.03, dir=1
[INFO] [1784969672.445164881] [waypoint_follower]: nearest=315, target=317, dist=0.77, alpha=-0.06, vx=0.50, yaw_rate=-0.05, dir=1
[INFO] [1784969673.495901740] [waypoint_follower]: nearest=317, target=319, dist=1.16, alpha=0.02, vx=0.50, yaw_rate=0.02, dir=1
[INFO] [1784969674.545080473] [waypoint_follower]: nearest=318, target=320, dist=1.09, alpha=0.04, vx=0.50, yaw_rate=0.04, dir=1
[INFO] [1784969675.594844069] [waypoint_follower]: nearest=319, target=321, dist=1.03, alpha=-0.01, vx=0.50, yaw_rate=-0.01, dir=1
[INFO] [1784969676.595141085] [waypoint_follower]: nearest=320, target=322, dist=1.01, alpha=-0.04, vx=0.50, yaw_rate=-0.03, dir=1
[INFO] [1784969677.607138417] [waypoint_follower]: nearest=321, target=323, dist=1.01, alpha=0.02, vx=0.50, yaw_rate=0.01, dir=1
[INFO] [1784969678.645200175] [waypoint_follower]: nearest=322, target=324, dist=0.99, alpha=-0.02, vx=0.50, yaw_rate=-0.02, dir=1
[INFO] [1784969679.649561664] [waypoint_follower]: nearest=323, target=325, dist=0.96, alpha=-0.03, vx=0.50, yaw_rate=-0.03, dir=1
[INFO] [1784969680.694702595] [waypoint_follower]: nearest=324, target=326, dist=0.92, alpha=-0.02, vx=0.50, yaw_rate=-0.02, dir=1
[INFO] [1784969681.695454354] [waypoint_follower]: nearest=325, target=327, dist=0.80, alpha=0.19, vx=0.50, yaw_rate=0.17, dir=1
[INFO] [1784969682.747307053] [waypoint_follower]: nearest=326, target=328, dist=0.75, alpha=0.14, vx=0.50, yaw_rate=0.13, dir=1
[INFO] [1784969683.795446418] [waypoint_follower]: nearest=327, target=329, dist=0.63, alpha=0.15, vx=0.50, yaw_rate=0.13, dir=1
[INFO] [1784969684.845469678] [waypoint_follower]: nearest=329, target=331, dist=1.06, alpha=0.09, vx=0.50, yaw_rate=0.08, dir=1
[INFO] [1784969685.895176222] [waypoint_follower]: nearest=330, target=332, dist=0.95, alpha=0.06, vx=0.50, yaw_rate=0.06, dir=1
[INFO] [1784969686.895998586] [waypoint_follower]: nearest=331, target=333, dist=0.94, alpha=0.15, vx=0.50, yaw_rate=0.14, dir=1
[INFO] [1784969687.945440373] [waypoint_follower]: nearest=332, target=334, dist=0.94, alpha=0.11, vx=0.50, yaw_rate=0.10, dir=1
[INFO] [1784969688.945640458] [waypoint_follower]: nearest=333, target=335, dist=0.93, alpha=0.05, vx=0.50, yaw_rate=0.04, dir=1
[INFO] [1784969689.945291891] [waypoint_follower]: nearest=334, target=336, dist=0.89, alpha=0.05, vx=0.50, yaw_rate=0.04, dir=1
[INFO] [1784969690.994904739] [waypoint_follower]: nearest=335, target=337, dist=0.82, alpha=0.12, vx=0.50, yaw_rate=0.11, dir=1
[INFO] [1784969691.996368296] [waypoint_follower]: nearest=336, target=338, dist=0.80, alpha=0.12, vx=0.50, yaw_rate=0.10, dir=1
[INFO] [1784969693.045139083] [waypoint_follower]: nearest=337, target=339, dist=0.70, alpha=0.05, vx=0.50, yaw_rate=0.04, dir=1
[INFO] [1784969694.044868334] [waypoint_follower]: nearest=338, target=340, dist=0.69, alpha=-0.00, vx=0.50, yaw_rate=-0.00, dir=1
[INFO] [1784969695.095054238] [waypoint_follower]: nearest=340, target=342, dist=1.07, alpha=0.13, vx=0.50, yaw_rate=0.12, dir=1
[INFO] [1784969696.144731076] [waypoint_follower]: nearest=341, target=343, dist=1.07, alpha=0.11, vx=0.50, yaw_rate=0.10, dir=1
[INFO] [1784969697.144814047] [waypoint_follower]: nearest=342, target=344, dist=1.17, alpha=0.11, vx=0.50, yaw_rate=0.09, dir=1
[INFO] [1784969698.144886163] [waypoint_follower]: nearest=342, target=344, dist=0.76, alpha=0.01, vx=0.50, yaw_rate=0.01, dir=1
[INFO] [1784969699.144896189] [waypoint_follower]: nearest=343, target=345, dist=0.79, alpha=-0.06, vx=0.50, yaw_rate=-0.05, dir=1
[INFO] [1784969700.194793554] [waypoint_follower]: nearest=344, target=346, dist=0.70, alpha=-0.05, vx=0.50, yaw_rate=-0.05, dir=1
[INFO] [1784969701.194870823] [waypoint_follower]: nearest=345, target=347, dist=0.69, alpha=-0.04, vx=0.50, yaw_rate=-0.04, dir=1
[INFO] [1784969702.195056488] [waypoint_follower]: nearest=346, target=348, dist=0.66, alpha=-0.03, vx=0.50, yaw_rate=-0.03, dir=1
[INFO] [1784969703.244882912] [waypoint_follower]: nearest=348, target=350, dist=1.08, alpha=0.12, vx=0.50, yaw_rate=0.11, dir=1
[INFO] [1784969704.248212732] [waypoint_follower]: nearest=349, target=351, dist=1.06, alpha=0.09, vx=0.50, yaw_rate=0.08, dir=1
[INFO] [1784969705.295404163] [waypoint_follower]: nearest=350, target=352, dist=1.00, alpha=0.04, vx=0.50, yaw_rate=0.04, dir=1
[INFO] [1784969706.295243853] [waypoint_follower]: nearest=351, target=353, dist=1.04, alpha=0.08, vx=0.50, yaw_rate=0.07, dir=1
[INFO] [1784969707.295865867] [waypoint_follower]: nearest=352, target=354, dist=1.04, alpha=0.06, vx=0.50, yaw_rate=0.05, dir=1
[INFO] [1784969708.295363850] [waypoint_follower]: nearest=353, target=355, dist=1.06, alpha=0.04, vx=0.50, yaw_rate=0.03, dir=1
[INFO] [1784969709.344792486] [waypoint_follower]: nearest=354, target=356, dist=1.03, alpha=0.03, vx=0.50, yaw_rate=0.03, dir=1
[INFO] [1784969710.345093047] [waypoint_follower]: nearest=355, target=357, dist=1.03, alpha=0.04, vx=0.50, yaw_rate=0.04, dir=1
[INFO] [1784969711.345123106] [waypoint_follower]: nearest=356, target=357, dist=0.60, alpha=-0.04, vx=0.50, yaw_rate=-0.04, dir=1
[INFO] [1784969712.195359577] [waypoint_follower]: reach end, switch to backward
[INFO] [1784969712.347160599] [waypoint_follower]: nearest=357, target=355, dist=0.75, alpha=-2.54, vx=0.00, yaw_rate=-0.45, dir=-1
[INFO] [1784969713.395451016] [waypoint_follower]: nearest=357, target=355, dist=0.84, alpha=-2.34, vx=0.00, yaw_rate=-0.45, dir=-1
[INFO] [1784969714.452365426] [waypoint_follower]: nearest=357, target=355, dist=0.85, alpha=-2.13, vx=0.00, yaw_rate=-0.45, dir=-1
[WARN] [1784969715.245307800] [waypoint_follower]: stuck recovery: nearest_index 357 -> 357
[INFO] [1784969715.495248916] [waypoint_follower]: nearest=357, target=355, dist=0.82, alpha=-1.95, vx=0.00, yaw_rate=-0.45, dir=-1
[INFO] [1784969716.497222588] [waypoint_follower]: nearest=357, target=355, dist=0.78, alpha=-1.64, vx=0.00, yaw_rate=-0.45, dir=-1
[INFO] [1784969717.545976263] [waypoint_follower]: nearest=357, target=355, dist=0.73, alpha=-1.35, vx=0.00, yaw_rate=-0.45, dir=-1
[WARN] [1784969718.245389234] [waypoint_follower]: stuck recovery: nearest_index 357 -> 357
[INFO] [1784969718.549051122] [waypoint_follower]: nearest=357, target=355, dist=0.67, alpha=-1.09, vx=0.00, yaw_rate=-0.45, dir=-1
[INFO] [1784969719.546569133] [waypoint_follower]: nearest=356, target=354, dist=0.98, alpha=-0.78, vx=0.25, yaw_rate=-0.45, dir=-1
[INFO] [1784969720.595547702] [waypoint_follower]: nearest=356, target=354, dist=0.78, alpha=-0.48, vx=0.50, yaw_rate=-0.44, dir=-1
[INFO] [1784969721.595793745] [waypoint_follower]: nearest=355, target=353, dist=0.88, alpha=-0.28, vx=0.50, yaw_rate=-0.25, dir=-1
[INFO] [1784969722.645682194] [waypoint_follower]: nearest=354, target=352, dist=0.89, alpha=-0.10, vx=0.50, yaw_rate=-0.09, dir=-1
[INFO] [1784969723.646643774] [waypoint_follower]: nearest=353, target=351, dist=0.82, alpha=-0.11, vx=0.50, yaw_rate=-0.10, dir=-1
bash: line 1: 54109 Killed                  python3 -u /home/unitree/go2_fastlio_ws/scripts/waypoint_follower_go2_2_trace.py --ros-args -p route_file:=/home/unitree/go2_fastlio_ws/patrol_logs/runs/20260725/xunjian-20260725-11/route_runtime.csv -p v_base:=0.500 -p max_vx:=0.500 -p k_yaw:=0.900 -p max_yaw_rate:=0.450 -p lookahead_distance:=0.600 -p reach_distance:=0.400 -p goal_distance:=0.250 -p loop_mode:=pingpong -p search_window:=6 -p turn_in_place_angle:=1.000 -p slow_down_angle:=0.500 -p stuck_time:=3.000 -p relocalize_distance:=1.500 -p trace_file:=/home/unitree/go2_fastlio_ws/patrol_logs/runs/20260725/xunjian-20260725-11/follower_control_trace.jsonl -p motion_enable_file:=/home/unitree/go2_fastlio_ws/patrol_logs/runs/20260725/xunjian-20260725-11/.motion_enabled -p use_body_yaw_alignment:=true -p body_yaw_topic:=/lf/sportmodestate -p body_yaw_alignment_samples:=10 -p body_yaw_alignment_max_spread_deg:=2.000 -p body_yaw_max_age:=0.250
