[INFO] [1784294055.038276976] [unitree_safe_cmd_node]: unitree_safe_cmd_node ACTIVE: obstacle -> Move(0,0,0), resume after 5 clear frames
[INFO] [1784294055.043437575] [unitree_safe_cmd_node]: output mode: Twist -> /cmd_vel
[WARN] [1784294055.056559008] [unitree_safe_cmd_node]: SAFE OVERRIDE cmd_timeout: Move x=0.000, z=0.000, raw_x=0.000, raw_z=0.000, stop_count=0, roi_count=0, nearest_x=inf, clear_frames=0
[WARN] [1784294055.551984821] [unitree_safe_cmd_node]: SAFE OVERRIDE cmd_timeout: Move x=0.000, z=0.000, raw_x=0.000, raw_z=0.000, stop_count=0, roi_count=0, nearest_x=inf, clear_frames=2
[WARN] [1784294056.051551346] [unitree_safe_cmd_node]: SAFE OVERRIDE cmd_timeout: Move x=0.000, z=0.000, raw_x=0.000, raw_z=0.000, stop_count=0, roi_count=0, nearest_x=inf, clear_frames=3
[WARN] [1784294056.551503316] [unitree_safe_cmd_node]: SAFE OVERRIDE cmd_timeout: Move x=0.000, z=0.000, raw_x=0.000, raw_z=0.000, stop_count=0, roi_count=0, nearest_x=inf, clear_frames=4
[INFO] [1784294057.101366042] [unitree_safe_cmd_node]: Move x=0.140, z=0.148, stop_count=0, roi_count=0, nearest_x=inf, clear_frames=5
[INFO] [1784294057.651427189] [unitree_safe_cmd_node]: Move x=0.200, z=0.149, stop_count=0, roi_count=0, nearest_x=inf, clear_frames=7
[INFO] [1784294058.202088606] [unitree_safe_cmd_node]: Move x=0.200, z=0.147, stop_count=0, roi_count=0, nearest_x=inf, clear_frames=8
[INFO] [1784294058.751837210] [unitree_safe_cmd_node]: Move x=0.200, z=0.147, stop_count=0, roi_count=0, nearest_x=inf, clear_frames=11
[INFO] [1784294059.301218991] [unitree_safe_cmd_node]: Move x=0.200, z=0.148, stop_count=0, roi_count=0, nearest_x=inf, clear_frames=14
[INFO] [1784294059.801323804] [unitree_safe_cmd_node]: Move x=0.200, z=0.148, stop_count=0, roi_count=0, nearest_x=inf, clear_frames=16
[INFO] [1784294060.351430543] [unitree_safe_cmd_node]: Move x=0.200, z=0.148, stop_count=0, roi_count=0, nearest_x=inf, clear_frames=18
[INFO] [1784294060.851375387] [unitree_safe_cmd_node]: Move x=0.200, z=0.147, stop_count=0, roi_count=0, nearest_x=inf, clear_frames=20
[INFO] [1784294061.351396606] [unitree_safe_cmd_node]: Move x=0.200, z=0.148, stop_count=0, roi_count=0, nearest_x=inf, clear_frames=22
[INFO] [1784294061.853942850] [unitree_safe_cmd_node]: Move x=0.200, z=0.148, stop_count=0, roi_count=0, nearest_x=inf, clear_frames=25
[INFO] [1784294062.401481658] [unitree_safe_cmd_node]: Move x=0.200, z=0.146, stop_count=0, roi_count=0, nearest_x=inf, clear_frames=28
[INFO] [1784294062.901438030] [unitree_safe_cmd_node]: Move x=0.200, z=0.148, stop_count=0, roi_count=0, nearest_x=inf, clear_frames=30
[INFO] [1784294063.451223596] [unitree_safe_cmd_node]: Move x=0.200, z=0.147, stop_count=0, roi_count=0, nearest_x=inf, clear_frames=32
[INFO] [1784294063.951793062] [unitree_safe_cmd_node]: Move x=0.200, z=0.148, stop_count=0, roi_count=0, nearest_x=inf, clear_frames=37
[INFO] [1784294064.507567816] [unitree_safe_cmd_node]: Move x=0.200, z=0.147, stop_count=0, roi_count=0, nearest_x=inf, clear_frames=44
[INFO] [1784294065.055318095] [unitree_safe_cmd_node]: Move x=0.200, z=0.146, stop_count=0, roi_count=0, nearest_x=inf, clear_frames=50
[INFO] [1784294065.600989439] [unitree_safe_cmd_node]: Move x=0.200, z=0.149, stop_count=0, roi_count=0, nearest_x=inf, clear_frames=56
[INFO] [1784294066.102582483] [unitree_safe_cmd_node]: Move x=0.200, z=0.148, stop_count=0, roi_count=0, nearest_x=inf, clear_frames=61
[INFO] [1784294066.651346605] [unitree_safe_cmd_node]: Move x=0.200, z=0.148, stop_count=0, roi_count=0, nearest_x=inf, clear_frames=66
[INFO] [1784294067.151574909] [unitree_safe_cmd_node]: Move x=0.200, z=0.148, stop_count=0, roi_count=0, nearest_x=inf, clear_frames=69
[INFO] [1784294067.651451660] [unitree_safe_cmd_node]: Move x=0.200, z=0.149, stop_count=0, roi_count=0, nearest_x=inf, clear_frames=71
[INFO] [1784294068.152594369] [unitree_safe_cmd_node]: Move x=0.200, z=0.148, stop_count=0, roi_count=0, nearest_x=inf, clear_frames=74
[INFO] [1784294068.701450885] [unitree_safe_cmd_node]: Move x=0.200, z=0.147, stop_count=0, roi_count=0, nearest_x=inf, clear_frames=80
[INFO] [1784294069.202487310] [unitree_safe_cmd_node]: Move x=0.200, z=0.148, stop_count=0, roi_count=0, nearest_x=inf, clear_frames=85
[INFO] [1784294069.751036911] [unitree_safe_cmd_node]: Move x=0.200, z=0.148, stop_count=0, roi_count=0, nearest_x=inf, clear_frames=92
[INFO] [1784294070.251761235] [unitree_safe_cmd_node]: Move x=0.200, z=0.148, stop_count=0, roi_count=0, nearest_x=inf, clear_frames=97
[INFO] [1784294070.801310239] [unitree_safe_cmd_node]: Move x=0.200, z=0.149, stop_count=0, roi_count=0, nearest_x=inf, clear_frames=104
[INFO] [1784294071.351012993] [unitree_safe_cmd_node]: Move x=0.200, z=0.147, stop_count=0, roi_count=0, nearest_x=inf, clear_frames=110
[INFO] [1784294071.851017341] [unitree_safe_cmd_node]: Move x=0.200, z=0.149, stop_count=0, roi_count=0, nearest_x=inf, clear_frames=116
[INFO] [1784294072.351504635] [unitree_safe_cmd_node]: Move x=0.200, z=0.148, stop_count=0, roi_count=0, nearest_x=inf, clear_frames=121
[INFO] [1784294072.851470915] [unitree_safe_cmd_node]: Move x=0.200, z=0.148, stop_count=0, roi_count=0, nearest_x=inf, clear_frames=127
[INFO] [1784294073.352108990] [unitree_safe_cmd_node]: Move x=0.200, z=0.149, stop_count=0, roi_count=0, nearest_x=inf, clear_frames=133
[INFO] [1784294073.851581454] [unitree_safe_cmd_node]: Move x=0.200, z=0.149, stop_count=0, roi_count=0, nearest_x=inf, clear_frames=138
[INFO] [1784294074.352068580] [unitree_safe_cmd_node]: Move x=0.200, z=0.148, stop_count=0, roi_count=0, nearest_x=inf, clear_frames=143
[INFO] [1784294074.901050874] [unitree_safe_cmd_node]: Move x=0.200, z=0.150, stop_count=0, roi_count=0, nearest_x=inf, clear_frames=149
[INFO] [1784294075.405865287] [unitree_safe_cmd_node]: Move x=0.200, z=0.149, stop_count=0, roi_count=0, nearest_x=inf, clear_frames=155
[INFO] [1784294075.951302607] [unitree_safe_cmd_node]: Move x=0.200, z=0.148, stop_count=0, roi_count=0, nearest_x=inf, clear_frames=161
[INFO] [1784294076.457582700] [unitree_safe_cmd_node]: Move x=0.200, z=0.148, stop_count=0, roi_count=0, nearest_x=inf, clear_frames=167
[INFO] [1784294077.001292847] [unitree_safe_cmd_node]: Move x=0.200, z=0.148, stop_count=0, roi_count=0, nearest_x=inf, clear_frames=173
[INFO] [1784294077.502339884] [unitree_safe_cmd_node]: Move x=0.200, z=0.150, stop_count=0, roi_count=0, nearest_x=inf, clear_frames=178
[INFO] [1784294078.051087735] [unitree_safe_cmd_node]: Move x=0.200, z=0.148, stop_count=0, roi_count=0, nearest_x=inf, clear_frames=185
[INFO] [1784294078.551532557] [unitree_safe_cmd_node]: Move x=0.200, z=0.148, stop_count=0, roi_count=0, nearest_x=inf, clear_frames=189
[INFO] [1784294079.052040544] [unitree_safe_cmd_node]: Move x=0.200, z=0.149, stop_count=0, roi_count=0, nearest_x=inf, clear_frames=195
[INFO] [1784294079.601928873] [unitree_safe_cmd_node]: Move x=0.200, z=0.148, stop_count=0, roi_count=0, nearest_x=inf, clear_frames=201
[INFO] [1784294080.151079293] [unitree_safe_cmd_node]: Move x=0.200, z=0.148, stop_count=0, roi_count=0, nearest_x=inf, clear_frames=208
[INFO] [1784294080.651270809] [unitree_safe_cmd_node]: Move x=0.200, z=0.147, stop_count=0, roi_count=0, nearest_x=inf, clear_frames=213
[INFO] [1784294081.201023373] [unitree_safe_cmd_node]: Move x=0.200, z=0.148, stop_count=0, roi_count=0, nearest_x=inf, clear_frames=218
[INFO] [1784294081.701489910] [unitree_safe_cmd_node]: Move x=0.200, z=0.149, stop_count=0, roi_count=0, nearest_x=inf, clear_frames=223
[INFO] [1784294082.251056024] [unitree_safe_cmd_node]: Move x=0.200, z=0.148, stop_count=0, roi_count=0, nearest_x=inf, clear_frames=229
[INFO] [1784294082.801150442] [unitree_safe_cmd_node]: Move x=0.200, z=0.149, stop_count=0, roi_count=0, nearest_x=inf, clear_frames=234
[INFO] [1784294083.301372146] [unitree_safe_cmd_node]: Move x=0.200, z=0.150, stop_count=0, roi_count=0, nearest_x=inf, clear_frames=239
[INFO] [1784294083.805600021] [unitree_safe_cmd_node]: Move x=0.200, z=0.149, stop_count=0, roi_count=0, nearest_x=inf, clear_frames=245
[INFO] [1784294084.351897465] [unitree_safe_cmd_node]: Move x=0.200, z=0.148, stop_count=0, roi_count=0, nearest_x=inf, clear_frames=250
[INFO] [1784294084.901299415] [unitree_safe_cmd_node]: Move x=0.200, z=0.150, stop_count=0, roi_count=0, nearest_x=inf, clear_frames=255
[INFO] [1784294085.401314266] [unitree_safe_cmd_node]: Move x=0.200, z=0.149, stop_count=0, roi_count=0, nearest_x=inf, clear_frames=260
[INFO] [1784294085.903849944] [unitree_safe_cmd_node]: Move x=0.200, z=0.149, stop_count=0, roi_count=0, nearest_x=inf, clear_frames=265
[INFO] [1784294086.451490897] [unitree_safe_cmd_node]: Move x=0.200, z=0.148, stop_count=0, roi_count=0, nearest_x=inf, clear_frames=270
[INFO] [1784294086.951532443] [unitree_safe_cmd_node]: Move x=0.200, z=0.149, stop_count=0, roi_count=0, nearest_x=inf, clear_frames=275
[INFO] [1784294087.457234479] [unitree_safe_cmd_node]: Move x=0.200, z=0.150, stop_count=0, roi_count=0, nearest_x=inf, clear_frames=281
[INFO] [1784294088.001545653] [unitree_safe_cmd_node]: Move x=0.200, z=0.149, stop_count=0, roi_count=0, nearest_x=inf, clear_frames=286
[INFO] [1784294088.551526317] [unitree_safe_cmd_node]: Move x=0.200, z=0.150, stop_count=0, roi_count=0, nearest_x=inf, clear_frames=292
[INFO] [1784294089.051781728] [unitree_safe_cmd_node]: Move x=0.200, z=0.149, stop_count=0, roi_count=0, nearest_x=inf, clear_frames=297
[INFO] [1784294089.551758416] [unitree_safe_cmd_node]: Move x=0.200, z=0.149, stop_count=0, roi_count=0, nearest_x=inf, clear_frames=302
[INFO] [1784294090.102755448] [unitree_safe_cmd_node]: Move x=0.200, z=0.149, stop_count=0, roi_count=0, nearest_x=inf, clear_frames=306
[INFO] [1784294090.651283154] [unitree_safe_cmd_node]: Move x=0.200, z=0.150, stop_count=0, roi_count=0, nearest_x=inf, clear_frames=310
[INFO] [1784294091.201296752] [unitree_safe_cmd_node]: Move x=0.200, z=0.150, stop_count=0, roi_count=0, nearest_x=inf, clear_frames=316
[INFO] [1784294091.701452599] [unitree_safe_cmd_node]: Move x=0.200, z=0.149, stop_count=0, roi_count=0, nearest_x=inf, clear_frames=322
[INFO] [1784294092.203251813] [unitree_safe_cmd_node]: Move x=0.200, z=0.149, stop_count=0, roi_count=0, nearest_x=inf, clear_frames=328
[INFO] [1784294092.751500534] [unitree_safe_cmd_node]: Move x=0.200, z=0.149, stop_count=0, roi_count=0, nearest_x=inf, clear_frames=334
[INFO] [1784294093.301410714] [unitree_safe_cmd_node]: Move x=0.200, z=0.148, stop_count=0, roi_count=0, nearest_x=inf, clear_frames=339
[INFO] [1784294093.852994677] [unitree_safe_cmd_node]: Move x=0.200, z=0.149, stop_count=0, roi_count=0, nearest_x=inf, clear_frames=345
[INFO] [1784294094.401536360] [unitree_safe_cmd_node]: Move x=0.200, z=0.151, stop_count=0, roi_count=0, nearest_x=inf, clear_frames=350
[INFO] [1784294094.951198914] [unitree_safe_cmd_node]: Move x=0.200, z=0.148, stop_count=0, roi_count=0, nearest_x=inf, clear_frames=356
[INFO] [1784294095.452621558] [unitree_safe_cmd_node]: Move x=0.200, z=0.148, stop_count=0, roi_count=0, nearest_x=inf, clear_frames=361
[INFO] [1784294095.952875960] [unitree_safe_cmd_node]: Move x=0.200, z=0.148, stop_count=0, roi_count=0, nearest_x=inf, clear_frames=366
[INFO] [1784294096.501642491] [unitree_safe_cmd_node]: Move x=0.200, z=0.149, stop_count=0, roi_count=0, nearest_x=inf, clear_frames=370
[INFO] [1784294097.002058678] [unitree_safe_cmd_node]: Move x=0.200, z=0.149, stop_count=0, roi_count=0, nearest_x=inf, clear_frames=376
[INFO] [1784294097.508186354] [unitree_safe_cmd_node]: Move x=0.200, z=0.149, stop_count=0, roi_count=0, nearest_x=inf, clear_frames=381
[INFO] [1784294098.051050925] [unitree_safe_cmd_node]: Move x=0.200, z=0.148, stop_count=0, roi_count=0, nearest_x=inf, clear_frames=387
[INFO] [1784294098.551466221] [unitree_safe_cmd_node]: Move x=0.200, z=0.149, stop_count=0, roi_count=0, nearest_x=inf, clear_frames=392
[INFO] [1784294099.101427359] [unitree_safe_cmd_node]: Move x=0.200, z=0.150, stop_count=0, roi_count=0, nearest_x=inf, clear_frames=397
[INFO] [1784294099.651044591] [unitree_safe_cmd_node]: Move x=0.200, z=0.148, stop_count=0, roi_count=0, nearest_x=inf, clear_frames=403
[INFO] [1784294100.151177326] [unitree_safe_cmd_node]: Move x=0.200, z=0.149, stop_count=0, roi_count=0, nearest_x=inf, clear_frames=408
[INFO] [1784294100.655109782] [unitree_safe_cmd_node]: Move x=0.200, z=0.149, stop_count=0, roi_count=0, nearest_x=inf, clear_frames=411
[INFO] [1784294101.201718551] [unitree_safe_cmd_node]: Move x=0.200, z=0.150, stop_count=0, roi_count=0, nearest_x=inf, clear_frames=417
[INFO] [1784294101.751115888] [unitree_safe_cmd_node]: Move x=0.200, z=0.149, stop_count=0, roi_count=0, nearest_x=inf, clear_frames=422
[INFO] [1784294102.251212583] [unitree_safe_cmd_node]: Move x=0.200, z=0.149, stop_count=0, roi_count=0, nearest_x=inf, clear_frames=426
[INFO] [1784294102.752816749] [unitree_safe_cmd_node]: Move x=0.200, z=0.149, stop_count=0, roi_count=0, nearest_x=inf, clear_frames=430
[INFO] [1784294103.302058594] [unitree_safe_cmd_node]: Move x=0.200, z=0.150, stop_count=0, roi_count=0, nearest_x=inf, clear_frames=434
[INFO] [1784294103.801640662] [unitree_safe_cmd_node]: Move x=0.200, z=0.150, stop_count=0, roi_count=0, nearest_x=inf, clear_frames=439
[INFO] [1784294104.351535287] [unitree_safe_cmd_node]: Move x=0.200, z=0.150, stop_count=0, roi_count=0, nearest_x=inf, clear_frames=446
[INFO] [1784294104.851748587] [unitree_safe_cmd_node]: Move x=0.200, z=0.149, stop_count=0, roi_count=0, nearest_x=inf, clear_frames=451
[INFO] [1784294105.401651620] [unitree_safe_cmd_node]: Move x=0.200, z=0.149, stop_count=0, roi_count=0, nearest_x=inf, clear_frames=457
[INFO] [1784294105.950998643] [unitree_safe_cmd_node]: Move x=0.200, z=0.150, stop_count=0, roi_count=0, nearest_x=inf, clear_frames=463
[INFO] [1784294106.466020597] [unitree_safe_cmd_node]: Move x=0.200, z=0.149, stop_count=0, roi_count=0, nearest_x=inf, clear_frames=468
[INFO] [1784294107.001501277] [unitree_safe_cmd_node]: Move x=0.200, z=0.149, stop_count=0, roi_count=0, nearest_x=inf, clear_frames=473
[INFO] [1784294107.551621116] [unitree_safe_cmd_node]: Move x=0.200, z=0.150, stop_count=0, roi_count=0, nearest_x=inf, clear_frames=479
[INFO] [1784294108.101655257] [unitree_safe_cmd_node]: Move x=0.200, z=0.148, stop_count=0, roi_count=0, nearest_x=inf, clear_frames=484
[INFO] [1784294108.652305933] [unitree_safe_cmd_node]: Move x=0.200, z=0.150, stop_count=0, roi_count=0, nearest_x=inf, clear_frames=490
[INFO] [1784294109.201289213] [unitree_safe_cmd_node]: Move x=0.200, z=0.151, stop_count=0, roi_count=0, nearest_x=inf, clear_frames=495
[INFO] [1784294109.701708251] [unitree_safe_cmd_node]: Move x=0.200, z=0.150, stop_count=0, roi_count=0, nearest_x=inf, clear_frames=500
[INFO] [1784294110.251571639] [unitree_safe_cmd_node]: Move x=0.200, z=0.149, stop_count=0, roi_count=0, nearest_x=inf, clear_frames=506
[INFO] [1784294110.751576819] [unitree_safe_cmd_node]: Move x=0.200, z=0.149, stop_count=0, roi_count=0, nearest_x=inf, clear_frames=511
[INFO] [1784294111.301639799] [unitree_safe_cmd_node]: Move x=0.200, z=0.151, stop_count=0, roi_count=0, nearest_x=inf, clear_frames=515
[INFO] [1784294111.802354707] [unitree_safe_cmd_node]: Move x=0.200, z=0.150, stop_count=0, roi_count=0, nearest_x=inf, clear_frames=519
[INFO] [1784294112.354879305] [unitree_safe_cmd_node]: Move x=0.200, z=0.149, stop_count=0, roi_count=0, nearest_x=inf, clear_frames=521
[INFO] [1784294112.854163887] [unitree_safe_cmd_node]: Move x=0.200, z=0.149, stop_count=0, roi_count=0, nearest_x=inf, clear_frames=522
[INFO] [1784294113.354060645] [unitree_safe_cmd_node]: Move x=0.200, z=0.149, stop_count=0, roi_count=0, nearest_x=inf, clear_frames=522
[INFO] [1784294113.903619930] [unitree_safe_cmd_node]: Move x=0.200, z=0.149, stop_count=0, roi_count=0, nearest_x=inf, clear_frames=524
[INFO] [1784294114.451448565] [unitree_safe_cmd_node]: Move x=0.200, z=0.150, stop_count=0, roi_count=0, nearest_x=inf, clear_frames=525
[INFO] [1784294114.952443926] [unitree_safe_cmd_node]: Move x=0.200, z=0.150, stop_count=0, roi_count=0, nearest_x=inf, clear_frames=526
[INFO] [1784294115.502168175] [unitree_safe_cmd_node]: Move x=0.200, z=0.150, stop_count=0, roi_count=0, nearest_x=inf, clear_frames=527
[INFO] [1784294116.001855053] [unitree_safe_cmd_node]: Move x=0.200, z=0.151, stop_count=0, roi_count=0, nearest_x=inf, clear_frames=530
[INFO] [1784294116.551402604] [unitree_safe_cmd_node]: Move x=0.200, z=0.151, stop_count=0, roi_count=0, nearest_x=inf, clear_frames=533
[INFO] [1784294117.101714902] [unitree_safe_cmd_node]: Move x=0.200, z=0.151, stop_count=0, roi_count=0, nearest_x=inf, clear_frames=536
[INFO] [1784294117.651463322] [unitree_safe_cmd_node]: Move x=0.200, z=0.151, stop_count=0, roi_count=0, nearest_x=inf, clear_frames=538
[INFO] [1784294118.153360205] [unitree_safe_cmd_node]: Move x=0.200, z=0.151, stop_count=0, roi_count=0, nearest_x=inf, clear_frames=540
[INFO] [1784294118.702361568] [unitree_safe_cmd_node]: Move x=0.200, z=0.150, stop_count=0, roi_count=0, nearest_x=inf, clear_frames=543
[INFO] [1784294119.251443868] [unitree_safe_cmd_node]: Move x=0.200, z=0.149, stop_count=0, roi_count=0, nearest_x=inf, clear_frames=545
[INFO] [1784294119.801603247] [unitree_safe_cmd_node]: Move x=0.200, z=0.152, stop_count=0, roi_count=0, nearest_x=inf, clear_frames=547
[INFO] [1784294120.351805950] [unitree_safe_cmd_node]: Move x=0.200, z=0.150, stop_count=0, roi_count=0, nearest_x=inf, clear_frames=551
[INFO] [1784294120.901123830] [unitree_safe_cmd_node]: Move x=0.200, z=0.150, stop_count=0, roi_count=0, nearest_x=inf, clear_frames=558
[INFO] [1784294121.401348618] [unitree_safe_cmd_node]: Move x=0.200, z=0.150, stop_count=0, roi_count=0, nearest_x=inf, clear_frames=563
[INFO] [1784294121.953316034] [unitree_safe_cmd_node]: Move x=0.200, z=0.151, stop_count=0, roi_count=0, nearest_x=inf, clear_frames=570
[INFO] [1784294122.501895288] [unitree_safe_cmd_node]: Move x=0.200, z=0.150, stop_count=0, roi_count=0, nearest_x=inf, clear_frames=576
[INFO] [1784294123.052124885] [unitree_safe_cmd_node]: Move x=0.200, z=0.150, stop_count=0, roi_count=0, nearest_x=inf, clear_frames=582
[INFO] [1784294123.552058953] [unitree_safe_cmd_node]: Move x=0.200, z=0.150, stop_count=0, roi_count=0, nearest_x=inf, clear_frames=587
[INFO] [1784294124.101272897] [unitree_safe_cmd_node]: Move x=0.200, z=0.150, stop_count=0, roi_count=0, nearest_x=inf, clear_frames=593
[INFO] [1784294124.601497342] [unitree_safe_cmd_node]: Move x=0.200, z=0.150, stop_count=0, roi_count=0, nearest_x=inf, clear_frames=598
[INFO] [1784294125.105167076] [unitree_safe_cmd_node]: Move x=0.200, z=0.149, stop_count=0, roi_count=0, nearest_x=inf, clear_frames=604
[INFO] [1784294125.651484537] [unitree_safe_cmd_node]: Move x=0.200, z=0.151, stop_count=0, roi_count=0, nearest_x=inf, clear_frames=610
[INFO] [1784294126.201914265] [unitree_safe_cmd_node]: Move x=0.200, z=0.149, stop_count=0, roi_count=0, nearest_x=inf, clear_frames=616
[INFO] [1784294126.751511292] [unitree_safe_cmd_node]: Move x=0.200, z=0.149, stop_count=0, roi_count=0, nearest_x=inf, clear_frames=622
[INFO] [1784294127.301577808] [unitree_safe_cmd_node]: Move x=0.200, z=0.150, stop_count=0, roi_count=0, nearest_x=inf, clear_frames=628
[INFO] [1784294127.852650074] [unitree_safe_cmd_node]: Move x=0.200, z=0.148, stop_count=0, roi_count=0, nearest_x=inf, clear_frames=635
[INFO] [1784294128.401095269] [unitree_safe_cmd_node]: Move x=0.200, z=0.150, stop_count=0, roi_count=0, nearest_x=inf, clear_frames=641
[INFO] [1784294128.901643996] [unitree_safe_cmd_node]: Move x=0.200, z=0.149, stop_count=0, roi_count=0, nearest_x=inf, clear_frames=646
[INFO] [1784294129.402500898] [unitree_safe_cmd_node]: Move x=0.200, z=0.150, stop_count=0, roi_count=0, nearest_x=inf, clear_frames=651
[INFO] [1784294129.951624512] [unitree_safe_cmd_node]: Move x=0.200, z=0.149, stop_count=0, roi_count=0, nearest_x=inf, clear_frames=657
[INFO] [1784294130.502522404] [unitree_safe_cmd_node]: Move x=0.200, z=0.151, stop_count=0, roi_count=0, nearest_x=inf, clear_frames=663
[INFO] [1784294131.051226588] [unitree_safe_cmd_node]: Move x=0.200, z=0.150, stop_count=0, roi_count=0, nearest_x=inf, clear_frames=669
[INFO] [1784294131.601379405] [unitree_safe_cmd_node]: Move x=0.200, z=0.150, stop_count=0, roi_count=0, nearest_x=inf, clear_frames=675
[INFO] [1784294132.102135426] [unitree_safe_cmd_node]: Move x=0.200, z=0.150, stop_count=0, roi_count=0, nearest_x=inf, clear_frames=679
[INFO] [1784294132.651137361] [unitree_safe_cmd_node]: Move x=0.200, z=0.151, stop_count=0, roi_count=0, nearest_x=inf, clear_frames=686
[INFO] [1784294133.154790127] [unitree_safe_cmd_node]: Move x=0.200, z=0.149, stop_count=0, roi_count=0, nearest_x=inf, clear_frames=691
[INFO] [1784294133.701215991] [unitree_safe_cmd_node]: Move x=0.200, z=0.150, stop_count=0, roi_count=0, nearest_x=inf, clear_frames=698
[INFO] [1784294134.202355049] [unitree_safe_cmd_node]: Move x=0.200, z=0.150, stop_count=0, roi_count=0, nearest_x=inf, clear_frames=702
[INFO] [1784294134.750995956] [unitree_safe_cmd_node]: Move x=0.200, z=0.151, stop_count=0, roi_count=0, nearest_x=inf, clear_frames=709
[INFO] [1784294135.301544281] [unitree_safe_cmd_node]: Move x=0.200, z=0.150, stop_count=0, roi_count=0, nearest_x=inf, clear_frames=714
[INFO] [1784294135.851482302] [unitree_safe_cmd_node]: Move x=0.200, z=0.150, stop_count=0, roi_count=0, nearest_x=inf, clear_frames=720
[INFO] [1784294136.351825650] [unitree_safe_cmd_node]: Move x=0.200, z=0.150, stop_count=0, roi_count=0, nearest_x=inf, clear_frames=725
[INFO] [1784294136.851844285] [unitree_safe_cmd_node]: Move x=0.200, z=0.152, stop_count=0, roi_count=0, nearest_x=inf, clear_frames=728
[INFO] [1784294137.402444241] [unitree_safe_cmd_node]: Move x=0.200, z=0.150, stop_count=0, roi_count=0, nearest_x=inf, clear_frames=732
[INFO] [1784294137.951678334] [unitree_safe_cmd_node]: Move x=0.200, z=0.150, stop_count=0, roi_count=0, nearest_x=inf, clear_frames=737
[INFO] [1784294138.501080156] [unitree_safe_cmd_node]: Move x=0.200, z=0.150, stop_count=0, roi_count=0, nearest_x=inf, clear_frames=743
[INFO] [1784294139.001315033] [unitree_safe_cmd_node]: Move x=0.200, z=0.150, stop_count=0, roi_count=0, nearest_x=inf, clear_frames=748
[INFO] [1784294139.551104074] [unitree_safe_cmd_node]: Move x=0.200, z=0.150, stop_count=0, roi_count=0, nearest_x=inf, clear_frames=754
[INFO] [1784294140.053670107] [unitree_safe_cmd_node]: Move x=0.200, z=0.149, stop_count=0, roi_count=0, nearest_x=inf, clear_frames=759
[INFO] [1784294140.601311323] [unitree_safe_cmd_node]: Move x=0.200, z=0.150, stop_count=0, roi_count=0, nearest_x=inf, clear_frames=766
[INFO] [1784294141.101185170] [unitree_safe_cmd_node]: Move x=0.200, z=0.151, stop_count=0, roi_count=0, nearest_x=inf, clear_frames=771
[INFO] [1784294141.601445655] [unitree_safe_cmd_node]: Move x=0.200, z=0.151, stop_count=0, roi_count=0, nearest_x=inf, clear_frames=777
[INFO] [1784294142.151492943] [unitree_safe_cmd_node]: Move x=0.200, z=0.149, stop_count=0, roi_count=0, nearest_x=inf, clear_frames=783
[INFO] [1784294142.653018941] [unitree_safe_cmd_node]: Move x=0.200, z=0.151, stop_count=0, roi_count=0, nearest_x=inf, clear_frames=787
[INFO] [1784294143.153447670] [unitree_safe_cmd_node]: Move x=0.200, z=0.150, stop_count=0, roi_count=0, nearest_x=inf, clear_frames=791
[INFO] [1784294143.701793636] [unitree_safe_cmd_node]: Move x=0.200, z=0.150, stop_count=0, roi_count=0, nearest_x=inf, clear_frames=796
[INFO] [1784294144.251040442] [unitree_safe_cmd_node]: Move x=0.200, z=0.150, stop_count=0, roi_count=0, nearest_x=inf, clear_frames=802
[INFO] [1784294144.801176788] [unitree_safe_cmd_node]: Move x=0.200, z=0.151, stop_count=0, roi_count=0, nearest_x=inf, clear_frames=808
[INFO] [1784294145.301538886] [unitree_safe_cmd_node]: Move x=0.200, z=0.149, stop_count=0, roi_count=0, nearest_x=inf, clear_frames=813
[INFO] [1784294145.802043480] [unitree_safe_cmd_node]: Move x=0.200, z=0.149, stop_count=0, roi_count=0, nearest_x=inf, clear_frames=818
[INFO] [1784294146.351143236] [unitree_safe_cmd_node]: Move x=0.200, z=0.150, stop_count=0, roi_count=0, nearest_x=inf, clear_frames=824
[INFO] [1784294146.851445993] [unitree_safe_cmd_node]: Move x=0.200, z=0.150, stop_count=0, roi_count=0, nearest_x=inf, clear_frames=829
[INFO] [1784294147.352004642] [unitree_safe_cmd_node]: Move x=0.200, z=0.151, stop_count=0, roi_count=0, nearest_x=inf, clear_frames=834
[INFO] [1784294147.901239061] [unitree_safe_cmd_node]: Move x=0.200, z=0.150, stop_count=0, roi_count=0, nearest_x=inf, clear_frames=839
[INFO] [1784294148.401529316] [unitree_safe_cmd_node]: Move x=0.200, z=0.151, stop_count=0, roi_count=0, nearest_x=inf, clear_frames=844
[INFO] [1784294148.951199355] [unitree_safe_cmd_node]: Move x=0.200, z=0.150, stop_count=0, roi_count=0, nearest_x=inf, clear_frames=850
[INFO] [1784294149.451185329] [unitree_safe_cmd_node]: Move x=0.200, z=0.151, stop_count=0, roi_count=0, nearest_x=inf, clear_frames=855
[INFO] [1784294150.001419108] [unitree_safe_cmd_node]: Move x=0.200, z=0.150, stop_count=0, roi_count=0, nearest_x=inf, clear_frames=859
[INFO] [1784294150.514196701] [unitree_safe_cmd_node]: Move x=0.200, z=0.151, stop_count=0, roi_count=0, nearest_x=inf, clear_frames=865
[INFO] [1784294151.063444723] [unitree_safe_cmd_node]: Move x=0.200, z=0.150, stop_count=0, roi_count=0, nearest_x=inf, clear_frames=870
[INFO] [1784294151.601592941] [unitree_safe_cmd_node]: Move x=0.200, z=0.150, stop_count=0, roi_count=0, nearest_x=inf, clear_frames=875
[INFO] [1784294152.150991310] [unitree_safe_cmd_node]: Move x=0.200, z=0.150, stop_count=0, roi_count=0, nearest_x=inf, clear_frames=881
[INFO] [1784294152.651480501] [unitree_safe_cmd_node]: Move x=0.200, z=0.150, stop_count=0, roi_count=0, nearest_x=inf, clear_frames=886
[INFO] [1784294153.201399743] [unitree_safe_cmd_node]: Move x=0.200, z=0.150, stop_count=0, roi_count=0, nearest_x=inf, clear_frames=891
[INFO] [1784294153.701302578] [unitree_safe_cmd_node]: Move x=0.200, z=0.150, stop_count=0, roi_count=0, nearest_x=inf, clear_frames=896
[INFO] [1784294154.205489466] [unitree_safe_cmd_node]: Move x=0.200, z=0.150, stop_count=0, roi_count=0, nearest_x=inf, clear_frames=901
[INFO] [1784294154.751358885] [unitree_safe_cmd_node]: Move x=0.200, z=0.150, stop_count=0, roi_count=0, nearest_x=inf, clear_frames=907
[INFO] [1784294155.301620245] [unitree_safe_cmd_node]: Move x=0.200, z=0.151, stop_count=0, roi_count=0, nearest_x=inf, clear_frames=912
[INFO] [1784294155.851233682] [unitree_safe_cmd_node]: Move x=0.200, z=0.150, stop_count=0, roi_count=0, nearest_x=inf, clear_frames=918
[INFO] [1784294156.351348085] [unitree_safe_cmd_node]: Move x=0.200, z=0.151, stop_count=0, roi_count=0, nearest_x=inf, clear_frames=923
[INFO] [1784294156.901254072] [unitree_safe_cmd_node]: Move x=0.200, z=0.150, stop_count=0, roi_count=0, nearest_x=inf, clear_frames=928
[INFO] [1784294157.401424571] [unitree_safe_cmd_node]: Move x=0.200, z=0.150, stop_count=0, roi_count=0, nearest_x=inf, clear_frames=933
[INFO] [1784294157.955391481] [unitree_safe_cmd_node]: Move x=0.200, z=0.150, stop_count=0, roi_count=0, nearest_x=inf, clear_frames=939
[INFO] [1784294158.501213264] [unitree_safe_cmd_node]: Move x=0.200, z=0.151, stop_count=0, roi_count=0, nearest_x=inf, clear_frames=944
[INFO] [1784294159.001325762] [unitree_safe_cmd_node]: Move x=0.200, z=0.151, stop_count=0, roi_count=0, nearest_x=inf, clear_frames=949
[INFO] [1784294159.501276567] [unitree_safe_cmd_node]: Move x=0.200, z=0.151, stop_count=0, roi_count=0, nearest_x=inf, clear_frames=954
[INFO] [1784294160.002552517] [unitree_safe_cmd_node]: Move x=0.200, z=0.150, stop_count=0, roi_count=0, nearest_x=inf, clear_frames=959
[INFO] [1784294160.551840030] [unitree_safe_cmd_node]: Move x=0.200, z=0.151, stop_count=0, roi_count=0, nearest_x=inf, clear_frames=962
[INFO] [1784294161.101551663] [unitree_safe_cmd_node]: Move x=0.200, z=0.152, stop_count=0, roi_count=0, nearest_x=inf, clear_frames=964
[INFO] [1784294161.602917874] [unitree_safe_cmd_node]: Move x=0.200, z=0.150, stop_count=0, roi_count=0, nearest_x=inf, clear_frames=967
[INFO] [1784294162.105033657] [unitree_safe_cmd_node]: Move x=0.200, z=0.151, stop_count=0, roi_count=0, nearest_x=inf, clear_frames=971
[INFO] [1784294162.650959132] [unitree_safe_cmd_node]: Move x=0.200, z=0.151, stop_count=0, roi_count=0, nearest_x=inf, clear_frames=977
[INFO] [1784294163.151583401] [unitree_safe_cmd_node]: Move x=0.200, z=0.150, stop_count=0, roi_count=0, nearest_x=inf, clear_frames=982
[INFO] [1784294163.701195685] [unitree_safe_cmd_node]: Move x=0.200, z=0.150, stop_count=0, roi_count=0, nearest_x=inf, clear_frames=989
[INFO] [1784294164.202659298] [unitree_safe_cmd_node]: Move x=0.200, z=0.151, stop_count=0, roi_count=0, nearest_x=inf, clear_frames=994
[INFO] [1784294164.751611561] [unitree_safe_cmd_node]: Move x=0.200, z=0.150, stop_count=0, roi_count=0, nearest_x=inf, clear_frames=1000
[INFO] [1784294165.301515533] [unitree_safe_cmd_node]: Move x=0.200, z=0.152, stop_count=0, roi_count=0, nearest_x=inf, clear_frames=1006
[INFO] [1784294165.851292254] [unitree_safe_cmd_node]: Move x=0.200, z=0.149, stop_count=0, roi_count=0, nearest_x=inf, clear_frames=1013
[INFO] [1784294166.356944852] [unitree_safe_cmd_node]: Move x=0.200, z=0.151, stop_count=0, roi_count=0, nearest_x=inf, clear_frames=1019
[INFO] [1784294166.908342501] [unitree_safe_cmd_node]: Move x=0.200, z=0.151, stop_count=0, roi_count=0, nearest_x=inf, clear_frames=1024
[INFO] [1784294167.402253865] [unitree_safe_cmd_node]: Move x=0.200, z=0.150, stop_count=0, roi_count=0, nearest_x=inf, clear_frames=1028
[INFO] [1784294167.951825359] [unitree_safe_cmd_node]: Move x=0.200, z=0.150, stop_count=0, roi_count=0, nearest_x=inf, clear_frames=1035
[INFO] [1784294168.453057318] [unitree_safe_cmd_node]: Move x=0.200, z=0.151, stop_count=0, roi_count=0, nearest_x=inf, clear_frames=1038
[INFO] [1784294169.001835006] [unitree_safe_cmd_node]: Move x=0.200, z=0.151, stop_count=0, roi_count=0, nearest_x=inf, clear_frames=1044
[INFO] [1784294169.550970711] [unitree_safe_cmd_node]: Move x=0.200, z=0.151, stop_count=0, roi_count=0, nearest_x=inf, clear_frames=1051
[INFO] [1784294170.051295503] [unitree_safe_cmd_node]: Move x=0.200, z=0.150, stop_count=0, roi_count=0, nearest_x=inf, clear_frames=1056
[INFO] [1784294170.551636531] [unitree_safe_cmd_node]: Move x=0.200, z=0.151, stop_count=0, roi_count=0, nearest_x=inf, clear_frames=1062
[INFO] [1784294171.101010907] [unitree_safe_cmd_node]: Move x=0.200, z=0.152, stop_count=0, roi_count=0, nearest_x=inf, clear_frames=1068
[INFO] [1784294171.601615702] [unitree_safe_cmd_node]: Move x=0.200, z=0.151, stop_count=0, roi_count=0, nearest_x=inf, clear_frames=1073
[INFO] [1784294172.151060483] [unitree_safe_cmd_node]: Move x=0.200, z=0.151, stop_count=0, roi_count=0, nearest_x=inf, clear_frames=1079
[INFO] [1784294172.651833005] [unitree_safe_cmd_node]: Move x=0.200, z=0.150, stop_count=0, roi_count=0, nearest_x=inf, clear_frames=1084
[INFO] [1784294173.201541554] [unitree_safe_cmd_node]: Move x=0.200, z=0.150, stop_count=0, roi_count=0, nearest_x=inf, clear_frames=1089
[INFO] [1784294173.751200614] [unitree_safe_cmd_node]: Move x=0.200, z=0.151, stop_count=0, roi_count=0, nearest_x=inf, clear_frames=1095
[INFO] [1784294174.251423820] [unitree_safe_cmd_node]: Move x=0.200, z=0.150, stop_count=0, roi_count=0, nearest_x=inf, clear_frames=1100
[INFO] [1784294174.801048920] [unitree_safe_cmd_node]: Move x=0.200, z=0.151, stop_count=0, roi_count=0, nearest_x=inf, clear_frames=1105
[INFO] [1784294175.301567683] [unitree_safe_cmd_node]: Move x=0.200, z=0.151, stop_count=0, roi_count=0, nearest_x=inf, clear_frames=1110
[INFO] [1784294175.803376380] [unitree_safe_cmd_node]: Move x=0.200, z=0.152, stop_count=0, roi_count=0, nearest_x=inf, clear_frames=1115
[INFO] [1784294176.351488711] [unitree_safe_cmd_node]: Move x=0.200, z=0.152, stop_count=0, roi_count=0, nearest_x=inf, clear_frames=1121
[INFO] [1784294176.903950787] [unitree_safe_cmd_node]: Move x=0.200, z=0.151, stop_count=0, roi_count=0, nearest_x=inf, clear_frames=1126
[INFO] [1784294177.451224044] [unitree_safe_cmd_node]: Move x=0.200, z=0.151, stop_count=0, roi_count=0, nearest_x=inf, clear_frames=1132
[INFO] [1784294178.001398486] [unitree_safe_cmd_node]: Move x=0.200, z=0.152, stop_count=0, roi_count=0, nearest_x=inf, clear_frames=1137
[INFO] [1784294178.502771267] [unitree_safe_cmd_node]: Move x=0.200, z=0.152, stop_count=0, roi_count=0, nearest_x=inf, clear_frames=1142
[INFO] [1784294179.051438091] [unitree_safe_cmd_node]: Move x=0.200, z=0.152, stop_count=0, roi_count=0, nearest_x=inf, clear_frames=1148
[INFO] [1