[INFO] [1784543078.128724934] [route_recorder]: route_recorder started
[INFO] [1784543078.132452991] [route_recorder]: odom_topic: /Odometry
[INFO] [1784543078.135937812] [route_recorder]: route_file: /home/unitree/go2_fastlio_ws/src/go2_fastlio_patrol/routes/xbf0720-2.csv
[INFO] [1784543078.138336458] [route_recorder]: raw_file: /home/unitree/go2_fastlio_ws/src/go2_fastlio_patrol/routes/raw/xbf0720-2.raw.csv
[INFO] [1784543078.141033458] [route_recorder]: adaptive sampling: straight=0.20m, turn=0.10m, enter=5.0deg/2 samples, exit=2.0deg over 0.25m
[INFO] [1784543078.143643149] [route_recorder]: final route cleanup: xy_tolerance=0.030m, spike_lateral=0.060m, turn_zone=0.30m
[INFO] [1784543078.146042400] [route_recorder]: quality gate: warmup=4.0s, stable_samples=5, base_step=0.30m, max_speed=4.00m/s, step_margin=0.10m, hard_speed=6.00m/s, failure_samples=3, max_record_step=0.80m (0=disabled), global_heading_gate=0.0deg
[INFO] [1784543078.149058993] [route_recorder]: final quality validation: min_points=5, min_length=1.00m, max_rejection_ratio=10.0%, max_source_gap=0.80m
[INFO] [1784543078.151720681] [route_recorder]: close sanitizer: enabled=False (disabled by default), turn=90.0deg, lateral=0.20m, rejoin_heading=30.0deg
[INFO] [1784543080.884548599] [route_recorder]: quality gate ready; recording route points from the current pose
[INFO] [1784543080.885490660] [route_recorder]: saved point 0: x=-0.004, y=0.002, yaw=-0.001, mode=straight
[WARN] [1784543089.512758399] [route_recorder]: odometry timestamp gap 1.097s outside (0, 1.000]s
[WARN] [1784543089.767673615] [route_recorder]: odometry recovering: stable transition 1/3
[WARN] [1784543089.920601879] [route_recorder]: odometry recovering: stable transition 2/3
[INFO] [1784543090.051244912] [route_recorder]: odometry recovered after stable transitions
[INFO] [1784543091.313115654] [route_recorder]: saved point 1: x=0.244, y=0.001, yaw=0.010, mode=straight
[INFO] [1784543091.493921365] [route_recorder]: saved point 2: x=0.524, y=0.030, yaw=0.011, mode=straight
[INFO] [1784543091.696714001] [route_recorder]: saved point 3: x=0.833, y=0.026, yaw=0.046, mode=straight
[INFO] [1784543092.022963058] [route_recorder]: saved point 4: x=1.046, y=0.007, yaw=0.022, mode=straight
[INFO] [1784543092.444742005] [route_recorder]: saved point 5: x=1.263, y=0.045, yaw=0.022, mode=straight
[INFO] [1784543092.641137397] [route_recorder]: saved point 6: x=1.498, y=0.069, yaw=0.039, mode=straight
[INFO] [1784543094.062371772] [route_recorder]: saved point 7: x=1.702, y=0.101, yaw=0.058, mode=straight
[INFO] [1784543094.456788755] [route_recorder]: saved point 8: x=1.918, y=0.109, yaw=0.042, mode=straight
[INFO] [1784543094.831264457] [route_recorder]: saved point 9: x=2.118, y=0.127, yaw=0.044, mode=straight
[INFO] [1784543095.550016920] [route_recorder]: saved point 10: x=2.326, y=0.159, yaw=0.042, mode=straight
[INFO] [1784543096.080177497] [route_recorder]: saved point 11: x=2.569, y=0.155, yaw=0.052, mode=straight
[INFO] [1784543096.632244266] [route_recorder]: saved point 12: x=2.803, y=0.172, yaw=0.071, mode=straight
[INFO] [1784543097.056453461] [route_recorder]: saved point 13: x=3.023, y=0.200, yaw=0.051, mode=straight
[INFO] [1784543097.345467569] [route_recorder]: saved point 14: x=3.296, y=0.227, yaw=0.069, mode=straight
[INFO] [1784543097.837890904] [route_recorder]: saved point 15: x=3.508, y=0.236, yaw=-0.039, mode=straight
[INFO] [1784543098.302549578] [route_recorder]: saved point 16: x=3.709, y=0.203, yaw=-0.060, mode=straight
[INFO] [1784543098.616555800] [route_recorder]: saved point 17: x=3.976, y=0.268, yaw=-0.069, mode=straight
[INFO] [1784543099.085443451] [route_recorder]: saved point 18: x=4.193, y=0.165, yaw=-0.070, mode=straight
[INFO] [1784543099.500732727] [route_recorder]: saved point 19: x=4.418, y=0.148, yaw=-0.046, mode=straight
[INFO] [1784543099.908788957] [route_recorder]: saved point 20: x=4.622, y=0.168, yaw=-0.053, mode=straight
[INFO] [1784543100.285002632] [route_recorder]: saved point 21: x=4.948, y=0.142, yaw=-0.041, mode=straight
[INFO] [1784543101.173058403] [route_recorder]: saved point 22: x=5.159, y=0.141, yaw=-0.038, mode=straight
[INFO] [1784543101.659233207] [route_recorder]: saved point 23: x=5.415, y=0.132, yaw=-0.053, mode=straight
[INFO] [1784543102.243083085] [route_recorder]: saved point 24: x=5.680, y=0.111, yaw=-0.052, mode=straight
[INFO] [1784543102.526374251] [route_recorder]: saved point 25: x=5.936, y=0.160, yaw=-0.059, mode=straight
[INFO] [1784543102.897057364] [route_recorder]: saved point 26: x=6.151, y=0.114, yaw=-0.062, mode=straight
[INFO] [1784543103.396651161] [route_recorder]: saved point 27: x=6.427, y=0.070, yaw=-0.046, mode=straight
[INFO] [1784543103.899380251] [route_recorder]: saved point 28: x=6.697, y=0.072, yaw=-0.035, mode=straight
[INFO] [1784543104.063819641] [route_recorder]: saved point 29: x=7.030, y=0.073, yaw=-0.055, mode=straight
[INFO] [1784543104.676645075] [route_recorder]: saved point 30: x=7.274, y=0.052, yaw=-0.046, mode=straight
[INFO] [1784543104.808717008] [route_recorder]: saved point 31: x=7.477, y=0.040, yaw=-0.022, mode=straight
[INFO] [1784543105.036256127] [route_recorder]: saved point 32: x=7.706, y=0.048, yaw=-0.050, mode=straight
[INFO] [1784543105.664032015] [route_recorder]: saved point 33: x=7.967, y=0.053, yaw=-0.026, mode=straight
[INFO] [1784543106.187794096] [route_recorder]: saved point 34: x=8.207, y=0.029, yaw=-0.021, mode=straight
[INFO] [1784543106.476096557] [route_recorder]: saved point 35: x=8.492, y=0.017, yaw=-0.037, mode=straight
[INFO] [1784543106.718038220] [route_recorder]: saved point 36: x=8.704, y=0.011, yaw=-0.032, mode=straight
[INFO] [1784543107.072035433] [route_recorder]: saved point 37: x=8.996, y=0.008, yaw=-0.023, mode=straight
[INFO] [1784543107.528860376] [route_recorder]: saved point 38: x=9.256, y=0.056, yaw=-0.012, mode=straight
[INFO] [1784543107.787376139] [route_recorder]: saved point 39: x=9.494, y=0.032, yaw=-0.029, mode=straight
[INFO] [1784543108.257138071] [route_recorder]: saved point 40: x=9.733, y=0.033, yaw=-0.013, mode=straight
[INFO] [1784543108.537083301] [route_recorder]: saved point 41: x=10.002, y=-0.005, yaw=-0.021, mode=straight
[INFO] [1784543108.823310719] [route_recorder]: saved point 42: x=10.248, y=-0.056, yaw=-0.029, mode=straight
[INFO] [1784543109.204696909] [route_recorder]: saved point 43: x=10.591, y=-0.027, yaw=-0.013, mode=straight
[INFO] [1784543109.544244741] [route_recorder]: saved point 44: x=10.842, y=0.013, yaw=-0.006, mode=straight
[INFO] [1784543109.666208901] [route_recorder]: saved point 45: x=11.095, y=0.016, yaw=-0.015, mode=straight
[INFO] [1784543109.849085602] [route_recorder]: saved point 46: x=11.381, y=-0.009, yaw=-0.012, mode=straight
[INFO] [1784543110.208392269] [route_recorder]: saved point 47: x=11.582, y=-0.024, yaw=0.003, mode=straight
[INFO] [1784543110.460733307] [route_recorder]: saved point 48: x=11.882, y=-0.027, yaw=-0.004, mode=straight
[INFO] [1784543110.729644681] [route_recorder]: saved point 49: x=12.102, y=-0.003, yaw=-0.000, mode=straight
[INFO] [1784543111.390677216] [route_recorder]: saved point 50: x=12.380, y=0.044, yaw=0.008, mode=straight
[INFO] [1784543111.750051298] [route_recorder]: saved point 51: x=12.637, y=0.023, yaw=-0.006, mode=straight
[INFO] [1784543112.115946842] [route_recorder]: saved point 52: x=12.982, y=0.019, yaw=-0.004, mode=straight
[INFO] [1784543112.364536824] [route_recorder]: saved point 53: x=13.240, y=0.011, yaw=0.013, mode=straight
[INFO] [1784543112.663026663] [route_recorder]: saved point 54: x=13.482, y=0.023, yaw=0.007, mode=straight
[INFO] [1784543113.279024712] [route_recorder]: saved point 55: x=13.741, y=0.035, yaw=0.014, mode=straight
[INFO] [1784543113.560050597] [route_recorder]: saved point 56: x=13.973, y=0.048, yaw=0.040, mode=straight
[INFO] [1784543113.805780257] [route_recorder]: saved point 57: x=14.327, y=0.073, yaw=0.008, mode=straight
[INFO] [1784543114.002708932] [route_recorder]: saved point 58: x=14.619, y=0.079, yaw=0.020, mode=straight
[INFO] [1784543114.346128912] [route_recorder]: saved point 59: x=14.847, y=0.071, yaw=0.038, mode=straight
[INFO] [1784543114.552463618] [route_recorder]: saved point 60: x=15.086, y=0.097, yaw=0.030, mode=straight
[INFO] [1784543115.016954557] [route_recorder]: saved point 61: x=15.410, y=0.092, yaw=0.030, mode=straight
[INFO] [1784543115.097069338] [route_recorder]: saved point 62: x=15.660, y=0.110, yaw=0.045, mode=straight
[INFO] [1784543115.364237143] [route_recorder]: saved point 63: x=15.927, y=0.145, yaw=0.033, mode=straight
[INFO] [1784543115.684945414] [route_recorder]: saved point 64: x=16.153, y=0.170, yaw=0.036, mode=straight
[INFO] [1784543116.123053434] [route_recorder]: saved point 65: x=16.398, y=0.182, yaw=0.068, mode=straight
[INFO] [1784543116.572754632] [route_recorder]: saved point 66: x=16.744, y=0.197, yaw=0.041, mode=straight
[INFO] [1784543116.885287659] [route_recorder]: saved point 67: x=16.961, y=0.228, yaw=0.039, mode=straight
[INFO] [1784543117.185036765] [route_recorder]: saved point 68: x=17.185, y=0.267, yaw=0.083, mode=straight
[INFO] [1784543117.511873312] [route_recorder]: saved point 69: x=17.426, y=0.320, yaw=0.070, mode=straight
[INFO] [1784543117.814780622] [route_recorder]: saved point 70: x=17.797, y=0.321, yaw=0.054, mode=straight
[INFO] [1784543117.931956518] [route_recorder]: saved point 71: x=18.016, y=0.317, yaw=0.068, mode=straight
[INFO] [1784543118.306731286] [route_recorder]: saved point 72: x=18.342, y=0.370, yaw=0.073, mode=straight
[INFO] [1784543118.701839080] [route_recorder]: saved point 73: x=18.580, y=0.389, yaw=0.055, mode=straight
[INFO] [1784543119.005571596] [route_recorder]: saved point 74: x=18.837, y=0.401, yaw=0.071, mode=straight
[INFO] [1784543119.456837193] [route_recorder]: saved point 75: x=19.094, y=0.391, yaw=0.064, mode=straight
[INFO] [1784543119.716650668] [route_recorder]: saved point 76: x=19.343, y=0.424, yaw=0.066, mode=straight
[INFO] [1784543119.907281668] [route_recorder]: saved point 77: x=19.567, y=0.460, yaw=0.087, mode=straight
[INFO] [1784543120.091969203] [route_recorder]: saved point 78: x=19.788, y=0.536, yaw=0.064, mode=straight
[INFO] [1784543120.530059603] [route_recorder]: saved point 79: x=20.056, y=0.547, yaw=0.079, mode=straight
[INFO] [1784543120.854419197] [route_recorder]: saved point 80: x=20.360, y=0.541, yaw=0.094, mode=straight
[INFO] [1784543121.342064366] [route_recorder]: saved point 81: x=20.627, y=0.614, yaw=0.078, mode=straight
[INFO] [1784543121.782503016] [route_recorder]: saved point 82: x=21.011, y=0.656, yaw=0.076, mode=straight
[INFO] [1784543122.207838015] [route_recorder]: saved point 83: x=21.255, y=0.704, yaw=0.085, mode=straight
[INFO] [1784543123.056861648] [route_recorder]: saved point 84: x=21.490, y=0.724, yaw=0.085, mode=straight
[INFO] [1784543123.903094451] [route_recorder]: saved point 85: x=21.780, y=0.741, yaw=0.082, mode=straight
[INFO] [1784543124.366141686] [route_recorder]: saved point 86: x=22.034, y=0.820, yaw=0.089, mode=straight
[INFO] [1784543124.652509034] [route_recorder]: saved point 87: x=22.279, y=0.859, yaw=0.105, mode=straight
[INFO] [1784543124.844417919] [route_recorder]: saved point 88: x=22.596, y=0.905, yaw=0.092, mode=straight
[INFO] [1784543125.132716384] [route_recorder]: saved point 89: x=22.867, y=0.932, yaw=0.097, mode=straight
[INFO] [1784543125.349261218] [route_recorder]: saved point 90: x=23.092, y=0.956, yaw=0.089, mode=straight
[INFO] [1784543125.560703365] [route_recorder]: saved point 91: x=23.541, y=1.094, yaw=0.105, mode=straight
[INFO] [1784543125.646321758] [route_recorder]: saved point 92: x=23.830, y=1.077, yaw=0.086, mode=straight
[INFO] [1784543125.764571089] [route_recorder]: saved point 93: x=24.089, y=1.089, yaw=0.101, mode=straight
[INFO] [1784543125.994668120] [route_recorder]: saved point 94: x=24.503, y=1.171, yaw=0.104, mode=straight
[INFO] [1784543126.473895077] [route_recorder]: saved point 95: x=24.781, y=1.262, yaw=0.120, mode=straight
[INFO] [1784543126.620034268] [route_recorder]: saved point 96: x=25.065, y=1.280, yaw=0.108, mode=straight
[INFO] [1784543126.937588417] [route_recorder]: saved point 97: x=25.301, y=1.318, yaw=0.111, mode=straight
[INFO] [1784543127.451608916] [route_recorder]: saved point 98: x=25.551, y=1.367, yaw=0.129, mode=straight
[INFO] [1784543128.180484656] [route_recorder]: saved point 99: x=25.775, y=1.393, yaw=0.109, mode=straight
[INFO] [1784543128.704445258] [route_recorder]: saved point 100: x=26.019, y=1.421, yaw=0.127, mode=straight
[INFO] [1784543129.040206411] [route_recorder]: saved point 101: x=26.408, y=1.527, yaw=0.133, mode=straight
[INFO] [1784543129.275025465] [route_recorder]: saved point 102: x=26.640, y=1.596, yaw=0.138, mode=straight
[INFO] [1784543129.688275506] [route_recorder]: saved point 103: x=26.923, y=1.595, yaw=0.124, mode=straight
[INFO] [1784543130.312644283] [route_recorder]: saved point 104: x=27.157, y=1.583, yaw=0.141, mode=straight
[INFO] [1784543130.589440611] [route_recorder]: saved point 105: x=27.460, y=1.728, yaw=0.168, mode=straight
[INFO] [1784543130.762896680] [route_recorder]: saved point 106: x=27.665, y=1.694, yaw=0.019, mode=straight
[INFO] [1784543130.916073057] [route_recorder]: saved point 107: x=27.750, y=1.641, yaw=-0.076, mode=turn
[INFO] [1784543131.030645196] [route_recorder]: saved point 108: x=27.869, y=1.640, yaw=-0.089, mode=turn
[INFO] [1784543131.317435231] [route_recorder]: saved point 109: x=28.072, y=1.651, yaw=-0.086, mode=straight
[INFO] [1784543131.619204197] [route_recorder]: saved point 110: x=28.320, y=1.619, yaw=-0.092, mode=straight
[INFO] [1784543131.934902818] [route_recorder]: saved point 111: x=28.554, y=1.571, yaw=-0.086, mode=straight
[INFO] [1784543132.218186523] [route_recorder]: saved point 112: x=28.834, y=1.525, yaw=-0.078, mode=straight
[INFO] [1784543132.480242256] [route_recorder]: saved point 113: x=29.113, y=1.502, yaw=-0.124, mode=straight
[INFO] [1784543132.625376785] [route_recorder]: saved point 114: x=28.994, y=1.674, yaw=-0.110, mode=straight
[INFO] [1784543133.107252402] [route_recorder]: saved point 115: x=29.247, y=1.517, yaw=-0.070, mode=straight
[INFO] [1784543133.323480070] [route_recorder]: saved point 116: x=29.507, y=1.425, yaw=-0.079, mode=straight
[INFO] [1784543133.597909466] [route_recorder]: saved point 117: x=29.810, y=1.398, yaw=-0.100, mode=straight
[INFO] [1784543134.164519205] [route_recorder]: saved point 118: x=30.031, y=1.406, yaw=-0.073, mode=straight
[INFO] [1784543134.847369569] [route_recorder]: saved point 119: x=30.226, y=1.357, yaw=-0.074, mode=straight
[INFO] [1784543135.122673079] [route_recorder]: saved point 120: x=30.495, y=1.370, yaw=-0.096, mode=straight
[INFO] [1784543135.513968260] [route_recorder]: saved point 121: x=30.765, y=1.332, yaw=-0.077, mode=straight
[INFO] [1784543136.048596334] [route_recorder]: saved point 122: x=30.978, y=1.334, yaw=-0.087, mode=straight
[INFO] [1784543136.524427980] [route_recorder]: saved point 123: x=31.211, y=1.290, yaw=-0.080, mode=straight
[INFO] [1784543136.874862801] [route_recorder]: saved point 124: x=31.588, y=1.264, yaw=-0.056, mode=straight
[INFO] [1784543137.140840585] [route_recorder]: saved point 125: x=31.816, y=1.234, yaw=-0.055, mode=straight
[INFO] [1784543137.371553656] [route_recorder]: saved point 126: x=32.059, y=1.236, yaw=-0.065, mode=straight
[INFO] [1784543137.722871028] [route_recorder]: saved point 127: x=32.383, y=1.211, yaw=-0.070, mode=straight
[INFO] [1784543138.015930573] [route_recorder]: saved point 128: x=32.688, y=1.177, yaw=-0.056, mode=straight
[INFO] [1784543138.153868446] [route_recorder]: saved point 129: x=32.942, y=1.193, yaw=-0.068, mode=straight
[INFO] [1784543138.321740853] [route_recorder]: saved point 130: x=33.175, y=1.161, yaw=-0.048, mode=straight
[INFO] [1784543138.583476153] [route_recorder]: saved point 131: x=33.375, y=1.126, yaw=-0.039, mode=straight
[INFO] [1784543138.876572725] [route_recorder]: saved point 132: x=33.622, y=1.115, yaw=-0.071, mode=straight
[INFO] [1784543139.072866871] [route_recorder]: saved point 133: x=33.932, y=1.089, yaw=-0.045, mode=straight
[INFO] [1784543139.369506455] [route_recorder]: saved point 134: x=34.161, y=1.052, yaw=-0.071, mode=straight
[INFO] [1784543139.708881709] [route_recorder]: saved point 135: x=34.471, y=1.034, yaw=-0.056, mode=straight
[INFO] [1784543140.076506452] [route_recorder]: saved point 136: x=34.703, y=1.060, yaw=-0.040, mode=straight
[INFO] [1784543140.496357177] [route_recorder]: saved point 137: x=34.977, y=1.063, yaw=-0.049, mode=straight
[INFO] [1784543140.809116324] [route_recorder]: saved point 138: x=35.210, y=1.027, yaw=-0.049, mode=straight
[INFO] [1784543141.137447931] [route_recorder]: saved point 139: x=35.434, y=1.030, yaw=-0.029, mode=straight
[INFO] [1784543141.813770066] [route_recorder]: saved point 140: x=35.688, y=1.033, yaw=-0.041, mode=straight
[INFO] [1784543142.175050914] [route_recorder]: saved point 141: x=36.014, y=1.004, yaw=-0.039, mode=straight
[INFO] [1784543142.500948580] [route_recorder]: saved point 142: x=36.262, y=1.014, yaw=-0.015, mode=straight
[INFO] [1784543142.714429839] [route_recorder]: saved point 143: x=36.507, y=1.013, yaw=-0.029, mode=straight
[INFO] [1784543143.344691310] [route_recorder]: saved point 144: x=36.780, y=0.933, yaw=-0.050, mode=straight
[INFO] [1784543143.577541062] [route_recorder]: saved point 145: x=37.039, y=0.986, yaw=-0.015, mode=straight
[INFO] [1784543143.961743999] [route_recorder]: saved point 146: x=37.304, y=0.981, yaw=-0.030, mode=straight
[INFO] [1784543144.060537365] [route_recorder]: saved point 147: x=37.642, y=0.993, yaw=-0.027, mode=straight
[INFO] [1784543144.208395521] [route_recorder]: saved point 148: x=37.845, y=1.020, yaw=-0.012, mode=straight
[INFO] [1784543144.607869486] [route_recorder]: saved point 149: x=38.099, y=1.030, yaw=-0.021, mode=straight
[INFO] [1784543145.034043880] [route_recorder]: saved point 150: x=38.370, y=0.981, yaw=-0.016, mode=straight
[INFO] [1784543145.484426464] [route_recorder]: saved point 151: x=38.698, y=0.996, yaw=0.000, mode=straight
[INFO] [1784543146.069890815] [route_recorder]: saved point 152: x=38.910, y=1.092, yaw=-0.029, mode=straight
[INFO] [1784543146.400627461] [route_recorder]: saved point 153: x=39.114, y=1.064, yaw=-0.001, mode=straight
[INFO] [1784543146.968858739] [route_recorder]: saved point 154: x=39.309, y=0.989, yaw=-0.012, mode=straight
[INFO] [1784543147.361420566] [route_recorder]: saved point 155: x=39.507, y=0.941, yaw=-0.002, mode=straight
[INFO] [1784543147.977970650] [route_recorder]: saved point 156: x=39.773, y=0.959, yaw=-0.007, mode=straight
[INFO] [1784543148.328407614] [route_recorder]: saved point 157: x=39.997, y=0.969, yaw=0.004, mode=straight
[INFO] [1784543148.801035758] [route_recorder]: saved point 158: x=40.287, y=0.980, yaw=0.007, mode=straight
[INFO] [1784543149.013830152] [route_recorder]: saved point 159: x=40.578, y=0.997, yaw=0.025, mode=straight
[INFO] [1784543149.114481544] [route_recorder]: saved point 160: x=40.792, y=0.974, yaw=0.000, mode=straight
[INFO] [1784543149.229133197] [route_recorder]: saved point 161: x=41.010, y=0.986, yaw=0.028, mode=straight
[INFO] [1784543149.607938700] [route_recorder]: saved point 162: x=41.212, y=0.971, yaw=0.007, mode=straight
[INFO] [1784543149.926421932] [route_recorder]: saved point 163: x=41.549, y=0.970, yaw=0.010, mode=straight
[INFO] [1784543150.301350532] [route_recorder]: saved point 164: x=41.853, y=1.006, yaw=0.024, mode=straight
[INFO] [1784543150.761926535] [route_recorder]: saved point 165: x=42.281, y=1.060, yaw=0.026, mode=straight
[INFO] [1784543150.975691669] [route_recorder]: saved point 166: x=42.540, y=1.077, yaw=0.015, mode=straight
[INFO] [1784543151.261512000] [route_recorder]: saved point 167: x=42.759, y=1.087, yaw=0.014, mode=straight
[INFO] [1784543151.393443078] [route_recorder]: saved point 168: x=43.008, y=1.103, yaw=0.040, mode=straight
[INFO] [1784543151.596223391] [route_recorder]: saved point 169: x=43.268, y=1.121, yaw=0.012, mode=straight
[INFO] [1784543152.026834949] [route_recorder]: saved point 170: x=43.471, y=1.161, yaw=0.032, mode=straight
[INFO] [1784543152.164135470] [route_recorder]: saved point 171: x=43.680, y=1.186, yaw=0.027, mode=straight
[INFO] [1784543152.518361716] [route_recorder]: saved point 172: x=43.909, y=1.152, yaw=0.031, mode=straight
[INFO] [1784543153.015916303] [route_recorder]: saved point 173: x=44.320, y=1.154, yaw=0.036, mode=straight
[INFO] [1784543153.261555450] [route_recorder]: saved point 174: x=44.538, y=1.184, yaw=0.055, mode=straight
[INFO] [1784543153.590678084] [route_recorder]: saved point 175: x=44.826, y=1.192, yaw=0.043, mode=straight
[INFO] [1784543154.012722748] [route_recorder]: saved point 176: x=45.109, y=1.217, yaw=0.036, mode=straight
[INFO] [1784543154.445466653] [route_recorder]: saved point 177: x=45.342, y=1.262, yaw=0.063, mode=straight
[INFO] [1784543154.789511814] [route_recorder]: saved point 178: x=45.563, y=1.274, yaw=0.032, mode=straight
[INFO] [1784543155.254416657] [route_recorder]: saved point 179: x=45.768, y=1.300, yaw=0.070, mode=straight
[INFO] [1784543155.558991752] [route_recorder]: saved point 180: x=46.095, y=1.333, yaw=0.051, mode=straight
[INFO] [1784543155.823779184] [route_recorder]: saved point 181: x=46.326, y=1.337, yaw=0.038, mode=straight
[INFO] [1784543156.014339447] [route_recorder]: saved point 182: x=46.648, y=1.366, yaw=0.051, mode=straight
[INFO] [1784543156.208503812] [route_recorder]: saved point 183: x=46.907, y=1.404, yaw=0.045, mode=straight
[INFO] [1784543156.413661303] [route_recorder]: saved point 184: x=47.231, y=1.430, yaw=0.055, mode=straight
[INFO] [1784543156.621524050] [route_recorder]: saved point 185: x=47.570, y=1.449, yaw=0.045, mode=straight
[INFO] [1784543156.835851567] [route_recorder]: saved point 186: x=47.801, y=1.448, yaw=0.066, mode=straight
[INFO] [1784543157.152390216] [route_recorder]: saved point 187: x=48.128, y=1.479, yaw=0.075, mode=straight
[INFO] [1784543157.339107758] [route_recorder]: saved point 188: x=48.387, y=1.492, yaw=0.055, mode=straight
[INFO] [1784543157.618724905] [route_recorder]: saved point 189: x=48.648, y=1.537, yaw=0.072, mode=straight
[INFO] [1784543158.172449754] [route_recorder]: saved point 190: x=48.878, y=1.572, yaw=0.054, mode=straight
[INFO] [1784543158.842767650] [route_recorder]: saved point 191: x=49.077, y=1.635, yaw=0.055, mode=straight
[INFO] [1784543159.229998265] [route_recorder]: saved point 192: x=49.329, y=1.653, yaw=0.080, mode=straight
[INFO] [1784543159.578137120] [route_recorder]: saved point 193: x=49.669, y=1.663, yaw=0.069, mode=straight
[INFO] [1784543159.690525664] [route_recorder]: saved point 194: x=49.874, y=1.657, yaw=0.081, mode=straight
[INFO] [1784543160.049175969] [route_recorder]: saved point 195: x=50.100, y=1.643, yaw=0.065, mode=straight
[INFO] [1784543160.369425826] [route_recorder]: saved point 196: x=50.568, y=1.750, yaw=0.077, mode=straight
[INFO] [1784543160.761486884] [route_recorder]: saved point 197: x=50.921, y=1.770, yaw=0.080, mode=straight
[INFO] [1784543160.891167774] [route_recorder]: saved point 198: x=51.242, y=1.778, yaw=0.086, mode=straight
[INFO] [1784543161.258012989] [route_recorder]: saved point 199: x=51.541, y=1.854, yaw=0.074, mode=straight
[INFO] [1784543161.681910609] [route_recorder]: saved point 200: x=51.751, y=1.884, yaw=0.099, mode=straight
[INFO] [1784543162.050772369] [route_recorder]: saved point 201: x=51.966, y=1.914, yaw=0.075, mode=straight
[INFO] [1784543162.248671707] [route_recorder]: saved point 202: x=52.192, y=1.929, yaw=0.096, mode=straight
[INFO] [1784543162.713549983] [route_recorder]: saved point 203: x=52.426, y=1.968, yaw=0.090, mode=straight
[INFO] [1784543163.106709264] [route_recorder]: saved point 204: x=52.749, y=1.974, yaw=0.078, mode=straight
[INFO] [1784543163.420809305] [route_recorder]: saved point 205: x=52.982, y=2.045, yaw=0.104, mode=straight
[INFO] [1784543163.765831224] [route_recorder]: saved point 206: x=53.199, y=2.066, yaw=0.095, mode=straight
[INFO] [1784543164.062009014] [route_recorder]: saved point 207: x=53.543, y=2.126, yaw=0.088, mode=straight
[INFO] [1784543164.795742942] [route_recorder]: saved point 208: x=53.722, y=2.216, yaw=0.087, mode=straight
[INFO] [1784543166.282400233] [route_recorder]: saved point 209: x=53.734, y=2.217, yaw=0.115, mode=turn
[INFO] [1784543166.283362073] [route_recorder]: saved point 210: x=53.712, y=2.074, yaw=-0.448, mode=turn
[INFO] [1784543166.554703001] [route_recorder]: saved point 211: x=53.625, y=2.013, yaw=-0.935, mode=turn
[INFO] [1784543170.824218095] [route_recorder]: saved point 212: x=53.643, y=1.869, yaw=-1.111, mode=straight
[INFO] [1784543171.176236735] [route_recorder]: saved point 213: x=53.696, y=1.648, yaw=-1.114, mode=straight
[INFO] [1784543171.521087298] [route_recorder]: saved point 214: x=53.751, y=1.389, yaw=-1.083, mode=straight
[INFO] [1784543171.829075110] [route_recorder]: saved point 215: x=53.734, y=1.147, yaw=-1.103, mode=straight
[INFO] [1784543172.042623650] [route_recorder]: saved point 216: x=53.841, y=0.782, yaw=-1.080, mode=straight
[INFO] [1784543172.145529795] [route_recorder]: saved point 217: x=53.947, y=0.262, yaw=-1.106, mode=straight
[INFO] [1784543172.249322591] [route_recorder]: saved point 218: x=54.083, y=-0.110, yaw=-1.101, mode=straight
[INFO] [1784543172.369214591] [route_recorder]: saved point 219: x=54.114, y=-0.681, yaw=-1.107, mode=straight
[INFO] [1784543172.472872032] [route_recorder]: saved point 220: x=54.332, y=-1.372, yaw=-1.089, mode=straight
[INFO] [1784543172.616341849] [route_recorder]: saved point 221: x=54.413, y=-1.842, yaw=-1.088, mode=straight
[INFO] [1784543172.719544899] [route_recorder]: saved point 222: x=54.410, y=-2.187, yaw=-1.105, mode=straight
[INFO] [1784543172.843917907] [route_recorder]: saved point 223: x=54.458, y=-2.443, yaw=-1.090, mode=straight
[INFO] [1784543172.973534573] [route_recorder]: saved point 224: x=54.534, y=-2.641, yaw=-1.103, mode=straight
[INFO] [1784543173.484644412] [route_recorder]: saved point 225: x=54.637, y=-2.930, yaw=-1.084, mode=straight
[INFO] [1784543173.878801013] [route_recorder]: saved point 226: x=54.704, y=-3.216, yaw=-1.088, mode=straight
[INFO] [1784543174.208012425] [route_recorder]: saved point 227: x=54.696, y=-3.501, yaw=-1.103, mode=straight
[INFO] [1784543175.009736397] [route_recorder]: saved point 228: x=54.709, y=-3.758, yaw=-1.085, mode=straight
[INFO] [1784543175.599925437] [route_recorder]: saved point 229: x=54.773, y=-3.997, yaw=-1.110, mode=straight
[INFO] [1784543176.085226315] [route_recorder]: saved point 230: x=54.827, y=-4.256, yaw=-1.117, mode=straight
[INFO] [1784543176.515169465] [route_recorder]: saved point 231: x=54.955, y=-4.760, yaw=-1.105, mode=straight
[INFO] [1784543176.796690641] [route_recorder]: saved point 232: x=54.944, y=-4.976, yaw=-1.166, mode=straight
[INFO] [1784543177.457995661] [route_recorder]: saved point 233: x=55.007, y=-5.266, yaw=-1.189, mode=straight
[INFO] [1784543177.815806690] [route_recorder]: saved point 234: x=54.974, y=-5.781, yaw=-1.168, mode=straight
[INFO] [1784543178.232514354] [route_recorder]: saved point 235: x=55.064, y=-6.140, yaw=-1.163, mode=straight
[INFO] [1784543178.379560946] [route_recorder]: saved point 236: x=55.117, y=-6.334, yaw=-1.150, mode=straight
[INFO] [1784543178.564809246] [route_recorder]: saved point 237: x=55.127, y=-6.538, yaw=-1.160, mode=straight
[INFO] [1784543178.709321667] [route_recorder]: saved point 238: x=55.155, y=-6.746, yaw=-1.148, mode=straight
[INFO] [1784543178.855274893] [route_recorder]: saved point 239: x=55.178, y=-6.947, yaw=-1.134, mode=straight
[INFO] [1784543179.371733198] [route_recorder]: saved point 240: x=55.155, y=-7.184, yaw=-1.164, mode=straight
[INFO] [1784543179.888710217] [route_recorder]: saved point 241: x=55.266, y=-7.500, yaw=-1.167, mode=straight
[INFO] [1784543180.166790017] [route_recorder]: saved point 242: x=55.331, y=-7.783, yaw=-1.158, mode=straight
[INFO] [1784543180.507895002] [route_recorder]: saved point 243: x=55.374, y=-8.218, yaw=-1.155, mode=straight
[INFO] [1784543180.736484615] [route_recorder]: saved point 244: x=55.390, y=-8.460, yaw=-1.163, mode=straight
[INFO] [1784543180.900817521] [route_recorder]: saved point 245: x=55.423, y=-8.710, yaw=-1.154, mode=straight
[INFO] [1784543181.220571739] [route_recorder]: saved point 246: x=55.471, y=-8.982, yaw=-1.153, mode=straight
[INFO] [1784543181.585528177] [route_recorder]: saved point 247: x=55.534, y=-9.253, yaw=-1.129, mode=straight
[INFO] [1784543182.024564513] [route_recorder]: saved point 248: x=55.569, y=-9.670, yaw=-1.142, mode=straight
[INFO] [1784543182.393398323] [route_recorder]: saved point 249: x=55.616, y=-10.028, yaw=-1.139, mode=straight
[INFO] [1784543182.647369768] [route_recorder]: saved point 250: x=55.642, y=-10.295, yaw=-1.153, mode=straight
[INFO] [1784543182.782622367] [route_recorder]: saved point 251: x=55.661, y=-10.501, yaw=-1.137, mode=straight
[INFO] [1784543183.046336163] [route_recorder]: saved point 252: x=55.687, y=-10.705, yaw=-1.135, mode=straight
[INFO] [1784543183.307298273] [route_recorder]: saved point 253: x=55.772, y=-11.069, yaw=-1.121, mode=straight
[INFO] [1784543183.636026363] [route_recorder]: saved point 254: x=55.770, y=-11.421, yaw=-1.120, mode=straight
[INFO] [1784543183.836875523] [route_recorder]: saved point 255: x=55.871, y=-11.681, yaw=-1.143, mode=straight
[INFO] [1784543184.015844223] [route_recorder]: saved point 256: x=55.911, y=-11.881, yaw=-1.131, mode=straight
[INFO] [1784543184.236567666] [route_recorder]: saved point 257: x=55.867, y=-12.130, yaw=-1.158, mode=straight
[INFO] [1784543184.559063680] [route_recorder]: saved point 258: x=55.892, y=-12.431, yaw=-1.171, mode=straight
[INFO] [1784543185.104906289] [route_recorder]: saved point 259: x=55.952, y=-12.755, yaw=-1.194, mode=straight
[INFO] [1784543185.352074978] [route_recorder]: saved point 260: x=55.993, y=-12.998, yaw=-1.187, mode=straight
[INFO] [1784543185.885716359] [route_recorder]: saved point 261: x=56.023, y=-13.273, yaw=-1.154, mode=straight
[INFO] [1784543186.135681562] [route_recorder]: saved point 262: x=56.043, y=-13.528, yaw=-1.165, mode=straight
[INFO] [1784543186.731712675] [route_recorder]: saved point 263: x=56.065, y=-13.781, yaw=-1.174, mode=straight
[INFO] [1784543187.200452020] [route_recorder]: saved point 264: x=56.079, y=-14.063, yaw=-1.164, mode=straight
[INFO] [1784543187.758545649] [route_recorder]: saved point 265: x=56.147, y=-14.527, yaw=-1.149, mode=straight
[INFO] [1784543187.991405079] [route_recorder]: saved point 266: x=56.178, y=-14.800, yaw=-1.170, mode=straight
[INFO] [1784543188.203389194] [route_recorder]: saved point 267: x=56.206, y=-15.099, yaw=-1.144, mode=straight
[INFO] [1784543188.380744683] [route_recorder]: saved point 268: x=56.255, y=-15.484, yaw=-1.159, mode=straight
[INFO] [1784543189.015143104] [route_recorder]: saved point 269: x=56.237, y=-15.849, yaw=-1.150, mode=straight
[INFO] [1784543189.313721349] [route_recorder]: saved point 270: x=56.307, y=-16.094, yaw=-1.156, mode=straight
[INFO] [1784543189.458018298] [route_recorder]: saved point 271: x=56.359, y=-16.302, yaw=-1.136, mode=straight
[INFO] [1784543189.653270701] [route_recorder]: saved point 272: x=56.394, y=-16.600, yaw=-1.151, mode=straight
[INFO] [1784543189.993167238] [route_recorder]: saved point 273: x=56.450, y=-17.090, yaw=-1.157, mode=straight
[INFO] [1784543190.252077518] [route_recorder]: saved point 274: x=56.495, y=-17.333, yaw=-1.153, mode=straight
[INFO] [1784543190.560853126] [route_recorder]: saved point 275: x=56.528, y=-17.592, yaw=-1.157, mode=straight
[INFO] [1784543191.007960365] [route_recorder]: saved point 276: x=56.520, y=-17.871, yaw=-1.147, mode=straight
[INFO] [1784543191.394024433] [route_recorder]: saved point 277: x=56.564, y=-18.161, yaw=-1.147, mode=straight
[INFO] [1784543191.613298908] [route_recorder]: saved point 278: x=56.279, y=-18.256, yaw=-1.098, mode=straight
[INFO] [1784543191.875049541] [route_recorder]: saved point 279: x=55.712, y=-18.266, yaw=-1.104, mode=straight
[INFO] [1784543192.718884763] [route_recorder]: saved point 280: x=55.098, y=-18.394, yaw=-1.097, mode=straight
[INFO] [1784543193.306705246] [route_recorder]: saved point 281: x=54.738, y=-18.520, yaw=-1.101, mode=straight
[INFO] [1784543193.755185618] [route_recorder]: saved point 282: x=54.421, y=-18.743, yaw=-1.077, mode=straight
[INFO] [1784543194.881592619] [route_recorder]: saved point 283: x=54.164, y=-18.958, yaw=-1.053, mode=straight
[INFO] [1784543195.165244886] [route_recorder]: saved point 284: x=53.870, y=-19.167, yaw=-1.070, mode=straight
[INFO] [1784543195.456581118] [route_recorder]: saved point 285: x=53.699, y=-19.354, yaw=-1.031, mode=straight
[INFO] [1784543195.913862683] [route_recorder]: saved point 286: x=53.659, y=-19.556, yaw=-1.021, mode=straight
[INFO] [1784543196.095055342] [route_recorder]: saved point 287: x=53.625, y=-19.760, yaw=-1.001, mode=straight
[INFO] [1784543196.587760616] [route_recorder]: saved point 288: x=53.643, y=-19.961, yaw=-0.997, mode=straight
[INFO] [1784543196.760972530] [route_recorder]: saved point 289: x=53.816, y=-20.275, yaw=-1.004, mode=straight
[INFO] [1784543196.891758337] [route_recorder]: saved point 290: x=53.969, y=-20.517, yaw=-1.019, mode=straight
[INFO] [1784543197.081641853] [route_recorder]: saved point 291: x=54.043, y=-20.722, yaw=-1.046, mode=straight
[INFO] [1784543197.446701616] [route_recorder]: saved point 292: x=54.246, y=-21.137, yaw=-1.055, mode=straight
[ERROR] [1784543198.092599426] [route_recorder]: RECORDING_FAILED: live route discontinuity 0.864m exceeds 0.800m; stopping recorder and retaining diagnostics
[ERROR] [1784543198.169598935] [route_recorder]: RECORDING_FAILED: final CSV quality validation failed: live route discontinuity 0.864m exceeds 0.800m
[ERROR] [1784543198.183622196] [route_recorder]: invalid route retained at: /home/unitree/go2_fastlio_ws/src/go2_fastlio_patrol/routes/invalid/xbf0720-2.invalid_20260720_182638.csv
[INFO] [1784543198.184969104] [route_recorder]: quality report saved: /home/unitree/go2_fastlio_ws/src/go2_fastlio_patrol/routes/quality/xbf0720-2.quality.json
[ERROR] [1784543198.185619273] [route_recorder]: RECORDING_FAILED: live route discontinuity 0.864m exceeds 0.800m
