[INFO] [1783599219.175242325] [route_recorder]: route_recorder started
[INFO] [1783599219.178507257] [route_recorder]: odom_topic: /Odometry
[INFO] [1783599219.179228087] [route_recorder]: route_file: /home/unitree/go2_fastlio_ws/src/go2_fastlio_patrol/routes/tju25btest3luoxian.csv
[INFO] [1783599219.179913462] [route_recorder]: min_distance: 0.4
[INFO] [1783599219.236160470] [route_recorder]: saved point 0: x=145026.820, y=-144830.064, yaw=0.007
[INFO] [1783599220.163162883] [route_recorder]: saved point 1: x=146017.051, y=-145557.927, yaw=0.354
[INFO] [1783599223.463840582] [route_recorder]: saved point 2: x=148287.652, y=-147227.837, yaw=1.075
[INFO] [1783599224.498209672] [route_recorder]: saved point 3: x=148287.309, y=-147227.604, yaw=1.075
[INFO] [1783599224.790116520] [route_recorder]: saved point 4: x=149574.680, y=-148173.384, yaw=1.449
[INFO] [1783599226.493099510] [route_recorder]: saved point 5: x=151594.602, y=-149648.615, yaw=2.021
[INFO] [1783599227.060799416] [route_recorder]: saved point 6: x=152619.429, y=-150389.083, yaw=2.307
[INFO] [1783599227.266393590] [route_recorder]: saved point 7: x=153350.850, y=-150913.898, yaw=2.510
[INFO] [1783599227.543526904] [route_recorder]: saved point 8: x=154234.960, y=-151544.913, yaw=2.754
[INFO] [1783599227.875224810] [route_recorder]: saved point 9: x=154530.007, y=-151754.584, yaw=2.834
[INFO] [1783599228.288160018] [route_recorder]: saved point 10: x=155415.661, y=-152382.373, yaw=3.077
[INFO] [1783599228.533030394] [route_recorder]: saved point 11: x=155711.286, y=-152591.047, yaw=-3.125
[INFO] [1783599228.743110370] [route_recorder]: saved point 12: x=156153.121, y=-152902.472, yaw=-3.003
[INFO] [1783599228.939793065] [route_recorder]: saved point 13: x=156597.484, y=-153215.119, yaw=-2.881
[INFO] [1783599229.606177791] [route_recorder]: saved point 14: x=157042.636, y=-153527.767, yaw=-2.758
[INFO] [1783599230.349125577] [route_recorder]: saved point 15: x=158673.546, y=-154670.359, yaw=-2.295
[INFO] [1783599231.124351629] [route_recorder]: saved point 16: x=162089.578, y=-157062.452, yaw=-1.211
[INFO] [1783599232.206413160] [route_recorder]: saved point 17: x=163575.373, y=-158107.908, yaw=-0.683
[INFO] [1783599233.119312439] [route_recorder]: saved point 18: x=165065.240, y=-159160.082, yaw=-0.150
[INFO] [1783599233.646804220] [route_recorder]: saved point 19: x=166559.837, y=-160218.242, yaw=0.357
[INFO] [1783599234.581129387] [route_recorder]: saved point 20: x=168212.184, y=-161389.077, yaw=0.860
[INFO] [1783599235.025938976] [route_recorder]: saved point 21: x=168817.047, y=-161817.010, yaw=1.034
[INFO] [1783599235.667165992] [route_recorder]: saved point 22: x=170332.680, y=-162887.849, yaw=1.449
[INFO] [1783599236.437674989] [route_recorder]: saved point 23: x=171860.153, y=-163961.373, yaw=1.855
[INFO] [1783599236.721588107] [route_recorder]: saved point 24: x=172475.620, y=-164390.873, yaw=2.016
[INFO] [1783599237.420739747] [route_recorder]: saved point 25: x=173556.060, y=-165142.242, yaw=2.299
[INFO] [1783599237.555423550] [route_recorder]: saved point 26: x=173709.898, y=-165248.577, yaw=2.339
[INFO] [1783599237.796262919] [route_recorder]: saved point 27: x=173865.196, y=-165355.819, yaw=2.379
[INFO] [1783599238.463249824] [route_recorder]: saved point 28: x=174176.158, y=-165570.339, yaw=2.460
[INFO] [1783599238.833613146] [route_recorder]: saved point 29: x=174331.684, y=-165677.435, yaw=2.500
[INFO] [1783599239.743176522] [route_recorder]: saved point 30: x=174797.875, y=-165997.870, yaw=2.622
[INFO] [1783599240.661787080] [route_recorder]: saved point 31: x=176374.385, y=-167075.532, yaw=3.035
[INFO] [1783599241.475355843] [route_recorder]: saved point 32: x=177478.749, y=-167825.656, yaw=-2.961
[INFO] [1783599242.525166083] [route_recorder]: saved point 33: x=179174.410, y=-168972.186, yaw=-2.510
[INFO] [1783599243.291681927] [route_recorder]: saved point 34: x=181055.694, y=-170240.268, yaw=-1.986
[INFO] [1783599243.896103951] [route_recorder]: saved point 35: x=182623.521, y=-171296.845, yaw=-1.517
[INFO] [1783599244.269721006] [route_recorder]: saved point 36: x=183251.207, y=-171720.373, yaw=-1.317
[INFO] [1783599245.095904270] [route_recorder]: saved point 37: x=184819.702, y=-172780.495, yaw=-0.797
[INFO] [1783599245.691837195] [route_recorder]: saved point 38: x=186545.636, y=-173951.510, yaw=-0.213
[INFO] [1783599246.385693120] [route_recorder]: saved point 39: x=187647.297, y=-174702.012, yaw=0.146
[INFO] [1783599246.667165331] [route_recorder]: saved point 40: x=188120.205, y=-175024.930, yaw=0.294
[INFO] [1783599247.314582100] [route_recorder]: saved point 41: x=188436.683, y=-175241.029, yaw=0.390
[INFO] [1783599247.721183274] [route_recorder]: saved point 42: x=188595.149, y=-175349.241, yaw=0.437
[INFO] [1783599247.971330646] [route_recorder]: saved point 43: x=188753.152, y=-175457.117, yaw=0.751
[INFO] [1783599248.771006601] [route_recorder]: saved point 44: x=189232.521, y=-175784.312, yaw=0.888
[INFO] [1783599249.329022427] [route_recorder]: saved point 45: x=190182.055, y=-176431.672, yaw=1.154
[INFO] [1783599250.281235283] [route_recorder]: saved point 46: x=191625.339, y=-177412.441, yaw=1.545
[INFO] [1783599250.780903945] [route_recorder]: saved point 47: x=193066.899, y=-178386.504, yaw=1.930
[INFO] [1783599251.785116429] [route_recorder]: saved point 48: x=194044.454, y=-179043.356, yaw=2.191
[INFO] [1783599253.028334321] [route_recorder]: saved point 49: x=195823.974, y=-180231.534, yaw=2.663
[INFO] [1783599254.236676568] [route_recorder]: saved point 50: x=197779.698, y=-181526.004, yaw=-3.103
[INFO] [1783599254.685815709] [route_recorder]: saved point 51: x=199214.028, y=-182473.137, yaw=-1.227
[INFO] [1783599255.061614483] [route_recorder]: saved point 52: x=200026.141, y=-183014.512, yaw=-0.723
[INFO] [1783599255.678650848] [route_recorder]: saved point 53: x=201170.949, y=-183779.643, yaw=-0.121
[INFO] [1783599256.652016422] [route_recorder]: saved point 54: x=203581.356, y=-185396.748, yaw=0.675
[INFO] [1783599257.246305553] [route_recorder]: saved point 55: x=205212.156, y=-186499.002, yaw=1.086
[INFO] [1783599257.539785254] [route_recorder]: saved point 56: x=205871.226, y=-186944.729, yaw=1.249
[INFO] [1783599257.795274195] [route_recorder]: saved point 57: x=206363.574, y=-187277.405, yaw=1.374
[INFO] [1783599258.203173803] [route_recorder]: saved point 58: x=206528.735, y=-187388.864, yaw=1.417
[INFO] [1783599258.397731672] [route_recorder]: saved point 59: x=206688.400, y=-187496.610, yaw=1.227
[INFO] [1783599258.545756694] [route_recorder]: saved point 60: x=206850.059, y=-187605.850, yaw=0.708
[INFO] [1783599258.882488215] [route_recorder]: saved point 61: x=207014.246, y=-187716.637, yaw=0.741
[INFO] [1783599259.208968003] [route_recorder]: saved point 62: x=207338.084, y=-187935.131, yaw=0.805
[INFO] [1783599259.350842854] [route_recorder]: saved point 63: x=207842.896, y=-188275.726, yaw=0.907
[INFO] [1783599259.428088890] [route_recorder]: saved point 64: x=208007.335, y=-188386.639, yaw=0.940
[INFO] [1783599259.722078103] [route_recorder]: saved point 65: x=208172.515, y=-188498.034, yaw=0.973
[INFO] [1783599260.019408148] [route_recorder]: saved point 66: x=208353.280, y=-188619.912, yaw=1.009
[INFO] [1783599260.513761576] [route_recorder]: saved point 67: x=209163.348, y=-189165.730, yaw=1.169
[INFO] [1783599261.417030564] [route_recorder]: saved point 68: x=209995.129, y=-189725.223, yaw=1.333
[INFO] [1783599261.772173462] [route_recorder]: saved point 69: x=211676.417, y=-190852.506, yaw=1.669
[INFO] [1783599262.240994798] [route_recorder]: saved point 70: x=212340.056, y=-191295.662, yaw=1.801
[INFO] [1783599262.921202256] [route_recorder]: saved point 71: x=213014.362, y=-191744.768, yaw=1.935
[INFO] [1783599263.285614758] [route_recorder]: saved point 72: x=214377.171, y=-192648.835, yaw=2.205
[INFO] [1783599263.814648129] [route_recorder]: saved point 73: x=215225.401, y=-193209.069, yaw=2.370
[INFO] [1783599264.043121849] [route_recorder]: saved point 74: x=215897.819, y=-193651.755, yaw=2.497
[INFO] [1783599264.481395718] [route_recorder]: saved point 75: x=217087.417, y=-194433.097, yaw=2.720
[INFO] [1783599264.699513773] [route_recorder]: saved point 76: x=217780.165, y=-194886.313, yaw=2.850
[INFO] [1783599265.019480688] [route_recorder]: saved point 77: x=218480.917, y=-195343.773, yaw=2.984
[INFO] [1783599265.357422584] [route_recorder]: saved point 78: x=219494.734, y=-196004.350, yaw=-3.102
[INFO] [1783599265.730382870] [route_recorder]: saved point 79: x=220519.683, y=-196670.446, yaw=-2.895
[INFO] [1783599266.116159056] [route_recorder]: saved point 80: x=221040.150, y=-197008.351, yaw=-2.787
[INFO] [1783599266.382649998] [route_recorder]: saved point 81: x=221715.498, y=-197446.820, yaw=-2.642
[INFO] [1783599266.733936665] [route_recorder]: saved point 82: x=221884.783, y=-197556.735, yaw=-2.603
[INFO] [1783599267.233660300] [route_recorder]: saved point 83: x=222074.843, y=-197680.155, yaw=-2.559
[INFO] [1783599268.090182242] [route_recorder]: saved point 84: x=222747.492, y=-198117.130, yaw=-2.397
[INFO] [1783599268.992655332] [route_recorder]: saved point 85: x=224120.552, y=-199010.549, yaw=-2.019
[INFO] [1783599269.945947497] [route_recorder]: saved point 86: x=226197.331, y=-200367.089, yaw=-1.319
[INFO] [1783599270.584001033] [route_recorder]: saved point 87: x=227716.457, y=-201364.174, yaw=-0.785
[INFO] [1783599271.031470910] [route_recorder]: saved point 88: x=229095.607, y=-202274.172, yaw=-0.354
[INFO] [1783599271.683447973] [route_recorder]: saved point 89: x=230479.126, y=-203190.953, yaw=0.100
[INFO] [1783599272.401033132] [route_recorder]: saved point 90: x=231844.186, y=-204103.310, yaw=0.537
[INFO] [1783599273.103912177] [route_recorder]: saved point 91: x=233039.079, y=-204906.507, yaw=0.743
[INFO] [1783599273.421960592] [route_recorder]: saved point 92: x=233906.987, y=-205489.938, yaw=1.107
[INFO] [1783599273.614881419] [route_recorder]: saved point 93: x=234077.932, y=-205605.223, yaw=1.140
[INFO] [1783599273.893764794] [route_recorder]: saved point 94: x=234257.845, y=-205726.546, yaw=1.163
[INFO] [1783599274.333293387] [route_recorder]: saved point 95: x=234944.561, y=-206189.428, yaw=1.234
[INFO] [1783599274.594714172] [route_recorder]: saved point 96: x=235295.002, y=-206425.466, yaw=1.275
[INFO] [1783599274.991572388] [route_recorder]: saved point 97: x=235649.674, y=-206664.186, yaw=1.297
[INFO] [1783599275.400291317] [route_recorder]: saved point 98: x=236350.575, y=-207135.434, yaw=1.389
[INFO] [1783599276.285088292] [route_recorder]: saved point 99: x=237221.264, y=-207719.498, yaw=1.512
[INFO] [1783599276.851613375] [route_recorder]: saved point 100: x=238627.579, y=-208659.079, yaw=1.637
[INFO] [1783599277.369380628] [route_recorder]: saved point 101: x=239516.807, y=-209250.095, yaw=1.718
[INFO] [1783599277.521531532] [route_recorder]: saved point 102: x=240239.485, y=-209728.354, yaw=1.897
[INFO] [1783599277.725612658] [route_recorder]: saved point 103: x=240587.121, y=-209957.803, yaw=2.053
[INFO] [1783599278.152524541] [route_recorder]: saved point 104: x=241673.073, y=-210673.754, yaw=2.311
[INFO] [1783599278.637439061] [route_recorder]: saved point 105: x=242896.606, y=-211478.417, yaw=2.435
[INFO] [1783599279.331251628] [route_recorder]: saved point 106: x=243980.824, y=-212187.933, yaw=-2.856
[INFO] [1783599279.671551107] [route_recorder]: saved point 107: x=244707.421, y=-212658.761, yaw=-2.044
[INFO] [1783599279.745444343] [route_recorder]: saved point 108: x=244876.269, y=-212767.928, yaw=-2.041
[INFO] [1783599280.324509562] [route_recorder]: saved point 109: x=245422.040, y=-213120.361, yaw=-2.058
[INFO] [1783599280.602832516] [route_recorder]: saved point 110: x=245779.555, y=-213350.728, yaw=-1.984
[INFO] [1783599280.692627904] [route_recorder]: saved point 111: x=245957.225, y=-213465.087, yaw=-1.955
[INFO] [1783599280.784454459] [route_recorder]: saved point 112: x=246137.341, y=-213580.949, yaw=-1.956
[INFO] [1783599280.823458963] [route_recorder]: saved point 113: x=246317.316, y=-213696.643, yaw=-1.852
[INFO] [1783599281.042602921] [route_recorder]: saved point 114: x=246496.354, y=-213811.622, yaw=-1.839
[INFO] [1783599281.128187822] [route_recorder]: saved point 115: x=246681.023, y=-213930.090, yaw=-1.913
[INFO] [1783599281.279910555] [route_recorder]: saved point 116: x=246860.654, y=-214045.381, yaw=-1.863
[INFO] [1783599281.487314690] [route_recorder]: saved point 117: x=247220.281, y=-214276.028, yaw=2.956
[INFO] [1783599281.772858482] [route_recorder]: saved point 118: x=247575.570, y=-214503.483, yaw=2.973
[INFO] [1783599281.903804735] [route_recorder]: saved point 119: x=247756.317, y=-214619.027, yaw=3.010
[INFO] [1783599282.276416782] [route_recorder]: saved point 120: x=248468.704, y=-215073.250, yaw=3.104
[INFO] [1783599283.278542485] [route_recorder]: saved point 121: x=249016.442, y=-215421.411, yaw=3.061
[INFO] [1783599284.205874259] [route_recorder]: saved point 122: x=251184.284, y=-216788.061, yaw=3.131
[INFO] [1783599285.442466612] [route_recorder]: saved point 123: x=253177.113, y=-218027.638, yaw=-3.059
[INFO] [1783599286.218169313] [route_recorder]: saved point 124: x=255181.677, y=-219261.996, yaw=-3.013
[INFO] [1783599286.552548179] [route_recorder]: saved point 125: x=256630.052, y=-220142.493, yaw=-2.970
[INFO] [1783599287.058799343] [route_recorder]: saved point 126: x=257747.053, y=-220816.696, yaw=-3.045
[INFO] [1783599287.816431355] [route_recorder]: saved point 127: x=259735.892, y=-222009.161, yaw=-3.129
[INFO] [1783599288.412749702] [route_recorder]: saved point 128: x=261038.771, y=-222783.856, yaw=-2.319
[INFO] [1783599288.564476914] [route_recorder]: saved point 129: x=261216.940, y=-222888.899, yaw=-2.215
[INFO] [1783599288.761297811] [route_recorder]: saved point 130: x=261394.609, y=-222993.572, yaw=-2.121
[INFO] [1783599289.000963924] [route_recorder]: saved point 131: x=261582.028, y=-223103.890, yaw=-2.040
[INFO] [1783599289.754720218] [route_recorder]: saved point 132: x=262125.978, y=-223423.557, yaw=-1.687
[INFO] [1783599290.272412115] [route_recorder]: saved point 133: x=262678.278, y=-223747.254, yaw=-1.342
[INFO] [1783599291.204152766] [route_recorder]: saved point 134: x=263782.193, y=-224390.871, yaw=-0.794
[INFO] [1783599291.823576760] [route_recorder]: saved point 135: x=265266.537, y=-225248.335, yaw=-0.617
[INFO] [1783599292.429940867] [route_recorder]: saved point 136: x=266739.749, y=-226093.455, yaw=-0.605
[INFO] [1783599292.579236419] [route_recorder]: saved point 137: x=267486.172, y=-226517.856, yaw=-0.207
[INFO] [1783599293.207406236] [route_recorder]: saved point 138: x=268601.891, y=-227150.416, yaw=-0.196
[INFO] [1783599293.798461282] [route_recorder]: saved point 139: x=270083.152, y=-227984.139, yaw=-0.252
[INFO] [1783599294.774469481] [route_recorder]: saved point 140: x=271560.935, y=-228808.080, yaw=-0.192
[INFO] [1783599295.209504753] [route_recorder]: saved point 141: x=272306.198, y=-229219.617, yaw=0.090
[INFO] [1783599295.335480396] [route_recorder]: saved point 142: x=272489.066, y=-229320.102, yaw=0.146
[INFO] [1783599295.485544999] [route_recorder]: saved point 143: x=272853.451, y=-229520.015, yaw=0.173
[INFO] [1783599295.975176477] [route_recorder]: saved point 144: x=273222.412, y=-229722.177, yaw=0.137
[INFO] [1783599296.202916248] [route_recorder]: saved point 145: x=274159.469, y=-230234.092, yaw=-0.105
[INFO] [1783599296.890612084] [route_recorder]: saved point 146: x=274723.123, y=-230540.877, yaw=-0.132
[INFO] [1783599297.611288071] [route_recorder]: saved point 147: x=275831.854, y=-231142.206, yaw=-0.109
[INFO] [1783599298.425902608] [route_recorder]: saved point 148: x=277316.822, y=-231942.834, yaw=-0.294
[INFO] [1783599298.849641299] [route_recorder]: saved point 149: x=278420.314, y=-232537.846, yaw=-0.487
[INFO] [1783599299.029037621] [route_recorder]: saved point 150: x=279171.087, y=-232942.033, yaw=-0.637
[INFO] [1783599299.257348757] [route_recorder]: saved point 151: x=279737.838, y=-233246.661, yaw=-0.738
[INFO] [1783599299.719013059] [route_recorder]: saved point 152: x=280662.550, y=-233742.861, yaw=-0.920
[INFO] [1783599300.577159436] [route_recorder]: saved point 153: x=282328.065, y=-234634.997, yaw=-1.059
[INFO] [1783599301.242196418] [route_recorder]: saved point 154: x=283445.372, y=-235232.989, yaw=-1.262
[INFO] [1783599301.745062496] [route_recorder]: saved point 155: x=284373.654, y=-235727.655, yaw=-1.581
[INFO] [1783599301.824858874] [route_recorder]: saved point 156: x=284557.123, y=-235824.942, yaw=-1.642
[INFO] [1783599302.030117351] [route_recorder]: saved point 157: x=284927.598, y=-236021.448, yaw=-2.052
[INFO] [1783599302.175373993] [route_recorder]: saved point 158: x=285115.069, y=-236120.853, yaw=-2.064
[INFO] [1783599302.242335400] [route_recorder]: saved point 159: x=285297.593, y=-236217.454, yaw=-2.104
[INFO] [1783599302.324086245] [route_recorder]: saved point 160: x=285485.193, y=-236316.631, yaw=-2.872
[INFO] [1783599302.485471331] [route_recorder]: saved point 161: x=285669.352, y=-236413.886, yaw=-3.100
[INFO] [1783599302.945583452] [route_recorder]: saved point 162: x=286411.819, y=-236805.516, yaw=2.978
[INFO] [1783599303.404388883] [route_recorder]: saved point 163: x=286773.303, y=-236995.182, yaw=2.952
[INFO] [1783599303.671087432] [route_recorder]: saved point 164: x=287340.929, y=-237292.168, yaw=2.803
[INFO] [1783599304.215215442] [route_recorder]: saved point 165: x=287895.786, y=-237581.107, yaw=2.513
[INFO] [1783599304.685963918] [route_recorder]: saved point 166: x=289015.023, y=-238162.374, yaw=1.877
[INFO] [1783599305.152366938] [route_recorder]: saved point 167: x=289769.294, y=-238552.784, yaw=1.474
[INFO] [1783599305.703760168] [route_recorder]: saved point 168: x=290888.082, y=-239129.180, yaw=1.005
[INFO] [1783599306.055649493] [route_recorder]: saved point 169: x=291444.536, y=-239414.620, yaw=0.856
[INFO] [1783599306.499743596] [route_recorder]: saved point 170: x=292569.048, y=-239989.749, yaw=0.361
[INFO] [1783599306.665750349] [route_recorder]: saved point 171: x=293073.831, y=-240234.223, yaw=0.241
[INFO] [1783599307.324247132] [route_recorder]: saved point 172: x=294380.116, y=-240887.431, yaw=-0.008
[INFO] [1783599307.724896303] [route_recorder]: saved point 173: x=294936.094, y=-241165.342, yaw=-0.250
[INFO] [1783599308.297004511] [route_recorder]: saved point 174: x=296049.172, y=-241723.537, yaw=-0.659
[INFO] [1783599308.797256249] [route_recorder]: saved point 175: x=296975.946, y=-242191.508, yaw=-0.860
[INFO] [1783599309.240255716] [route_recorder]: saved point 176: x=297920.181, y=-242666.616, yaw=-1.071
[INFO] [1783599309.402626676] [route_recorder]: saved point 177: x=298293.138, y=-242853.388, yaw=-1.200
[INFO] [1783599309.493558777] [route_recorder]: saved point 178: x=298483.046, y=-242948.294, yaw=-1.267
[INFO] [1783599309.678636716] [route_recorder]: saved point 179: x=298848.016, y=-243130.537, yaw=-1.341
[INFO] [1783599309.890617976] [route_recorder]: saved point 180: x=299220.480, y=-243316.417, yaw=-1.426
[INFO] [1783599310.142504689] [route_recorder]: saved point 181: x=299785.054, y=-243597.947, yaw=-1.552
[INFO] [1783599310.666069393] [route_recorder]: saved point 182: x=299971.949, y=-243691.120, yaw=-1.576
[INFO] [1783599310.872804024] [route_recorder]: saved point 183: x=301274.794, y=-244340.911, yaw=-1.524
[INFO] [1783599311.610794479] [route_recorder]: saved point 184: x=301843.201, y=-244623.396, yaw=-1.636
[INFO] [1783599312.475820815] [route_recorder]: saved point 185: x=303332.847, y=-245363.647, yaw=-1.957
[INFO] [1783599313.126977693] [route_recorder]: saved point 186: x=305382.491, y=-246380.355, yaw=-2.889
[INFO] [1783599313.949955830] [route_recorder]: saved point 187: x=306685.987, y=-247030.313, yaw=3.063
[INFO] [1783599314.746140912] [route_recorder]: saved point 188: x=308182.388, y=-247776.931, yaw=2.643
[INFO] [1783599315.330376829] [route_recorder]: saved point 189: x=310058.004, y=-248707.120, yaw=2.033
[INFO] [1783599315.598630343] [route_recorder]: saved point 190: x=311161.047, y=-249249.136, yaw=1.656
[INFO] [1783599316.132157803] [route_recorder]: saved point 191: x=312299.956, y=-249806.595, yaw=1.316
[INFO] [1783599316.869918894] [route_recorder]: saved point 192: x=314003.202, y=-250639.546, yaw=0.754
[INFO] [1783599317.214379742] [route_recorder]: saved point 193: x=314003.339, y=-250639.960, yaw=0.754
[INFO] [1783599317.358582674] [route_recorder]: saved point 194: x=314748.730, y=-251012.290, yaw=0.485
[INFO] [1783599317.522991808] [route_recorder]: saved point 195: x=315132.751, y=-251205.139, yaw=0.351
[INFO] [1783599317.605541974] [route_recorder]: saved point 196: x=315310.807, y=-251294.487, yaw=0.288
[INFO] [1783599317.698345507] [route_recorder]: saved point 197: x=315503.219, y=-251391.192, yaw=0.226
[INFO] [1783599317.944274744] [route_recorder]: saved point 198: x=315879.625, y=-251580.369, yaw=0.105
[INFO] [1783599318.172996357] [route_recorder]: saved point 199: x=316053.877, y=-251667.923, yaw=0.043
[INFO] [1783599318.276209407] [route_recorder]: saved point 200: x=316252.346, y=-251767.694, yaw=0.015
[INFO] [1783599318.466269731] [route_recorder]: saved point 201: x=316630.763, y=-251958.152, yaw=-0.006
[INFO] [1783599318.546781019] [route_recorder]: saved point 202: x=316821.006, y=-252053.921, yaw=-0.074
[INFO] [1783599318.636684274] [route_recorder]: saved point 203: x=317007.498, y=-252147.883, yaw=-0.093
[INFO] [1783599318.729873932] [route_recorder]: saved point 204: x=317195.578, y=-252242.756, yaw=-0.152
[INFO] [1783599319.041389827] [route_recorder]: saved point 205: x=317759.137, y=-252526.478, yaw=-0.303
[INFO] [1783599319.203678999] [route_recorder]: saved point 206: x=317949.838, y=-252622.221, yaw=-0.332
[INFO] [1783599319.270232970] [route_recorder]: saved point 207: x=318134.697, y=-252715.084, yaw=-0.372
[INFO] [1783599319.318781881] [route_recorder]: saved point 208: x=318331.059, y=-252813.723, yaw=-0.614
[INFO] [1783599319.400398940] [route_recorder]: saved point 209: x=318522.581, y=-252909.972, yaw=-0.626
[INFO] [1783599319.524018248] [route_recorder]: saved point 210: x=318701.519, y=-252999.943, yaw=-0.655
[INFO] [1783599319.594021142] [route_recorder]: saved point 211: x=318889.367, y=-253094.467, yaw=-0.707
[INFO] [1783599319.714575700] [route_recorder]: saved point 212: x=319077.975, y=-253189.449, yaw=-0.738
[INFO] [1783599319.856962175] [route_recorder]: saved point 213: x=319265.792, y=-253284.123, yaw=-0.770
[INFO] [1783599320.052006165] [route_recorder]: saved point 214: x=319641.367, y=-253473.693, yaw=-0.738
[INFO] [1783599320.153311819] [route_recorder]: saved point 215: x=319838.197, y=-253573.135, yaw=-0.628
[INFO] [1783599320.519540939] [route_recorder]: saved point 216: x=320018.100, y=-253664.051, yaw=-0.596
[INFO] [1783599320.900785341] [route_recorder]: saved point 217: x=320576.918, y=-253946.503, yaw=-0.542
[INFO] [1783599321.196387373] [route_recorder]: saved point 218: x=321329.351, y=-254327.609, yaw=-0.478
[INFO] [1783599321.782935818] [route_recorder]: saved point 219: x=322274.522, y=-254808.889, yaw=-0.102
[INFO] [1783599322.770982546] [route_recorder]: saved point 220: x=323013.419, y=-255187.318, yaw=0.071
[INFO] [1783599323.501486800] [route_recorder]: saved point 221: x=325072.416, y=-256251.362, yaw=-0.240
[INFO] [1783599323.833622093] [route_recorder]: saved point 222: x=325816.569, y=-256638.725, yaw=-0.272
[INFO] [1783599324.066093702] [route_recorder]: saved point 223: x=326384.557, y=-256935.392, yaw=-0.288
[INFO] [1783599324.538929151] [route_recorder]: saved point 224: x=327128.168, y=-257324.934, yaw=-0.278
[INFO] [1783599325.317067351] [route_recorder]: saved point 225: x=329372.710, y=-258504.376, yaw=0.189
[INFO] [1783599325.511711008] [route_recorder]: saved point 226: x=329372.527, y=-258504.760, yaw=0.189
[INFO] [1783599325.637264047] [route_recorder]: saved point 227: x=330102.520, y=-258892.607, yaw=0.580
[INFO] [1783599325.909947046] [route_recorder]: saved point 228: x=330673.471, y=-259197.016, yaw=0.946
[INFO] [1783599326.697729202] [route_recorder]: saved point 229: x=331409.322, y=-259590.526, yaw=1.168
[INFO] [1783599327.142478441] [route_recorder]: saved point 230: x=331981.234, y=-259897.999, yaw=1.403
[INFO] [1783599327.354159140] [route_recorder]: saved point 231: x=332527.844, y=-260193.125, yaw=1.696
[INFO] [1783599327.493963018] [route_recorder]: saved point 232: x=332907.771, y=-260398.139, yaw=1.760
[INFO] [1783599327.636153118] [route_recorder]: saved point 233: x=333096.440, y=-260499.888, yaw=1.885
[INFO] [1783599327.738574110] [route_recorder]: saved point 234: x=333281.117, y=-260599.554, yaw=1.910
[INFO] [1783599327.819560288] [route_recorder]: saved point 235: x=333464.795, y=-260698.720, yaw=1.883
[INFO] [1783599328.088561863] [route_recorder]: saved point 236: x=333653.170, y=-260800.514, yaw=1.914
[INFO] [1783599328.229412699] [route_recorder]: saved point 237: x=333842.431, y=-260902.798, yaw=1.877
[INFO] [1783599328.323442796] [route_recorder]: saved point 238: x=334028.944, y=-261003.608, yaw=1.873
[INFO] [1783599328.390631873] [route_recorder]: saved point 239: x=334214.106, y=-261103.691, yaw=1.894
[INFO] [1783599328.475052446] [route_recorder]: saved point 240: x=334387.106, y=-261197.282, yaw=1.915
[INFO] [1783599328.670601532] [route_recorder]: saved point 241: x=334951.205, y=-261502.872, yaw=2.100
[INFO] [1783599328.739732148] [route_recorder]: saved point 242: x=335143.252, y=-261607.173, yaw=2.029
[INFO] [1783599328.858431562] [route_recorder]: saved point 243: x=335326.262, y=-261706.809, yaw=1.988
[INFO] [1783599329.322174134] [route_recorder]: saved point 244: x=335699.233, y=-261910.252, yaw=2.395
[INFO] [1783599329.535387303] [route_recorder]: saved point 245: x=336069.624, y=-262112.508, yaw=2.396
[INFO] [1783599329.680124961] [route_recorder]: saved point 246: x=336435.442, y=-262312.548, yaw=2.247
[INFO] [1783599329.753871997] [route_recorder]: saved point 247: x=336619.665, y=-262413.232, yaw=2.185
[INFO] [1783599329.868634927] [route_recorder]: saved point 248: x=336809.333, y=-262516.893, yaw=2.283
[INFO] [1783599330.119687504] [route_recorder]: saved point 249: x=336995.059, y=-262618.572, yaw=2.284
[INFO] [1783599330.238352297] [route_recorder]: saved point 250: x=337365.965, y=-262821.743, yaw=2.318
[INFO] [1783599330.424934259] [route_recorder]: saved point 251: x=337552.407, y=-262923.965, yaw=2.332
[INFO] [1783599330.616730308] [route_recorder]: saved point 252: x=338106.382, y=-263228.045, yaw=2.254
[INFO] [1783599330.789564927] [route_recorder]: saved point 253: x=338478.400, y=-263432.604, yaw=2.155
[INFO] [1783599330.882377771] [route_recorder]: saved point 254: x=338664.783, y=-263535.250, yaw=2.120
[INFO] [1783599331.365055725] [route_recorder]: saved point 255: x=339411.061, y=-263947.024, yaw=2.497
[INFO] [1783599331.569841682] [route_recorder]: saved point 256: x=339596.919, y=-264049.794, yaw=2.598
[INFO] [1783599331.787788001] [route_recorder]: saved point 257: x=339969.829, y=-264256.155, yaw=2.691
[INFO] [1783599332.011666452] [route_recorder]: saved point 258: x=340343.540, y=-264463.199, yaw=2.703
[INFO] [1783599332.424127379] [route_recorder]: saved point 259: x=341085.386, y=-264875.102, yaw=2.724
[INFO] [1783599332.710228904] [route_recorder]: saved point 260: x=341274.359, y=-264980.287, yaw=2.740
[INFO] [1783599333.386453992] [route_recorder]: saved point 261: x=342015.412, y=-265393.376, yaw=2.787
[INFO] [1783599334.138956074] [route_recorder]: saved point 262: x=343326.244, y=-266127.456, yaw=2.845
[INFO] [1783599334.520114752] [route_recorder]: saved point 263: x=344629.299, y=-266860.430, yaw=3.043
[INFO] [1783599334.850295003] [route_recorder]: saved point 264: x=345376.693, y=-267282.221, yaw=2.749
[INFO] [1783599335.090707929] [route_recorder]: saved point 265: x=345749.785, y=-267493.198, yaw=2.287
[INFO] [1783599335.457087089] [route_recorder]: saved point 266: x=346493.040, y=-267914.490, yaw=0.487
[INFO] [1783599335.734951313] [route_recorder]: saved point 267: x=346882.233, y=-268135.506, yaw=0.205
[INFO] [1783599336.074351635] [route_recorder]: saved point 268: x=347416.528, y=-268438.762, yaw=0.071
[INFO] [1783599336.574956988] [route_recorder]: saved point 269: x=348911.156, y=-269285.720, yaw=0.455
[INFO] [1783599337.111442803] [route_recorder]: saved point 270: x=350054.775, y=-269931.573, yaw=0.425
[INFO] [1783599337.637639861] [route_recorder]: saved point 271: x=350997.022, y=-270462.509, yaw=0.277
[INFO] [1783599337.868643124] [route_recorder]: saved point 272: x=351174.595, y=-270562.346, yaw=0.272
[INFO] [1783599338.485191640] [route_recorder]: saved point 273: x=352301.027, y=-271196.689, yaw=0.278
[INFO] [1783599338.764778469] [route_recorder]: saved point 274: x=352506.446, y=-271313.397, yaw=0.274
[INFO] [1783599339.253011902] [route_recorder]: saved point 275: x=353078.151, y=-271639.203, yaw=0.189
[INFO] [1783599339.858742919] [route_recorder]: saved point 276: x=354395.074, y=-272390.955, yaw=-0.415
[INFO] [1783599340.261691532] [route_recorder]: saved point 277: x=355136.462, y=-272814.893, yaw=-0.689
[INFO] [1783599340.550573244] [route_recorder]: saved point 278: x=356099.849, y=-273367.956, yaw=-1.160
[INFO] [1783599340.833155386] [route_recorder]: saved point 279: x=356289.442, y=-273477.025, yaw=-1.313
[INFO] [1783599341.028207120] [route_recorder]: saved point 280: x=357041.464, y=-273910.006, yaw=-1.087
[INFO] [1783599341.250015270] [route_recorder]: saved point 281: x=357426.042, y=-274131.928, yaw=-0.622
[INFO] [1783599341.481705061] [route_recorder]: saved point 282: x=357992.547, y=-274459.190, yaw=0.349
[INFO] [1783599341.592333821] [route_recorder]: saved point 283: x=358180.785, y=-274568.039, yaw=0.582
[INFO] [1783599341.826951535] [route_recorder]: saved point 284: x=358749.778, y=-274897.235, yaw=-2.998
[INFO] [1783599342.447992349] [route_recorder]: saved point 285: x=360070.789, y=-275663.063, yaw=2.369
[INFO] [1783599342.567581897] [route_recorder]: saved point 286: x=360069.259, y=-275663.385, yaw=2.366
[INFO] [1783599342.643797646] [route_recorder]: saved point 287: x=360069.950, y=-275663.225, yaw=2.366
[INFO] [1783599342.749405430] [route_recorder]: saved point 288: x=360829.488, y=-276106.421, yaw=2.224
[INFO] [1783599343.403623186] [route_recorder]: saved point 289: x=361768.947, y=-276656.503, yaw=2.247
[INFO] [1783599343.581749104] [route_recorder]: saved point 290: x=361961.827, y=-276768.862, yaw=2.243
[INFO] [1783599344.146396549] [route_recorder]: saved point 291: x=362720.864, y=-277210.864, yaw=2.005
[INFO] [1783599344.370953656] [route_recorder]: saved point 292: x=363289.050, y=-277542.878, yaw=1.873
[INFO] [1783599344.458797681] [route_recorder]: saved point 293: x=363477.790, y=-277653.690, yaw=1.905
[INFO] [1783599344.552316220] [route_recorder]: saved point 294: x=363678.990, y=-277771.903, yaw=1.930
[INFO] [1783599344.745627364] [route_recorder]: saved point 295: x=364044.553, y=-277987.495, yaw=1.946
[INFO] [1783599344.829655028] [route_recorder]: saved point 296: x=364235.357, y=-278100.409, yaw=1.895
[INFO] [1783599345.096660955] [route_recorder]: saved point 297: x=364785.705, y=-278426.850, yaw=1.847
[INFO] [1783599345.172518577] [route_recorder]: saved point 298: x=364984.564, y=-278545.094, yaw=1.790
[INFO] [1783599345.239458737] [route_recorder]: saved point 299: x=365174.285, y=-278658.085, yaw=1.754
[INFO] [1783599345.316727204] [route_recorder]: saved point 300: x=365369.354, y=-278774.666, yaw=1.693
[INFO] [1783599345.436977137] [route_recorder]: saved point 301: x=365556.853, y=-278886.865, yaw=1.586
[INFO] [1783599345.493842387] [route_recorder]: saved point 302: x=365747.951, y=-279000.610, yaw=1.687
[INFO] [1783599345.575266367] [route_recorder]: saved point 303: x=365936.541, y=-279113.700, yaw=1.636
[INFO] [1783599345.724912303] [route_recorder]: saved point 304: x=366122.993, y=-279225.431, yaw=1.597
[INFO] [1783599346.173779073] [route_recorder]: saved point 305: x=366692.485, y=-279566.857, yaw=1.254
[INFO] [1783599346.565585179] [route_recorder]: saved point 306: x=367070.047, y=-279793.593, yaw=1.149
[INFO] [1783599347.049424454] [route_recorder]: saved point 307: x=367824.986, y=-280246.905, yaw=0.906
[INFO] [1783599347.459541236] [route_recorder]: saved point 308: x=368769.747, y=-280816.486, yaw=0.623
[INFO] [1783599347.869529544] [route_recorder]: saved point 309: x=369713.780, y=-281388.536, yaw=0.569
[INFO] [1783599348.164583378] [route_recorder]: saved point 310: x=370279.644, y=-281733.113, yaw=0.500
[INFO] [1783599348.476915106] [route_recorder]: saved point 311: x=371022.511, y=-282185.391, yaw=0.253
[INFO] [1783599348.862231026] [route_recorder]: saved point 312: x=371222.139, y=-282306.955, yaw=0.171
[INFO] [1783599349.123768606] [route_recorder]: saved point 313: x=372165.507, y=-282881.227, yaw=-0.168
[INFO] [1783599349.588310051] [route_recorder]: saved point 314: x=372914.878, y=-283338.033, yaw=-0.207
[INFO] [1783599349.886078187] [route_recorder]: saved point 315: x=373685.941, y=-283799.759, yaw=0.110
[INFO] [1783599350.342924672] [route_recorder]: saved point 316: x=374632.337, y=-284377.988, yaw=0.275
[INFO] [1783599350.670394332] [route_recorder]: saved point 317: x=375397.583, y=-284845.991, yaw=0.371
[INFO] [1783599351.185536143] [route_recorder]: saved point 318: x=376346.343, y=-285427.885, yaw=-0.031
[INFO] [1783599351.498443395] [route_recorder]: saved point 319: x=376918.476, y=-285780.162, yaw=-0.146
[INFO] [1783599351.938586454] [route_recorder]: saved point 320: x=377106.992, y=-285896.504, yaw=-0.159
[INFO] [1783599352.398426556] [route_recorder]: saved point 321: x=378250.483, y=-286603.199, yaw=-2.912
[INFO] [1783599353.279773936] [route_recorder]: saved point 322: x=379392.484, y=-287310.951, yaw=2.964
[INFO] [1783599353.597310599] [route_recorder]: saved point 323: x=381106.014, y=-288375.418, yaw=2.536
[INFO] [1783599353.892103069] [route_recorder]: saved point 324: x=381685.850, y=-288735.205, yaw=2.668
[INFO] [1783599354.302993127] [route_recorder]: saved point 325: x=382452.959, y=-289211.522, yaw=2.461
[INFO] [1783599354.640452390] [route_recorder]: saved point 326: x=382839.843, y=-289451.836, yaw=2.357
[INFO] [1783599355.033630622] [route_recorder]: saved point 327: x=383985.851, y=-290164.158, yaw=1.923
[INFO] [1783599355.291744429] [route_recorder]: saved point 328: x=384955.590, y=-290766.555, yaw=1.435
[INFO] [1783599355.748762874] [route_recorder]: saved point 329: x=386501.394, y=-291726.832, yaw=1.035
[INFO] [1783599356.328711091] [route_recorder]: saved point 330: x=387282.031, y=-292211.250, yaw=0.885
[INFO] [1783599356.527291840] [route_recorder]: saved point 331: x=387865.126, y=-292572.509, yaw=0.688
[INFO] [1783599356.707536825] [route_recorder]: saved point 332: x=388252.909, y=-292812.363, yaw=0.619
[INFO] [1783599357.025676787] [route_recorder]: saved point 333: x=388839.280, y=-293174.735, yaw=0.622
[INFO] [1783599357.268375843] [route_recorder]: saved point 334: x=389032.640, y=-293294.242, yaw=0.640
[INFO] [1783599357.464429225] [route_recorder]: saved point 335: x=389431.647, y=-293540.904, yaw=0.688
[INFO] [1783599357.534510035] [route_recorder]: saved point 336: x=389619.185, y=-293656.956, yaw=0.654
[INFO] [1783599357.604770837] [route_recorder]: saved point 337: x=389814.417, y=-293777.814, yaw=0.634
[INFO] [1783599357.688987836] [route_recorder]: saved point 338: x=390009.295, y=-293898.512, yaw=0.613
[INFO] [1783599357.763516722] [route_recorder]: saved point 339: x=390203.008, y=-294018.558, yaw=0.584
[INFO] [1783599357.842138052] [route_recorder]: saved point 340: x=390403.411, y=-294142.808, yaw=0.568
[INFO] [1783599358.077621101] [route_recorder]: saved point 341: x=390601.778, y=-294265.853, yaw=0.553
[INFO] [1783599358.186665041] [route_recorder]: saved point 342: x=390797.433, y=-294387.274, yaw=0.527
[INFO] [1783599358.475400265] [route_recorder]: saved point 343: x=390993.300, y=-294508.863, yaw=0.487
[INFO] [1783599358.875766217] [route_recorder]: saved point 344: x=391580.264, y=-294873.433, yaw=0.410
[INFO] [1783599359.345980063] [route_recorder]: saved point 345: x=391971.938, y=-295117.098, yaw=0.368
[INFO] [1783599359.547486400] [route_recorder]: saved point 346: x=392164.315, y=-295236.912, yaw=0.340
[INFO] [1783599360.122037691] [route_recorder]: saved point 347: x=392563.948, y=-295485.998, yaw=0.286
[INFO] [1783599361.115419076] [route_recorder]: saved point 348: x=393938.719, y=-296344.533, yaw=0.178
[INFO] [1783599362.478234292] [route_recorder]: saved point 349: x=396303.652, y=-297827.010, yaw=-0.127
[INFO] [1783599363.260835607] [route_recorder]: saved point 350: x=399071.905, y=-299576.913, yaw=-1.467
[INFO] [1783599363.575170568] [route_recorder]: saved point 351: x=400453.897, y=-300455.889, yaw=-2.310
[INFO] [1783599364.325539759] [route_recorder]: saved point 352: x=402239.095, y=-301594.293, yaw=-2.820
[INFO] [1783599365.234690418] [route_recorder]: saved point 353: x=404812.190, y=-303242.159, yaw=2.981
[INFO] [1783599366.068886772] [route_recorder]: saved point 354: x=406203.504, y=-304137.367, yaw=2.735
[INFO] [1783599366.264235611] [route_recorder]: saved point 355: x=406599.971, y=-304392.838, yaw=2.660
[INFO] [1783599366.538680638] [route_recorder]: saved point 356: x=406996.784, y=-304648.497, yaw=2.579
[INFO] [1783599366.843556274] [route_recorder]: saved point 357: x=407597.212, y=-305035.488, yaw=2.450
[INFO] [1783599367.087667359] [route_recorder]: saved point 358: x=407792.491, y=-305161.357, yaw=2.407
[INFO] [1783599367.179165865] [route_recorder]: saved point 359: x=407991.002, y=-305289.315, yaw=2.362
[INFO] [1783599367.313633870] [route_recorder]: saved point 360: x=408190.036, y=-305417.611, yaw=2.317
[INFO] [1783599367.403188182] [route_recorder]: saved point 361: x=408387.203, y=-305544.706, yaw=2.271
[INFO] [1783599367.548499061] [route_recorder]: saved point 362: x=408587.941, y=-305674.104, yaw=2.224
[INFO] [1783599367.648794427] [route_recorder]: saved point 363: x=408786.501, y=-305802.098, yaw=2.177
[INFO] [1783599367.860352764] [route_recorder]: saved point 364: x=409187.026, y=-306060.272, yaw=2.078
[INFO] [1783599368.057103968] [route_recorder]: saved point 365: x=409385.189, y=-306188.011, yaw=2.015
[INFO] [1783599368.145337895] [route_recorder]: saved point 366: x=409584.610, y=-306316.561, yaw=1.966
[INFO] [1783599368.344705102] [route_recorder]: saved point 367: x=409978.603, y=-306570.529, yaw=1.869
[INFO] [1783599368.427342272] [route_recorder]: saved point 368: x=410180.791, y=-306700.855, yaw=1.818
[INFO] [1783599368.527806527] [route_recorder]: saved point 369: x=410382.468, y=-306830.850, yaw=1.766
[INFO] [1783599368.580995345] [route_recorder]: saved point 370: x=410579.804, y=-306958.035, yaw=1.719
[INFO] [1783599368.641765592] [route_recorder]: saved point 371: x=410782.167, y=-307088.518, yaw=1.572
[INFO] [1783599369.292207496] [route_recorder]: saved point 372: x=411781.700, y=-307732.959, yaw=1.314
[INFO] [1783599369.829687823] [route_recorder]: saved point 373: x=412183.473, y=-307992.058, yaw=1.212
[INFO] [1783599370.038239455] [route_recorder]: saved point 374: x=413385.377, y=-308767.463, yaw=0.917
[INFO] [1783599371.060215601] [route_recorder]: saved point 375: x=414398.546, y=-309421.642, yaw=0.687
[INFO] [1783599372.360790080] [route_recorder]: saved point 376: x=415999.617, y=-310456.779, yaw=0.353
[INFO] [1783599373.959640510] [route_recorder]: saved point 377: x=419432.272, y=-312684.059, yaw=-0.424
[INFO] [1783599375.294300304] [route_recorder]: saved point 378: x=422065.360, y=-314401.703, yaw=-1.504
[INFO] [1783599376.298737320] [route_recorder]: saved point 379: x=425313.312, y=-316530.236, yaw=-2.867
[INFO] [1783599377.406079019] [route_recorder]: saved point 380: x=427952.254, y=-318272.130, yaw=2.826
[INFO] [1783599379.105911534] [route_recorder]: saved point 381: x=431409.669, y=-320564.272, yaw=2.099
[INFO] [1783599379.416672777] [route_recorder]: saved point 382: x=432021.167, y=-320970.824, yaw=1.954
[INFO] [1783599379.490559134] [route_recorder]: saved point 383: x=432226.492, y=-321107.354, yaw=1.903
[INFO] [1783599379.587996045] [route_recorder]: saved point 384: x=432429.134, y=-321242.107, yaw=1.853
[INFO] [1783599379.707110704] [route_recorder]: saved point 385: x=432633.481, y=-321377.999, yaw=1.802
[INFO] [1783599379.773710817] [route_recorder]: saved point 386: x=432838.546, y=-321514.400, yaw=1.792
[INFO] [1783599379.860393778] [route_recorder]: saved point 387: x=433042.124, y=-321649.805, yaw=1.741
[INFO] [1783599380.506132002] [route_recorder]: saved point 388: x=433860.097, y=-322193.929, yaw=1.536
[INFO] [1783599381.012793002] [route_recorder]: saved point 389: x=434267.717, y=-322465.153, yaw=1.433
[INFO] [1783599381.64974095