[INFO] [1784703611.819400581] [lateral_pid_parameter_probe]: simple csv waypoint_follower started
[INFO] [1784703611.821025112] [lateral_pid_parameter_probe]: route_file: /home/unitree/go2_fastlio_ws/src/go2_fastlio_patrol/routes/xbf2.csv
[INFO] [1784703611.822489846] [lateral_pid_parameter_probe]: route_transform_json: identity
[INFO] [1784703611.823803613] [lateral_pid_parameter_probe]: route_frame_mode: False, yaw_old_from_current=0.0000
[INFO] [1784703611.825110757] [lateral_pid_parameter_probe]: route points: 1687
[INFO] [1784703611.826404622] [lateral_pid_parameter_probe]: v_base: 0.25, max_vx: 0.25, use_route_speed: True
[INFO] [1784703611.827700599] [lateral_pid_parameter_probe]: yaw_limits: max=0.3, non_corner=0.35
[INFO] [1784703611.829038717] [lateral_pid_parameter_probe]: lateral_yaw_gain: 0.06, max_lateral_yaw_rate: 0.05, lateral_deadband: 0.03
[INFO] [1784703611.830367556] [lateral_pid_parameter_probe]: lateral velocity correction: gain=0.75, max_vy=0.15m/s, deadband=0.03m, heading_limit=25.0deg
[INFO] [1784703611.831658861] [lateral_pid_parameter_probe]: lateral velocity PID: enabled=True, kp=0.750, ki=0.080, kd=0.040, i_vy_limit=0.040m/s, d_vy_limit=0.020m/s, d_filter_tau=0.350s, i_reset_error=0.060m, progress_timeout=0.750s, follow_warmup=2.000s
[INFO] [1784703611.832970037] [lateral_pid_parameter_probe]: loop_mode: once
[INFO] [1784703611.834682850] [lateral_pid_parameter_probe]: lookahead_distance: 0.8
[INFO] [1784703611.835750394] [lateral_pid_parameter_probe]: dynamic_lookahead: enabled=True, straight=0.8, corner=0.25, curve=0.8, corner_angle_deg=60.0, scan_distance=1.0, curve_angle_deg=20.0, curve_scan_distance=4.0, curve_heading_preview=1.2, curve_heading_blend=0.35, corner_turn_distance=0.55, corner_exit_distance=0.9, corner_wiggle_distance=1.6, corner_wiggle_min_opposite_angle_deg=30.0, corner_heading_blend=0.2, corner_heading_conflict_blend=0.65, corner_lateral_scale=0.4
[INFO] [1784703611.837079425] [lateral_pid_parameter_probe]: reach_distance: 0.4
[INFO] [1784703611.838368010] [lateral_pid_parameter_probe]: turn_crawl_vx: 0.06
[INFO] [1784703611.839660339] [lateral_pid_parameter_probe]: odom_jump_limits: distance=0.8, z=0.5, dt=2.0
[INFO] [1784703611.840978363] [lateral_pid_parameter_probe]: start_policy: route_start, start_max_distance: 0.5, start_max_yaw_error: 0.9
[INFO] [1784703611.842301922] [lateral_pid_parameter_probe]: allow_global_relocalize: False, stuck_relocalize: False, recovery_distance: 1.0, recovery_heading_distance: 0.35, recovery_yaw_error: 0.75, recovery_vx: 0.2, max_route_deviation: 5.0
[INFO] [1784703611.843623433] [lateral_pid_parameter_probe]: soft_unstick_yaw_rate: 0.2, soft_unstick_min_moved: 0.12, progress_s_epsilon: 0.08
[INFO] [1784703611.844930097] [lateral_pid_parameter_probe]: projection: local route window enabled; speed-step clamp disabled; configured_speed_scale=1.2, configured_max_step=0.12, progress_forward_tolerance=0.45, progress_backtrack_tolerance=0.12
[INFO] [1784703614.828087451] [lateral_pid_parameter_probe]: waypoint_follower stopped by Ctrl+C
