[INFO] [1784290333.428360864] [unitree_safe_cmd_node]: unitree_safe_cmd_node ACTIVE: obstacle -> Move(0,0,0), resume after 5 clear frames
[INFO] [1784290333.429165114] [unitree_safe_cmd_node]: output mode: Twist -> /cmd_vel
[WARN] [1784290333.431674762] [unitree_safe_cmd_node]: SAFE OVERRIDE cmd_timeout: Move x=0.000, z=0.000, raw_x=0.000, raw_z=0.000, stop_count=0, roi_count=0, nearest_x=inf, clear_frames=0
[WARN] [1784290333.950841220] [unitree_safe_cmd_node]: SAFE OVERRIDE cmd_timeout: Move x=0.000, z=0.000, raw_x=0.000, raw_z=0.000, stop_count=0, roi_count=0, nearest_x=inf, clear_frames=2
[WARN] [1784290334.450880407] [unitree_safe_cmd_node]: SAFE OVERRIDE cmd_timeout: Move x=0.000, z=0.000, raw_x=0.000, raw_z=0.000, stop_count=0, roi_count=0, nearest_x=inf, clear_frames=3
[WARN] [1784290335.000936848] [unitree_safe_cmd_node]: SAFE OVERRIDE cmd_timeout: Move x=0.000, z=0.000, raw_x=0.000, raw_z=0.000, stop_count=0, roi_count=0, nearest_x=inf, clear_frames=4
[WARN] [1784290335.551203184] [unitree_safe_cmd_node]: SAFE OVERRIDE cmd_timeout: Move x=0.000, z=0.000, raw_x=0.000, raw_z=0.000, stop_count=0, roi_count=0, nearest_x=inf, clear_frames=5
[WARN] [1784290336.102542930] [unitree_safe_cmd_node]: SAFE OVERRIDE cmd_timeout: Move x=0.000, z=0.000, raw_x=0.000, raw_z=0.000, stop_count=0, roi_count=0, nearest_x=inf, clear_frames=6
[INFO] [1784290336.651551594] [unitree_safe_cmd_node]: Move x=0.071, z=0.150, stop_count=0, roi_count=0, nearest_x=inf, clear_frames=9
[INFO] [1784290337.200720550] [unitree_safe_cmd_node]: Move x=0.120, z=0.151, stop_count=0, roi_count=0, nearest_x=inf, clear_frames=10
[INFO] [1784290337.750761535] [unitree_safe_cmd_node]: Move x=0.120, z=0.152, stop_count=0, roi_count=0, nearest_x=inf, clear_frames=11
[INFO] [1784290338.250847732] [unitree_safe_cmd_node]: Move x=0.120, z=0.153, stop_count=0, roi_count=0, nearest_x=inf, clear_frames=13
[INFO] [1784290338.750840774] [unitree_safe_cmd_node]: Move x=0.120, z=0.152, stop_count=0, roi_count=0, nearest_x=inf, clear_frames=14
[INFO] [1784290339.251896826] [unitree_safe_cmd_node]: Move x=0.120, z=0.151, stop_count=0, roi_count=0, nearest_x=inf, clear_frames=15
[INFO] [1784290339.805841776] [unitree_safe_cmd_node]: Move x=0.120, z=0.200, stop_count=0, roi_count=0, nearest_x=inf, clear_frames=16
[INFO] [1784290340.350940553] [unitree_safe_cmd_node]: Move x=0.120, z=0.200, stop_count=0, roi_count=0, nearest_x=inf, clear_frames=17
[INFO] [1784290340.854578576] [unitree_safe_cmd_node]: Move x=0.120, z=0.200, stop_count=0, roi_count=0, nearest_x=inf, clear_frames=19
[INFO] [1784290341.400769645] [unitree_safe_cmd_node]: Move x=0.120, z=0.200, stop_count=0, roi_count=0, nearest_x=inf, clear_frames=21
[INFO] [1784290341.900792960] [unitree_safe_cmd_node]: Move x=0.120, z=0.200, stop_count=0, roi_count=0, nearest_x=inf, clear_frames=24
[INFO] [1784290342.401758290] [unitree_safe_cmd_node]: Move x=0.120, z=0.200, stop_count=0, roi_count=0, nearest_x=inf, clear_frames=26
[INFO] [1784290342.950748584] [unitree_safe_cmd_node]: Move x=0.120, z=0.096, stop_count=0, roi_count=0, nearest_x=inf, clear_frames=29
[INFO] [1784290343.453183209] [unitree_safe_cmd_node]: Move x=0.120, z=0.032, stop_count=0, roi_count=0, nearest_x=inf, clear_frames=31
[INFO] [1784290344.000905399] [unitree_safe_cmd_node]: Move x=0.120, z=-0.077, stop_count=0, roi_count=0, nearest_x=inf, clear_frames=34
[INFO] [1784290344.552248633] [unitree_safe_cmd_node]: Move x=0.120, z=-0.171, stop_count=0, roi_count=0, nearest_x=inf, clear_frames=36
[INFO] [1784290345.052316174] [unitree_safe_cmd_node]: Move x=0.120, z=-0.250, stop_count=0, roi_count=0, nearest_x=inf, clear_frames=41
[INFO] [1784290345.600938905] [unitree_safe_cmd_node]: Move x=0.060, z=-0.250, stop_count=0, roi_count=0, nearest_x=inf, clear_frames=45
[INFO] [1784290346.102181395] [unitree_safe_cmd_node]: Move x=0.060, z=-0.250, stop_count=0, roi_count=0, nearest_x=inf, clear_frames=49
[INFO] [1784290346.606119971] [unitree_safe_cmd_node]: Move x=0.060, z=-0.250, stop_count=0, roi_count=0, nearest_x=inf, clear_frames=54
[INFO] [1784290347.150938868] [unitree_safe_cmd_node]: Move x=0.060, z=-0.250, stop_count=0, roi_count=0, nearest_x=inf, clear_frames=59
[INFO] [1784290347.651616028] [unitree_safe_cmd_node]: Move x=0.113, z=-0.243, stop_count=0, roi_count=0, nearest_x=inf, clear_frames=64
[INFO] [1784290348.201250120] [unitree_safe_cmd_node]: Move x=0.120, z=-0.189, stop_count=0, roi_count=0, nearest_x=inf, clear_frames=69
[INFO] [1784290348.706353022] [unitree_safe_cmd_node]: Move x=0.120, z=-0.148, stop_count=0, roi_count=0, nearest_x=inf, clear_frames=73
[INFO] [1784290349.250782626] [unitree_safe_cmd_node]: Move x=0.120, z=-0.097, stop_count=0, roi_count=0, nearest_x=inf, clear_frames=78
[INFO] [1784290349.750874039] [unitree_safe_cmd_node]: Move x=0.120, z=-0.068, stop_count=0, roi_count=0, nearest_x=inf, clear_frames=82
[INFO] [1784290350.251111377] [unitree_safe_cmd_node]: Move x=0.085, z=-0.152, stop_count=0, roi_count=0, nearest_x=inf, clear_frames=86
[INFO] [1784290350.754346251] [unitree_safe_cmd_node]: Move x=0.060, z=-0.250, stop_count=0, roi_count=0, nearest_x=inf, clear_frames=91
[INFO] [1784290351.300858546] [unitree_safe_cmd_node]: Move x=0.060, z=-0.250, stop_count=0, roi_count=0, nearest_x=inf, clear_frames=96
[INFO] [1784290351.801116845] [unitree_safe_cmd_node]: Move x=0.060, z=-0.250, stop_count=0, roi_count=0, nearest_x=inf, clear_frames=100
[INFO] [1784290352.301594062] [unitree_safe_cmd_node]: Move x=0.060, z=-0.250, stop_count=0, roi_count=0, nearest_x=inf, clear_frames=104
[INFO] [1784290352.878329600] [unitree_safe_cmd_node]: Move x=0.060, z=-0.250, stop_count=0, roi_count=0, nearest_x=inf, clear_frames=110
[INFO] [1784290353.401138734] [unitree_safe_cmd_node]: Move x=0.060, z=-0.250, stop_count=0, roi_count=0, nearest_x=inf, clear_frames=115
[INFO] [1784290353.952937887] [unitree_safe_cmd_node]: Move x=0.060, z=-0.250, stop_count=0, roi_count=0, nearest_x=inf, clear_frames=121
[INFO] [1784290354.501089083] [unitree_safe_cmd_node]: Move x=0.060, z=-0.250, stop_count=0, roi_count=0, nearest_x=inf, clear_frames=126
[INFO] [1784290355.002322805] [unitree_safe_cmd_node]: Move x=0.060, z=-0.250, stop_count=0, roi_count=0, nearest_x=inf, clear_frames=131
[INFO] [1784290355.550875326] [unitree_safe_cmd_node]: Move x=0.060, z=-0.250, stop_count=0, roi_count=0, nearest_x=inf, clear_frames=136
[INFO] [1784290356.051028565] [unitree_safe_cmd_node]: Move x=0.060, z=-0.250, stop_count=0, roi_count=0, nearest_x=inf, clear_frames=141
[INFO] [1784290356.604943818] [unitree_safe_cmd_node]: Move x=0.060, z=-0.250, stop_count=0, roi_count=0, nearest_x=inf, clear_frames=146
[INFO] [1784290357.152675160] [unitree_safe_cmd_node]: Move x=0.060, z=-0.239, stop_count=0, roi_count=0, nearest_x=inf, clear_frames=152
[INFO] [1784290357.701292931] [unitree_safe_cmd_node]: Move x=0.060, z=-0.217, stop_count=0, roi_count=0, nearest_x=inf, clear_frames=156
[INFO] [1784290358.208602560] [unitree_safe_cmd_node]: Move x=0.120, z=-0.199, stop_count=0, roi_count=0, nearest_x=inf, clear_frames=162
[INFO] [1784290358.752123143] [unitree_safe_cmd_node]: Move x=0.120, z=-0.174, stop_count=0, roi_count=0, nearest_x=inf, clear_frames=167
[INFO] [1784290359.302230466] [unitree_safe_cmd_node]: Move x=0.120, z=-0.142, stop_count=0, roi_count=0, nearest_x=inf, clear_frames=171
[INFO] [1784290359.853163735] [unitree_safe_cmd_node]: Move x=0.060, z=0.250, stop_count=0, roi_count=0, nearest_x=inf, clear_frames=177
[INFO] [1784290360.400842084] [unitree_safe_cmd_node]: Move x=0.060, z=0.250, stop_count=0, roi_count=0, nearest_x=inf, clear_frames=183
[INFO] [1784290360.952467247] [unitree_safe_cmd_node]: Move x=0.007, z=0.250, stop_count=0, roi_count=0, nearest_x=inf, clear_frames=188
[INFO] [1784290361.500826226] [unitree_safe_cmd_node]: Move x=0.017, z=0.250, stop_count=0, roi_count=0, nearest_x=inf, clear_frames=192
[INFO] [1784290362.003586396] [unitree_safe_cmd_node]: Move x=0.060, z=0.250, stop_count=0, roi_count=0, nearest_x=inf, clear_frames=198
[INFO] [1784290362.552332651] [unitree_safe_cmd_node]: Move x=0.060, z=0.250, stop_count=0, roi_count=0, nearest_x=inf, clear_frames=204
[INFO] [1784290363.100935542] [unitree_safe_cmd_node]: Move x=0.095, z=0.160, stop_count=0, roi_count=0, nearest_x=inf, clear_frames=209
[INFO] [1784290363.601227921] [unitree_safe_cmd_node]: Move x=0.120, z=0.096, stop_count=0, roi_count=0, nearest_x=inf, clear_frames=213
[INFO] [1784290364.156564276] [unitree_safe_cmd_node]: Move x=0.120, z=0.035, stop_count=0, roi_count=0, nearest_x=inf, clear_frames=219
[INFO] [1784290364.700879125] [unitree_safe_cmd_node]: Move x=0.120, z=-0.003, stop_count=0, roi_count=0, nearest_x=inf, clear_frames=223
[INFO] [1784290365.201834918] [unitree_safe_cmd_node]: Move x=0.120, z=-0.023, stop_count=0, roi_count=0, nearest_x=inf, clear_frames=228
[INFO] [1784290365.753155047] [unitree_safe_cmd_node]: Move x=0.120, z=-0.037, stop_count=0, roi_count=0, nearest_x=inf, clear_frames=232
[INFO] [1784290366.255739468] [unitree_safe_cmd_node]: Move x=0.120, z=-0.060, stop_count=0, roi_count=0, nearest_x=inf, clear_frames=236
[INFO] [1784290366.801050029] [unitree_safe_cmd_node]: Move x=0.120, z=-0.081, stop_count=0, roi_count=0, nearest_x=inf, clear_frames=238
[INFO] [1784290367.304047583] [unitree_safe_cmd_node]: Move x=0.120, z=-0.082, stop_count=0, roi_count=0, nearest_x=inf, clear_frames=240
[INFO] [1784290367.805539010] [unitree_safe_cmd_node]: Move x=0.120, z=-0.080, stop_count=0, roi_count=0, nearest_x=inf, clear_frames=242
[INFO] [1784290368.351266288] [unitree_safe_cmd_node]: Move x=0.120, z=-0.077, stop_count=0, roi_count=0, nearest_x=inf, clear_frames=247
[INFO] [1784290368.850909238] [unitree_safe_cmd_node]: Move x=0.120, z=-0.074, stop_count=0, roi_count=0, nearest_x=inf, clear_frames=251
[INFO] [1784290369.400831147] [unitree_safe_cmd_node]: Move x=0.120, z=-0.200, stop_count=0, roi_count=0, nearest_x=inf, clear_frames=256
[INFO] [1784290369.922779102] [unitree_safe_cmd_node]: Move x=0.120, z=-0.200, stop_count=0, roi_count=0, nearest_x=inf, clear_frames=261
[INFO] [1784290370.450772851] [unitree_safe_cmd_node]: Move x=0.120, z=-0.038, stop_count=0, roi_count=0, nearest_x=inf, clear_frames=266
[INFO] [1784290370.950978667] [unitree_safe_cmd_node]: Move x=0.120, z=-0.017, stop_count=0, roi_count=0, nearest_x=inf, clear_frames=271
[INFO] [1784290371.502504596] [unitree_safe_cmd_node]: Move x=0.120, z=0.023, stop_count=0, roi_count=0, nearest_x=inf, clear_frames=277
[INFO] [1784290372.052672112] [unitree_safe_cmd_node]: Move x=0.120, z=0.064, stop_count=0, roi_count=0, nearest_x=inf, clear_frames=281
[INFO] [1784290372.606155479] [unitree_safe_cmd_node]: Move x=0.120, z=0.064, stop_count=0, roi_count=0, nearest_x=inf, clear_frames=287
[INFO] [1784290373.150832260] [unitree_safe_cmd_node]: Move x=0.120, z=0.064, stop_count=0, roi_count=0, nearest_x=inf, clear_frames=292
[INFO] [1784290373.654528493] [unitree_safe_cmd_node]: Move x=0.120, z=0.200, stop_count=0, roi_count=0, nearest_x=inf, clear_frames=298
[INFO] [1784290374.201058196] [unitree_safe_cmd_node]: Move x=0.120, z=0.200, stop_count=0, roi_count=0, nearest_x=inf, clear_frames=303
[INFO] [1784290374.758941545] [unitree_safe_cmd_node]: Move x=0.120, z=0.200, stop_count=0, roi_count=0, nearest_x=inf, clear_frames=309
[INFO] [1784290375.301175079] [unitree_safe_cmd_node]: Move x=0.120, z=0.155, stop_count=0, roi_count=0, nearest_x=inf, clear_frames=314
[INFO] [1784290375.850821042] [unitree_safe_cmd_node]: Move x=0.120, z=0.026, stop_count=0, roi_count=0, nearest_x=inf, clear_frames=319
[INFO] [1784290376.353456729] [unitree_safe_cmd_node]: Move x=0.120, z=0.200, stop_count=0, roi_count=0, nearest_x=inf, clear_frames=323
[INFO] [1784290376.901009634] [unitree_safe_cmd_node]: Move x=0.120, z=0.200, stop_count=0, roi_count=0, nearest_x=inf, clear_frames=328
[INFO] [1784290377.450697871] [unitree_safe_cmd_node]: Move x=0.120, z=0.200, stop_count=0, roi_count=0, nearest_x=inf, clear_frames=334
[INFO] [1784290377.953803845] [unitree_safe_cmd_node]: Move x=0.120, z=0.200, stop_count=0, roi_count=0, nearest_x=inf, clear_frames=339
[INFO] [1784290378.502067173] [unitree_safe_cmd_node]: Move x=0.120, z=0.200, stop_count=0, roi_count=0, nearest_x=inf, clear_frames=343
[INFO] [1784290379.050997913] [unitree_safe_cmd_node]: Move x=0.120, z=0.200, stop_count=0, roi_count=0, nearest_x=inf, clear_frames=349
[INFO] [1784290379.600837964] [unitree_safe_cmd_node]: Move x=0.120, z=0.200, stop_count=0, roi_count=0, nearest_x=inf, clear_frames=354
[INFO] [1784290380.101747963] [unitree_safe_cmd_node]: Move x=0.120, z=0.200, stop_count=0, roi_count=0, nearest_x=inf, clear_frames=358
[INFO] [1784290380.653694993] [unitree_safe_cmd_node]: Move x=0.120, z=0.200, stop_count=0, roi_count=0, nearest_x=inf, clear_frames=362
[INFO] [1784290381.200530594] [unitree_safe_cmd_node]: Move x=0.120, z=0.200, stop_count=0, roi_count=0, nearest_x=inf, clear_frames=366
[INFO] [1784290381.713463156] [unitree_safe_cmd_node]: Move x=0.120, z=0.200, stop_count=0, roi_count=0, nearest_x=inf, clear_frames=367
[INFO] [1784290382.250704433] [unitree_safe_cmd_node]: Move x=0.120, z=0.200, stop_count=0, roi_count=0, nearest_x=inf, clear_frames=369
[INFO] [1784290382.750758053] [unitree_safe_cmd_node]: Move x=0.120, z=0.200, stop_count=0, roi_count=0, nearest_x=inf, clear_frames=373
[INFO] [1784290383.250809817] [unitree_safe_cmd_node]: Move x=0.120, z=0.200, stop_count=0, roi_count=0, nearest_x=inf, clear_frames=375
[INFO] [1784290383.801964757] [unitree_safe_cmd_node]: Move x=0.120, z=0.200, stop_count=0, roi_count=0, nearest_x=inf, clear_frames=378
[INFO] [1784290384.354943788] [unitree_safe_cmd_node]: Move x=0.120, z=0.200, stop_count=0, roi_count=0, nearest_x=inf, clear_frames=380
[INFO] [1784290384.900612857] [unitree_safe_cmd_node]: Move x=0.120, z=0.200, stop_count=0, roi_count=0, nearest_x=inf, clear_frames=382
[INFO] [1784290385.450675410] [unitree_safe_cmd_node]: Move x=0.120, z=0.200, stop_count=0, roi_count=0, nearest_x=inf, clear_frames=384
[INFO] [1784290385.950805448] [unitree_safe_cmd_node]: Move x=0.120, z=0.200, stop_count=0, roi_count=0, nearest_x=inf, clear_frames=385
[INFO] [1784290386.450888381] [unitree_safe_cmd_node]: Move x=0.120, z=0.200, stop_count=0, roi_count=0, nearest_x=inf, clear_frames=387
[INFO] [1784290387.001462407] [unitree_safe_cmd_node]: Move x=0.120, z=0.200, stop_count=0, roi_count=0, nearest_x=inf, clear_frames=389
[INFO] [1784290387.505660320] [unitree_safe_cmd_node]: Move x=0.120, z=0.200, stop_count=0, roi_count=0, nearest_x=inf, clear_frames=391
[INFO] [1784290388.050789851] [unitree_safe_cmd_node]: Move x=0.120, z=0.200, stop_count=0, roi_count=0, nearest_x=inf, clear_frames=394
[INFO] [1784290388.550849711] [unitree_safe_cmd_node]: Move x=0.060, z=-0.205, stop_count=0, roi_count=0, nearest_x=inf, clear_frames=397
[INFO] [1784290389.051077608] [unitree_safe_cmd_node]: Move x=0.060, z=-0.250, stop_count=0, roi_count=0, nearest_x=inf, clear_frames=400
[INFO] [1784290389.550924085] [unitree_safe_cmd_node]: Move x=0.060, z=-0.250, stop_count=0, roi_count=0, nearest_x=inf, clear_frames=404
[INFO] [1784290390.101503967] [unitree_safe_cmd_node]: Move x=0.060, z=-0.250, stop_count=0, roi_count=0, nearest_x=inf, clear_frames=408
[INFO] [1784290390.601374733] [unitree_safe_cmd_node]: Move x=0.060, z=-0.250, stop_count=0, roi_count=0, nearest_x=inf, clear_frames=410
[INFO] [1784290391.105380800] [unitree_safe_cmd_node]: Move x=0.060, z=-0.250, stop_count=0, roi_count=0, nearest_x=inf, clear_frames=412
[INFO] [1784290391.657372215] [unitree_safe_cmd_node]: Move x=0.060, z=-0.250, stop_count=0, roi_count=0, nearest_x=inf, clear_frames=416
[INFO] [1784290392.202881246] [unitree_safe_cmd_node]: Move x=0.060, z=-0.250, stop_count=0, roi_count=0, nearest_x=inf, clear_frames=422
[INFO] [1784290392.752418535] [unitree_safe_cmd_node]: Move x=0.060, z=-0.250, stop_count=0, roi_count=0, nearest_x=inf, clear_frames=427
[INFO] [1784290393.305498113] [unitree_safe_cmd_node]: Move x=0.060, z=-0.250, stop_count=0, roi_count=0, nearest_x=inf, clear_frames=434
[INFO] [1784290393.861838404] [unitree_safe_cmd_node]: Move x=0.060, z=-0.250, stop_count=0, roi_count=0, nearest_x=inf, clear_frames=439
[INFO] [1784290394.401018111] [unitree_safe_cmd_node]: Move x=0.060, z=-0.250, stop_count=0, roi_count=0, nearest_x=inf, clear_frames=445
[INFO] [1784290394.957426148] [unitree_safe_cmd_node]: Move x=0.060, z=-0.250, stop_count=0, roi_count=0, nearest_x=inf, clear_frames=451
[INFO] [1784290395.500993261] [unitree_safe_cmd_node]: Move x=0.120, z=-0.218, stop_count=0, roi_count=0, nearest_x=inf, clear_frames=457
[INFO] [1784290396.002394988] [unitree_safe_cmd_node]: Move x=0.120, z=-0.184, stop_count=0, roi_count=0, nearest_x=inf, clear_frames=462
[INFO] [1784290396.550726414] [unitree_safe_cmd_node]: Move x=0.120, z=-0.150, stop_count=0, roi_count=0, nearest_x=inf, clear_frames=468
[INFO] [1784290397.051445847] [unitree_safe_cmd_node]: Move x=0.120, z=-0.126, stop_count=0, roi_count=0, nearest_x=inf, clear_frames=473
[INFO] [1784290397.601021857] [unitree_safe_cmd_node]: Move x=0.120, z=-0.095, stop_count=0, roi_count=0, nearest_x=inf, clear_frames=478
[INFO] [1784290398.150772464] [unitree_safe_cmd_node]: Move x=0.120, z=-0.073, stop_count=0, roi_count=0, nearest_x=inf, clear_frames=483
[INFO] [1784290398.655163663] [unitree_safe_cmd_node]: Move x=0.120, z=-0.058, stop_count=0, roi_count=0, nearest_x=inf, clear_frames=489
[INFO] [1784290399.200756313] [unitree_safe_cmd_node]: Move x=0.120, z=-0.053, stop_count=0, roi_count=0, nearest_x=inf, clear_frames=495
[INFO] [1784290399.702320382] [unitree_safe_cmd_node]: Move x=0.120, z=-0.056, stop_count=0, roi_count=0, nearest_x=inf, clear_frames=500
[INFO] [1784290400.202809023] [unitree_safe_cmd_node]: Move x=0.120, z=-0.049, stop_count=0, roi_count=0, nearest_x=inf, clear_frames=506
[INFO] [1784290400.750801366] [unitree_safe_cmd_node]: Move x=0.120, z=-0.038, stop_count=0, roi_count=0, nearest_x=inf, clear_frames=511
[INFO] [1784290401.253234935] [unitree_safe_cmd_node]: Move x=0.120, z=-0.034, stop_count=0, roi_count=0, nearest_x=inf, clear_frames=515
[INFO] [1784290401.803252398] [unitree_safe_cmd_node]: Move x=0.120, z=-0.036, stop_count=0, roi_count=0, nearest_x=inf, clear_frames=520
[INFO] [1784290402.300803250] [unitree_safe_cmd_node]: Move x=0.120, z=-0.034, stop_count=0, roi_count=0, nearest_x=inf, clear_frames=524
[INFO] [1784290402.805326773] [unitree_safe_cmd_node]: Move x=0.120, z=-0.033, stop_count=0, roi_count=0, nearest_x=inf, clear_frames=530
[INFO] [1784290403.355896735] [unitree_safe_cmd_node]: Move x=0.120, z=-0.200, stop_count=0, roi_count=0, nearest_x=inf, clear_frames=535
[INFO] [1784290403.901470248] [unitree_safe_cmd_node]: Move x=0.120, z=-0.200, stop_count=0, roi_count=0, nearest_x=inf, clear_frames=540
[INFO] [1784290404.450792873] [unitree_safe_cmd_node]: Move x=0.120, z=0.021, stop_count=0, roi_count=0, nearest_x=inf, clear_frames=545
[INFO] [1784290405.000852131] [unitree_safe_cmd_node]: Move x=0.120, z=0.026, stop_count=0, roi_count=0, nearest_x=inf, clear_frames=551
[INFO] [1784290405.501824084] [unitree_safe_cmd_node]: Move x=0.120, z=-0.200, stop_count=0, roi_count=0, nearest_x=inf, clear_frames=555
[INFO] [1784290406.050785834] [unitree_safe_cmd_node]: Move x=0.120, z=-0.200, stop_count=0, roi_count=0, nearest_x=inf, clear_frames=561
[INFO] [1784290406.552573525] [unitree_safe_cmd_node]: Move x=0.120, z=-0.200, stop_count=0, roi_count=0, nearest_x=inf, clear_frames=566
[INFO] [1784290407.104869814] [unitree_safe_cmd_node]: Move x=0.120, z=-0.155, stop_count=0, roi_count=0, nearest_x=inf, clear_frames=571
[INFO] [1784290407.650794315] [unitree_safe_cmd_node]: Move x=0.120, z=0.157, stop_count=0, roi_count=0, nearest_x=inf, clear_frames=576
[INFO] [1784290408.150819070] [unitree_safe_cmd_node]: Move x=0.120, z=0.201, stop_count=0, roi_count=0, nearest_x=inf, clear_frames=581
[INFO] [1784290408.700868215] [unitree_safe_cmd_node]: Move x=0.120, z=0.213, stop_count=0, roi_count=0, nearest_x=inf, clear_frames=586
[INFO] [1784290409.201410554] [unitree_safe_cmd_node]: Move x=0.120, z=0.191, stop_count=0, roi_count=0, nearest_x=inf, clear_frames=591
[INFO] [1784290409.750931842] [unitree_safe_cmd_node]: Move x=0.120, z=0.172, stop_count=0, roi_count=0, nearest_x=inf, clear_frames=597
[INFO] [1784290410.308398537] [unitree_safe_cmd_node]: Move x=0.120, z=0.138, stop_count=0, roi_count=0, nearest_x=inf, clear_frames=603
[INFO] [1784290410.850860974] [unitree_safe_cmd_node]: Move x=0.120, z=0.200, stop_count=0, roi_count=0, nearest_x=inf, clear_frames=609
[INFO] [1784290411.400914855] [unitree_safe_cmd_node]: Move x=0.120, z=0.200, stop_count=0, roi_count=0, nearest_x=inf, clear_frames=614
[INFO] [1784290411.950791195] [unitree_safe_cmd_node]: Move x=0.120, z=0.200, stop_count=0, roi_count=0, nearest_x=inf, clear_frames=619
[INFO] [1784290412.501487816] [unitree_safe_cmd_node]: Move x=0.120, z=0.200, stop_count=0, roi_count=0, nearest_x=inf, clear_frames=625
[INFO] [1784290413.005917737] [unitree_safe_cmd_node]: Move x=0.120, z=0.200, stop_count=0, roi_count=0, nearest_x=inf, clear_frames=631
[INFO] [1784290413.512247110] [unitree_safe_cmd_node]: Move x=0.120, z=0.200, stop_count=0, roi_count=0, nearest_x=inf, clear_frames=635
[INFO] [1784290414.020232376] [unitree_safe_cmd_node]: Move x=0.120, z=0.077, stop_count=0, roi_count=0, nearest_x=inf, clear_frames=637
[INFO] [1784290414.554549112] [unitree_safe_cmd_node]: Move x=0.120, z=0.070, stop_count=0, roi_count=0, nearest_x=inf, clear_frames=639
[INFO] [1784290415.053736592] [unitree_safe_cmd_node]: Move x=0.120, z=0.065, stop_count=0, roi_count=0, nearest_x=inf, clear_frames=641
[INFO] [1784290415.559795557] [unitree_safe_cmd_node]: Move x=0.120, z=0.054, stop_count=0, roi_count=0, nearest_x=inf, clear_frames=645
[INFO] [1784290416.101996130] [unitree_safe_cmd_node]: Move x=0.120, z=0.030, stop_count=0, roi_count=0, nearest_x=inf, clear_frames=650
[INFO] [1784290416.650703280] [unitree_safe_cmd_node]: Move x=0.120, z=0.030, stop_count=0, roi_count=0, nearest_x=inf, clear_frames=656
[INFO] [1784290417.150896232] [unitree_safe_cmd_node]: Move x=0.120, z=0.030, stop_count=0, roi_count=0, nearest_x=inf, clear_frames=661
[INFO] [1784290417.650800471] [unitree_safe_cmd_node]: Move x=0.120, z=0.030, stop_count=0, roi_count=0, nearest_x=inf, clear_frames=666
[INFO] [1784290418.156521249] [unitree_safe_cmd_node]: Move x=0.120, z=0.030, stop_count=0, roi_count=0, nearest_x=inf, clear_frames=671
[INFO] [1784290418.701070025] [unitree_safe_cmd_node]: Move x=0.120, z=0.030, stop_count=0, roi_count=0, nearest_x=inf, clear_frames=676
[INFO] [1784290419.201422887] [unitree_safe_cmd_node]: Move x=0.120, z=0.030, stop_count=0, roi_count=0, nearest_x=inf, clear_frames=681
[INFO] [1784290419.752827147] [unitree_safe_cmd_node]: Move x=0.120, z=0.030, stop_count=0, roi_count=0, nearest_x=inf, clear_frames=686
[INFO] [1784290420.300565914] [unitree_safe_cmd_node]: Move x=0.120, z=0.030, stop_count=0, roi_count=0, nearest_x=inf, clear_frames=691
[INFO] [1784290420.800791795] [unitree_safe_cmd_node]: Move x=0.120, z=0.030, stop_count=0, roi_count=0, nearest_x=inf, clear_frames=696
[INFO] [1784290421.301868776] [unitree_safe_cmd_node]: Move x=0.120, z=0.030, stop_count=0, roi_count=0, nearest_x=inf, clear_frames=702
[INFO] [1784290421.850935009] [unitree_safe_cmd_node]: Move x=0.120, z=0.031, stop_count=0, roi_count=0, nearest_x=inf, clear_frames=707
[INFO] [1784290422.401115678] [unitree_safe_cmd_node]: Move x=0.120, z=0.030, stop_count=0, roi_count=0, nearest_x=inf, clear_frames=712
[INFO] [1784290422.902073007] [unitree_safe_cmd_node]: Move x=0.120, z=0.030, stop_count=0, roi_count=0, nearest_x=inf, clear_frames=715
[INFO] [1784290423.450951938] [unitree_safe_cmd_node]: Move x=0.120, z=0.030, stop_count=0, roi_count=0, nearest_x=inf, clear_frames=719
[INFO] [1784290423.951229406] [unitree_safe_cmd_node]: Move x=0.120, z=0.030, stop_count=0, roi_count=0, nearest_x=inf, clear_frames=724
[INFO] [1784290424.505472221] [unitree_safe_cmd_node]: Move x=0.120, z=0.030, stop_count=0, roi_count=0, nearest_x=inf, clear_frames=730
[INFO] [1784290425.050744764] [unitree_safe_cmd_node]: Move x=0.120, z=0.030, stop_count=0, roi_count=0, nearest_x=inf, clear_frames=734
[INFO] [1784290425.551445029] [unitree_safe_cmd_node]: Move x=0.120, z=0.030, stop_count=0, roi_count=0, nearest_x=inf, clear_frames=740
[INFO] [1784290426.101331193] [unitree_safe_cmd_node]: Move x=0.120, z=0.031, stop_count=0, roi_count=0, nearest_x=inf, clear_frames=746
[INFO] [1784290426.604443983] [unitree_safe_cmd_node]: Move x=0.120, z=0.030, stop_count=0, roi_count=0, nearest_x=inf, clear_frames=751
[INFO] [1784290427.154323682] [unitree_safe_cmd_node]: Move x=0.120, z=0.030, stop_count=0, roi_count=0, nearest_x=inf, clear_frames=757
[INFO] [1784290427.705283000] [unitree_safe_cmd_node]: Move x=0.120, z=0.030, stop_count=0, roi_count=0, nearest_x=inf, clear_frames=763
[INFO] [1784290428.251191276] [unitree_safe_cmd_node]: Move x=0.120, z=0.030, stop_count=0, roi_count=0, nearest_x=inf, clear_frames=768
[INFO] [1784290428.800893178] [unitree_safe_cmd_node]: Move x=0.120, z=0.030, stop_count=0, roi_count=0, nearest_x=inf, clear_frames=774
[INFO] [1784290429.350808110] [unitree_safe_cmd_node]: Move x=0.120, z=0.030, stop_count=0, roi_count=0, nearest_x=inf, clear_frames=779
[INFO] [1784290429.851524344] [unitree_safe_cmd_node]: Move x=0.120, z=0.030, stop_count=0, roi_count=0, nearest_x=inf, clear_frames=784
[INFO] [1784290430.403012703] [unitree_safe_cmd_node]: Move x=0.120, z=0.030, stop_count=0, roi_count=0, nearest_x=inf, clear_frames=789
[INFO] [1784290430.900822410] [unitree_safe_cmd_node]: Move x=0.120, z=0.030, stop_count=0, roi_count=0, nearest_x=inf, clear_frames=793
[INFO] [1784290431.450752735] [unitree_safe_cmd_node]: Move x=0.120, z=0.030, stop_count=0, roi_count=0, nearest_x=inf, clear_frames=799
[INFO] [1784290431.950827156] [unitree_safe_cmd_node]: Move x=0.120, z=0.030, stop_count=0, roi_count=0, nearest_x=inf, clear_frames=804
[INFO] [1784290432.476643299] [unitree_safe_cmd_node]: Move x=0.120, z=0.030, stop_count=0, roi_count=0, nearest_x=inf, clear_frames=809
[INFO] [1784290433.000784892] [unitree_safe_cmd_node]: Move x=0.120, z=0.030, stop_count=0, roi_count=0, nearest_x=inf, clear_frames=815
[INFO] [1784290433.500960308] [unitree_safe_cmd_node]: Move x=0.120, z=0.031, stop_count=0, roi_count=0, nearest_x=inf, clear_frames=820
[INFO] [1784290434.001580826] [unitree_safe_cmd_node]: Move x=0.120, z=0.030, stop_count=0, roi_count=0, nearest_x=inf, clear_frames=824
[INFO] [1784290434.506077949] [unitree_safe_cmd_node]: Move x=0.120, z=0.031, stop_count=0, roi_count=0, nearest_x=inf, clear_frames=829
[INFO] [1784290435.050760137] [unitree_safe_cmd_node]: Move x=0.120, z=0.030, stop_count=0, roi_count=0, nearest_x=inf, clear_frames=833
[INFO] [1784290435.551312973] [unitree_safe_cmd_node]: Move x=0.120, z=0.030, stop_count=0, roi_count=0, nearest_x=inf, clear_frames=838
[INFO] [1784290436.101680208] [unitree_safe_cmd_node]: Move x=0.120, z=0.031, stop_count=0, roi_count=0, nearest_x=inf, clear_frames=842
[INFO] [1784290436.650782987] [unitree_safe_cmd_node]: Move x=0.120, z=0.030, stop_count=0, roi_count=0, nearest_x=inf, clear_frames=848
[INFO] [1784290437.168042023] [unitree_safe_cmd_node]: Move x=0.120, z=0.030, stop_count=0, roi_count=0, nearest_x=inf, clear_frames=853
[INFO] [1784290437.703896536] [unitree_safe_cmd_node]: Move x=0.120, z=0.030, stop_count=0, roi_count=0, nearest_x=inf, clear_frames=855
[INFO] [1784290438.251545156] [unitree_safe_cmd_node]: Move x=0.120, z=0.031, stop_count=0, roi_count=0, nearest_x=inf, clear_frames=856
[INFO] [1784290438.801432503] [unitree_safe_cmd_node]: Move x=0.120, z=0.030, stop_count=0, roi_count=0, nearest_x=inf, clear_frames=858
[INFO] [1784290439.350780602] [unitree_safe_cmd_node]: Move x=0.120, z=0.030, stop_count=0, roi_count=0, nearest_x=inf, clear_frames=861
[INFO] [1784290439.859530725] [unitree_safe_cmd_node]: Move x=0.120, z=0.030, stop_count=0, roi_count=0, nearest_x=inf, clear_frames=866
[INFO] [1784290440.401854886] [unitree_safe_cmd_node]: Move x=0.120, z=0.031, stop_count=0, roi_count=0, nearest_x=inf, clear_frames=870
[INFO] [1784290440.903415658] [unitree_safe_cmd_node]: Move x=0.120, z=0.030, stop_count=0, roi_count=0, nearest_x=inf, clear_frames=874
[INFO] [1784290441.454274781] [unitree_safe_cmd_node]: Move x=0.120, z=0.030, stop_count=0, roi_count=0, nearest_x=inf, clear_frames=878
[INFO] [17