[INFO] [1784294564.810856174] [unitree_safe_cmd_node]: unitree_safe_cmd_node ACTIVE: obstacle -> Move(0,0,0), resume after 5 clear frames
[INFO] [1784294564.817677833] [unitree_safe_cmd_node]: output mode: Twist -> /cmd_vel
[WARN] [1784294564.827038826] [unitree_safe_cmd_node]: SAFE OVERRIDE cmd_timeout: Move x=0.000, z=0.000, raw_x=0.000, raw_z=0.000, stop_count=0, roi_count=0, nearest_x=inf, clear_frames=0
[WARN] [1784294565.359422298] [unitree_safe_cmd_node]: SAFE OVERRIDE cmd_timeout: Move x=0.000, z=0.000, raw_x=0.000, raw_z=0.000, stop_count=0, roi_count=0, nearest_x=inf, clear_frames=1
[WARN] [1784294565.859516272] [unitree_safe_cmd_node]: SAFE OVERRIDE cmd_timeout: Move x=0.000, z=0.000, raw_x=0.000, raw_z=0.000, stop_count=0, roi_count=0, nearest_x=inf, clear_frames=2
[WARN] [1784294566.409483032] [unitree_safe_cmd_node]: SAFE OVERRIDE cmd_timeout: Move x=0.000, z=0.000, raw_x=0.000, raw_z=0.000, stop_count=0, roi_count=0, nearest_x=inf, clear_frames=3
[INFO] [1784294566.909907581] [unitree_safe_cmd_node]: Move x=0.129, z=0.113, stop_count=0, roi_count=0, nearest_x=inf, clear_frames=4
[INFO] [1784294567.459085969] [unitree_safe_cmd_node]: Move x=0.200, z=0.113, stop_count=0, roi_count=0, nearest_x=inf, clear_frames=5
[INFO] [1784294567.960390545] [unitree_safe_cmd_node]: Move x=0.200, z=0.114, stop_count=0, roi_count=0, nearest_x=inf, clear_frames=6
[INFO] [1784294568.509152370] [unitree_safe_cmd_node]: Move x=0.200, z=0.112, stop_count=0, roi_count=0, nearest_x=inf, clear_frames=7
[INFO] [1784294569.010261854] [unitree_safe_cmd_node]: Move x=0.200, z=0.110, stop_count=0, roi_count=0, nearest_x=inf, clear_frames=10
[INFO] [1784294569.559091964] [unitree_safe_cmd_node]: Move x=0.200, z=0.110, stop_count=0, roi_count=0, nearest_x=inf, clear_frames=11
[INFO] [1784294570.059492759] [unitree_safe_cmd_node]: Move x=0.200, z=0.112, stop_count=0, roi_count=0, nearest_x=inf, clear_frames=12
[INFO] [1784294570.609044492] [unitree_safe_cmd_node]: Move x=0.200, z=0.113, stop_count=0, roi_count=0, nearest_x=inf, clear_frames=13
[INFO] [1784294571.109276478] [unitree_safe_cmd_node]: Move x=0.200, z=0.114, stop_count=0, roi_count=0, nearest_x=inf, clear_frames=14
[INFO] [1784294571.659132566] [unitree_safe_cmd_node]: Move x=0.200, z=0.111, stop_count=0, roi_count=0, nearest_x=inf, clear_frames=16
[INFO] [1784294572.209935430] [unitree_safe_cmd_node]: Move x=0.200, z=0.111, stop_count=0, roi_count=0, nearest_x=inf, clear_frames=18
[INFO] [1784294572.709969283] [unitree_safe_cmd_node]: Move x=0.200, z=0.111, stop_count=0, roi_count=0, nearest_x=inf, clear_frames=20
[INFO] [1784294573.212674302] [unitree_safe_cmd_node]: Move x=0.200, z=0.113, stop_count=0, roi_count=0, nearest_x=inf, clear_frames=22
[INFO] [1784294573.759057758] [unitree_safe_cmd_node]: Move x=0.200, z=0.060, stop_count=0, roi_count=0, nearest_x=inf, clear_frames=27
[INFO] [1784294574.259094812] [unitree_safe_cmd_node]: Move x=0.200, z=-0.092, stop_count=0, roi_count=0, nearest_x=inf, clear_frames=33
[INFO] [1784294574.759297922] [unitree_safe_cmd_node]: Move x=0.200, z=-0.169, stop_count=0, roi_count=0, nearest_x=inf, clear_frames=39
[INFO] [1784294575.309008219] [unitree_safe_cmd_node]: Move x=0.200, z=-0.193, stop_count=0, roi_count=0, nearest_x=inf, clear_frames=45
[INFO] [1784294575.859124003] [unitree_safe_cmd_node]: Move x=0.200, z=-0.209, stop_count=0, roi_count=0, nearest_x=inf, clear_frames=50
[INFO] [1784294576.409386186] [unitree_safe_cmd_node]: Move x=0.200, z=-0.177, stop_count=0, roi_count=0, nearest_x=inf, clear_frames=56
[INFO] [1784294576.959564109] [unitree_safe_cmd_node]: Move x=0.200, z=-0.140, stop_count=0, roi_count=0, nearest_x=inf, clear_frames=63
[INFO] [1784294577.509315640] [unitree_safe_cmd_node]: Move x=0.200, z=-0.094, stop_count=0, roi_count=0, nearest_x=inf, clear_frames=69
[INFO] [1784294578.009240934] [unitree_safe_cmd_node]: Move x=0.200, z=-0.047, stop_count=0, roi_count=0, nearest_x=inf, clear_frames=75
[INFO] [1784294578.562584541] [unitree_safe_cmd_node]: Move x=0.200, z=0.000, stop_count=0, roi_count=0, nearest_x=inf, clear_frames=81
[INFO] [1784294579.110150650] [unitree_safe_cmd_node]: Move x=0.200, z=0.000, stop_count=0, roi_count=0, nearest_x=inf, clear_frames=87
[INFO] [1784294579.659079491] [unitree_safe_cmd_node]: Move x=0.200, z=0.042, stop_count=0, roi_count=0, nearest_x=inf, clear_frames=93
[INFO] [1784294580.165433667] [unitree_safe_cmd_node]: Move x=0.200, z=0.054, stop_count=0, roi_count=0, nearest_x=inf, clear_frames=99
[INFO] [1784294580.709330387] [unitree_safe_cmd_node]: Move x=0.200, z=0.056, stop_count=0, roi_count=0, nearest_x=inf, clear_frames=105
[INFO] [1784294581.209741779] [unitree_safe_cmd_node]: Move x=0.200, z=0.057, stop_count=0, roi_count=0, nearest_x=inf, clear_frames=110
[INFO] [1784294581.759136932] [unitree_safe_cmd_node]: Move x=0.200, z=0.058, stop_count=0, roi_count=0, nearest_x=inf, clear_frames=117
[INFO] [1784294582.260050140] [unitree_safe_cmd_node]: Move x=0.200, z=0.060, stop_count=0, roi_count=0, nearest_x=inf, clear_frames=122
[INFO] [1784294582.809560479] [unitree_safe_cmd_node]: Move x=0.200, z=0.057, stop_count=0, roi_count=0, nearest_x=inf, clear_frames=127
[INFO] [1784294583.359532873] [unitree_safe_cmd_node]: Move x=0.200, z=0.057, stop_count=0, roi_count=0, nearest_x=inf, clear_frames=134
[INFO] [1784294583.859827031] [unitree_safe_cmd_node]: Move x=0.200, z=0.057, stop_count=0, roi_count=0, nearest_x=inf, clear_frames=139
[INFO] [1784294584.372471181] [unitree_safe_cmd_node]: Move x=0.200, z=0.058, stop_count=0, roi_count=0, nearest_x=inf, clear_frames=142
[INFO] [1784294584.910311500] [unitree_safe_cmd_node]: Move x=0.200, z=0.058, stop_count=0, roi_count=0, nearest_x=inf, clear_frames=146
[INFO] [1784294585.459678961] [unitree_safe_cmd_node]: Move x=0.200, z=0.057, stop_count=0, roi_count=0, nearest_x=inf, clear_frames=150
[INFO] [1784294586.009728829] [unitree_safe_cmd_node]: Move x=0.200, z=0.058, stop_count=0, roi_count=0, nearest_x=inf, clear_frames=156
[INFO] [1784294586.560336377] [unitree_safe_cmd_node]: Move x=0.200, z=0.058, stop_count=0, roi_count=0, nearest_x=inf, clear_frames=161
[INFO] [1784294587.109005874] [unitree_safe_cmd_node]: Move x=0.200, z=0.058, stop_count=0, roi_count=0, nearest_x=inf, clear_frames=168
[INFO] [1784294587.609473738] [unitree_safe_cmd_node]: Move x=0.200, z=0.058, stop_count=0, roi_count=0, nearest_x=inf, clear_frames=173
[INFO] [1784294588.159195816] [unitree_safe_cmd_node]: Move x=0.200, z=0.059, stop_count=0, roi_count=0, nearest_x=inf, clear_frames=180
[INFO] [1784294588.659371618] [unitree_safe_cmd_node]: Move x=0.200, z=0.058, stop_count=0, roi_count=0, nearest_x=inf, clear_frames=185
[INFO] [1784294589.210159468] [unitree_safe_cmd_node]: Move x=0.200, z=0.055, stop_count=0, roi_count=0, nearest_x=inf, clear_frames=192
[INFO] [1784294589.713189332] [unitree_safe_cmd_node]: Move x=0.200, z=0.057, stop_count=0, roi_count=0, nearest_x=inf, clear_frames=197
[INFO] [1784294590.259318662] [unitree_safe_cmd_node]: Move x=0.200, z=0.057, stop_count=0, roi_count=0, nearest_x=inf, clear_frames=202
[INFO] [1784294590.809023613] [unitree_safe_cmd_node]: Move x=0.200, z=0.055, stop_count=0, roi_count=0, nearest_x=inf, clear_frames=209
[INFO] [1784294591.309300131] [unitree_safe_cmd_node]: Move x=0.200, z=0.058, stop_count=0, roi_count=0, nearest_x=inf, clear_frames=214
[INFO] [1784294591.811928734] [unitree_safe_cmd_node]: Move x=0.200, z=0.057, stop_count=0, roi_count=0, nearest_x=inf, clear_frames=219
[INFO] [1784294592.312438664] [unitree_safe_cmd_node]: Move x=0.200, z=0.059, stop_count=0, roi_count=0, nearest_x=inf, clear_frames=224
[INFO] [1784294592.858935961] [unitree_safe_cmd_node]: Move x=0.200, z=0.057, stop_count=0, roi_count=0, nearest_x=inf, clear_frames=230
[INFO] [1784294593.359200601] [unitree_safe_cmd_node]: Move x=0.200, z=0.059, stop_count=0, roi_count=0, nearest_x=inf, clear_frames=235
[INFO] [1784294593.910229547] [unitree_safe_cmd_node]: Move x=0.200, z=0.056, stop_count=0, roi_count=0, nearest_x=inf, clear_frames=240
[INFO] [1784294594.459167704] [unitree_safe_cmd_node]: Move x=0.200, z=0.058, stop_count=0, roi_count=0, nearest_x=inf, clear_frames=246
[INFO] [1784294595.012685594] [unitree_safe_cmd_node]: Move x=0.200, z=0.058, stop_count=0, roi_count=0, nearest_x=inf, clear_frames=251
[INFO] [1784294595.559331627] [unitree_safe_cmd_node]: Move x=0.200, z=0.056, stop_count=0, roi_count=0, nearest_x=inf, clear_frames=257
[INFO] [1784294596.109286510] [unitree_safe_cmd_node]: Move x=0.200, z=0.058, stop_count=0, roi_count=0, nearest_x=inf, clear_frames=262
[INFO] [1784294596.611285401] [unitree_safe_cmd_node]: Move x=0.200, z=0.057, stop_count=0, roi_count=0, nearest_x=inf, clear_frames=267
[INFO] [1784294597.159713834] [unitree_safe_cmd_node]: Move x=0.200, z=0.057, stop_count=0, roi_count=0, nearest_x=inf, clear_frames=273
[INFO] [1784294597.709079760] [unitree_safe_cmd_node]: Move x=0.200, z=0.057, stop_count=0, roi_count=0, nearest_x=inf, clear_frames=278
[INFO] [1784294598.210185626] [unitree_safe_cmd_node]: Move x=0.200, z=0.057, stop_count=0, roi_count=0, nearest_x=inf, clear_frames=283
[INFO] [1784294598.758927090] [unitree_safe_cmd_node]: Move x=0.200, z=0.057, stop_count=0, roi_count=0, nearest_x=inf, clear_frames=289
[INFO] [1784294599.259138812] [unitree_safe_cmd_node]: Move x=0.200, z=0.058, stop_count=0, roi_count=0, nearest_x=inf, clear_frames=294
[INFO] [1784294599.813186659] [unitree_safe_cmd_node]: Move x=0.200, z=0.056, stop_count=0, roi_count=0, nearest_x=inf, clear_frames=299
[INFO] [1784294600.359062696] [unitree_safe_cmd_node]: Move x=0.200, z=0.057, stop_count=0, roi_count=0, nearest_x=inf, clear_frames=305
[INFO] [1784294600.917162528] [unitree_safe_cmd_node]: Move x=0.200, z=0.056, stop_count=0, roi_count=0, nearest_x=inf, clear_frames=311
[INFO] [1784294601.459032295] [unitree_safe_cmd_node]: Move x=0.200, z=0.058, stop_count=0, roi_count=0, nearest_x=inf, clear_frames=316
[INFO] [1784294601.959026163] [unitree_safe_cmd_node]: Move x=0.200, z=0.059, stop_count=0, roi_count=0, nearest_x=inf, clear_frames=321
[INFO] [1784294602.509555694] [unitree_safe_cmd_node]: Move x=0.200, z=0.059, stop_count=0, roi_count=0, nearest_x=inf, clear_frames=326
[INFO] [1784294603.059419209] [unitree_safe_cmd_node]: Move x=0.200, z=0.058, stop_count=0, roi_count=0, nearest_x=inf, clear_frames=332
[INFO] [1784294603.609383600] [unitree_safe_cmd_node]: Move x=0.200, z=0.057, stop_count=0, roi_count=0, nearest_x=inf, clear_frames=337
[INFO] [1784294604.113416969] [unitree_safe_cmd_node]: Move x=0.200, z=0.057, stop_count=0, roi_count=0, nearest_x=inf, clear_frames=342
[INFO] [1784294604.659514189] [unitree_safe_cmd_node]: Move x=0.200, z=0.059, stop_count=0, roi_count=0, nearest_x=inf, clear_frames=348
[INFO] [1784294605.215695307] [unitree_safe_cmd_node]: Move x=0.200, z=0.056, stop_count=0, roi_count=0, nearest_x=inf, clear_frames=354
[INFO] [1784294605.759025799] [unitree_safe_cmd_node]: Move x=0.200, z=0.057, stop_count=0, roi_count=0, nearest_x=inf, clear_frames=359
[INFO] [1784294606.259335419] [unitree_safe_cmd_node]: Move x=0.200, z=0.057, stop_count=0, roi_count=0, nearest_x=inf, clear_frames=364
[INFO] [1784294606.809353946] [unitree_safe_cmd_node]: Move x=0.200, z=0.054, stop_count=0, roi_count=0, nearest_x=inf, clear_frames=369
[INFO] [1784294607.309278472] [unitree_safe_cmd_node]: Move x=0.200, z=0.059, stop_count=0, roi_count=0, nearest_x=inf, clear_frames=374
[INFO] [1784294607.815534654] [unitree_safe_cmd_node]: Move x=0.200, z=0.059, stop_count=0, roi_count=0, nearest_x=inf, clear_frames=378
[INFO] [1784294608.363415843] [unitree_safe_cmd_node]: Move x=0.200, z=0.055, stop_count=0, roi_count=0, nearest_x=inf, clear_frames=383
[INFO] [1784294608.909816491] [unitree_safe_cmd_node]: Move x=0.200, z=0.057, stop_count=0, roi_count=0, nearest_x=inf, clear_frames=389
[INFO] [1784294609.459117044] [unitree_safe_cmd_node]: Move x=0.200, z=0.058, stop_count=0, roi_count=0, nearest_x=inf, clear_frames=395
[INFO] [1784294610.010562713] [unitree_safe_cmd_node]: Move x=0.200, z=0.058, stop_count=0, roi_count=0, nearest_x=inf, clear_frames=401
[INFO] [1784294610.509523464] [unitree_safe_cmd_node]: Move x=0.200, z=0.057, stop_count=0, roi_count=0, nearest_x=inf, clear_frames=406
[INFO] [1784294611.060008975] [unitree_safe_cmd_node]: Move x=0.200, z=0.056, stop_count=0, roi_count=0, nearest_x=inf, clear_frames=412
[INFO] [1784294611.616194159] [unitree_safe_cmd_node]: Move x=0.200, z=0.055, stop_count=0, roi_count=0, nearest_x=inf, clear_frames=417
[INFO] [1784294612.159519721] [unitree_safe_cmd_node]: Move x=0.200, z=0.059, stop_count=0, roi_count=0, nearest_x=inf, clear_frames=422
[INFO] [1784294612.660302985] [unitree_safe_cmd_node]: Move x=0.200, z=0.057, stop_count=0, roi_count=0, nearest_x=inf, clear_frames=427
[INFO] [1784294613.215270108] [unitree_safe_cmd_node]: Move x=0.200, z=0.057, stop_count=0, roi_count=0, nearest_x=inf, clear_frames=432
[INFO] [1784294613.759641273] [unitree_safe_cmd_node]: Move x=0.200, z=0.058, stop_count=0, roi_count=0, nearest_x=inf, clear_frames=438
[INFO] [1784294614.259320349] [unitree_safe_cmd_node]: Move x=0.200, z=0.055, stop_count=0, roi_count=0, nearest_x=inf, clear_frames=443
[INFO] [1784294614.760147504] [unitree_safe_cmd_node]: Move x=0.200, z=0.057, stop_count=0, roi_count=0, nearest_x=inf, clear_frames=447
[INFO] [1784294615.260751811] [unitree_safe_cmd_node]: Move x=0.200, z=0.057, stop_count=0, roi_count=0, nearest_x=inf, clear_frames=452
[INFO] [1784294615.813397325] [unitree_safe_cmd_node]: Move x=0.200, z=0.058, stop_count=0, roi_count=0, nearest_x=inf, clear_frames=457
[INFO] [1784294616.312882142] [unitree_safe_cmd_node]: Move x=0.200, z=0.056, stop_count=0, roi_count=0, nearest_x=inf, clear_frames=462
[INFO] [1784294616.861828526] [unitree_safe_cmd_node]: Move x=0.200, z=0.056, stop_count=0, roi_count=0, nearest_x=inf, clear_frames=468
[INFO] [1784294617.410052199] [unitree_safe_cmd_node]: Move x=0.200, z=0.055, stop_count=0, roi_count=0, nearest_x=inf, clear_frames=473
[INFO] [1784294617.909503241] [unitree_safe_cmd_node]: Move x=0.200, z=0.058, stop_count=0, roi_count=0, nearest_x=inf, clear_frames=478
[INFO] [1784294618.459263000] [unitree_safe_cmd_node]: Move x=0.200, z=0.057, stop_count=0, roi_count=0, nearest_x=inf, clear_frames=483
[INFO] [1784294619.013644142] [unitree_safe_cmd_node]: Move x=0.200, z=0.056, stop_count=0, roi_count=0, nearest_x=inf, clear_frames=488
[INFO] [1784294619.562001057] [unitree_safe_cmd_node]: Move x=0.200, z=0.058, stop_count=0, roi_count=0, nearest_x=inf, clear_frames=494
[INFO] [1784294620.059575930] [unitree_safe_cmd_node]: Move x=0.200, z=0.057, stop_count=0, roi_count=0, nearest_x=inf, clear_frames=499
[INFO] [1784294620.619175513] [unitree_safe_cmd_node]: Move x=0.200, z=0.057, stop_count=0, roi_count=0, nearest_x=inf, clear_frames=505
[INFO] [1784294621.159404797] [unitree_safe_cmd_node]: Move x=0.200, z=0.055, stop_count=0, roi_count=0, nearest_x=inf, clear_frames=510
[INFO] [1784294621.712864519] [unitree_safe_cmd_node]: Move x=0.200, z=0.056, stop_count=0, roi_count=0, nearest_x=inf, clear_frames=514
[INFO] [1784294622.258986486] [unitree_safe_cmd_node]: Move x=0.200, z=0.057, stop_count=0, roi_count=0, nearest_x=inf, clear_frames=520
[INFO] [1784294622.813617720] [unitree_safe_cmd_node]: Move x=0.200, z=0.058, stop_count=0, roi_count=0, nearest_x=inf, clear_frames=525
[INFO] [1784294623.358943440] [unitree_safe_cmd_node]: Move x=0.200, z=0.057, stop_count=0, roi_count=0, nearest_x=inf, clear_frames=531
[INFO] [1784294623.859191274] [unitree_safe_cmd_node]: Move x=0.200, z=0.060, stop_count=0, roi_count=0, nearest_x=inf, clear_frames=536
[INFO] [1784294624.358929640] [unitree_safe_cmd_node]: Move x=0.200, z=0.059, stop_count=0, roi_count=0, nearest_x=inf, clear_frames=541
[INFO] [1784294624.859367219] [unitree_safe_cmd_node]: Move x=0.200, z=0.058, stop_count=0, roi_count=0, nearest_x=inf, clear_frames=546
[INFO] [1784294625.414202765] [unitree_safe_cmd_node]: Move x=0.200, z=0.057, stop_count=0, roi_count=0, nearest_x=inf, clear_frames=550
[INFO] [1784294625.959482225] [unitree_safe_cmd_node]: Move x=0.200, z=0.058, stop_count=0, roi_count=0, nearest_x=inf, clear_frames=555
[INFO] [1784294626.509543042] [unitree_safe_cmd_node]: Move x=0.200, z=0.057, stop_count=0, roi_count=0, nearest_x=inf, clear_frames=560
[INFO] [1784294627.011003013] [unitree_safe_cmd_node]: Move x=0.200, z=0.058, stop_count=0, roi_count=0, nearest_x=inf, clear_frames=565
[INFO] [1784294627.558956810] [unitree_safe_cmd_node]: Move x=0.200, z=0.057, stop_count=0, roi_count=0, nearest_x=inf, clear_frames=571
[INFO] [1784294628.060047535] [unitree_safe_cmd_node]: Move x=0.200, z=0.059, stop_count=0, roi_count=0, nearest_x=inf, clear_frames=576
[INFO] [1784294628.609492790] [unitree_safe_cmd_node]: Move x=0.200, z=0.060, stop_count=0, roi_count=0, nearest_x=inf, clear_frames=581
[INFO] [1784294629.109410753] [unitree_safe_cmd_node]: Move x=0.200, z=0.058, stop_count=0, roi_count=0, nearest_x=inf, clear_frames=586
[INFO] [1784294629.658960758] [unitree_safe_cmd_node]: Move x=0.200, z=0.056, stop_count=0, roi_count=0, nearest_x=inf, clear_frames=592
[INFO] [1784294630.159419498] [unitree_safe_cmd_node]: Move x=0.200, z=0.057, stop_count=0, roi_count=0, nearest_x=inf, clear_frames=597
[INFO] [1784294630.709334044] [unitree_safe_cmd_node]: Move x=0.200, z=0.057, stop_count=0, roi_count=0, nearest_x=inf, clear_frames=602
[INFO] [1784294631.259953693] [unitree_safe_cmd_node]: Move x=0.200, z=0.059, stop_count=0, roi_count=0, nearest_x=inf, clear_frames=607
[INFO] [1784294631.759457494] [unitree_safe_cmd_node]: Move x=0.200, z=0.057, stop_count=0, roi_count=0, nearest_x=inf, clear_frames=611
[INFO] [1784294632.310958996] [unitree_safe_cmd_node]: Move x=0.200, z=0.058, stop_count=0, roi_count=0, nearest_x=inf, clear_frames=614
[INFO] [1784294632.860179514] [unitree_safe_cmd_node]: Move x=0.200, z=0.058, stop_count=0, roi_count=0, nearest_x=inf, clear_frames=620
[INFO] [1784294633.359101785] [unitree_safe_cmd_node]: Move x=0.200, z=0.059, stop_count=0, roi_count=0, nearest_x=inf, clear_frames=623
[INFO] [1784294633.859249735] [unitree_safe_cmd_node]: Move x=0.200, z=0.058, stop_count=0, roi_count=0, nearest_x=inf, clear_frames=627
[INFO] [1784294634.409450644] [unitree_safe_cmd_node]: Move x=0.200, z=0.059, stop_count=0, roi_count=0, nearest_x=inf, clear_frames=631
[INFO] [1784294634.909315176] [unitree_safe_cmd_node]: Move x=0.200, z=0.058, stop_count=0, roi_count=0, nearest_x=inf, clear_frames=636
[INFO] [1784294635.462638423] [unitree_safe_cmd_node]: Move x=0.200, z=0.057, stop_count=0, roi_count=0, nearest_x=inf, clear_frames=640
[INFO] [1784294635.976270295] [unitree_safe_cmd_node]: Move x=0.200, z=0.058, stop_count=0, roi_count=0, nearest_x=inf, clear_frames=644
[INFO] [1784294636.509844488] [unitree_safe_cmd_node]: Move x=0.200, z=0.056, stop_count=0, roi_count=0, nearest_x=inf, clear_frames=648
[INFO] [1784294637.009700889] [unitree_safe_cmd_node]: Move x=0.200, z=0.058, stop_count=0, roi_count=0, nearest_x=inf, clear_frames=652
[INFO] [1784294637.563116975] [unitree_safe_cmd_node]: Move x=0.200, z=0.056, stop_count=0, roi_count=0, nearest_x=inf, clear_frames=658
[INFO] [1784294638.063326584] [unitree_safe_cmd_node]: Move x=0.200, z=0.057, stop_count=0, roi_count=0, nearest_x=inf, clear_frames=662
[INFO] [1784294638.608970746] [unitree_safe_cmd_node]: Move x=0.200, z=0.059, stop_count=0, roi_count=0, nearest_x=inf, clear_frames=666
[INFO] [1784294639.109238172] [unitree_safe_cmd_node]: Move x=0.200, z=0.058, stop_count=0, roi_count=0, nearest_x=inf, clear_frames=670
[INFO] [1784294639.609495065] [unitree_safe_cmd_node]: Move x=0.200, z=0.058, stop_count=0, roi_count=0, nearest_x=inf, clear_frames=673
[INFO] [1784294640.159044814] [unitree_safe_cmd_node]: Move x=0.200, z=0.058, stop_count=0, roi_count=0, nearest_x=inf, clear_frames=679
[INFO] [1784294640.659125119] [unitree_safe_cmd_node]: Move x=0.200, z=0.059, stop_count=0, roi_count=0, nearest_x=inf, clear_frames=685
[INFO] [1784294641.209099562] [unitree_safe_cmd_node]: Move x=0.200, z=0.057, stop_count=0, roi_count=0, nearest_x=inf, clear_frames=691
[INFO] [1784294641.710872149] [unitree_safe_cmd_node]: Move x=0.200, z=0.062, stop_count=0, roi_count=0, nearest_x=inf, clear_frames=697
[INFO] [1784294642.259318734] [unitree_safe_cmd_node]: Move x=0.200, z=0.058, stop_count=0, roi_count=0, nearest_x=inf, clear_frames=703
[INFO] [1784294642.810016241] [unitree_safe_cmd_node]: Move x=0.200, z=0.057, stop_count=0, roi_count=0, nearest_x=inf, clear_frames=709
[INFO] [1784294643.359607319] [unitree_safe_cmd_node]: Move x=0.200, z=0.058, stop_count=0, roi_count=0, nearest_x=inf, clear_frames=715
[INFO] [1784294643.909068294] [unitree_safe_cmd_node]: Move x=0.200, z=0.058, stop_count=0, roi_count=0, nearest_x=inf, clear_frames=722
[INFO] [1784294644.409537983] [unitree_safe_cmd_node]: Move x=0.200, z=0.058, stop_count=0, roi_count=0, nearest_x=inf, clear_frames=727
[INFO] [1784294644.959339488] [unitree_safe_cmd_node]: Move x=0.200, z=0.060, stop_count=0, roi_count=0, nearest_x=inf, clear_frames=734
[INFO] [1784294645.459534274] [unitree_safe_cmd_node]: Move x=0.200, z=0.059, stop_count=0, roi_count=0, nearest_x=inf, clear_frames=737
[INFO] [1784294645.959784669] [unitree_safe_cmd_node]: Move x=0.200, z=0.058, stop_count=0, roi_count=0, nearest_x=inf, clear_frames=741
[INFO] [1784294646.509753222] [unitree_safe_cmd_node]: Move x=0.200, z=0.057, stop_count=0, roi_count=0, nearest_x=inf, clear_frames=747
[INFO] [1784294647.015512646] [unitree_safe_cmd_node]: Move x=0.200, z=0.058, stop_count=0, roi_count=0, nearest_x=inf, clear_frames=753
[INFO] [1784294647.559087788] [unitree_safe_cmd_node]: Move x=0.200, z=0.057, stop_count=0, roi_count=0, nearest_x=inf, clear_frames=759
[INFO] [1784294648.059313916] [unitree_safe_cmd_node]: Move x=0.200, z=0.057, stop_count=0, roi_count=0, nearest_x=inf, clear_frames=765
[INFO] [1784294648.609116478] [unitree_safe_cmd_node]: Move x=0.200, z=0.058, stop_count=0, roi_count=0, nearest_x=inf, clear_frames=771
[INFO] [1784294649.109528990] [unitree_safe_cmd_node]: Move x=0.200, z=0.058, stop_count=0, roi_count=0, nearest_x=inf, clear_frames=777
[INFO] [1784294649.616388505] [unitree_safe_cmd_node]: Move x=0.200, z=0.059, stop_count=0, roi_count=0, nearest_x=inf, clear_frames=782
[INFO] [1784294650.159098986] [unitree_safe_cmd_node]: Move x=0.200, z=0.059, stop_count=0, roi_count=0, nearest_x=inf, clear_frames=788
[INFO] [1784294650.709033829] [unitree_safe_cmd_node]: Move x=0.200, z=0.058, stop_count=0, roi_count=0, nearest_x=inf, clear_frames=795
[INFO] [1784294651.210332643] [unitree_safe_cmd_node]: Move x=0.200, z=0.059, stop_count=0, roi_count=0, nearest_x=inf, clear_frames=800
[INFO] [1784294651.759067993] [unitree_safe_cmd_node]: Move x=0.200, z=0.058, stop_count=0, roi_count=0, nearest_x=inf, clear_frames=807
[INFO] [1784294652.259803460] [unitree_safe_cmd_node]: Move x=0.200, z=0.058, stop_count=0, roi_count=0, nearest_x=inf, clear_frames=812
[INFO] [1784294652.809021162] [unitree_safe_cmd_node]: Move x=0.200, z=0.058, stop_count=0, roi_count=0, nearest_x=inf, clear_frames=819
[INFO] [1784294653.309087797] [unitree_safe_cmd_node]: Move x=0.200, z=0.058, stop_count=0, roi_count=0, nearest_x=inf, clear_frames=824
[INFO] [1784294653.809308419] [unitree_safe_cmd_node]: Move x=0.200, z=0.060, stop_count=0, roi_count=0, nearest_x=inf, clear_frames=830
[INFO] [1784294654.310408235] [unitree_safe_cmd_node]: Move x=0.200, z=0.059, stop_count=0, roi_count=0, nearest_x=inf, clear_frames=835
[INFO] [1784294654.858917216] [unitree_safe_cmd_node]: Move x=0.200, z=0.059, stop_count=0, roi_count=0, nearest_x=inf, clear_frames=841
[INFO] [1784294655.359069616] [unitree_safe_cmd_node]: Move x=0.200, z=0.057, stop_count=0, roi_count=0, nearest_x=inf, clear_frames=846
[INFO] [1784294655.858991165] [unitree_safe_cmd_node]: Move x=0.200, z=0.060, stop_count=0, roi_count=0, nearest_x=inf, clear_frames=851
[INFO] [1784294656.359233460] [unitree_safe_cmd_node]: Move x=0.200, z=0.058, stop_count=0, roi_count=0, nearest_x=inf, clear_frames=856
[INFO] [1784294656.862287270] [unitree_safe_cmd_node]: Move x=0.200, z=0.058, stop_count=0, roi_count=0, nearest_x=inf, clear_frames=861
[INFO] [1784294657.409030370] [unitree_safe_cmd_node]: Move x=0.200, z=0.055, stop_count=0, roi_count=0, nearest_x=inf, clear_frames=865
[INFO] [1784294657.909006790] [unitree_safe_cmd_node]: Move x=0.200, z=0.059, stop_count=0, roi_count=0, nearest_x=inf, clear_frames=870
[INFO] [1784294658.410006564] [unitree_safe_cmd_node]: Move x=0.200, z=0.059, stop_count=0, roi_count=0, nearest_x=inf, clear_frames=875
[INFO] [1784294658.909511197] [unitree_safe_cmd_node]: Move x=0.200, z=0.058, stop_count=0, roi_count=0, nearest_x=inf, clear_frames=880
[INFO] [1784294659.412353012] [unitree_safe_cmd_node]: Move x=0.200, z=0.058, stop_count=0, roi_count=0, nearest_x=inf, clear_frames=885
[INFO] [1784294659.959345019] [unitree_safe_cmd_node]: Move x=0.200, z=0.060, stop_count=0, roi_count=0, nearest_x=inf, clear_frames=891
[INFO] [1784294660.459696705] [unitree_safe_cmd_node]: Move x=0.200, z=0.056, stop_count=0, roi_count=0, nearest_x=inf, clear_frames=896
[INFO] [1784294661.009425187] [unitree_safe_cmd_node]: Move x=0.200, z=0.060, stop_count=0, roi_count=0, nearest_x=inf, clear_frames=901
[INFO] [1784294661.509542276] [unitree_safe_cmd_node]: Move x=0.200, z=0.057, stop_count=0, roi_count=0, nearest_x=inf, clear_frames=906
[INFO] [1784294662.011934873] [unitree_safe_cmd_node]: Move x=0.200, z=0.061, stop_count=0, roi_count=0, nearest_x=inf, clear_frames=911
[INFO] [1784294662.558973684] [unitree_safe_cmd_node]: Move x=0.200, z=0.057, stop_count=0, roi_count=0, nearest_x=inf, clear_frames=917
[INFO] [1784294663.059392503] [unitree_safe_cmd_node]: Move x=0.200, z=0.059, stop_count=0, roi_count=0, nearest_x=inf, clear_frames=921
[INFO] [1784294663.560154446] [unitree_safe_cmd_node]: Move x=0.200, z=0.059, stop_count=0, roi_count=0, nearest_x=inf, clear_frames=926
[INFO] [1784294664.110370658] [unitree_safe_cmd_node]: Move x=0.200, z=0.059, stop_count=0, roi_count=0, nearest_x=inf, clear_frames=931
[INFO] [1784294664.658983811] [unitree_safe_cmd_node]: Move x=0.200, z=0.058, stop_count=0, roi_count=0, nearest_x=inf, clear_frames=937
[INFO] [1784294665.209189458] [unitree_safe_cmd_node]: Move x=0.200, z=0.059, stop_count=0, roi_count=0, nearest_x=inf, clear_frames=942
[INFO] [1784294665.709432426] [unitree_safe_cmd_node]: Move x=0.200, z=0.060, stop_count=0, roi_count=0, nearest_x=inf, clear_frames=947
[INFO] [1784294666.258947920] [unitree_safe_cmd_node]: Move x=0.200, z=0.057, stop_count=0, roi_count=0, nearest_x=inf, clear_frames=953
[INFO] [1784294666.758951712] [unitree_safe_cmd_node]: Move x=0.200, z=0.058, stop_count=0, roi_count=0, nearest_x=inf, clear_frames=958
[INFO] [1784294667.259595748] [unitree_safe_cmd_node]: Move x=0.200, z=0.059, stop_count=0, roi_count=0, nearest_x=inf, clear_frames=963
[INFO] [1784294667.811311902] [unitree_safe_cmd_node]: Move x=0.200, z=0.060, stop_count=0, roi_count=0, nearest_x=inf, clear_frames=968
[INFO] [1784294668.313764558] [unitree_safe_cmd_node]: Move x=0.200, z=0.057, stop_count=0, roi_count=0, nearest_x=inf, clear_frames=972
[INFO] [1784294668.859377730] [unitree_safe_cmd_node]: Move x=0.200, z=0.057, stop_count=0, roi_count=0, nearest_x=inf, clear_frames=978
[INFO] [1784294669.409964598] [unitree_safe_cmd_node]: Move x=0.200, z=0.058, stop_count=0, roi_count=0, nearest_x=inf, clear_frames=983
[INFO] [1784294669.910028032] [unitree_safe_cmd_node]: Move x=0.200, z=0.059, stop_count=0, roi_count=0, nearest_x=inf, clear_frames=988
[INFO] [1784294670.459357045] [unitree_safe_cmd_node]: Move x=0.200, z=0.059, stop_count=0, roi_count=0, nearest_x=inf, clear_frames=994
[INFO] [1784294670.961348638] [unitree_safe_cmd_node]: Move x=0.200, z=0.058, stop_count=0, roi_count=0, nearest_x=inf, clear_frames=998
[INFO] [1784294671.509180366] [unitree_safe_cmd_node]: Move x=0.200, z=0.059, stop_count=0, roi_count=0, nearest_x=inf, clear_frames=1004
[INFO] [1784294672.009762584] [unitree_safe_cmd_node]: Move x=0.200, z=0.059, stop_count=0, roi_count=0, nearest_x=inf, clear_frames=1009
[INFO] [1784294672.510494114] [unitree_safe_cmd_node]: Move x=0.200, z=0.059, stop_count=0, roi_count=0, nearest_x=inf, clear_frames=1014
[INFO] [1784294673.010617318] [unitree_safe_cmd_node]: Move x=0.200, z=0.059, stop_count=0, roi_count=0, nearest_x=inf, clear_frames=1019
[INFO] [1784294673.558961523] [unitree_safe_cmd_node]: Move x=0.200, z=0.058, stop_count=0, roi_count=0, nearest_x=inf, clear_frames=1025
[INFO] [1784294674.059102558] [unitree_safe_cmd_node]: Move x=0.200, z=0.057, stop_count=0, roi_count=0, nearest_x=inf, clear_frames=1030
[INFO] [1784294674.609666760] [unitree_safe_cmd_node]: Move x=0.200, z=0.057, stop_count=0, roi_count=0, nearest_x=inf, clear_frames=1034
[INFO] [1784294675.159258287] [unitree_safe_cmd_node]: Move x=0.200, z=0.057, stop_count=0, roi_count=0, nearest_x=inf, clear_frames=1041
[INFO] [1784294675.658978373] [unitree_safe_cmd_node]: Move x=0.200, z=0.057, stop_count=0, roi_count=0, nearest_x=inf, clear_frames=1046
[INFO] [1784294676.158977555] [unitree_safe_cmd_node]: Move x=0.200, z=0.059, stop_count=0, roi_count=0, nearest_x=inf, clear_frames=1051
[INFO] [1784294676.710116309] [unitree_safe_cmd_node]: Move x=0.200, z=0.059, stop_count=0, roi_count=0, nearest_x=inf, clear_frames=1056
[INFO] [1784294677.258995080] [unitree_safe_cmd_node]: Move x=0.200, z=0.058, stop_count=0, roi_count=0, nearest_x=inf, clear_frames=1062
[INFO] [1784294677.759434356] [unitree_safe_cmd_node]: Move x=0.200, z=0.059, stop_count=0, roi_count=0, nearest_x=inf, clear_frames=1067
[INFO] [1784294678.310240518] [unitree_safe_cmd_node]: Move x=0.200, z=0.057, stop_count=0, roi_count=0, nearest_x=inf, clear_frames=1072
[INFO] [1784294678.859134400] [unitree_safe_cmd_node]: Move x=0.200, z=0.058, stop_count=0, roi_count=0, nearest_x=inf, clear_frames=1078
[INFO] [1784294679.409435000] [unitree_safe_cmd_node]: Move x=0.200, z=0.059, stop_count=0, roi_count=0, nearest_x=inf, clear_frames=1083
[INFO] [1784294679.915287937] [unitree_safe_cmd_node]: Move x=0.200, z=0.059, stop_count=0, roi_count=0, nearest_x=inf, clear_frames=1088
[INFO] [1784294680.459016361] [unitree_safe_cmd_node]: Move x=0.200, z=0.057, stop_count=0, roi_count=0, nearest_x=inf, clear_frames=1094
[INFO] [1784294680.965448139] [unitree_safe_cmd_node]: Move x=0.200, z=0.055, stop_count=0, roi_count=0, nearest_x=inf, clear_frames=1099
[INFO] [1784294681.509281729] [unitree_safe_cmd_node]: Move x=0.200, z=0.058, stop_count=0, roi_count=0, nearest_x=inf, clear_frames=1104
[INFO] [1784294682.058952266] [unitree_safe_cmd_node]: Move x=0.200, z=0.057, stop_count=0, roi_count=0, nearest_x=inf, clear_frames=1110
[INFO] [1784294682.610636310] [unitree_safe_cmd_node]: Move x=0.200, z=0.057, stop_count=0, roi_count=0, nearest_x=inf, clear_frames=1115
[INFO] [1784294683.159026807] [unitree_safe_cmd_node]: Move x=0.200, z=0.057, stop_count=0, roi_count=0, nearest_x=inf, clear_frames=1121
[INFO] [1784294683.659461089] [unitree_safe_cmd_node]: Move x=0.200, z=0.057, stop_count=0, roi_count=0, nearest_x=inf, clear_frames=1126
[INFO] [1784294684.209218511] [unitree_safe_cmd_node]: Move x=0.200, z=0.056, stop_count=0, roi_count=0, nearest_x=inf, clear_frames=1131
[INFO] [1784294684.712049442] [unitree_safe_cmd_node]: Move x=0.200, z=0.056, stop_count=0, roi_count=0, nearest_x=inf, clear_frames=1135
[INFO] [1784294685.260619216] [unitree_safe_cmd_node]: Move x=0.200, z=0.056, stop_count=0, roi_count=0, nearest_x=inf, clear_frames=1141
[INFO] [1784294685.809347715] [unitree_safe_cmd_node]: Move x=0.200, z=0.055, stop_count=0, roi_count=0, nearest_x=inf, clear_frames=1144
[INFO] [1784294686.359561174] [unitree_safe_cmd_node]: Move x=0.200, z=0.057, stop_count=0, roi_count=0, nearest_x=inf, clear_frames=1148
[INFO] [1784294686.914884962] [unitree_safe_cmd_node]: Move x=0.200, z=0.058, stop_count=0, roi_count=0, nearest_x=inf, clear_frames=1154
[INFO] [1784294687.459534615] [unitree_safe_cmd_node]: Move x=0.200, z=0.056, stop_count=0, roi_count=0, nearest_x=inf, clear_frames=1158
[INFO] [1784294687.967197836] [unitree_safe_cmd_node]: Move x=0.200, z=0.059, stop_count=0, roi_count=0, nearest_x=inf, clear_frames=1162
[INFO] [1784294688.509312445] [unitree_safe_cmd_node]: Move x=0.200, z=0.059, stop_count=0, roi_count=0, nearest_x=inf, clear_frames=1165
[INFO] [1784294689.061817931] [unitree_safe_cmd_node]: Move x=0.200, z=0.058, stop_count=0, roi_count=0, nearest_x=inf, clear_frames=1170
[INFO] [1784294689.608956209] [unitree_safe_cmd_node]: Move x=0.200, z=0.056, stop_count=0, roi_count=0, nearest_x=inf, clear_frames=1174
[INFO] [1784294690.109214799] [unitree_safe_cmd_node]: Move x=0.200, z=0.060, stop_count=0, roi_count=0, nearest_x=inf, clear_frames=1179
[INFO] [1784294690.609528677] [unitree_safe_cmd_node]: Move x=0.200, z=0.058, stop_count=0, roi_count=0, nearest_x=inf, clear_frames=1182
[INFO] [1784294691.159025187] [unitree_safe_cmd_node]: Move x=0.200, z=0.059, stop_count=0, roi_count=0, nearest_x=inf, clear_frames=1186
[INFO] [1784294691.661686476] [unitree_safe_cmd_node]: Move x=0.200, z=0.057, stop_count=0, roi_count=0, nearest_x=inf, clear_frames=1189
[INFO] [1784294692.213048878] [unitree_safe_cmd_node]: Move x=0.200, z=0.058, stop_count=0, roi_count=0, nearest_x=inf, clear_frames=1192
[INFO] [1784294692.719143903] [unitree_safe_cmd_node]: Move x=0.200, z=0.059, stop_count=0, roi_count=0, nearest_x=inf, clear_frames=1196
[INFO] [1784294693.259442434] [unitree_safe_cmd_node]: Move x=0.200, z=0.058, stop_count=0, roi_count=0, nearest_x=inf, clear_frames=1201
[INFO] [1784294693.809362294] [unitree_safe_cmd_node]: Move x=0.200, z=0.058, stop_count=0, roi_count=0, nearest_x=inf, clear_frames=1206
[INFO] [1784294694.358957982] [unitree_safe_cmd_node]: Move x=0.200, z=0.059, stop_count=0, roi_count=0, nearest_x=inf, clear_frames=1212
[INFO] [1784294694.909177779] [unitree_safe_cmd_node]: Move x=0.200, z=0.060, stop_count=0, roi_count=0, nearest_x=inf, clear_frames=1218
[INFO] [1784294695.409398561] [unitree_safe_cmd_node]: Move x=0.200, z=0.058, stop_count=0, roi_count=0, nearest_x=inf, clear_frames=1224
[INFO] [1784294695.959660009] [unitree_safe_cmd_node]: Move x=0.200, z=0.057, stop_count=0, roi_count=0, nearest_x=inf, clear_frames=1230
[INFO] [1784294696.509932245] [unitree_safe_cmd_node]: Move x=0.200, z=0.057, stop_count=0, roi_count=0, nearest_x=inf, clear_frames=1237
[INFO] [1784294697.059098180] [unitree_safe_cmd_node]: Move x=0.200, z=0.057, stop_count=0, roi_count=0, nearest_x=inf, clear_frames=1243
[INFO] [1784294697.559479863] [unitree_safe_cmd_node]: Move x=0.200, z=0.057, stop_count=0, roi_count=0, nearest_x=inf, clear_frames=1248
[INFO] [1784294698.109096169] [unitree_safe_cmd_node]: Move x=0.200, z=0.060, stop_count=0, roi_count=0, nearest_x=inf, clear_frames=1255
[INFO] [1784294698.612117261] [unitree_safe_cmd_node]: Move x=0.200, z=0.055, stop_count=0, roi_count=0, nearest_x=inf, clear_frames=1260
[INFO] [1784294699.159983788] [unitree_safe_cmd_node]: Move x=0.200, z=0.056, stop_count=0, roi_count=0, nearest_x=inf, clear_frames=1266
[INFO] [1784294699.709398823] [unitree_safe_cmd_node]: Move x=0.200, z=0.059, stop_count=0, roi_count=0, nearest_x=inf, clear_frames=1273
[INFO] [1784294700.259061676] [unitree_safe_cmd_node]: Move x=0.200, z=0.059, stop_count=0, roi_count=0, nearest_x=inf, clear_frames=1279
[INFO] [1784294700.759100876] [unitree_safe_cmd_node]: Move x=0.200, z=0.057, stop_count=0, roi_count=0, nearest_x=inf, clear_frames=1285
[INFO] [1784294701.259539096] [unitree_safe_cmd_node]: Move x=0.200, z=0.057, stop_count=0, roi_count=0, nearest_x=inf, clear_frames=1290
[INFO] [1784294701.812041829] [unitree_safe_cmd_node]: Move x=0.200, z=0.056, stop_count=0, roi_count=0, nearest_x=inf, clear_frames=1297
[INFO] [1784294702.359253642] [unitree_safe_cmd_node]: Move x=0.200, z=0.056, stop_count=0, roi_count=0, nearest_x=inf, clear_frames=1303
[INFO] [1784294702.859347874] [unitree_safe_cmd_node]: Move x=0.200, z=0.055, stop_count=0, roi_count=0, nearest_x=inf, clear_frames=1308
[INFO] [1784294703.413648405] [unitree_safe_cmd_node]: Move x=0.200, z=0.057, stop_count=0, roi_count=0, nearest_x=inf, clear_frames=1315
[INFO] [1784294703.959252070] [unitree_safe_cmd_node]: Move x=0.200, z=0.056, stop_count=0, roi_count=0, nearest_x=inf, clear_frames=1321
[INFO] [1784294704.509041025] [unitree_safe_cmd_node]: Move x=0.200, z=0.057, stop_count=0, roi_count=0, nearest_x=inf, clear_frames=1327
[INFO] [1784294705.009435066] [unitree_safe_cmd_node]: Move x=0.200, z=0.056, stop_count=0, roi_count=0, nearest_x=inf, clear_frames=1333
[INFO] [1784294705.510388388] [unitree_safe_cmd_node]: Move x=0.200, z=0.058, stop_count=0, roi_count=0, nearest_x=inf, clear_frames=1338
[INFO] [1784294706.059423771] [unitree_safe_cmd_node]: Move x=0.200, z=0.056, stop_count=0, roi_count=0, nearest_x=inf, clear_frames=1344
[INFO] [1784294706.610362342] [unitree_safe_cmd_node]: Move x=0.200, z=0.058, stop_count=0, roi_count=0, nearest_x=inf, clear_frames=1349
[INFO] [1784294707.112107524] [unitree_safe_cmd_node]: Move x=0.200, z=0.058, stop_count=0, roi_count=0, nearest_x=inf, clear_frames=1354
[INFO] [1784294707.659101996] [unitree_safe_cmd_node]: Move x=0.200, z=0.057, stop_count=0, roi_count=0, nearest_x=inf, clear_frames=1360
[INFO] [1784294708.212743172] [unitree_safe_cmd_node]: Move x=0.200, z=0.058, stop_count=0, roi_count=0, nearest_x=inf, clear_frames=1365
[INFO] [1784294708.760184364] [unitree_safe_cmd_node]: Move x=0.200, z=0.058, stop_count=0, roi_count=0, nearest_x=inf, clear_frames=1371
[INFO] [1784294709.309897063] [unitree_safe_cmd_node]: Move x=0.200, z=0.057, stop_count=0, roi_count=0, nearest_x=inf, clear_frames=1376
[INFO] [1784294709.859038636] [unitree_safe_cmd_node]: Move x=0.200, z=0.058, stop_count=0, roi_count=0, nearest_x=inf, clear_frames=1382
[INFO] [1784294710.359116092] [unitree_safe_cmd_node]: Move x=0.200, z=0.056, stop_count=0, roi_count=0, nearest_x=inf, clear_frames=1387
[INFO] [1784294710.859007324] [unitree_safe_cmd_node]: Move x=0.200, z=0.058, stop_count=0, roi_count=0, nearest_x=inf, clear_frames=1392
[INFO] [1784294711.409900563] [unitree_safe_cmd_node]: Move x=0.200, z=0.056, stop_count=0, roi_count=0, nearest_x=inf, clear_frames=1397
[INFO] [1784294711.909766536] [unitree_safe_cmd_node]: Move x=0.200, z=0.058, stop_count=0, roi_count=0, nearest_x=inf, clear_frames=1402
[INFO] [1784294712.458989200] [unitree_safe_cmd_node]: Move x=0.200, z=0.057, stop_count=0, roi_count=0, nearest_x=inf, clear_frames=1408
[INFO] [1784294712.959686315] [unitree_safe_cmd_node]: Move x=0.200, z=0.056, stop_count=0, roi_count=0, nearest_x=inf, clear_frames=1413
[INFO] [1784294713.509851273] [unitree_safe_cmd_node]: Move x=0.200, z=0.057, stop_count=0, roi_count=0, nearest_x=inf, clear_frames=1418
[INFO] [1784294714.058940183] [unitree_safe_cmd_node]: Move x=0.200, z=0.056, stop_count=0, roi_count=0, nearest_x=inf, clear_frames=1424
[INFO] [1784294714.560388470] [unitree_safe_cmd_node]: Move x=0.200, z=0.059, stop_count=0, roi_count=0, nearest_x=inf, clear_frames=1429
[INFO] [1784294715.111772897] [unitree_safe_cmd_node]: Move x=0.200, z=0.056, stop_count=0, roi_count=0, nearest_x=inf, clear_frames=1433
[INFO] [1784294715.609809186] [unitree_safe_cmd_node]: Move x=0.200, z=0.056, stop_count=0, roi_count=0, nearest_x=inf, clear_frames=1438
[INFO] [1784294716.111767228] [unitree_safe_cmd_node]: Move x=0.200, z=0.058, stop_count=0, roi_count=0, nearest_x=inf, clear_frames=1443
[INFO] [1784294716.611178445] [unitree_safe_cmd_node]: Move x=0.200, z=0.058, stop_count=0, roi_count=0, nearest_x=inf, clear_frames=1447
[INFO] [1784294717.159073849] [unitree_safe_cmd_node]: Move x=0.200, z=0.058, stop_count=0, roi_count=0, nearest_x=inf, clear_frames=1453
[INFO] [1784294717.709392153] [unitree_safe_cmd_node]: Move x=0.200, z=0.058, stop_count=0, roi_count=0, nearest_x=inf, clear_frames=1458
[INFO] [1784294718.209220702] [unitree_safe_cmd_node]: Move x=0.200, z=0.057, stop_count=0, roi_count=0, nearest_x=inf, clear_frames=1463
[INFO] [1784294718.711024342] [unitree_safe_cmd_node]: Move x=0.200, z=0.058, stop_count=0, roi_count=0, nearest_x=inf, clear_frames=1468
[INFO] [1784294719.259063552] [unitree_safe_cmd_node]: Move x=0.200, z=0.058, stop_count=0, roi_count=0, nearest_x=inf, clear_frames=1474
[INFO] [1784294719.780208806] [unitree_safe_cmd_node]: Move x=0.200, z=0.058, stop_count=0, roi_count=0, nearest_x=inf, clear_frames=1479
[INFO] [1784294720.310272366] [unitree_safe_cmd_node]: Move x=0.200, z=0.057, stop_count=0, roi_count=0, nearest_x=inf, clear_frames=1482
[INFO] [1784294720.874565267] [unitree_safe_cmd_node]: Move x=0.200, z=0.058, stop_count=0, roi_count=0, nearest_x=inf, clear_frames=1486
[INFO] [1784294721.409643469] [unitree_safe_cmd_node]: Move x=0.200, z=0.055, stop_count=0, roi_count=0, nearest_x=inf, clear_frames=1490
[INFO] [1784294721.910093341] [unitree_safe_cmd_node]: Move x=0.200, z=0.057, stop_count=0, roi_count=0, nearest_x=inf, clear_frames=1495
[INFO] [1784294722.459033451] [unitree_safe_cmd_node]: Move x=0.200, z=0.056, stop_count=0, roi_count=0, nearest_x=inf, clear_frames=1500
[INFO] [1784294722.961066342] [unitree_safe_cmd_node]: Move x=0.200, z=0.059, stop_count=0, roi_count=0, nearest_x=inf, clear_frames=1504
[INFO] [1784294723.509295362] [unitree_safe_cmd_node]: Move x=0.200, z=0.056, stop_count=0, roi_count=0, nearest_x=inf, clear_frames=1509
[INFO] [1784294724.009502538] [unitree_safe_cmd_node]: Move x=0.200, z=0.057, stop_count=0, roi_count=0, nearest_x=inf, clear_frames=1513
[INFO] [1784294724.561854038] [unitree_safe_cmd_node]: Move x=0.200, z=0.059, stop_count=0, roi_count=0, nearest_x=inf, clear_frames=1517
[INFO] [1784294725.060566490] [unitree_safe_cmd_node]: Move x=0.200, z=0.057, stop_count=0, roi_count=0, nearest_x=inf, clear_frames=1521
[INFO] [1784294725.561662849] [unitree_safe_cmd_node]: Move x=0.200, z=0.057, stop_count=0, roi_count=0, nearest_x=inf, clear_frames=1524
[INFO] [1784294726.109075133] [unitree_safe_cmd_node]: Move x=0.200, z=0.057, stop_count=0, roi_count=0, nearest_x=inf, clear_frames=1528
[INFO] [1784294726.610936494] [unitree_safe_cmd_node]: Move x=0.200, z=0.057, stop_count=0, roi_count=0, nearest_x=inf, clear_frames=1531
[INFO] [1784294727.110786556] [unitree_safe_cmd_node]: Move x=0.200, z=0.056, stop_count=0, roi_count=0, nearest_x=inf, clear_frames=1535
[INFO] [1784294727.625690048] [unitree_safe_cmd_node]: Move x=0.200, z=0.059, stop_count=0, roi_count=0, nearest_x=inf, clear_frames=1540
[INFO] [1784294728.159117842] [unitree_safe_cmd_node]: Move x=0.200, z=0.058, stop_count=0, roi_count=0, nearest_x=inf, clear_frames=1544
[INFO] [1784294728.660367996] [unitree_safe_cmd_node]: Move x=0.200, z=0.057, stop_count=0, roi_count=0, nearest_x=inf, clear_frames=1549
[INFO] [1784294729.215285561] [unitree_safe_cmd_node]: Move x=0.200, z=0.059, stop_count=0, roi_count=0, nearest_x=inf, clear_frames=1556
[INFO] [1784294729.759043951] [unitree_safe_cmd_node]: Move x=0.200, z=0.057, stop_count=0, roi_count=0, nearest_x=inf, clear_frames=1562
[INFO] [1784294730.263808611] [unitree_safe_cmd_node]: Move x=0.200, z=0.058, stop_count=0, roi_count=0, nearest_x=inf, clear_frames=1567
[INFO] [1784294730.809279450] [unitree_safe_cmd_node]: Move x=0.200, z=0.056, stop_count=0, roi_count=0, nearest_x=inf, clear_frames=1574
[INFO] [1784294731.310451009] [unitree_safe_cmd_node]: Move x=0.200, z=0.059, stop_count=0, roi_count=0, nearest_x=inf, clear_frames=1579
[INFO] [1784294731.859605964] [unitree_safe_cmd_node]: Move x=0.200, z=0.057, stop_count=0, roi_count=0, nearest_x=inf, clear_frames=1585
[INFO] [1784294732.410054660] [unitree_safe_cmd_node]: Move x=0.200, z=0.055, stop_count=0, roi_count=0, nearest_x=inf, clear_frames=1591
[INFO] [1784294732.959021406] [unitree_safe_cmd_node]: Move x=0.200, z=0.057, stop_count=0, roi_count=0, nearest_x=inf, clear_frames=1598
[INFO] [1784294733.509068072] [unitree_safe_cmd_node]: Move x=0.200, z=0.058, stop_count=0, roi_count=0, nearest_x=inf, clear_frames=1604
[INFO] [1784294734.063402379] [unitree_safe_cmd_node]: Move x=0.200, z=0.058, stop_count=0, roi_count=0, nearest_x=inf, clear_frames=1609
[INFO] [1784294734.610415322] [unitree_safe_cmd_node]: Move x=0.200, z=0.056, stop_count=0, roi_count=0, nearest_x=inf, clear_frames=1614
[INFO] [1784294735.159777918] [unitree_safe_cmd_node]: Move x=0.200, z=0.055, stop_count=0, roi_count=0, nearest_x=inf, clear_frames=1620
[INFO] [1784294735.659152704] [unitree_safe_cmd_node]: Move x=0.200, z=0.058, stop_count=0, roi_count=0, nearest_x=inf, clear_frames=1625
[INFO] [1784294736.209073684] [unitree_safe_cmd_node]: Move x=0.200, z=0.058, stop_count=0, roi_count=0, nearest_x=inf, clear_frames=1632
[INFO] [1784294736.710048615] [unitree_safe_cmd_node]: Move x=0.200, z=0.058, stop_count=0, roi_count=0, nearest_x=inf, clear_frames=1637
[INFO] [1784294737.210058106] [unitree_safe_cmd_node]: Move x=0.200, z=0.059, stop_count=0, roi_count=0, nearest_x=inf, clear_frames=1643
[INFO] [1784294737.778286911] [unitree_safe_cmd_node]: Move x=0.200, z=0.057, stop_count=0, roi_count=0, nearest_x=inf, clear_frames=1649
[INFO] [1784294738.310100026] [unitree_safe_cmd_node]: Move x=0.200, z=0.060, stop_count=0, roi_count=0, nearest_x=inf, clear_frames=1654
[INFO] [1784294738.860425501] [unitree_safe_cmd_node]: Move x=0.200, z=0.061, stop_count=0, roi_count=0, nearest_x=inf, clear_frames=1660
[INFO] [1784294739.409486239] [unitree_safe_cmd_node]: Move x=0.200, z=0.059, stop_count=0, roi_count=0, nearest_x=inf, clear_frames=1666
[INFO] [1784294739.959112564] [unitree_safe_cmd_node]: Move x=0.200, z=0.057, stop_count=0, roi_count=0, nearest_x=inf, clear_frames=1672
[INFO] [1784294740.510871521] [unitree_safe_cmd_node]: Move x=0.200, z=0.059, stop_count=0, roi_count=0, nearest_x=inf, clear_frames=1679
[INFO] [1784294741.061301521] [unitree_safe_cmd_node]: Move x=0.200, z=0.057, stop_count=0, roi_count=0, nearest_x=inf, clear_frames=1685
[INFO] [1784294741.562427973] [unitree_safe_cmd_node]: Move x=0.200, z=0.059, stop_count=0, roi_count=0, nearest_x=inf, clear_frames=1691
[INFO] [1784294742.065558553] [unitree_safe_cmd_node]: Move x=0.200, z=0.058, stop_count=0, roi_count=0, nearest_x=inf, clear_frames=1696
[INFO] [1784294742.609394640] [unitree_safe_cmd_node]: Move x=0.200, z=0.058, stop_count=0, roi_count=0, nearest_x=inf, clear_frames=1702
[INFO] [1784294743.161835970] [unitree_safe_cmd_node]: Move x=0.200, z=0.059, stop_count=0, roi_count=0, nearest_x=inf, clear_frames=1708
[INFO] [1784294743.713025498] [unitree_safe_cmd_node]: Move x=0.200, z=0.057, stop_count=0, roi_count=0, nearest_x=inf, clear_frames=1713
[INFO] [1784294744.262343947] [unitree_safe_cmd_node]: Move x=0.200, z=0.058, stop_count=0, roi_count=0, nearest_x=inf, clear_frames=1719
[INFO] [1784294744.813037516] [unitree_safe_cmd_node]: Move x=0.200, z=0.060, stop_count=0, roi_count=0, nearest_x=inf, clear_frames=1724
[INFO] [1784294745.362492344] [unitree_safe_cmd_node]: Move x=0.200, z=0.059, stop_count=0, roi_count=0, nearest_x=inf, clear_frames=1730
[INFO] [1784294745.909480541] [unitree_safe_cmd_node]: Move x=0.200, z=0.058, stop_count=0, roi_count=0, nearest_x=inf, clear_frames=1735
[INFO] [1784294746.409299582] [unitree_safe_cmd_node]: Move x=0.200, z=0.058, stop_count=0, roi_count=0, nearest_x=inf, clear_frames=1740
[INFO] [1784294746.913600010] [unitree_safe_cmd_node]: Move x=0.200, z=0.059, stop_count=0, roi_count=0, nearest_x=inf, clear_frames=1745
[INFO] [1784294747.459120278] [unitree_safe_cmd_node]: Move x=0.200, z=0.057, stop_count=0, roi_count=0, nearest_x=inf, clear_frames=1751
[INFO] [1784294748.009145624] [unitree_safe_cmd_node]: Move x=0.200, z=0.059, stop_count=0, roi_count=0, nearest_x=inf, clear_frames=1756
[INFO] [1784294748.510923013] [unitree_safe_cmd_node]: Move x=0.200, z=0.059, stop_count=0, roi_count=0, nearest_x=inf, clear_frames=1761
[INFO] [1784294749.011091292] [unitree_safe_cmd_node]: Move x=0.200, z=0.058, stop_count=0, roi_count=0, nearest_x=inf, clear_frames=1766
[INFO] [1784294749.559417954] [unitree_safe_cmd_node]: Move x=0.200, z=0.058, stop_count=0, roi_count=0, nearest_x=inf, clear_frames=1771
[INFO] [1784294750.109840463] [unitree_safe_cmd_node]: Move x=0.200, z=0.059, stop_count=0, roi_count=0, nearest_x=inf, clear_frames=1776
[INFO] [1784294750.615379280] [unitree_safe_cmd_node]: Move x=0.200, z=0.056, stop_count=0, roi_count=0, nearest_x=inf, clear_frames=1781
[INFO] [1784294751.159082542] [unitree_safe_cmd_node]: Move x=0.200, z=0.059, stop_count=0, roi_count=0, nearest_x=inf, clear_frames=1787
[INFO] [1784294751.659032263] [unitree_safe_cmd_node]: Move x=0.200, z=0.059, stop_count=0, roi_count=0, nearest_x=inf, clear_frames=1792
[INFO] [1784294752.159087469] [unitree_safe_cmd_node]: Move x=0.200, z=0.057, stop_count=0, roi_count=0, nearest_x=inf, clear_frames=1797
[INFO] [1784294752.709768810] [unitree_safe_cmd_node]: Move x=0.200, z=0.058, stop_count=0, roi_count=0, nearest_x=inf, clear_frames=1802
[INFO] [1784294753.210011361] [unitree_safe_cmd_node]: Move x=0.200, z=0.058, stop_count=0, roi_count=0, nearest_x=inf, clear_frames=1806
[INFO] [1784294753.710219433] [unitree_safe_cmd_node]: Move x=0.200, z=0.058, stop_count=0, roi_count=0, nearest_x=inf, clear_frames=1811
[INFO] [1784294754.258935031] [unitree_safe_cmd_node]: Move x=0.200, z=0.056, stop_count=0, roi_count=0, nearest_x=inf, clear_frames=1817
[INFO] [1784294754.759282427] [unitree_safe_cmd_node]: Move x=0.200, z=0.061, stop_count=0, roi_count=0, nearest_x=inf, clear_frames=1821
[INFO] [1784294755.260011941] [unitree_safe_cmd_node]: Move x=0.200, z=0.056, stop_count=0, roi_count=0, nearest_x=inf, clear_frames=1824
[INFO] [1784294755.810099713] [unitree_safe_cmd_node]: Move x=0.200, z=0.058, stop_count=0, roi_count=0, nearest_x=inf, clear_frames=1827
[INFO] [1784294756.323155593] [unitree_safe_cmd_node]: Move x=0.200, z=0.059, stop_count=0, roi_count=0, nearest_x=inf, clear_frames=1830
[INFO] [1784294756.865560952] [unitree_safe_cmd_node]: Move x=0.200, z=0.060, stop_count=0, roi_count=0, nearest_x=inf, clear_frames=1834
[INFO] [1784294757.409712054] [unitree_safe_cmd_node]: Move x=0.200, z=0.056, stop_count=0, roi_count=0, nearest_x=inf, clear_frames=1839
[INFO] [1784294757.971934111] [unitree_safe_cmd_node]: Move x=0.200, z=0.058, stop_count=0, roi_count=0, nearest_x=inf, clear_frames=1844
[INFO] [1784294758.510891360] [unitree_safe_cmd_node]: Move x=0.200, z=0.058, stop_count=0, roi_count=0, nearest_x=inf, clear_frames=1849
[INFO] [1784294759.010314518] [unitree_safe_cmd_node]: Move x=0.200, z=0.058, stop_count=0, roi_count=0, nearest_x=inf, clear_frames=1853
[INFO] [1784294759.510316774] [unitree_safe_cmd_node]: Move x=0.200, z=0.059, stop_count=0, roi_count=0, nearest_x=inf, clear_frames=1857
[INFO] [1784294760.059844497] [unitree_safe_cmd_node]: Move x=0.200, z=0.056, stop_count=0, roi_count=0, nearest_x=inf, clear_frames=1860
[INFO] [1784294760.559500716] [unitree_safe_cmd_node]: Move x=0.200, z=0.057, stop_count=0, roi_count=0, nearest_x=inf, clear_frames=1865
[INFO] [1784294761.109418399] [unitree_safe_cmd_node]: Move x=0.200, z=0.058, stop_count=0, roi_count=0, nearest_x=inf, clear_frames=1870
[INFO] [1784294761.609638925] [unitree_safe_cmd_node]: Move x=0.200, z=0.058, stop_count=0, roi_count=0, nearest_x=inf, clear_frames=1874
[INFO] [1784294762.159395323] [unitree_safe_cmd_node]: Move x=0.200, z=0.058, stop_count=0, roi_count=0, nearest_x=inf, clear_frames=1879
[INFO] [1784294762.659421365] [unitree_safe_cmd_node]: Move x=0.200, z=0.057, stop_count=0, roi_count=0, nearest_x=inf, clear_frames=1883
[INFO] [1784294763.160349300] [unitree_safe_cmd_node]: Move x=0.200, z=0.058, stop_count=0, roi_count=0, nearest_x=inf, clear_frames=1886
[INFO] [1784294763.712147985] [unitree_safe_cmd_node]: Move x=0.200, z=0.059, stop_count=0, roi_count=0, nearest_x=inf, clear_frames=1891
[INFO] [1784294764.259063799] [unitree_safe_cmd_node]: Move x=0.200, z=0.057, stop_count=0, roi_count=0, nearest_x=inf, clear_frames=1897
[INFO] [1784294764.809185058] [unitree_safe_cmd_node]: Move x=0.200, z=0.057, stop_count=0, roi_count=0, nearest_x=inf, clear_frames=1903
[INFO] [1784294765.359385071] [unitree_safe_cmd_node]: Move x=0.200, z=0.059, stop_count=0, roi_count=0, nearest_x=inf, clear_frames=1909
[INFO] [1784294765.909087462] [unitree_safe_cmd_node]: Move x=0.200, z=0.057, stop_count=0, roi_count=0, nearest_x=inf, clear_frames=1916
[INFO] [1784294766.411570722] [unitree_safe_cmd_node]: Move x=0.200, z=0.059, stop_count=0, roi_count=0, nearest_x=inf, clear_frames=1921
[INFO] [1784294766.909543944] [unitree_safe_cmd_node]: Move x=0.200, z=0.059, stop_count=0, roi_count=0, nearest_x=inf, clear_frames=1925
[INFO] [1784294767.415227208] [unitree_safe_cmd_node]: Move x=0.200, z=0.057, stop_count=0, roi_count=0, nearest_x=inf, clear_frames=1931
[INFO] [1784294767.959479314] [unitree_safe_cmd_node]: Move x=0.200, z=0.060, stop_count=0, roi_count=0, nearest_x=inf, clear_frames=1937
[INFO] [1784294768.460974917] [unitree_safe_cmd_node]: Move x=0.200, z=0.060, stop_count=0, roi_count=0, nearest_x=inf, clear_frames=1943
[INFO] [1784294769.010230971] [unitree_safe_cmd_node]: Move x=0.200, z=0.059, stop_count=0, roi_count=0, nearest_x=inf, clear_frames=1949
[INFO] [1784294769.558989339] [unitree_safe_cmd_node]: Move x=0.200, z=0.058, stop_count=0, roi_count=0, nearest_x=inf, clear_frames=1955
[INFO] [1784294770.064142230] [unitree_safe_cmd_node]: Move x=0.200, z=0.056, stop_count=0, roi_count=0, nearest_x=inf, clear_frames=1960
[INFO] [1784294770.611523236] [unitree_safe_cmd_node]: Move x=0.200, z=0.057, stop_count=0, roi_count=0, nearest_x=inf, clear_frames=1966
[INFO] [1784294771.159326024] [unitree_safe_cmd_node]: Move x=0.200, z=0.057, stop_count=0, roi_count=0, nearest_x=inf, clear_frames=1973
[INFO] [1784294771.660091073] [unitree_safe_cmd_node]: Move x=0.200, z=0.057, stop_count=0, roi_count=0, nearest_x=inf, clear_frames=1978
[INFO] [1784294772.208925601] [unitree_safe_cmd_node]: Move x=0.200, z=0.060, stop_count=0, roi_count=0, nearest_x=inf, clear_frames=1985
[INFO] [1784294772.713522157] [unitree_safe_cmd_node]: Move x=0.200, z=0.057, stop_count=0, roi_count=0, nearest_x=inf, clear_frames=1990
[INFO] [1784294773.266787491] [unitree_safe_cmd_node]: Move x=0.200, z=0.056, stop_count=0, roi_count=0, nearest_x=inf, clear_frames=1997
[INFO] [1784294773.809177386] [unitree_safe_cmd_node]: Move x=0.200, z=0.059, stop_count=0, roi_count=0, nearest_x=inf, clear_frames=2003
[INFO] [1784294774.310028456] [unitree_safe_cmd_node]: Move x=0.200, z=0.060, stop_count=0, roi_count=0, nearest_x=inf, clear_frames=2008
[INFO] [1784294774.858921314] [unitree_safe_cmd_node]: Move x=0.200, z=0.058, stop_count=0, roi_count=0, nearest_x=inf, clear_frames=2015
[INFO] [1784294775.359855907] [unitree_safe_cmd_node]: Move x=0.200, z=0.058, stop_count=0, roi_count=0, nearest_x=inf, clear_frames=2020
[INFO] [1784294775.909364070] [unitree_safe_cmd_node]: Move x=0.200, z=0.058, stop_count=0, roi_count=0, nearest_x=inf, clear_frames=2026
[INFO] [1784294776.411896568] [unitree_safe_cmd_node]: Move x=0.200, z=0.057, stop_count=0, roi_count=0, nearest_x=inf, clear_frames=2031
[INFO] [1784294776.959050596] [unitree_safe_cmd_node]: Move x=0.200, z=0.057, stop_count=0, roi_count=0, nearest_x=inf, clear_frames=2037
[INFO] [1784294777.459571956] [unitree_safe_cmd_node]: Move x=0.200, z=0.057, stop_count=0, roi_count=0, nearest_x=inf, clear_frames=2042
[INFO] [1784294778.009202956] [unitree_safe_cmd_node]: Move x=0.200, z=0.058, stop_count=0, roi_count=0, nearest_x=inf, clear_frames=2047
[INFO] [1784294778.509331570] [unitree_safe_cmd_node]: Move x=0.200, z=0.059, stop_count=0, roi_count=0, nearest_x=inf, clear_frames=2052
[INFO] [1784294779.011649512] [unitree_safe_cmd_node]: Move x=0.200, z=0.059, stop_count=0, roi_count=0, nearest_x=inf, clear_frames=2056
[INFO] [1784294779.514748366] [unitree_safe_cmd_node]: Move x=0.200, z=0.057, stop_count=0, roi_count=0, nearest_x=inf, clear_frames=2061
[INFO] [1784294780.059114313] [unitree_safe_cmd_node]: Move x=0.200, z=0.057, stop_count=0, roi_count=0, nearest_x=inf, clear_frames=2067
[INFO] [1784294780.559783288] [unitree_safe_cmd_node]: Move x=0.200, z=0.059, stop_count=0, roi_count=0, nearest_x=inf, clear_frames=2072
[INFO] [1784294781.110692182] [unitree_safe_cmd_node]: Move x=0.200, z=0.056, stop_count=0, roi_count=0, nearest_x=inf, clear_frames=2077
[INFO] [1784294781.611084462] [unitree_safe_cmd_node]: Move x=0.200, z=0.059, stop_count=0, roi_count=0, nearest_x=inf, clear_frames=2082
[INFO] [1784294782.158938152] [unitree_safe_cmd_node]: Move x=0.200, z=0.057, stop_count=0, roi_count=0, nearest_x=inf, clear_frames=2088
[INFO] [1784294782.658943417] [unitree_safe_cmd_node]: Move x=0.200, z=0.058, stop_count=0, roi_count=0, nearest_x=inf, clear_frames=2093
[INFO] [1784294783.213443843] [unitree_safe_cmd_node]: Move x=0.200, z=0.058, stop_count=0, roi_count=0, nearest_x=inf, clear_frames=2098
[INFO] [1784294783.758938277] [unitree_safe_cmd_node]: Move x=0.200, z=0.060, stop_count=0, roi_count=0, nearest_x=inf, clear_frames=2104
[INFO] [1784294784.259274500] [unitree_safe_cmd_node]: Move x=0.200, z=0.061, stop_count=0, roi_count=0, nearest_x=inf, clear_frames=2108
[INFO] [1784294784.759774571] [unitree_safe_cmd_node]: Move x=0.200, z=0.058, stop_count=0, roi_count=0, nearest_x=inf, clear_frames=2114
[INFO] [1784294785.309368754] [unitree_safe_cmd_node]: Move x=0.200, z=0.058, stop_count=0, roi_count=0, nearest_x=inf, clear_frames=2119
[INFO] [1784294785.859222026] [unitree_safe_cmd_node]: Move x=0.200, z=0.060, stop_count=0, roi_count=0, nearest_x=inf, clear_frames=2125
[INFO] [1784294786.359127888] [unitree_safe_cmd_node]: Move x=0.200, z=0.057, stop_count=0, roi_count=0, nearest_x=inf, clear_frames=2130
[INFO] [1784294786.909632192] [unitree_safe_cmd_node]: Move x=0.200, z=0.059, stop_count=0, roi_count=0, nearest_x=inf, clear_frames=2135
[INFO] [1784294787.410158770] [unitree_safe_cmd_node]: Move x=0.200, z=0.059, stop_count=0, roi_count=0, nearest_x=inf, clear_frames=2140
[INFO] [1784294787.959187206] [unitree_safe_cmd_node]: Move x=0.200, z=0.059, stop_count=0, roi_count=0, nearest_x=inf, clear_frames=2145
[INFO] [1784294788.509174904] [unitree_safe_cmd_node]: Move x=0.200, z=0.057, stop_count=0, roi_count=0, nearest_x=inf, clear_frames=2150
[INFO] [1784294789.009333003] [unitree_safe_cmd_node]: Move x=0.200, z=0.057, stop_count=0, roi_count=0, nearest_x=inf, clear_frames=2155
[INFO] [1784294789.510507380] [unitree_safe_cmd_node]: Move x=0.200, z=0.060, stop_count=0, roi_count=0, nearest_x=inf, clear_frames=2160
[INFO] [1784294790.065423985] [unitree_safe_cmd_node]: Move x=0.200, z=0.059, stop_count=0, roi_count=0, nearest_x=inf, clear_frames=2165
[INFO] [1784294790.609580017] [unitree_safe_cmd_node]: Move x=0.200, z=0.059, stop_count=0, roi_count=0, nearest_x=inf, clear_frames=2168
[INFO] [1784294791.110149878] [unitree_safe_cmd_node]: Move x=0.200, z=0.057, stop_count=0, roi_count=0, nearest_x=inf, clear_frames=2171
[INFO] [1784294791.660356229] [unitree_safe_cmd_node]: Move x=0.200, z=0.057, stop_count=0, roi_count=0, nearest_x=inf, clear_frames=2175
[INFO] [1784294792.208962980] [unitree_safe_cmd_node]: Move x=0.200, z=0.059, stop_count=0, roi_count=0, nearest_x=inf, clear_frames=2179
[INFO] [1784294792.710876107] [unitree_safe_cmd_node]: Move x=0.200, z=0.058, stop_count=0, roi_count=0, nearest_x=inf, clear_frames=2184
[INFO] [1784294793.265831321] [unitree_safe_cmd_node]: Move x=0.200, z=0.056, stop_count=0, roi_count=0, nearest_x=inf, clear_frames=2187
[INFO] [1784294793.810134297] [unitree_safe_cmd_node]: Move x=0.200, z=0.058, stop_count=0, roi_count=0, nearest_x=inf, clear_frames=2192
[INFO] [1784294794.365735773] [unitree_safe_cmd_node]: Move x=0.200, z=0.060, stop_count=0, roi_count=0, nearest_x=inf, clear_frames=2196
[INFO] [1784294794.909871893] [unitree_safe_cmd_node]: Move x=0.200, z=0.058, stop_count=0, roi_count=0, nearest_x=inf, clear_frames=2200
[INFO] [1784294795.459277708] [unitree_safe_cmd_node]: Move x=0.200, z=0.059, stop_count=0, roi_count=0, nearest_x=inf, clear_frames=2203
[INFO] [1784294795.964815693] [unitree_safe_cmd_node]: Move x=0.200, z=0.057, stop_count=0, roi_count=0, nearest_x=inf, clear_frames=2207
[INFO] [1784294796.515116422] [unitree_safe_cmd_node]: Move x=0.200, z=0.058, stop_count=0, roi_count=0, nearest_x=inf, clear_frames=2211
[INFO] [1784294797.058963585] [unitree_safe_cmd_node]: Move x=0.200, z=0.058, stop_count=0, roi_count=0, nearest_x=inf, clear_frames=2216
[INFO] [1784294797.613086857] [unitree_safe_cmd_node]: Move x=0.200, z=0.058, stop_count=0, roi_count=0, nearest_x=inf, clear_frames=2222
[INFO] [1784294798.159881690] [unitree_safe_cmd_node]: Move x=0.200, z=0.059, stop_count=0, roi_count=0, nearest_x=inf, clear_frames=2226
[INFO] [1784294798.659191360] [unitree_safe_cmd_node]: Move x=0.200, z=0.060, stop_count=0, roi_count=0, nearest_x=inf, clear_frames=2231
[INFO] [1784294799.208939498] [unitree_safe_cmd_node]: Move x=0.200, z=0.056, stop_count=0, roi_count=0, nearest_x=inf, clear_frames=2238
[INFO] [1784294799.709170524] [unitree_safe_cmd_node]: Move x=0.200, z=0.061, stop_count=0, roi_count=0, nearest_x=inf, clear_frames=2243
[INFO] [1784294800.209689995] [unitree_safe_cmd_node]: Move x=0.200, z=0.058, stop_count=0, roi_count=0, nearest_x=inf, clear_frames=2249
[INFO] [1784294800.709879147] [unitree_safe_cmd_node]: Move x=0.200, z=0.058, stop_count=0, roi_count=0, nearest_x=inf, clear_frames=2255
[INFO] [1784294801.258910689] [unitree_safe_cmd_node]: Move x=0.200, z=0.058, stop_count=0, roi_count=0, nearest_x=inf, clear_frames=2261
[INFO] [1784294801.759218356] [unitree_safe_cmd_node]: Move x=0.200, z=0.058, stop_count=0, roi_count=0, nearest_x=inf, clear_frames=2266
[INFO] [1784294802.259597703] [unitree_safe_cmd_node]: Move x=0.200, z=0.058, stop_count=0, roi_count=0, nearest_x=inf, clear_frames=2271
[INFO] [1784294802.809282133] [unitree_safe_cmd_node]: Move x=0.200, z=0.058, stop_count=0, roi_count=0, nearest_x=inf, clear_frames=2277
[INFO] [1784294803.358943130] [unitree_safe_cmd_node]: Move x=0.200, z=0.056, stop_count=0, roi_count=0, nearest_x=inf, clear_frames=2284
[INFO] [1784294803.859242698] [unitree_safe_cmd_node]: Move x=0.200, z=0.060, stop_count=0, roi_count=0, nearest_x=inf, clear_frames=2289
[INFO] [1784294804.409055824] [unitree_safe_cmd_node]: Move x=0.200, z=0.058, stop_count=0, roi_count=0, nearest_x=inf, clear_frames=2296
[INFO] [1784294804.909219141] [unitree_safe_cmd_node]: Move x=0.200, z=0.058, stop_count=0, roi_count=0, nearest_x=inf, clear_frames=2301
[INFO] [1784294805.459872310] [unitree_safe_cmd_node]: Move x=0.200, z=0.058, stop_count=0, roi_count=0, nearest_x=inf, clear_frames=2308
[INFO] [1784294805.960740603] [unitree_safe_cmd_node]: Move x=0.200, z=0.062, stop_count=0, roi_count=0, nearest_x=inf, clear_frames=2313
[INFO] [1784294806.509001124] [unitree_safe_cmd_node]: Move x=0.200, z=0.056, stop_count=0, roi_count=0, nearest_x=inf, clear_frames=2319
[INFO] [1784294807.010079235] [unitree_safe_cmd_node]: Move x=0.200, z=0.059, stop_count=0, roi_count=0, nearest_x=inf, clear_frames=2325
[INFO] [1784294807.559176853] [unitree_safe_cmd_node]: Move x=0.200, z=0.059, stop_count=0, roi_count=0, nearest_x=inf, clear_frames=2331
[INFO] [1784294808.109084868] [unitree_safe_cmd_node]: Move x=0.200, z=0.058, stop_count=0, roi_count=0, nearest_x=inf, clear_frames=2337
[INFO] [1784294808.660060127] [unitree_safe_cmd_node]: Move x=0.200, z=0.059, stop_count=0, roi_count=0, nearest_x=inf, clear_frames=2343
[INFO] [1784294809.209320279] [unitree_safe_cmd_node]: Move x=0.200, z=0.057, stop_count=0, roi_count=0, nearest_x=inf, clear_frames=2350
[INFO] [1784294809.758973080] [unitree_safe_cmd_node]: Move x=0.200, z=0.058, stop_count=0, roi_count=0, nearest_x=inf, clear_frames=2356
[INFO] [1784294810.258978890] [unitree_safe_cmd_node]: Move x=0.200, z=0.058, stop_count=0, roi_count=0, nearest_x=inf, clear_frames=2362
[INFO] [1784294810.810918724] [unitree_safe_cmd_node]: Move x=0.200, z=0.058, stop_count=0, roi_count=0, nearest_x=inf, clear_frames=2367
[INFO] [1784294811.361380226] [unitree_safe_cmd_node]: Move x=0.200, z=0.057, stop_count=0, roi_count=0, nearest_x=inf, clear_frames=2373
[INFO] [1784294811.912265622] [unitree_safe_cmd_node]: Move x=0.200, z=0.056, stop_count=0, roi_count=0, nearest_x=inf, clear_frames=2378
[INFO] [1784294812.459173369] [unitree_safe_cmd_node]: Move x=0.200, z=0.059, stop_count=0, roi_count=0, nearest_x=inf, clear_frames=2384
[INFO] [1784294812.959423507] [unitree_safe_cmd_node]: Move x=0.200, z=0.058, stop_count=0, roi_count=0, nearest_x=inf, clear_frames=2387
[INFO] [1784294813.510482770] [unitree_safe_cmd_node]: Move x=0.200, z=0.060, stop_count=0, roi_count=0, nearest_x=inf, clear_frames=2393
[INFO] [1784294814.058919079] [unitree_safe_cmd_node]: Move x=0.200, z=0.061, stop_count=0, roi_count=0, nearest_x=inf, clear_frames=2399
[INFO] [1784294814.558945410] [unitree_safe_cmd_node]: Move x=0.200, z=0.057, stop_count=0, roi_count=0, nearest_x=inf, clear_frames=2404
[INFO] [1784294815.109518735] [unitree_safe_cmd_node]: Move x=0.200, z=0.058, stop_count=0, roi_count=0, nearest_x=inf, clear_frames=2409
[INFO] [1784294815.659026546] [unitree_safe_cmd_node]: Move x=0.200, z=0.059, stop_count=0, roi_count=0, nearest_x=inf, clear_frames=2415
[INFO] [1784294816.159618240] [unitree_safe_cmd_node]: Move x=0.200, z=0.058, stop_count=0, roi_count=0, nearest_x=inf, clear_frames=2420
[INFO] [1784294816.712682687] [unitree_safe_cmd_node]: Move x=0.200, z=0.057, stop_count=0, roi_count=0, nearest_x=inf, clear_frames=2425
[INFO] [1784294817.258997058] [unitree_safe_cmd_node]: Move x=0.200, z=0.058, stop_count=0, roi_count=0, nearest_x=inf, clear_frames=2431
[INFO] [1784294817.758937687] [unitree_safe_cmd_node]: Move x=0.200, z=0.058, stop_count=0, roi_count=0, nearest_x=inf, clear_frames=2436
[INFO] [1784294818.258927362] [unitree_safe_cmd_node]: Move x=0.200, z=0.058, stop_count=0, roi_count=0, nearest_x=inf, clear_frames=2441
[INFO] [1784294818.759568325] [unitree_safe_cmd_node]: Move x=0.200, z=0.057, stop_count=0, roi_count=0, nearest_x=inf, clear_frames=2446
[INFO] [1784294819.309827851] [unitree_safe_cmd_node]: Move x=0.200, z=0.058, stop_count=0, roi_count=0, nearest_x=inf, clear_frames=2451
[INFO] [1784294819.859143419] [unitree_safe_cmd_node]: Move x=0.200, z=0.057, stop_count=0, roi_count=0, nearest_x=inf, clear_frames=2457
[INFO] [1784294820.411062701] [unitree_safe_cmd_node]: Move x=0.200, z=0.057, stop_count=0, roi_count=0, nearest_x=inf, clear_frames=2462
[INFO] [1784294820.958978081] [unitree_safe_cmd_node]: Move x=0.200, z=0.059, stop_count=0, roi_count=0, nearest_x=inf, clear_frames=2468
[INFO] [1784294821.509110577] [unitree_safe_cmd_node]: Move x=0.200, z=0.058, stop_count=0, roi_count=0, nearest_x=inf, clear_frames=2473
[INFO] [1784294822.011186623] [unitree_safe_cmd_node]: Move x=0.200, z=0.060, stop_count=0, roi_count=0, nearest_x=inf, clear_frames=2477
[INFO] [1784294822.559413401] [unitree_safe_cmd_node]: Move x=0.200, z=0.057, stop_count=0, roi_count=0, nearest_x=inf, clear_frames=2481
[INFO] [1784294823.059152824] [unitree_safe_cmd_node]: Move x=0.200, z=0.057, stop_count=0, roi_count=0, nearest_x=inf, clear_frames=2486
[INFO] [1784294823.559486326] [unitree_safe_cmd_node]: Move x=0.200, z=0.056, stop_count=0, roi_count=0, nearest_x=inf, clear_frames=2491
[INFO] [1784294824.110872482] [unitree_safe_cmd_node]: Move x=0.200, z=0.057, stop_count=0, roi_count=0, nearest_x=inf, clear_frames=2496
[INFO] [1784294824.658954335] [unitree_safe_cmd_node]: Move x=0.200, z=0.058, stop_count=0, roi_count=0, nearest_x=inf, clear_frames=2502
[INFO] [1784294825.158922560] [unitree_safe_cmd_node]: Move x=0.200, z=0.059, stop_count=0, roi_count=0, nearest_x=inf, clear_frames=2507
[INFO] [1784294825.659374289] [unitree_safe_cmd_node]: Move x=0.200, z=0.060, stop_count=0, roi_count=0, nearest_x=inf, clear_frames=2512
[INFO] [1784294826.210412199] [unitree_safe_cmd_node]: Move x=0.200, z=0.058, stop_count=0, roi_count=0, nearest_x=inf, clear_frames=2517
[INFO] [1784294826.759358104] [unitree_safe_cmd_node]: Move x=0.200, z=0.058, stop_count=0, roi_count=0, nearest_x=inf, clear_frames=2522
[INFO] [1784294827.310936631] [unitree_safe_cmd_node]: Move x=0.200, z=0.057, stop_count=0, roi_count=0, nearest_x=inf, clear_frames=2527
[INFO] [1784294827.859041277] [unitree_safe_cmd_node]: Move x=0.200, z=0.055, stop_count=0, roi_count=0, nearest_x=inf, clear_frames=2533
[INFO] [1784294828.409116500] [unitree_safe_cmd_node]: Move x=0.200, z=0.058, stop_count=0, roi_count=0, nearest_x=inf, clear_frames=2538
[INFO] [1784294828.911190945] [unitree_safe_cmd_node]: Move x=0.200, z=0.056, stop_count=0, roi_count=0, nearest_x=inf, clear_frames=2543
[INFO] [1784294829.458968954] [unitree_safe_cmd_node]: Move x=0.200, z=0.058, stop_count=0, roi_count=0, nearest_x=inf, clear_frames=2549
[INFO] [1784294830.009577975] [unitree_safe_cmd_node]: Move x=0.200, z=0.057, stop_count=0, roi_count=0, nearest_x=inf, clear_frames=2554
[INFO] [1784294830.559216018] [unitree_safe_cmd_node]: Move x=0.200, z=0.059, stop_count=0, roi_count=0, nearest_x=inf, clear_frames=2558
[INFO] [1784294831.059577693] [unitree_safe_cmd_node]: Move x=0.200, z=0.058, stop_count=0, roi_count=0, nearest_x=inf, clear_frames=2563
[INFO] [1784294831.560249793] [unitree_safe_cmd_node]: Move x=0.200, z=0.057, stop_count=0, roi_count=0, nearest_x=inf, clear_frames=2568
[INFO] [1784294832.109799926] [unitree_safe_cmd_node]: Move x=0.200, z=0.057, stop_count=0, roi_count=0, nearest_x=inf, clear_frames=2569
[INFO] [1784294832.615095887] [unitree_safe_cmd_node]: Move x=0.200, z=0.052, stop_count=0, roi_count=0, nearest_x=inf, clear_frames=2571
[INFO] [1784294833.159298564] [unitree_safe_cmd_node]: Move x=0.200, z=0.054, stop_count=0, roi_count=0, nearest_x=inf, clear_frames=2574
[INFO] [1784294833.659441937] [unitree_safe_cmd_node]: Move x=0.200, z=0.052, stop_count=0, roi_count=0, nearest_x=inf, clear_frames=2577
[INFO] [1784294834.209328951] [unitree_safe_cmd_node]: Move x=0.200, z=0.054, stop_count=0, roi_count=0, nearest_x=inf, clear_frames=2581
[INFO] [1784294834.758973588] [unitree_safe_cmd_node]: Move x=0.200, z=0.054, stop_count=0, roi_count=0, nearest_x=inf, clear_frames=2586
[INFO] [1784294835.259183550] [unitree_safe_cmd_node]: Move x=0.200, z=0.055, stop_count=0, roi_count=0, nearest_x=inf, clear_frames=2591
[INFO] [1784294835.759280854] [unitree_safe_cmd_node]: Move x=0.200, z=0.055, stop_count=0, roi_count=0, nearest_x=inf, clear_frames=2596
[INFO] [1784294836.309058029] [unitree_safe_cmd_node]: Move x=0.200, z=0.054, stop_count=0, roi_count=0, nearest_x=inf, clear_frames=2600
[INFO] [1784294836.859114460] [unitree_safe_cmd_node]: Move x=0.200, z=0.057, stop_count=0, roi_count=0, nearest_x=inf, clear_frames=2605
[INFO] [1784294837.409178895] [unitree_safe_cmd_node]: Move x=0.200, z=0.054, stop_count=0, roi_count=0, nearest_x=inf, clear_frames=2608
[INFO] [1784294837.909880492] [unitree_safe_cmd_node]: Move x=0.200, z=0.055, stop_count=0, roi_count=0, nearest_x=inf, clear_frames=2611
[INFO] [1784294838.459947200] [unitree_safe_cmd_node]: Move x=0.200, z=0.056, stop_count=0, roi_count=0, nearest_x=inf, clear_frames=2616
[INFO] [1784294838.974824441] [unitree_safe_cmd_node]: Move x=0.200, z=0.055, stop_count=0, roi_count=0, nearest_x=inf, clear_frames=2621
[INFO] [1784294839.512407849] [unitree_safe_cmd_node]: Move x=0.200, z=0.055, stop_count=0, roi_count=0, nearest_x=inf, clear_frames=2625
[INFO] [1784294840.061506748] [unitree_safe_cmd_node]: Move x=0.200, z=0.055, stop_count=0, roi_count=0, nearest_x=inf, clear_frames=2630
[INFO] [1784294840.609072314] [unitree_safe_cmd_node]: Move x=0.200, z=0.053, stop_count=0, roi_count=0, nearest_x=inf, clear_frames=2636
[INFO] [1784294841.118932257] [unitree_safe_cmd_node]: Move x=0.200, z=0.053, stop_count=0, roi_count=0, nearest_x=inf, clear_frames=2640
[INFO] [1784294841.659038001] [unitree_safe_cmd_node]: Move x=0.200, z=0.054, stop_count=0, roi_count=0, nearest_x=inf, clear_frames=2645
[INFO] [1784294842.159300721] [unitree_safe_cmd_node]: Move x=0.200, z=0.055, stop_count=0, roi_count=0, nearest_x=inf, clear_frames=2651
[INFO] [1784294842.659669791] [unitree_safe_cmd_node]: Move x=0.200, z=0.053, stop_count=0, roi_count=0, nearest_x=inf, clear_frames=2657
[INFO] [1784294843.209052043] [unitree_safe_cmd_node]: Move x=0.200, z=0.054, stop_count=0, roi_count=0, nearest_x=inf, clear_frames=2663
[INFO] [1784294843.709817412] [unitree_safe_cmd_node]: Move x=0.200, z=0.051, stop_count=0, roi_count=0, nearest_x=inf, clear_frames=2668
[INFO] [1784294844.259099173] [unitree_safe_cmd_node]: Move x=0.200, z=0.054, stop_count=0, roi_count=0, nearest_x=inf, clear_frames=2675
[INFO] [1784294844.759934684] [unitree_safe_cmd_node]: Move x=0.200, z=0.053, stop_count=0, roi_count=0, nearest_x=inf, clear_frames=2680
[INFO] [1784294845.309031822] [unitree_safe_cmd_node]: Move x=0.200, z=0.052, stop_count=0, roi_count=0, nearest_x=inf, clear_frames=2686
[INFO] [1784294845.859178500] [unitree_safe_cmd_node]: Move x=0.200, z=0.054, stop_count=0, roi_count=0, nearest_x=inf, clear_frames=2693
[INFO] [1784294846.363842700] [unitree_safe_cmd_node]: Move x=0.200, z=0.054, stop_count=0, roi_count=0, nearest_x=inf, clear_frames=2698
[INFO] [1784294846.908982901] [unitree_safe_cmd_node]: Move x=0.200, z=0.053, stop_count=0, roi_count=0, nearest_x=inf, clear_frames=2705
[INFO] [1784294847.409171637] [unitree_safe_cmd_node]: Move x=0.200, z=0.055, stop_count=0, roi_count=0, nearest_x=inf, clear_frames=2710
[INFO] [1784294847.909093218] [unitree_safe_cmd_node]: Move x=0.200, z=0.055, stop_count=0, roi_count=0, nearest_x=inf, clear_frames=2715
[INFO] [1784294848.417136603] [unitree_safe_cmd_node]: Move x=0.200, z=0.054, stop_count=0, roi_count=0, nearest_x=inf, clear_frames=2720
[INFO] [1784294848.958940774] [unitree_safe_cmd_node]: Move x=0.200, z=0.053, stop_count=0, roi_count=0, nearest_x=inf, clear_frames=2726
[INFO] [1784294849.458958269] [unitree_safe_cmd_node]: Move x=0.200, z=0.051, stop_count=0, roi_count=0, nearest_x=inf, clear_frames=2731
[INFO] [1784294849.959021319] [unitree_safe_cmd_node]: Move x=0.200, z=0.053, stop_count=0, roi_count=0, nearest_x=inf, clear_frames=2737
[INFO] [1784294850.508961188] [unitree_safe_cmd_node]: Move x=0.200, z=0.053, stop_count=0, roi_count=0, nearest_x=inf, clear_frames=2743
[INFO] [1784294851.008958770] [unitree_safe_cmd_node]: Move x=0.200, z=0.052, stop_count=0, roi_count=0, nearest_x=inf, clear_frames=2748
[INFO] [1784294851.509139086] [unitree_safe_cmd_node]: Move x=0.200, z=0.053, stop_count=0, roi_count=0, nearest_x=inf, clear_frames=2754
[INFO] [1784294852.009806076] [unitree_safe_cmd_node]: Move x=0.200, z=0.052, stop_count=0, roi_count=0, nearest_x=inf, clear_frames=2759
[INFO] [1784294852.559275407] [unitree_safe_cmd_node]: Move x=0.200, z=0.054, stop_count=0, roi_count=0, nearest_x=inf, clear_frames=2765
[INFO] [1784294853.109015317] [unitree_safe_cmd_node]: Move x=0.200, z=0.054, stop_count=0, roi_count=0, nearest_x=inf, clear_frames=2771
[INFO] [1784294853.610977906] [unitree_safe_cmd_node]: Move x=0.200, z=0.055, stop_count=0, roi_count=0, nearest_x=inf, clear_frames=2776
[INFO] [1784294854.159273002] [unitree_safe_cmd_node]: Move x=0.200, z=0.051, stop_count=0, roi_count=0, nearest_x=inf, clear_frames=2781
[INFO] [1784294854.709266750] [unitree_safe_cmd_node]: Move x=0.200, z=0.053, stop_count=0, roi_count=0, nearest_x=inf, clear_frames=2787
[INFO] [1784294855.209895068] [unitree_safe_cmd_node]: Move x=0.200, z=0.053, stop_count=0, roi_count=0, nearest_x=inf, clear_frames=2793
[INFO] [1784294855.758952188] [unitree_safe_cmd_node]: Move x=0.200, z=0.057, stop_count=0, roi_count=0, nearest_x=inf, clear_frames=2798
[INFO] [1784294856.308939918] [unitree_safe_cmd_node]: Move x=0.200, z=0.052, stop_count=0, roi_count=0, nearest_x=inf, clear_frames=2804
[INFO] [1784294856.858931649] [unitree_safe_cmd_node]: Move x=0.200, z=0.054, stop_count=0, roi_count=0, nearest_x=inf, clear_frames=2809
[INFO] [1784294857.408922644] [unitree_safe_cmd_node]: Move x=0.200, z=0.053, stop_count=0, roi_count=0, nearest_x=inf, clear_frames=2814
[INFO] [1784294857.909808032] [unitree_safe_cmd_node]: Move x=0.200, z=0.054, stop_count=0, roi_count=0, nearest_x=inf, clear_frames=2819
[INFO] [1784294858.458929596] [unitree_safe_cmd_node]: Move x=0.200, z=0.054, stop_count=0, roi_count=0, nearest_x=inf, clear_frames=2825
[INFO] [1784294858.961335416] [unitree_safe_cmd_node]: Move x=0.200, z=0.052, stop_count=0, roi_count=0, nearest_x=inf, clear_frames=2829
[INFO] [1784294859.463716361] [unitree_safe_cmd_node]: Move x=0.200, z=0.053, stop_count=0, roi_count=0, nearest_x=inf, clear_frames=2833
[INFO] [1784294860.009070670] [unitree_safe_cmd_node]: Move x=0.200, z=0.052, stop_count=0, roi_count=0, nearest_x=inf, clear_frames=2839
[INFO] [1784294860.509446623] [unitree_safe_cmd_node]: Move x=0.200, z=0.053, stop_count=0, roi_count=0, nearest_x=inf, clear_frames=2845
[INFO] [1784294861.058930743] [unitree_safe_cmd_node]: Move x=0.200, z=0.052, stop_count=0, roi_count=0, nearest_x=inf, clear_frames=2851
[INFO] [1784294861.558998947] [unitree_safe_cmd_node]: Move x=0.200, z=0.054, stop_count=0, roi_count=0, nearest_x=inf, clear_frames=2856
[INFO] [1784294862.059125129] [unitree_safe_cmd_node]: Move x=0.200, z=0.053, stop_count=0, roi_count=0, nearest_x=inf, clear_frames=2861
[INFO] [1784294862.559389065] [unitree_safe_cmd_node]: Move x=0.200, z=0.054, stop_count=0, roi_count=0, nearest_x=inf, clear_frames=2865
[INFO] [1784294863.109819610] [unitree_safe_cmd_node]: Move x=0.200, z=0.054, stop_count=0, roi_count=0, nearest_x=inf, clear_frames=2869
[INFO] [1784294863.658923150] [unitree_safe_cmd_node]: Move x=0.200, z=0.056, stop_count=0, roi_count=0, nearest_x=inf, clear_frames=2875
[INFO] [1784294864.158935890] [unitree_safe_cmd_node]: Move x=0.200, z=0.053, stop_count=0, roi_count=0, nearest_x=inf, clear_frames=2880
[INFO] [1784294864.658994838] [unitree_safe_cmd_node]: Move x=0.200, z=0.054, stop_count=0, roi_count=0, nearest_x=inf, clear_frames=2885
[INFO] [1784294865.159352304] [unitree_safe_cmd_node]: Move x=0.200, z=0.053, stop_count=0, roi_count=0, nearest_x=inf, clear_frames=2888
[INFO] [1784294865.710013456] [unitree_safe_cmd_node]: Move x=0.200, z=0.054, stop_count=0, roi_count=0, nearest_x=inf, clear_frames=2893
[INFO] [1784294866.259006156] [unitree_safe_cmd_node]: Move x=0.200, z=0.054, stop_count=0, roi_count=0, nearest_x=inf, clear_frames=2899
[INFO] [1784294866.810550560] [unitree_safe_cmd_node]: Move x=0.200, z=0.054, stop_count=0, roi_count=0, nearest_x=inf, clear_frames=2904
[INFO] [1784294867.359059567] [unitree_safe_cmd_node]: Move x=0.200, z=0.054, stop_count=0, roi_count=0, nearest_x=inf, clear_frames=2910
[INFO] [1784294867.859753220] [unitree_safe_cmd_node]: Move x=0.200, z=0.056, stop_count=0, roi_count=0, nearest_x=inf, clear_frames=2914
[INFO] [1784294868.409704912] [unitree_safe_cmd_node]: Move x=0.200, z=0.052, stop_count=0, roi_count=0, nearest_x=inf, clear_frames=2917
[INFO] [1784294868.912280813] [unitree_safe_cmd_node]: Move x=0.200, z=0.051, stop_count=0, roi_count=0, nearest_x=inf, clear_frames=2921
[INFO] [1784294869.459216717] [unitree_safe_cmd_node]: Move x=0.200, z=0.054, stop_count=0, roi_count=0, nearest_x=inf, clear_frames=2925
[INFO] [1784294869.961925023] [unitree_safe_cmd_node]: Move x=0.200, z=0.056, stop_count=0, roi_count=0, nearest_x=inf, clear_frames=2928
[INFO] [1784294870.509284691] [unitree_safe_cmd_node]: Move x=0.200, z=0.053, stop_count=0, roi_count=0, nearest_x=inf, clear_frames=2931
[INFO] [1784294871.009139236] [unitree_safe_cmd_node]: Move x=0.200, z=0.055, stop_count=0, roi_count=0, nearest_x=inf, clear_frames=2934
[INFO] [1784294871.559339630] [unitree_safe_cmd_node]: Move x=0.200, z=0.053, stop_count=0, roi_count=0, nearest_x=inf, clear_frames=2938
[INFO] [1784294872.109902077] [unitree_safe_cmd_node]: Move x=0.200, z=0.054, stop_count=0, roi_count=0, nearest_x=inf, clear_frames=2943
[INFO] [1784294872.618014957] [unitree_safe_cmd_node]: Move x=0.200, z=0.054, stop_count=0, roi_count=0, nearest_x=inf, clear_frames=2947
[INFO] [1784294873.118773710] [unitree_safe_cmd_node]: Move x=0.200, z=0.052, stop_count=0, roi_count=0, nearest_x=inf, clear_frames=2952
[INFO] [1784294873.631026235] [unitree_safe_cmd_node]: Move x=0.200, z=0.052, stop_count=0, roi_count=0, nearest_x=inf, clear_frames=2957
[INFO] [1784294874.159414737] [unitree_safe_cmd_node]: Move x=0.200, z=0.054, stop_count=0, roi_count=0, nearest_x=inf, clear_frames=2961
[INFO] [1784294874.664590096] [unitree_safe_cmd_node]: Move x=0.200, z=0.055, stop_count=0, roi_count=0, nearest_x=inf, clear_frames=2966
[INFO] [1784294875.209683810] [unitree_safe_cmd_node]: Move x=0.200, z=0.053, stop_count=0, roi_count=0, nearest_x=inf, clear_frames=2970
[INFO] [1784294875.759028703] [unitree_safe_cmd_node]: Move x=0.200, z=0.056, stop_count=0, roi_count=0, nearest_x=inf, clear_frames=2976
[INFO] [1784294876.259078808] [unitree_safe_cmd_node]: Move x=0.200, z=0.055, stop_count=0, roi_count=0, nearest_x=inf, clear_frames=2981
[INFO] [1784294876.766226015] [unitree_safe_cmd_node]: Move x=0.200, z=0.056, stop_count=0, roi_count=0, nearest_x=inf, clear_frames=2986
[INFO] [1784294877.309471758] [unitree_safe_cmd_node]: Move x=0.200, z=0.052, stop_count=0, roi_count=0, nearest_x=inf, clear_frames=2992
[INFO] [1784294877.809550256] [unitree_safe_cmd_node]: Move x=0.200, z=0.054, stop_count=0, roi_count=0, nearest_x=inf, clear_frames=2998
[INFO] [1784294878.359086819] [unitree_safe_cmd_node]: Move x=0.200, z=0.056, stop_count=0, roi_count=0, nearest_x=inf, clear_frames=3004
[INFO] [1784294878.859380224] [unitree_safe_cmd_node]: Move x=0.200, z=0.055, stop_count=0, roi_count=0, nearest_x=inf, clear_frames=3010
[INFO] [1784294879.410809474] [unitree_safe_cmd_node]: Move x=0.200, z=0.053, stop_count=0, roi_count=0, nearest_x=inf, clear_frames=3016
[INFO] [1784294879.959098655] [unitree_safe_cmd_node]: Move x=0.200, z=0.053, stop_count=0, roi_count=0, nearest_x=inf, clear_frames=3023
[INFO] [1784294880.459354775] [unitree_safe_cmd_node]: Move x=0.200, z=0.052, stop_count=0, roi_count=0, nearest_x=inf, clear_frames=3028
[INFO] [1784294880.964111554] [unitree_safe_cmd_node]: Move x=0.200, z=0.055, stop_count=0, roi_count=0, nearest_x=inf, clear_frames=3033
[INFO] [1784294881.509444416] [unitree_safe_cmd_node]: Move x=0.200, z=0.054, stop_count=0, roi_count=0, nearest_x=inf, clear_frames=3039
[INFO] [1784294882.059010987] [unitree_safe_cmd_node]: Move x=0.200, z=0.052, stop_count=0, roi_count=0, nearest_x=inf, clear_frames=3046
[INFO] [1784294882.559310040] [unitree_safe_cmd_node]: Move x=0.200, z=0.053, stop_count=0, roi_count=0, nearest_x=inf, clear_frames=3050
[INFO] [1784294883.108942519] [unitree_safe_cmd_node]: Move x=0.200, z=0.052, stop_count=0, roi_count=0, nearest_x=inf, clear_frames=3057
[INFO] [1784294883.609053204] [unitree_safe_cmd_node]: Move x=0.200, z=0.054, stop_count=0, roi_count=0, nearest_x=inf, clear_frames=3062
[INFO] [1784294884.159075843] [unitree_safe_cmd_node]: Move x=0.200, z=0.055, stop_count=0, roi_count=0, nearest_x=inf, clear_frames=3069
[INFO] [1784294884.659570591] [unitree_safe_cmd_node]: Move x=0.200, z=0.052, stop_count=0, roi_count=0, nearest_x=inf, clear_frames=3074
[INFO] [1784294885.208946179] [unitree_safe_cmd_node]: Move x=0.200, z=0.054, stop_count=0, roi_count=0, nearest_x=inf, clear_frames=3080
[INFO] [1784294885.709802509] [unitree_safe_cmd_node]: Move x=0.200, z=0.053, stop_count=0, roi_count=0, nearest_x=inf, clear_frames=3085
[INFO] [1784294886.259359161] [unitree_safe_cmd_node]: Move x=0.200, z=0.055, stop_count=0, roi_count=0, nearest_x=inf, clear_frames=3092
[INFO] [1784294886.759609860] [unitree_safe_cmd_node]: Move x=0.200, z=0.056, stop_count=0, roi_count=0, nearest_x=inf, clear_frames=3097
[INFO] [1784294887.308947249] [unitree_safe_cmd_node]: Move x=0.200, z=0.056, stop_count=0, roi_count=0, nearest_x=inf, clear_frames=3104
[INFO] [1784294887.809631903] [unitree_safe_cmd_node]: Move x=0.200, z=0.055, stop_count=0, roi_count=0, nearest_x=inf, clear_frames=3109
[INFO] [1784294888.312249739] [unitree_safe_cmd_node]: Move x=0.200, z=0.054, stop_count=0, roi_count=0, nearest_x=inf, clear_frames=3114
[INFO] [1784294888.858925721] [unitree_safe_cmd_node]: Move x=0.200, z=0.055, stop_count=0, roi_count=0, nearest_x=inf, clear_frames=3120
[INFO] [1784294889.359024624] [unitree_safe_cmd_node]: Move x=0.200, z=0.052, stop_count=0, roi_count=0, nearest_x=inf, clear_frames=3125
[INFO] [1784294889.859383761] [unitree_safe_cmd_node]: Move x=0.200, z=0.053, stop_count=0, roi_count=0, nearest_x=inf, clear_frames=3129
[INFO] [1784294890.413951245] [unitree_safe_cmd_node]: Move x=0.200, z=0.054, stop_count=0, roi_count=0, nearest_x=inf, clear_frames=3133
[INFO] [1784294890.958963229] [unitree_safe_cmd_node]: Move x=0.200, z=0.054, stop_count=0, roi_count=0, nearest_x=inf, clear_frames=3139
[INFO] [1784294891.458949798] [unitree_safe_cmd_node]: Move x=0.200, z=0.056, stop_count=0, roi_count=0, nearest_x=inf, clear_frames=3144
[INFO] [1784294891.967687362] [unitree_safe_cmd_node]: Move x=0.200, z=0.054, stop_count=0, roi_count=0, nearest_x=inf, clear_frames=3149
[INFO] [1784294892.509275351] [unitree_safe_cmd_node]: Move x=0.200, z=0.053, stop_count=0, roi_count=0, nearest_x=inf, clear_frames=3154
[INFO] [1784294893.059363165] [unitree_safe_cmd_node]: Move x=0.200, z=0.055, stop_count=0, roi_count=0, nearest_x=inf, clear_frames=3160
[INFO] [1784294893.610871777] [unitree_safe_cmd_node]: Move x=0.200, z=0.053, stop_count=0, roi_count=0, nearest_x=inf, clear_frames=3165
[INFO] [1784294894.112437334] [unitree_safe_cmd_node]: Move x=0.200, z=0.054, stop_count=0, roi_count=0, nearest_x=inf, clear_frames=3170
[INFO] [1784294894.658971828] [unitree_safe_cmd_node]: Move x=0.200, z=0.052, stop_count=0, roi_count=0, nearest_x=inf, clear_frames=3176
[INFO] [1784294895.209568480] [unitree_safe_cmd_node]: Move x=0.200, z=0.053, stop_count=0, roi_count=0, nearest_x=inf, clear_frames=3181
[INFO] [1784294895.758934164] [unitree_safe_cmd_node]: Move x=0.200, z=0.050, stop_count=0, roi_count=0, nearest_x=inf, clear_frames=3186
[INFO] [1784294896.259046017] [unitree_safe_cmd_node]: Move x=0.200, z=0.052, stop_count=0, roi_count=0, nearest_x=inf, clear_frames=3191
[INFO] [1784294896.759110695] [unitree_safe_cmd_node]: Move x=0.200, z=0.053, stop_count=0, roi_count=0, nearest_x=inf, clear_frames=3195
[INFO] [1784294897.310969011] [unitree_safe_cmd_node]: Move x=0.200, z=0.053, stop_count=0, roi_count=0, nearest_x=inf, clear_frames=3200
[INFO] [1784294897.858935358] [unitree_safe_cmd_node]: Move x=0.200, z=0.052, stop_count=0, roi_count=0, nearest_x=inf, clear_frames=3206
[INFO] [1784294898.358913291] [unitree_safe_cmd_node]: Move x=0.200, z=0.053, stop_count=0, roi_count=0, nearest_x=inf, clear_frames=3211
[INFO] [1784294898.859931957] [unitree_safe_cmd_node]: Move x=0.200, z=0.049, stop_count=0, roi_count=0, nearest_x=inf, clear_frames=3216
[INFO] [1784294899.411489917] [unitree_safe_cmd_node]: Move x=0.200, z=0.053, stop_count=0, roi_count=0, nearest_x=inf, clear_frames=3221
[INFO] [1784294899.959305299] [unitree_safe_cmd_node]: Move x=0.200, z=0.052, stop_count=0, roi_count=0, nearest_x=inf, clear_frames=3226
[INFO] [1784294900.511505430] [unitree_safe_cmd_node]: Move x=0.200, z=0.053, stop_count=0, roi_count=0, nearest_x=inf, clear_frames=3231
[INFO] [1784294901.059383135] [unitree_safe_cmd_node]: Move x=0.200, z=0.052, stop_count=0, roi_count=0, nearest_x=inf, clear_frames=3237
[INFO] [1784294901.560536948] [unitree_safe_cmd_node]: Move x=0.200, z=0.053, stop_count=0, roi_count=0, nearest_x=inf, clear_frames=3242
[INFO] [1784294902.109138464] [unitree_safe_cmd_node]: Move x=0.200, z=0.053, stop_count=0, roi_count=0, nearest_x=inf, clear_frames=3245
[INFO] [1784294902.659133660] [unitree_safe_cmd_node]: Move x=0.200, z=0.054, stop_count=0, roi_count=0, nearest_x=inf, clear_frames=3249
[INFO] [1784294903.161202148] [unitree_safe_cmd_node]: Move x=0.200, z=0.053, stop_count=0, roi_count=0, nearest_x=inf, clear_frames=3252
[INFO] [1784294903.709151357] [unitree_safe_cmd_node]: Move x=0.200, z=0.052, stop_count=0, roi_count=0, nearest_x=inf, clear_frames=3256
[INFO] [1784294904.259372796] [unitree_safe_cmd_node]: Move x=0.200, z=0.052, stop_count=0, roi_count=0, nearest_x=inf, clear_frames=3261
[INFO] [1784294904.812925349] [unitree_safe_cmd_node]: Move x=0.200, z=0.052, stop_count=0, roi_count=0, nearest_x=inf, clear_frames=3267
[INFO] [1784294905.359047675] [unitree_safe_cmd_node]: Move x=0.200, z=0.053, stop_count=0, roi_count=0, nearest_x=inf, clear_frames=3270
[INFO] [1784294905.910429403] [unitree_safe_cmd_node]: Move x=0.200, z=0.052, stop_count=0, roi_count=0, nearest_x=inf, clear_frames=3275
[INFO] [1784294906.413573821] [unitree_safe_cmd_node]: Move x=0.200, z=0.053, stop_count=0, roi_count=0, nearest_x=inf, clear_frames=3278
[INFO] [1784294906.961672534] [unitree_safe_cmd_node]: Move x=0.200, z=0.055, stop_count=0, roi_count=0, nearest_x=inf, clear_frames=3282
[INFO] [1784294907.510032873] [unitree_safe_cmd_node]: Move x=0.200, z=0.052, stop_count=0, roi_count=0, nearest_x=inf, clear_frames=3284
[INFO] [1784294908.059092725] [unitree_safe_cmd_node]: Move x=0.200, z=0.052, stop_count=0, roi_count=0, nearest_x=inf, clear_frames=3288
[INFO] [1784294908.608953902] [unitree_safe_cmd_node]: Move x=0.200, z=0.050, stop_count=0, roi_count=0, nearest_x=inf, clear_frames=3293
[INFO] [1784294909.124844492] [unitree_safe_cmd_node]: Move x=0.200, z=0.052, stop_count=0, roi_count=0, nearest_x=inf, clear_frames=3298
[INFO] [1784294909.662367822] [unitree_safe_cmd_node]: Move x=0.200, z=0.050, stop_count=0, roi_count=0, nearest_x=inf, clear_frames=3303
[INFO] [1784294910.209361001] [unitree_safe_cmd_node]: Move x=0.200, z=0.053, stop_count=0, roi_count=0, nearest_x=inf, clear_frames=3307
[INFO] [1784294910.758943334] [unitree_safe_cmd_node]: Move x=0.200, z=0.053, stop_count=0, roi_count=0, nearest_x=inf, clear_frames=3313
[INFO] [1784294911.260187389] [unitree_safe_cmd_node]: Move x=0.200, z=0.050, stop_count=0, roi_count=0, nearest_x=inf, clear_frames=3318
[INFO] [1784294911.808941146] [unitree_safe_cmd_node]: Move x=0.200, z=0.054, stop_count=0, roi_count=0, nearest_x=inf, clear_frames=3325
[INFO] [1784294912.313432928] [unitree_safe_cmd_node]: Move x=0.200, z=0.051, stop_count=0, roi_count=0, nearest_x=inf, clear_frames=3331
[INFO] [1784294912.861873995] [unitree_safe_cmd_node]: Move x=0.200, z=0.053, stop_count=0, roi_count=0, nearest_x=inf, clear_frames=3337
[INFO] [1784294913.409153189] [unitree_safe_cmd_node]: Move x=0.200, z=0.053, stop_count=0, roi_count=0, nearest_x=inf, clear_frames=3343
[INFO] [1784294913.909462859] [unitree_safe_cmd_node]: Move x=0.200, z=0.052, stop_count=0, roi_count=0, nearest_x=inf, clear_frames=3347
[INFO] [1784294914.459077482] [unitree_safe_cmd_node]: Move x=0.200, z=0.050, stop_count=0, roi_count=0, nearest_x=inf, clear_frames=3354
[INFO] [1784294914.959190859] [unitree_safe_cmd_node]: Move x=0.200, z=0.051, stop_count=0, roi_count=0, nearest_x=inf, clear_frames=3359
[INFO] [1784294915.509103511] [unitree_safe_cmd_node]: Move x=0.200, z=0.054, stop_count=0, roi_count=0, nearest_x=inf, clear_frames=3366
[INFO] [1784294916.009148288] [unitree_safe_cmd_node]: Move x=0.200, z=0.052, stop_count=0, roi_count=0, nearest_x=inf, clear_frames=3371
[INFO] [1784294916.559090182] [unitree_safe_cmd_node]: Move x=0.200, z=0.054, stop_count=0, roi_count=0, nearest_x=inf, clear_frames=3378
[INFO] [1784294917.059301531] [unitree_safe_cmd_node]: Move x=0.200, z=0.052, stop_count=0, roi_count=0, nearest_x=inf, clear_frames=3382
[INFO] [1784294917.609222426] [unitree_safe_cmd_node]: Move x=0.200, z=0.052, stop_count=0, roi_count=0, nearest_x=inf, clear_frames=3386
[INFO] [1784294918.158937725] [unitree_safe_cmd_node]: Move x=0.200, z=0.053, stop_count=0, roi_count=0, nearest_x=inf, clear_frames=3392
[INFO] [1784294918.709006095] [unitree_safe_cmd_node]: Move x=0.200, z=0.052, stop_count=0, roi_count=0, nearest_x=inf, clear_frames=3398
[INFO] [1784294919.259114062] [unitree_safe_cmd_node]: Move x=0.200, z=0.051, stop_count=0, roi_count=0, nearest_x=inf, clear_frames=3404
[INFO] [1784294919.758925415] [unitree_safe_cmd_node]: Move x=0.200, z=0.053, stop_count=0, roi_count=0, nearest_x=inf, clear_frames=3409
[INFO] [1784294920.308923048] [unitree_safe_cmd_node]: Move x=0.200, z=0.054, stop_count=0, roi_count=0, nearest_x=inf, clear_frames=3415
[INFO] [1784294920.810356083] [unitree_safe_cmd_node]: Move x=0.200, z=0.054, stop_count=0, roi_count=0, nearest_x=inf, clear_frames=3421
[INFO] [1784294921.359309574] [unitree_safe_cmd_node]: Move x=0.200, z=0.054, stop_count=0, roi_count=0, nearest_x=inf, clear_frames=3425
[INFO] [1784294921.909187547] [unitree_safe_cmd_node]: Move x=0.200, z=0.056, stop_count=0, roi_count=0, nearest_x=inf, clear_frames=3431
[INFO] [1784294922.459114281] [unitree_safe_cmd_node]: Move x=0.200, z=0.051, stop_count=0, roi_count=0, nearest_x=inf, clear_frames=3436
[INFO] [1784294922.967185286] [unitree_safe_cmd_node]: Move x=0.200, z=0.051, stop_count=0, roi_count=0, nearest_x=inf, clear_frames=3442
[INFO] [1784294923.509009718] [unitree_safe_cmd_node]: Move x=0.200, z=0.051, stop_count=0, roi_count=0, nearest_x=inf, clear_frames=3448
[INFO] [1784294924.009070304] [unitree_safe_cmd_node]: Move x=0.200, z=0.053, stop_count=0, roi_count=0, nearest_x=inf, clear_frames=3452
[INFO] [1784294924.559056898] [unitree_safe_cmd_node]: Move x=0.200, z=0.051, stop_count=0, roi_count=0, nearest_x=inf, clear_frames=3458
[INFO] [1784294925.112551220] [unitree_safe_cmd_node]: Move x=0.200, z=0.055, stop_count=0, roi_count=0, nearest_x=inf, clear_frames=3463
[INFO] [1784294925.659283589] [unitree_safe_cmd_node]: Move x=0.200, z=0.052, stop_count=0, roi_count=0, nearest_x=inf, clear_frames=3469
[INFO] [1784294926.210891463] [unitree_safe_cmd_node]: Move x=0.200, z=0.051, stop_count=0, roi_count=0, nearest_x=inf, clear_frames=3474
[INFO] [1784294926.758981947] [unitree_safe_cmd_node]: Move x=0.200, z=0.052, stop_count=0, roi_count=0, nearest_x=inf, clear_frames=3480
[INFO] [1784294927.310923727] [unitree_safe_cmd_node]: Move x=0.200, z=0.049, stop_count=0, roi_count=0, nearest_x=inf, clear_frames=3485
[INFO] [1784294927.862121754] [unitree_safe_cmd_node]: Move x=0.200, z=0.053, stop_count=0, roi_count=0, nearest_x=inf, clear_frames=3491
[INFO] [1784294928.410028583] [unitree_safe_cmd_node]: Move x=0.200, z=0.049, stop_count=0, roi_count=0, nearest_x=inf, clear_frames=3496
[INFO] [1784294928.959281507] [unitree_safe_cmd_node]: Move x=0.200, z=0.052, stop_count=0, roi_count=0, nearest_x=inf, clear_frames=3501
[INFO] [1784294929.509301894] [unitree_safe_cmd_node]: Move x=0.200, z=0.053, stop_count=0, roi_count=0, nearest_x=inf, clear_frames=3507
[INFO] [1784294930.009482162] [unitree_safe_cmd_node]: Move x=0.200, z=0.050, stop_count=0, roi_count=0, nearest_x=inf, clear_frames=3512
[INFO] [1784294930.510900271] [unitree_safe_cmd_node]: Move x=0.200, z=0.052, stop_count=0, roi_count=0, nearest_x=inf, clear_frames=3517
[INFO] [1784294931.011344843] [unitree_safe_cmd_node]: Move x=0.200, z=0.054, stop_count=0, roi_count=0, nearest_x=inf, clear_frames=3522
[INFO] [1784294931.559367971] [unitree_safe_cmd_node]: Move x=0.200, z=0.053, stop_count=0, roi_count=0, nearest_x=inf, clear_frames=3528
[INFO] [1784294932.110100878] [unitree_safe_cmd_node]: Move x=0.200, z=0.051, stop_count=0, roi_count=0, nearest_x=inf, clear_frames=3533
[INFO] [1784294932.659487037] [unitree_safe_cmd_node]: Move x=0.200, z=0.053, stop_count=0, roi_count=0, nearest_x=inf, clear_frames=3538
[INFO] [1784294933.209647570] [unitree_safe_cmd_node]: Move x=0.200, z=0.054, stop_count=0, roi_count=0, nearest_x=inf, clear_frames=3543
[INFO] [1784294933.715529362] [unitree_safe_cmd_node]: Move x=0.200, z=0.054, stop_count=0, roi_count=0, nearest_x=inf, clear_frames=3548
[INFO] [1784294934.260828788] [unitree_safe_cmd_node]: Move x=0.200, z=0.053, stop_count=0, roi_count=0, nearest_x=inf, clear_frames=3554
[INFO] [1784294934.811922444] [unitree_safe_cmd_node]: Move x=0.200, z=0.052, stop_count=0, roi_count=0, nearest_x=inf, clear_frames=3559
[INFO] [1784294935.359175843] [unitree_safe_cmd_node]: Move x=0.200, z=0.051, stop_count=0, roi_count=0, nearest_x=inf, clear_frames=3561
[INFO] [1784294935.909639416] [unitree_safe_cmd_node]: Move x=0.200, z=0.051, stop_count=0, roi_count=0, nearest_x=inf, clear_frames=3565
[INFO] [1784294936.459319248] [unitree_safe_cmd_node]: Move x=0.200, z=0.052, stop_count=0, roi_count=0, nearest_x=inf, clear_frames=3570
[INFO] [1784294936.968899240] [unitree_safe_cmd_node]: Move x=0.200, z=0.053, stop_count=0, roi_count=0, nearest_x=inf, clear_frames=3575
[INFO] [1784294937.509161385] [unitree_safe_cmd_node]: Move x=0.200, z=0.053, stop_count=0, roi_count=0, nearest_x=inf, clear_frames=3579
[INFO] [1784294938.011732987] [unitree_safe_cmd_node]: Move x=0.200, z=0.053, stop_count=0, roi_count=0, nearest_x=inf, clear_frames=3583
[INFO] [1784294938.510700426] [unitree_safe_cmd_node]: Move x=0.200, z=0.052, stop_count=0, roi_count=0, nearest_x=inf, clear_frames=3586
[INFO] [1784294939.021237299] [unitree_safe_cmd_node]: Move x=0.200, z=0.050, stop_count=0, roi_count=0, nearest_x=inf, clear_frames=3590
[INFO] [1784294939.512818535] [unitree_safe_cmd_node]: Move x=0.200, z=0.052, stop_count=0, roi_count=0, nearest_x=inf, clear_frames=3594
[INFO] [1784294940.059352503] [unitree_safe_cmd_node]: Move x=0.200, z=0.051, stop_count=0, roi_count=0, nearest_x=inf, clear_frames=3597
[INFO] [1784294940.609730748] [unitree_safe_cmd_node]: Move x=0.200, z=0.052, stop_count=0, roi_count=0, nearest_x=inf, 