[INFO] [1784911801.068379310] [route_recorder]: route_recorder started
[INFO] [1784911801.070504934] [route_recorder]: odom_topic: /Odometry
[INFO] [1784911801.072240211] [route_recorder]: route_file: /home/unitree/go2_fastlio_ws/src/go2_fastlio_patrol/routes/xbf6.csv
[INFO] [1784911801.073770551] [route_recorder]: min_distance: 0.4
[INFO] [1784911801.158928868] [route_recorder]: saved point 0: x=-0.009, y=-0.021, yaw=-0.001
[INFO] [1784911814.833977764] [route_recorder]: saved point 1: x=0.439, y=0.014, yaw=0.006
[INFO] [1784911815.690440997] [route_recorder]: saved point 2: x=0.844, y=0.025, yaw=0.033
[INFO] [1784911816.452055870] [route_recorder]: saved point 3: x=1.293, y=0.041, yaw=0.027
[INFO] [1784911817.532023771] [route_recorder]: saved point 4: x=1.713, y=0.073, yaw=0.024
[INFO] [1784911818.279853412] [route_recorder]: saved point 5: x=2.137, y=0.096, yaw=0.040
[INFO] [1784911818.814251365] [route_recorder]: saved point 6: x=2.558, y=0.116, yaw=0.044
[INFO] [1784911819.458372795] [route_recorder]: saved point 7: x=2.988, y=0.155, yaw=0.045
[INFO] [1784911819.994302325] [route_recorder]: saved point 8: x=3.416, y=0.185, yaw=0.058
[INFO] [1784911820.649873592] [route_recorder]: saved point 9: x=3.822, y=0.234, yaw=0.047
[INFO] [1784911821.498753622] [route_recorder]: saved point 10: x=4.459, y=0.306, yaw=0.081
[INFO] [1784911822.155229727] [route_recorder]: saved point 11: x=4.882, y=0.332, yaw=0.077
[INFO] [1784911822.697940751] [route_recorder]: saved point 12: x=5.348, y=0.412, yaw=0.065
[INFO] [1784911823.229898909] [route_recorder]: saved point 13: x=5.763, y=0.454, yaw=0.058
[INFO] [1784911823.872185862] [route_recorder]: saved point 14: x=6.316, y=0.524, yaw=0.069
[INFO] [1784911824.406803690] [route_recorder]: saved point 15: x=6.716, y=0.575, yaw=0.072
[INFO] [1784911825.183807885] [route_recorder]: saved point 16: x=7.353, y=0.661, yaw=0.076
[INFO] [1784911825.808271692] [route_recorder]: saved point 17: x=7.805, y=0.723, yaw=0.075
[INFO] [1784911826.356834695] [route_recorder]: saved point 18: x=8.211, y=0.830, yaw=0.080
[INFO] [1784911826.879564469] [route_recorder]: saved point 19: x=8.666, y=0.860, yaw=0.094
[INFO] [1784911827.436456449] [route_recorder]: saved point 20: x=9.064, y=0.923, yaw=0.093
[INFO] [1784911827.869805752] [route_recorder]: saved point 21: x=9.460, y=0.986, yaw=0.097
[INFO] [1784911828.515909590] [route_recorder]: saved point 22: x=9.937, y=1.066, yaw=0.114
[INFO] [1784911829.041358298] [route_recorder]: saved point 23: x=10.405, y=1.141, yaw=0.117
[INFO] [1784911829.683379042] [route_recorder]: saved point 24: x=10.888, y=1.220, yaw=0.115
[INFO] [1784911830.233034189] [route_recorder]: saved point 25: x=11.284, y=1.314, yaw=0.120
[INFO] [1784911830.649839740] [route_recorder]: saved point 26: x=11.684, y=1.379, yaw=0.115
[INFO] [1784911831.196495091] [route_recorder]: saved point 27: x=12.087, y=1.470, yaw=0.133
[INFO] [1784911831.724782451] [route_recorder]: saved point 28: x=12.552, y=1.563, yaw=0.120
[INFO] [1784911832.259745109] [route_recorder]: saved point 29: x=12.954, y=1.654, yaw=0.126
[INFO] [1784911832.917336812] [route_recorder]: saved point 30: x=13.504, y=1.690, yaw=0.042
[INFO] [1784911833.564214288] [route_recorder]: saved point 31: x=13.947, y=1.722, yaw=0.039
[INFO] [1784911834.222184509] [route_recorder]: saved point 32: x=14.522, y=1.743, yaw=0.023
[INFO] [1784911834.852035949] [route_recorder]: saved point 33: x=14.973, y=1.790, yaw=0.027
[INFO] [1784911835.395718741] [route_recorder]: saved point 34: x=15.479, y=1.809, yaw=0.042
[INFO] [1784911835.947725275] [route_recorder]: saved point 35: x=15.890, y=1.835, yaw=0.049
[INFO] [1784911836.588275019] [route_recorder]: saved point 36: x=16.363, y=1.880, yaw=0.058
[INFO] [1784911837.005514862] [route_recorder]: saved point 37: x=16.782, y=1.923, yaw=0.057
[INFO] [1784911837.554533544] [route_recorder]: saved point 38: x=17.201, y=1.957, yaw=0.065
[INFO] [1784911838.092385224] [route_recorder]: saved point 39: x=17.678, y=2.003, yaw=0.054
[INFO] [1784911838.634478182] [route_recorder]: saved point 40: x=18.095, y=2.044, yaw=0.051
[INFO] [1784911839.290757950] [route_recorder]: saved point 41: x=18.638, y=2.119, yaw=0.060
[INFO] [1784911839.827038305] [route_recorder]: saved point 42: x=19.042, y=2.152, yaw=0.061
[INFO] [1784911840.456952504] [route_recorder]: saved point 43: x=19.515, y=2.213, yaw=0.090
[INFO] [1784911841.009582103] [route_recorder]: saved point 44: x=20.007, y=2.239, yaw=0.091
[INFO] [1784911841.525806466] [route_recorder]: saved point 45: x=20.423, y=2.346, yaw=0.083
[INFO] [1784911841.960915460] [route_recorder]: saved point 46: x=20.823, y=2.416, yaw=0.093
[INFO] [1784911842.495557030] [route_recorder]: saved point 47: x=21.233, y=2.476, yaw=0.093
[INFO] [1784911843.151065743] [route_recorder]: saved point 48: x=21.713, y=2.525, yaw=0.083
[INFO] [1784911843.686673808] [route_recorder]: saved point 49: x=22.187, y=2.596, yaw=0.088
[INFO] [1784911844.240181001] [route_recorder]: saved point 50: x=22.616, y=2.672, yaw=0.087
[INFO] [1784911844.773924454] [route_recorder]: saved point 51: x=23.079, y=2.750, yaw=0.097
[INFO] [1784911845.303243333] [route_recorder]: saved point 52: x=23.493, y=2.825, yaw=0.104
[INFO] [1784911845.744138136] [route_recorder]: saved point 53: x=23.912, y=2.909, yaw=0.107
[INFO] [1784911846.262501199] [route_recorder]: saved point 54: x=24.327, y=2.953, yaw=0.132
[INFO] [1784911846.916977218] [route_recorder]: saved point 55: x=24.754, y=2.999, yaw=0.093
[INFO] [1784911847.455389374] [route_recorder]: saved point 56: x=25.231, y=3.053, yaw=0.076
[INFO] [1784911848.105568469] [route_recorder]: saved point 57: x=25.679, y=3.035, yaw=-0.045
[INFO] [1784911848.633079389] [route_recorder]: saved point 58: x=26.145, y=3.007, yaw=-0.092
[INFO] [1784911849.293676361] [route_recorder]: saved point 59: x=26.621, y=2.933, yaw=-0.072
[INFO] [1784911849.737668899] [route_recorder]: saved point 60: x=27.026, y=2.883, yaw=-0.080
[INFO] [1784911850.365380350] [route_recorder]: saved point 61: x=27.505, y=2.871, yaw=-0.060
[INFO] [1784911850.901188366] [route_recorder]: saved point 62: x=28.020, y=2.805, yaw=-0.065
[INFO] [1784911851.436713159] [route_recorder]: saved point 63: x=28.433, y=2.777, yaw=-0.065
[INFO] [1784911851.989213825] [route_recorder]: saved point 64: x=28.854, y=2.763, yaw=-0.059
[INFO] [1784911852.416304428] [route_recorder]: saved point 65: x=29.254, y=2.715, yaw=-0.060
[INFO] [1784911853.046880544] [route_recorder]: saved point 66: x=29.726, y=2.681, yaw=-0.061
[INFO] [1784911853.582004731] [route_recorder]: saved point 67: x=30.217, y=2.639, yaw=-0.047
[INFO] [1784911854.120091776] [route_recorder]: saved point 68: x=30.656, y=2.640, yaw=-0.056
[INFO] [1784911854.775554747] [route_recorder]: saved point 69: x=31.132, y=2.613, yaw=-0.026
[INFO] [1784911855.216546770] [route_recorder]: saved point 70: x=31.538, y=2.589, yaw=-0.028
[INFO] [1784911855.754289360] [route_recorder]: saved point 71: x=31.953, y=2.586, yaw=-0.028
[INFO] [1784911856.289932225] [route_recorder]: saved point 72: x=32.448, y=2.551, yaw=-0.033
[INFO] [1784911856.827346512] [route_recorder]: saved point 73: x=32.870, y=2.565, yaw=-0.026
[INFO] [1784911857.455715945] [route_recorder]: saved point 74: x=33.415, y=2.542, yaw=-0.033
[INFO] [1784911858.111640341] [route_recorder]: saved point 75: x=33.896, y=2.522, yaw=-0.011
[INFO] [1784911858.635457231] [route_recorder]: saved point 76: x=34.310, y=2.519, yaw=-0.013
[INFO] [1784911859.064656465] [route_recorder]: saved point 77: x=34.717, y=2.510, yaw=-0.004
[INFO] [1784911859.600901677] [route_recorder]: saved point 78: x=35.129, y=2.504, yaw=-0.011
[INFO] [1784911860.149458981] [route_recorder]: saved point 79: x=35.531, y=2.477, yaw=-0.010
[INFO] [1784911860.584095954] [route_recorder]: saved point 80: x=35.951, y=2.497, yaw=-0.005
[INFO] [1784911861.129299264] [route_recorder]: saved point 81: x=36.360, y=2.495, yaw=-0.002
[INFO] [1784911861.546003269] [route_recorder]: saved point 82: x=36.768, y=2.514, yaw=0.000
[INFO] [1784911862.200253958] [route_recorder]: saved point 83: x=37.258, y=2.518, yaw=0.004
[INFO] [1784911862.724158418] [route_recorder]: saved point 84: x=37.738, y=2.490, yaw=-0.009
[INFO] [1784911863.381803919] [route_recorder]: saved point 85: x=38.226, y=2.525, yaw=-0.001
[INFO] [1784911863.916489745] [route_recorder]: saved point 86: x=38.648, y=2.520, yaw=0.006
[INFO] [1784911864.450553832] [route_recorder]: saved point 87: x=39.134, y=2.537, yaw=0.018
[INFO] [1784911865.094471856] [route_recorder]: saved point 88: x=39.621, y=2.540, yaw=0.009
[INFO] [1784911865.522748663] [route_recorder]: saved point 89: x=40.028, y=2.544, yaw=0.009
[INFO] [1784911866.177992159] [route_recorder]: saved point 90: x=40.497, y=2.543, yaw=0.004
[INFO] [1784911866.713487262] [route_recorder]: saved point 91: x=40.993, y=2.592, yaw=0.004
[INFO] [1784911867.234409935] [route_recorder]: saved point 92: x=41.402, y=2.591, yaw=0.013
[INFO] [1784911867.781256426] [route_recorder]: saved point 93: x=41.804, y=2.608, yaw=0.017
[INFO] [1784911868.197161200] [route_recorder]: saved point 94: x=42.225, y=2.617, yaw=0.020
[INFO] [1784911868.746024403] [route_recorder]: saved point 95: x=42.633, y=2.623, yaw=0.022
[INFO] [1784911869.387566046] [route_recorder]: saved point 96: x=43.109, y=2.634, yaw=0.025
[INFO] [1784911869.801261604] [route_recorder]: saved point 97: x=43.532, y=2.664, yaw=0.032
[INFO] [1784911870.448130015] [route_recorder]: saved point 98: x=43.990, y=2.680, yaw=0.042
[INFO] [1784911870.875208404] [route_recorder]: saved point 99: x=44.405, y=2.708, yaw=0.042
[INFO] [1784911871.431798826] [route_recorder]: saved point 100: x=44.819, y=2.756, yaw=0.048
[INFO] [1784911871.959435185] [route_recorder]: saved point 101: x=45.225, y=2.767, yaw=0.056
[INFO] [1784911872.383497493] [route_recorder]: saved point 102: x=45.626, y=2.802, yaw=0.054
[INFO] [1784911872.919533047] [route_recorder]: saved point 103: x=46.046, y=2.852, yaw=0.055
[INFO] [1784911873.470436137] [route_recorder]: saved point 104: x=46.557, y=2.859, yaw=0.037
[INFO] [1784911874.114365032] [route_recorder]: saved point 105: x=47.016, y=2.900, yaw=0.056
[INFO] [1784911874.742786648] [route_recorder]: saved point 106: x=47.503, y=2.877, yaw=-0.038
[INFO] [1784911875.172153554] [route_recorder]: saved point 107: x=47.915, y=2.885, yaw=-0.027
[INFO] [1784911875.818772685] [route_recorder]: saved point 108: x=48.371, y=2.815, yaw=-0.121
[INFO] [1784911876.367291887] [route_recorder]: saved point 109: x=48.779, y=2.649, yaw=-0.228
[INFO] [1784911876.888794004] [route_recorder]: saved point 110: x=49.171, y=2.533, yaw=-0.222
[INFO] [1784911877.342851110] [route_recorder]: saved point 111: x=49.581, y=2.396, yaw=-0.219
[INFO] [1784911877.869280780] [route_recorder]: saved point 112: x=49.988, y=2.274, yaw=-0.216
[INFO] [1784911878.525765963] [route_recorder]: saved point 113: x=50.453, y=2.122, yaw=-0.207
[INFO] [1784911878.953728193] [route_recorder]: saved point 114: x=50.858, y=2.008, yaw=-0.202
[INFO] [1784911879.490310492] [route_recorder]: saved point 115: x=51.246, y=1.898, yaw=-0.207
[INFO] [1784911880.011826750] [route_recorder]: saved point 116: x=51.734, y=1.753, yaw=-0.206
[INFO] [1784911880.561959787] [route_recorder]: saved point 117: x=52.134, y=1.628, yaw=-0.198
[INFO] [1784911881.085337652] [route_recorder]: saved point 118: x=52.548, y=1.502, yaw=-0.200
[INFO] [1784911881.526029068] [route_recorder]: saved point 119: x=52.944, y=1.413, yaw=-0.195
[INFO] [1784911882.061240293] [route_recorder]: saved point 120: x=53.345, y=1.279, yaw=-0.210
[INFO] [1784911882.597972023] [route_recorder]: saved point 121: x=53.757, y=1.211, yaw=-0.199
[INFO] [1784911883.137477005] [route_recorder]: saved point 122: x=54.187, y=1.077, yaw=-0.185
[INFO] [1784911883.680757615] [route_recorder]: saved point 123: x=54.584, y=0.953, yaw=-0.183
[INFO] [1784911884.219792678] [route_recorder]: saved point 124: x=55.010, y=0.826, yaw=-0.209
[INFO] [1784911888.075149513] [route_recorder]: saved point 125: x=54.854, y=0.379, yaw=-1.388
[INFO] [1784911888.726431362] [route_recorder]: saved point 126: x=54.780, y=-0.081, yaw=-1.381
[INFO] [1784911889.368881466] [route_recorder]: saved point 127: x=54.690, y=-0.647, yaw=-1.394
[INFO] [1784911889.880756585] [route_recorder]: saved point 128: x=54.615, y=-1.090, yaw=-1.385
[INFO] [1784911890.413870923] [route_recorder]: saved point 129: x=54.549, y=-1.509, yaw=-1.394
[INFO] [1784911890.958338695] [route_recorder]: saved point 130: x=54.492, y=-2.063, yaw=-1.369
[INFO] [1784911891.475335026] [route_recorder]: saved point 131: x=54.423, y=-2.500, yaw=-1.374
[INFO] [1784911892.010405175] [route_recorder]: saved point 132: x=54.365, y=-2.960, yaw=-1.357
[INFO] [1784911892.434685922] [route_recorder]: saved point 133: x=54.292, y=-3.382, yaw=-1.355
[INFO] [1784911892.975467510] [route_recorder]: saved point 134: x=54.230, y=-3.826, yaw=-1.377
[INFO] [1784911893.497327742] [route_recorder]: saved point 135: x=54.182, y=-4.267, yaw=-1.379
[INFO] [1784911893.933988039] [route_recorder]: saved point 136: x=54.189, y=-4.678, yaw=-1.252
[INFO] [1784911894.573609964] [route_recorder]: saved point 137: x=54.254, y=-5.110, yaw=-1.173
[INFO] [1784911895.119628578] [route_recorder]: saved point 138: x=54.310, y=-5.566, yaw=-1.172
[INFO] [1784911895.436587924] [route_recorder]: saved point 139: x=54.381, y=-5.962, yaw=-1.146
[INFO] [1784911895.969436719] [route_recorder]: saved point 140: x=54.403, y=-6.417, yaw=-1.138
[INFO] [1784911896.500415989] [route_recorder]: saved point 141: x=54.445, y=-6.876, yaw=-1.138
[INFO] [1784911896.926548060] [route_recorder]: saved point 142: x=54.502, y=-7.369, yaw=-1.147
[INFO] [1784911897.443937448] [route_recorder]: saved point 143: x=54.552, y=-7.832, yaw=-1.133
[INFO] [1784911897.973743700] [route_recorder]: saved point 144: x=54.599, y=-8.279, yaw=-1.138
[INFO] [1784911898.406343707] [route_recorder]: saved point 145: x=54.643, y=-8.751, yaw=-1.134
[INFO] [1784911898.932429136] [route_recorder]: saved point 146: x=54.720, y=-9.219, yaw=-1.135
[INFO] [1784911899.476236730] [route_recorder]: saved point 147: x=54.788, y=-9.697, yaw=-1.135
[INFO] [1784911899.917567691] [route_recorder]: saved point 148: x=54.833, y=-10.171, yaw=-1.129
[INFO] [1784911900.448358326] [route_recorder]: saved point 149: x=54.876, y=-10.645, yaw=-1.129
[INFO] [1784911900.966480022] [route_recorder]: saved point 150: x=54.948, y=-11.115, yaw=-1.128
[INFO] [1784911901.405536811] [route_recorder]: saved point 151: x=55.021, y=-11.583, yaw=-1.134
[INFO] [1784911901.921922910] [route_recorder]: saved point 152: x=55.043, y=-12.065, yaw=-1.126
[INFO] [1784911902.469696685] [route_recorder]: saved point 153: x=55.129, y=-12.511, yaw=-1.121
[INFO] [1784911902.881710931] [route_recorder]: saved point 154: x=55.194, y=-12.995, yaw=-1.129
[INFO] [1784911903.411288133] [route_recorder]: saved point 155: x=55.294, y=-13.427, yaw=-1.112
[INFO] [1784911903.955773597] [route_recorder]: saved point 156: x=55.315, y=-13.876, yaw=-1.119
[INFO] [1784911904.382079910] [route_recorder]: saved point 157: x=55.375, y=-14.326, yaw=-1.120
[INFO] [1784911904.814741562] [route_recorder]: saved point 158: x=55.459, y=-14.720, yaw=-1.099
[INFO] [1784911905.341580482] [route_recorder]: saved point 159: x=55.516, y=-15.195, yaw=-1.102
[INFO] [1784911905.779363999] [route_recorder]: saved point 160: x=55.584, y=-15.647, yaw=-1.084
[INFO] [1784911906.315522015] [route_recorder]: saved point 161: x=55.664, y=-16.120, yaw=-1.082
[INFO] [1784911906.834384776] [route_recorder]: saved point 162: x=55.725, y=-16.598, yaw=-1.076
[INFO] [1784911907.156020931] [route_recorder]: saved point 163: x=55.788, y=-16.997, yaw=-1.094
[INFO] [1784911907.695703798] [route_recorder]: saved point 164: x=55.859, y=-17.455, yaw=-1.094
[INFO] [1784911908.228433089] [route_recorder]: saved point 165: x=55.950, y=-17.909, yaw=-1.092
[INFO] [1784911908.548483759] [route_recorder]: saved point 166: x=56.019, y=-18.312, yaw=-1.073
[INFO] [1784911909.068794097] [route_recorder]: saved point 167: x=56.077, y=-18.793, yaw=-1.083
[INFO] [1784911909.613844346] [route_recorder]: saved point 168: x=56.157, y=-19.235, yaw=-1.075
[INFO] [1784911910.026556612] [route_recorder]: saved point 169: x=56.233, y=-19.712, yaw=-1.076
[INFO] [1784911910.570822002] [route_recorder]: saved point 170: x=56.288, y=-20.146, yaw=-1.140
[INFO] [1784911911.101927975] [route_recorder]: saved point 171: x=56.326, y=-20.593, yaw=-1.155
[INFO] [1784911911.527174481] [route_recorder]: saved point 172: x=56.337, y=-21.076, yaw=-1.152
[INFO] [1784911912.061309378] [route_recorder]: saved point 173: x=56.405, y=-21.542, yaw=-1.153
[INFO] [1784911912.594153717] [route_recorder]: saved point 174: x=56.434, y=-22.020, yaw=-1.148
[INFO] [1784911913.017744850] [route_recorder]: saved point 175: x=56.481, y=-22.507, yaw=-1.152
[INFO] [1784911913.552581079] [route_recorder]: saved point 176: x=56.517, y=-22.958, yaw=-1.145
[INFO] [1784911913.987808495] [route_recorder]: saved point 177: x=56.551, y=-23.357, yaw=-1.153
[INFO] [1784911914.401608737] [route_recorder]: saved point 178: x=56.604, y=-23.817, yaw=-1.155
[INFO] [1784911914.831334147] [route_recorder]: saved point 179: x=56.654, y=-24.224, yaw=-1.155
[INFO] [1784911915.362284885] [route_recorder]: saved point 180: x=56.686, y=-24.690, yaw=-1.167
[INFO] [1784911915.800402744] [route_recorder]: saved point 181: x=56.727, y=-25.166, yaw=-1.161
[INFO] [1784911916.211930224] [route_recorder]: saved point 182: x=56.736, y=-25.568, yaw=-1.146
[INFO] [1784911916.756610534] [route_recorder]: saved point 183: x=56.788, y=-26.027, yaw=-1.194
[INFO] [1784911917.183387559] [route_recorder]: saved point 184: x=56.827, y=-26.431, yaw=-1.185
[INFO] [1784911917.712371038] [route_recorder]: saved point 185: x=56.841, y=-26.899, yaw=-1.199
[INFO] [1784911918.260574511] [route_recorder]: saved point 186: x=56.881, y=-27.379, yaw=-1.182
[INFO] [1784911918.681959539] [route_recorder]: saved point 187: x=56.880, y=-27.870, yaw=-1.180
[INFO] [1784911919.214953773] [route_recorder]: saved point 188: x=56.893, y=-28.348, yaw=-1.181
[INFO] [1784911919.750097131] [route_recorder]: saved point 189: x=56.915, y=-28.811, yaw=-1.190
[INFO] [1784911920.163902644] [route_recorder]: saved point 190: x=56.938, y=-29.308, yaw=-1.190
[INFO] [1784911920.709513100] [route_recorder]: saved point 191: x=56.964, y=-29.781, yaw=-1.185
[INFO] [1784911921.233772755] [route_recorder]: saved point 192: x=56.998, y=-30.281, yaw=-1.196
[INFO] [1784911921.665436820] [route_recorder]: saved point 193: x=56.998, y=-30.756, yaw=-1.239
[INFO] [1784911922.184414232] [route_recorder]: saved point 194: x=56.999, y=-31.218, yaw=-1.233
[INFO] [1784911922.732558161] [route_recorder]: saved point 195: x=57.000, y=-31.696, yaw=-1.236
[INFO] [1784911923.154085351] [route_recorder]: saved point 196: x=57.002, y=-32.166, yaw=-1.224
[INFO] [1784911923.698955795] [route_recorder]: saved point 197: x=56.986, y=-32.641, yaw=-1.221
[INFO] [1784911924.231402874] [route_recorder]: saved point 198: x=57.002, y=-33.117, yaw=-1.230
[INFO] [1784911924.656484955] [route_recorder]: saved point 199: x=57.000, y=-33.598, yaw=-1.232
[INFO] [1784911925.082081857] [route_recorder]: saved point 200: x=56.995, y=-34.002, yaw=-1.223
[INFO] [1784911925.601680665] [route_recorder]: saved point 201: x=57.000, y=-34.491, yaw=-1.209
[INFO] [1784911926.026216895] [route_recorder]: saved point 202: x=57.002, y=-34.980, yaw=-1.205
[INFO] [1784911926.556542862] [route_recorder]: saved point 203: x=57.001, y=-35.456, yaw=-1.197
[INFO] [1784911927.086814820] [route_recorder]: saved point 204: x=57.022, y=-35.933, yaw=-1.211
[INFO] [1784911927.524720748] [route_recorder]: saved point 205: x=57.021, y=-36.377, yaw=-1.203
[INFO] [1784911928.053139624] [route_recorder]: saved point 206: x=57.006, y=-36.860, yaw=-1.190
[INFO] [1784911928.589682371] [route_recorder]: saved point 207: x=57.012, y=-37.358, yaw=-1.207
[INFO] [1784911929.028639801] [route_recorder]: saved point 208: x=57.044, y=-37.836, yaw=-1.209
[INFO] [1784911929.541889167] [route_recorder]: saved point 209: x=57.040, y=-38.308, yaw=-1.200
[INFO] [1784911930.078032045] [route_recorder]: saved point 210: x=57.034, y=-38.786, yaw=-1.202
[INFO] [1784911930.513909986] [route_recorder]: saved point 211: x=57.058, y=-39.277, yaw=-1.204
[INFO] [1784911931.045354897] [route_recorder]: saved point 212: x=57.061, y=-39.749, yaw=-1.211
[INFO] [1784911931.567570738] [route_recorder]: saved point 213: x=57.071, y=-40.213, yaw=-1.204
[INFO] [1784911931.897428484] [route_recorder]: saved point 214: x=57.095, y=-40.624, yaw=-1.190
[INFO] [1784911932.416915328] [route_recorder]: saved point 215: x=57.122, y=-41.093, yaw=-1.185
[INFO] [1784911932.958780212] [route_recorder]: saved point 216: x=57.122, y=-41.561, yaw=-1.172
[INFO] [1784911933.386829078] [route_recorder]: saved point 217: x=57.136, y=-42.044, yaw=-1.176
[INFO] [1784911933.932287420] [route_recorder]: saved point 218: x=57.173, y=-42.518, yaw=-1.184
[INFO] [1784911934.463779843] [route_recorder]: saved point 219: x=57.196, y=-43.008, yaw=-1.181
[INFO] [1784911934.889331071] [route_recorder]: saved point 220: x=57.229, y=-43.472, yaw=-1.175
[INFO] [1784911935.422161754] [route_recorder]: saved point 221: x=57.261, y=-43.953, yaw=-1.180
[INFO] [1784911935.939797487] [route_recorder]: saved point 222: x=57.289, y=-44.431, yaw=-1.169
[INFO] [1784911936.258310078] [route_recorder]: saved point 223: x=57.317, y=-44.834, yaw=-1.158
[INFO] [1784911936.790383275] [route_recorder]: saved point 224: x=57.347, y=-45.303, yaw=-1.156
[INFO] [1784911937.323010147] [route_recorder]: saved point 225: x=57.390, y=-45.773, yaw=-1.151
[INFO] [1784911937.644041851] [route_recorder]: saved point 226: x=57.419, y=-46.172, yaw=-1.157
[INFO] [1784911938.173427304] [route_recorder]: saved point 227: x=57.453, y=-46.616, yaw=-1.156
[INFO] [1784911938.707768857] [route_recorder]: saved point 228: x=57.462, y=-47.101, yaw=-1.171
[INFO] [1784911939.157041145] [route_recorder]: saved point 229: x=57.488, y=-47.556, yaw=-1.212
[INFO] [1784911939.678192849] [route_recorder]: saved point 230: x=57.504, y=-48.019, yaw=-1.210
[INFO] [1784911940.209549216] [route_recorder]: saved point 231: x=57.522, y=-48.499, yaw=-1.212
[INFO] [1784911940.650007816] [route_recorder]: saved point 232: x=57.510, y=-48.984, yaw=-1.213
[INFO] [1784911941.175284621] [route_recorder]: saved point 233: x=57.527, y=-49.433, yaw=-1.251
[INFO] [1784911941.697588639] [route_recorder]: saved point 234: x=57.478, y=-49.880, yaw=-1.262
[INFO] [1784911942.133192694] [route_recorder]: saved point 235: x=57.469, y=-50.360, yaw=-1.257
[INFO] [1784911942.667041878] [route_recorder]: saved point 236: x=57.476, y=-50.839, yaw=-1.252
[INFO] [1784911943.182004271] [route_recorder]: saved point 237: x=57.445, y=-51.316, yaw=-1.254
[INFO] [1784911943.622354203] [route_recorder]: saved point 238: x=57.421, y=-51.782, yaw=-1.253
[INFO] [1784911944.152948152] [route_recorder]: saved point 239: x=57.420, y=-52.263, yaw=-1.260
[INFO] [1784911944.583372323] [route_recorder]: saved point 240: x=57.447, y=-52.677, yaw=-1.244
[INFO] [1784911945.006154168] [route_recorder]: saved point 241: x=57.415, y=-53.161, yaw=-1.244
[INFO] [1784911945.554666491] [route_recorder]: saved point 242: x=57.350, y=-53.615, yaw=-1.239
[INFO] [1784911946.071002659] [route_recorder]: saved point 243: x=57.395, y=-54.101, yaw=-1.237
[INFO] [1784911946.512238735] [route_recorder]: saved point 244: x=57.376, y=-54.595, yaw=-1.221
[INFO] [1784911947.043541358] [route_recorder]: saved point 245: x=57.382, y=-55.075, yaw=-1.223
[INFO] [1784911947.560979677] [route_recorder]: saved point 246: x=57.376, y=-55.529, yaw=-1.224
[INFO] [1784911947.998558600] [route_recorder]: saved point 247: x=57.370, y=-56.018, yaw=-1.243
[INFO] [1784911948.532733665] [route_recorder]: saved point 248: x=57.329, y=-56.450, yaw=-1.292
[INFO] [1784911949.049983646] [route_recorder]: saved point 249: x=57.285, y=-56.917, yaw=-1.294
[INFO] [1784911949.489466384] [route_recorder]: saved point 250: x=57.254, y=-57.400, yaw=-1.294
[INFO] [1784911950.020587159] [route_recorder]: saved point 251: x=57.201, y=-57.878, yaw=-1.292
[INFO] [1784911950.567248948] [route_recorder]: saved point 252: x=57.175, y=-58.338, yaw=-1.276
[INFO] [1784911950.992104002] [route_recorder]: saved point 253: x=57.160, y=-58.825, yaw=-1.279
[INFO] [1784911951.525404590] [route_recorder]: saved point 254: x=57.125, y=-59.299, yaw=-1.282
[INFO] [1784911952.044828396] [route_recorder]: saved point 255: x=57.069, y=-59.781, yaw=-1.291
[INFO] [1784911952.483892989] [route_recorder]: saved point 256: x=57.046, y=-60.260, yaw=-1.278
[INFO] [1784911953.005128885] [route_recorder]: saved point 257: x=57.003, y=-60.714, yaw=-1.281
[INFO] [1784911953.535551733] [route_recorder]: saved point 258: x=56.999, y=-61.203, yaw=-1.281
[INFO] [1784911953.973244275] [route_recorder]: saved point 259: x=56.948, y=-61.672, yaw=-1.282
[INFO] [1784911954.506060764] [route_recorder]: saved point 260: x=56.913, y=-62.157, yaw=-1.279
[INFO] [1784911955.021870481] [route_recorder]: saved point 261: x=56.880, y=-62.648, yaw=-1.274
[INFO] [1784911955.461382444] [route_recorder]: saved point 262: x=56.853, y=-63.116, yaw=-1.274
[INFO] [1784911955.882031173] [route_recorder]: saved point 263: x=56.830, y=-63.516, yaw=-1.255
[INFO] [1784911956.429463555] [route_recorder]: saved point 264: x=56.809, y=-63.966, yaw=-1.254
[INFO] [1784911956.839698160] [route_recorder]: saved point 265: x=56.778, y=-64.466, yaw=-1.263
[INFO] [1784911957.383620750] [route_recorder]: saved point 266: x=56.759, y=-64.942, yaw=-1.257
[INFO] [1784911957.914252811] [route_recorder]: saved point 267: x=56.724, y=-65.431, yaw=-1.260
[INFO] [1784911958.340641428] [route_recorder]: saved point 268: x=56.736, y=-65.890, yaw=-1.258
[INFO] [1784911958.858686598] [route_recorder]: saved point 269: x=56.675, y=-66.384, yaw=-1.245
[INFO] [1784911959.403079908] [route_recorder]: saved point 270: x=56.663, y=-66.864, yaw=-1.254
[INFO] [1784911959.830224779] [route_recorder]: saved point 271: x=56.606, y=-67.325, yaw=-1.246
[INFO] [1784911960.347881461] [route_recorder]: saved point 272: x=56.601, y=-67.807, yaw=-1.248
[INFO] [1784911960.879233234] [route_recorder]: saved point 273: x=56.589, y=-68.289, yaw=-1.251
[INFO] [1784911961.326029829] [route_recorder]: saved point 274: x=56.562, y=-68.752, yaw=-1.258
[INFO] [1784911961.857883530] [route_recorder]: saved point 275: x=56.533, y=-69.231, yaw=-1.257
[INFO] [1784911962.394695188] [route_recorder]: saved point 276: x=56.524, y=-69.800, yaw=-1.253
[INFO] [1784911962.802560943] [route_recorder]: saved point 277: x=56.505, y=-70.204, yaw=-1.249
[INFO] [1784911963.295582061] [route_recorder]: saved point 278: x=56.497, y=-70.689, yaw=-1.243
[INFO] [1784911963.805644620] [route_recorder]: saved point 279: x=56.468, y=-71.146, yaw=-1.250
[INFO] [1784911964.329367260] [route_recorder]: saved point 280: x=56.464, y=-71.630, yaw=-1.250
[INFO] [1784911964.736251584] [route_recorder]: saved point 281: x=56.449, y=-72.034, yaw=-1.255
[INFO] [1784911965.247779830] [route_recorder]: saved point 282: x=56.438, y=-72.490, yaw=-1.250
[INFO] [1784911965.754264348] [route_recorder]: saved point 283: x=56.424, y=-72.944, yaw=-1.243
[INFO] [1784911966.263778287] [route_recorder]: saved point 284: x=56.383, y=-73.429, yaw=-1.243
[INFO] [1784911966.656570816] [route_recorder]: saved point 285: x=56.388, y=-73.920, yaw=-1.236
[INFO] [1784911967.167075292] [route_recorder]: saved point 286: x=56.376, y=-74.393, yaw=-1.229
[INFO] [1784911967.687744041] [route_recorder]: saved point 287: x=56.354, y=-74.866, yaw=-1.232
[INFO] [1784911968.198606574] [route_recorder]: saved point 288: x=56.350, y=-75.334, yaw=-1.222
[INFO] [1784911968.707718293] [route_recorder]: saved point 289: x=56.353, y=-75.806, yaw=-1.204
[INFO] [1784911969.203579090] [route_recorder]: saved point 290: x=56.361, y=-76.260, yaw=-1.200
[INFO] [1784911969.724445754] [route_recorder]: saved point 291: x=56.399, y=-76.714, yaw=-1.197
[INFO] [1784911970.231881924] [route_recorder]: saved point 292: x=56.379, y=-77.200, yaw=-1.189
[INFO] [1784911970.645332198] [route_recorder]: saved point 293: x=56.385, y=-77.695, yaw=-1.180
[INFO] [1784911971.152750854] [route_recorder]: saved point 294: x=56.399, y=-78.170, yaw=-1.184
[INFO] [1784911971.661964525] [route_recorder]: saved point 295: x=56.426, y=-78.644, yaw=-1.191
[INFO] [1784911972.156975159] [route_recorder]: saved point 296: x=56.429, y=-79.077, yaw=-1.188
[INFO] [1784911972.664767655] [route_recorder]: saved point 297: x=56.428, y=-79.556, yaw=-1.181
[INFO] [1784911973.088185298] [route_recorder]: saved point 298: x=56.470, y=-79.969, yaw=-1.194
[INFO] [1784911973.597691767] [route_recorder]: saved point 299: x=56.495, y=-80.455, yaw=-1.188
[INFO] [1784911974.106533413] [route_recorder]: saved point 300: x=56.506, y=-80.918, yaw=-1.177
[INFO] [1784911974.704527490] [route_recorder]: saved point 301: x=56.541, y=-81.570, yaw=-1.174
[INFO] [1784911975.219674724] [route_recorder]: saved point 302: x=56.564, y=-82.067, yaw=-1.165
[INFO] [1784911975.729507092] [route_recorder]: saved point 303: x=56.567, y=-82.547, yaw=-1.165
[INFO] [1784911976.231096661] [route_recorder]: saved point 304: x=56.601, y=-83.037, yaw=-1.157
[INFO] [1784911976.750913963] [route_recorder]: saved point 305: x=56.623, y=-83.510, yaw=-1.156
[INFO] [1784911977.245478257] [route_recorder]: saved point 306: x=56.666, y=-83.972, yaw=-1.150
[INFO] [1784911977.755225459] [route_recorder]: saved point 307: x=56.697, y=-84.397, yaw=-1.107
[INFO] [1784911978.263674817] [route_recorder]: saved point 308: x=56.811, y=-84.814, yaw=-0.994
[INFO] [1784911978.684712022] [route_recorder]: saved point 309: x=56.930, y=-85.230, yaw=-0.950
[INFO] [1784911979.195520106] [route_recorder]: saved point 310: x=57.093, y=-85.654, yaw=-0.891
[INFO] [1784911979.793566768] [route_recorder]: saved point 311: x=57.364, y=-86.045, yaw=-0.704
[INFO] [1784911980.416313902] [route_recorder]: saved point 312: x=57.676, y=-86.384, yaw=-0.589
[INFO] [1784911981.026090025] [route_recorder]: saved point 313: x=58.032, y=-86.703, yaw=-0.556
[INFO] [1784911981.522225700] [route_recorder]: saved point 314: x=58.355, y=-86.973, yaw=-0.482
[INFO] [1784911982.144973851] [route_recorder]: saved point 315: x=58.747, y=-87.199, yaw=-0.392
[INFO] [1784911982.653170885] [route_recorder]: saved point 316: x=59.078, y=-87.429, yaw=-0.393
[INFO] [1784911983.059954174] [route_recorder]: saved point 317: x=59.446, y=-87.639, yaw=-0.382
[INFO] [1784911983.569524498] [route_recorder]: saved point 318: x=59.791, y=-87.878, yaw=-0.376
[INFO] [1784911984.064182113] [route_recorder]: saved point 319: x=60.146, y=-88.096, yaw=-0.390
[INFO] [1784911984.586918456] [route_recorder]: saved point 320: x=60.503, y=-88.329, yaw=-0.384
[INFO] [1784911985.090216858] [route_recorder]: saved point 321: x=60.900, y=-88.532, yaw=-0.341
[INFO] [1784911985.705650757] [route_recorder]: saved point 322: x=61.282, y=-88.672, yaw=-0.186
[INFO] [1784911986.302797576] [route_recorder]: saved point 323: x=61.742, y=-88.720, yaw=-0.095
[INFO] [1784911986.824264051] [route_recorder]: saved point 324: x=62.139, y=-88.778, yaw=-0.092
[INFO] [1784911987.331844181] [route_recorder]: saved point 325: x=62.589, y=-88.778, yaw=-0.058
[INFO] [1784911987.930238398] [route_recorder]: saved point 326: x=63.049, y=-88.806, yaw=0.001
[INFO] [1784911988.551791134] [route_recorder]: saved point 327: x=63.513, y=-88.810, yaw=0.004
[INFO] [1784911989.048787364] [route_recorder]: saved point 328: x=63.913, y=-88.816, yaw=0.022
[INFO] [1784911989.671585056] [route_recorder]: saved point 329: x=64.367, y=-88.834, yaw=0.008
[INFO] [1784911990.182091713] [route_recorder]: saved point 330: x=64.805, y=-88.822, yaw=0.010
[INFO] [1784911990.792068917] [route_recorder]: saved point 331: x=65.277, y=-88.803, yaw=0.013
[INFO] [1784911991.186408245] [route_recorder]: saved point 332: x=65.690, y=-88.836, yaw=0.004
[INFO] [1784911991.706913736] [route_recorder]: saved point 333: x=66.103, y=-88.810, yaw=0.000
[INFO] [1784911992.317618658] [route_recorder]: saved point 334: x=66.566, y=-88.802, yaw=0.008
[INFO] [1784911992.929146841] [route_recorder]: saved point 335: x=67.035, y=-88.781, yaw=0.006
[INFO] [1784911993.428992574] [route_recorder]: saved point 336: x=67.453, y=-88.779, yaw=0.021
[INFO] [1784911993.936609267] [route_recorder]: saved point 337: x=67.862, y=-88.774, yaw=0.029
[INFO] [1784911994.548828352] [route_recorder]: saved point 338: x=68.295, y=-88.755, yaw=0.057
[INFO] [1784911995.168562183] [route_recorder]