[INFO] [1784818715.664078890] [waypoint_follower]: GO2_2 enhanced waypoint_follower started
[INFO] [1784818715.665063713] [waypoint_follower]: route_file: src/go2_fastlio_patrol/test/line_corner_route.csv
[INFO] [1784818715.665766257] [waypoint_follower]: route points: 17
[INFO] [1784818715.666392287] [waypoint_follower]: loop_mode: once
[INFO] [1784818715.667032398] [waypoint_follower]: lookahead_distance: 0.6
[INFO] [1784818715.667675740] [waypoint_follower]: reach_distance: 0.4
[INFO] [1784818715.668317611] [waypoint_follower]: GO2_2 parameters: v_base=0.500, max_vx=0.500, k_yaw=0.900, max_yaw_rate=0.450, goal_distance=0.250, search_window=6, turn_in_place_angle=1.000, slow_down_angle=0.500, stuck_time=3.000, relocalize_distance=1.500
[INFO] [1784818716.633943684] [waypoint_follower]: TIMING_FOLLOWER_GO2_2 period_ms=50.0 loop_gap_ms=49.989/50.116/50.116 compute_ms=0.142/0.165/0.189 odom_gap_ms=0.000/0.000/0.000 odom_callback_ms=0.000/0.000/0.000 odom_stamp_age_ms=0.000/0.000/0.000 odom_to_cmd_ms=0.000/0.000/0.000 ros_publish_ms=0.075/0.087/0.091 deadline_miss=0 cmd_count=20 stop_count=20 nearest=0 target=0
[INFO] [1784818717.683781494] [waypoint_follower]: TIMING_FOLLOWER_GO2_2 period_ms=50.0 loop_gap_ms=49.992/50.021/50.039 compute_ms=0.147/0.161/0.171 odom_gap_ms=0.000/0.000/0.000 odom_callback_ms=0.000/0.000/0.000 odom_stamp_age_ms=0.000/0.000/0.000 odom_to_cmd_ms=0.000/0.000/0.000 ros_publish_ms=0.088/0.099/0.114 deadline_miss=0 cmd_count=21 stop_count=21 nearest=0 target=0
[INFO] [1784818717.692050834] [waypoint_follower]: init nearest_index=0, distance_to_start=0.000
[INFO] [1784818717.733611909] [waypoint_follower]: GO2_2 nearest=0, target=3, nearest_distance=0.000m, target_distance=0.750m, pose=(0.000,0.000,0.000), alpha=0.000, cmd=(0.500,0.000,0.000), measured_speed=0.000m/s, odom_stamp_age=0.001s, dir=1
[INFO] [1784818718.684289469] [waypoint_follower]: TIMING_FOLLOWER_GO2_2 period_ms=50.0 loop_gap_ms=50.010/50.157/51.142 compute_ms=0.284/0.380/1.105 odom_gap_ms=24.313/32.452/34.583 odom_callback_ms=0.061/0.059/1.059 odom_stamp_age_ms=1.732/1.854/10.621 odom_to_cmd_ms=16.705/27.368/27.552 ros_publish_ms=0.133/0.195/0.220 deadline_miss=0 cmd_count=20 stop_count=0 nearest=0 target=3
[INFO] [1784818718.733912583] [waypoint_follower]: GO2_2 nearest=1, target=4, nearest_distance=0.101m, target_distance=0.850m, pose=(0.150,0.015,0.000), alpha=-0.018, cmd=(0.500,0.000,-0.016), measured_speed=1.404m/s, odom_stamp_age=0.001s, dir=1
[INFO] [1784818719.734067008] [waypoint_follower]: TIMING_FOLLOWER_GO2_2 period_ms=50.0 loop_gap_ms=49.994/50.063/50.121 compute_ms=0.289/0.317/1.409 odom_gap_ms=26.768/33.349/33.945 odom_callback_ms=0.034/0.053/0.067 odom_stamp_age_ms=1.035/2.493/3.686 odom_to_cmd_ms=18.233/28.159/28.594 ros_publish_ms=0.137/0.178/0.193 deadline_miss=0 cmd_count=21 stop_count=0 nearest=2 target=5
[INFO] [1784818719.783790092] [waypoint_follower]: GO2_2 nearest=2, target=5, nearest_distance=0.117m, target_distance=0.653m, pose=(0.600,0.060,0.000), alpha=-0.092, cmd=(0.500,0.000,-0.083), measured_speed=0.000m/s, odom_stamp_age=0.002s, dir=1
[INFO] [1784818720.784029536] [waypoint_follower]: TIMING_FOLLOWER_GO2_2 period_ms=50.0 loop_gap_ms=49.998/50.016/50.021 compute_ms=0.283/0.308/1.253 odom_gap_ms=26.445/30.870/33.471 odom_callback_ms=0.056/0.059/0.674 odom_stamp_age_ms=1.625/2.054/3.760 odom_to_cmd_ms=18.715/26.594/27.217 ros_publish_ms=0.135/0.165/0.179 deadline_miss=0 cmd_count=21 stop_count=0 nearest=2 target=5
[INFO] [1784818720.833637769] [waypoint_follower]: GO2_2 nearest=2, target=5, nearest_distance=0.117m, target_distance=0.653m, pose=(0.600,0.060,0.000), alpha=-0.092, cmd=(0.500,0.000,-0.083), measured_speed=0.000m/s, odom_stamp_age=0.001s, dir=1
[INFO] [1784818721.833709330] [waypoint_follower]: GO2_2 nearest=5, target=8, nearest_distance=0.092m, target_distance=0.683m, pose=(1.320,0.060,0.000), alpha=-0.088, cmd=(0.500,0.000,-0.079), measured_speed=0.000m/s, odom_stamp_age=0.001s, dir=1
[INFO] [1784818721.834767850] [waypoint_follower]: TIMING_FOLLOWER_GO2_2 period_ms=50.0 loop_gap_ms=50.000/50.052/50.064 compute_ms=0.292/1.125/1.267 odom_gap_ms=26.280/30.931/32.452 odom_callback_ms=0.035/0.057/0.061 odom_stamp_age_ms=1.411/1.500/1.821 odom_to_cmd_ms=17.907/27.399/27.650 ros_publish_ms=0.106/0.108/0.122 deadline_miss=0 cmd_count=21 stop_count=0 nearest=5 target=8
[INFO] [1784818722.834840078] [waypoint_follower]: GO2_2 nearest=8, target=11, nearest_distance=0.072m, target_distance=0.713m, pose=(2.040,0.060,0.000), alpha=-0.084, cmd=(0.500,0.000,-0.076), measured_speed=0.000m/s, odom_stamp_age=0.003s, dir=1
[INFO] [1784818722.836713656] [waypoint_follower]: TIMING_FOLLOWER_GO2_2 period_ms=50.0 loop_gap_ms=50.015/50.104/62.529 compute_ms=0.408/0.422/2.309 odom_gap_ms=27.152/32.677/41.488 odom_callback_ms=0.072/0.080/1.001 odom_stamp_age_ms=2.475/4.445/18.850 odom_to_cmd_ms=16.618/26.344/27.374 ros_publish_ms=0.165/0.236/0.237 deadline_miss=0 cmd_count=20 stop_count=0 nearest=8 target=11
[INFO] [1784818723.883822243] [waypoint_follower]: GO2_2 nearest=9, target=12, nearest_distance=0.078m, target_distance=0.802m, pose=(2.200,0.060,0.000), alpha=-0.075, cmd=(0.500,0.000,-0.067), measured_speed=0.000m/s, odom_stamp_age=0.001s, dir=1
[INFO] [1784818723.884909052] [waypoint_follower]: TIMING_FOLLOWER_GO2_2 period_ms=50.0 loop_gap_ms=49.986/50.033/50.102 compute_ms=0.266/0.328/1.385 odom_gap_ms=26.086/31.081/32.209 odom_callback_ms=0.034/0.049/0.056 odom_stamp_age_ms=1.242/1.964/3.481 odom_to_cmd_ms=18.532/27.476/27.522 ros_publish_ms=0.111/0.135/0.173 deadline_miss=0 cmd_count=21 stop_count=0 nearest=9 target=12
[INFO] [1784818724.933791464] [waypoint_follower]: GO2_2 nearest=10, target=13, nearest_distance=0.133m, target_distance=0.427m, pose=(2.613,0.071,0.000), alpha=0.433, cmd=(0.500,0.000,0.389), measured_speed=1.800m/s, odom_stamp_age=0.001s, dir=1
[INFO] [1784818724.934794207] [waypoint_follower]: TIMING_FOLLOWER_GO2_2 period_ms=50.0 loop_gap_ms=49.999/50.013/50.014 compute_ms=0.262/0.266/1.340 odom_gap_ms=26.159/31.023/31.467 odom_callback_ms=0.031/0.035/0.037 odom_stamp_age_ms=1.237/1.408/1.495 odom_to_cmd_ms=17.166/27.278/27.559 ros_publish_ms=0.118/0.174/0.175 deadline_miss=0 cmd_count=21 stop_count=0 nearest=10 target=13
[INFO] [1784818725.934017980] [waypoint_follower]: GO2_2 nearest=12, target=15, nearest_distance=0.094m, target_distance=0.672m, pose=(2.950,0.080,0.000), alpha=1.496, cmd=(0.000,0.000,0.450), measured_speed=0.000m/s, odom_stamp_age=0.001s, dir=1
[INFO] [1784818725.935015474] [waypoint_follower]: TIMING_FOLLOWER_GO2_2 period_ms=50.0 loop_gap_ms=50.006/50.144/50.209 compute_ms=0.421/0.454/1.468 odom_gap_ms=26.523/31.785/32.007 odom_callback_ms=0.048/0.063/0.068 odom_stamp_age_ms=1.260/1.872/2.347 odom_to_cmd_ms=17.414/27.722/28.188 ros_publish_ms=0.203/0.236/0.236 deadline_miss=0 cmd_count=20 stop_count=0 nearest=12 target=15
[INFO] [1784818726.984673507] [waypoint_follower]: GO2_2 nearest=12, target=15, nearest_distance=0.094m, target_distance=0.672m, pose=(2.950,0.080,0.349), alpha=1.147, cmd=(0.000,0.000,0.450), measured_speed=0.000m/s, odom_stamp_age=0.001s, dir=1
[INFO] [1784818726.986447691] [waypoint_follower]: TIMING_FOLLOWER_GO2_2 period_ms=50.0 loop_gap_ms=50.000/50.012/50.223 compute_ms=0.455/0.433/2.205 odom_gap_ms=26.563/31.311/31.501 odom_callback_ms=0.051/0.056/0.059 odom_stamp_age_ms=1.237/1.551/1.566 odom_to_cmd_ms=17.493/27.937/28.102 ros_publish_ms=0.214/0.248/0.250 deadline_miss=0 cmd_count=21 stop_count=0 nearest=12 target=15
[INFO] [1784818727.984724998] [waypoint_follower]: GO2_2 nearest=12, target=15, nearest_distance=0.094m, target_distance=0.672m, pose=(2.950,0.080,1.571), alpha=-0.074, cmd=(0.500,0.000,-0.067), measured_speed=0.000m/s, odom_stamp_age=0.001s, dir=1
[INFO] [1784818727.986462445] [waypoint_follower]: TIMING_FOLLOWER_GO2_2 period_ms=50.0 loop_gap_ms=50.003/50.058/50.059 compute_ms=0.440/0.408/2.183 odom_gap_ms=26.566/31.491/33.067 odom_callback_ms=0.050/0.060/0.068 odom_stamp_age_ms=1.311/1.570/3.127 odom_to_cmd_ms=17.941/27.537/27.918 ros_publish_ms=0.201/0.229/0.236 deadline_miss=0 cmd_count=20 stop_count=0 nearest=12 target=15
[WARN] [1784818728