[INFO] [1782625887.343768710] [waypoint_follower]: enhanced waypoint_follower started
[INFO] [1782625887.344565650] [waypoint_follower]: route_file: /home/unitree/go2_fastlio_ws/src/go2_fastlio_patrol/routes/route_test_0519.csv
[INFO] [1782625887.345180020] [waypoint_follower]: route points: 6760
[INFO] [1782625887.345777108] [waypoint_follower]: loop_mode: pingpong
[INFO] [1782625887.346377589] [waypoint_follower]: lookahead_distance: 0.6
[INFO] [1782625887.346961013] [waypoint_follower]: reach_distance: 0.4
[INFO] [1782625887.496088237] [waypoint_follower]: init nearest_index=0, distance_to_start=0.026
[INFO] [1782625887.516940966] [waypoint_follower]: nearest=0, target=2, dist=0.86, alpha=0.02, vx=0.50, yaw_rate=0.02, dir=1
[INFO] [1782625888.516000708] [waypoint_follower]: nearest=0, target=2, dist=0.85, alpha=0.01, vx=0.50, yaw_rate=0.01, dir=1
[INFO] [1782625889.516127777] [waypoint_follower]: nearest=0, target=2, dist=0.86, alpha=0.02, vx=0.50, yaw_rate=0.02, dir=1
[WARN] [1782625890.519073596] [waypoint_follower]: stuck recovery: nearest_index 0 -> 0
[INFO] [1782625890.570781857] [waypoint_follower]: nearest=0, target=2, dist=0.85, alpha=0.02, vx=0.50, yaw_rate=0.02, dir=1
[INFO] [1782625891.616023654] [waypoint_follower]: nearest=0, target=2, dist=0.71, alpha=0.03, vx=0.50, yaw_rate=0.03, dir=1
[INFO] [1782625892.666056639] [waypoint_follower]: nearest=2, target=4, dist=1.04, alpha=0.03, vx=0.50, yaw_rate=0.02, dir=1
[INFO] [1782625893.666098861] [waypoint_follower]: nearest=2, target=4, dist=0.67, alpha=0.05, vx=0.50, yaw_rate=0.04, dir=1
[INFO] [1782625894.666179389] [waypoint_follower]: nearest=3, target=5, dist=0.93, alpha=-0.01, vx=0.50, yaw_rate=-0.01, dir=1
[INFO] [1782625895.716819914] [waypoint_follower]: nearest=5, target=7, dist=0.81, alpha=-0.17, vx=0.50, yaw_rate=-0.15, dir=1
[INFO] [1782625896.765992717] [waypoint_follower]: nearest=8, target=10, dist=0.93, alpha=-0.40, vx=0.50, yaw_rate=-0.36, dir=1
[INFO] [1782625897.766420373] [waypoint_follower]: nearest=9, target=11, dist=0.95, alpha=-0.37, vx=0.50, yaw_rate=-0.33, dir=1
[INFO] [1782625898.816921418] [waypoint_follower]: nearest=10, target=12, dist=0.84, alpha=0.01, vx=0.50, yaw_rate=0.01, dir=1
[INFO] [1782625899.866157822] [waypoint_follower]: nearest=11, target=13, dist=0.80, alpha=0.56, vx=0.25, yaw_rate=0.45, dir=1
[INFO] [1782625900.915993432] [waypoint_follower]: nearest=12, target=14, dist=0.76, alpha=0.84, vx=0.25, yaw_rate=0.45, dir=1
[INFO] [1782625901.916132428] [waypoint_follower]: nearest=13, target=15, dist=0.89, alpha=0.38, vx=0.50, yaw_rate=0.34, dir=1
[INFO] [1782625902.966191509] [waypoint_follower]: nearest=13, target=15, dist=0.66, alpha=-0.18, vx=0.50, yaw_rate=-0.16, dir=1
[INFO] [1782625904.016633046] [waypoint_follower]: nearest=14, target=16, dist=0.78, alpha=-0.99, vx=0.25, yaw_rate=-0.45, dir=1
[INFO] [1782625905.066235084] [waypoint_follower]: nearest=15, target=17, dist=0.94, alpha=-0.91, vx=0.25, yaw_rate=-0.45, dir=1
[INFO] [1782625906.116183382] [waypoint_follower]: nearest=15, target=17, dist=0.84, alpha=-0.64, vx=0.25, yaw_rate=-0.45, dir=1
[INFO] [1782625907.166006841] [waypoint_follower]: nearest=16, target=18, dist=0.97, alpha=-0.08, vx=0.50, yaw_rate=-0.08, dir=1
[INFO] [1782625908.166009612] [waypoint_follower]: nearest=16, target=18, dist=0.71, alpha=0.32, vx=0.50, yaw_rate=0.29, dir=1
[INFO] [1782625909.166278915] [waypoint_follower]: nearest=17, target=19, dist=0.70, alpha=0.53, vx=0.25, yaw_rate=0.45, dir=1
[INFO] [1782625910.216928166] [waypoint_follower]: nearest=18, target=20, dist=0.74, alpha=0.04, vx=0.50, yaw_rate=0.03, dir=1
[INFO] [1782625911.266072912] [waypoint_follower]: nearest=19, target=21, dist=0.72, alpha=-0.46, vx=0.50, yaw_rate=-0.41, dir=1
[INFO] [1782625912.269971932] [waypoint_follower]: nearest=20, target=22, dist=0.75, alpha=-0.40, vx=0.50, yaw_rate=-0.36, dir=1
[INFO] [1782625913.316048265] [waypoint_follower]: nearest=22, target=24, dist=1.16, alpha=0.05, vx=0.50, yaw_rate=0.04, dir=1
[INFO] [1782625914.316203144] [waypoint_follower]: nearest=23, target=25, dist=1.15, alpha=0.17, vx=0.50, yaw_rate=0.15, dir=1
[INFO] [1782625915.316193486] [waypoint_follower]: nearest=23, target=25, dist=0.70, alpha=0.09, vx=0.50, yaw_rate=0.08, dir=1
[INFO] [1782625916.366042200] [waypoint_follower]: nearest=25, target=27, dist=1.09, alpha=-0.12, vx=0.50, yaw_rate=-0.11, dir=1
[INFO] [1782625917.416725002] [waypoint_follower]: nearest=26, target=28, dist=1.04, alpha=-0.09, vx=0.50, yaw_rate=-0.08, dir=1
[INFO] [1782625918.416247822] [waypoint_follower]: nearest=27, target=29, dist=0.93, alpha=-0.02, vx=0.50, yaw_rate=-0.02, dir=1
[INFO] [1782625919.465937041] [waypoint_follower]: nearest=28, target=30, dist=0.82, alpha=0.00, vx=0.50, yaw_rate=0.00, dir=1
[INFO] [1782625920.516032834] [waypoint_follower]: nearest=29, target=31, dist=0.71, alpha=-0.02, vx=0.50, yaw_rate=-0.02, dir=1
[INFO] [1782625921.566341780] [waypoint_follower]: nearest=31, target=33, dist=1.06, alpha=0.00, vx=0.50, yaw_rate=0.00, dir=1
[INFO] [1782625922.616327593] [waypoint_follower]: nearest=32, target=34, dist=0.98, alpha=-0.02, vx=0.50, yaw_rate=-0.02, dir=1
[INFO] [1782625923.666134919] [waypoint_follower]: nearest=33, target=35, dist=0.88, alpha=0.07, vx=0.50, yaw_rate=0.06, dir=1
[INFO] [1782625924.715852242] [waypoint_follower]: nearest=34, target=36, dist=0.78, alpha=0.05, vx=0.50, yaw_rate=0.05, dir=1
[INFO] [1782625925.717057184] [waypoint_follower]: nearest=35, target=37, dist=0.72, alpha=0.11, vx=0.50, yaw_rate=0.10, dir=1
[INFO] [1782625926.765913178] [waypoint_follower]: nearest=36, target=38, dist=0.73, alpha=0.09, vx=0.50, yaw_rate=0.08, dir=1
[INFO] [1782625927.765935877] [waypoint_follower]: nearest=37, target=39, dist=0.72, alpha=0.02, vx=0.50, yaw_rate=0.02, dir=1
[INFO] [1782625928.766077630] [waypoint_follower]: nearest=38, target=40, dist=0.66, alpha=0.02, vx=0.50, yaw_rate=0.02, dir=1
[INFO] [1782625929.766141835] [waypoint_follower]: nearest=40, target=42, dist=1.03, alpha=0.01, vx=0.50, yaw_rate=0.01, dir=1
[INFO] [1782625930.816163970] [waypoint_follower]: nearest=41, target=43, dist=0.96, alpha=-0.01, vx=0.50, yaw_rate=-0.01, dir=1
[INFO] [1782625931.816230021] [waypoint_follower]: nearest=42, target=44, dist=0.97, alpha=-0.02, vx=0.50, yaw_rate=-0.02, dir=1
[INFO] [1782625932.866180498] [waypoint_follower]: nearest=43, target=45, dist=0.95, alpha=-0.01, vx=0.50, yaw_rate=-0.01, dir=1
[INFO] [1782625933.916225305] [waypoint_follower]: nearest=44, target=46, dist=0.87, alpha=-0.04, vx=0.50, yaw_rate=-0.03, dir=1
[INFO] [1782625934.916243590] [waypoint_follower]: nearest=45, target=47, dist=0.84, alpha=-0.02, vx=0.50, yaw_rate=-0.02, dir=1
[INFO] [1782625935.965996108] [waypoint_follower]: nearest=46, target=48, dist=0.74, alpha=-0.03, vx=0.50, yaw_rate=-0.03, dir=1
[INFO] [1782625937.018087696] [waypoint_follower]: nearest=47, target=49, dist=0.69, alpha=0.03, vx=0.50, yaw_rate=0.02, dir=1
[INFO] [1782625938.066140557] [waypoint_follower]: nearest=49, target=51, dist=1.01, alpha=-0.04, vx=0.50, yaw_rate=-0.04, dir=1
[INFO] [1782625939.116135385] [waypoint_follower]: nearest=50, target=52, dist=0.98, alpha=-0.03, vx=0.50, yaw_rate=-0.03, dir=1
[INFO] [1782625940.116853043] [waypoint_follower]: nearest=51, target=53, dist=0.87, alpha=-0.03, vx=0.50, yaw_rate=-0.02, dir=1
[INFO] [1782625941.165960507] [waypoint_follower]: nearest=52, target=54, dist=0.82, alpha=-0.01, vx=0.50, yaw_rate=-0.01, dir=1
[INFO] [1782625942.165992996] [waypoint_follower]: nearest=53, target=55, dist=0.75, alpha=-0.01, vx=0.50, yaw_rate=-0.00, dir=1
[INFO] [1782625943.216127077] [waypoint_follower]: nearest=54, target=56, dist=0.71, alpha=-0.05, vx=0.50, yaw_rate=-0.04, dir=1
[INFO] [1782625944.216135701] [waypoint_follower]: nearest=55, target=57, dist=0.66, alpha=-0.00, vx=0.50, yaw_rate=-0.00, dir=1
[INFO] [1782625945.216249502] [waypoint_follower]: nearest=57, target=59, dist=1.04, alpha=0.00, vx=0.50, yaw_rate=0.00, dir=1
[INFO] [1782625946.266096020] [waypoint_follower]: nearest=58, target=60, dist=0.96, alpha=-0.01, vx=0.50, yaw_rate=-0.01, dir=1
[INFO] [1782625947.266331613] [waypoint_follower]: nearest=59, target=61, dist=0.96, alpha=-0.03, vx=0.50, yaw_rate=-0.03, dir=1
[INFO] [1782625948.269936805] [waypoint_follower]: nearest=60, target=62, dist=0.93, alpha=-0.02, vx=0.50, yaw_rate=-0.01, dir=1
[INFO] [1782625949.316286204] [waypoint_follower]: nearest=61, target=63, dist=0.93, alpha=0.01, vx=0.50, yaw_rate=0.01, dir=1
[INFO] [1782625950.365941015] [waypoint_follower]: nearest=62, target=64, dist=0.91, alpha=-0.00, vx=0.50, yaw_rate=-0.00, dir=1
[INFO] [1782625951.416134194] [waypoint_follower]: nearest=63, target=65, dist=0.89, alpha=-0.00, vx=0.50, yaw_rate=-0.00, dir=1
[INFO] [1782625952.466020452] [waypoint_follower]: nearest=64, target=66, dist=0.86, alpha=-0.04, vx=0.50, yaw_rate=-0.03, dir=1
[INFO] [1782625953.516893618] [waypoint_follower]: nearest=65, target=67, dist=0.81, alpha=-0.01, vx=0.50, yaw_rate=-0.01, dir=1
[INFO] [1782625954.566350314] [waypoint_follower]: nearest=66, target=68, dist=0.78, alpha=0.01, vx=0.50, yaw_rate=0.01, dir=1
[INFO] [1782625955.616022301] [waypoint_follower]: nearest=67, target=69, dist=0.76, alpha=0.00, vx=0.50, yaw_rate=0.00, dir=1
[INFO] [1782625956.616135727] [waypoint_follower]: nearest=68, target=70, dist=0.69, alpha=-0.01, vx=0.50, yaw_rate=-0.01, dir=1
[INFO] [1782625957.665954914] [waypoint_follower]: nearest=70, target=72, dist=1.05, alpha=-0.01, vx=0.50, yaw_rate=-0.01, dir=1
[INFO] [1782625958.666039476] [waypoint_follower]: nearest=71, target=73, dist=1.05, alpha=-0.01, vx=0.50, yaw_rate=-0.01, dir=1
[INFO] [1782625959.665968233] [waypoint_follower]: nearest=72, target=74, dist=1.02, alpha=-0.02, vx=0.50, yaw_rate=-0.02, dir=1
[INFO] [1782625960.716589761] [waypoint_follower]: nearest=73, target=75, dist=0.95, alpha=-0.03, vx=0.50, yaw_rate=-0.03, dir=1
[INFO] [1782625961.717218294] [waypoint_follower]: nearest=74, target=76, dist=0.94, alpha=-0.04, vx=0.50, yaw_rate=-0.03, dir=1
[INFO] [1782625962.765956630] [waypoint_follower]: nearest=75, target=77, dist=0.88, alpha=0.01, vx=0.50, yaw_rate=0.01, dir=1
[INFO] [1782625963.766090008] [waypoint_follower]: nearest=76, target=78, dist=0.87, alpha=0.04, vx=0.50, yaw_rate=0.03, dir=1
[INFO] [1782625964.816081839] [waypoint_follower]: nearest=77, target=79, dist=0.89, alpha=-0.05, vx=0.50, yaw_rate=-0.04, dir=1
[INFO] [1782625965.822670949] [waypoint_follower]: nearest=78, target=80, dist=0.83, alpha=-0.01, vx=0.50, yaw_rate=-0.01, dir=1
[INFO] [1782625966.865897515] [waypoint_follower]: nearest=79, target=81, dist=0.73, alpha=-0.02, vx=0.50, yaw_rate=-0.02, dir=1
[INFO] [1782625967.866073010] [waypoint_follower]: nearest=80, target=82, dist=0.69, alpha=0.00, vx=0.50, yaw_rate=0.00, dir=1
[INFO] [1782625968.866236118] [waypoint_follower]: nearest=81, target=83, dist=0.66, alpha=-0.06, vx=0.50, yaw_rate=-0.05, dir=1
[INFO] [1782625969.916795557] [waypoint_follower]: nearest=83, target=85, dist=1.06, alpha=-0.03, vx=0.50, yaw_rate=-0.02, dir=1
[INFO] [1782625970.966148555] [waypoint_follower]: nearest=84, target=86, dist=1.00, alpha=-0.05, vx=0.50, yaw_rate=-0.05, dir=1
[INFO] [1782625972.016208469] [waypoint_follower]: nearest=85, target=87, dist=1.02, alpha=-0.03, vx=0.50, yaw_rate=-0.03, dir=1
[INFO] [1782625973.066136790] [waypoint_follower]: nearest=86, target=88, dist=0.92, alpha=0.00, vx=0.50, yaw_rate=0.00, dir=1
[INFO] [1782625974.116128751] [waypoint_follower]: nearest=87, target=89, dist=0.88, alpha=0.01, vx=0.50, yaw_rate=0.01, dir=1
[INFO] [1782625975.116358740] [waypoint_follower]: nearest=88, target=90, dist=0.80, alpha=-0.02, vx=0.50, yaw_rate=-0.02, dir=1
[INFO] [1782625976.165906209] [waypoint_follower]: nearest=89, target=91, dist=0.76, alpha=0.00, vx=0.50, yaw_rate=0.00, dir=1
[INFO] [1782625977.165924396] [waypoint_follower]: nearest=90, target=92, dist=0.69, alpha=-0.00, vx=0.50, yaw_rate=-0.00, dir=1
[INFO] [1782625978.165951069] [waypoint_follower]: nearest=91, target=93, dist=0.64, alpha=-0.03, vx=0.50, yaw_rate=-0.02, dir=1
[INFO] [1782625979.165975060] [waypoint_follower]: nearest=93, target=95, dist=1.05, alpha=0.00, vx=0.50, yaw_rate=0.00, dir=1
[INFO] [1782625980.166117921] [waypoint_follower]: nearest=94, target=96, dist=1.03, alpha=-0.05, vx=0.50, yaw_rate=-0.05, dir=1
[INFO] [1782625981.216205401] [waypoint_follower]: nearest=95, target=97, dist=1.00, alpha=-0.03, vx=0.50, yaw_rate=-0.02, dir=1
[INFO] [1782625982.216240384] [waypoint_follower]: nearest=96, target=98, dist=1.00, alpha=-0.01, vx=0.50, yaw_rate=-0.01, dir=1
[INFO] [1782625983.265928350] [waypoint_follower]: nearest=97, target=99, dist=0.93, alpha=-0.03, vx=0.50, yaw_rate=-0.03, dir=1
[INFO] [1782625984.265954286] [waypoint_follower]: nearest=98, target=100, dist=0.94, alpha=0.01, vx=0.50, yaw_rate=0.01, dir=1
[INFO] [1782625985.317115800] [waypoint_follower]: nearest=99, target=101, dist=0.85, alpha=0.01, vx=0.50, yaw_rate=0.01, dir=1
[INFO] [1782625986.365959971] [waypoint_follower]: nearest=100, target=102, dist=0.82, alpha=-0.02, vx=0.50, yaw_rate=-0.02, dir=1
[INFO] [1782625987.365941854] [waypoint_follower]: nearest=101, target=103, dist=0.81, alpha=0.00, vx=0.50, yaw_rate=0.00, dir=1
[INFO] [1782625988.416230581] [waypoint_follower]: nearest=102, target=104, dist=0.76, alpha=-0.04, vx=0.50, yaw_rate=-0.04, dir=1
[INFO] [1782625989.465857656] [waypoint_follower]: nearest=103, target=105, dist=0.68, alpha=-0.02, vx=0.50, yaw_rate=-0.02, dir=1
[INFO] [1782625990.466018240] [waypoint_follower]: nearest=105, target=107, dist=1.05, alpha=0.00, vx=0.50, yaw_rate=0.00, dir=1
[INFO] [1782625991.466129297] [waypoint_follower]: nearest=106, target=108, dist=1.03, alpha=0.02, vx=0.50, yaw_rate=0.02, dir=1
[INFO] [1782625992.516262204] [waypoint_follower]: nearest=107, target=109, dist=1.01, alpha=0.01, vx=0.50, yaw_rate=0.01, dir=1
[INFO] [1782625993.566334110] [waypoint_follower]: nearest=108, target=110, dist=0.93, alpha=-0.04, vx=0.50, yaw_rate=-0.03, dir=1
[INFO] [1782625994.566360741] [waypoint_follower]: nearest=109, target=111, dist=0.97, alpha=-0.03, vx=0.50, yaw_rate=-0.03, dir=1
[INFO] [1782625995.566700355] [waypoint_follower]: nearest=110, target=112, dist=0.95, alpha=0.01, vx=0.50, yaw_rate=0.01, dir=1
[INFO] [1782625996.567087193] [waypoint_follower]: nearest=111, target=113, dist=0.92, alpha=-0.01, vx=0.50, yaw_rate=-0.01, dir=1
[INFO] [1782625997.616253421] [waypoint_follower]: nearest=112, target=114, dist=0.89, alpha=-0.04, vx=0.50, yaw_rate=-0.03, dir=1
[INFO] [1782625998.616937413] [waypoint_follower]: nearest=113, target=115, dist=0.80, alpha=-0.06, vx=0.50, yaw_rate=-0.06, dir=1
[INFO] [1782625999.617395222] [waypoint_follower]: nearest=114, target=116, dist=0.73, alpha=-0.02, vx=0.50, yaw_rate=-0.02, dir=1
[INFO] [1782626000.665887287] [waypoint_follower]: nearest=115, target=117, dist=0.79, alpha=-0.02, vx=0.50, yaw_rate=-0.01, dir=1
[INFO] [1782626001.666041959] [waypoint_follower]: nearest=116, target=118, dist=0.80, alpha=-0.07, vx=0.50, yaw_rate=-0.06, dir=1
[INFO] [1782626002.716280170] [waypoint_follower]: nearest=117, target=119, dist=0.77, alpha=-0.06, vx=0.50, yaw_rate=-0.05, dir=1
[INFO] [1782626003.716151582] [waypoint_follower]: nearest=118, target=120, dist=0.81, alpha=-0.10, vx=0.50, yaw_rate=-0.09, dir=1
[INFO] [1782626004.765915007] [waypoint_follower]: nearest=119, target=121, dist=0.71, alpha=-0.07, vx=0.50, yaw_rate=-0.06, dir=1
[INFO] [1782626005.765935437] [waypoint_follower]: nearest=120, target=122, dist=0.75, alpha=-0.02, vx=0.50, yaw_rate=-0.02, dir=1
[INFO] [1782626006.766118633] [waypoint_follower]: nearest=121, target=123, dist=0.69, alpha=-0.04, vx=0.50, yaw_rate=-0.03, dir=1
[INFO] [1782626007.766181968] [waypoint_follower]: nearest=122, target=124, dist=0.65, alpha=-0.05, vx=0.50, yaw_rate=-0.05, dir=1
[INFO] [1782626008.816043033] [waypoint_follower]: nearest=124, target=126, dist=1.07, alpha=-0.06, vx=0.50, yaw_rate=-0.06, dir=1
[INFO] [1782626009.816217403] [waypoint_follower]: nearest=125, target=127, dist=1.10, alpha=-0.07, vx=0.50, yaw_rate=-0.06, dir=1
[INFO] [1782626010.865935474] [waypoint_follower]: nearest=126, target=128, dist=1.01, alpha=-0.05, vx=0.50, yaw_rate=-0.04, dir=1
[INFO] [1782626011.916164434] [waypoint_follower]: nearest=127, target=129, dist=0.97, alpha=-0.11, vx=0.50, yaw_rate=-0.10, dir=1
[INFO] [1782626012.965923719] [waypoint_follower]: nearest=128, target=130, dist=0.87, alpha=-0.04, vx=0.50, yaw_rate=-0.03, dir=1
[INFO] [1782626014.016098713] [waypoint_follower]: nearest=129, target=131, dist=0.80, alpha=-0.07, vx=0.50, yaw_rate=-0.07, dir=1
[INFO] [1782626015.016125820] [waypoint_follower]: nearest=130, target=132, dist=0.78, alpha=-0.06, vx=0.50, yaw_rate=-0.05, dir=1
[INFO] [1782626016.065942788] [waypoint_follower]: nearest=131, target=133, dist=0.73, alpha=-0.05, vx=0.50, yaw_rate=-0.05, dir=1
[INFO] [1782626017.066026916] [waypoint_follower]: nearest=132, target=134, dist=0.71, alpha=-0.04, vx=0.50, yaw_rate=-0.03, dir=1
[INFO] [1782626018.116147416] [waypoint_follower]: nearest=133, target=135, dist=0.65, alpha=-0.05, vx=0.50, yaw_rate=-0.04, dir=1
[INFO] [1782626019.116197327] [waypoint_follower]: nearest=135, target=137, dist=0.98, alpha=-0.03, vx=0.50, yaw_rate=-0.03, dir=1
[INFO] [1782626020.165997129] [waypoint_follower]: nearest=136, target=138, dist=0.92, alpha=-0.05, vx=0.50, yaw_rate=-0.05, dir=1
[INFO] [1782626021.216118586] [waypoint_follower]: nearest=137, target=139, dist=0.86, alpha=-0.11, vx=0.50, yaw_rate=-0.10, dir=1
[INFO] [1782626022.265923323] [waypoint_follower]: nearest=138, target=140, dist=0.79, alpha=-0.08, vx=0.50, yaw_rate=-0.07, dir=1
[INFO] [1782626023.316199910] [waypoint_follower]: nearest=139, target=141, dist=0.74, alpha=-0.22, vx=0.50, yaw_rate=-0.20, dir=1
[INFO] [1782626024.365942505] [waypoint_follower]: nearest=141, target=143, dist=1.11, alpha=-0.09, vx=0.50, yaw_rate=-0.08, dir=1
[INFO] [1782626025.365956713] [waypoint_follower]: nearest=142, target=144, dist=1.06, alpha=-0.10, vx=0.50, yaw_rate=-0.09, dir=1
[INFO] [1782626026.416866373] [waypoint_follower]: nearest=143, target=145, dist=0.99, alpha=-0.10, vx=0.50, yaw_rate=-0.09, dir=1
[INFO] [1782626027.465896897] [waypoint_follower]: nearest=144, target=146, dist=0.92, alpha=-0.11, vx=0.50, yaw_rate=-0.10, dir=1
[INFO] [1782626028.466086809] [waypoint_follower]: nearest=145, target=147, dist=0.86, alpha=-0.12, vx=0.50, yaw_rate=-0.11, dir=1
[INFO] [1782626029.516108574] [waypoint_follower]: nearest=146, target=148, dist=0.77, alpha=-0.13, vx=0.50, yaw_rate=-0.11, dir=1
[INFO] [1782626030.516238679] [waypoint_follower]: nearest=147, target=149, dist=0.74, alpha=-0.13, vx=0.50, yaw_rate=-0.12, dir=1
[INFO] [1782626031.516453538] [waypoint_follower]: nearest=149, target=151, dist=1.09, alpha=-0.08, vx=0.50, yaw_rate=-0.07, dir=1
[INFO] [1782626032.566196292] [waypoint_follower]: nearest=150, target=152, dist=0.98, alpha=-0.05, vx=0.50, yaw_rate=-0.04, dir=1
[INFO] [1782626033.566617874] [waypoint_follower]: nearest=151, target=153, dist=1.03, alpha=-0.03, vx=0.50, yaw_rate=-0.03, dir=1
[INFO] [1782626034.566751210] [waypoint_follower]: nearest=152, target=154, dist=0.97, alpha=-0.02, vx=0.50, yaw_rate=-0.02, dir=1
[INFO] [1782626035.616090624] [waypoint_follower]: nearest=153, target=155, dist=0.91, alpha=-0.01, vx=0.50, yaw_rate=-0.01, dir=1
[INFO] [1782626036.665830048] [waypoint_follower]: nearest=154, target=156, dist=0.81, alpha=-0.00, vx=0.50, yaw_rate=-0.00, dir=1
[INFO] [1782626037.665939114] [waypoint_follower]: nearest=155, target=157, dist=0.78, alpha=0.02, vx=0.50, yaw_rate=0.02, dir=1
[INFO] [1782626038.716113599] [waypoint_follower]: nearest=156, target=158, dist=0.72, alpha=-0.04, vx=0.50, yaw_rate=-0.04, dir=1
[INFO] [1782626039.716201913] [waypoint_follower]: nearest=157, target=159, dist=0.74, alpha=-0.02, vx=0.50, yaw_rate=-0.02, dir=1
[INFO] [1782626040.765929793] [waypoint_follower]: nearest=159, target=161, dist=1.05, alpha=-0.00, vx=0.50, yaw_rate=-0.00, dir=1
[INFO] [1782626041.766011153] [waypoint_follower]: nearest=160, target=162, dist=1.03, alpha=-0.01, vx=0.50, yaw_rate=-0.01, dir=1
[INFO] [1782626042.765928765] [waypoint_follower]: nearest=161, target=163, dist=1.01, alpha=-0.05, vx=0.50, yaw_rate=-0.05, dir=1
[INFO] [1782626043.816278747] [waypoint_follower]: nearest=162, target=164, dist=1.00, alpha=-0.05, vx=0.50, yaw_rate=-0.05, dir=1
[INFO] [1782626044.865995445] [waypoint_follower]: nearest=163, target=165, dist=0.88, alpha=-0.00, vx=0.50, yaw_rate=-0.00, dir=1
[INFO] [1782626045.865918693] [waypoint_follower]: nearest=164, target=166, dist=0.84, alpha=0.03, vx=0.50, yaw_rate=0.02, dir=1
[INFO] [1782626046.866273494] [waypoint_follower]: nearest=165, target=167, dist=0.86, alpha=-0.04, vx=0.50, yaw_rate=-0.04, dir=1
[INFO] [1782626047.916482847] [waypoint_follower]: nearest=166, target=168, dist=0.80, alpha=-0.03, vx=0.50, yaw_rate=-0.02, dir=1
[INFO] [1782626048.966165106] [waypoint_follower]: nearest=167, target=169, dist=0.70, alpha=0.06, vx=0.50, yaw_rate=0.05, dir=1
[INFO] [1782626050.016152234] [waypoint_follower]: nearest=169, target=171, dist=1.09, alpha=-0.03, vx=0.50, yaw_rate=-0.03, dir=1
[INFO] [1782626051.016144522] [waypoint_follower]: nearest=170, target=172, dist=1.06, alpha=-0.06, vx=0.50, yaw_rate=-0.06, dir=1
[INFO] [1782626052.016121981] [waypoint_follower]: nearest=171, target=173, dist=1.02, alpha=-0.04, vx=0.50, yaw_rate=-0.03, dir=1
[INFO] [1782626053.066135412] [waypoint_follower]: nearest=172, target=174, dist=0.95, alpha=-0.05, vx=0.50, yaw_rate=-0.05, dir=1
[INFO] [1782626054.066133997] [waypoint_follower]: nearest=173, target=175, dist=0.93, alpha=0.01, vx=0.50, yaw_rate=0.01, dir=1
[INFO] [1782626055.116004843] [waypoint_follower]: nearest=174, target=176, dist=0.94, alpha=-0.02, vx=0.50, yaw_rate=-0.02, dir=1
[INFO] [1782626056.116142745] [waypoint_follower]: nearest=175, target=177, dist=0.91, alpha=-0.01, vx=0.50, yaw_rate=-0.01, dir=1
[INFO] [1782626057.116201013] [waypoint_follower]: nearest=176, target=178, dist=0.91, alpha=-0.00, vx=0.50, yaw_rate=-0.00, dir=1
[INFO] [1782626058.116212739] [waypoint_follower]: nearest=177, target=179, dist=0.85, alpha=-0.05, vx=0.50, yaw_rate=-0.05, dir=1
[INFO] [1782626059.116379803] [waypoint_follower]: nearest=178, target=180, dist=0.78, alpha=-0.01, vx=0.50, yaw_rate=-0.01, dir=1
[INFO] [1782626060.166192033] [waypoint_follower]: nearest=179, target=181, dist=0.66, alpha=-0.00, vx=0.50, yaw_rate=-0.00, dir=1
[INFO] [1782626061.166099176] [waypoint_follower]: nearest=181, target=183, dist=1.09, alpha=-0.05, vx=0.50, yaw_rate=-0.04, dir=1
[INFO] [1782626062.216130533] [waypoint_follower]: nearest=182, target=184, dist=1.02, alpha=-0.00, vx=0.50, yaw_rate=-0.00, dir=1
[INFO] [1782626063.216281300] [waypoint_follower]: nearest=183, target=185, dist=1.01, alpha=-0.05, vx=0.50, yaw_rate=-0.04, dir=1
[INFO] [1782626064.266143200] [waypoint_follower]: nearest=184, target=186, dist=0.89, alpha=-0.05, vx=0.50, yaw_rate=-0.04, dir=1
[INFO] [1782626065.265937816] [waypoint_follower]: nearest=185, target=187, dist=0.91, alpha=-0.02, vx=0.50, yaw_rate=-0.02, dir=1
[INFO] [1782626066.265961093] [waypoint_follower]: nearest=186, target=188, dist=0.85, alpha=-0.02, vx=0.50, yaw_rate=-0.02, dir=1
[INFO] [1782626067.266013202] [waypoint_follower]: nearest=187, target=189, dist=0.83, alpha=0.01, vx=0.50, yaw_rate=0.01, dir=1
[INFO] [1782626068.266197642] [waypoint_follower]: nearest=188, target=190, dist=0.78, alpha=0.00, vx=0.50, yaw_rate=0.00, dir=1
[INFO] [1782626069.266140486] [waypoint_follower]: nearest=189, target=191, dist=0.72, alpha=-0.01, vx=0.50, yaw_rate=-0.01, dir=1
[INFO] [1782626070.316076952] [waypoint_follower]: nearest=190, target=192, dist=0.67, alpha=-0.02, vx=0.50, yaw_rate=-0.02, dir=1
[INFO] [1782626071.365869805] [waypoint_follower]: nearest=192, target=194, dist=1.00, alpha=-0.04, vx=0.50, yaw_rate=-0.03, dir=1
[INFO] [1782626072.416070464] [waypoint_follower]: nearest=193, target=195, dist=0.93, alpha=-0.03, vx=0.50, yaw_rate=-0.02, dir=1
[INFO] [1782626073.416101069] [waypoint_follower]: nearest=194, target=196, dist=0.87, alpha=0.00, vx=0.50, yaw_rate=0.00, dir=1
[INFO] [1782626074.416249063] [waypoint_follower]: nearest=195, target=197, dist=0.81, alpha=-0.01, vx=0.50, yaw_rate=-0.01, dir=1
[INFO] [1782626075.466303761] [waypoint_follower]: nearest=196, target=198, dist=0.74, alpha=-0.02, vx=0.50, yaw_rate=-0.02, dir=1
[INFO] [1782626076.516266181] [waypoint_follower]: nearest=197, target=199, dist=0.66, alpha=0.00, vx=0.50, yaw_rate=0.00, dir=1
[INFO] [1782626077.566481258] [waypoint_follower]: nearest=199, target=201, dist=0.97, alpha=-0.03, vx=0.50, yaw_rate=-0.02, dir=1
[INFO] [1782626078.616106757] [waypoint_follower]: nearest=200, target=202, dist=0.95, alpha=-0.01, vx=0.50, yaw_rate=-0.00, dir=1
[INFO] [1782626079.616256238] [waypoint_follower]: nearest=201, target=203, dist=0.88, alpha=-0.03, vx=0.50, yaw_rate=-0.03, dir=1
[INFO] [1782626080.669794718] [waypoint_follower]: nearest=202, target=204, dist=0.75, alpha=-0.05, vx=0.50, yaw_rate=-0.04, dir=1
[INFO] [1782626081.670019631] [waypoint_follower]: nearest=203, target=205, dist=0.66, alpha=-0.00, vx=0.50, yaw_rate=-0.00, dir=1
[INFO] [1782626082.716222662] [waypoint_follower]: nearest=205, target=207, dist=1.03, alpha=-0.03, vx=0.50, yaw_rate=-0.03, dir=1
[INFO] [1782626083.766201415] [waypoint_follower]: nearest=206, target=208, dist=0.92, alpha=-0.03, vx=0.50, yaw_rate=-0.02, dir=1
[INFO] [1782626084.816214918] [waypoint_follower]: nearest=207, target=209, dist=0.89, alpha=-0.01, vx=0.50, yaw_rate=-0.00, dir=1
[INFO] [1782626085.817223148] [waypoint_follower]: nearest=208, target=210, dist=0.79, alpha=-0.02, vx=0.50, yaw_rate=-0.02, dir=1
[INFO] [1782626086.865880948] [waypoint_follower]: nearest=209, target=211, dist=0.77, alpha=0.03, vx=0.50, yaw_rate=0.03, dir=1
[INFO] [1782626087.865984513] [waypoint_follower]: nearest=210, target=212, dist=0.73, alpha=-0.01, vx=0.50, yaw_rate=-0.01, dir=1
[INFO] [1782626088.865935493] [waypoint_follower]: nearest=211, target=213, dist=0.71, alpha=-0.04, vx=0.50, yaw_rate=-0.03, dir=1
[INFO] [1782626089.866014142] [waypoint_follower]: nearest=213, target=215, dist=1.20, alpha=-0.02, vx=0.50, yaw_rate=-0.02, dir=1
[INFO] [1782626090.866072956] [waypoint_follower]: nearest=214, target=216, dist=1.15, alpha=-0.03, vx=0.50, yaw_rate=-0.03, dir=1
[INFO] [1782626091.916192706] [waypoint_follower]: nearest=215, target=217, dist=1.14, alpha=-0.07, vx=0.50, yaw_rate=-0.06, dir=1
[INFO] [1782626092.965903353] [waypoint_follower]: nearest=216, target=218, dist=1.05, alpha=-0.03, vx=0.50, yaw_rate=-0.03, dir=1
[INFO] [1782626094.016072188] [waypoint_follower]: nearest=217, target=219, dist=1.00, alpha=-0.00, vx=0.50, yaw_rate=-0.00, dir=1
[INFO] [1782626095.016851482] [waypoint_follower]: nearest=218, target=220, dist=0.97, alpha=-0.02, vx=0.50, yaw_rate=-0.02, dir=1
[INFO] [1782626096.066042069] [waypoint_follower]: nearest=219, target=221, dist=0.97, alpha=-0.03, vx=0.50, yaw_rate=-0.02, dir=1
[INFO] [1782626097.116100874] [waypoint_follower]: nearest=220, target=222, dist=0.92, alpha=-0.03, vx=0.50, yaw_rate=-0.03, dir=1
[INFO] [1782626098.165862049] [waypoint_follower]: nearest=221, target=223, dist=0.84, alpha=-0.03, vx=0.50, yaw_rate=-0.03, dir=1
[INFO] [1782626099.165930960] [waypoint_follower]: nearest=222, target=224, dist=0.83, alpha=0.00, vx=0.50, yaw_rate=0.00, dir=1
[INFO] [1782626100.166080499] [waypoint_follower]: nearest=223, target=225, dist=0.82, alpha=-0.00, vx=0.50, yaw_rate=-0.00, dir=1
[INFO] [1782626101.216258179] [waypoint_follower]: nearest=224, target=226, dist=0.78, alpha=0.02, vx=0.50, yaw_rate=0.02, dir=1
[INFO] [1782626102.266065487] [waypoint_follower]: nearest=225, target=227, dist=0.73, alpha=-0.01, vx=0.50, yaw_rate=-0.01, dir=1
[INFO] [1782626103.266169290] [waypoint_follower]: nearest=227, target=229, dist=1.18, alpha=-0.02, vx=0.50, yaw_rate=-0.02, dir=1
[INFO] [1782626104.316139281] [waypoint_follower]: nearest=228, target=230, dist=1.17, alpha=-0.01, vx=0.50, yaw_rate=-0.01, dir=1
[INFO] [1782626105.366149216] [waypoint_follower]: nearest=229, target=231, dist=1.12, alpha=-0.03, vx=0.50, yaw_rate=-0.02, dir=1
[INFO] [1782626106.419883029] [waypoint_follower]: nearest=230, target=232, dist=1.03, alpha=-0.03, vx=0.50, yaw_rate=-0.03, dir=1
[INFO] [1782626107.465839848] [waypoint_follower]: nearest=231, target=233, dist=1.01, alpha=-0.03, vx=0.50, yaw_rate=-0.02, dir=1
[INFO] [1782626108.466260281] [waypoint_follower]: nearest=232, target=234, dist=0.96, alpha=-0.03, vx=0.50, yaw_rate=-0.03, dir=1
[INFO] [1782626109.516137298] [waypoint_follower]: nearest=233, target=235, dist=0.96, alpha=-0.01, vx=0.50, yaw_rate=-0.01, dir=1
[INFO] [1782626110.516337417] [waypoint_follower]: nearest=234, target=236, dist=0.95, alpha=0.00, vx=0.50, yaw_rate=0.00, dir=1
[INFO] [1782626111.566627294] [waypoint_follower]: nearest=235, target=237, dist=0.85, alpha=-0.01, vx=0.50, yaw_rate=-0.01, dir=1
[INFO] [1782626112.566475758] [waypoint_follower]: nearest=236, target=238, dist=0.83, alpha=-0.05, vx=0.50, yaw_rate=-0.05, dir=1
[INFO] [1782626113.616537440] [waypoint_follower]: nearest=237, target=239, dist=0.77, alpha=0.00, vx=0.50, yaw_rate=0.00, dir=1
[INFO] [1782626114.666045376] [waypoint_follower]: nearest=238, target=240, dist=0.74, alpha=-0.01, vx=0.50, yaw_rate=-0.01, dir=1
[INFO] [1782626115.716187818] [waypoint_follower]: nearest=239, target=241, dist=0.74, alpha=0.01, vx=0.50, yaw_rate=0.00, dir=1
[INFO] [1782626116.716173636] [waypoint_follower]: nearest=240, target=242, dist=0.69, alpha=0.01, vx=0.50, yaw_rate=0.00, dir=1
[INFO] [1782626117.766081645] [waypoint_follower]: nearest=242, target=244, dist=1.09, alpha=-0.02, vx=0.50, yaw_rate=-0.02, dir=1
[INFO] [1782626118.766145714] [waypoint_follower]: nearest=243, target=245, dist=1.07, alpha=-0.04, vx=0.50, yaw_rate=-0.04, dir=1
[INFO] [1782626119.816145695] [waypoint_follower]: nearest=244, target=246, dist=1.00, alpha=-0.01, vx=0.50, yaw_rate=-0.01, dir=1
[INFO] [1782626120.865803763] [waypoint_follower]: nearest=245, target=247, dist=0.97, alpha=-0.03, vx=0.50, yaw_rate=-0.02, dir=1
[INFO] [1782626121.865918418] [waypoint_follower]: nearest=246, target=248, dist=0.93, alpha=-0.00, vx=0.50, yaw_rate=-0.00, dir=1
[INFO] [1782626122.865977410] [waypoint_follower]: nearest=247, target=249, dist=0.90, alpha=-0.03, vx=0.50, yaw_rate=-0.03, dir=1
[INFO] [1782626123.915828503] [waypoint_follower]: nearest=248, target=250, dist=0.82, alpha=-0.02, vx=0.50, yaw_rate=-0.02, dir=1
[INFO] [1782626124.915918483] [waypoint_follower]: nearest=249, target=251, dist=0.82, alpha=-0.02, vx=0.50, yaw_rate=-0.02, dir=1
[INFO] [1782626125.965897044] [waypoint_follower]: nearest=250, target=252, dist=0.81, alpha=-0.04, vx=0.50, yaw_rate=-0.04, dir=1
[INFO] [1782626126.965861004] [waypoint_follower]: nearest=251, target=253, dist=0.80, alpha=0.01, vx=0.50, yaw_rate=0.01, dir=1
[INFO] [1782626128.016245686] [waypoint_follower]: nearest=252, target=254, dist=0.71, alpha=-0.01, vx=0.50, yaw_rate=-0.01, dir=1
[INFO] [1782626129.065900192] [waypoint_follower]: nearest=254, target=256, dist=1.15, alpha=-0.02, vx=0.50, yaw_rate=-0.01, dir=1
[INFO] [1782626130.066082543] [waypoint_follower]: nearest=255, target=257, dist=1.18, alpha=-0.04, vx=0.50, yaw_rate=-0.04, dir=1
[INFO] [1782626131.066287130] [waypoint_follower]: nearest=256, target=258, dist=1.16, alpha=-0.04, vx=0.50, yaw_rate=-0.04, dir=1
[INFO] [1782626132.116175988] [waypoint_follower]: nearest=257, target=259, dist=1.14, alpha=-0.00, vx=0.50, yaw_rate=-0.00, dir=1
[INFO] [1782626133.166200396] [waypoint_follower]: nearest=258, target=260, dist=1.10, alpha=-0.00, vx=0.50, yaw_rate=-0.00, dir=1
[INFO] [1782626134.215986716] [waypoint_follower]: nearest=259, target=261, dist=1.03, alpha=-0.02, vx=0.50, yaw_rate=-0.02, dir=1
[INFO] [1782626135.265760444] [waypoint_follower]: nearest=260, target=262, dist=1.01, alpha=-0.03, vx=0.50, yaw_rate=-0.02, dir=1
[INFO] [1782626136.265918772] [waypoint_follower]: nearest=261, target=263, dist=0.98, alpha=-0.03, vx=0.50, yaw_rate=-0.02, dir=1
[INFO] [1782626137.266056645] [waypoint_follower]: nearest=262, target=264, dist=0.99, alpha=-0.05, vx=0.50, yaw_rate=-0.04, dir=1
[INFO] [1782626138.315852936] [waypoint_follower]: nearest=263, target=265, dist=0.90, alpha=-0.02, vx=0.50, yaw_rate=-0.02, dir=1
[INFO] [1782626139.316051316] [waypoint_follower]: nearest=264, target=266, dist=0.88, alpha=0.01, vx=0.50, yaw_rate=0.01, dir=1
[INFO] [1782626140.365907625] [waypoint_follower]: nearest=265, target=267, dist=0.81, alpha=-0.01, vx=0.50, yaw_rate=-0.01, dir=1
[INFO] [1782626141.415934306] [waypoint_follower]: nearest=266, target=268, dist=0.73, alpha=-0.02, vx=0.50, yaw_rate=-0.02, dir=1
[INFO] [1782626142.465856805] [waypoint_follower]: nearest=267, target=269, dist=0.66, alpha=0.01, vx=0.50, yaw_rate=0.01, dir=1
[INFO] [1782626143.515811424] [waypoint_follower]: nearest=269, target=271, dist=1.01, alpha=-0.04, vx=0.50, yaw_rate=-0.04, dir=1
[INFO] [1782626144.516528770] [waypoint_follower]: nearest=270, target=272, dist=1.03, alpha=-0.03, vx=0.50, yaw_rate=-0.02, dir=1
[INFO] [1782626145.566358944] [waypoint_follower]: nearest=271, target=273, dist=0.98, alpha=-0.02, vx=0.50, yaw_rate=-0.02, dir=1
[INFO] [1782626146.566495553] [waypoint_follower]: nearest=272, target=274, dist=0.97, alpha=-0.02, vx=0.50, yaw_rate=-0.02, dir=1
[INFO] [1782626147.566481524] [waypoint_follower]: nearest=273, target=275, dist=0.94, alpha=-0.02, vx=0.50, yaw_rate=-0.01, dir=1
[INFO] [1782626148.566896562] [waypoint_follower]: nearest=274, target=276, dist=0.91, alpha=-0.01, vx=0.50, yaw_rate=-0.01, dir=1
[INFO] [1782626149.616534854] [waypoint_follower]: nearest=275, target=277, dist=0.83, alpha=-0.01, vx=0.50, yaw_rate=-0.01, dir=1
[INFO] [1782626150.666043748] [waypoint_follower]: nearest=276, target=278, dist=0.83, alpha=-0.01, vx=0.50, yaw_rate=-0.01, dir=1
[INFO] [1782626151.666492671] [waypoint_follower]: nearest=277, target=279, dist=0.78, alpha=0.01, vx=0.50, yaw_rate=0.00, dir=1
[INFO] [1782626152.715841699] [waypoint_follower]: nearest=278, target=280, dist=0.72, alpha=-0.01, vx=0.50, yaw_rate=-0.01, dir=1
[INFO] [1782626153.766009425] [waypoint_follower]: nearest=279, target=281, dist=0.72, alpha=0.02, vx=0.50, yaw_rate=0.02, dir=1
[INFO] [1782626154.815872922] [waypoint_follower]: nearest=281, target=283, dist=1.11, alpha=-0.03, vx=0.50, yaw_rate=-0.03, dir=1
[INFO] [1782626155.815877060] [waypoint_follower]: nearest=282, target=284, dist=1.09, alpha=-0.05, vx=0.50, yaw_rate=-0.04, dir=1
[INFO] [1782626156.816741255] [waypoint_follower]: nearest=283, target=285, dist=1.07, alpha=-0.02, vx=0.50, yaw_rate=-0.02, dir=1
[INFO] [1782626157.865831964] [waypoint_follower]: nearest=284, target=286, dist=1.01, alpha=-0.02, vx=0.50, yaw_rate=-0.02, dir=1
[INFO] [1782626158.915858823] [waypoint_follower]: nearest=285, target=287, dist=0.97, alpha=-0.02, vx=0.50, yaw_rate=-0.01, dir=1
[INFO] [1782626159.915888667] [waypoint_follower]: nearest=286, target=288, dist=0.97, alpha=-0.04, vx=0.50, yaw_rate=-0.04, dir=1
[INFO] [1782626160.918264986] [waypoint_follower]: nearest=287, target=289, dist=0.93, alpha=-0.05, vx=0.50, yaw_rate=-0.05, dir=1
[INFO] [1782626161.965816111] [waypoint_follower]: nearest=288, target=290, dist=0.91, alpha=-0.01, vx=0.50, yaw_rate=-0.01, dir=1
[INFO] [1782626163.015923354] [waypoint_follower]: nearest=289, target=291, dist=0.81, alpha=-0.01, vx=0.50, yaw_rate=-0.01, dir=1
[INFO] [1782626164.015968956] [waypoint_follower]: nearest=290, target=292, dist=0.80, alpha=-0.01, vx=0.50, yaw_rate=-0.01, dir=1
[INFO] [1782626165.065825994] [waypoint_follower]: nearest=291, target=293, dist=0.75, alpha=0.01, vx=0.50, yaw_rate=0.00, dir=1
[INFO] [1782626166.065850642] [waypoint_follower]: nearest=292, target=294, dist=0.71, alpha=-0.02, vx=0.50, yaw_rate=-0.01, dir=1
[INFO] [1782626167.066032945] [waypoint_follower]: nearest=294, target=296, dist=1.11, alpha=-0.03, vx=0.50, yaw_rate=-0.03, dir=1
[INFO] [1782626168.066661602] [waypoint_follower]: nearest=295, target=297, dist=1.06, alpha=-0.01, vx=0.50, yaw_rate=-0.01, dir=1
[INFO] [1782626169.066093063] [waypoint_follower]: nearest=296, target=298, dist=1.06, alpha=-0.02, vx=0.50, yaw_rate=-0.02, dir=1
[INFO] [1782626170.116409740] [waypoint_follower]: nearest=297, target=299, dist=1.01, alpha=-0.02, vx=0.50, yaw_rate=-0.02, dir=1
[INFO] [1782626171.166282822] [waypoint_follower]: nearest=298, target=300, dist=0.89, alpha=0.00, vx=0.50, yaw_rate=0.00, dir=1
[INFO] [1782626172.216103931] [waypoint_follower]: nearest=299, target=301, dist=0.80, alpha=-0.00, vx=0.50, yaw_rate=-0.00, dir=1
[INFO] [1782626173.216255514] [waypoint_follower]: nearest=300, target=302, dist=0.82, alpha=-0.02, vx=0.50, yaw_rate=-0.02, dir=1
[INFO] [1782626174.266141979] [waypoint_follower]: nearest=301, target=303, dist=0.83, alpha=-0.10, vx=0.50, yaw_rate=-0.09, dir=1
[INFO] [1782626175.315970647] [waypoint_follower]: nearest=302, target=304, dist=0.75, alpha=0.01, vx=0.50, yaw_rate=0.01, dir=1
[INFO] [1782626176.366162392] [waypoint_follower]: nearest=303, target=305, dist=0.70, alpha=-0.01, vx=0.50, yaw_rate=-0.01, dir=1
[INFO] [1782626177.366168965] [waypoint_follower]: nearest=305, target=307, dist=1.16, alpha=-0.02, vx=0.50, yaw_rate=-0.02, dir=1
[INFO] [1782626178.416160060] [waypoint_follower]: nearest=306, target=308, dist=1.05, alpha=0.01, vx=0.50, yaw_rate=0.01, dir=1
[INFO] [1782626179.465814421] [waypoint_follower]: nearest=307, target=309, dist=1.00, alpha=0.01, vx=0.50, yaw_rate=0.01, dir=1
[INFO] [1782626180.515820402] [waypoint_follower]: nearest=308, target=310, dist=0.91, alpha=0.09, vx=0.50, yaw_rate=0.08, dir=1
[INFO] [1782626181.566284896] [waypoint_follower]: nearest=309, target=311, dist=0.89, alpha=0.09, vx=0.50, yaw_rate=0.08, dir=1
[INFO] [1782626182.566319032] [waypoint_follower]: nearest=310, target=312, dist=0.82, alpha=0.14, vx=0.50, yaw_rate=0.13, dir=1
[INFO] [1782626183.566473833] [waypoint_follower]: nearest=311, target=313, dist=0.80, alpha=0.15, vx=0.50, yaw_rate=0.14, dir=1
[INFO] [1782626184.615894535] [waypoint_follower]: nearest=312, target=314, dist=0.75, alpha=0.06, vx=0.50, yaw_rate=0.06, dir=1
[INFO] [1782626185.615899648] [waypoint_follower]: nearest=313, target=315, dist=0.75, alpha=0.18, vx=0.50, yaw_rate=0.16, dir=1
[INFO] [1782626186.615899621] [waypoint_follower]: nearest=314, target=316, dist=0.73, alpha=0.12, vx=0.50, yaw_rate=0.11, dir=1
[INFO] [1782626187.665965850] [waypoint_follower]: nearest=315, target=317, dist=0.69, alpha=0.09, vx=0.50, yaw_rate=0.08, dir=1
[INFO] [1782626188.715886694] [waypoint_follower]: nearest=317, target=319, dist=1.05, alpha=0.13, vx=0.50, yaw_rate=0.12, dir=1
[INFO] [1782626189.715956469] [waypoint_follower]: nearest=318, target=320, dist=1.06, alpha=0.09, vx=0.50, yaw_rate=0.08, dir=1
[INFO] [1782626190.765907958] [waypoint_follower]: nearest=319, target=321, dist=1.03, alpha=0.09, vx=0.50, yaw_rate=0.08, dir=1
[INFO] [1782626191.816008204] [waypoint_follower]: nearest=320, target=322, dist=0.93, alpha=0.05, vx=0.50, yaw_rate=0.05, dir=1
[INFO] [1782626192.865847281] [waypoint_follower]: nearest=321, target=323, dist=0.91, alpha=-0.01, vx=0.50, yaw_rate=-0.01, dir=1
[INFO] [1782626193.865981495] [waypoint_follower]: nearest=321, target=323, dist=0.93, alpha=-0.02, vx=0.50, yaw_rate=-0.02, dir=1
[INFO] [1782626194.866163026] [waypoint_follower]: nearest=321, target=323, dist=0.91, alpha=-0.02, vx=0.50, yaw_rate=-0.01, dir=1
[WARN] [1782626195.570501291] [waypoint_follower]: stuck recovery: nearest_index 321 -> 321
[INFO] [1782626195.915749951] [waypoint_follower]: nearest=321, target=323, dist=0.92, alpha=-0.01, vx=0.50, yaw_rate=-0.01, dir=1
[INFO] [1782626196.915840239] [waypoint_follower]: nearest=321, target=323, dist=0.91, alpha=-0.02, vx=0.50, yaw_rate=-0.02, dir=1
[INFO] [1782626197.965794421] [waypoint_follower]: nearest=321, target=323, dist=0.91, alpha=-0.01, vx=0.50, yaw_rate=-0.01, dir=1
[WARN] [1782626198.570580974] [waypoint_follower]: stuck recovery: nearest_index 321 -> 321
[INFO] [1782626198.966022641] [waypoint_follower]: nearest=321, target=323, dist=0.91, alpha=-0.01, vx=0.50, yaw_rate=-0.01, dir=1
[INFO] [1782626200.015976142] [waypoint_follower]: nearest=321, target=323, dist=0.92, alpha=-0.02, vx=0.50, yaw_rate=-0.02, dir=1
[INFO] [1782626201.065858315] [waypoint_follower]: nearest=321, target=323, dist=0.91, alpha=-0.01, vx=0.50, yaw_rate=-0.01, dir=1
[WARN] [1782626201.621621901] [waypoint_follower]: stuck recovery: nearest_index 321 -> 321
[INFO] [1782626202.115827611] [waypoint_follower]: nearest=321, target=323, dist=0.91, alpha=-0.01, vx=0.50, yaw_rate=-0.01, dir=1
[INFO] [1782626203.115967404] [waypoint_follower]: nearest=321, target=323, dist=0.91, alpha=-0.01, vx=0.50, yaw_rate=-0.01, dir=1
[INFO] [17