[INFO] [1782624759.665068247] [unitree_safe_cmd_node]: unitree_safe_cmd_node ACTIVE: obstacle -> Move(0,0,0), resume after 5 clear frames
[WARN] [1782624759.673347910] [unitree_safe_cmd_node]: SAFE OVERRIDE cmd_timeout: Move x=0.000, z=0.000, raw_x=0.000, raw_z=0.000, stop_count=0, roi_count=0, nearest_x=inf, clear_frames=0
[WARN] [1782624760.196266101] [unitree_safe_cmd_node]: SAFE OVERRIDE cmd_timeout: Move x=0.000, z=0.000, raw_x=0.000, raw_z=0.000, stop_count=0, roi_count=0, nearest_x=inf, clear_frames=4
[WARN] [1782624760.696596925] [unitree_safe_cmd_node]: SAFE OVERRIDE cmd_timeout: Move x=0.000, z=0.000, raw_x=0.000, raw_z=0.000, stop_count=0, roi_count=0, nearest_x=inf, clear_frames=6
[WARN] [1782624761.246062175] [unitree_safe_cmd_node]: SAFE OVERRIDE cmd_timeout: Move x=0.000, z=0.000, raw_x=0.000, raw_z=0.000, stop_count=0, roi_count=0, nearest_x=inf, clear_frames=9
[WARN] [1782624761.749823286] [unitree_safe_cmd_node]: SAFE OVERRIDE cmd_timeout: Move x=0.000, z=0.000, raw_x=0.000, raw_z=0.000, stop_count=0, roi_count=0, nearest_x=inf, clear_frames=12
[WARN] [1782624762.296093108] [unitree_safe_cmd_node]: SAFE OVERRIDE cmd_timeout: Move x=0.000, z=0.000, raw_x=0.000, raw_z=0.000, stop_count=0, roi_count=0, nearest_x=inf, clear_frames=15
[WARN] [1782624762.849628453] [unitree_safe_cmd_node]: SAFE OVERRIDE cmd_timeout: Move x=0.000, z=0.000, raw_x=0.000, raw_z=0.000, stop_count=0, roi_count=0, nearest_x=inf, clear_frames=18
[WARN] [1782624763.396373818] [unitree_safe_cmd_node]: SAFE OVERRIDE cmd_timeout: Move x=0.000, z=0.000, raw_x=0.000, raw_z=0.000, stop_count=0, roi_count=0, nearest_x=inf, clear_frames=20
[WARN] [1782624763.946013168] [unitree_safe_cmd_node]: SAFE OVERRIDE cmd_timeout: Move x=0.000, z=0.000, raw_x=0.000, raw_z=0.000, stop_count=0, roi_count=0, nearest_x=inf, clear_frames=24
[WARN] [1782624764.446203639] [unitree_safe_cmd_node]: SAFE OVERRIDE cmd_timeout: Move x=0.000, z=0.000, raw_x=0.000, raw_z=0.000, stop_count=0, roi_count=0, nearest_x=inf, clear_frames=27
[WARN] [1782624764.946353691] [unitree_safe_cmd_node]: SAFE OVERRIDE cmd_timeout: Move x=0.000, z=0.000, raw_x=0.000, raw_z=0.000, stop_count=0, roi_count=0, nearest_x=inf, clear_frames=30
[WARN] [1782624765.496027574] [unitree_safe_cmd_node]: SAFE OVERRIDE cmd_timeout: Move x=0.000, z=0.000, raw_x=0.000, raw_z=0.000, stop_count=0, roi_count=0, nearest_x=inf, clear_frames=34
[WARN] [1782624766.046379192] [unitree_safe_cmd_node]: SAFE OVERRIDE cmd_timeout: Move x=0.000, z=0.000, raw_x=0.000, raw_z=0.000, stop_count=0, roi_count=0, nearest_x=inf, clear_frames=37
[WARN] [1782624766.595986808] [unitree_safe_cmd_node]: SAFE OVERRIDE cmd_timeout: Move x=0.000, z=0.000, raw_x=0.000, raw_z=0.000, stop_count=0, roi_count=0, nearest_x=inf, clear_frames=40
[WARN] [1782624767.145965835] [unitree_safe_cmd_node]: SAFE OVERRIDE cmd_timeout: Move x=0.000, z=0.000, raw_x=0.000, raw_z=0.000, stop_count=0, roi_count=0, nearest_x=inf, clear_frames=43
[WARN] [1782624767.646835920] [unitree_safe_cmd_node]: SAFE OVERRIDE cmd_timeout: Move x=0.000, z=0.000, raw_x=0.000, raw_z=0.000, stop_count=8, roi_count=10, nearest_x=0.35, clear_frames=47
[WARN] [1782624768.196186053] [unitree_safe_cmd_node]: SAFE OVERRIDE cmd_timeout: Move x=0.000, z=0.000, raw_x=0.000, raw_z=0.000, stop_count=3, roi_count=6, nearest_x=0.38, clear_frames=53
[WARN] [1782624768.696206105] [unitree_safe_cmd_node]: SAFE OVERRIDE cmd_timeout: Move x=0.000, z=0.000, raw_x=0.000, raw_z=0.000, stop_count=1, roi_count=3, nearest_x=0.39, clear_frames=58
[WARN] [1782624769.246105895] [unitree_safe_cmd_node]: SAFE OVERRIDE cmd_timeout: Move x=0.000, z=0.000, raw_x=0.000, raw_z=0.000, stop_count=0, roi_count=4, nearest_x=0.42, clear_frames=64
[WARN] [1782624769.746157268] [unitree_safe_cmd_node]: SAFE OVERRIDE cmd_timeout: Move x=0.000, z=0.000, raw_x=0.000, raw_z=0.000, stop_count=2, roi_count=5, nearest_x=0.39, clear_frames=69
[WARN] [1782624770.246108101] [unitree_safe_cmd_node]: SAFE OVERRIDE cmd_timeout: Move x=0.000, z=0.000, raw_x=0.000, raw_z=0.000, stop_count=2, roi_count=5, nearest_x=0.38, clear_frames=74
[WARN] [1782624770.746122843] [unitree_safe_cmd_node]: SAFE OVERRIDE cmd_timeout: Move x=0.000, z=0.000, raw_x=0.000, raw_z=0.000, stop_count=1, roi_count=9, nearest_x=0.39, clear_frames=79
[WARN] [1782624771.246937836] [unitree_safe_cmd_node]: SAFE OVERRIDE cmd_timeout: Move x=0.000, z=0.000, raw_x=0.000, raw_z=0.000, stop_count=1, roi_count=3, nearest_x=0.36, clear_frames=84
[WARN] [1782624771.796139197] [unitree_safe_cmd_node]: SAFE OVERRIDE cmd_timeout: Move x=0.000, z=0.000, raw_x=0.000, raw_z=0.000, stop_count=2, roi_count=3, nearest_x=0.38, clear_frames=90
[WARN] [1782624772.296221951] [unitree_safe_cmd_node]: SAFE OVERRIDE cmd_timeout: Move x=0.000, z=0.000, raw_x=0.000, raw_z=0.000, stop_count=2, roi_count=6, nearest_x=0.38, clear_frames=95
[WARN] [1782624772.796590370] [unitree_safe_cmd_node]: SAFE OVERRIDE cmd_timeout: Move x=0.000, z=0.000, raw_x=0.000, raw_z=0.000, stop_count=1, roi_count=3, nearest_x=0.39, clear_frames=100
[WARN] [1782624773.346089226] [unitree_safe_cmd_node]: SAFE OVERRIDE cmd_timeout: Move x=0.000, z=0.000, raw_x=0.000, raw_z=0.000, stop_count=1, roi_count=3, nearest_x=0.40, clear_frames=106
[WARN] [1782624773.846357231] [unitree_safe_cmd_node]: SAFE OVERRIDE cmd_timeout: Move x=0.000, z=0.000, raw_x=0.000, raw_z=0.000, stop_count=0, roi_count=3, nearest_x=0.41, clear_frames=111
[WARN] [1782624774.346378403] [unitree_safe_cmd_node]: SAFE OVERRIDE cmd_timeout: Move x=0.000, z=0.000, raw_x=0.000, raw_z=0.000, stop_count=3, roi_count=7, nearest_x=0.36, clear_frames=117
[WARN] [1782624774.896740597] [unitree_safe_cmd_node]: SAFE OVERRIDE cmd_timeout: Move x=0.000, z=0.000, raw_x=0.000, raw_z=0.000, stop_count=1, roi_count=7, nearest_x=0.36, clear_frames=122
[WARN] [1782624775.396527283] [unitree_safe_cmd_node]: SAFE OVERRIDE cmd_timeout: Move x=0.000, z=0.000, raw_x=0.000, raw_z=0.000, stop_count=1, roi_count=1, nearest_x=0.36, clear_frames=127
[WARN] [1782624775.946102084] [unitree_safe_cmd_node]: SAFE OVERRIDE cmd_timeout: Move x=0.000, z=0.000, raw_x=0.000, raw_z=0.000, stop_count=0, roi_count=0, nearest_x=inf, clear_frames=133
[WARN] [1782624776.446413078] [unitree_safe_cmd_node]: SAFE OVERRIDE cmd_timeout: Move x=0.000, z=0.000, raw_x=0.000, raw_z=0.000, stop_count=0, roi_count=0, nearest_x=inf, clear_frames=138
[WARN] [1782624776.946967274] [unitree_safe_cmd_node]: SAFE OVERRIDE cmd_timeout: Move x=0.000, z=0.000, raw_x=0.000, raw_z=0.000, stop_count=0, roi_count=0, nearest_x=inf, clear_frames=144
[WARN] [1782624777.496098871] [unitree_safe_cmd_node]: SAFE OVERRIDE cmd_timeout: Move x=0.000, z=0.000, raw_x=0.000, raw_z=0.000, stop_count=0, roi_count=0, nearest_x=inf, clear_frames=149
[WARN] [1782624777.996779091] [unitree_safe_cmd_node]: SAFE OVERRIDE cmd_timeout: Move x=0.000, z=0.000, raw_x=0.000, raw_z=0.000, stop_count=0, roi_count=0, nearest_x=inf, clear_frames=154
[WARN] [1782624778.546099877] [unitree_safe_cmd_node]: SAFE OVERRIDE cmd_timeout: Move x=0.000, z=0.000, raw_x=0.000, raw_z=0.000, stop_count=0, roi_count=0, nearest_x=inf, clear_frames=160
[WARN] [1782624779.046249346] [unitree_safe_cmd_node]: SAFE OVERRIDE cmd_timeout: Move x=0.000, z=0.000, raw_x=0.000, raw_z=0.000, stop_count=0, roi_count=0, nearest_x=inf, clear_frames=165
[WARN] [1782624779.546418770] [unitree_safe_cmd_node]: SAFE OVERRIDE cmd_timeout: Move x=0.000, z=0.000, raw_x=0.000, raw_z=0.000, stop_count=0, roi_count=0, nearest_x=inf, clear_frames=170
[WARN] [1782624780.096118346] [unitree_safe_cmd_node]: SAFE OVERRIDE cmd_timeout: Move x=0.000, z=0.000, raw_x=0.000, raw_z=0.000, stop_count=0, roi_count=0, nearest_x=inf, clear_frames=176
[WARN] [1782624780.596412227] [unitree_safe_cmd_node]: SAFE OVERRIDE cmd_timeout: Move x=0.000, z=0.000, raw_x=0.000, raw_z=0.000, stop_count=0, roi_count=0, nearest_x=inf, clear_frames=181
[WARN] [1782624781.098888193] [unitree_safe_cmd_node]: SAFE OVERRIDE cmd_timeout: Move x=0.000, z=0.000, raw_x=0.000, raw_z=0.000, stop_count=0, roi_count=0, nearest_x=inf, clear_frames=187
[WARN] [1782624781.646753759] [unitree_safe_cmd_node]: SAFE OVERRIDE cmd_timeout: Move x=0.000, z=0.000, raw_x=0.000, raw_z=0.000, stop_count=0, roi_count=0, nearest_x=inf, clear_frames=192
[WARN] [1782624782.196158984] [unitree_safe_cmd_node]: SAFE OVERRIDE cmd_timeout: Move x=0.000, z=0.000, raw_x=0.000, raw_z=0.000, stop_count=0, roi_count=0, nearest_x=inf, clear_frames=198
[WARN] [1782624782.696407101] [unitree_safe_cmd_node]: SAFE OVERRIDE cmd_timeout: Move x=0.000, z=0.000, raw_x=0.000, raw_z=0.000, stop_count=0, roi_count=0, nearest_x=inf, clear_frames=203
[WARN] [1782624783.246131009] [unitree_safe_cmd_node]: SAFE OVERRIDE cmd_timeout: Move x=0.000, z=0.000, raw_x=0.000, raw_z=0.000, stop_count=0, roi_count=0, nearest_x=inf, clear_frames=209
[WARN] [1782624783.797244976] [unitree_safe_cmd_node]: SAFE OVERRIDE cmd_timeout: Move x=0.000, z=0.000, raw_x=0.000, raw_z=0.000, stop_count=0, roi_count=0, nearest_x=inf, clear_frames=215
[WARN] [1782624784.346049047] [unitree_safe_cmd_node]: SAFE OVERRIDE cmd_timeout: Move x=0.000, z=0.000, raw_x=0.000, raw_z=0.000, stop_count=0, roi_count=0, nearest_x=inf, clear_frames=220
[WARN] [1782624784.846367628] [unitree_safe_cmd_node]: SAFE OVERRIDE cmd_timeout: Move x=0.000, z=0.000, raw_x=0.000, raw_z=0.000, stop_count=0, roi_count=0, nearest_x=inf, clear_frames=225
[WARN] [1782624785.396167374] [unitree_safe_cmd_node]: SAFE OVERRIDE cmd_timeout: Move x=0.000, z=0.000, raw_x=0.000, raw_z=0.000, stop_count=0, roi_count=0, nearest_x=inf, clear_frames=231
[WARN] [1782624785.896221242] [unitree_safe_cmd_node]: SAFE OVERRIDE cmd_timeout: Move x=0.000, z=0.000, raw_x=0.000, raw_z=0.000, stop_count=0, roi_count=0, nearest_x=inf, clear_frames=236
[WARN] [1782624786.396435643] [unitree_safe_cmd_node]: SAFE OVERRIDE cmd_timeout: Move x=0.000, z=0.000, raw_x=0.000, raw_z=0.000, stop_count=0, roi_count=0, nearest_x=inf, clear_frames=241
[WARN] [1782624786.946114700] [unitree_safe_cmd_node]: SAFE OVERRIDE cmd_timeout: Move x=0.000, z=0.000, raw_x=0.000, raw_z=0.000, stop_count=0, roi_count=0, nearest_x=inf, clear_frames=247
[WARN] [1782624787.446530038] [unitree_safe_cmd_node]: SAFE OVERRIDE cmd_timeout: Move x=0.000, z=0.000, raw_x=0.000, raw_z=0.000, stop_count=0, roi_count=0, nearest_x=inf, clear_frames=252
[WARN] [1782624787.946407507] [unitree_safe_cmd_node]: SAFE OVERRIDE cmd_timeout: Move x=0.000, z=0.000, raw_x=0.000, raw_z=0.000, stop_count=0, roi_count=0, nearest_x=inf, clear_frames=258
[WARN] [1782624788.496106436] [unitree_safe_cmd_node]: SAFE OVERRIDE cmd_timeout: Move x=0.000, z=0.000, raw_x=0.000, raw_z=0.000, stop_count=0, roi_count=0, nearest_x=inf, clear_frames=263
[WARN] [1782624788.996459423] [unitree_safe_cmd_node]: SAFE OVERRIDE cmd_timeout: Move x=0.000, z=0.000, raw_x=0.000, raw_z=0.000, stop_count=0, roi_count=0, nearest_x=inf, clear_frames=268
[WARN] [1782624789.546057760] [unitree_safe_cmd_node]: SAFE OVERRIDE cmd_timeout: Move x=0.000, z=0.000, raw_x=0.000, raw_z=0.000, stop_count=0, roi_count=0, nearest_x=inf, clear_frames=274
[WARN] [1782624790.046168477] [unitree_safe_cmd_node]: SAFE OVERRIDE cmd_timeout: Move x=0.000, z=0.000, raw_x=0.000, raw_z=0.000, stop_count=0, roi_count=0, nearest_x=inf, clear_frames=279
[WARN] [1782624790.546466654] [unitree_safe_cmd_node]: SAFE OVERRIDE cmd_timeout: Move x=0.000, z=0.000, raw_x=0.000, raw_z=0.000, stop_count=0, roi_count=0, nearest_x=inf, clear_frames=284
[WARN] [1782624791.096192590] [unitree_safe_cmd_node]: SAFE OVERRIDE cmd_timeout: Move x=0.000, z=0.000, raw_x=0.000, raw_z=0.000, stop_count=0, roi_count=0, nearest_x=inf, clear_frames=290
[WARN] [1782624791.596438404] [unitree_safe_cmd_node]: SAFE OVERRIDE cmd_timeout: Move x=0.000, z=0.000, raw_x=0.000, raw_z=0.000, stop_count=0, roi_count=0, nearest_x=inf, clear_frames=295
[WARN] [1782624792.097360671] [unitree_safe_cmd_node]: SAFE OVERRIDE cmd_timeout: Move x=0.000, z=0.000, raw_x=0.000, raw_z=0.000, stop_count=0, roi_count=0, nearest_x=inf, clear_frames=301
[WARN] [1782624792.646796452] [unitree_safe_cmd_node]: SAFE OVERRIDE cmd_timeout: Move x=0.000, z=0.000, raw_x=0.000, raw_z=0.000, stop_count=0, roi_count=0, nearest_x=inf, clear_frames=306
[WARN] [1782624793.196258744] [unitree_safe_cmd_node]: SAFE OVERRIDE cmd_timeout: Move x=0.000, z=0.000, raw_x=0.000, raw_z=0.000, stop_count=0, roi_count=0, nearest_x=inf, clear_frames=312
[WARN] [1782624793.696392476] [unitree_safe_cmd_node]: SAFE OVERRIDE cmd_timeout: Move x=0.000, z=0.000, raw_x=0.000, raw_z=0.000, stop_count=0, roi_count=0, nearest_x=inf, clear_frames=317
[WARN] [1782624794.246078545] [unitree_safe_cmd_node]: SAFE OVERRIDE cmd_timeout: Move x=0.000, z=0.000, raw_x=0.000, raw_z=0.000, stop_count=0, roi_count=0, nearest_x=inf, clear_frames=323
[WARN] [1782624794.746108204] [unitree_safe_cmd_node]: SAFE OVERRIDE cmd_timeout: Move x=0.000, z=0.000, raw_x=0.000, raw_z=0.000, stop_count=0, roi_count=0, nearest_x=inf, clear_frames=328
[WARN] [1782624795.246137626] [unitree_safe_cmd_node]: SAFE OVERRIDE cmd_timeout: Move x=0.000, z=0.000, raw_x=0.000, raw_z=0.000, stop_count=0, roi_count=0, nearest_x=inf, clear_frames=333
[WARN] [1782624795.746627545] [unitree_safe_cmd_node]: SAFE OVERRIDE cmd_timeout: Move x=0.000, z=0.000, raw_x=0.000, raw_z=0.000, stop_count=0, roi_count=0, nearest_x=inf, clear_frames=338
[WARN] [1782624796.296104540] [unitree_safe_cmd_node]: SAFE OVERRIDE cmd_timeout: Move x=0.000, z=0.000, raw_x=0.000, raw_z=0.000, stop_count=0, roi_count=0, nearest_x=inf, clear_frames=344
[WARN] [1782624796.796242026] [unitree_safe_cmd_node]: SAFE OVERRIDE cmd_timeout: Move x=0.000, z=0.000, raw_x=0.000, raw_z=0.000, stop_count=0, roi_count=0, nearest_x=inf, clear_frames=349
[WARN] [1782624797.296538564] [unitree_safe_cmd_node]: SAFE OVERRIDE cmd_timeout: Move x=0.000, z=0.000, raw_x=0.000, raw_z=0.000, stop_count=0, roi_count=0, nearest_x=inf, clear_frames=354
[WARN] [1782624797.846060901] [unitree_safe_cmd_node]: SAFE OVERRIDE cmd_timeout: Move x=0.000, z=0.000, raw_x=0.000, raw_z=0.000, stop_count=0, roi_count=0, nearest_x=inf, clear_frames=360
[WARN] [1782624798.346653553] [unitree_safe_cmd_node]: SAFE OVERRIDE cmd_timeout: Move x=0.000, z=0.000, raw_x=0.000, raw_z=0.000, stop_count=0, roi_count=0, nearest_x=inf, clear_frames=365
[WARN] [1782624798.848006785] [unitree_safe_cmd_node]: SAFE OVERRIDE cmd_timeout: Move x=0.000, z=0.000, raw_x=0.000, raw_z=0.000, stop_count=0, roi_count=0, nearest_x=inf, clear_frames=371
[WARN] [1782624799.396119480] [unitree_safe_cmd_node]: SAFE OVERRIDE cmd_timeout: Move x=0.000, z=0.000, raw_x=0.000, raw_z=0.000, stop_count=0, roi_count=0, nearest_x=inf, clear_frames=376
[WARN] [1782624799.896770428] [unitree_safe_cmd_node]: SAFE OVERRIDE cmd_timeout: Move x=0.000, z=0.000, raw_x=0.000, raw_z=0.000, stop_count=0, roi_count=0, nearest_x=inf, clear_frames=381
[WARN] [1782624800.446096445] [unitree_safe_cmd_node]: SAFE OVERRIDE cmd_timeout: Move x=0.000, z=0.000, raw_x=0.000, raw_z=0.000, stop_count=0, roi_count=0, nearest_x=inf, clear_frames=387
[WARN] [1782624800.946192155] [unitree_safe_cmd_node]: SAFE OVERRIDE cmd_timeout: Move x=0.000, z=0.000, raw_x=0.000, raw_z=0.000, stop_count=0, roi_count=0, nearest_x=inf, clear_frames=392
[WARN] [1782624801.446474210] [unitree_safe_cmd_node]: SAFE OVERRIDE cmd_timeout: Move x=0.000, z=0.000, raw_x=0.000, raw_z=0.000, stop_count=0, roi_count=0, nearest_x=inf, clear_frames=397
[WARN] [1782624801.996170052] [unitree_safe_cmd_node]: SAFE OVERRIDE cmd_timeout: Move x=0.000, z=0.000, raw_x=0.000, raw_z=0.000, stop_count=0, roi_count=0, nearest_x=inf, clear_frames=403
[WARN] [1782624802.496564136] [unitree_safe_cmd_node]: SAFE OVERRIDE cmd_timeout: Move x=0.000, z=0.000, raw_x=0.000, raw_z=0.000, stop_count=0, roi_count=0, nearest_x=inf, clear_frames=408
[WARN] [1782624803.046175864] [unitree_safe_cmd_node]: SAFE OVERRIDE cmd_timeout: Move x=0.000, z=0.000, raw_x=0.000, raw_z=0.000, stop_count=0, roi_count=0, nearest_x=inf, clear_frames=414
[WARN] [1782624803.596925218] [unitree_safe_cmd_node]: SAFE OVERRIDE cmd_timeout: Move x=0.000, z=0.000, raw_x=0.000, raw_z=0.000, stop_count=0, roi_count=0, nearest_x=inf, clear_frames=420
[WARN] [1782624804.146551891] [unitree_safe_cmd_node]: SAFE OVERRIDE cmd_timeout: Move x=0.000, z=0.000, raw_x=0.000, raw_z=0.000, stop_count=0, roi_count=0, nearest_x=inf, clear_frames=425
[WARN] [1782624804.646975764] [unitree_safe_cmd_node]: SAFE OVERRIDE cmd_timeout: Move x=0.000, z=0.000, raw_x=0.000, raw_z=0.000, stop_count=0, roi_count=0, nearest_x=inf, clear_frames=431
[WARN] [1782624805.196231239] [unitree_safe_cmd_node]: SAFE OVERRIDE cmd_timeout: Move x=0.000, z=0.000, raw_x=0.000, raw_z=0.000, stop_count=0, roi_count=0, nearest_x=inf, clear_frames=436
[WARN] [1782624805.696621524] [unitree_safe_cmd_node]: SAFE OVERRIDE cmd_timeout: Move x=0.000, z=0.000, raw_x=0.000, raw_z=0.000, stop_count=0, roi_count=0, nearest_x=inf, clear_frames=441
[WARN] [1782624806.245994869] [unitree_safe_cmd_node]: SAFE OVERRIDE cmd_timeout: Move x=0.000, z=0.000, raw_x=0.000, raw_z=0.000, stop_count=0, roi_count=0, nearest_x=inf, clear_frames=447
[WARN] [1782624806.746401483] [unitree_safe_cmd_node]: SAFE OVERRIDE cmd_timeout: Move x=0.000, z=0.000, raw_x=0.000, raw_z=0.000, stop_count=0, roi_count=0, nearest_x=inf, clear_frames=452
[WARN] [1782624807.296126282] [unitree_safe_cmd_node]: SAFE OVERRIDE cmd_timeout: Move x=0.000, z=0.000, raw_x=0.000, raw_z=0.000, stop_count=0, roi_count=0, nearest_x=inf, clear_frames=458
[WARN] [1782624807.846086585] [unitree_safe_cmd_node]: SAFE OVERRIDE cmd_timeout: Move x=0.000, z=0.000, raw_x=0.000, raw_z=0.000, stop_count=0, roi_count=0, nearest_x=inf, clear_frames=464
[WARN] [1782624808.346145220] [unitree_safe_cmd_node]: SAFE OVERRIDE cmd_timeout: Move x=0.000, z=0.000, raw_x=0.000, raw_z=0.000, stop_count=0, roi_count=0, nearest_x=inf, clear_frames=469
[WARN] [1782624808.846073091] [unitree_safe_cmd_node]: SAFE OVERRIDE cmd_timeout: Move x=0.000, z=0.000, raw_x=0.000, raw_z=0.000, stop_count=0, roi_count=0, nearest_x=inf, clear_frames=474
[WARN] [1782624809.346295159] [unitree_safe_cmd_node]: SAFE OVERRIDE cmd_timeout: Move x=0.000, z=0.000, raw_x=0.000, raw_z=0.000, stop_count=0, roi_count=0, nearest_x=inf, clear_frames=479
[WARN] [1782624809.846776295] [unitree_safe_cmd_node]: SAFE OVERRIDE cmd_timeout: Move x=0.000, z=0.000, raw_x=0.000, raw_z=0.000, stop_count=0, roi_count=0, nearest_x=inf, clear_frames=484
[WARN] [1782624810.396114859] [unitree_safe_cmd_node]: SAFE OVERRIDE cmd_timeout: Move x=0.000, z=0.000, raw_x=0.000, raw_z=0.000, stop_count=0, roi_count=0, nearest_x=inf, clear_frames=490
[WARN] [1782624810.896413301] [unitree_safe_cmd_node]: SAFE OVERRIDE cmd_timeout: Move x=0.000, z=0.000, raw_x=0.000, raw_z=0.000, stop_count=0, roi_count=0, nearest_x=inf, clear_frames=495
[WARN] [1782624811.396623720] [unitree_safe_cmd_node]: SAFE OVERRIDE cmd_timeout: Move x=0.000, z=0.000, raw_x=0.000, raw_z=0.000, stop_count=0, roi_count=0, nearest_x=inf, clear_frames=500
[WARN] [1782624811.946205555] [unitree_safe_cmd_node]: SAFE OVERRIDE cmd_timeout: Move x=0.000, z=0.000, raw_x=0.000, raw_z=0.000, stop_count=0, roi_count=0, nearest_x=inf, clear_frames=506
[WARN] [1782624812.496446306] [unitree_safe_cmd_node]: SAFE OVERRIDE cmd_timeout: Move x=0.000, z=0.000, raw_x=0.000, raw_z=0.000, stop_count=0, roi_count=0, nearest_x=inf, clear_frames=511
[WARN] [1782624812.996669358] [unitree_safe_cmd_node]: SAFE OVERRIDE cmd_timeout: Move x=0.000, z=0.000, raw_x=0.000, raw_z=0.000, stop_count=0, roi_count=0, nearest_x=inf, clear_frames=516
[WARN] [1782624813.546106412] [unitree_safe_cmd_node]: SAFE OVERRIDE cmd_timeout: Move x=0.000, z=0.000, raw_x=0.000, raw_z=0.000, stop_count=0, roi_count=0, nearest_x=inf, clear_frames=522
[WARN] [1782624814.046109786] [unitree_safe_cmd_node]: SAFE OVERRIDE cmd_timeout: Move x=0.000, z=0.000, raw_x=0.000, raw_z=0.000, stop_count=0, roi_count=0, nearest_x=inf, clear_frames=527
[WARN] [1782624814.546114366] [unitree_safe_cmd_node]: SAFE OVERRIDE cmd_timeout: Move x=0.000, z=0.000, raw_x=0.000, raw_z=0.000, stop_count=0, roi_count=0, nearest_x=inf, clear_frames=532
[WARN] [1782624815.096494827] [unitree_safe_cmd_node]: SAFE OVERRIDE cmd_timeout: Move x=0.000, z=0.000, raw_x=0.000, raw_z=0.000, stop_count=0, roi_count=0, nearest_x=inf, clear_frames=537
[WARN] [1782624815.596559590] [unitree_safe_cmd_node]: SAFE OVERRIDE cmd_timeout: Move x=0.000, z=0.000, raw_x=0.000, raw_z=0.000, stop_count=0, roi_count=0, nearest_x=inf, clear_frames=542
[WARN] [1782624816.096720175] [unitree_safe_cmd_node]: SAFE OVERRIDE cmd_timeout: Move x=0.000, z=0.000, raw_x=0.000, raw_z=0.000, stop_count=0, roi_count=0, nearest_x=inf, clear_frames=547
[WARN] [1782624816.596965161] [unitree_safe_cmd_node]: SAFE OVERRIDE cmd_timeout: Move x=0.000, z=0.000, raw_x=0.000, raw_z=0.000, stop_count=0, roi_count=0, nearest_x=inf, clear_frames=552
[WARN] [1782624817.146256350] [unitree_safe_cmd_node]: SAFE OVERRIDE cmd_timeout: Move x=0.000, z=0.000, raw_x=0.000, raw_z=0.000, stop_count=0, roi_count=0, nearest_x=inf, clear_frames=558
[WARN] [1782624817.646710965] [unitree_safe_cmd_node]: SAFE OVERRIDE cmd_timeout: Move x=0.000, z=0.000, raw_x=0.000, raw_z=0.000, stop_count=0, roi_count=0, nearest_x=inf, clear_frames=563
[WARN] [1782624818.196529328] [unitree_safe_cmd_node]: SAFE OVERRIDE cmd_timeout: Move x=0.000, z=0.000, raw_x=0.000, raw_z=0.000, stop_count=0, roi_count=0, nearest_x=inf, clear_frames=568
[WARN] [1782624818.696891100] [unitree_safe_cmd_node]: SAFE OVERRIDE cmd_timeout: Move x=0.000, z=0.000, raw_x=0.000, raw_z=0.000, stop_count=0, roi_count=0, nearest_x=inf, clear_frames=573
[WARN] [1782624819.246292520] [unitree_safe_cmd_node]: SAFE OVERRIDE cmd_timeout: Move x=0.000, z=0.000, raw_x=0.000, raw_z=0.000, stop_count=0, roi_count=0, nearest_x=inf, clear_frames=579
[WARN] [1782624819.796572016] [unitree_safe_cmd_node]: SAFE OVERRIDE cmd_timeout: Move x=0.000, z=0.000, raw_x=0.000, raw_z=0.000, stop_count=0, roi_count=0, nearest_x=inf, clear_frames=584
[WARN] [1782624820.346212341] [unitree_safe_cmd_node]: SAFE OVERRIDE cmd_timeout: Move x=0.000, z=0.000, raw_x=0.000, raw_z=0.000, stop_count=0, roi_count=0, nearest_x=inf, clear_frames=590
[WARN] [1782624820.846077012] [unitree_safe_cmd_node]: SAFE OVERRIDE cmd_timeout: Move x=0.000, z=0.000, raw_x=0.000, raw_z=0.000, stop_count=0, roi_count=0, nearest_x=inf, clear_frames=595
[WARN] [1782624821.346122957] [unitree_safe_cmd_node]: SAFE OVERRIDE cmd_timeout: Move x=0.000, z=0.000, raw_x=0.000, raw_z=0.000, stop_count=0, roi_count=0, nearest_x=inf, clear_frames=600
[WARN] [1782624821.896644920] [unitree_safe_cmd_node]: SAFE OVERRIDE cmd_timeout: Move x=0.000, z=0.000, raw_x=0.000, raw_z=0.000, stop_count=0, roi_count=0, nearest_x=inf, clear_frames=605
[WARN] [1782624822.446074533] [unitree_safe_cmd_node]: SAFE OVERRIDE cmd_timeout: Move x=0.000, z=0.000, raw_x=0.000, raw_z=0.000, stop_count=0, roi_count=0, nearest_x=inf, clear_frames=611
[WARN] [1782624822.946122770] [unitree_safe_cmd_node]: SAFE OVERRIDE cmd_timeout: Move x=0.000, z=0.000, raw_x=0.000, raw_z=0.000, stop_count=0, roi_count=0, nearest_x=inf, clear_frames=616
[WARN] [1782624823.446088275] [unitree_safe_cmd_node]: SAFE OVERRIDE cmd_timeout: Move x=0.000, z=0.000, raw_x=0.000, raw_z=0.000, stop_count=0, roi_count=0, nearest_x=inf, clear_frames=621
[WARN] [1782624823.996394036] [unitree_safe_cmd_node]: SAFE OVERRIDE cmd_timeout: Move x=0.000, z=0.000, raw_x=0.000, raw_z=0.000, stop_count=0, roi_count=0, nearest_x=inf, clear_frames=626
[WARN] [1782624824.496493829] [unitree_safe_cmd_node]: SAFE OVERRIDE cmd_timeout: Move x=0.000, z=0.000, raw_x=0.000, raw_z=0.000, stop_count=0, roi_count=0, nearest_x=inf, clear_frames=631
[WARN] [1782624825.046149362] [unitree_safe_cmd_node]: SAFE OVERRIDE cmd_timeout: Move x=0.000, z=0.000, raw_x=0.000, raw_z=0.000, stop_count=0, roi_count=0, nearest_x=inf, clear_frames=637
[WARN] [1782624825.546091472] [unitree_safe_cmd_node]: SAFE OVERRIDE cmd_timeout: Move x=0.000, z=0.000, raw_x=0.000, raw_z=0.000, stop_count=0, roi_count=0, nearest_x=inf, clear_frames=642
[WARN] [1782624826.046118770] [unitree_safe_cmd_node]: SAFE OVERRIDE cmd_timeout: Move x=0.000, z=0.000, raw_x=0.000, raw_z=0.000, stop_count=0, roi_count=0, nearest_x=inf, clear_frames=647
[WARN] [1782624826.596435041] [unitree_safe_cmd_node]: SAFE OVERRIDE cmd_timeout: Move x=0.000, z=0.000, raw_x=0.000, raw_z=0.000, stop_count=0, roi_count=0, nearest_x=inf, clear_frames=652
[WARN] [1782624827.096609513] [unitree_safe_cmd_node]: SAFE OVERRIDE cmd_timeout: Move x=0.000, z=0.000, raw_x=0.000, raw_z=0.000, stop_count=0, roi_count=0, nearest_x=inf, clear_frames=657
[WARN] [1782624827.646677546] [unitree_safe_cmd_node]: SAFE OVERRIDE cmd_timeout: Move x=0.000, z=0.000, raw_x=0.000, raw_z=0.000, stop_count=0, roi_count=0, nearest_x=inf, clear_frames=663
[WARN] [1782624828.196636720] [unitree_safe_cmd_node]: SAFE OVERRIDE cmd_timeout: Move x=0.000, z=0.000, raw_x=0.000, raw_z=0.000, stop_count=0, roi_count=0, nearest_x=inf, clear_frames=668
[WARN] [1782624828.746211071] [unitree_safe_cmd_node]: SAFE OVERRIDE cmd_timeout: Move x=0.000, z=0.000, raw_x=0.000, raw_z=0.000, stop_count=0, roi_count=0, nearest_x=inf, clear_frames=674
[WARN] [1782624829.296522326] [unitree_safe_cmd_node]: SAFE OVERRIDE cmd_timeout: Move x=0.000, z=0.000, raw_x=0.000, raw_z=0.000, stop_count=0, roi_count=0, nearest_x=inf, clear_frames=679
[WARN] [1782624829.846084967] [unitree_safe_cmd_node]: SAFE OVERRIDE cmd_timeout: Move x=0.000, z=0.000, raw_x=0.000, raw_z=0.000, stop_count=0, roi_count=0, nearest_x=inf, clear_frames=685
[WARN] [1782624830.346458555] [unitree_safe_cmd_node]: SAFE OVERRIDE cmd_timeout: Move x=0.000, z=0.000, raw_x=0.000, raw_z=0.000, stop_count=0, roi_count=0, nearest_x=inf, clear_frames=690
[WARN] [1782624830.896538507] [unitree_safe_cmd_node]: SAFE OVERRIDE cmd_timeout: Move x=0.000, z=0.000, raw_x=0.000, raw_z=0.000, stop_count=0, roi_count=0, nearest_x=inf, clear_frames=695
[WARN] [1782624831.446182498] [unitree_safe_cmd_node]: SAFE OVERRIDE cmd_timeout: Move x=0.000, z=0.000, raw_x=0.000, raw_z=0.000, stop_count=0, roi_count=0, nearest_x=inf, clear_frames=701
[WARN] [1782624831.996490730] [unitree_safe_cmd_node]: SAFE OVERRIDE cmd_timeout: Move x=0.000, z=0.000, raw_x=0.000, raw_z=0.000, stop_count=0, roi_count=0, nearest_x=inf, clear_frames=706
[WARN] [1782624832.496483932] [unitree_safe_cmd_node]: SAFE OVERRIDE cmd_timeout: Move x=0.000, z=0.000, raw_x=0.000, raw_z=0.000, stop_count=0, roi_count=0, nearest_x=inf, clear_frames=711
[WARN] [1782624833.046111323] [unitree_safe_cmd_node]: SAFE OVERRIDE cmd_timeout: Move x=0.000, z=0.000, raw_x=0.000, raw_z=0.000, stop_count=0, roi_count=0, nearest_x=inf, clear_frames=717
[WARN] [1782624833.596472559] [unitree_safe_cmd_node]: SAFE OVERRIDE cmd_timeout: Move x=0.000, z=0.000, raw_x=0.000, raw_z=0.000, stop_count=0, roi_count=0, nearest_x=inf, clear_frames=722
[WARN] [1782624834.096488656] [unitree_safe_cmd_node]: SAFE OVERRIDE cmd_timeout: Move x=0.000, z=0.000, raw_x=0.000, raw_z=0.000, stop_count=0, roi_count=0, nearest_x=inf, clear_frames=727
[WARN] [1782624834.596881118] [unitree_safe_cmd_node]: SAFE OVERRIDE cmd_timeout: Move x=0.000, z=0.000, raw_x=0.000, raw_z=0.000, stop_count=0, roi_count=0, nearest_x=inf, clear_frames=732
[WARN] [1782624835.096587656] [unitree_safe_cmd_node]: SAFE OVERRIDE cmd_timeout: Move x=0.000, z=0.000, raw_x=0.000, raw_z=0.000, stop_count=0, roi_count=0, nearest_x=inf, clear_frames=737
[WARN] [1782624835.647391016] [unitree_safe_cmd_node]: SAFE OVERRIDE cmd_timeout: Move x=0.000, z=0.000, raw_x=0.000, raw_z=0.000, stop_count=0, roi_count=0, nearest_x=inf, clear_frames=743
[WARN] [1782624836.197013241] [unitree_safe_cmd_node]: SAFE OVERRIDE cmd_timeout: Move x=0.000, z=0.000, raw_x=0.000, raw_z=0.000, stop_count=3, roi_count=3, nearest_x=0.36, clear_frames=748
[WARN] [1782624836.746304668] [unitree_safe_cmd_node]: SAFE OVERRIDE cmd_timeout: Move x=0.000, z=0.000, raw_x=0.000, raw_z=0.000, stop_count=4, roi_count=18, nearest_x=0.39, clear_frames=753
[WARN] [1782624837.296359448] [unitree_safe_cmd_node]: SAFE OVERRIDE cmd_timeout: Move x=0.000, z=0.000, raw_x=0.000, raw_z=0.000, stop_count=2, roi_count=12, nearest_x=0.37, clear_frames=755
[INFO] [1782624837.845946047] [unitree_safe_cmd_node]: Move x=0.000, z=0.450, stop_count=0, roi_count=10, nearest_x=0.46, clear_frames=758
[INFO] [1782624838.346046161] [unitree_safe_cmd_node]: Move x=0.000, z=0.450, stop_count=0, roi_count=0, nearest_x=inf, clear_frames=761
[INFO] [1782624838.895930839] [unitree_safe_cmd_node]: Move x=0.000, z=0.450, stop_count=0, roi_count=0, nearest_x=inf, clear_frames=764
[INFO] [1782624839.446059003] [unitree_safe_cmd_node]: Move x=0.000, z=0.450, stop_count=0, roi_count=0, nearest_x=inf, clear_frames=767
[INFO] [1782624839.946378774] [unitree_safe_cmd_node]: Move x=0.000, z=0.450, stop_count=0, roi_count=0, nearest_x=inf, clear_frames=769
[INFO] [1782624840.495839919] [unitree_safe_cmd_node]: Move x=0.000, z=0.450, stop_count=0, roi_count=0, nearest_x=inf, clear_frames=772
[INFO] [1782624840.996248334] [unitree_safe_cmd_node]: Move x=0.000, z=0.450, stop_count=0, roi_count=0, nearest_x=inf, clear_frames=775
[INFO] [1782624841.545893316] [unitree_safe_cmd_node]: Move x=0.000, z=0.450, stop_count=0, roi_count=0, nearest_x=inf, clear_frames=778
[INFO] [1782624842.045986403] [unitree_safe_cmd_node]: Move x=0.000, z=0.450, stop_count=0, roi_count=0, nearest_x=inf, clear_frames=781
[INFO] [1782624842.595834784] [unitree_safe_cmd_node]: Move x=0.000, z=0.450, stop_count=0, roi_count=0, nearest_x=inf, clear_frames=784
[INFO] [1782624843.095811351] [unitree_safe_cmd_node]: Move x=0.000, z=0.450, stop_count=0, roi_count=0, nearest_x=inf, clear_frames=786
[INFO] [1782624843.599903176] [unitree_safe_cmd_node]: Move x=0.000, z=0.000, stop_count=0, roi_count=0, nearest_x=inf, clear_frames=789
[WARN] [1782624844.146207613] [unitree_safe_cmd_node]: SAFE OVERRIDE cmd_timeout: Move x=0.000, z=0.000, raw_x=0.000, raw_z=0.000, stop_count=0, roi_count=0, nearest_x=inf, clear_frames=793
[WARN] [1782624844.647719272] [unitree_safe_cmd_node]: SAFE OVERRIDE cmd_timeout: Move x=0.000, z=0.000, raw_x=0.000, raw_z=0.000, stop_count=0, roi_count=0, nearest_x=inf, clear_frames=798
[WARN] [1782624845.196001940] [unitree_safe_cmd_node]: SAFE OVERRIDE cmd_timeout: Move x=0.000, z=0.000, raw_x=0.000, raw_z=0.000, stop_count=0, roi_count=0, nearest_x=inf, clear_frames=804
[WARN] [1782624845.698116788] [unitree_safe_cmd_node]: SAFE OVERRIDE cmd_timeout: Move x=0.000, z=0.000, raw_x=0.000, raw_z=0.000, stop_count=0, roi_count=0, nearest_x=inf, clear_frames=810
[WARN] [1782624846.246410835] [unitree_safe_cmd_node]: SAFE OVERRIDE cmd_timeout: Move x=0.000, z=0.000, raw_x=0.000, raw_z=0.000, stop_count=0, roi_count=0, nearest_x=inf, clear_frames=815
[WARN] [1782624846.796486566] [unitree_safe_cmd_node]: SAFE OVERRIDE cmd_timeout: Move x=0.000, z=0.000, raw_x=0.000, raw_z=0.000, stop_count=0, roi_count=0, nearest_x=inf, clear_frames=821
[WARN] [1782624847.346779567] [unitree_safe_cmd_node]: SAFE OVERRIDE cmd_timeout: Move x=0.000, z=0.000, raw_x=0.000, raw_z=0.000, stop_count=0, roi_count=0, nearest_x=inf, clear_frames=827
[WARN] [1782624847.896160571] [unitree_safe_cmd_node]: SAFE OVERRIDE cmd_timeout: Move x=0.000, z=0.000, raw_x=0.000, raw_z=0.000, stop_count=0, roi_count=0, nearest_x=inf, clear_frames=833
[WARN] [1782624848.446023081] [unitree_safe_cmd_node]: SAFE OVERRIDE cmd_timeout: Move x=0.000, z=0.000, raw_x=0.000, raw_z=0.000, stop_count=0, roi_count=0, nearest_x=inf, clear_frames=839
[WARN] [1782624848.996119876] [unitree_safe_cmd_node]: SAFE OVERRIDE cmd_timeout: Move x=0.000, z=0.000, raw_x=0.000, raw_z=0.000, stop_count=0, roi_count=0, nearest_x=inf, clear_frames=845
[WARN] [1782624849.496687241] [unitree_safe_cmd_node]: SAFE OVERRIDE cmd_timeout: Move x=0.000, z=0.000, raw_x=0.000, raw_z=0.000, stop_count=0, roi_count=0, nearest_x=inf, clear_frames=850
[WARN] [1782624850.046493916] [unitree_safe_cmd_node]: SAFE OVERRIDE cmd_timeout: Move x=0.000, z=0.000, raw_x=0.000, raw_z=0.000, stop_count=0, roi_count=0, nearest_x=inf, clear_frames=856
[WARN] [1782624850.596489857] [unitree_safe_cmd_node]: SAFE OVERRIDE cmd_timeout: Move x=0.000, z=0.000, raw_x=0.000, raw_z=0.000, stop_count=0, roi_count=0, nearest_x=inf, clear_frames=862
[WARN] [1782624851.146753220] [unitree_safe_cmd_node]: SAFE OVERRIDE cmd_timeout: Move x=0.000, z=0.000, raw_x=0.000, raw_z=0.000, stop_count=0, roi_count=0, nearest_x=inf, clear_frames=868
[WARN] [1782624851.696444998] [unitree_safe_cmd_node]: SAFE OVERRIDE cmd_timeout: Move x=0.000, z=0.000, raw_x=0.000, raw_z=0.000, stop_count=0, roi_count=0, nearest_x=inf, clear_frames=874
[WARN] [1782624852.246049598] [unitree_safe_cmd_node]: SAFE OVERRIDE cmd_timeout: Move x=0.000, z=0.000, raw_x=0.000, raw_z=0.000, stop_count=0, roi_count=0, nearest_x=inf, clear_frames=880
[WARN] [1782624852.748589794] [unitree_safe_cmd_node]: SAFE OVERRIDE cmd_timeout: Move x=0.000, z=0.000, raw_x=0.000, raw_z=0.000, stop_count=0, roi_count=0, nearest_x=inf, clear_frames=886
[WARN] [1782624853.296655585] [unitree_safe_cmd_node]: SAFE OVERRIDE cmd_timeout: Move x=0.000, z=0.000, raw_x=0.000, raw_z=0.000, stop_count=0, roi_count=0, nearest_x=inf, clear_frames=891
[WARN] [1782624853.846357699] [unitree_safe_cmd_node]: SAFE OVERRIDE cmd_timeout: Move x=0.000, z=0.000, raw_x=0.000, raw_z=0.000, stop_count=0, roi_count=0, nearest_x=inf, clear_frames=897
[WARN] [1782624854.396359018] [unitree_safe_cmd_node]: SAFE OVERRIDE cmd_timeout: Move x=0.000, z=0.000, raw_x=0.000, raw_z=0.000, stop_count=0, roi_count=0, nearest_x=inf, clear_frames=903
[WARN] [1782624854.946123376] [unitree_safe_cmd_node]: SAFE OVERRIDE cmd_timeout: Move x=0.000, z=0.000, raw_x=0.000, raw_z=0.000, stop_count=0, roi_count=0, nearest_x=inf, clear_frames=909
[WARN] [1782624855.496044812] [unitree_safe_cmd_node]: SAFE OVERRIDE cmd_timeout: Move x=0.000, z=0.000, raw_x=0.000, raw_z=0.000, stop_count=0, roi_count=0, nearest_x=inf, clear_frames=915
[WARN] [1782624855.996665187] [unitree_safe_cmd_node]: SAFE OVERRIDE cmd_timeout: Move x=0.000, z=0.000, raw_x=0.000, raw_z=0.000, stop_count=0, roi_count=0, nearest_x=inf, clear_frames=920
[WARN] [1782624856.546443828] [unitree_safe_cmd_node]: SAFE OVERRIDE cmd_timeout: Move x=0.000, z=0.000, raw_x=0.000, raw_z=0.000, stop_count=0, roi_count=0, nearest_x=inf, clear_frames=926
[WARN] [1782624857.096589052] [unitree_safe_cmd_node]: SAFE OVERRIDE cmd_timeout: Move x=0.000, z=0.000, raw_x=0.000, raw_z=0.000, stop_count=0, roi_count=0, nearest_x=inf, clear_frames=932
[WARN] [1782624857.646913867] [unitree_safe_cmd_node]: SAFE OVERRIDE cmd_timeout: Move x=0.000, z=0.000, raw_x=0.000, raw_z=0.000, stop_count=0, roi_count=0, nearest_x=inf, clear_frames=938
[WARN] [1782624858.196005817] [unitree_safe_cmd_node]: SAFE OVERRIDE cmd_timeout: Move x=0.000, z=0.000, raw_x=0.000, raw_z=0.000, stop_count=0, roi_count=0, nearest_x=inf, clear_frames=944
[WARN] [1782624858.746263756] [unitree_safe_cmd_node]: SAFE OVERRIDE cmd_timeout: Move x=0.000, z=0.000, raw_x=0.000, raw_z=0.000, stop_count=0, roi_count=0, nearest_x=inf, clear_frames=950
[WARN] [1782624859.246771015] [unitree_safe_cmd_node]: SAFE OVERRIDE cmd_timeout: Move x=0.000, z=0.000, raw_x=0.000, raw_z=0.000, stop_count=0, roi_count=0, nearest_x=inf, clear_frames=956
[WARN] [1782624859.796776674] [unitree_safe_cmd_node]: SAFE OVERRIDE cmd_timeout: Move x=0.000, z=0.000, raw_x=0.000, raw_z=0.000, stop_count=0, roi_count=0, nearest_x=inf, clear_frames=961
[WARN] [1782624860.346490131] [unitree_safe_cmd_node]: SAFE OVERRIDE cmd_timeout: Move x=0.000, z=0.000, raw_x=0.000, raw_z=0.000, stop_count=0, roi_count=0, nearest_x=inf, clear_frames=967
[WARN] [1782624860.896334719] [unitree_safe_cmd_node]: SAFE OVERRIDE cmd_timeout: Move x=0.000, z=0.000, raw_x=0.000, raw_z=0.000, stop_count=0, roi_count=0, nearest_x=inf, clear_frames=973
[WARN] [1782624861.446062330] [unitree_safe_cmd_node]: SAFE OVERRIDE cmd_timeout: Move x=0.000, z=0.000, raw_x=0.000, raw_z=0.000, stop_count=4, roi_count=5, nearest_x=0.36, clear_frames=979
[WARN] [1782624861.996224694] [unitree_safe_cmd_node]: SAFE OVERRIDE cmd_timeout: Move x=0.000, z=0.000, raw_x=0.000, raw_z=0.000, stop_count=6, roi_count=8, nearest_x=0.36, clear_frames=985
[WARN] [1782624862.497365084] [unitree_safe_cmd_node]: OBSTACLE DETECTED: stop_count=16, roi_count=26, nearest_x=0.35
[WARN] [1782624862.499445947] [unitree_safe_cmd_node]: SAFE OVERRIDE cmd_timeout: Move x=0.000, z=0.000, raw_x=0.000, raw_z=0.000, stop_count=16, roi_count=26, nearest_x=0.35, clear_frames=0
[WARN] [1782624863.046585221] [unitree_safe_cmd_node]: SAFE OVERRIDE cmd_timeout: Move x=0.000, z=0.000, raw_x=0.000, raw_z=0.000, stop_count=20, roi_count=31, nearest_x=0.35, clear_frames=0
[INFO] [1782624863.426540206] [unitree_safe_cmd_node]: obstacle cleared after 5 clear frames, resume move
[WARN] [1782624863.596419475] [unitree_safe_cmd_node]: SAFE OVERRIDE cmd_timeout: Move x=0.000, z=0.000, raw_x=0.000, raw_z=0.000, stop_count=9, roi_count=13, nearest_x=0.36, clear_frames=6
[WARN] [1782624864.096561503] [unitree_safe_cmd_node]: SAFE OVERRIDE cmd_timeout: Move x=0.000, z=0.000, raw_x=0.000, raw_z=0.000, stop_count=12, roi_count=16, nearest_x=0.36, clear_frames=11
[WARN] [1782624864.646753209] [unitree_safe_cmd_node]: SAFE OVERRIDE cmd_timeout: Move x=0.000, z=0.000, raw_x=0.000, raw_z=0.000, stop_count=7, roi_count=11, nearest_x=0.36, clear_frames=17
[WARN] [1782624865.196456079] [unitree_safe_cmd_node]: SAFE OVERRIDE cmd_timeout: Move x=0.000, z=0.000, raw_x=0.000, raw_z=0.000, stop_count=11, roi_count=18, nearest_x=0.35, clear_frames=22
[WARN] [1782624865.696604718] [unitree_safe_cmd_node]: SAFE OVERRIDE cmd_timeout: Move x=0.000, z=0.000, raw_x=0.000, raw_z=0.000, stop_count=6, roi_count=7, nearest_x=0.35, clear_frames=27
[WARN] [1782624866.246209246] [unitree_safe_cmd_node]: SAFE OVERRIDE cmd_timeout: Move x=0.000, z=0.000, raw_x=0.000, raw_z=0.000, stop_count=3, roi_count=8, nearest_x=0.38, clear_frames=33
[WARN] [1782624866.746266549] [unitree_safe_cmd_node]: SAFE OVERRIDE cmd_timeout: Move x=0.000, z=0.000, raw_x=0.000, raw_z=0.000, stop_count=3, roi_count=10, nearest_x=0.38, clear_frames=38
[WARN] [1782624867.296728897] [unitree_safe_cmd_node]: SAFE OVERRIDE cmd_timeout: Move x=0.000, z=0.000, raw_x=0.000, raw_z=0.000, stop_count=5, roi_count=10, nearest_x=0.36, clear_frames=43
[WARN] [1782624867.797409649] [unitree_safe_cmd_node]: SAFE OVERRIDE cmd_timeout: Move x=0.000, z=0.000, raw_x=0.000, raw_z=0.000, stop_count=7, roi_count=12, nearest_x=0.35, clear_frames=48
[WARN] [1782624868.346115305] [unitree_safe_cmd_node]: SAFE OVERRIDE cmd_timeout: Move x=0.000, z=0.000, raw_x=0.000, raw_z=0.000, stop_count=3, roi_count=9, nearest_x=0.37, clear_frames=54
[WARN] [1782624868.846108216] [unitree_safe_cmd_node]: SAFE OVERRIDE cmd_timeout: Move x=0.000, z=0.000, raw_x=0.000, raw_z=0.000, stop_count=9, roi_count=12, nearest_x=0.35, clear_frames=59
[WARN] [1782624869.346279308] [unitree_safe_cmd_node]: SAFE OVERRIDE cmd_timeout: Move x=0.000, z=0.000, raw_x=0.000, raw_z=0.000, stop_count=8, roi_count=16, nearest_x=0.36, clear_frames=64
[WARN] [1782624869.896701635] [unitree_safe_cmd_node]: SAFE OVERRIDE cmd_timeout: Move x=0.000, z=0.000, raw_x=0.000, raw_z=0.000, stop_count=7, roi_count=11, nearest_x=0.35, clear_frames=69
[WARN] [1782624870.396620639] [unitree_safe_cmd_node]: SAFE OVERRIDE cmd_timeout: Move x=0.000, z=0.000, raw_x=0.000, raw_z=0.000, stop_count=8, roi_count=14, nearest_x=0.35, clear_frames=74
[WARN] [1782624870.896698482] [unitree_safe_cmd_node]: SAFE OVERRIDE cmd_timeout: Move x=0.000, z=0.000, raw_x=0.000, raw_z=0.000, stop_count=6, roi_count=11, nearest_x=0.36, clear_frames=79
[WARN] [1782624871.411255192] [unitree_safe_cmd_node]: OBSTACLE DETECTED: stop_count=25, roi_count=36, nearest_x=0.35
[WARN] [1782624871.446007774] [unitree_safe_cmd_node]: SAFE OVERRIDE cmd_timeout: Move x=0.000, z=0.000, raw_x=0.000, raw_z=0.000, stop_count=25, roi_count=36, nearest_x=0.35, clear_frames=0
[WARN] [1782624871.946122127] [unitree_safe_cmd_node]: SAFE OVERRIDE cmd_timeout: Move x=0.000, z=0.000, raw_x=0.000, raw_z=0.000, stop_count=5, roi_count=9, nearest_x=0.37, clear_frames=4
[INFO] [1782624872.006689263] [unitree_safe_cmd_node]: obstacle cleared after 5 clear frames, resume move
[WARN] [1782624872.496569135] [unitree_safe_cmd_node]: SAFE OVERRIDE cmd_timeout: Move x=0.000, z=0.000, raw_x=0.000, raw_z=0.000, stop_count=0, roi_count=0, nearest_x=inf, clear_frames=9
[WARN] [1782624873.046086601] [unitree_safe_cmd_node]: SAFE OVERRIDE cmd_timeout: Move x=0.000, z=0.000, raw_x=0.000, raw_z=0.000, stop_count=0, roi_count=0, nearest_x=inf, clear_frames=15
[WARN] [1782624873.546115992] [unitree_safe_cmd_node]: SAFE OVERRIDE cmd_timeout: Move x=0.000, z=0.000, raw_x=0.000, raw_z=0.000, stop_count=0, roi_count=0, nearest_x=inf, clear_frames=20
[WARN] [1782624874.096596811] [unitree_safe_cmd_node]: SAFE OVERRIDE cmd_timeout: Move x=0.000, z=0.000, raw_x=0.000, raw_z=0.000, stop_count=0, roi_count=0, nearest_x=inf, clear_frames=25
[WARN] [1782624874.596488119] [unitree_safe_cmd_node]: SAFE OVERRIDE cmd_timeout: Move x=0.000, z=0.000, raw_x=0.000, raw_z=0.000, stop_count=0, roi_count=0, nearest_x=inf, clear_frames=30
[WARN] [1782624875.146067865] [unitree_safe_cmd_node]: SAFE OVERRIDE cmd_timeout: Move x=0.000, z=0.000, raw_x=0.000, raw_z=0.000, stop_count=0, roi_count=0, nearest_x=inf, clear_frames=36
[WARN] [1782624875.646677210] [unitree_safe_cmd_node]: SAFE OVERRIDE cmd_timeout: Move x=0.000, z=0.000, raw_x=0.000, raw_z=0.000, stop_count=0, roi_count=0, nearest_x=inf, clear_frames=41
[WARN] [1782624876.196731145] [unitree_safe_cmd_node]: SAFE OVERRIDE cmd_timeout: Move x=0.000, z=0.000, raw_x=0.000, raw_z=0.000, stop_count=0, roi_count=0, nearest_x=inf, clear_frames=46
[WARN] [1782624876.696670872] [unitree_safe_cmd_node]: SAFE OVERRIDE cmd_timeout: Move x=0.000, z=0.000, raw_x=0.000, raw_z=0.000, stop_count=0, roi_count=0, nearest_x=inf, clear_frames=51
[WARN] [1782624877.246063217] [unitree_safe_cmd_node]: SAFE OVERRIDE cmd_timeout: Move x=0.000, z=0.000, raw_x=0.000, raw_z=0.000, stop_count=0, roi_count=0, nearest_x=inf, clear_frames=57
[WARN] [1782624877.746239788] [unitree_safe_cmd_node]: SAFE OVERRIDE cmd_timeout: Move x=0.000, z=0.000, raw_x=0.000, raw_z=0.000, stop_count=0, roi_count=0, nearest_x=inf, clear_frames=62
[WARN] [1782624878.296412825] [unitree_safe_cmd_node]: SAFE OVERRIDE cmd_timeout: Move x=0.000, z=0.000, raw_x=0.000, raw_z=0.000, stop_count=0, roi_count=0, nearest_x=inf, clear_frames=67
[WARN] [1782624878.846111465] [unitree_safe_cmd_node]: SAFE OVERRIDE cmd_timeout: Move x=0.000, z=0.000, raw_x=0.000, raw_z=0.000, stop_count=1, roi_count=1, nearest_x=0.37, clear_frames=73
[WARN] [1782624879.346129138] [unitree_safe_cmd_node]: SAFE OVERRIDE cmd_timeout: Move x=0.000, z=0.000, raw_x=0.000, raw_z=0.000, stop_count=0, roi_count=0, nearest_x=inf, clear_frames=78
[WARN] [1782624879.846077883] [unitree_safe_cmd_node]: SAFE OVERRIDE cmd_timeout: Move x=0.000, z=0.000, raw_x=0.000, raw_z=0.000, stop_count=0, roi_count=0, nearest_x=inf, clear_frames=83
[WARN] [1782624880.396601468] [unitree_safe_cmd_node]: SAFE OVERRIDE cmd_timeout: Move x=0.000, z=0.000, raw_x=0.000, raw_z=0.000, stop_count=0, roi_count=0, nearest_x=inf, clear_frames=88
[WARN] [1782624880.946082354] [unitree_safe_cmd_node]: SAFE OVERRIDE cmd_timeout: Move x=0.000, z=0.000, raw_x=0.000, raw_z=0.000, stop_count=0, roi_count=0, nearest_x=inf, clear_frames=94
[WARN] [1782624881.446051605] [unitree_safe_cmd_node]: SAFE OVERRIDE cmd_timeout: Move x=0.000, z=0.000, raw_x=0.000, raw_z=0.000, stop_count=1, roi_count=1, nearest_x=0.35, clear_frames=99
[WARN] [1782624881.996627607] [unitree_safe_cmd_node]: SAFE OVERRIDE cmd_timeout: Move x=0.000, z=0.000, raw_x=0.000, raw_z=0.000, stop_count=0, roi_count=0, nearest_x=inf, clear_frames=104
[WARN] [1782624882.496636877] [unitree_safe_cmd_node]: SAFE OVERRIDE cmd_timeout: Move x=0.000, z=0.000, raw_x=0.000, raw_z=0.000, stop_count=0, roi_count=0, nearest_x=inf, clear_frames=109
[WARN] [1782624883.046119593] [unitree_safe_cmd_node]: SAFE OVERRIDE cmd_timeout: Move x=0.000, z=0.000, raw_x=0.000, raw_z=0.000, stop_count=1, roi_count=1, nearest_x=0.36, clear_frames=115
[WARN] [1782624883.546216876] [unitree_safe_cmd_node]: SAFE OVERRIDE cmd_timeout: Move x=0.000, z=0.000, raw_x=0.000, raw_z=0.000, stop_count=2, roi_count=2, nearest_x=0.35, clear_frames=120
[WARN] [1782624884.096758008] [unitree_safe_cmd_node]: SAFE OVERRIDE cmd_timeout: Move x=0.000, z=0.000, raw_x=0.000, raw_z=0.000, stop_count=0, roi_count=0, nearest_x=inf, clear_frames=125
[WARN] [1782624884.646689309] [unitree_safe_cmd_node]: SAFE OVERRIDE cmd_timeout: Move x=0.000, z=0.000, raw_x=0.000, raw_z=0.000, stop_count=0, roi_count=0, nearest_x=inf, clear_frames=131
[WARN] [1782624885.196444792] [unitree_safe_cmd_node]: SAFE OVERRIDE cmd_timeout: Move x=0.000, z=0.000, raw_x=0.000, raw_z=0.000, stop_count=0, roi_count=0, nearest_x=inf, clear_frames=136
[WARN] [1782624885.696769426] [unitree_safe_cmd_node]: SAFE OVERRIDE cmd_timeout: Move x=0.000, z=0.000, raw_x=0.000, raw_z=0.000, stop_count=0, roi_count=0, nearest_x=inf, clear_frames=141
[WARN] [1782624886.246144199] [unitree_safe_cmd_node]: SAFE OVERRIDE cmd_timeout: Move x=0.000, z=0.000, raw_x=0.000, raw_z=0.000, stop_count=0, roi_count=0, nearest_x=inf, clear_frames=147
[WARN] [1782624886.796562526] [unitree_safe_cmd_node]: SAFE OVERRIDE cmd_timeout: Move x=0.000, z=0.000, raw_x=0.000, raw_z=0.000, stop_count=0, roi_count=0, nearest_x=inf, clear_frames=152
[WARN] [1782624887.346088996] [unitree_safe_cmd_node]: SAFE OVERRIDE cmd_timeout: Move x=0.000, z=0.000, raw_x=0.000, raw_z=0.000, stop_count=0, roi_count=0, nearest_x=inf, clear_frames=158
[WARN] [1782624887.846101055] [unitree_safe_cmd_node]: SAFE OVERRIDE cmd_timeout: Move x=0.000, z=0.000, raw_x=0.000, raw_z=0.000, stop_count=0, roi_count=0, nearest_x=inf, clear_frames=163
[WARN] [1782624888.396813343] [unitree_safe_cmd_node]: SAFE OVERRIDE cmd_timeout: Move x=0.000, z=0.000, raw_x=0.000, raw_z=0.000, stop_count=0, roi_count=0, nearest_x=inf, clear_frames=168
[WARN] [1782624888.946090546] [unitree_safe_cmd_node]: SAFE OVERRIDE cmd_timeout: Move x=0.000, z=0.000, raw_x=0.000, raw_z=0.000, stop_count=1, roi_count=1, nearest_x=0.35, clear_frames=174
[WARN] [1782624889.446094599] [unitree_safe_cmd_node]: SAFE OVERRIDE cmd_timeout: Move x=0.000, z=0.000, raw_x=0.000, raw_z=0.000, stop_count=0, roi_count=0, nearest_x=inf, clear_frames=179
[WARN] [1782624889.996409680] [unitree_safe_cmd_node]: SAFE OVERRIDE cmd_timeout: Move x=0.000, z=0.000, raw_x=0.000, raw_z=0.000, stop_count=0, roi_count=0, nearest_x=inf, clear_frames=184
[WARN] [1782624890.546210856] [unitree_safe_cmd_node]: SAFE OVERRIDE cmd_timeout: Move x=0.000, z=0.000, raw_x=0.000, raw_z=0.000, stop_count=0, roi_count=0, nearest_x=inf, clear_frames=190
[WARN] [1782624891.046104531] [unitree_safe_cmd_node]: SAFE OVERRIDE cmd_timeout: Move x=0.000, z=0.000, raw_x=0.000, raw_z=0.000, stop_count=0, roi_count=0, nearest_x=inf, clear_frames=195
[WARN] [1782624891.546190721] [unitree_safe_cmd_node]: SAFE OVERRIDE cmd_timeout: Move x=0.000, z=0.000, raw_x=0.000, raw_z=0.000, stop_count=0, roi_count=0, nearest_x=inf, clear_frames=200
[WARN] [1782624892.096603138] [unitree_safe_cmd_node]: SAFE OVERRIDE cmd_timeout: Move x=0.000, z=0.000, raw_x=0.000, raw_z=0.000, stop_count=0, roi_count=0, nearest_x=inf, clear_frames=205
[WARN] [1782624892.596682364] [unitree_safe_cmd_node]: SAFE OVERRIDE cmd_timeout: Move x=0.000, z=0.000, raw_x=0.000, raw_z=0.000, stop_count=0, roi_count=0, nearest_x=inf, clear_frames=210
[WARN] [1782624893.096685790] [unitree_safe_cmd_node]: SAFE OVERRIDE cmd_timeout: Move x=0.000, z=0.000, raw_x=0.000, raw_z=0.000, stop_count=0, roi_count=0, nearest_x=inf, clear_frames=215
[WARN] [1782624893.596797225] [unitree_safe_cmd_node]: SAFE OVERRIDE cmd_timeout: Move x=0.000, z=0.000, raw_x=0.000, raw_z=0.000, stop_count=0, roi_count=0, nearest_x=inf, clear_frames=220
[WARN] [1782624894.146170987] [unitree_safe_cmd_node]: SAFE OVERRIDE cmd_timeout: Move x=0.000, z=0.000, raw_x=0.000, raw_z=0.000, stop_count=0, roi_count=0, nearest_x=inf, clear_frames=226
[WARN] [1782624894.646954274] [unitree_safe_cmd_node]: SAFE OVERRIDE cmd_timeout: Move x=0.000, z=0.000, raw_x=0.000, raw_z=0.000, stop_count=0, roi_count=0, nearest_x=inf, clear_frames=231
[WARN] [1782624895.196636240] [unitree_safe_cmd_node]: SAFE OVERRIDE cmd_timeout: Move x=0.000, z=0.000, raw_x=0.000, raw_z=0.000, stop_count=0, roi_count=0, nearest_x=inf, clear_frames=236
[WARN] [1782624895.697872626] [unitree_safe_cmd_node]: SAFE OVERRIDE cmd_timeout: Move x=0.000, z=0.000, raw_x=0.000, raw_z=0.000, stop_count=0, roi_count=0, nearest_x=inf, clear_frames=241
[WARN] [1782624896.246110727] [unitree_safe_cmd_node]: SAFE OVERRIDE cmd_timeout: Move x=0.000, z=0.000, raw_x=0.000, raw_z=0.000, stop_count=1, roi_count=1, nearest_x=0.36, clear_frames=247
[WARN] [1782624896.746123484] [unitree_safe_cmd_node]: SAFE OVERRIDE cmd_timeout: Move x=0.000, z=0.000, raw_x=0.000, raw_z=0.000, stop_count=0, roi_count=0, nearest_x=inf, clear_frames=252
[WARN] [1782624897.246141379] [unitree_safe_cmd_node]: SAFE OVERRIDE cmd_timeout: Move x=0.000, z=0.000, raw_x=0.000, raw_z=0.000, stop_count=0, roi_count=0, nearest_x=inf, clear_frames=257
[WARN] [1782624897.796452440] [unitree_safe_cmd_node]: SAFE OVERRIDE cmd_timeout: Move x=0.000, z=0.000, raw_x=0.000, raw_z=0.000, stop_count=1, roi_count=1, nearest_x=0.35, clear_frames=262
[WARN] [1782624898.296764376] [unitree_safe_cmd_node]: SAFE OVERRIDE cmd_timeout: Move x=0.000, z=0.000, raw_x=0.000, raw_z=0.000, stop_count=0, roi_count=0, nearest_x=inf, clear_frames=267
[WARN] [1782624898.796722798] [unitree_safe_cmd_node]: SAFE OVERRIDE cmd_timeout: Move x=0.000, z=0.000, raw_x=0.000, raw_z=0.000, stop_count=2, roi_count=2, nearest_x=0.36, clear_frames=272
[WARN] [1782624899.011055161] [unitree_safe_cmd_node]: OBSTACLE DETECTED: stop_count=17, roi_count=29, nearest_x=0.36
[WARN] [1782624899.346245183] [unitree_safe_cmd_node]: SAFE OVERRIDE cmd_timeout: Move x=0.000, z=0.000, raw_x=0.000, raw_z=0.000, stop_count=0, roi_count=125, nearest_x=0.52, clear_frames=3
[INFO] [1782624899.506263565] [unitree_safe_cmd_node]: obstacle cleared after 5 clear frames, resume move
[WARN] [1782624899.896482795] [unitree_safe_cmd_node]: SAFE OVERRIDE cmd_timeout: Move x=0.000, z=0.000, raw_x=0.000, raw_z=0.000, stop_count=0, roi_count=45, nearest_x=0.80, clear_frames=8
[WARN] [1782624900.446128915] [unitree_safe_cmd_node]: SAFE OVERRIDE cmd_timeout: Move x=0.000, z=0.000, raw_x=0.000, raw_z=0.000, stop_count=0, roi_count=0, nearest_x=inf, clear_frames=14
[WARN] [1782624900.996600014] [unitree_safe_cmd_node]: SAFE OVERRIDE cmd_timeout: Move x=0.000, z=0.000, raw_x=0.000, raw_z=0.000, stop_count=0, roi_count=0, nearest_x=inf, clear_frames=19
[WARN] [1782624901.546094051] [unitree_safe_cmd_node]: SAFE OVERRIDE cmd_timeout: Move x=0.000, z=0.000, raw_x=0.000, raw_z=0.000, stop_count=0, roi_count=0, nearest_x=inf, clear_frames=25
[WARN] [1782624902.046169961] [unitree_safe_cmd_node]: SAFE OVERRIDE cmd_timeout: Move x=0.000, z=0.000, raw_x=0.000, raw_z=0.000, stop_count=0, roi_count=0, nearest_x=inf, clear_frames=30
[WARN] [1782624902.596603840] [unitree_safe_cmd_node]: SAFE OVERRIDE cmd_timeout: Move x=0.000, z=0.000, raw_x=0.000, raw_z=0.000, stop_count=0, roi_count=0, nearest_x=inf, clear_frames=35
[WARN] [1782624903.096667200] [unitree_safe_cmd_node]: SAFE OVERRIDE cmd_timeout: Move x=0.000, z=0.000, raw_x=0.000, raw_z=0.000, stop_count=0, roi_count=0, nearest_x=inf, clear_frames=40
[WARN] [1782624903.647001744] [unitree_safe_cmd_node]: SAFE OVERRIDE cmd_timeout: Move x=0.000, z=0.000, raw_x=0.000, raw_z=0.000, stop_count=0, roi_count=0, nearest_x=inf, clear_frames=46
[WARN] [1782624904.197055494] [unitree_safe_cmd_node]: SAFE OVERRIDE cmd_timeout: Move x=0.000, z=0.000, raw_x=0.000, raw_z=0.000, stop_count=0, roi_count=0, nearest_x=inf, clear_frames=51
[WARN] [1782624904.696798852] [unitree_safe_cmd_node]: SAFE OVERRIDE cmd_timeout: Move x=0.000, z=0.000, raw_x=0.000, raw_z=0.000, stop_count=0, roi_count=0, nearest_x=inf, clear_frames=56
[WARN] [1782624905.197489108] [unitree_safe_cmd_node]: SAFE OVERRIDE cmd_timeout: Move x=0.000, z=0.000, raw_x=0.000, raw_z=0.000, stop_count=0, roi_count=1, nearest_x=0.89, clear_frames=61
[WARN] [1782624905.746283865] [unitree_safe_cmd_node]: SAFE OVERRIDE cmd_timeout: Move x=0.000, z=0.000, raw_x=0.000, raw_z=0.000, stop_count=0, roi_count=11, nearest_x=0.42, clear_frames=67
[WARN] [1782624906.296831125] [unitree_safe_cmd_node]: SAFE OVERRIDE cmd_timeout: Move x=0.000, z=0.000, raw_x=0.000, raw_z=0.000, stop_count=0, roi_count=0, nearest_x=inf, clear_frames=72
[WARN] [1782624906.846264332] [unitree_safe_cmd_node]: SAFE OVERRIDE cmd_timeout: Move x=0.000, z=0.000, raw_x=0.000, raw_z=0.000, stop_count=0, roi_count=0, nearest_x=inf, clear_frames=78
[WARN] [1782624907.396531375] [unitree_safe_cmd_node]: SAFE OVERRIDE cmd_timeout: Move x=0.000, z=0.000, raw_x=0.000, raw_z=0.000, stop_count=0, roi_count=0, nearest_x=inf, clear_frames=83
[WARN] [1782624907.896751675] [unitree_safe_cmd_node]: SAFE OVERRIDE cmd_timeout: Move x=0.000, z=0.000, raw_x=0.000, raw_z=0.000, stop_count=0, roi_count=0, nearest_x=inf, clear_frames=88
[WARN] [1782624908.446064057] [unitree_safe_cmd_node]: SAFE OVERRIDE cmd_timeout: Move x=0.000, z=0.000, raw_x=0.000, raw_z=0.000, stop_count=0, roi_count=0, nearest_x=inf, clear_frames=94
[WARN] [1782624908.946118258] [unitree_safe_cmd_node]: SAFE OVERRIDE cmd_timeout: Move x=0.000, z=0.000, raw_x=0.000, raw_z=0.000, stop_count=0, roi_count=0, nearest_x=inf, clear_frames=99
[WARN] [1782624909.446173935] [unitree_safe_cmd_node]: SAFE OVERRIDE cmd_timeout: Move x=0.000, z=0.000, raw_x=0.000, raw_z=0.000, stop_count=0, roi_count=0, nearest_x=inf, clear_frames=104
[WARN] [1782624909.997327276] [unitree_safe_cmd_node]: SAFE OVERRIDE cmd_timeout: Move x=0.000, z=0.000, raw_x=0.000, raw_z=0.000, stop_count=0, roi_count=0, nearest_x=inf, clear_frames=109
[WARN] [1782624910.546320929] [unitree_safe_cmd_node]: SAFE OVERRIDE cmd_timeout: Move x=0.000, z=0.000, raw_x=0.000, raw_z=0.000, stop_count=0, roi_count=0, nearest_x=inf, clear_frames=115
[WARN] [1782624911.096619423] [unitree_safe_cmd_node]: SAFE OVERRIDE cmd_timeout: Move x=0.000, z=0.000, raw_x=0.000, raw_z=0.000, stop_count=0, roi_count=0, nearest_x=inf, clear_frames=120
[WARN] [1782624911.646658014] [unitree_safe_cmd_node]: SAFE OVERRIDE cmd_timeout: Move x=0.000, z=0.000, raw_x=0.000, raw_z=0.000, stop_count=0, roi_count=0, nearest_x=inf, clear_frames=126
[WARN] [1782624912.196420235] [unitree_safe_cmd_node]: SAFE OVERRIDE cmd_timeout: Move x=0.000, z=0.000, raw_x=0.000, raw_z=0.000, stop_count=0, roi_count=0, nearest_x=inf, clear_frames=131
[WARN] [1782624912.696806497] [unitree_safe_cmd_node]: SAFE OVERRIDE cmd_timeout: Move x=0.000, z=0.000, raw_x=0.000, raw_z=0.000, stop_count=0, roi_count=0, nearest_x=inf, clear_frames=136
[WARN] [1782624913.246072038] [unitree_safe_cmd_node]: SAFE OVERRIDE cmd_timeout: Move x=0.000, z=0.000, raw_x=0.000, raw_z=0.000, stop_count=0, roi_count=0, nearest_x=inf, clear_frames=142
[WARN] [1782624913.746167954] [unitree_safe_cmd_node]: SAFE OVERRIDE cmd_timeout: Move x=0.000, z=0.000, raw_x=0.000, raw_z=0.000, stop_count=0, roi_count=0, nearest_x=inf, clear_frames=147
[WARN] [1782624914.296838657] [unitree_safe_cmd_node]: SAFE OVERRIDE cmd_timeout: Move x=0.000, z=0.000, raw_x=0.000, raw_z=0.000, stop_count=0, roi_count=0, nearest_x=inf, clear_frames=152
[WARN] [1782624914.846083543] [unitree_safe_cmd_node]: SAFE OVERRIDE cmd_timeout: Move x=0.000, z=0.000, raw_x=0.000, raw_z=0.000, stop_count=0, roi_count=0, nearest_x=inf, clear_frames=158
[WARN] [1782624915.346165205] [unitree_safe_cmd_node]: SAFE OVERRIDE cmd_timeout: Move x=0.000, z=0.000, raw_x=0.000, raw_z=0.000, stop_count=0, roi_count=0, nearest_x=inf, clear_frames=163
[WARN] [1782624915.896721673] [unitree_safe_cmd_node]: SAFE OVERRIDE cmd_timeout: Move x=0.000, z=0.000, raw_x=0.000, raw_z=0.000, stop_count=0, roi_count=0, nearest_x=inf, clear_frames=168
[WARN] [1782624916.446079770] [unitree_safe_cmd_node]: SAFE OVERRIDE cmd_timeout: Move x=0.000, z=0.000, raw_x=0.000, raw_z=0.000, stop_count=0, roi_count=0, nearest_x=inf, clear_frames=174
[WARN] [1782624916.946162163] [unitree_safe_cmd_node]: SAFE OVERRIDE cmd_timeout: Move x=0.000, z=0.000, raw_x=0.000, raw_z=0.000, stop_count=0, roi_count=0, nearest_x=inf, clear_frames=179
[WARN] [1782624917.446120621] [unitree_safe_cmd_node]: SAFE OVERRIDE cmd_timeout: Move x=0.000, z=0.000, raw_x=0.000, raw_z=0.000, stop_count=0, roi_count=0, nearest_x=inf, clear_frames=184
[WARN] [1782624917.996389187] [unitree_safe_cmd_node]: SAFE OVERRIDE cmd_timeout: Move x=0.000, z=0.000, raw_x=0.000, raw_z=0.000, stop_count=0, roi_count=0, nearest_x=inf, clear_frames=189
[WARN] [1782624918.496499206] [unitree_safe_cmd_node]: SAFE OVERRIDE cmd_timeout: Move x=0.000, z=0.000, raw_x=0.000, raw_z=0.000, stop_count=0, roi_count=0, nearest_x=inf, clear_frames=194
[WARN] [1782624919.046122085] [unitree_safe_cmd_node]: SAFE OVERRIDE cmd_timeout: Move x=0.000, z=0.000, raw_x=0.000, raw_z=0.000, stop_count=0, roi_count=0, nearest_x=inf, clear_frames=200
[WARN] [1782624919.596364246] [unitree_safe_cmd_node]: SAFE OVERRIDE cmd_timeout: Move x=0.000, z=0.000, raw_x=0.000, raw_z=0.000, stop_count=0, roi_count=0, nearest_x=inf, clear_frames=205
[WARN] [1782624920.096555014] [unitree_safe_cmd_node]: SAFE OVERRIDE cmd_timeout: Move x=0.000, z=0.000, raw_x=0.000, raw_z=0.000, stop_count=0, roi_count=0, nearest_x=inf, clear_frames=210
[WARN] [1782624920.646944820] [unitree_safe_cmd_node]: SAFE OVERRIDE cmd_timeout: Move x=0.000, z=0.000, raw_x=0.000, raw_z=0.000, stop_count=0, roi_count=0, nearest_x=inf, clear_frames=216
[WARN] [1782624921.196912482] [unitree_safe_cmd_node]: SAFE OVERRIDE cmd_timeout: Move x=0.000, z=0.000, raw_x=0.000, raw_z=0.000, stop_count=0, roi_count=0, nearest_x=inf, clear_frames=221
[WARN] [1782624921.696668152] [unitree_safe_cmd_node]: SAFE OVERRIDE cmd_timeout: Move x=0.000, z=0.000, raw_x=0.000, raw_z=0.000, stop_count=0, roi_count=0, nearest_x=inf, clear_frames=226
[WARN] [1782624922.246097083] [unitree_safe_cmd_node]: SAFE OVERRIDE cmd_timeout: Move x=0.000, z=0.000, raw_x=0.000, raw_z=0.000, stop_count=0, roi_count=0, nearest_x=inf, clear_frames=232
[WARN] [1782624922.746252148] [unitree_safe_cmd_node]: SAFE OVERRIDE cmd_timeout: Move x=0.000, z=0.000, raw_x=0.000, raw_z=0.000, stop_count=0, roi_count=0, nearest_x=inf, clear_frames=237
[WARN] [1782624923.296635081] [unitree_safe_cmd_node]: SAFE OVERRIDE cmd_timeout: Move x=0.000, z=0.000, raw_x=0.000, raw_z=0.000, stop_count=0, roi_count=0, nearest_x=inf, clear_frames=242
[WARN] [1782624923.846082374] [unitree_safe_cmd_node]: SAFE OVERRIDE cmd_timeout: Move x=0.000, z=0.000, raw_x=0.000, raw_z=0.000, stop_count=0, roi_count=0, nearest_x=inf, clear_frames=248
[WARN] [1782624924.346593966] [unitree_safe_cmd_node]: SAFE OVERRIDE cmd_timeout: Move x=0.000, z=0.000, raw_x=0.000, raw_z=0.000, stop_count=0, roi_count=0, nearest_x=inf, clear_frames=253
[WARN] [1782624924.896794073] [unitree_safe_cmd_node]: SAFE OVERRIDE cmd_timeout: Move x=0.000, z=0.000, raw_x=0.000, raw_z=0.000, stop_count=0, roi_count=0, nearest_x=inf, clear_frames=258
[INFO] [1782624925.056574692] [unitree_safe_cmd_node]: Ctrl+C, publish Move(0,0,0)
