[INFO] [1783348872.913261157] [unitree_safe_cmd_node]: unitree_safe_cmd_node ACTIVE: obstacle -> Move(0,0,0), resume after 5 clear frames
[WARN] [1783348872.916158955] [unitree_safe_cmd_node]: SAFE OVERRIDE cmd_timeout: Move x=0.000, z=0.000, raw_x=0.000, raw_z=0.000, stop_count=0, roi_count=0, nearest_x=inf, clear_frames=0
[WARN] [1783348873.444739221] [unitree_safe_cmd_node]: SAFE OVERRIDE cmd_timeout: Move x=0.000, z=0.000, raw_x=0.000, raw_z=0.000, stop_count=0, roi_count=0, nearest_x=inf, clear_frames=3
[WARN] [1783348873.994677374] [unitree_safe_cmd_node]: SAFE OVERRIDE cmd_timeout: Move x=0.000, z=0.000, raw_x=0.000, raw_z=0.000, stop_count=0, roi_count=0, nearest_x=inf, clear_frames=5
[WARN] [1783348874.544501289] [unitree_safe_cmd_node]: SAFE OVERRIDE cmd_timeout: Move x=0.000, z=0.000, raw_x=0.000, raw_z=0.000, stop_count=0, roi_count=0, nearest_x=inf, clear_frames=8
[WARN] [1783348875.044705170] [unitree_safe_cmd_node]: SAFE OVERRIDE cmd_timeout: Move x=0.000, z=0.000, raw_x=0.000, raw_z=0.000, stop_count=0, roi_count=0, nearest_x=inf, clear_frames=11
[WARN] [1783348875.594657659] [unitree_safe_cmd_node]: SAFE OVERRIDE cmd_timeout: Move x=0.000, z=0.000, raw_x=0.000, raw_z=0.000, stop_count=0, roi_count=0, nearest_x=inf, clear_frames=13
[WARN] [1783348876.098246982] [unitree_safe_cmd_node]: SAFE OVERRIDE cmd_timeout: Move x=0.000, z=0.000, raw_x=0.000, raw_z=0.000, stop_count=0, roi_count=0, nearest_x=inf, clear_frames=15
[WARN] [1783348876.645365513] [unitree_safe_cmd_node]: SAFE OVERRIDE cmd_timeout: Move x=0.000, z=0.000, raw_x=0.000, raw_z=0.000, stop_count=0, roi_count=0, nearest_x=inf, clear_frames=16
[WARN] [1783348877.195485201] [unitree_safe_cmd_node]: SAFE OVERRIDE cmd_timeout: Move x=0.000, z=0.000, raw_x=0.000, raw_z=0.000, stop_count=0, roi_count=0, nearest_x=inf, clear_frames=18
[WARN] [1783348877.695112095] [unitree_safe_cmd_node]: SAFE OVERRIDE cmd_timeout: Move x=0.000, z=0.000, raw_x=0.000, raw_z=0.000, stop_count=0, roi_count=0, nearest_x=inf, clear_frames=20
[INFO] [1783348878.244647308] [unitree_safe_cmd_node]: Move x=0.500, z=-0.057, stop_count=0, roi_count=0, nearest_x=inf, clear_frames=22
[INFO] [1783348878.744689463] [unitree_safe_cmd_node]: Move x=0.500, z=-0.061, stop_count=0, roi_count=0, nearest_x=inf, clear_frames=23
[INFO] [1783348879.294361795] [unitree_safe_cmd_node]: Move x=0.500, z=-0.046, stop_count=0, roi_count=0, nearest_x=inf, clear_frames=24
[INFO] [1783348879.794592939] [unitree_safe_cmd_node]: Move x=0.500, z=-0.055, stop_count=0, roi_count=0, nearest_x=inf, clear_frames=25
[INFO] [1783348880.344298231] [unitree_safe_cmd_node]: Move x=0.500, z=-0.047, stop_count=0, roi_count=0, nearest_x=inf, clear_frames=27
[INFO] [1783348880.847321735] [unitree_safe_cmd_node]: Move x=0.500, z=-0.051, stop_count=0, roi_count=0, nearest_x=inf, clear_frames=29
[INFO] [1783348881.394838054] [unitree_safe_cmd_node]: Move x=0.500, z=-0.051, stop_count=0, roi_count=0, nearest_x=inf, clear_frames=32
[INFO] [1783348881.944850511] [unitree_safe_cmd_node]: Move x=0.500, z=-0.048, stop_count=0, roi_count=0, nearest_x=inf, clear_frames=36
[INFO] [1783348882.494342364] [unitree_safe_cmd_node]: Move x=0.500, z=-0.044, stop_count=0, roi_count=0, nearest_x=inf, clear_frames=39
[INFO] [1783348882.994625349] [unitree_safe_cmd_node]: Move x=0.500, z=0.021, stop_count=0, roi_count=38, nearest_x=0.57, clear_frames=41
[INFO] [1783348883.494769070] [unitree_safe_cmd_node]: Move x=0.500, z=0.052, stop_count=1, roi_count=16, nearest_x=0.37, clear_frames=43
[INFO] [1783348884.044488378] [unitree_safe_cmd_node]: Move x=0.500, z=0.065, stop_count=3, roi_count=12, nearest_x=0.37, clear_frames=46
[INFO] [1783348884.544536100] [unitree_safe_cmd_node]: Move x=0.500, z=0.068, stop_count=2, roi_count=11, nearest_x=0.38, clear_frames=51
[INFO] [1783348885.102804291] [unitree_safe_cmd_node]: Move x=0.500, z=0.061, stop_count=2, roi_count=13, nearest_x=0.35, clear_frames=58
[INFO] [1783348885.644467895] [unitree_safe_cmd_node]: Move x=0.500, z=0.038, stop_count=0, roi_count=14, nearest_x=0.42, clear_frames=64
[INFO] [1783348886.144793471] [unitree_safe_cmd_node]: Move x=0.500, z=0.008, stop_count=0, roi_count=12, nearest_x=0.51, clear_frames=69
[INFO] [1783348886.694733448] [unitree_safe_cmd_node]: Move x=0.500, z=0.032, stop_count=0, roi_count=9, nearest_x=0.46, clear_frames=76
[INFO] [1783348887.244377684] [unitree_safe_cmd_node]: Move x=0.500, z=0.079, stop_count=0, roi_count=11, nearest_x=0.43, clear_frames=82
[INFO] [1783348887.794321950] [unitree_safe_cmd_node]: Move x=0.500, z=0.080, stop_count=0, roi_count=13, nearest_x=0.44, clear_frames=88
[INFO] [1783348888.294340905] [unitree_safe_cmd_node]: Move x=0.500, z=0.055, stop_count=0, roi_count=11, nearest_x=0.41, clear_frames=94
[INFO] [1783348888.794619921] [unitree_safe_cmd_node]: Move x=0.500, z=0.042, stop_count=0, roi_count=12, nearest_x=0.41, clear_frames=98
[INFO] [1783348889.344350876] [unitree_safe_cmd_node]: Move x=0.500, z=0.059, stop_count=0, roi_count=8, nearest_x=0.40, clear_frames=105
[INFO] [1783348889.847038287] [unitree_safe_cmd_node]: Move x=0.500, z=0.057, stop_count=0, roi_count=10, nearest_x=0.45, clear_frames=110
[INFO] [1783348890.394386832] [unitree_safe_cmd_node]: Move x=0.500, z=0.060, stop_count=0, roi_count=12, nearest_x=0.47, clear_frames=117
[INFO] [1783348890.894467034] [unitree_safe_cmd_node]: Move x=0.500, z=0.061, stop_count=0, roi_count=14, nearest_x=0.42, clear_frames=122
[INFO] [1783348891.444320260] [unitree_safe_cmd_node]: Move x=0.500, z=0.071, stop_count=0, roi_count=9, nearest_x=0.45, clear_frames=129
[INFO] [1783348891.948624233] [unitree_safe_cmd_node]: Move x=0.500, z=0.063, stop_count=0, roi_count=10, nearest_x=0.51, clear_frames=134
[INFO] [1783348892.494601686] [unitree_safe_cmd_node]: Move x=0.500, z=0.053, stop_count=0, roi_count=17, nearest_x=0.44, clear_frames=140
[INFO] [1783348893.044325153] [unitree_safe_cmd_node]: Move x=0.500, z=0.058, stop_count=0, roi_count=9, nearest_x=0.48, clear_frames=147
[INFO] [1783348893.544588170] [unitree_safe_cmd_node]: Move x=0.500, z=0.051, stop_count=0, roi_count=8, nearest_x=0.45, clear_frames=152
[INFO] [1783348894.094322453] [unitree_safe_cmd_node]: Move x=0.500, z=0.062, stop_count=0, roi_count=13, nearest_x=0.46, clear_frames=159
[INFO] [1783348894.594356064] [unitree_safe_cmd_node]: Move x=0.500, z=0.059, stop_count=0, roi_count=9, nearest_x=0.48, clear_frames=164
[INFO] [1783348895.094428106] [unitree_safe_cmd_node]: Move x=0.500, z=0.061, stop_count=0, roi_count=11, nearest_x=0.44, clear_frames=170
[INFO] [1783348895.600819675] [unitree_safe_cmd_node]: Move x=0.500, z=0.059, stop_count=0, roi_count=18, nearest_x=0.45, clear_frames=174
[INFO] [1783348896.144973529] [unitree_safe_cmd_node]: Move x=0.500, z=0.059, stop_count=0, roi_count=8, nearest_x=0.47, clear_frames=179
[INFO] [1783348896.644886117] [unitree_safe_cmd_node]: Move x=0.500, z=0.052, stop_count=0, roi_count=13, nearest_x=0.45, clear_frames=184
[INFO] [1783348897.194705743] [unitree_safe_cmd_node]: Move x=0.500, z=0.046, stop_count=0, roi_count=12, nearest_x=0.46, clear_frames=190
[INFO] [1783348897.694935032] [unitree_safe_cmd_node]: Move x=0.500, z=0.063, stop_count=0, roi_count=13, nearest_x=0.42, clear_frames=195
[INFO] [1783348898.244837250] [unitree_safe_cmd_node]: Move x=0.500, z=0.063, stop_count=0, roi_count=17, nearest_x=0.47, clear_frames=200
[INFO] [1783348898.745051019] [unitree_safe_cmd_node]: Move x=0.500, z=0.065, stop_count=0, roi_count=15, nearest_x=0.42, clear_frames=205
[INFO] [1783348899.246934885] [unitree_safe_cmd_node]: Move x=0.500, z=0.067, stop_count=0, roi_count=11, nearest_x=0.48, clear_frames=210
[INFO] [1783348899.796063413] [unitree_safe_cmd_node]: Move x=0.500, z=0.056, stop_count=1, roi_count=19, nearest_x=0.40, clear_frames=216
[INFO] [1783348900.344490732] [unitree_safe_cmd_node]: Move x=0.500, z=0.068, stop_count=0, roi_count=10, nearest_x=0.48, clear_frames=221
[INFO] [1783348900.844382072] [unitree_safe_cmd_node]: Move x=0.500, z=0.054, stop_count=0, roi_count=15, nearest_x=0.45, clear_frames=226
[INFO] [1783348901.394364353] [unitree_safe_cmd_node]: Move x=0.500, z=0.060, stop_count=0, roi_count=13, nearest_x=0.44, clear_frames=232
[INFO] [1783348901.944461033] [unitree_safe_cmd_node]: Move x=0.500, z=0.061, stop_count=0, roi_count=19, nearest_x=0.43, clear_frames=237
[INFO] [1783348902.444874064] [unitree_safe_cmd_node]: Move x=0.500, z=0.051, stop_count=0, roi_count=13, nearest_x=0.48, clear_frames=242
[INFO] [1783348902.994333054] [unitree_safe_cmd_node]: Move x=0.500, z=0.052, stop_count=1, roi_count=7, nearest_x=0.40, clear_frames=248
[INFO] [1783348903.494379913] [unitree_safe_cmd_node]: Move x=0.500, z=0.046, stop_count=0, roi_count=8, nearest_x=0.44, clear_frames=253
[INFO] [1783348904.044389553] [unitree_safe_cmd_node]: Move x=0.500, z=0.057, stop_count=0, roi_count=10, nearest_x=0.45, clear_frames=258
[INFO] [1783348904.544587451] [unitree_safe_cmd_node]: Move x=0.500, z=0.056, stop_count=0, roi_count=12, nearest_x=0.45, clear_frames=263
[INFO] [1783348905.094307014] [unitree_safe_cmd_node]: Move x=0.500, z=0.068, stop_count=0, roi_count=7, nearest_x=0.46, clear_frames=269
[INFO] [1783348905.594497391] [unitree_safe_cmd_node]: Move x=0.500, z=0.063, stop_count=0, roi_count=15, nearest_x=0.42, clear_frames=274
[INFO] [1783348906.144424249] [unitree_safe_cmd_node]: Move x=0.500, z=0.075, stop_count=0, roi_count=15, nearest_x=0.45, clear_frames=279
[INFO] [1783348906.694737055] [unitree_safe_cmd_node]: Move x=0.500, z=0.063, stop_count=0, roi_count=15, nearest_x=0.46, clear_frames=285
[INFO] [1783348907.244414986] [unitree_safe_cmd_node]: Move x=0.500, z=0.062, stop_count=0, roi_count=11, nearest_x=0.43, clear_frames=290
[INFO] [1783348907.744462837] [unitree_safe_cmd_node]: Move x=0.500, z=0.064, stop_count=0, roi_count=12, nearest_x=0.43, clear_frames=295
[INFO] [1783348908.294366015] [unitree_safe_cmd_node]: Move x=0.500, z=0.062, stop_count=0, roi_count=9, nearest_x=0.45, clear_frames=301
[INFO] [1783348908.794592200] [unitree_safe_cmd_node]: Move x=0.500, z=0.079, stop_count=0, roi_count=10, nearest_x=0.47, clear_frames=306
[INFO] [1783348909.344419314] [unitree_safe_cmd_node]: Move x=0.500, z=0.067, stop_count=0, roi_count=4, nearest_x=0.52, clear_frames=311
[INFO] [1783348909.844954936] [unitree_safe_cmd_node]: Move x=0.500, z=0.070, stop_count=0, roi_count=5, nearest_x=0.47, clear_frames=316
[INFO] [1783348910.394488037] [unitree_safe_cmd_node]: Move x=0.500, z=0.053, stop_count=0, roi_count=12, nearest_x=0.43, clear_frames=322
[INFO] [1783348910.894804141] [unitree_safe_cmd_node]: Move x=0.500, z=0.065, stop_count=0, roi_count=10, nearest_x=0.48, clear_frames=327
[INFO] [1783348911.394997814] [unitree_safe_cmd_node]: Move x=0.500, z=0.056, stop_count=0, roi_count=18, nearest_x=0.44, clear_frames=332
[INFO] [1783348911.944822145] [unitree_safe_cmd_node]: Move x=0.500, z=0.057, stop_count=0, roi_count=25, nearest_x=0.41, clear_frames=337
[INFO] [1783348912.445171561] [unitree_safe_cmd_node]: Move x=0.500, z=0.061, stop_count=0, roi_count=13, nearest_x=0.44, clear_frames=342
[INFO] [1783348912.994602102] [unitree_safe_cmd_node]: Move x=0.500, z=0.072, stop_count=0, roi_count=8, nearest_x=0.47, clear_frames=348
[INFO] [1783348913.494616481] [unitree_safe_cmd_node]: Move x=0.500, z=0.065, stop_count=0, roi_count=13, nearest_x=0.45, clear_frames=353
[INFO] [1783348914.044558635] [unitree_safe_cmd_node]: Move x=0.500, z=0.058, stop_count=0, roi_count=13, nearest_x=0.46, clear_frames=358
[INFO] [1783348914.594441492] [unitree_safe_cmd_node]: Move x=0.500, z=0.057, stop_count=0, roi_count=13, nearest_x=0.42, clear_frames=364
[INFO] [1783348915.144632316] [unitree_safe_cmd_node]: Move x=0.500, z=0.052, stop_count=0, roi_count=9, nearest_x=0.46, clear_frames=368
[INFO] [1783348915.644808293] [unitree_safe_cmd_node]: Move x=0.500, z=0.050, stop_count=0, roi_count=12, nearest_x=0.46, clear_frames=373
[INFO] [1783348916.194347954] [unitree_safe_cmd_node]: Move x=0.500, z=0.057, stop_count=0, roi_count=9, nearest_x=0.48, clear_frames=379
[INFO] [1783348916.694783289] [unitree_safe_cmd_node]: Move x=0.500, z=0.051, stop_count=0, roi_count=12, nearest_x=0.44, clear_frames=384
[INFO] [1783348917.244382885] [unitree_safe_cmd_node]: Move x=0.500, z=0.069, stop_count=0, roi_count=7, nearest_x=0.44, clear_frames=389
[INFO] [1783348917.745789539] [unitree_safe_cmd_node]: Move x=0.500, z=0.072, stop_count=0, roi_count=15, nearest_x=0.48, clear_frames=394
[INFO] [1783348918.294556599] [unitree_safe_cmd_node]: Move x=0.500, z=0.062, stop_count=0, roi_count=8, nearest_x=0.49, clear_frames=400
[INFO] [1783348918.794690625] [unitree_safe_cmd_node]: Move x=0.500, z=0.056, stop_count=0, roi_count=12, nearest_x=0.46, clear_frames=405
[INFO] [1783348919.294743436] [unitree_safe_cmd_node]: Move x=0.500, z=0.057, stop_count=0, roi_count=8, nearest_x=0.48, clear_frames=409
[INFO] [1783348919.845003762] [unitree_safe_cmd_node]: Move x=0.500, z=0.063, stop_count=0, roi_count=13, nearest_x=0.43, clear_frames=415
[INFO] [1783348920.394807037] [unitree_safe_cmd_node]: Move x=0.500, z=0.061, stop_count=0, roi_count=14, nearest_x=0.42, clear_frames=421
[INFO] [1783348920.944690342] [unitree_safe_cmd_node]: Move x=0.500, z=0.058, stop_count=0, roi_count=13, nearest_x=0.45, clear_frames=426
[INFO] [1783348921.494881485] [unitree_safe_cmd_node]: Move x=0.500, z=0.057, stop_count=0, roi_count=16, nearest_x=0.41, clear_frames=432
[INFO] [1783348922.044951510] [unitree_safe_cmd_node]: Move x=0.500, z=0.069, stop_count=0, roi_count=13, nearest_x=0.46, clear_frames=437
[INFO] [1783348922.544878209] [unitree_safe_cmd_node]: Move x=0.500, z=0.060, stop_count=0, roi_count=11, nearest_x=0.45, clear_frames=442
[INFO] [1783348923.094400782] [unitree_safe_cmd_node]: Move x=0.500, z=0.066, stop_count=1, roi_count=8, nearest_x=0.40, clear_frames=448
[INFO] [1783348923.644516982] [unitree_safe_cmd_node]: Move x=0.500, z=0.066, stop_count=0, roi_count=10, nearest_x=0.45, clear_frames=453
[INFO] [1783348924.144647136] [unitree_safe_cmd_node]: Move x=0.500, z=0.058, stop_count=0, roi_count=12, nearest_x=0.46, clear_frames=458
[INFO] [1783348924.694737992] [unitree_safe_cmd_node]: Move x=0.500, z=0.063, stop_count=0, roi_count=13, nearest_x=0.47, clear_frames=464
[INFO] [1783348925.244295797] [unitree_safe_cmd_node]: Move x=0.500, z=0.070, stop_count=0, roi_count=10, nearest_x=0.46, clear_frames=469
[INFO] [1783348925.744993305] [unitree_safe_cmd_node]: Move x=0.500, z=0.065, stop_count=0, roi_count=14, nearest_x=0.46, clear_frames=474
[INFO] [1783348926.299298203] [unitree_safe_cmd_node]: Move x=0.500, z=0.061, stop_count=0, roi_count=12, nearest_x=0.46, clear_frames=480
[INFO] [1783348926.844928427] [unitree_safe_cmd_node]: Move x=0.500, z=0.063, stop_count=0, roi_count=12, nearest_x=0.45, clear_frames=485
[INFO] [1783348927.345006165] [unitree_safe_cmd_node]: Move x=0.500, z=0.068, stop_count=0, roi_count=11, nearest_x=0.45, clear_frames=490
[INFO] [1783348927.894784128] [unitree_safe_cmd_node]: Move x=0.500, z=0.061, stop_count=0, roi_count=24, nearest_x=0.43, clear_frames=496
[INFO] [1783348928.444744937] [unitree_safe_cmd_node]: Move x=0.500, z=0.062, stop_count=0, roi_count=9, nearest_x=0.47, clear_frames=501
[INFO] [1783348928.994701907] [unitree_safe_cmd_node]: Move x=0.500, z=0.063, stop_count=0, roi_count=13, nearest_x=0.44, clear_frames=507
[INFO] [1783348929.494837244] [unitree_safe_cmd_node]: Move x=0.500, z=0.063, stop_count=0, roi_count=11, nearest_x=0.49, clear_frames=512
[INFO] [1783348930.044861189] [unitree_safe_cmd_node]: Move x=0.500, z=0.058, stop_count=0, roi_count=8, nearest_x=0.46, clear_frames=517
[INFO] [1783348930.594484753] [unitree_safe_cmd_node]: Move x=0.500, z=0.055, stop_count=0, roi_count=13, nearest_x=0.47, clear_frames=523
[INFO] [1783348931.094313885] [unitree_safe_cmd_node]: Move x=0.500, z=0.053, stop_count=0, roi_count=13, nearest_x=0.47, clear_frames=528
[INFO] [1783348931.644388965] [unitree_safe_cmd_node]: Move x=0.500, z=0.073, stop_count=0, roi_count=8, nearest_x=0.48, clear_frames=533
[INFO] [1783348932.144397808] [unitree_safe_cmd_node]: Move x=0.500, z=0.063, stop_count=0, roi_count=11, nearest_x=0.47, clear_frames=538
[INFO] [1783348932.645089941] [unitree_safe_cmd_node]: Move x=0.500, z=0.053, stop_count=0, roi_count=14, nearest_x=0.44, clear_frames=543
[INFO] [1783348933.194325509] [unitree_safe_cmd_node]: Move x=0.500, z=0.051, stop_count=0, roi_count=7, nearest_x=0.46, clear_frames=549
[INFO] [1783348933.694787019] [unitree_safe_cmd_node]: Move x=0.500, z=0.047, stop_count=0, roi_count=18, nearest_x=0.42, clear_frames=554
[INFO] [1783348934.244498807] [unitree_safe_cmd_node]: Move x=0.500, z=0.059, stop_count=0, roi_count=6, nearest_x=0.46, clear_frames=559
[INFO] [1783348934.744649248] [unitree_safe_cmd_node]: Move x=0.500, z=0.062, stop_count=0, roi_count=10, nearest_x=0.43, clear_frames=564
[INFO] [1783348935.294304396] [unitree_safe_cmd_node]: Move x=0.500, z=0.060, stop_count=0, roi_count=12, nearest_x=0.46, clear_frames=570
[INFO] [1783348935.794533333] [unitree_safe_cmd_node]: Move x=0.500, z=0.059, stop_count=0, roi_count=10, nearest_x=0.44, clear_frames=575
[INFO] [1783348936.294559008] [unitree_safe_cmd_node]: Move x=0.500, z=0.058, stop_count=0, roi_count=16, nearest_x=0.44, clear_frames=580
[INFO] [1783348936.844603112] [unitree_safe_cmd_node]: Move x=0.500, z=0.070, stop_count=1, roi_count=12, nearest_x=0.36, clear_frames=585
[INFO] [1783348937.394328211] [unitree_safe_cmd_node]: Move x=0.500, z=0.063, stop_count=0, roi_count=8, nearest_x=0.43, clear_frames=591
[INFO] [1783348937.944515930] [unitree_safe_cmd_node]: Move x=0.500, z=0.056, stop_count=1, roi_count=10, nearest_x=0.40, clear_frames=596
[INFO] [1783348938.444396678] [unitree_safe_cmd_node]: Move x=0.500, z=0.061, stop_count=0, roi_count=11, nearest_x=0.47, clear_frames=601
[INFO] [1783348938.994320048] [unitree_safe_cmd_node]: Move x=0.500, z=0.070, stop_count=0, roi_count=12, nearest_x=0.45, clear_frames=607
[INFO] [1783348939.496044971] [unitree_safe_cmd_node]: Move x=0.500, z=0.057, stop_count=0, roi_count=19, nearest_x=0.42, clear_frames=612
[INFO] [1783348940.044590913] [unitree_safe_cmd_node]: Move x=0.500, z=0.064, stop_count=0, roi_count=17, nearest_x=0.46, clear_frames=617
[INFO] [1783348940.544812714] [unitree_safe_cmd_node]: Move x=0.500, z=0.071, stop_count=0, roi_count=10, nearest_x=0.41, clear_frames=622
[INFO] [1783348941.094664788] [unitree_safe_cmd_node]: Move x=0.500, z=0.059, stop_count=0, roi_count=18, nearest_x=0.46, clear_frames=628
[INFO] [1783348941.594847133] [unitree_safe_cmd_node]: Move x=0.500, z=0.054, stop_count=0, roi_count=13, nearest_x=0.47, clear_frames=632
[INFO] [1783348942.145090148] [unitree_safe_cmd_node]: Move x=0.500, z=0.063, stop_count=0, roi_count=21, nearest_x=0.41, clear_frames=637
[INFO] [1783348942.645058735] [unitree_safe_cmd_node]: Move x=0.500, z=0.059, stop_count=0, roi_count=8, nearest_x=0.47, clear_frames=641
[INFO] [1783348943.148270429] [unitree_safe_cmd_node]: Move x=0.500, z=0.053, stop_count=0, roi_count=13, nearest_x=0.42, clear_frames=646
[INFO] [1783348943.695123330] [unitree_safe_cmd_node]: Move x=0.500, z=0.048, stop_count=0, roi_count=6, nearest_x=0.46, clear_frames=651
[INFO] [1783348944.244569871] [unitree_safe_cmd_node]: Move x=0.500, z=0.061, stop_count=0, roi_count=9, nearest_x=0.48, clear_frames=657
[INFO] [1783348944.794349626] [unitree_safe_cmd_node]: Move x=0.500, z=0.052, stop_count=0, roi_count=9, nearest_x=0.40, clear_frames=663
[INFO] [1783348945.294918400] [unitree_safe_cmd_node]: Move x=0.500, z=0.049, stop_count=0, roi_count=9, nearest_x=0.50, clear_frames=667
[INFO] [1783348945.844351118] [unitree_safe_cmd_node]: Move x=0.500, z=0.069, stop_count=0, roi_count=12, nearest_x=0.44, clear_frames=672
[INFO] [1783348946.347977752] [unitree_safe_cmd_node]: Move x=0.500, z=0.058, stop_count=0, roi_count=12, nearest_x=0.47, clear_frames=675
[INFO] [1783348946.894619263] [unitree_safe_cmd_node]: Move x=0.500, z=0.055, stop_count=0, roi_count=14, nearest_x=0.48, clear_frames=681
[INFO] [1783348947.444418026] [unitree_safe_cmd_node]: Move x=0.500, z=0.053, stop_count=0, roi_count=16, nearest_x=0.44, clear_frames=686
[INFO] [1783348947.944624659] [unitree_safe_cmd_node]: Move x=0.500, z=0.056, stop_count=0, roi_count=14, nearest_x=0.44, clear_frames=691
[INFO] [1783348948.494411069] 