[INFO] [1784188352.999131878] [go2_lio_trace_recorder]: lio trace recorder started: /home/unitree/go2_fastlio_ws/patrol_logs/diagnostics
[WARN] [1784188354.028771927] [go2_lio_trace_recorder]: TOPIC_GAP: /livox/imu dt=0.972 limit=0.200
[WARN] [1784188354.029630745] [go2_lio_trace_recorder]: STAMP_GAP: /livox/imu stamp_dt=0.716 limit=0.200
[WARN] [1784188354.860057973] [go2_lio_trace_recorder]: TOPIC_GAP: /livox/lidar dt=0.859 limit=0.500
[WARN] [1784188354.906757852] [go2_lio_trace_recorder]: TOPIC_GAP: /Odometry dt=0.881 limit=0.500
[WARN] [1784188354.920459006] [go2_lio_trace_recorder]: TOPIC_GAP: /cloud_registered dt=0.897 limit=0.800
[WARN] [1784188354.934380169] [go2_lio_trace_recorder]: TOPIC_GAP: /cloud_registered_body dt=0.910 limit=0.800
[WARN] [1784188354.948777479] [go2_lio_trace_recorder]: TOPIC_GAP: /livox/imu dt=0.924 limit=0.200
[WARN] [1784188354.956252594] [go2_lio_trace_recorder]: STAMP_GAP: /livox/imu stamp_dt=0.921 limit=0.200
[WARN] [1784188356.196111524] [go2_lio_trace_recorder]: TOPIC_GAP: /livox/lidar dt=1.339 limit=0.500
[WARN] [1784188356.244142398] [go2_lio_trace_recorder]: TOPIC_GAP: /Odometry dt=1.336 limit=0.500
[WARN] [1784188356.245870371] [go2_lio_trace_recorder]: TOPIC_GAP: /cloud_registered dt=1.332 limit=0.800
[WARN] [1784188356.247274843] [go2_lio_trace_recorder]: TOPIC_GAP: /cloud_registered_body dt=1.320 limit=0.800
[WARN] [1784188356.248450249] [go2_lio_trace_recorder]: TOPIC_GAP: /livox/imu dt=1.307 limit=0.200
[WARN] [1784188356.273203972] [go2_lio_trace_recorder]: STAMP_GAP: /livox/imu stamp_dt=1.309 limit=0.200
[WARN] [1784188356.751247727] [go2_lio_trace_recorder]: TOPIC_GAP: /livox/lidar dt=0.559 limit=0.500
[WARN] [1784188356.762439085] [go2_lio_trace_recorder]: TOPIC_GAP: /Odometry dt=0.528 limit=0.500
[WARN] [1784188356.767715328] [go2_lio_trace_recorder]: TOPIC_GAP: /livox/imu dt=0.519 limit=0.200
[WARN] [1784188356.768788010] [go2_lio_trace_recorder]: STAMP_GAP: /livox/imu stamp_dt=0.520 limit=0.200
[WARN] [1784188357.152420257] [go2_lio_trace_recorder]: TOPIC_GAP: /livox/imu dt=0.385 limit=0.200
[WARN] [1784188357.153194880] [go2_lio_trace_recorder]: STAMP_GAP: /livox/imu stamp_dt=0.384 limit=0.200
[WARN] [1784188357.636340241] [go2_lio_trace_recorder]: TOPIC_GAP: /livox/lidar dt=0.507 limit=0.500
[WARN] [1784188357.646710158] [go2_lio_trace_recorder]: TOPIC_GAP: /livox/imu dt=0.494 limit=0.200
[WARN] [1784188357.647446763] [go2_lio_trace_recorder]: STAMP_GAP: /livox/imu stamp_dt=0.496 limit=0.200
[WARN] [1784188358.291343805] [go2_lio_trace_recorder]: TOPIC_GAP: /livox/lidar dt=0.651 limit=0.500
[WARN] [1784188358.314401011] [go2_lio_trace_recorder]: TOPIC_GAP: /Odometry dt=0.665 limit=0.500
[WARN] [1784188358.325452747] [go2_lio_trace_recorder]: TOPIC_GAP: /livox/imu dt=0.676 limit=0.200
[WARN] [1784188358.329169279] [go2_lio_trace_recorder]: STAMP_GAP: /livox/imu stamp_dt=0.674 limit=0.200
[WARN] [1784188358.904980628] [go2_lio_trace_recorder]: TOPIC_GAP: /livox/lidar dt=0.617 limit=0.500
[WARN] [1784188358.915085447] [go2_lio_trace_recorder]: TOPIC_GAP: /Odometry dt=0.604 limit=0.500
[WARN] [1784188358.917224284] [go2_lio_trace_recorder]: TOPIC_GAP: /livox/imu dt=0.595 limit=0.200
[WARN] [1784188358.927517270] [go2_lio_trace_recorder]: STAMP_GAP: /livox/imu stamp_dt=0.595 limit=0.200
[WARN] [1784188359.424271097] [go2_lio_trace_recorder]: TOPIC_GAP: /livox/lidar dt=0.520 limit=0.500
[WARN] [1784188359.432079184] [go2_lio_trace_recorder]: TOPIC_GAP: /Odometry dt=0.517 limit=0.500
[WARN] [1784188359.439563706] [go2_lio_trace_recorder]: TOPIC_GAP: /livox/imu dt=0.522 limit=0.200
[WARN] [1784188359.440313079] [go2_lio_trace_recorder]: STAMP_GAP: /livox/imu stamp_dt=0.520 limit=0.200
[WARN] [1784188359.682671881] [go2_lio_trace_recorder]: TOPIC_GAP: /livox/imu dt=0.243 limit=0.200
[WARN] [1784188359.685564476] [go2_lio_trace_recorder]: STAMP_GAP: /livox/imu stamp_dt=0.244 limit=0.200
[WARN] [1784188359.916007251] [go2_lio_trace_recorder]: TOPIC_GAP: /livox/imu dt=0.233 limit=0.200
[WARN] [1784188359.916826420] [go2_lio_trace_recorder]: STAMP_GAP: /livox/imu stamp_dt=0.236 limit=0.200
[WARN] [1784188360.614034459] [go2_lio_trace_recorder]: STAMP_GAP: /livox/lidar stamp_dt=0.503 limit=0.500
[WARN] [1784188360.814919543] [go2_lio_trace_recorder]: STAMP_GAP: /livox/lidar stamp_dt=0.599 limit=0.500
[WARN] [1784188360.821108813] [go2_lio_trace_recorder]: TOPIC_GAP: /livox/imu dt=0.200 limit=0.200
[WARN] [1784188360.821853515] [go2_lio_trace_recorder]: STAMP_GAP: /livox/imu stamp_dt=0.204 limit=0.200
[WARN] [1784188361.144268778] [go2_lio_trace_recorder]: STAMP_GAP: /livox/lidar stamp_dt=0.700 limit=0.500
[WARN] [1784188361.312640789] [go2_lio_trace_recorder]: STAMP_GAP: /livox/lidar stamp_dt=0.600 limit=0.500
[WARN] [1784188361.508170073] [go2_lio_trace_recorder]: STAMP_GAP: /livox/lidar stamp_dt=0.601 limit=0.500
[WARN] [1784188361.514811105] [go2_lio_trace_recorder]: STAMP_GAP: /livox/imu stamp_dt=0.200 limit=0.200
[WARN] [1784188361.840234134] [go2_lio_trace_recorder]: STAMP_GAP: /livox/lidar stamp_dt=0.501 limit=0.500
[WARN] [1784188362.182804242] [go2_lio_trace_recorder]: STAMP_GAP: /livox/lidar stamp_dt=0.599 limit=0.500
[WARN] [1784188362.620076067] [go2_lio_trace_recorder]: TOPIC_GAP: /livox/imu dt=0.237 limit=0.200
[WARN] [1784188362.620873571] [go2_lio_trace_recorder]: STAMP_GAP: /livox/imu stamp_dt=0.237 limit=0.200
[WARN] [1784188362.943734637] [go2_lio_trace_recorder]: TOPIC_GAP: /livox/imu dt=0.322 limit=0.200
[WARN] [1784188362.944708052] [go2_lio_trace_recorder]: STAMP_GAP: /livox/imu stamp_dt=0.319 limit=0.200
[WARN] [1784188363.181089612] [go2_lio_trace_recorder]: TOPIC_GAP: /livox/imu dt=0.237 limit=0.200
[WARN] [1784188363.182066099] [go2_lio_trace_recorder]: STAMP_GAP: /livox/imu stamp_dt=0.240 limit=0.200
[WARN] [1784188363.384113685] [go2_lio_trace_recorder]: TOPIC_GAP: /livox/imu dt=0.206 limit=0.200
[WARN] [1784188363.384891028] [go2_lio_trace_recorder]: STAMP_GAP: /livox/imu stamp_dt=0.206 limit=0.200
[WARN] [1784188363.593167822] [go2_lio_trace_recorder]: TOPIC_GAP: /livox/imu dt=0.209 limit=0.200
[WARN] [1784188363.593983150] [go2_lio_trace_recorder]: STAMP_GAP: /livox/imu stamp_dt=0.208 limit=0.200
[WARN] [1784188365.200624747] [go2_lio_trace_recorder]: TOPIC_GAP: /livox/imu dt=0.220 limit=0.200
[WARN] [1784188365.201446284] [go2_lio_trace_recorder]: STAMP_GAP: /livox/imu stamp_dt=0.224 limit=0.200
[WARN] [1784188366.077805877] [go2_lio_trace_recorder]: STAMP_GAP: /livox/imu stamp_dt=0.201 limit=0.200
[WARN] [1784188366.979573733] [go2_lio_trace_recorder]: TOPIC_GAP: /livox/imu dt=0.232 limit=0.200
[WARN] [1784188366.980372292] [go2_lio_trace_recorder]: STAMP_GAP: /livox/imu stamp_dt=0.230 limit=0.200
[WARN] [1784188367.184955713] [go2_lio_trace_recorder]: TOPIC_GAP: /livox/imu dt=0.205 limit=0.200
[WARN] [1784188367.185815204] [go2_lio_trace_recorder]: STAMP_GAP: /livox/imu stamp_dt=0.210 limit=0.200
[WARN] [1784188370.378190445] [go2_lio_trace_recorder]: STAMP_GAP: /livox/imu stamp_dt=0.205 limit=0.200
[WARN] [1784188370.939360454] [go2_lio_trace_recorder]: TOPIC_GAP: /livox/imu dt=0.203 limit=0.200
[WARN] [1784188370.940133189] [go2_lio_trace_recorder]: STAMP_GAP: /livox/imu stamp_dt=0.200 limit=0.200
[WARN] [1784188371.139239999] [go2_lio_trace_recorder]: TOPIC_GAP: /livox/imu dt=0.200 limit=0.200
[WARN] [1784188371.145210604] [go2_lio_trace_recorder]: STAMP_GAP: /livox/imu stamp_dt=0.200 limit=0.200
[WARN] [1784188371.361898303] [go2_lio_trace_recorder]: TOPIC_GAP: /livox/imu dt=0.223 limit=0.200
[WARN] [1784188371.362656317] [go2_lio_trace_recorder]: STAMP_GAP: /livox/imu stamp_dt=0.224 limit=0.200
[WARN] [1784188374.700486597] [go2_lio_trace_recorder]: TOPIC_GAP: /livox/imu dt=0.227 limit=0.200
[WARN] [1784188374.701323302] [go2_lio_trace_recorder]: STAMP_GAP: /livox/imu stamp_dt=0.234 limit=0.200
[WARN] [1784188377.706930982] [go2_lio_trace_recorder]: TOPIC_GAP: /livox/imu dt=0.223 limit=0.200
[WARN] [1784188377.708836145] [go2_lio_trace_recorder]: STAMP_GAP: /livox/imu stamp_dt=0.220 limit=0.200
[WARN] [1784188378.153986055] [go2_lio_trace_recorder]: TOPIC_GAP: /livox/imu dt=0.273 limit=0.200
[WARN] [1784188378.155002159] [go2_lio_trace_recorder]: STAMP_GAP: /livox/imu stamp_dt=0.275 limit=0.200
[WARN] [1784188378.941082230] [go2_lio_trace_recorder]: TOPIC_GAP: /livox/imu dt=0.219 limit=0.200
[WARN] [1784188378.941964217] [go2_lio_trace_recorder]: STAMP_GAP: /livox/imu stamp_dt=0.220 limit=0.200
[WARN] [1784188379.885552976] [go2_lio_trace_recorder]: TOPIC_GAP: /livox/imu dt=0.211 limit=0.200
[WARN] [1784188379.886511925] [go2_lio_trace_recorder]: STAMP_GAP: /livox/imu stamp_dt=0.216 limit=0.200
[WARN] [1784188380.285272595] [go2_lio_trace_recorder]: TOPIC_GAP: /livox/imu dt=0.206 limit=0.200
[WARN] [1784188380.286067219] [go2_lio_trace_recorder]: STAMP_GAP: /livox/imu stamp_dt=0.210 limit=0.200
[WARN] [1784188380.880139228] [go2_lio_trace_recorder]: TOPIC_GAP: /livox/imu dt=0.227 limit=0.200
[WARN] [1784188380.880987518] [go2_lio_trace_recorder]: STAMP_GAP: /livox/imu stamp_dt=0.226 limit=0.200
[WARN] [1784188381.325087703] [go2_lio_trace_recorder]: TOPIC_GAP: /livox/imu dt=0.252 limit=0.200
[WARN] [1784188381.326022428] [go2_lio_trace_recorder]: STAMP_GAP: /livox/imu stamp_dt=0.250 limit=0.200
[WARN] [1784188381.559964158] [go2_lio_trace_recorder]: TOPIC_GAP: /livox/imu dt=0.236 limit=0.200
[WARN] [1784188381.561409848] [go2_lio_trace_recorder]: STAMP_GAP: /livox/imu stamp_dt=0.236 limit=0.200
[WARN] [1784188381.779333152] [go2_lio_trace_recorder]: TOPIC_GAP: /livox/imu dt=0.220 limit=0.200
[WARN] [1784188381.780182210] [go2_lio_trace_recorder]: STAMP_GAP: /livox/imu stamp_dt=0.220 limit=0.200
[WARN] [1784188382.504663299] [go2_lio_trace_recorder]: TOPIC_GAP: /livox/imu dt=0.201 limit=0.200
[WARN] [1784188382.506220288] [go2_lio_trace_recorder]: STAMP_GAP: /livox/imu stamp_dt=0.204 limit=0.200
[WARN] [1784188382.708554302] [go2_lio_trace_recorder]: TOPIC_GAP: /livox/imu dt=0.204 limit=0.200
[WARN] [1784188382.709415936] [go2_lio_trace_recorder]: STAMP_GAP: /livox/imu stamp_dt=0.206 limit=0.200
[WARN] [1784188383.825824472] [go2_lio_trace_recorder]: TOPIC_GAP: /livox/imu dt=0.232 limit=0.200
[WARN] [1784188383.826748349] [go2_lio_trace_recorder]: STAMP_GAP: /livox/imu stamp_dt=0.236 limit=0.200
[WARN] [1784188384.242030709] [go2_lio_trace_recorder]: TOPIC_GAP: /livox/imu dt=0.416 limit=0.200
[WARN] [1784188384.242845525] [go2_lio_trace_recorder]: STAMP_GAP: /livox/imu stamp_dt=0.414 limit=0.200
[WARN] [1784188384.656168733] [go2_lio_trace_recorder]: TOPIC_GAP: /livox/imu dt=0.414 limit=0.200
[WARN] [1784188384.666044931] [go2_lio_trace_recorder]: STAMP_GAP: /livox/imu stamp_dt=0.416 limit=0.200
[WARN] [1784188385.162674756] [go2_lio_trace_recorder]: TOPIC_GAP: /livox/lidar dt=0.524 limit=0.500
[WARN] [1784188385.175465405] [go2_lio_trace_recorder]: TOPIC_GAP: /Odometry dt=0.544 limit=0.500
[WARN] [1784188385.188772171] [go2_lio_trace_recorder]: TOPIC_GAP: /livox/imu dt=0.522 limit=0.200
[WARN] [1784188385.189655118] [go2_lio_trace_recorder]: STAMP_GAP: /livox/imu stamp_dt=0.520 limit=0.200
[WARN] [1784188385.627017350] [go2_lio_trace_recorder]: TOPIC_GAP: /livox/imu dt=0.448 limit=0.200
[WARN] [1784188385.629365123] [go2_lio_trace_recorder]: STAMP_GAP: /livox/imu stamp_dt=0.450 limit=0.200
[WARN] [1784188385.856151583] [go2_lio_trace_recorder]: TOPIC_GAP: /livox/imu dt=0.230 limit=0.200
[WARN] [1784188385.857156967] [go2_lio_trace_recorder]: STAMP_GAP: /livox/imu stamp_dt=0.230 limit=0.200
[WARN] [1784188386.159650223] [go2_lio_trace_recorder]: TOPIC_GAP: /livox/imu dt=0.301 limit=0.200
[WARN] [1784188386.161649534] [go2_lio_trace_recorder]: STAMP_GAP: /livox/imu stamp_dt=0.300 limit=0.200
[WARN] [1784188386.672582890] [go2_lio_trace_recorder]: TOPIC_GAP: /livox/lidar dt=0.522 limit=0.500
[WARN] [1784188386.688208595] [go2_lio_trace_recorder]: TOPIC_GAP: /Odometry dt=0.532 limit=0.500
[WARN] [1784188386.694405704] [go2_lio_trace_recorder]: TOPIC_GAP: /livox/imu dt=0.535 limit=0.200
[WARN] [1784188386.695776318] [go2_lio_trace_recorder]: STAMP_GAP: /livox/imu stamp_dt=0.529 limit=0.200
[WARN] [1784188387.141119562] [go2_lio_trace_recorder]: TOPIC_GAP: /livox/imu dt=0.448 limit=0.200
[WARN] [1784188387.142095441] [go2_lio_trace_recorder]: STAMP_GAP: /livox/imu stamp_dt=0.455 limit=0.200
[WARN] [1784188387.416306808] [go2_lio_trace_recorder]: TOPIC_GAP: /livox/imu dt=0.275 limit=0.200
[WARN] [1784188387.417045397] [go2_lio_trace_recorder]: STAMP_GAP: /livox/imu stamp_dt=0.276 limit=0.200
[WARN] [1784188387.641713432] [go2_lio_trace_recorder]: TOPIC_GAP: /livox/imu dt=0.225 limit=0.200
[WARN] [1784188387.644298654] [go2_lio_trace_recorder]: STAMP_GAP: /livox/imu stamp_dt=0.224 limit=0.200
[WARN] [1784188387.860820032] [go2_lio_trace_recorder]: TOPIC_GAP: /livox/imu dt=0.219 limit=0.200
[WARN] [1784188387.861572350] [go2_lio_trace_recorder]: STAMP_GAP: /livox/imu stamp_dt=0.220 limit=0.200
[WARN] [1784188388.434171968] [go2_lio_trace_recorder]: TOPIC_GAP: /livox/imu dt=0.377 limit=0.200
[WARN] [1784188388.435029250] [go2_lio_trace_recorder]: STAMP_GAP: /livox/imu stamp_dt=0.376 limit=0.200
[WARN] [1784188388.699217082] [go2_lio_trace_recorder]: TOPIC_GAP: /livox/imu dt=0.270 limit=0.200
[WARN] [1784188388.699993848] [go2_lio_trace_recorder]: STAMP_GAP: /livox/imu stamp_dt=0.270 limit=0.200
[WARN] [1784188388.965490692] [go2_lio_trace_recorder]: TOPIC_GAP: /livox/imu dt=0.265 limit=0.200
[WARN] [1784188388.966339589] [go2_lio_trace_recorder]: STAMP_GAP: /livox/imu stamp_dt=0.264 limit=0.200
[WARN] [1784188389.356228665] [go2_lio_trace_recorder]: TOPIC_GAP: /livox/imu dt=0.392 limit=0.200
[WARN] [1784188389.357370118] [go2_lio_trace_recorder]: STAMP_GAP: /livox/imu stamp_dt=0.390 limit=0.200
[WARN] [1784188389.577165443] [go2_lio_trace_recorder]: TOPIC_GAP: /livox/imu dt=0.221 limit=0.200
[WARN] [1784188389.578016677] [go2_lio_trace_recorder]: STAMP_GAP: /livox/imu stamp_dt=0.226 limit=0.200
[WARN] [1784188389.869750904] [go2_lio_trace_recorder]: TOPIC_GAP: /livox/imu dt=0.290 limit=0.200
[WARN] [1784188389.871794473] [go2_lio_trace_recorder]: STAMP_GAP: /livox/imu stamp_dt=0.290 limit=0.200
[WARN] [1784188390.178598508] [go2_lio_trace_recorder]: TOPIC_GAP: /livox/imu dt=0.311 limit=0.200
[WARN] [1784188390.181013291] [go2_lio_trace_recorder]: STAMP_GAP: /livox/imu stamp_dt=0.310 limit=0.200
[WARN] [1784188390.519944608] [go2_lio_trace_recorder]: TOPIC_GAP: /livox/imu dt=0.341 limit=0.200
[WARN] [1784188390.521750664] [go2_lio_trace_recorder]: STAMP_GAP: /livox/imu stamp_dt=0.339 limit=0.200
[WARN] [1784188390.916167976] [go2_lio_trace_recorder]: TOPIC_GAP: /livox/imu dt=0.397 limit=0.200
[WARN] [1784188390.917482908] [go2_lio_trace_recorder]: STAMP_GAP: /livox/imu stamp_dt=0.400 limit=0.200
[WARN] [1784188391.384936216] [go2_lio_trace_recorder]: TOPIC_GAP: /livox/imu dt=0.468 limit=0.200
[WARN] [1784188391.386354224] [go2_lio_trace_recorder]: STAMP_GAP: /livox/imu stamp_dt=0.467 limit=0.200
[WARN] [1784188391.661888894] [go2_lio_trace_recorder]: TOPIC_GAP: /livox/imu dt=0.277 limit=0.200
[WARN] [1784188391.663292949] [go2_lio_trace_recorder]: STAMP_GAP: /livox/imu stamp_dt=0.278 limit=0.200
[WARN] [1784188391.948508417] [go2_lio_trace_recorder]: TOPIC_GAP: /livox/imu dt=0.285 limit=0.200
[WARN] [1784188391.949676847] [go2_lio_trace_recorder]: STAMP_GAP: /livox/imu stamp_dt=0.275 limit=0.200
[WARN] [1784188392.373203554] [go2_lio_trace_recorder]: TOPIC_GAP: /livox/imu dt=0.427 limit=0.200
[WARN] [1784188392.380004814] [go2_lio_trace_recorder]: STAMP_GAP: /livox/imu stamp_dt=0.435 limit=0.200
[WARN] [1784188392.778773553] [go2_lio_trace_recorder]: TOPIC_GAP: /livox/imu dt=0.210 limit=0.200
[WARN] [1784188392.779538927] [go2_lio_trace_recorder]: STAMP_GAP: /livox/imu stamp_dt=0.210 limit=0.200
[WARN] [1784188393.446386897] [go2_lio_trace_recorder]: STAMP_GAP: /livox/lidar stamp_dt=0.601 limit=0.500
[WARN] [1784188393.656280830] [go2_lio_trace_recorder]: TOPIC_GAP: /livox/imu dt=0.203 limit=0.200
[WARN] [1784188393.657105375] [go2_lio_trace_recorder]: STAMP_GAP: /livox/imu stamp_dt=0.206 limit=0.200
[WARN] [1784188394.542410902] [go2_lio_trace_recorder]: TOPIC_GAP: /livox/imu dt=0.219 limit=0.200
[WARN] [1784188394.543529282] [go2_lio_trace_recorder]: STAMP_GAP: /livox/imu stamp_dt=0.216 limit=0.200
[WARN] [1784188394.707314549] [go2_lio_trace_recorder]: STAMP_GAP: /livox/lidar stamp_dt=0.500 limit=0.500
[WARN] [1784188395.933887678] [go2_lio_trace_recorder]: STAMP_GAP: /livox/imu stamp_dt=0.204 limit=0.200
[WARN] [1784188396.184882454] [go2_lio_trace_recorder]: TOPIC_GAP: /livox/imu dt=0.251 limit=0.200
[WARN] [1784188396.185757785] [go2_lio_trace_recorder]: STAMP_GAP: /livox/imu stamp_dt=0.250 limit=0.200
[WARN] [1784188396.682870791] [go2_lio_trace_recorder]: STAMP_GAP: /livox/lidar stamp_dt=0.502 limit=0.500
[WARN] [1784188397.904000158] [go2_lio_trace_recorder]: TOPIC_GAP: /livox/imu dt=0.203 limit=0.200
[WARN] [1784188397.904797757] [go2_lio_trace_recorder]: STAMP_GAP: /livox/imu stamp_dt=0.205 limit=0.200
[WARN] [1784188398.769558496] [go2_lio_trace_recorder]: STAMP_GAP: /livox/imu stamp_dt=0.200 limit=0.200
[WARN] [1784188399.469185372] [go2_lio_trace_recorder]: TOPIC_GAP: /livox/imu dt=0.228 limit=0.200
[WARN] [1784188399.470086751] [go2_lio_trace_recorder]: STAMP_GAP: /livox/imu stamp_dt=0.224 limit=0.200
[WARN] [1784188399.666939516] [go2_lio_trace_recorder]: STAMP_GAP: /livox/imu stamp_dt=0.206 limit=0.200
[WARN] [1784188400.462592560] [go2_lio_trace_recorder]: TOPIC_GAP: /livox/imu dt=0.257 limit=0.200
[WARN] [1784188400.463808416] [go2_lio_trace_recorder]: STAMP_GAP: /livox/imu stamp_dt=0.260 limit=0.200
[WARN] [1784188402.739111918] [go2_lio_trace_recorder]: TOPIC_GAP: /livox/imu dt=0.209 limit=0.200
[WARN] [1784188402.740100437] [go2_lio_trace_recorder]: STAMP_GAP: /livox/imu stamp_dt=0.208 limit=0.200
[WARN] [1784188403.056261851] [go2_lio_trace_recorder]: TOPIC_GAP: /livox/imu dt=0.317 limit=0.200
[WARN] [1784188403.057067994] [go2_lio_trace_recorder]: STAMP_GAP: /livox/imu stamp_dt=0.321 limit=0.200
[WARN] [1784188403.632671595] [go2_lio_trace_recorder]: TOPIC_GAP: /livox/lidar dt=0.591 limit=0.500
[WARN] [1784188403.638084992] [go2_lio_trace_recorder]: TOPIC_GAP: /Odometry dt=0.588 limit=0.500
[WARN] [1784188403.647081569] [go2_lio_trace_recorder]: TOPIC_GAP: /livox/imu dt=0.584 limit=0.200
[WARN] [1784188403.651986338] [go2_lio_trace_recorder]: STAMP_GAP: /livox/imu stamp_dt=0.580 limit=0.200
[WARN] [1784188404.107305469] [go2_lio_trace_recorder]: TOPIC_GAP: /livox/imu dt=0.462 limit=0.200
[WARN] [1784188404.108347206] [go2_lio_trace_recorder]: STAMP_GAP: /livox/imu stamp_dt=0.466 limit=0.200
[WARN] [1784188404.557771926] [go2_lio_trace_recorder]: TOPIC_GAP: /livox/imu dt=0.454 limit=0.200
[WARN] [1784188404.558982373] [go2_lio_trace_recorder]: STAMP_GAP: /livox/imu stamp_dt=0.452 limit=0.200
[WARN] [1784188404.816388129] [go2_lio_trace_recorder]: TOPIC_GAP: /livox/imu dt=0.260 limit=0.200
[WARN] [1784188404.817167615] [go2_lio_trace_recorder]: STAMP_GAP: /livox/imu stamp_dt=0.261 limit=0.200
[WARN] [1784188405.027684361] [go2_lio_trace_recorder]: TOPIC_GAP: /livox/imu dt=0.211 limit=0.200
[WARN] [1784188405.028472648] [go2_lio_trace_recorder]: STAMP_GAP: /livox/imu stamp_dt=0.209 limit=0.200
[WARN] [1784188405.467080714] [go2_lio_trace_recorder]: TOPIC_GAP: /livox/imu dt=0.260 limit=0.200
[WARN] [1784188405.467895274] [go2_lio_trace_recorder]: STAMP_GAP: /livox/imu stamp_dt=0.266 limit=0.200
[WARN] [1784188405.718646077] [go2_lio_trace_recorder]: TOPIC_GAP: /livox/imu dt=0.252 limit=0.200
[WARN] [1784188405.719497503] [go2_lio_trace_recorder]: STAMP_GAP: /livox/imu stamp_dt=0.250 limit=0.200
[WARN] [1784188405.980179288] [go2_lio_trace_recorder]: TOPIC_GAP: /livox/imu dt=0.261 limit=0.200
[WARN] [1784188405.981159742] [go2_lio_trace_recorder]: STAMP_GAP: /livox/imu stamp_dt=0.260 limit=0.200
[WARN] [1784188406.294517160] [go2_lio_trace_recorder]: TOPIC_GAP: /livox/imu dt=0.314 limit=0.200
[WARN] [1784188406.295605043] [go2_lio_trace_recorder]: STAMP_GAP: /livox/imu stamp_dt=0.314 limit=0.200
[WARN] [1784188406.611737737] [go2_lio_trace_recorder]: TOPIC_GAP: /livox/imu dt=0.318 limit=0.200
[WARN] [1784188406.612499047] [go2_lio_trace_recorder]: STAMP_GAP: /livox/imu stamp_dt=0.320 limit=0.200
[WARN] [1784188406.831394709] [go2_lio_trace_recorder]: TOPIC_GAP: /livox/imu dt=0.220 limit=0.200
[WARN] [1784188406.832204565] [go2_lio_trace_recorder]: STAMP_GAP: /livox/imu stamp_dt=0.220 limit=0.200
[WARN] [1784188407.658434230] [go2_lio_trace_recorder]: TOPIC_GAP: /livox/lidar dt=0.825 limit=0.500
[WARN] [1784188407.704359200] [go2_lio_trace_recorder]: TOPIC_GAP: /Odometry dt=0.864 limit=0.500
[WARN] [1784188407.723065405] [go2_lio_trace_recorder]: TOPIC_GAP: /cloud_registered dt=0.883 limit=0.800
[WARN] [1784188407.741951298] [go2_lio_trace_recorder]: TOPIC_GAP: /cloud_registered_body dt=0.902 limit=0.800
[WARN] [1784188407.760329011] [go2_lio_trace_recorder]: TOPIC_GAP: /livox/imu dt=0.919 limit=0.200
[WARN] [1784188407.768499988] [go2_lio_trace_recorder]: STAMP_GAP: /livox/imu stamp_dt=0.916 limit=0.200
[WARN] [1784188409.517040020] [go2_lio_trace_recorder]: TOPIC_GAP: /livox/lidar dt=1.859 limit=0.500
[WARN] [1784188409.555477943] [go2_lio_trace_recorder]: TOPIC_GAP: /Odometry dt=1.848 limit=0.500
[WARN] [1784188409.582534332] [go2_lio_trace_recorder]: TOPIC_GAP: /cloud_registered dt=1.844 limit=0.800
[WARN] [1784188409.584996700] [go2_lio_trace_recorder]: TOPIC_GAP: /cloud_registered_body dt=1.852 limit=0.800
[WARN] [1784188409.605301240] [go2_lio_trace_recorder]: TOPIC_GAP: /livox/imu dt=1.855 limit=0.200
[WARN] [1784188409.606392579] [go2_lio_trace_recorder]: STAMP_GAP: /livox/imu stamp_dt=1.856 limit=0.200
[WARN] [1784188411.164195372] [go2_lio_trace_recorder]: TOPIC_GAP: /livox/lidar dt=1.645 limit=0.500
[WARN] [1784188411.217803041] [go2_lio_trace_recorder]: TOPIC_GAP: /Odometry dt=1.665 limit=0.500
[WARN] [1784188411.239101699] [go2_lio_trace_recorder]: TOPIC_GAP: /cloud_registered dt=1.671 limit=0.800
[WARN] [1784188411.257530902] [go2_lio_trace_recorder]: TOPIC_GAP: /cloud_registered_body dt=1.664 limit=0.800
[WARN] [1784188411.275561432] [go2_lio_trace_recorder]: TOPIC_GAP: /livox/imu dt=1.661 limit=0.200
[WARN] [1784188411.284886118] [go2_lio_trace_recorder]: STAMP_GAP: /livox/imu stamp_dt=1.658 limit=0.200
[WARN] [1784188412.535734904] [go2_lio_trace_recorder]: TOPIC_GAP: /livox/lidar dt=1.378 limit=0.500
[WARN] [1784188412.551964915] [go2_lio_trace_recorder]: TOPIC_GAP: /Odometry dt=1.343 limit=0.500
[WARN] [1784188412.561872119] [go2_lio_trace_recorder]: TOPIC_GAP: /cloud_registered dt=1.330 limit=0.800
[WARN] [1784188412.566398537] [go2_lio_trace_recorder]: TOPIC_GAP: /cloud_registered_body dt=1.318 limit=0.800
[WARN] [1784188412.570391141] [go2_lio_trace_recorder]: TOPIC_GAP: /livox/imu dt=1.303 limit=0.200
[WARN] [1784188412.572696959] [go2_lio_trace_recorder]: STAMP_GAP: /livox/imu stamp_dt=1.306 limit=0.200
[WARN] [1784188413.654388287] [go2_lio_trace_recorder]: TOPIC_GAP: /livox/lidar dt=1.098 limit=0.500
[WARN] [1784188413.682657586] [go2_lio_trace_recorder]: TOPIC_GAP: /Odometry dt=1.133 limit=0.500
[WARN] [1784188413.684006791] [go2_lio_trace_recorder]: TOPIC_GAP: /cloud_registered dt=1.126 limit=0.800
[WARN] [1784188413.699576393] [go2_lio_trace_recorder]: TOPIC_GAP: /cloud_registered_body dt=1.134 limit=0.800
[WARN] [1784188413.709684981] [go2_lio_trace_recorder]: TOPIC_GAP: /livox/imu dt=1.141 limit=0.200
[WARN] [1784188413.716926928] [go2_lio_trace_recorder]: STAMP_GAP: /livox/imu stamp_dt=1.140 limit=0.200
[WARN] [1784188414.243154542] [go2_lio_trace_recorder]: TOPIC_GAP: /livox/lidar dt=0.613 limit=0.500
[WARN] [1784188414.251577400] [go2_lio_trace_recorder]: TOPIC_GAP: /Odometry dt=0.569 limit=0.500
[WARN] [1784188414.254345380] [go2_lio_trace_recorder]: TOPIC_GAP: /livox/imu dt=0.544 limit=0.200
[WARN] [1784188414.255114915] [go2_lio_trace_recorder]: STAMP_GAP: /livox/imu stamp_dt=0.534 limit=0.200
[WARN] [1784188415.668679179] [go2_lio_trace_recorder]: STAMP_GAP: /livox/lidar stamp_dt=0.500 limit=0.500
[WARN] [1784188417.213185663] [go2_lio_trace_recorder]: STAMP_GAP: /livox/lidar stamp_dt=0.502 limit=0.500
[WARN] [1784188417.586822039] [go2_lio_trace_recorder]: STAMP_GAP: /livox/lidar stamp_dt=0.599 limit=0.500
[WARN] [1784188417.594319548] [go2_lio_trace_recorder]: STAMP_GAP: /cloud_registered stamp_dt=1.400 limit=0.800
[WARN] [1784188417.762417740] [go2_lio_trace_recorder]: STAMP_GAP: /livox/lidar stamp_dt=1.400 limit=0.500
[WARN] [1784188417.768442040] [go2_lio_trace_recorder]: STAMP_GAP: /cloud_registered_body stamp_dt=1.402 limit=0.800
[WARN] [1784188417.981868884] [go2_lio_trace_recorder]: STAMP_GAP: /livox/lidar stamp_dt=0.701 limit=0.500
[WARN] [1784188417.988951177] [go2_lio_trace_recorder]: TOPIC_GAP: /livox/imu dt=0.219 limit=0.200
[WARN] [1784188417.989808459] [go2_lio_trace_recorder]: STAMP_GAP: /livox/imu stamp_dt=0.220 limit=0.200
[WARN] [1784188418.157473992] [go2_lio_trace_recorder]: STAMP_GAP: /livox/lidar stamp_dt=0.800 limit=0.500
[WARN] [1784188418.165971220] [go2_lio_trace_recorder]: STAMP_GAP: /cloud_registered stamp_dt=1.200 limit=0.800
[WARN] [1784188418.168229421] [go2_lio_trace_recorder]: STAMP_GAP: /cloud_registered_body stamp_dt=1.200 limit=0.800
[WARN] [1784188418.331328631] [go2_lio_trace_recorder]: STAMP_GAP: /livox/lidar stamp_dt=1.198 limit=0.500
[WARN] [1784188418.491573777] [go2_lio_trace_recorder]: STAMP_GAP: /livox/lidar stamp_dt=0.615 limit=0.500
[WARN] [1784188418.711566764] [go2_lio_trace_recorder]: STAMP_GAP: /livox/lidar stamp_dt=0.679 limit=0.500
[WARN] [1784188418.717475156] [go2_lio_trace_recorder]: STAMP_GAP: /cloud_registered stamp_dt=1.099 limit=0.800
[WARN] [1784188418.718799655] [go2_lio_trace_recorder]: STAMP_GAP: /cloud_registered_body stamp_dt=1.099 limit=0.800
[WARN] [1784188418.719890418] [go2_lio_trace_recorder]: TOPIC_GAP: /livox/imu dt=0.222 limit=0.200
[WARN] [1784188418.720567916] [go2_lio_trace_recorder]: STAMP_GAP: /livox/imu stamp_dt=0.220 limit=0.200
[WARN] [1784188418.931049844] [go2_lio_trace_recorder]: STAMP_GAP: /livox/lidar stamp_dt=1.106 limit=0.500
[WARN] [1784188418.937639125] [go2_lio_trace_recorder]: TOPIC_GAP: /livox/imu dt=0.217 limit=0.200
[WARN] [1784188418.938496055] [go2_lio_trace_recorder]: STAMP_GAP: /livox/imu stamp_dt=0.222 limit=0.200
[WARN] [1784188421.127897828] [go2_lio_trace_recorder]: TOPIC_GAP: /livox/imu dt=0.248 limit=0.200
[WARN] [1784188421.128735109] [go2_lio_trace_recorder]: STAMP_GAP: /livox/imu stamp_dt=0.246 limit=0.200
[WARN] [1784188422.244375433] [go2_lio_trace_recorder]: TOPIC_GAP: /livox/imu dt=0.204 limit=0.200
[WARN] [1784188422.245195529] [go2_lio_trace_recorder]: STAMP_GAP: /livox/imu stamp_dt=0.204 limit=0.200
[WARN] [1784188424.908199198] [go2_lio_trace_recorder]: TOPIC_GAP: /livox/imu dt=0.254 limit=0.200
[WARN] [1784188424.908963420] [go2_lio_trace_recorder]: STAMP_GAP: /livox/imu stamp_dt=0.260 limit=0.200
[WARN] [1784188425.307931408] [go2_lio_trace_recorder]: TOPIC_GAP: /livox/imu dt=0.224 limit=0.200
[WARN] [1784188425.308713966] [go2_lio_trace_recorder]: STAMP_GAP: /livox/imu stamp_dt=0.226 limit=0.200
[WARN] [1784188428.846195580] [go2_lio_trace_recorder]: TOPIC_GAP: /livox/imu dt=0.216 limit=0.200
[WARN] [1784188428.847007612] [go2_lio_trace_recorder]: STAMP_GAP: /livox/imu stamp_dt=0.214 limit=0.200
[WARN] [1784188429.062704886] [go2_lio_trace_recorder]: TOPIC_GAP: /livox/imu dt=0.217 limit=0.200
[WARN] [1784188429.063503669] [go2_lio_trace_recorder]: STAMP_GAP: /livox/imu stamp_dt=0.220 limit=0.200
[WARN] [1784188430.474408746] [go2_lio_trace_recorder]: TOPIC_GAP: /livox/imu dt=0.227 limit=0.200
[WARN] [1784188430.475589656] [go2_lio_trace_recorder]: STAMP_GAP: /livox/imu stamp_dt=0.227 limit=0.200
[WARN] [1784188430.719816326] [go2_lio_trace_recorder]: TOPIC_GAP: /livox/imu dt=0.246 limit=0.200
[WARN] [1784188430.722793882] [go2_lio_trace_recorder]: STAMP_GAP: /livox/imu stamp_dt=0.243 limit=0.200
[WARN] [1784188431.013678658] [go2_lio_trace_recorder]: TOPIC_GAP: /livox/imu dt=0.294 limit=0.200
[WARN] [1784188431.017058822] [go2_lio_trace_recorder]: STAMP_GAP: /livox/imu stamp_dt=0.294 limit=0.200
[WARN] [1784188431.298042697] [go2_lio_trace_recorder]: TOPIC_GAP: /livox/imu dt=0.284 limit=0.200
[WARN] [1784188431.298777414] [go2_lio_trace_recorder]: STAMP_GAP: /livox/imu stamp_dt=0.286 limit=0.200
[WARN] [1784188431.584925842] [go2_lio_trace_recorder]: TOPIC_GAP: /livox/imu dt=0.287 limit=0.200
[WARN] [1784188431.585684592] [go2_lio_trace_recorder]: STAMP_GAP: /livox/imu stamp_dt=0.284 limit=0.200
[WARN] [1784188431.922162501] [go2_lio_trace_recorder]: TOPIC_GAP: /livox/imu dt=0.337 limit=0.200
[WARN] [1784188431.922949348] [go2_lio_trace_recorder]: STAMP_GAP: /livox/imu stamp_dt=0.340 limit=0.200
[WARN] [1784188432.240917510] [go2_lio_trace_recorder]: TOPIC_GAP: /livox/imu dt=0.319 limit=0.200
[WARN] [1784188432.241931661] [go2_lio_trace_recorder]: STAMP_GAP: /livox/imu stamp_dt=0.316 limit=0.200
[WARN] [1784188432.657152506] [go2_lio_trace_recorder]: TOPIC_GAP: /livox/imu dt=0.416 limit=0.200
[WARN] [1784188432.666397666] [go2_lio_trace_recorder]: STAMP_GAP: /livox/imu stamp_dt=0.414 limit=0.200
[WARN] [1784188433.024287766] [go2_lio_trace_recorder]: TOPIC_GAP: /livox/imu dt=0.367 limit=0.200
[WARN] [1784188433.025086197] [go2_lio_trace_recorder]: STAMP_GAP: /livox/imu stamp_dt=0.370 limit=0.200
[WARN] [1784188433.353743283] [go2_lio_trace_recorder]: TOPIC_GAP: /livox/imu dt=0.329 limit=0.200
[WARN] [1784188433.354505168] [go2_lio_trace_recorder]: STAMP_GAP: /livox/imu stamp_dt=0.328 limit=0.200
[WARN] [1784188433.768958459] [go2_lio_trace_recorder]: TOPIC_GAP: /livox/imu dt=0.234 limit=0.200
[WARN] [1784188433.769752794] [go2_lio_trace_recorder]: STAMP_GAP: /livox/imu stamp_dt=0.236 limit=0.200
[WARN] [1784188434.003935320] [go2_lio_trace_recorder]: TOPIC_GAP: /livox/imu dt=0.235 limit=0.200
[WARN] [1784188434.004712407] [go2_lio_trace_recorder]: STAMP_GAP: /livox/imu stamp_dt=0.234 limit=0.200
[WARN] [1784188434.238246362] [go2_lio_trace_recorder]: TOPIC_GAP: /livox/imu dt=0.234 limit=0.200
[WARN] [1784188434.238994263] [go2_lio_trace_recorder]: STAMP_GAP: /livox/imu stamp_dt=0.236 limit=0.200
[WARN] [1784188434.853137434] [go2_lio_trace_recorder]: TOPIC_GAP: /livox/imu dt=0.249 limit=0.200
[WARN] [1784188434.858244865] [go2_lio_trace_recorder]: STAMP_GAP: /livox/imu stamp_dt=0.250 limit=0.200
[WARN] [1784188435.075785076] [go2_lio_trace_recorder]: TOPIC_GAP: /livox/imu dt=0.223 limit=0.200
[WARN] [1784188435.076528817] [go2_lio_trace_recorder]: STAMP_GAP: /livox/imu stamp_dt=0.226 limit=0.200
[WARN] [1784188435.326363180] [go2_lio_trace_recorder]: TOPIC_GAP: /livox/imu dt=0.245 limit=0.200
[WARN] [1784188435.327132554] [go2_lio_trace_recorder]: STAMP_GAP: /livox/imu stamp_dt=0.240 limit=0.200
[WARN] [1784188435.581228331] [go2_lio_trace_recorder]: TOPIC_GAP: /livox/imu dt=0.249 limit=0.200
[WARN] [1784188435.582061547] [go2_lio_trace_recorder]: STAMP_GAP: /livox/imu stamp_dt=0.250 limit=0.200
[WARN] [1784188435.964078174] [go2_lio_trace_recorder]: TOPIC_GAP: /livox/imu dt=0.388 limit=0.200
[WARN] [1784188435.964963521] [go2_lio_trace_recorder]: STAMP_GAP: /livox/imu stamp_dt=0.384 limit=0.200
[WARN] [1784188436.378461593] [go2_lio_trace_recorder]: TOPIC_GAP: /livox/imu dt=0.421 limit=0.200
[WARN] [1784188436.379218550] [go2_lio_trace_recorder]: STAMP_GAP: /livox/imu stamp_dt=0.426 limit=0.200
[WARN] [1784188436.731020333] [go2_lio_trace_recorder]: TOPIC_GAP: /livox/imu dt=0.353 limit=0.200
[WARN] [1784188436.731781899] [go2_lio_trace_recorder]: STAMP_GAP: /livox/imu stamp_dt=0.350 limit=0.200
[WARN] [1784188437.004167664] [go2_lio_trace_recorder]: TOPIC_GAP: /livox/imu dt=0.272 limit=0.200
[WARN] [1784188437.006058138] [go2_lio_trace_recorder]: STAMP_GAP: /livox/imu stamp_dt=0.274 limit=0.200
[WARN] [1784188437.564239785] [go2_lio_trace_recorder]: TOPIC_GAP: /livox/lidar dt=0.571 limit=0.500
[WARN] [1784188437.572635215] [go2_lio_trace_recorder]: TOPIC_GAP: /Odometry dt=0.572 limit=0.500
[WARN] [1784188437.576704397] [go2_lio_trace_recorder]: TOPIC_GAP: /livox/imu dt=0.573 limit=0.200
[WARN] [1784188437.577998944] [go2_lio_trace_recorder]: STAMP_GAP: /livox/imu stamp_dt=0.576 limit=0.200
[WARN] [1784188438.007397053] [go2_lio_trace_recorder]: TOPIC_GAP: /livox/imu dt=0.429 limit=0.200
[WARN] [1784188438.008176859] [go2_lio_trace_recorder]: STAMP_GAP: /livox/imu stamp_dt=0.425 limit=0.200
[WARN] [1784188438.332617635] [go2_lio_trace_recorder]: TOPIC_GAP: /livox/imu dt=0.327 limit=0.200
[WARN] [1784188438.334631249] [go2_lio_trace_recorder]: STAMP_GAP: /livox/imu stamp_dt=0.329 limit=0.200
[WARN] [1784188438.947431462] [go2_lio_trace_recorder]: TOPIC_GAP: /livox/imu dt=0.229 limit=0.200
[WARN] [1784188438.948238661] [go2_lio_trace_recorder]: STAMP_GAP: /livox/imu stamp_dt=0.230 limit=0.200
[WARN] [1784188439.245499081] [go2_lio_trace_recorder]: TOPIC_GAP: /livox/imu dt=0.298 limit=0.200
[WARN] [1784188439.246274119] [go2_lio_trace_recorder]: STAMP_GAP: /livox/imu stamp_dt=0.294 limit=0.200
[WARN] [1784188439.783187535] [go2_lio_trace_recorder]: STAMP_GAP: /livox/lidar stamp_dt=0.500 limit=0.500
[WARN] [1784188439.992618236] [go2_lio_trace_recorder]: STAMP_GAP: /cloud_registered stamp_dt=0.800 limit=0.800
[WARN] [1784188439.994163288] [go2_lio_trace_recorder]: STAMP_GAP: /cloud_registered_body stamp_dt=0.800 limit=0.800
[WARN] [1784188439.995845850] [go2_lio_trace_recorder]: TOPIC_GAP: /livox/imu dt=0.206 limit=0.200
[WARN] [1784188439.996595287] [go2_lio_trace_recorder]: STAMP_GAP: /livox/imu stamp_dt=0.204 limit=0.200
[WARN] [1784188440.258842086] [go2_lio_trace_recorder]: STAMP_GAP: /livox/lidar stamp_dt=0.802 limit=0.500
[WARN] [1784188440.266642422] [go2_lio_trace_recorder]: TOPIC_GAP: /livox/imu dt=0.270 limit=0.200
[WARN] [1784188440.267413332] [go2_lio_trace_recorder]: STAMP_GAP: /livox/imu stamp_dt=0.270 limit=0.200
[WARN] [1784188441.030887098] [go2_lio_trace_recorder]: STAMP_GAP: /livox/lidar stamp_dt=0.501 limit=0.500
[WARN] [1784188441.277850101] [go2_lio_trace_recorder]: TOPIC_GAP: /livox/imu dt=0.239 limit=0.200
[WARN] [1784188441.278590833] [go2_lio_trace_recorder]: STAMP_GAP: /livox/imu stamp_dt=0.245 limit=0.200
[WARN] [1784188442.153894471] [go2_lio_trace_recorder]: STAMP_GAP: /livox/lidar stamp_dt=0.510 limit=0.500
[WARN] [1784188442.163639937] [go2_lio_trace_recorder]: TOPIC_GAP: /livox/imu dt=0.210 limit=0.200
[WARN] [1784188442.164386910] [go2_lio_trace_recorder]: STAMP_GAP: /livox/imu stamp_dt=0.206 limit=0.200
[WARN] [1784188442.855507898] [go2_lio_trace_recorder]: STAMP_GAP: /livox/imu stamp_dt=0.200 limit=0.200
[WARN] [1784188443.066255091] [go2_lio_trace_recorder]: TOPIC_GAP: /livox/imu dt=0.211 limit=0.200
[WARN] [1784188443.067036689] [go2_lio_trace_recorder]: STAMP_GAP: /livox/imu stamp_dt=0.225 limit=0.200
[WARN] [1784188443.462798649] [go2_lio_trace_recorder]: TOPIC_GAP: /livox/imu dt=0.213 limit=0.200
[WARN] [1784188443.463560022] [go2_lio_trace_recorder]: STAMP_GAP: /livox/imu stamp_dt=0.214 limit=0.200
[WARN] [1784188443.850783570] [go2_lio_trace_recorder]: STAMP_GAP: /livox/lidar stamp_dt=0.500 limit=0.500
[WARN] [1784188443.858623235] [go2_lio_trace_recorder]: TOPIC_GAP: /livox/imu dt=0.226 limit=0.200
[WARN] [1784188443.859391329] [go2_lio_trace_recorder]: STAMP_GAP: /livox/imu stamp_dt=0.226 limit=0.200
[WARN] [1784188444.798682641] [go2_lio_trace_recorder]: TOPIC_GAP: /livox/imu dt=0.206 limit=0.200
[WARN] [1784188444.799619669] [go2_lio_trace_recorder]: STAMP_GAP: /livox/imu stamp_dt=0.206 limit=0.200
[WARN] [1784188445.578649840] [go2_lio_trace_recorder]: TOPIC_GAP: /livox/imu dt=0.231 limit=0.200
[WARN] [1784188445.579444847] [go2_lio_trace_recorder]: STAMP_GAP: /livox/imu stamp_dt=0.230 limit=0.200
[WARN] [1784188446.509888503] [go2_lio_trace_recorder]: TOPIC_GAP: /livox/imu dt=0.206 limit=0.200
[WARN] [1784188446.510701462] [go2_lio_trace_recorder]: STAMP_GAP: /livox/imu stamp_dt=0.206 limit=0.200
[WARN] [1784188446.719646817] [go2_lio_trace_recorder]: TOPIC_GAP: /livox/imu dt=0.210 limit=0.200
[WARN] [1784188446.720488770] [go2_lio_trace_recorder]: STAMP_GAP: /livox/imu stamp_dt=0.213 limit=0.200
[WARN] [1784188448.347120309] [go2_lio_trace_recorder]: TOPIC_GAP: /livox/imu dt=0.225 limit=0.200
[WARN] [1784188448.347899828] [go2_lio_trace_recorder]: STAMP_GAP: /livox/imu stamp_dt=0.220 limit=0.200
[WARN] [1784188450.818381804] [go2_lio_trace_recorder]: TOPIC_GAP: /livox/imu dt=0.234 limit=0.200
[WARN] [1784188450.819179051] [go2_lio_trace_recorder]: STAMP_GAP: /livox/imu stamp_dt=0.236 limit=0.200
[WARN] [1784188454.247676360] [go2_lio_trace_recorder]: TOPIC_GAP: /livox/imu dt=0.300 limit=0.200
[WARN] [1784188454.248460263] [go2_lio_trace_recorder]: STAMP_GAP: /livox/imu stamp_dt=0.300 limit=0.200
[WARN] [1784188454.445406959] [go2_lio_trace_recorder]: STAMP_GAP: /livox/imu stamp_dt=0.205 limit=0.200
[WARN] [1784188455.858543608] [go2_lio_trace_recorder]: TOPIC_GAP: /livox/imu dt=0.203 limit=0.200
[WARN] [1784188455.859299862] [go2_lio_trace_recorder]: STAMP_GAP: /livox/imu stamp_dt=0.206 limit=0.200
[WARN] [1784188456.247096724] [go2_lio_trace_recorder]: TOPIC_GAP: /livox/imu dt=0.201 limit=0.200
[WARN] [1784188456.247867346] [go2_lio_trace_recorder]: STAMP_GAP: /livox/imu stamp_dt=0.203 limit=0.200
[WARN] [1784188457.660473163] [go2_lio_trace_recorder]: TOPIC_GAP: /livox/imu dt=0.206 limit=0.200
[WARN] [1784188457.661359629] [go2_lio_trace_recorder]: STAMP_GAP: /livox/imu stamp_dt=0.206 limit=0.200
[WARN] [1784188459.277372106] [go2_lio_trace_recorder]: TOPIC_GAP: /livox/imu dt=0.223 limit=0.200
[WARN] [1784188459.278193642] [go2_lio_trace_recorder]: STAMP_GAP: /livox/imu stamp_dt=0.227 limit=0.200
[WARN] [1784188460.240665088] [go2_lio_trace_recorder]: TOPIC_GAP: /livox/imu dt=0.229 limit=0.200
[WARN] [1784188460.241532194] [go2_lio_trace_recorder]: STAMP_GAP: /livox/imu stamp_dt=0.230 limit=0.200
[WARN] [1784188461.224127577] [go2_lio_trace_recorder]: TOPIC_GAP: /livox/imu dt=0.253 limit=0.200
[WARN] [1784188461.224900759] [go2_lio_trace_recorder]: STAMP_GAP: /livox/imu stamp_dt=0.250 limit=0.200
[WARN] [1784188461.471938176] [go2_lio_trace_recorder]: TOPIC_GAP: /livox/imu dt=0.248 limit=0.200
[WARN] [1784188461.472747999] [go2_lio_trace_recorder]: STAMP_GAP: /livox/imu stamp_dt=0.250 limit=0.200
[WARN] [1784188462.293792841] [go2_lio_trace_recorder]: TOPIC_GAP: /livox/imu dt=0.292 limit=0.200
[WARN] [1784188462.294961526] [go2_lio_trace_recorder]: STAMP_GAP: /livox/imu stamp_dt=0.294 limit=0.200
[WARN] [1784188462.508816475] [go2_lio_trace_recorder]: TOPIC_GAP: /livox/imu dt=0.215 limit=0.200
[WARN] [1784188462.509596153] [go2_lio_trace_recorder]: STAMP_GAP: /livox/imu stamp_dt=0.217 limit=0.200
[WARN] [1784188464.944858963] [go2_lio_trace_recorder]: STAMP_GAP: /livox/imu stamp_dt=0.200 limit=0.200
[WARN] [1784188465.721697300] [go2_lio_trace_recorder]: TOPIC_GAP: /livox/imu dt=0.202 limit=0.200
[WARN] [1784188465.722463249] [go2_lio_trace_recorder]: STAMP_GAP: /livox/imu stamp_dt=0.210 limit=0.200
[WARN] [1784188467.480878684] [go2_lio_trace_recorder]: TOPIC_GAP: /livox/imu dt=0.229 limit=0.200
[WARN] [1784188467.501989162] [go2_lio_trace_recorder]: STAMP_GAP: /livox/imu stamp_dt=0.230 limit=0.200
[WARN] [1784188467.880458451] [go2_lio_trace_recorder]: TOPIC_GAP: /livox/imu dt=0.400 limit=0.200
[WARN] [1784188467.881190127] [go2_lio_trace_recorder]: STAMP_GAP: /livox/imu stamp_dt=0.400 limit=0.200
[WARN] [1784188468.324970763] [go2_lio_trace_recorder]: TOPIC_GAP: /livox/imu dt=0.439 limit=0.200
[WARN] [1784188468.326104663] [go2_lio_trace_recorder]: STAMP_GAP: /livox/imu stamp_dt=0.448 limit=0.200
[WARN] [1784188468.756175970] [go2_lio_trace_recorder]: TOPIC_GAP: /livox/imu dt=0.436 limit=0.200
[WARN] [1784188468.756948063] [go2_lio_trace_recorder]: STAMP_GAP: /livox/imu stamp_dt=0.416 limit=0.200
[WARN] [1784188469.237924339] [go2_lio_trace_recorder]: TOPIC_GAP: /livox/imu dt=0.482 limit=0.200
[WARN] [1784188469.238828854] [go2_lio_trace_recorder]: STAMP_GAP: /livox/imu stamp_dt=0.496 limit=0.200
[WARN] [1784188469.688092288] [go2_lio_trace_recorder]: TOPIC_GAP: /livox/imu dt=0.450 limit=0.200
[WARN] [1784188469.688809723] [go2_lio_trace_recorder]: STAMP_GAP: /livox/imu stamp_dt=0.450 limit=0.200
[WARN] [1784188469.933174505] [go2_lio_trace_recorder]: TOPIC_GAP: /livox/imu dt=0.245 limit=0.200
[WARN] [1784188469.933962920] [go2_lio_trace_recorder]: STAMP_GAP: /livox/imu stamp_dt=0.244 limit=0.200
[WARN] [1784188470.276876458] [go2_lio_trace_recorder]: TOPIC_GAP: /livox/imu dt=0.342 limit=0.200
[WARN] [1784188470.279302728] [go2_lio_trace_recorder]: STAMP_GAP: /livox/imu stamp_dt=0.346 limit=0.200
[WARN] [1784188470.558266153] [go2_lio_trace_recorder]: TOPIC_GAP: /livox/imu dt=0.283 limit=0.200
[WARN] [1784188470.558968292] [go2_lio_trace_recorder]: STAMP_GAP: /livox/imu stamp_dt=0.280 limit=0.200
[WARN] [1784188470.839894641] [go2_lio_trace_recorder]: TOPIC_GAP: /livox/imu dt=0.282 limit=0.200
[WARN] [1784188470.840661358] [go2_lio_trace_recorder]: STAMP_GAP: /livox/imu stamp_dt=0.280 limit=0.200
[WARN] [1784188471.079994775] [go2_lio_trace_recorder]: TOPIC_GAP: /livox/imu dt=0.240 limit=0.200
[WARN] [1784188471.080745076] [go2_lio_trace_recorder]: STAMP_GAP: /livox/imu stamp_dt=0.235 limit=0.200
[WARN] [1784188471.399419724] [go2_lio_trace_recorder]: TOPIC_GAP: /livox/imu dt=0.319 limit=0.200
[WARN] [1784188471.400144584] [go2_lio_trace_recorder]: STAMP_GAP: /livox/imu stamp_dt=0.326 limit=0.200
[WARN] [1784188471.681109748] [go2_lio_trace_recorder]: TOPIC_GAP: /livox/imu dt=0.282 limit=0.200
[WARN] [1784188471.683244294] [go2_lio_trace_recorder]: STAMP_GAP: /livox/imu stamp_dt=0.280 limit=0.200
[WARN] [1784188471.947619922] [go2_lio_trace_recorder]: TOPIC_GAP: /livox/imu dt=0.266 limit=0.200
[WARN] [1784188471.950122098] [go2_lio_trace_recorder]: STAMP_GAP: /livox/imu stamp_dt=0.264 limit=0.200
[WARN] [1784188472.339172543] [go2_lio_trace_recorder]: TOPIC_GAP: /livox/imu dt=0.392 limit=0.200
[WARN] [1784188472.339925212] [go2_lio_trace_recorder]: STAMP_GAP: /livox/imu stamp_dt=0.396 limit=0.200
[WARN] [1784188472.632585863] [go2_lio_trace_recorder]: TOPIC_GAP: /livox/imu dt=0.291 limit=0.200
[WARN] [1784188472.634522866] [go2_lio_trace_recorder]: STAMP_GAP: /livox/imu stamp_dt=0.290 limit=0.200
[WARN] [1784188473.036257063] [go2_lio_trace_recorder]: TOPIC_GAP: /livox/imu dt=0.401 limit=0.200
[WARN] [1784188473.039936565] [go2_lio_trace_recorder]: STAMP_GAP: /livox/imu stamp_dt=0.400 limit=0.200
[WARN] [1784188473.621854850] [go2_lio_trace_recorder]: TOPIC_GAP: /livox/lidar dt=0.608 limit=0.500
[WARN] [1784188473.634373860] [go2_lio_trace_recorder]: TOPIC_GAP: /Odometry dt=0.610 limit=0.500
[WARN] [1784188473.639523402] [go2_lio_trace_recorder]: TOPIC_GAP: /livox/imu dt=0.607 limit=0.200
[WARN] [1784188473.640746009] [go2_lio_trace_recorder]: STAMP_GAP: /livox/imu stamp_dt=0.611 limit=0.200
[WARN] [1784188474.039175819] [go2_lio_trace_recorder]: TOPIC_GAP: /livox/imu dt=0.401 limit=0.200
[WARN] [1784188474.039930984] [go2_lio_trace_recorder]: STAMP_GAP: /livox/imu stamp_dt=0.399 limit=0.200
[WARN] [1784188474.338291112] [go2_lio_trace_recorder]: TOPIC_GAP: /livox/imu dt=0.279 limit=0.200
[WARN] [1784188474.339099848] [go2_lio_trace_recorder]: STAMP_GAP: /livox/imu stamp_dt=0.274 limit=0.200
[WARN] [1784188474.680443935] [go2_lio_trace_recorder]: TOPIC_GAP: /livox/imu dt=0.360 limit=0.200
[WARN] [1784188474.683231499] [go2_lio_trace_recorder]: STAMP_GAP: /livox/imu stamp_dt=0.365 limit=0.200
[WARN] [1784188474.950097454] [go2_lio_trace_recorder]: TOPIC_GAP: /livox/imu dt=0.271 limit=0.200
[WARN] [1784188474.951544294] [go2_lio_trace_recorder]: STAMP_GAP: /livox/imu stamp_dt=0.270 limit=0.200
[WARN] [1784188475.257855990] [go2_lio_trace_recorder]: TOPIC_GAP: /livox/imu dt=0.308 limit=0.200
[WARN] [1784188475.259340143] [go2_lio_trace_recorder]: STAMP_GAP: /livox/imu stamp_dt=0.310 limit=0.200
[WARN] [1784188475.631440708] [go2_lio_trace_recorder]: TOPIC_GAP: /livox/imu dt=0.374 limit=0.200
[WARN] [1784188475.632166240] [go2_lio_trace_recorder]: STAMP_GAP: /livox/imu stamp_dt=0.370 limit=0.200
[WARN] [1784188475.841831815] [go2_lio_trace_recorder]: TOPIC_GAP: /livox/imu dt=0.210 limit=0.200
[WARN] [1784188475.842562531] [go2_lio_trace_recorder]: STAMP_GAP: /livox/imu stamp_dt=0.210 limit=0.200
[WARN] [1784188476.037179526] [go2_lio_trace_recorder]: STAMP_GAP: /livox/imu stamp_dt=0.200 limit=0.200
[WARN] [1784188476.557640773] [go2_lio_trace_recorder]: STAMP_GAP: /livox/lidar stamp_dt=0.501 limit=0.500
[WARN] [1784188477.788535976] [go2_lio_trace_recorder]: STAMP_GAP: /livox/lidar stamp_dt=0.500 limit=0.500
[WARN] [1784188478.166219466] [go2_lio_trace_recorder]: TOPIC_GAP: /livox/imu dt=0.205 limit=0.200
[WARN] [1784188478.167034089] [go2_lio_trace_recorder]: STAMP_GAP: /livox/imu stamp_dt=0.204 limit=0.200
[WARN] [1784188479.908006423] [go2_lio_trace_recorder]: TOPIC_GAP: /livox/imu dt=0.202 limit=0.200
[WARN] [1784188479.908864280] [go2_lio_trace_recorder]: STAMP_GAP: /livox/imu stamp_dt=0.210 limit=0.200
[WARN] [1784188480.639176582] [go2_lio_trace_recorder]: TOPIC_GAP: /livox/imu dt=0.214 limit=0.200
[WARN] [1784188480.640020422] [go2_lio_trace_recorder]: STAMP_GAP: /livox/imu stamp_dt=0.216 limit=0.200
[WARN] [1784188483.963711887] [go2_lio_trace_recorder]: TOPIC_GAP: /livox/imu dt=0.225 limit=0.200
[WARN] [1784188483.964464172] [go2_lio_trace_recorder]: STAMP_GAP: /livox/imu stamp_dt=0.225 limit=0.200
[WARN] [1784188484.166165423] [go2_lio_trace_recorder]: TOPIC_GAP: /livox/imu dt=0.200 limit=0.200
[WARN] [1784188484.364494287] [go2_lio_trace_recorder]: TOPIC_GAP: /livox/imu dt=0.201 limit=0.200
[WARN] [1784188484.571692165] [go2_lio_trace_recorder]: TOPIC_GAP: /livox/imu dt=0.207 limit=0.200
[WARN] [1784188484.573000599] [go2_lio_trace_recorder]: STAMP_GAP: /livox/imu stamp_dt=0.206 limit=0.200
[WARN] [1784188484.941822604] [go2_lio_trace_recorder]: STAMP_GAP: /livox/imu stamp_dt=0.200 limit=0.200
[WARN] [1784188488.263715679] [go2_lio_trace_recorder]: TOPIC_GAP: /livox/imu dt=0.207 limit=0.200
[WARN] [1784188488.264495101] [go2_lio_trace_recorder]: STAMP_GAP: /livox/imu stamp_dt=0.208 limit=0.200
[WARN] [1784188491.384668143] [go2_lio_trace_recorder]: TOPIC_GAP: /livox/imu dt=0.211 limit=0.200
[WARN] [1784188491.385540049] [go2_lio_trace_recorder]: STAMP_GAP: /livox/imu stamp_dt=0.210 limit=0.200
[WARN] [1784188491.608995431] [go2_lio_trace_recorder]: TOPIC_GAP: /livox/imu dt=0.224 limit=0.200
[WARN] [1784188491.609757316] [go2_lio_trace_recorder]: STAMP_GAP: /livox/imu stamp_dt=0.223 limit=0.200
[WARN] [1784188491.815150662] [go2_lio_trace_recorder]: TOPIC_GAP: /livox/imu dt=0.207 limit=0.200
[WARN] [1784188491.815935236] [go2_lio_trace_recorder]: STAMP_GAP: /livox/imu stamp_dt=0.207 limit=0.200
[WARN] [1784188494.976976199] [go2_lio_trace_recorder]: TOPIC_GAP: /livox/imu dt=0.259 limit=0.200
[WARN] [1784188494.977848489] [go2_lio_trace_recorder]: STAMP_GAP: /livox/imu stamp_dt=0.260 limit=0.200
[WARN] [1784188495.368825446] [go2_lio_trace_recorder]: TOPIC_GAP: /livox/imu dt=0.220 limit=0.200
[WARN] [1784188495.370005395] [go2_lio_trace_recorder]: STAMP_GAP: /livox/imu stamp_dt=0.220 limit=0.200
[WARN] [1784188497.627778783] [go2_lio_trace_recorder]: TOPIC_GAP: /livox/imu dt=0.209 limit=0.200
[WARN] [1784188497.628616255] [go2_lio_trace_recorder]: STAMP_GAP: /livox/imu stamp_dt=0.210 limit=0.200
[WARN] [1784188497.829974170] [go2_lio_trace_recorder]: TOPIC_GAP: /livox/imu dt=0.203 limit=0.200
[WARN] [1784188497.830741880] [go2_lio_trace_recorder]: STAMP_GAP: /livox/imu stamp_dt=0.204 limit=0.200
[WARN] [1784188498.030903557] [go2_lio_trace_recorder]: TOPIC_GAP: /livox/imu dt=0.201 limit=0.200
[WARN] [1784188498.440762729] [go2_lio_trace_recorder]: TOPIC_GAP: /livox/imu dt=0.221 limit=0.200
[WARN] [1784188498.441715726] [go2_lio_trace_recorder]: STAMP_GAP: /livox/imu stamp_dt=0.220 limit=0.200
[WARN] [1784188498.651498922] [go2_lio_trace_recorder]: TOPIC_GAP: /livox/imu dt=0.211 limit=0.200
[WARN] [1784188498.652432142] [go2_lio_trace_recorder]: STAMP_GAP: /livox/imu stamp_dt=0.210 limit=0.200
[WARN] [1784188498.862894883] [go2_lio_trace_recorder]: TOPIC_GAP: /livox/imu dt=0.211 limit=0.200
[WARN] [1784188498.863861704] [go2_lio_trace_recorder]: STAMP_GAP: /livox/imu stamp_dt=0.222 limit=0.200
[WARN] [1784188499.132303944] [go2_lio_trace_recorder]: TOPIC_GAP: /livox/imu dt=0.269 limit=0.200
[WARN] [1784188499.133179017] [go2_lio_trace_recorder]: STAMP_GAP: /livox/imu stamp_dt=0.258 limit=0.200
[WARN] [1784188499.360278618] [go2_lio_trace_recorder]: TOPIC_GAP: /livox/imu dt=0.228 limit=0.200
[WARN] [1784188499.361026806] [go2_lio_trace_recorder]: STAMP_GAP: /livox/imu stamp_dt=0.231 limit=0.200
[WARN] [1784188502.872439268] [go2_lio_trace_recorder]: TOPIC_GAP: /livox/imu dt=0.200 limit=0.200
[WARN] [1784188502.873261155] [go2_lio_trace_recorder]: STAMP_GAP: /livox/imu stamp_dt=0.213 limit=0.200
[WARN] [1784188503.420285455] [go2_lio_trace_recorder]: TOPIC_GAP: /livox/imu dt=0.201 limit=0.200
[WARN] [1784188503.421173777] [go2_lio_trace_recorder]: STAMP_GAP: /livox/imu stamp_dt=0.210 limit=0.200
[WARN] [1784188503.622157427] [go2_lio_trace_recorder]: TOPIC_GAP: /livox/imu dt=0.202 limit=0.200
[WARN] [1784188503.622901711] [go2_lio_trace_recorder]: STAMP_GAP: /livox/imu stamp_dt=0.200 limit=0.200
[WARN] [1784188503.816118888] [go2_lio_trace_recorder]: STAMP_GAP: /livox/imu stamp_dt=0.204 limit=0.200
[WARN] [1784188504.517762403] [go2_lio_trace_recorder]: STAMP_GAP: /livox/imu stamp_dt=0.200 limit=0.200
[WARN] [1784188504.828488036] [go2_lio_trace_recorder]: TOPIC_GAP: /livox/imu dt=0.311 limit=0.200
[WARN] [1784188504.829434440] [go2_lio_trace_recorder]: STAMP_GAP: /livox/imu stamp_dt=0.310 limit=0.200
[WARN] [1784188505.102475016] [go2_lio_trace_recorder]: TOPIC_GAP: /livox/imu dt=0.266 limit=0.200
[WARN] [1784188505.103462574] [go2_lio_trace_recorder]: STAMP_GAP: /livox/imu stamp_dt=0.264 limit=0.200
[WARN] [1784188505.586048785] [go2_lio_trace_recorder]: TOPIC_GAP: /livox/imu dt=0.487 limit=0.200
[WARN] [1784188505.593378249] [go2_lio_trace_recorder]: STAMP_GAP: /livox/imu stamp_dt=0.481 limit=0.200
[WARN] [1784188506.188161256] [go2_lio_trace_recorder]: TOPIC_GAP: /livox/lidar dt=0.641 limit=0.500
[WARN] [1784188506.214221739] [go2_lio_trace_recorder]: TOPIC_GAP: /Odometry dt=0.631 limit=0.500
[WARN] [1784188506.224061827] [go2_lio_trace_recorder]: TOPIC_GAP: /livox/imu dt=0.637 limit=0.200
[WARN] [1784188506.226037998] [go2_lio_trace_recorder]: STAMP_GAP: /livox/imu stamp_dt=0.645 limit=0.200
[WARN] [1784188507.006671459] [go2_lio_trace_recorder]: TOPIC_GAP: /livox/lidar dt=0.822 limit=0.500
[WARN] [1784188507.019837530] [go2_lio_trace_recorder]: TOPIC_GAP: /Odometry dt=0.814 limit=0.500
[WARN] [1784188507.022713064] [go2_lio_trace_recorder]: TOPIC_GAP: /cloud_registered dt=0.806 limit=0.800
[WARN] [1784188507.026392468] [go2_lio_trace_recorder]: TOPIC_GAP: /cloud_registered_body dt=0.808 limit=0.800
[WARN] [1784188507.028655915] [go2_lio_trace_recorder]: TOPIC_GAP: /livox/imu dt=0.810 limit=0.200
[WARN] [1784188507.031748129] [go2_lio_trace_recorder]: STAMP_GAP: /livox/imu stamp_dt=0.810 limit=0.200
[WARN] [1784188507.249835944] [go2_lio_trace_recorder]: STAMP_GAP: /livox/lidar stamp_dt=0.500 limit=0.500
[WARN] [1784188507.256072054] [go2_lio_trace_recorder]: TOPIC_GAP: /livox/imu dt=0.227 limit=0.200
[WARN] [1784188507.256779217] [go2_lio_trace_recorder]: STAMP_GAP: /livox/imu stamp_dt=0.226 limit=0.200
[WARN] [1784188507.712171228] [go2_lio_trace_recorder]: TOPIC_GAP: /livox/imu dt=0.264 limit=0.200
[WARN] [1784188507.712895896] [go2_lio_trace_recorder]: STAMP_GAP: /livox/imu stamp_dt=0.260 limit=0.200
[WARN] [1784188507.998772955] [go2_lio_trace_recorder]: TOPIC_GAP: /livox/imu dt=0.287 limit=0.200
[WARN] [1784188507.999501943] [go2_lio_trace_recorder]: STAMP_GAP: /livox/imu stamp_dt=0.291 limit=0.200
[WARN] [1784188508.363514302] [go2_lio_trace_recorder]: TOPIC_GAP: /livox/imu dt=0.365 limit=0.200
[WARN] [1784188508.364245370] [go2_lio_trace_recorder]: STAMP_GAP: /livox/imu stamp_dt=0.364 limit=0.200
[WARN] [1784188508.656125791] [go2_lio_trace_recorder]: TOPIC_GAP: /livox/imu dt=0.293 limit=0.200
[WARN] [1784188508.656855259] [go2_lio_trace_recorder]: STAMP_GAP: /livox/imu stamp_dt=0.293 limit=0.200
[WARN] [1784188508.968941540] [go2_lio_trace_recorder]: TOPIC_GAP: /livox/imu dt=0.313 limit=0.200
[WARN] [1784188508.970893710] [go2_lio_trace_recorder]: STAMP_GAP: /livox/imu stamp_dt=0.312 limit=0.200
[WARN] [1784188509.230523651] [go2_lio_trace_recorder]: TOPIC_GAP: /livox/imu dt=0.261 limit=0.200
[WARN] [1784188509.231491496] [go2_lio_trace_recorder]: STAMP_GAP: /livox/imu stamp_dt=0.260 limit=0.200
[WARN] [1784188509.539579317] [go2_lio_trace_recorder]: TOPIC_GAP: /livox/imu dt=0.310 limit=0.200
[WARN] [1784188509.540303185] [go2_lio_trace_recorder]: STAMP_GAP: /livox/imu stamp_dt=0.310 limit=0.200
[WARN] [1784188510.005675056] [go2_lio_trace_recorder]: TOPIC_GAP: /livox/imu dt=0.462 limit=0.200
[WARN] [1784188510.006520304] [go2_lio_trace_recorder]: STAMP_GAP: /livox/imu stamp_dt=0.464 limit=0.200
[WARN] [1784188510.428087588] [go2_lio_trace_recorder]: TOPIC_GAP: /livox/imu dt=0.426 limit=0.200
[WARN] [1784188510.428808512] [go2_lio_trace_recorder]: STAMP_GAP: /livox/imu stamp_dt=0.417 limit=0.200
[WARN] [1784188510.703503184] [go2_lio_trace_recorder]: TOPIC_GAP: /livox/imu dt=0.275 limit=0.200
[WARN] [1784188510.704240844] [go2_lio_trace_recorder]: STAMP_GAP: /livox/imu stamp_dt=0.280 limit=0.200
[WARN] [1784188511.047814400] [go2_lio_trace_recorder]: TOPIC_GAP: /livox/imu dt=0.341 limit=0.200
[WARN] [1784188511.048873449] [go2_lio_trace_recorder]: STAMP_GAP: /livox/imu stamp_dt=0.349 limit=0.200
[WARN] [1784188511.400032251] [go2_lio_trace_recorder]: TOPIC_GAP: /livox/imu dt=0.355 limit=0.200
[WARN] [1784188511.400764087] [go2_lio_trace_recorder]: STAMP_GAP: /livox/imu stamp_dt=0.351 limit=0.200
[WARN] [1784188511.686100379] [go2_lio_trace_recorder]: TOPIC_GAP: /livox/imu dt=0.286 limit=0.200
[WARN] [1784188511.687100801] [go2_lio_trace_recorder]: STAMP_GAP: /livox/imu stamp_dt=0.284 limit=0.200
[WARN] [1784188511.930003250] [go2_lio_trace_recorder]: TOPIC_GAP: /livox/imu dt=0.244 limit=0.200
[WARN] [1784188511.930972663] [go2_lio_trace_recorder]: STAMP_GAP: /livox/imu stamp_dt=0.246 limit=0.200
[WARN] [1784188512.378011023] [go2_lio_trace_recorder]: TOPIC_GAP: /livox/imu dt=0.446 limit=0.200
[WARN] [1784188512.380728278] [go2_lio_trace_recorder]: STAMP_GAP: /livox/imu stamp_dt=0.444 limit=0.200
[WARN] [1784188512.686637704] [go2_lio_trace_recorder]: TOPIC_GAP: /livox/imu dt=0.311 limit=0.200
[WARN] [1784188512.687380004] [go2_lio_trace_recorder]: STAMP_GAP: /livox/imu stamp_dt=0.310 limit=0.200
[WARN] [1784188513.062648266] [go2_lio_trace_recorder]: TOPIC_GAP: /livox/imu dt=0.375 limit=0.200
[WARN] [1784188513.064572211] [go2_lio_trace_recorder]: STAMP_GAP: /livox/imu stamp_dt=0.376 limit=0.200
[WARN] [1784188513.397806420] [go2_lio_trace_recorder]: TOPIC_GAP: /livox/imu dt=0.336 limit=0.200
[WARN] [1784188513.398566545] [go2_lio_trace_recorder]: STAMP_GAP: /livox/imu stamp_dt=0.335 limit=0.200
[WARN] [1784188514.313200612] [go2_lio_trace_recorder]: STAMP_GAP: /livox/imu stamp_dt=0.200 limit=0.200
[WARN] [1784188514.820277891] [go2_lio_trace_recorder]: STAMP_GAP: /livox/lidar stamp_dt=0.502 limit=0.500
[WARN] [1784188515.271441261] [go2_lio_trace_recorder]: TOPIC_GAP: /livox/imu dt=0.250 limit=0.200
[WARN] [1784188515.274198038] [go2_lio_trace_recorder]: STAMP_GAP: /livox/imu stamp_dt=0.244 limit=0.200
[WARN] [1784188515.487389361] [go2_lio_trace_recorder]: STAMP_GAP: /livox/lidar stamp_dt=0.500 limit=0.500
[WARN] [1784188515.494430174] [go2_lio_trace_recorder]: TOPIC_GAP: /livox/imu dt=0.223 limit=0.200
[WARN] [1784188515.495303903] [go2_lio_trace_recorder]: STAMP_GAP: /livox/imu stamp_dt=0.231 limit=0.200
[WARN] [1784188516.079813183] [go2_lio_trace_recorder]: TOPIC_GAP: /livox/imu dt=0.212 limit=0.200
[WARN] [1784188516.080638815] [go2_lio_trace_recorder]: STAMP_GAP: /livox/imu stamp_dt=0.210 limit=0.200
[WARN] [1784188516.456650323] [go2_lio_trace_recorder]: STAMP_GAP: /livox/lidar stamp_dt=0.700 limit=0.500
[WARN] [1784188516.856815648] [go2_lio_trace_recorder]: TOPIC_GAP: /livox/imu dt=0.214 limit=0.200
[WARN] [1784188516.857727619] [go2_lio_trace_recorder]: STAMP_GAP: /livox/imu stamp_dt=0.210 limit=0.200
[WARN] [1784188517.297899681] [go2_lio_trace_recorder]: TOPIC_GAP: /livox/imu dt=0.248 limit=0.200
[WARN] [1784188517.298868934] [go2_lio_trace_recorder]: STAMP_GAP: /livox/imu stamp_dt=0.245 limit=0.200
[WARN] [1784188517.517435883] [go2_lio_trace_recorder]: TOPIC_GAP: /livox/imu dt=0.220 limit=0.200
[WARN] [1784188517.518234537] [go2_lio_trace_recorder]: STAMP_GAP: /livox/imu stamp_dt=0.220 limit=0.200
[WARN] [1784188517.701022843] [go2_lio_trace_recorder]: STAMP_GAP: /livox/lidar stamp_dt=0.500 limit=0.500
[WARN] [1784188517.943447212] [go2_lio_trace_recorder]: TOPIC_GAP: /livox/imu dt=0.234 limit=0.200
[WARN] [1784188517.944383504] [go2_lio_trace_recorder]: STAMP_GAP: /livox/imu stamp_dt=0.230 limit=0.200
[WARN] [1784188520.393798132] [go2_lio_trace_recorder]: TOPIC_GAP: /livox/imu dt=0.210 limit=0.200
[WARN] [1784188520.394636948] [go2_lio_trace_recorder]: STAMP_GAP: /livox/imu stamp_dt=0.208 limit=0.200
[WARN] [1784188521.003768131] [go2_lio_trace_recorder]: TOPIC_GAP: /livox/imu dt=0.230 limit=0.200
[WARN] [1784188521.004579714] [go2_lio_trace_recorder]: STAMP_GAP: /livox/imu stamp_dt=0.231 limit=0.200
[WARN] [1784188521.286035223] [go2_lio_trace_recorder]: TOPIC_GAP: /livox/imu dt=0.282 limit=0.200
[WARN] [1784188521.287164162] [go2_lio_trace_recorder]: STAMP_GAP: /livox/imu stamp_dt=0.279 limit=0.200
[WARN] [1784188521.547996038] [go2_lio_trace_recorder]: TOPIC_GAP: /livox/imu dt=0.262 limit=0.200
[WARN] [1784188521.548761156] [go2_lio_trace_recorder]: STAMP_GAP: /livox/imu stamp_dt=0.265 limit=0.200
[WARN] [1784188522.298859998] [go2_lio_trace_recorder]: TOPIC_GAP: /livox/imu dt=0.210 limit=0.200
[WARN] [1784188522.299709214] [go2_lio_trace_recorder]: STAMP_GAP: /livox/imu stamp_dt=0.213 limit=0.200
[WARN] [1784188522.512261044] [go2_lio_trace_recorder]: TOPIC_GAP: /livox/imu dt=0.213 limit=0.200
[WARN] [1784188522.513005008] [go2_lio_trace_recorder]: STAMP_GAP: /livox/imu stamp_dt=0.207 limit=0.200
[WARN] [1784188523.433725437] [go2_lio_trace_recorder]: TOPIC_GAP: /livox/imu dt=0.201 limit=0.200
[WARN] [1784188523.434530139] [go2_lio_trace_recorder]: STAMP_GAP: /livox/imu stamp_dt=0.205 limit=0.200
[WARN] [1784188523.980358642] [go2_lio_trace_recorder]: STAMP_GAP: /livox/imu stamp_dt=0.201 limit=0.200
[WARN] [1784188524.199441788] [go2_lio_trace_recorder]: TOPIC_GAP: /livox/imu dt=0.219 limit=0.200
[WARN] [1784188524.433031470] [go2_lio_trace_recorder]: TOPIC_GAP: /livox/imu dt=0.233 limit=0.200
[WARN] [1784188524.433880814] [go2_lio_trace_recorder]: STAMP_GAP: /livox/imu stamp_dt=0.245 limit=0.200
[WARN] [1784188526.035240315] [go2_lio_trace_recorder]: TOPIC_GAP: /livox/imu dt=0.206 limit=0.200
[WARN] [1784188526.036029177] [go2_lio_trace_recorder]: STAMP_GAP: /livox/imu stamp_dt=0.204 limit=0.200
[WARN] [1784188527.658349770] [go2_lio_trace_recorder]: TOPIC_GAP: /livox/imu dt=0.221 limit=0.200
[WARN] [1784188527.659159048] [go2_lio_trace_recorder]: STAMP_GAP: /livox/imu stamp_dt=0.213 limit=0.200
[WARN] [1784188528.086349135] [go2_lio_trace_recorder]: TOPIC_GAP: /livox/imu dt=0.239 limit=0.200
[WARN] [1784188528.087514491] [go2_lio_trace_recorder]: STAMP_GAP: /livox/imu stamp_dt=0.240 limit=0.200
[WARN] [1784188531.865415033] [go2_lio_trace_recorder]: TOPIC_GAP: /livox/imu dt=0.202 limit=0.200
[WARN] [1784188532.106244846] [go2_lio_trace_recorder]: TOPIC_GAP: /livox/imu dt=0.248 limit=0.200
[WARN] [1784188532.107030859] [go2_lio_trace_recorder]: STAMP_GAP: /livox/imu stamp_dt=0.250 limit=0.200
[WARN] [1784188532.332159019] [go2_lio_trace_recorder]: TOPIC_GAP: /livox/imu dt=0.226 limit=0.200
[WARN] [1784188532.333061517] [go2_lio_trace_recorder]: STAMP_GAP: /livox/imu stamp_dt=0.226 limit=0.200
[WARN] [1784188533.254492258] [go2_lio_trace_recorder]: TOPIC_GAP: /livox/imu dt=0.201 limit=0.200
[WARN] [1784188533.255274784] [go2_lio_trace_recorder]: STAMP_GAP: /livox/imu stamp_dt=0.209 limit=0.200
[WARN] [1784188535.354239619] [go2_lio_trace_recorder]: TOPIC_GAP: /livox/imu dt=0.219 limit=0.200
[WARN] [1784188535.355063522] [go2_lio_trace_recorder]: STAMP_GAP: /livox/imu stamp_dt=0.220 limit=0.200
[WARN] [1784188535.600300502] [go2_lio_trace_recorder]: TOPIC_GAP: /livox/imu dt=0.247 limit=0.200
[WARN] [1784188535.602005335] [go2_lio_trace_recorder]: STAMP_GAP: /livox/imu stamp_dt=0.244 limit=0.200
[WARN] [1784188536.491033476] [go2_lio_trace_recorder]: TOPIC_GAP: /livox/imu dt=0.205 limit=0.200
[WARN] [1784188536.491947303] [go2_lio_trace_recorder]: STAMP_GAP: /livox/imu stamp_dt=0.206 limit=0.200
[WARN] [1784188537.353214385] [go2_lio_trace_recorder]: TOPIC_GAP: /livox/imu dt=0.204 limit=0.200
[WARN] [1784188537.354057329] [go2_lio_trace_recorder]: STAMP_GAP: /livox/imu stamp_dt=0.200 limit=0.200
[WARN] [1784188538.956197952] [go2_lio_trace_recorder]: TOPIC_GAP: /livox/imu dt=0.236 limit=0.200
[WARN] [1784188538.959154512] [go2_lio_trace_recorder]: STAMP_GAP: /livox/imu stamp_dt=0.238 limit=0.200
[WARN] [1784188539.184819862] [go2_lio_trace_recorder]: TOPIC_GAP: /livox/imu dt=0.229 limit=0.200
[WARN] [1784188539.185631540] [go2_lio_trace_recorder]: STAMP_GAP: /livox/imu stamp_dt=0.226 limit=0.200
[WARN] [1784188543.288307839] [go2_lio_trace_recorder]: STAMP_GAP: /livox/imu stamp_dt=0.210 limit=0.200
[WARN] [1784188544.517522904] [go2_lio_trace_recorder]: TOPIC_GAP: /livox/imu dt=0.217 limit=0.200
[WARN] [1784188544.518407098] [go2_lio_trace_recorder]: STAMP_GAP: /livox/imu stamp_dt=0.214 limit=0.200
[WARN] [1784188544.929371321] [go2_lio_trace_recorder]: TOPIC_GAP: /livox/imu dt=0.219 limit=0.200
[WARN] [1784188544.931905913] [go2_lio_trace_recorder]: STAMP_GAP: /livox/imu stamp_dt=0.220 limit=0.200
[WARN] [1784188545.795688609] [go2_lio_trace_recorder]: TOPIC_GAP: /livox/imu dt=0.292 limit=0.200
[WARN] [1784188545.796525409] [go2_lio_trace_recorder]: STAMP_GAP: /livox/imu stamp_dt=0.299 limit=0.200
[WARN] [1784188546.303458601] [go2_lio_trace_recorder]: TOPIC_GAP: /livox/lidar dt=0.516 limit=0.500
[WARN] [1784188546.319349090] [go2_lio_trace_recorder]: TOPIC_GAP: /Odometry dt=0.524 limit=0.500
[WARN] [1784188546.329817294] [go2_lio_trace_recorder]: TOPIC_GAP: /livox/imu dt=0.530 limit=0.200
[WARN] [1784188546.330893687] [go2_lio_trace_recorder]: STAMP_GAP: /livox/imu stamp_dt=0.526 limit=0.200
[WARN] [1784188546.840156725] [go2_lio_trace_recorder]: TOPIC_GAP: /livox/lidar dt=0.539 limit=0.500
[WARN] [1784188546.850135886] [go2_lio_trace_recorder]: TOPIC_GAP: /Odometry dt=0.531 limit=0.500
[WARN] [1784188546.855301266] [go2_lio_trace_recorder]: TOPIC_GAP: /livox/imu dt=0.529 limit=0.200
[WARN] [1784188546.856911247] [go2_lio_trace_recorder]: STAMP_GAP: /livox/imu stamp_dt=0.526 limit=0.200
[WARN] [1784188547.270074968] [go2_lio_trace_recorder]: TOPIC_GAP: /livox/imu dt=0.413 limit=0.200
[WARN] [1784188547.273107850] [go2_lio_trace_recorder]: STAMP_GAP: /livox/imu stamp_dt=0.414 limit=0.200
[WARN] [1784188547.681366841] [go2_lio_trace_recorder]: TOPIC_GAP: /livox/imu dt=0.413 limit=0.200
[WARN] [1784188547.682972597] [go2_lio_trace_recorder]: STAMP_GAP: /livox/imu stamp_dt=0.410 limit=0.200
[WARN] [1784188548.000043499] [go2_lio_trace_recorder]: TOPIC_GAP: /livox/imu dt=0.319 limit=0.200
[WARN] [1784188548.001981621] [go2_lio_trace_recorder]: STAMP_GAP: /livox/imu stamp_dt=0.320 limit=0.200
[WARN] [1784188548.398420449] [go2_lio_trace_recorder]: TOPIC_GAP: /livox/imu dt=0.398 limit=0.200
[WARN] [1784188548.400195716] [go2_lio_trace_recorder]: STAMP_GAP: /livox/imu stamp_dt=0.401 limit=0.200
[WARN] [1784188548.736897565] [go2_lio_trace_recorder]: TOPIC_GAP: /livox/imu dt=0.340 limit=0.200
[WARN] [1784188548.749885896] [go2_lio_trace_recorder]: STAMP_GAP: /livox/imu stamp_dt=0.339 limit=0.200
[WARN] [1784188549.005181340] [go2_lio_trace_recorder]: TOPIC_GAP: /livox/imu dt=0.268 limit=0.200
[WARN] [1784188549.007849473] [go2_lio_trace_recorder]: STAMP_GAP: /livox/imu stamp_dt=0.271 limit=0.200
[WARN] [1784188549.330461763] [go2_lio_trace_recorder]: TOPIC_GAP: /livox/imu dt=0.325 limit=0.200
[WARN] [1784188549.331317827] [go2_lio_trace_recorder]: STAMP_GAP: /livox/imu stamp_dt=0.325 limit=0.200
[WARN] [1784188549.684984987] [go2_lio_trace_recorder]: TOPIC_GAP: /livox/imu dt=0.355 limit=0.200
[WARN] [1784188549.686092613] [go2_lio_trace_recorder]: STAMP_GAP: /livox/imu stamp_dt=0.355 limit=0.200
[WARN] [1784188550.137336899] [go2_lio_trace_recorder]: TOPIC_GAP: /livox/imu dt=0.451 limit=0.200
[WARN] [1784188550.138179587] [go2_lio_trace_recorder]: STAMP_GAP: /livox/imu stamp_dt=0.450 limit=0.200
[WARN] [1784188550.410888709] [go2_lio_trace_recorder]: TOPIC_GAP: /livox/imu dt=0.275 limit=0.200
[WARN] [1784188550.411625856] [go2_lio_trace_recorder]: STAMP_GAP: /livox/imu stamp_dt=0.276 limit=0.200
[WARN] [1784188550.695254110] [go2_lio_trace_recorder]: TOPIC_GAP: /livox/imu dt=0.284 limit=0.200
[WARN] [1784188550.698607677] [go2_lio_trace_recorder]: STAMP_GAP: /livox/imu stamp_dt=0.280 limit=0.200
[WARN] [1784188551.029781984] [go2_lio_trace_recorder]: TOPIC_GAP: /livox/imu dt=0.335 limit=0.200
[WARN] [1784188551.030596414] [go2_lio_trace_recorder]: STAMP_GAP: /livox/imu stamp_dt=0.334 limit=0.200
[WARN] [1784188551.415221761] [g