[INFO] [1784296182.968680297] [unitree_safe_cmd_node]: unitree_safe_cmd_node ACTIVE: obstacle -> Move(0,0,0), resume after 5 clear frames
[INFO] [1784296182.969527667] [unitree_safe_cmd_node]: output mode: Twist -> /cmd_vel
[WARN] [1784296182.977447137] [unitree_safe_cmd_node]: SAFE OVERRIDE cmd_timeout: Move x=0.000, z=0.000, raw_x=0.000, raw_z=0.000, stop_count=0, roi_count=0, nearest_x=inf, clear_frames=0
[WARN] [1784296183.496911375] [unitree_safe_cmd_node]: SAFE OVERRIDE cmd_timeout: Move x=0.000, z=0.000, raw_x=0.000, raw_z=0.000, stop_count=0, roi_count=0, nearest_x=inf, clear_frames=2
[WARN] [1784296183.998948048] [unitree_safe_cmd_node]: SAFE OVERRIDE cmd_timeout: Move x=0.000, z=0.000, raw_x=0.000, raw_z=0.000, stop_count=0, roi_count=0, nearest_x=inf, clear_frames=3
[WARN] [1784296184.547036528] [unitree_safe_cmd_node]: SAFE OVERRIDE cmd_timeout: Move x=0.000, z=0.000, raw_x=0.000, raw_z=0.000, stop_count=0, roi_count=0, nearest_x=inf, clear_frames=4
[WARN] [1784296185.047146163] [unitree_safe_cmd_node]: SAFE OVERRIDE cmd_timeout: Move x=0.000, z=0.000, raw_x=0.000, raw_z=0.000, stop_count=0, roi_count=0, nearest_x=inf, clear_frames=5
[WARN] [1784296185.547147650] [unitree_safe_cmd_node]: SAFE OVERRIDE cmd_timeout: Move x=0.000, z=0.000, raw_x=0.000, raw_z=0.000, stop_count=0, roi_count=0, nearest_x=inf, clear_frames=6
[WARN] [1784296186.096899381] [unitree_safe_cmd_node]: SAFE OVERRIDE cmd_timeout: Move x=0.000, z=0.000, raw_x=0.000, raw_z=0.000, stop_count=0, roi_count=0, nearest_x=inf, clear_frames=7
[WARN] [1784296186.647118661] [unitree_safe_cmd_node]: SAFE OVERRIDE cmd_timeout: Move x=0.000, z=0.000, raw_x=0.000, raw_z=0.000, stop_count=0, roi_count=0, nearest_x=inf, clear_frames=8
[WARN] [1784296187.147110926] [unitree_safe_cmd_node]: SAFE OVERRIDE cmd_timeout: Move x=0.000, z=0.000, raw_x=0.000, raw_z=0.000, stop_count=0, roi_count=0, nearest_x=inf, clear_frames=9
[WARN] [1784296187.697128372] [unitree_safe_cmd_node]: SAFE OVERRIDE cmd_timeout: Move x=0.000, z=0.000, raw_x=0.000, raw_z=0.000, stop_count=0, roi_count=0, nearest_x=inf, clear_frames=9
[WARN] [1784296188.246999430] [unitree_safe_cmd_node]: SAFE OVERRIDE cmd_timeout: Move x=0.000, z=0.000, raw_x=0.000, raw_z=0.000, stop_count=0, roi_count=0, nearest_x=inf, clear_frames=10
[WARN] [1784296188.748290151] [unitree_safe_cmd_node]: SAFE OVERRIDE cmd_timeout: Move x=0.000, z=0.000, raw_x=0.000, raw_z=0.000, stop_count=0, roi_count=0, nearest_x=inf, clear_frames=11
[WARN] [1784296189.296960026] [unitree_safe_cmd_node]: SAFE OVERRIDE cmd_timeout: Move x=0.000, z=0.000, raw_x=0.000, raw_z=0.000, stop_count=0, roi_count=0, nearest_x=inf, clear_frames=11
[WARN] [1784296189.796875188] [unitree_safe_cmd_node]: SAFE OVERRIDE cmd_timeout: Move x=0.000, z=0.000, raw_x=0.000, raw_z=0.000, stop_count=0, roi_count=0, nearest_x=inf, clear_frames=12
[WARN] [1784296190.346924459] [unitree_safe_cmd_node]: SAFE OVERRIDE cmd_timeout: Move x=0.000, z=0.000, raw_x=0.000, raw_z=0.000, stop_count=0, roi_count=0, nearest_x=inf, clear_frames=12
[WARN] [1784296190.847718568] [unitree_safe_cmd_node]: SAFE OVERRIDE cmd_timeout: Move x=0.000, z=0.000, raw_x=0.000, raw_z=0.000, stop_count=0, roi_count=0, nearest_x=inf, clear_frames=13
[INFO] [1784296191.396385793] [unitree_safe_cmd_node]: Move x=0.027, z=0.069, stop_count=0, roi_count=0, nearest_x=inf, clear_frames=14
[INFO] [1784296191.896565988] [unitree_safe_cmd_node]: Move x=0.060, z=0.250, stop_count=0, roi_count=0, nearest_x=inf, clear_frames=15
[INFO] [1784296192.396623506] [unitree_safe_cmd_node]: Move x=0.060, z=0.250, stop_count=0, roi_count=0, nearest_x=inf, clear_frames=17
[INFO] [1784296192.947047410] [unitree_safe_cmd_node]: Move x=0.060, z=0.250, stop_count=0, roi_count=0, nearest_x=inf, clear_frames=20
[INFO] [1784296193.446465113] [unitree_safe_cmd_node]: Move x=0.060, z=0.250, stop_count=0, roi_count=0, nearest_x=inf, clear_frames=22
[INFO] [1784296193.946718119] [unitree_safe_cmd_node]: Move x=0.060, z=0.250, stop_count=0, roi_count=0, nearest_x=inf, clear_frames=24
[INFO] [1784296194.496415315] [unitree_safe_cmd_node]: Move x=0.060, z=0.250, stop_count=0, roi_count=0, nearest_x=inf, clear_frames=26
[INFO] [1784296194.996446042] [unitree_safe_cmd_node]: Move x=0.060, z=0.250, stop_count=0, roi_count=0, nearest_x=inf, clear_frames=28
[INFO] [1784296195.496718860] [unitree_safe_cmd_node]: Move x=0.060, z=0.250, stop_count=0, roi_count=0, nearest_x=inf, clear_frames=30
[INFO] [1784296196.046546569] [unitree_safe_cmd_node]: Move x=0.060, z=0.250, stop_count=0, roi_count=0, nearest_x=inf, clear_frames=36
[INFO] [1784296196.546799634] [unitree_safe_cmd_node]: Move x=0.100, z=0.250, stop_count=0, roi_count=0, nearest_x=inf, clear_frames=41
[INFO] [1784296197.096473391] [unitree_safe_cmd_node]: Move x=0.100, z=0.250, stop_count=0, roi_count=0, nearest_x=inf, clear_frames=47
[INFO] [1784296197.646683137] [unitree_safe_cmd_node]: Move x=0.100, z=0.250, stop_count=0, roi_count=0, nearest_x=inf, clear_frames=52
[INFO] [1784296198.196689032] [unitree_safe_cmd_node]: Move x=0.100, z=0.250, stop_count=0, roi_count=0, nearest_x=inf, clear_frames=58
[INFO] [1784296198.703556628] [unitree_safe_cmd_node]: Move x=0.100, z=0.250, stop_count=0, roi_count=0, nearest_x=inf, clear_frames=64
[INFO] [1784296199.247988611] [unitree_safe_cmd_node]: Move x=0.200, z=0.190, stop_count=0, roi_count=1, nearest_x=0.90, clear_frames=69
[INFO] [1784296199.796545538] [unitree_safe_cmd_node]: Move x=0.200, z=0.149, stop_count=0, roi_count=2, nearest_x=0.88, clear_frames=75
[INFO] [1784296200.302438607] [unitree_safe_cmd_node]: Move x=0.200, z=0.138, stop_count=0, roi_count=3, nearest_x=0.87, clear_frames=81
[INFO] [1784296200.846797056] [unitree_safe_cmd_node]: Move x=0.200, z=0.044, stop_count=0, roi_count=27, nearest_x=0.77, clear_frames=86
[INFO] [1784296201.347122649] [unitree_safe_cmd_node]: Move x=0.200, z=-0.020, stop_count=0, roi_count=52, nearest_x=0.71, clear_frames=91
[INFO] [1784296201.896537007] [unitree_safe_cmd_node]: Move x=0.200, z=-0.077, stop_count=0, roi_count=86, nearest_x=0.65, clear_frames=97
[INFO] [1784296202.399647961] [unitree_safe_cmd_node]: Move x=0.200, z=-0.135, stop_count=0, roi_count=134, nearest_x=0.56, clear_frames=103
[INFO] [1784296202.946839865] [unitree_safe_cmd_node]: Move x=0.200, z=-0.174, stop_count=0, roi_count=186, nearest_x=0.53, clear_frames=108
[INFO] [1784296203.496486838] [unitree_safe_cmd_node]: Move x=0.200, z=-0.195, stop_count=0, roi_count=177, nearest_x=0.46, clear_frames=114
[INFO] [1784296203.999241314] [unitree_safe_cmd_node]: Move x=0.200, z=-0.197, stop_count=0, roi_count=187, nearest_x=0.42, clear_frames=119
[INFO] [1784296204.546487071] [unitree_safe_cmd_node]: Move x=0.200, z=-0.210, stop_count=5, roi_count=126, nearest_x=0.36, clear_frames=125
[WARN] [1784296204.579970242] [unitree_safe_cmd_node]: OBSTACLE DETECTED: stop_count=15, roi_count=115, nearest_x=0.35
[WARN] [1784296205.052957805] [unitree_safe_cmd_node]: SAFE OVERRIDE obstacle: Move x=0.000, z=0.000, raw_x=0.200, raw_z=-0.198, stop_count=35, roi_count=94, nearest_x=0.36, clear_frames=0
[WARN] [1784296205.596688870] [unitree_safe_cmd_node]: SAFE OVERRIDE obstacle: Move x=0.000, z=0.000, raw_x=0.200, raw_z=-0.186, stop_count=5, roi_count=5, nearest_x=0.36, clear_frames=1
[INFO] [1784296205.909775313] [unitree_safe_cmd_node]: obstacle cleared after 5 clear frames, resume move
[INFO] [1784296206.097421812] [unitree_safe_cmd_node]: Move x=0.200, z=-0.196, stop_count=0, roi_count=0, nearest_x=inf, clear_frames=7
[INFO] [1784296206.647112424] [unitree_safe_cmd_node]: Move x=0.200, z=-0.192, stop_count=1, roi_count=1, nearest_x=0.36, clear_frames=12
[INFO] [1784296207.152649097] [unitree_safe_cmd_node]: Move x=0.200, z=-0.194, stop_count=2, roi_count=2, nearest_x=0.35, clear_frames=17
[INFO] [1784296207.696859827] [unitree_safe_cmd_node]: Move x=0.200, z=-0.190, stop_count=0, roi_count=0, nearest_x=inf, clear_frames=22
[INFO] [1784296208.246453864] [unitree_safe_cmd_node]: Move x=0.200, z=-0.174, stop_count=0, roi_count=0, nearest_x=inf, clear_frames=28
[INFO] [1784296208.746638712] [unitree_safe_cmd_node]: Move x=0.200, z=-0.150, stop_count=0, roi_count=0, nearest_x=inf, clear_frames=34
[INFO] [1784296209.297040530] [unitree_safe_cmd_node]: Move x=0.200, z=-0.150, stop_count=0, roi_count=0, nearest_x=inf, clear_frames=39
[INFO] [1784296209.846560481] [unitree_safe_cmd_node]: Move x=0.200, z=-0.150, stop_count=0, roi_count=0, nearest_x=inf, clear_frames=45
[INFO] [1784296210.354446608] [unitree_safe_cmd_node]: Move x=0.200, z=-0.083, stop_count=0, roi_count=0, nearest_x=inf, clear_frames=51
[INFO] [1784296210.896560968] [unitree_safe_cmd_node]: Move x=0.200, z=0.038, stop_count=2, roi_count=53, nearest_x=0.35, clear_frames=56
[INFO] [1784296211.402216054] [unitree_safe_cmd_node]: Move x=0.100, z=0.190, stop_count=8, roi_count=85, nearest_x=0.36, clear_frames=62
[INFO] [1784296211.947032862] [unitree_safe_cmd_node]: Move x=0.100, z=0.178, stop_count=8, roi_count=90, nearest_x=0.36, clear_frames=67
[INFO] [1784296212.496851106] [unitree_safe_cmd_node]: Move x=0.100, z=0.161, stop_count=4, roi_count=86, nearest_x=0.36, clear_frames=73
[INFO] [1784296213.046911082] [unitree_safe_cmd_node]: Move x=0.100, z=0.250, stop_count=8, roi_count=84, nearest_x=0.36, clear_frames=78
[INFO] [1784296213.596728989] [unitree_safe_cmd_node]: Move x=0.060, z=0.250, stop_count=0, roi_count=0, nearest_x=inf, clear_frames=84
[INFO] [1784296214.146806789] [unitree_safe_cmd_node]: Move x=0.060, z=0.250, stop_count=0, roi_count=0, nearest_x=inf, clear_frames=90
[INFO] [1784296214.696994189] [unitree_safe_cmd_node]: Move x=0.060, z=0.250, stop_count=0, roi_count=0, nearest_x=inf, clear_frames=95
[INFO] [1784296215.246751288] [unitree_safe_cmd_node]: Move x=0.060, z=0.250, stop_count=0, roi_count=0, nearest_x=inf, clear_frames=101
[INFO] [1784296215.748289731] [unitree_safe_cmd_node]: Move x=0.060, z=0.250, stop_count=0, roi_count=0, nearest_x=inf, clear_frames=106
[INFO] [1784296216.296754857] [unitree_safe_cmd_node]: Move x=0.095, z=0.250, stop_count=0, roi_count=61, nearest_x=0.42, clear_frames=112
[INFO] [1784296216.846483428] [unitree_safe_cmd_node]: Move x=0.100, z=0.236, stop_count=8, roi_count=87, nearest_x=0.35, clear_frames=118
[INFO] [1784296217.346884997] [unitree_safe_cmd_node]: Move x=0.100, z=0.186, stop_count=7, roi_count=68, nearest_x=0.36, clear_frames=123
[INFO] [1784296217.896645366] [unitree_safe_cmd_node]: Move x=0.100, z=0.137, stop_count=7, roi_count=86, nearest_x=0.35, clear_frames=129
[INFO] [1784296218.397449960] [unitree_safe_cmd_node]: Move x=0.135, z=0.108, stop_count=6, roi_count=76, nearest_x=0.37, clear_frames=134
[INFO] [1784296218.947017647] [unitree_safe_cmd_node]: Move x=0.200, z=0.069, stop_count=3, roi_count=44, nearest_x=0.35, clear_frames=140
[INFO] [1784296219.447508665] [unitree_safe_cmd_node]: Move x=0.200, z=0.047, stop_count=9, roi_count=24, nearest_x=0.36, clear_frames=145
[INFO] [1784296219.997245235] [unitree_safe_cmd_node]: Move x=0.200, z=0.049, stop_count=6, roi_count=17, nearest_x=0.36, clear_frames=148
[INFO] [1784296220.546599008] [unitree_safe_cmd_node]: Move x=0.200, z=0.042, stop_count=4, roi_count=9, nearest_x=0.36, clear_frames=152
[INFO] [1784296221.047344238] [unitree_safe_cmd_node]: Move x=0.200, z=0.044, stop_count=0, roi_count=0, nearest_x=inf, clear_frames=156
[INFO] [1784296221.548035212] [unitree_safe_cmd_node]: Move x=0.200, z=0.044, stop_count=0, roi_count=0, nearest_x=inf, clear_frames=160
[INFO] [1784296222.096768441] [unitree_safe_cmd_node]: Move x=0.200, z=0.044, stop_count=0, roi_count=0, nearest_x=inf, clear_frames=166
[INFO] [1784296222.597199224] [unitree_safe_cmd_node]: Move x=0.200, z=0.045, stop_count=0, roi_count=0, nearest_x=inf, clear_frames=171
[INFO] [1784296223.148489680] [unitree_safe_cmd_node]: Move x=0.200, z=0.095, stop_count=2, roi_count=6, nearest_x=0.37, clear_frames=176
[INFO] [1784296223.697615927] [unitree_safe_cmd_node]: Move x=0.100, z=0.214, stop_count=6, roi_count=39, nearest_x=0.35, clear_frames=181
[INFO] [1784296224.198850358] [unitree_safe_cmd_node]: Move x=0.060, z=0.250, stop_count=0, roi_count=0, nearest_x=inf, clear_frames=185
[INFO] [1784296224.746726456] [unitree_safe_cmd_node]: Move x=0.060, z=0.250, stop_count=0, roi_count=0, nearest_x=inf, clear_frames=190
[INFO] [1784296225.296723797] [unitree_safe_cmd_node]: Move x=0.060, z=0.250, stop_count=0, roi_count=0, nearest_x=inf, clear_frames=194
[INFO] [1784296225.798177187] [unitree_safe_cmd_node]: Move x=0.060, z=0.250, stop_count=0, roi_count=0, nearest_x=inf, clear_frames=198
[INFO] [1784296226.304231224] [unitree_safe_cmd_node]: Move x=0.060, z=0.250, stop_count=0, roi_count=0, nearest_x=inf, clear_frames=202
[INFO] [1784296226.855376667] [unitree_safe_cmd_node]: Move x=0.060, z=0.250, stop_count=0, roi_count=0, nearest_x=inf, clear_frames=207
[INFO] [1784296227.362476027] [unitree_safe_cmd_node]: Move x=0.060, z=0.250, stop_count=0, roi_count=0, nearest_x=inf, clear_frames=211
[INFO] [1784296227.896722837] [unitree_safe_cmd_node]: Move x=0.060, z=0.250, stop_count=0, roi_count=0, nearest_x=inf, clear_frames=215
[INFO] [1784296228.446789683] [unitree_safe_cmd_node]: Move x=0.060, z=0.250, stop_count=0, roi_count=2, nearest_x=0.84, clear_frames=221
[INFO] [1784296228.996553595] [unitree_safe_cmd_node]: Move x=0.060, z=0.250, stop_count=0, roi_count=15, nearest_x=0.82, clear_frames=227
[INFO] [1784296229.502634480] [unitree_safe_cmd_node]: Move x=0.060, z=0.250, stop_count=0, roi_count=18, nearest_x=0.79, clear_frames=233
[INFO] [1784296230.047328377] [unitree_safe_cmd_node]: Move x=0.060, z=0.250, stop_count=0, roi_count=11, nearest_x=0.82, clear_frames=238
[INFO] [1784296230.552341588] [unitree_safe_cmd_node]: Move x=0.060, z=0.250, stop_count=0, roi_count=2, nearest_x=0.83, clear_frames=244
[INFO] [1784296231.098558063] [unitree_safe_cmd_node]: Move x=0.060, z=0.250, stop_count=0, roi_count=7, nearest_x=0.57, clear_frames=249
[INFO] [1784296231.646715107] [unitree_safe_cmd_node]: Move x=0.100, z=0.250, stop_count=10, roi_count=48, nearest_x=0.35, clear_frames=255
[INFO] [1784296232.147130474] [unitree_safe_cmd_node]: Move x=0.100, z=0.195, stop_count=8, roi_count=42, nearest_x=0.35, clear_frames=260
[INFO] [1784296232.696814782] [unitree_safe_cmd_node]: Move x=0.100, z=0.189, stop_count=6, roi_count=33, nearest_x=0.36, clear_frames=266
[INFO] [1784296233.200010942] [unitree_safe_cmd_node]: Move x=0.060, z=0.250, stop_count=0, roi_count=61, nearest_x=0.69, clear_frames=271
[INFO] [1784296233.747027978] [unitree_safe_cmd_node]: Move x=0.060, z=0.250, stop_count=0, roi_count=0, nearest_x=inf, clear_frames=277
[INFO] [1784296234.251411405] [unitree_safe_cmd_node]: Move x=0.060, z=0.070, stop_count=0, roi_count=0, nearest_x=inf, clear_frames=283
[INFO] [1784296234.797279846] [unitree_safe_cmd_node]: Move x=0.060, z=-0.250, stop_count=0, roi_count=0, nearest_x=inf, clear_frames=288
[INFO] [1784296235.346486697] [unitree_safe_cmd_node]: Move x=0.060, z=-0.250, stop_count=0, roi_count=0, nearest_x=inf, clear_frames=294
[INFO] [1784296235.846950869] [unitree_safe_cmd_node]: Move x=0.060, z=-0.250, stop_count=0, roi_count=0, nearest_x=inf, clear_frames=299
[INFO] [1784296236.347608924] [unitree_safe_cmd_node]: Move x=0.060, z=-0.250, stop_count=0, roi_count=0, nearest_x=inf, clear_frames=305
[INFO] [1784296236.847346816] [unitree_safe_cmd_node]: Move x=0.060, z=-0.250, stop_count=0, roi_count=0, nearest_x=inf, clear_frames=310
[INFO] [1784296237.396744256] [unitree_safe_cmd_node]: Move x=0.060, z=-0.250, stop_count=0, roi_count=0, nearest_x=inf, clear_frames=316
[INFO] [1784296237.896675703] [unitree_safe_cmd_node]: Move x=0.060, z=-0.250, stop_count=0, roi_count=0, nearest_x=inf, clear_frames=321
[INFO] [1784296238.396740953] [unitree_safe_cmd_node]: Move x=0.060, z=-0.250, stop_count=0, roi_count=0, nearest_x=inf, clear_frames=326
[INFO] [1784296238.899030170] [unitree_safe_cmd_node]: Move x=0.060, z=-0.250, stop_count=0, roi_count=0, nearest_x=inf, clear_frames=332
[INFO] [1784296239.447468216] [unitree_safe_cmd_node]: Move x=0.060, z=-0.250, stop_count=0, roi_count=0, nearest_x=inf, clear_frames=337
[INFO] [1784296239.996788154] [unitree_safe_cmd_node]: Move x=0.060, z=-0.250, stop_count=0, roi_count=0, nearest_x=inf, clear_frames=343
[INFO] [1784296240.498843069] [unitree_safe_cmd_node]: Move x=0.060, z=-0.250, stop_count=0, roi_count=0, nearest_x=inf, clear_frames=348
[INFO] [1784296241.047131892] [unitree_safe_cmd_node]: Move x=0.060, z=-0.250, stop_count=0, roi_count=0, nearest_x=inf, clear_frames=354
[INFO] [1784296241.597260985] [unitree_safe_cmd_node]: Move x=0.060, z=-0.250, stop_count=0, roi_count=0, nearest_x=inf, clear_frames=360
[INFO] [1784296242.147758894] [unitree_safe_cmd_node]: Move x=0.060, z=-0.250, stop_count=0, roi_count=0, nearest_x=inf, clear_frames=365
[INFO] [1784296242.696484824] [unitree_safe_cmd_node]: Move x=0.060, z=-0.250, stop_count=0, roi_count=0, nearest_x=inf, clear_frames=371
[INFO] [1784296243.200889632] [unitree_safe_cmd_node]: Move x=0.095, z=-0.250, stop_count=0, roi_count=0, nearest_x=inf, clear_frames=376
[INFO] [1784296243.746481138] [unitree_safe_cmd_node]: Move x=0.100, z=-0.250, stop_count=0, roi_count=0, nearest_x=inf, clear_frames=382
[INFO] [1784296244.252197273] [unitree_safe_cmd_node]: Move x=0.100, z=-0.250, stop_count=0, roi_count=0, nearest_x=inf, clear_frames=387
[INFO] [1784296244.796499852] [unitree_safe_cmd_node]: Move x=0.100, z=-0.250, stop_count=0, roi_count=0, nearest_x=inf, clear_frames=393
[INFO] [1784296245.300668952] [unitree_safe_cmd_node]: Move x=0.100, z=-0.250, stop_count=0, roi_count=0, nearest_x=inf, clear_frames=399
[INFO] [1784296245.850099200] [unitree_safe_cmd_node]: Move x=0.100, z=-0.250, stop_count=0, roi_count=0, nearest_x=inf, clear_frames=404
[INFO] [1784296246.396794901] [unitree_safe_cmd_node]: Move x=0.100, z=-0.250, stop_count=0, roi_count=25, nearest_x=0.67, clear_frames=410
[INFO] [1784296246.897283549] [unitree_safe_cmd_node]: Move x=0.100, z=-0.250, stop_count=0, roi_count=66, nearest_x=0.52, clear_frames=415
[INFO] [1784296247.446534397] [unitree_safe_cmd_node]: Move x=0.100, z=-0.250, stop_count=0, roi_count=122, nearest_x=0.41, clear_frames=421
[INFO] [1784296247.946674131] [unitree_safe_cmd_node]: Move x=0.100, z=-0.250, stop_count=7, roi_count=103, nearest_x=0.36, clear_frames=426
[INFO] [1784296248.451599933] [unitree_safe_cmd_node]: Move x=0.200, z=-0.250, stop_count=10, roi_count=108, nearest_x=0.35, clear_frames=432
[INFO] [1784296248.996915906] [unitree_safe_cmd_node]: Move x=0.200, z=-0.250, stop_count=11, roi_count=88, nearest_x=0.36, clear_frames=437
[INFO] [1784296249.546447934] [unitree_safe_cmd_node]: Move x=0.165, z=-0.250, stop_count=9, roi_count=117, nearest_x=0.36, clear_frames=443
[INFO] [1784296250.047386297] [unitree_safe_cmd_node]: Move x=0.100, z=-0.250, stop_count=13, roi_count=129, nearest_x=0.35, clear_frames=448
[WARN] [1784296250.434161451] [unitree_safe_cmd_node]: OBSTACLE DETECTED: stop_count=15, roi_count=141, nearest_x=0.37
[WARN] [1784296250.596944371] [unitree_safe_cmd_node]: SAFE OVERRIDE obstacle: Move x=0.000, z=0.000, raw_x=0.100, raw_z=-0.250, stop_count=11, roi_count=131, nearest_x=0.36, clear_frames=1
[INFO] [1784296250.907981730] [unitree_safe_cmd_node]: obstacle cleared after 5 clear frames, resume move
[INFO] [1784296251.102830477] [unitree_safe_cmd_node]: Move x=0.100, z=-0.250, stop_count=9, roi_count=125, nearest_x=0.36, clear_frames=7
[INFO] [1784296251.670823785] [unitree_safe_cmd_node]: Move x=0.100, z=-0.250, stop_count=9, roi_count=131, nearest_x=0.35, clear_frames=11
[INFO] [1784296252.196755126] [unitree_safe_cmd_node]: Move x=0.100, z=-0.250, stop_count=9, roi_count=139, nearest_x=0.36, clear_frames=15
[INFO] [1784296252.746750214] [unitree_safe_cmd_node]: Move x=0.100, z=-0.250, stop_count=5, roi_count=122, nearest_x=0.36, clear_frames=19
[INFO] [1784296253.301908638] [unitree_safe_cmd_node]: Move x=0.100, z=-0.250, stop_count=7, roi_count=123, nearest_x=0.37, clear_frames=23
[INFO] [1784296253.807201559] [unitree_safe_cmd_node]: Move x=0.100, z=-0.250, stop_count=6, roi_count=128, nearest_x=0.36, clear_frames=27
[INFO] [1784296254.351409551] [unitree_safe_cmd_node]: Move x=0.100, z=-0.250, stop_count=6, roi_count=129, nearest_x=0.38, clear_frames=32
[INFO] [1784296254.902895764] [unitree_safe_cmd_node]: Move x=0.100, z=-0.250, stop_count=3, roi_count=122, nearest_x=0.37, clear_frames=36
[INFO] [1784296255.403886711] [unitree_safe_cmd_node]: Move x=0.100, z=-0.250, stop_count=5, roi_count=111, nearest_x=0.36, clear_frames=40
[INFO] [1784296255.902894393] [unitree_safe_cmd_node]: Move x=0.100, z=-0.250, stop_count=6, roi_count=114, nearest_x=0.36, clear_frames=45
[INFO] [1784296256.446637276] [unitree_safe_cmd_node]: Move x=0.100, z=-0.250, stop_count=4, roi_count=130, nearest_x=0.36, clear_frames=50
[INFO] [1784296256.947444937] [unitree_safe_cmd_node]: Move x=0.100, z=-0.250, stop_count=2, roi_count=117, nearest_x=0.36, clear_frames=54
[INFO] [1784296257.497546623] [unitree_safe_cmd_node]: Move x=0.100, z=-0.250, stop_count=5, roi_count=130, nearest_x=0.38, clear_frames=57
[INFO] [1784296258.002487739] [unitree_safe_cmd_node]: Move x=0.100, z=-0.250, stop_count=5, roi_count=128, nearest_x=0.38, clear_frames=62
[INFO] [1784296258.547431372] [unitree_safe_cmd_node]: Move x=0.100, z=-0.250, stop_count=7, roi_count=136, nearest_x=0.38, clear_frames=66
[INFO] [1784296259.047529744] [unitree_safe_cmd_node]: Move x=0.100, z=-0.250, stop_count=10, roi_count=153, nearest_x=0.35, clear_frames=69
[INFO] [1784296259.596470337] [unitree_safe_cmd_node]: Move x=0.100, z=-0.250, stop_count=3, roi_count=113, nearest_x=0.36, clear_frames=73
[INFO] [1784296260.146550372] [unitree_safe_cmd_node]: Move x=0.100, z=-0.250, stop_count=7, roi_count=121, nearest_x=0.35, clear_frames=79
[INFO] [1784296260.646434372] [unitree_safe_cmd_node]: Move x=0.100, z=-0.250, stop_count=3, roi_count=137, nearest_x=0.36, clear_frames=84
[INFO] [1784296261.150038111] [unitree_safe_cmd_node]: Move x=0.100, z=-0.250, stop_count=5, roi_count=115, nearest_x=0.36, clear_frames=89
[INFO] [1784296261.651719176] [unitree_safe_cmd_node]: Move x=0.100, z=-0.250, stop_count=8, roi_count=126, nearest_x=0.35, clear_frames=95
[INFO] [1784296262.198146742] [unitree_safe_cmd_node]: Move x=0.100, z=-0.250, stop_count=5, roi_count=119, nearest_x=0.36, clear_frames=100
[INFO] [1784296262.748214055] [unitree_safe_cmd_node]: Move x=0.100, z=-0.250, stop_count=4, roi_count=125, nearest_x=0.38, clear_frames=106
[INFO] [1784296263.251128041] [unitree_safe_cmd_node]: Move x=0.100, z=-0.250, stop_count=4, roi_count=128, nearest_x=0.36, clear_frames=111
[INFO] [1784296263.747369057] [unitree_safe_cmd_node]: Move x=0.100, z=-0.250, stop_count=4, roi_count=113, nearest_x=0.38, clear_frames=117
[INFO] [1784296264.296888991] [unitree_safe_cmd_node]: Move x=0.100, z=-0.250, stop_count=4, roi_count=123, nearest_x=0.35, clear_frames=122
[INFO] [1784296264.802883846] [unitree_safe_cmd_node]: Move x=0.100, z=-0.250, stop_count=2, roi_count=115, nearest_x=0.39, clear_frames=128
[INFO] [1784296265.347046477] [unitree_safe_cmd_node]: Move x=0.100, z=-0.250, stop_count=6, roi_count=113, nearest_x=0.35, clear_frames=133
[INFO] [1784296265.899663328] [unitree_safe_cmd_node]: Move x=0.100, z=-0.250, stop_count=2, roi_count=59, nearest_x=0.38, clear_frames=140
[INFO] [1784296266.402301943] [unitree_safe_cmd_node]: Move x=0.100, z=-0.250, stop_count=5, roi_count=126, nearest_x=0.35, clear_frames=145
[INFO] [1784296266.949825729] [unitree_safe_cmd_node]: Move x=0.100, z=-0.250, stop_count=7, roi_count=135, nearest_x=0.36, clear_frames=150
[INFO] [1784296267.451543300] [unitree_safe_cmd_node]: Move x=0.100, z=-0.250, stop_count=4, roi_count=126, nearest_x=0.36, clear_frames=156
[INFO] [1784296268.000319171] [unitree_safe_cmd_node]: Move x=0.100, z=-0.250, stop_count=6, roi_count=122, nearest_x=0.37, clear_frames=161
[INFO] [1784296268.549179664] [unitree_safe_cmd_node]: Move x=0.100, z=-0.250, stop_count=7, roi_count=122, nearest_x=0.35, clear_frames=167
[INFO] [1784296269.047298460] [unitree_safe_cmd_node]: Move x=0.100, z=-0.250, stop_count=3, roi_count=110, nearest_x=0.36, clear_frames=172
[INFO] [1784296269.596633019] [unitree_safe_cmd_node]: Move x=0.100, z=-0.250, stop_count=5, roi_count=122, nearest_x=0.37, clear_frames=178
[INFO] [1784296270.101923620] [unitree_safe_cmd_node]: Move x=0.100, z=-0.250, stop_count=3, roi_count=112, nearest_x=0.37, clear_frames=184
[INFO] [1784296270.650954735] [unitree_safe_cmd_node]: Move x=0.100, z=-0.250, stop_count=5, roi_count=122, nearest_x=0.36, clear_frames=189
[INFO] [1784296271.197018178] [unitree_safe_cmd_node]: Move x=0.100, z=-0.250, stop_count=4, roi_count=121, nearest_x=0.37, clear_frames=195
[INFO] [1784296271.697166728] [unitree_safe_cmd_node]: Move x=0.100, z=-0.250, stop_count=2, roi_count=130, nearest_x=0.36, clear_frames=200
[INFO] [1784296272.247090225] [unitree_safe_cmd_node]: Move x=0.100, z=-0.250, stop_count=5, roi_count=119, nearest_x=0.37, clear_frames=206
[INFO] [1784296272.747147474] [unitree_safe_cmd_node]: Move x=0.100, z=-0.250, stop_count=6, roi_count=121, nearest_x=0.37, clear_frames=211
[INFO] [1784296273.297188888] [unitree_safe_cmd_node]: Move x=0.100, z=-0.250, stop_count=6, roi_count=125, nearest_x=0.36, clear_frames=217
[INFO] [1784296273.802894912] [unitree_safe_cmd_node]: Move x=0.100, z=-0.250, stop_count=4, roi_count=125, nearest_x=0.35, clear_frames=223
[INFO] [1784296274.349983084] [unitree_safe_cmd_node]: Move x=0.100, z=-0.250, stop_count=2, roi_count=124, nearest_x=0.39, clear_frames=228
[INFO] [1784296274.896485426] [unitree_safe_cmd_node]: Move x=0.100, z=-0.250, stop_count=4, roi_count=128, nearest_x=0.37, clear_frames=234
[INFO] [1784296275.446527612] [unitree_safe_cmd_node]: Move x=0.100, z=-0.250, stop_count=5, roi_count=125, nearest_x=0.36, clear_frames=240
[INFO] [1784296275.949246214] [unitree_safe_cmd_node]: Move x=0.100, z=-0.250, stop_count=4, roi_count=131, nearest_x=0.35, clear_frames=245
[INFO] [1784296276.447594900] [unitree_safe_cmd_node]: Move x=0.100, z=-0.250, stop_count=7, roi_count=140, nearest_x=0.37, clear_frames=250
[INFO] [1784296276.999944765] [unitree_safe_cmd_node]: Move x=0.100, z=-0.250, stop_count=5, roi_count=138, nearest_x=0.35, clear_frames=256
[INFO] [1784296277.500463015] [unitree_safe_cmd_node]: Move x=0.100, z=-0.250, stop_count=6, roi_count=133, nearest_x=0.36, clear_frames=262
[INFO] [1784296278.049781485] [unitree_safe_cmd_node]: Move x=0.100, z=-0.250, stop_count=5, roi_count=104, nearest_x=0.35, clear_frames=267
[INFO] [1784296278.548094270] [unitree_safe_cmd_node]: Move x=0.100, z=-0.250, stop_count=6, roi_count=106, nearest_x=0.35, clear_frames=273
[INFO] [1784296279.097067095] [unitree_safe_cmd_node]: Move x=0.100, z=-0.250, stop_count=5, roi_count=124, nearest_x=0.35, clear_frames=278
[INFO] [1784296279.649634302] [unitree_safe_cmd_node]: Move x=0.100, z=-0.250, stop_count=7, roi_count=117, nearest_x=0.36, clear_frames=284
[INFO] [1784296280.147194699] [unitree_safe_cmd_node]: Move x=0.100, z=-0.250, stop_count=6, roi_count=137, nearest_x=0.35, clear_frames=289
[INFO] [1784296280.696732988] [unitree_safe_cmd_node]: Move x=0.100, z=-0.250, stop_count=3, roi_count=127, nearest_x=0.36, clear_frames=295
[INFO] [1784296281.196713414] [unitree_safe_cmd_node]: Move x=0.100, z=-0.250, stop_count=7, roi_count=141, nearest_x=0.35, clear_frames=301
[INFO] [1784296281.748850391] [unitree_safe_cmd_node]: Move x=0.100, z=-0.250, stop_count=7, roi_count=132, nearest_x=0.35, clear_frames=306
[INFO] [1784296282.258927952] [unitree_safe_cmd_node]: Move x=0.100, z=-0.250, stop_count=6, roi_count=142, nearest_x=0.35, clear_frames=311
[INFO] [1784296282.796731604] [unitree_safe_cmd_node]: Move x=0.100, z=-0.250, stop_count=3, roi_count=117, nearest_x=0.36, clear_frames=315
[INFO] [1784296283.349195959] [unitree_safe_cmd_node]: Move x=0.100, z=-0.250, stop_count=4, roi_count=130, nearest_x=0.36, clear_frames=321
[INFO] [1784296283.848160032] [unitree_safe_cmd_node]: Move x=0.100, z=-0.250, stop_count=5, roi_count=137, nearest_x=0.36, clear_frames=326
[INFO] [1784296284.399868015] [unitree_safe_cmd_node]: Move x=0.100, z=-0.250, stop_count=6, roi_count=110, nearest_x=0.36, clear_frames=332
[INFO] [1784296284.898857038] [unitree_safe_cmd_node]: Move x=0.100, z=-0.250, stop_count=6, roi_count=130, nearest_x=0.37, clear_frames=338
[INFO] [1784296285.449926537] [unitree_safe_cmd_node]: Move x=0.100, z=-0.250, stop_count=8, roi_count=132, nearest_x=0.36, clear_frames=343
[INFO] [1784296285.954775871] [unitree_safe_cmd_node]: Move x=0.100, z=-0.250, stop_count=6, roi_count=117, nearest_x=0.36, clear_frames=349
[INFO] [1784296286.497030697] [unitree_safe_cmd_node]: Move x=0.100, z=-0.250, stop_count=7, roi_count=185, nearest_x=0.36, clear_frames=354
[INFO] [1784296287.046565794] [unitree_safe_cmd_node]: Move x=0.100, z=-0.250, stop_count=8, roi_count=133, nearest_x=0.37, clear_frames=359
[INFO] [1784296287.547750391] [unitree_safe_cmd_node]: Move x=0.100, z=-0.250, stop_count=5, roi_count=119, nearest_x=0.35, clear_frames=364
[INFO] [1784296288.096497176] [unitree_safe_cmd_node]: Move x=0.100, z=-0.250, stop_count=6, roi_count=126, nearest_x=0.36, clear_frames=369
[INFO] [1784296288.596589907] [unitree_safe_cmd_node]: Move x=0.100, z=-0.250, stop_count=3, roi_count=135, nearest_x=0.36, clear_frames=371
[INFO] [1784296289.146749813] [unitree_safe_cmd_node]: Move x=0.100, z=-0.250, stop_count=7, roi_count=148, nearest_x=0.37, clear_frames=373
[INFO] [1784296289.652565258] [unitree_safe_cmd_node]: Move x=0.100, z=-0.250, stop_count=4, roi_count=117, nearest_x=0.36, clear_frames=374
[INFO] [1784296290.215849604] [unitree_safe_cmd_node]: Move x=0.100, z=-0.250, stop_count=9, roi_count=134, nearest_x=0.36, clear_frames=375
[INFO] [1784296290.746764938] [unitree_safe_cmd_node]: Move x=0.100, z=-0.250, stop_count=2, roi_count=126, nearest_x=0.36, clear_frames=376
[INFO] [1784296291.296471028] [unitree_safe_cmd_node]: Move x=0.100, z=-0.250, stop_count=3, roi_count=127, nearest_x=0.37, clear_frames=377
[INFO] [1784296291.798316060] [unitree_safe_cmd_node]: Move x=0.100, z=-0.250, stop_count=8, roi_count=118, nearest_x=0.36, clear_frames=378
[INFO] [1784296292.346411519] [unitree_safe_cmd_node]: Move x=0.100, z=-0.250, stop_count=4, roi_count=128, nearest_x=0.35, clear_frames=379
[INFO] [1784296292.846729988] [unitree_safe_cmd_node]: Move x=0.100, z=-0.250, stop_count=4, roi_count=122, nearest_x=0.35, clear_frames=380
[INFO] [1784296293.356217353] [unitree_safe_cmd_node]: Move x=0.100, z=-0.250, stop_count=6, roi_count=119, nearest_x=0.36, clear_frames=381
[INFO] [1784296293.896782175] [unitree_safe_cmd_node]: Move x=0.100, z=-0.250, stop_count=4, roi_count=133, nearest_x=0.37, clear_frames=382
[INFO] [1784296294.446827094] [unitree_safe_cmd_node]: Move x=0.100, z=-0.250, stop_count=5, roi_count=122, nearest_x=0.36, clear_frames=383
[INFO] [1784296295.009989442] [unitree_safe_cmd_node]: Move x=0.100, z=-0.250, stop_count=4, roi_count=124, nearest_x=0.37, clear_frames=384
[INFO] [1784296295.546408372] [unitree_safe_cmd_node]: Move x=0.100, z=-0.250, stop_count=5, roi_count=128, nearest_x=0.39, clear_frames=385
[INFO] [1784296296.096381792] [unitree_safe_cmd_node]: Move x=0.100, z=-0.250, stop_count=8, roi_count=132, nearest_x=0.37, clear_frames=386
[INFO] [1784296296.596460928] [unitree_safe_cmd_node]: Move x=0.100, z=-0.250, stop_count=3, roi_count=125, nearest_x=0.37, clear_frames=387
[INFO] [1784296297.097974000] [unitree_safe_cmd_node]: Move x=0.100, z=-0.250, stop_count=6, roi_count=132, nearest_x=0.35, clear_frames=390
[INFO] [1784296297.655530666] [unitree_safe_cmd_node]: Move x=0.100, z=-0.250, stop_count=6, roi_count=132, nearest_x=0.38, clear_frames=393
[INFO] [1784296298.150364309] [unitree_safe_cmd_node]: Move x=0.100, z=-0.250, stop_count=4, roi_count=122, nearest_x=0.37, clear_frames=397
[INFO] [1784296298.700218394] [unitree_safe_cmd_node]: Move x=0.100, z=-0.250, stop_count=3, roi_count=108, nearest_x=0.36, clear_frames=403
[INFO] [1784296299.252333414] [unitree_safe_cmd_node]: Move x=0.100, z=-0.250, stop_count=3, roi_count=100, nearest_x=0.38, clear_frames=409
[INFO] [1784296299.756997589] [unitree_safe_cmd_node]: Move x=0.100, z=-0.250, stop_count=6, roi_count=136, nearest_x=0.36, clear_frames=414
[INFO] [1784296300.300600105] [unitree_safe_cmd_node]: Move x=0.100, z=-0.250, stop_count=5, roi_count=127, nearest_x=0.35, clear_frames=419
[INFO] [1784296300.849335186] [unitree_safe_cmd_node]: Move x=0.100, z=-0.250, stop_count=5, roi_count=124, nearest_x=0.36, clear_frames=425
[INFO] [1784296301.347598539] [unitree_safe_cmd_node]: Move x=0.100, z=-0.250, stop_count=6, roi_count=125, nearest_x=0.36, clear_frames=430
[INFO] [1784296301.896806293] [unitree_safe_cmd_node]: Move x=0.100, z=-0.250, stop_count=5, roi_count=120, nearest_x=0.35, clear_frames=436
[INFO] [1784296302.449713045] [unitree_safe_cmd_node]: Move x=0.100, z=-0.250, stop_count=6, roi_count=123, nearest_x=0.37, clear_frames=442
[INFO] [1784296302.947596255] [unitree_safe_cmd_node]: Move x=0.100, z=-0.250, stop_count=9, roi_count=132, nearest_x=0.36, clear_frames=447
[INFO] [1784296303.499393844] [unitree_safe_cmd_node]: Move x=0.100, z=-0.250, stop_count=5, roi_count=123, nearest_x=0.35, clear_frames=453
[INFO] [1784296303.999861426] [unitree_safe_cmd_node]: Move x=0.100, z=-0.250, stop_count=5, roi_count=122, nearest_x=0.36, clear_frames=458
[INFO] [1784296304.549673646] [unitree_safe_cmd_node]: Move x=0.100, z=-0.250, stop_count=5, roi_count=135, nearest_x=0.36, clear_frames=464
[INFO] [1784296305.052262055] [unitree_safe_cmd_node]: Move x=0.100, z=-0.250, stop_count=6, roi_count=137, nearest_x=0.36, clear_frames=470
[INFO] [1784296305.604545989] [unitree_safe_cmd_node]: Move x=0.100, z=-0.250, stop_count=5, roi_count=111, nearest_x=0.36, clear_frames=474
[INFO] [1784296306.147646064] [unitree_safe_cmd_node]: Move x=0.100, z=-0.250, stop_count=4, roi_count=135, nearest_x=0.36, clear_frames=480
[INFO] [1784296306.647280477] [unitree_safe_cmd_node]: Move x=0.100, z=-0.250, stop_count=8, roi_count=158, nearest_x=0.35, clear_frames=485
[INFO] [1784296307.196459410] [unitree_safe_cmd_node]: Move x=0.100, z=-0.250, stop_count=5, roi_count=113, nearest_x=0.37, clear_frames=491
[INFO] [1784296307.704049298] [unitree_safe_cmd_node]: Move x=0.100, z=-0.250, stop_count=8, roi_count=126, nearest_x=0.36, clear_frames=497
[INFO] [1784296308.250562909] [unitree_safe_cmd_node]: Move x=0.100, z=-0.250, stop_count=4, roi_count=119, nearest_x=0.35, clear_frames=502
[INFO] [1784296308.799803563] [unitree_safe_cmd_node]: Move x=0.100, z=-0.250, stop_count=4, roi_count=134, nearest_x=0.37, clear_frames=508
[INFO] [1784296309.351503330] [unitree_safe_cmd_node]: Move x=0.100, z=-0.250, stop_count=6, roi_count=139, nearest_x=0.35, clear_frames=514
[INFO] [1784296309.848155345] [unitree_safe_cmd_node]: Move x=0.100, z=-0.250, stop_count=10, roi_count=119, nearest_x=0.35, clear_frames=519
[INFO] [1784296310.354331498] [unitree_safe_cmd_node]: Move x=0.100, z=-0.250, stop_count=9, roi_count=116, nearest_x=0.36, clear_frames=525
[INFO] [1784296310.903321180] [unitree_safe_cmd_node]: Move x=0.100, z=-0.250, stop_count=8, roi_count=121, nearest_x=0.35, clear_frames=530
[INFO] [1784296311.449927291] [unitree_safe_cmd_node]: Move x=0.100, z=-0.250, stop_count=8, roi_count=128, nearest_x=0.35, clear_frames=535
[INFO] [1784296311.956385868] [unitree_safe_cmd_node]: Move x=0.100, z=-0.250, stop_count=7, roi_count=119, nearest_x=0.35, clear_frames=540
[INFO] [1784296312.496789494] [unitree_safe_cmd_node]: Move x=0.100, z=-0.250, stop_count=11, roi_count=120, nearest_x=0.36, clear_frames=545
[INFO] [1784296313.046805101] [unitree_safe_cmd_node]: Move x=0.100, z=-0.250, stop_count=10, roi_count=140, nearest_x=0.36, clear_frames=550
[INFO] [1784296313.551342728] [unitree_safe_cmd_node]: Move x=0.100, z=-0.250, stop_count=10, roi_count=129, nearest_x=0.36, clear_frames=556
[INFO] [1784296314.096727175] [unitree_safe_cmd_node]: Move x=0.100, z=-0.250, stop_count=9, roi_count=134, nearest_x=0.36, clear_frames=561
[INFO] [1784296314.596626831] [unitree_safe_cmd_node]: Move x=0.100, z=-0.250, stop_count=9, roi_count=112, nearest_x=0.36, clear_frames=563
[INFO] [1784296315.146704999] [unitree_safe_cmd_node]: Move x=0.100, z=-0.250, stop_count=9, roi_count=134, nearest_x=0.37, clear_frames=565
[INFO] [1784296315.706403176] [unitree_safe_cmd_node]: Move x=0.100, z=-0.250, stop_count=10, roi_count=124, nearest_x=0.35, clear_frames=568
[INFO] [1784296316.248106343] [unitree_safe_cmd_node]: Move x=0.100, z=-0.250, stop_count=9, roi_count=113, nearest_x=0.36, clear_frames=569
[INFO] [1784296316.766178209] [unitree_safe_cmd_node]: Move x=0.100, z=-0.250, stop_count=9, roi_count=129, nearest_x=0.36, clear_frames=572
[INFO] [1784296317.298941259] [unitree_safe_cmd_node]: Move x=0.100, z=-0.250, stop_count=9, roi_count=122, nearest_x=0.36, clear_frames=574
[INFO] [1784296317.846424732] [unitree_safe_cmd_node]: Move x=0.100, z=-0.250, stop_count=7, roi_count=109, nearest_x=0.35, clear_frames=577
[INFO] [1784296318.346666224] [unitree_safe_cmd_node]: Move x=0.100, z=-0.250, stop_count=9, roi_count=118, nearest_x=0.35, clear_frames=579
[INFO] [1784296318.846705673] [unitree_safe_cmd_node]: Move x=0.100, z=-0.250, stop_count=9, roi_count=130, nearest_x=0.35, clear_frames=581
[INFO] [1784296319.347083586] [unitree_safe_cmd_node]: Move x=0.100, z=-0.250, stop_count=9, roi_count=115, nearest_x=0.35, clear_frames=583
[INFO] [1784296319.896982819] [unitree_safe_cmd_node]: Move x=0.100, z=-0.250, stop_count=7, roi_count=141, nearest_x=0.36, clear_frames=585
[INFO] [1784296320.446702644] [unitree_safe_cmd_node]: Move x=0.100, z=-0.250, stop_count=7, roi_count=130, nearest_x=0.35, clear_frames=588
[INFO] [1784296320.952648620] [unitree_safe_cmd_node]: Move x=0.100, z=-0.250, stop_count=5, roi_count=130, nearest_x=0.36, clear_frames=592
[INFO] [1784296321.496687777] [unitree_safe_cmd_node]: Move x=0.100, z=-0.250, stop_count=11, roi_count=132, nearest_x=0.35, clear_frames=593
[INFO] [1784296321.996697151] [unitree_safe_cmd_node]: Move x=0.100, z=-0.250, stop_count=8, roi_count=106, nearest_x=0.36, clear_frames=595
[INFO] [1784296322.552927697] [unitree_safe_cmd_node]: Move x=0.100, z=-0.250, stop_count=9, roi_count=122, nearest_x=0.36, clear_frames=599
[INFO] [1784296323.104290294] [unitree_safe_cmd_node]: Move x=0.100, z=-0.250, stop_count=11, roi_count=125, nearest_x=0.35, clear_frames=602
[INFO] [1784296323.646864560] [unitree_safe_cmd_node]: Move x=0.100, z=-0.250, stop_count=8, roi_count=128, nearest_x=0.35, clear_frames=608
[INFO] [1784296324.164688667] [unitree_safe_cmd_node]: Move x=0.100, z=-0.250, stop_count=9, roi_count=130, nearest_x=0.35, clear_frames=612
[INFO] [1784296324.696675127] [unitree_safe_cmd_node]: Move x=0.100, z=-0.250, stop_count=12, roi_count=101, nearest_x=0.35, clear_frames=616
[INFO] [1784296325.197731518] [unitree_safe_cmd_node]: Move x=0.100, z=-0.250, stop_count=10, roi_count=134, nearest_x=0.35, clear_frames=621
[INFO] [1784296325.701223178] [unitree_safe_cmd_node]: Move x=0.100, z=-0.250, stop_count=12, roi_count=124, nearest_x=0.37, clear_frames=626
[INFO] [1784296326.200737391] [unitree_safe_cmd_node]: Move x=0.100, z=-0.250, stop_count=7, roi_count=121, nearest_x=0.35, clear_frames=632
[INFO] [1784296326.706877845] [unitree_safe_cmd_node]: Move x=0.100, z=-0.250, stop_count=8, roi_count=105, nearest_x=0.36, clear_frames=636
[INFO] [1784296327.248463734] [unitree_safe_cmd_node]: Move x=0.100, z=-0.250, stop_count=8, roi_count=130, nearest_x=0.35, clear_frames=642
[INFO] [1784296327.748237644] [unitree_safe_cmd_node]: Move x=0.100, z=-0.250, stop_count=12, roi_count=137, nearest_x=0.36, clear_frames=647
[INFO] [1784296328.251196648] [unitree_safe_cmd_node]: Move x=0.100, z=-0.250, stop_count=6, roi_count=117, nearest_x=0.36, clear_frames=650
[INFO] [1784296328.760659802] [unitree_safe_cmd_node]: Move x=0.100, z=-0.250, stop_count=7, roi_count=104, nearest_x=0.35, clear_frames=653
[INFO] [1784296329.260160296] [unitree_safe_cmd_node]: Move x=0.100, z=-0.250, stop_count=4, roi_count=100, nearest_x=0.36, clear_frames=656
[INFO] [1784296329.762711098] [unitree_safe_cmd_node]: Move x=0.100, z=-0.250, stop_count=6, roi_count=126, nearest_x=0.37, clear_frames=659
[INFO] [1784296330.303844085] [unitree_safe_cmd_node]: Move x=0.100, z=-0.250, stop_count=9, roi_count=124, nearest_x=0.35, clear_frames=661
[INFO] [1784296330.807422653] [unitree_safe_cmd_node]: Move x=0.100, z=-0.250, stop_count=11, roi_count=128, nearest_x=0.35, clear_frames=665
[INFO] [1784296331.353227129] [unitree_safe_cmd_node]: Move x=0.100, z=-0.250, stop_count=9, roi_count=119, nearest_x=0.35, clear_frames=668
[INFO] [1784296331.897025335] [unitree_safe_cmd_node]: Move x=0.100, z=-0.250, stop_count=10, roi_count=115, nearest_x=0.35, clear_frames=670
[INFO] [1784296332.405929821] [unitree_safe_cmd_node]: Move x=0.100, z=-0.250, stop_count=11, roi_count=121, nearest_x=0.35, clear_frames=673
[INFO] [1784296332.959578958] [unitree_safe_cmd_node]: Move x=0.100, z=-0.250, stop_count=9, roi_count=129, nearest_x=0.37, clear_frames=678
[INFO] [1784296333.499869689] [unitree_safe_cmd_node]: Move x=0.100, z=-0.250, stop_count=9, roi_count=131, nearest_x=0.36, clear_frames=682
[INFO] [1784296334.046633110] [unitree_safe_cmd_node]: Move x=0.100, z=-0.250, stop_count=8, roi_count=122, nearest_x=0.35, clear_frames=686
[INFO] [1784296334.597276175] [unitree_safe_cmd_node]: Move x=0.100, z=-0.250, stop_count=11, roi_count=127, nearest_x=0.35, clear_frames=690
[INFO] [1784296335.098679178] [unitree_safe_cmd_node]: Move x=0.100, z=-0.250, stop_count=7, roi_count=126, nearest_x=0.36, clear_frames=692
[INFO] [1784296335.667687502] [unitree_safe_cmd_node]: Move x=0.100, z=-0.250, stop_count=9, roi_count=136, nearest_x=0.36, clear_frames=695
[INFO] [1784296336.200347425] [unitree_safe_cmd_node]: Move x=0.100, z=-0.250, stop_count=13, roi_count=133, nearest_x=0.35, clear_frames=698
[INFO] [1784296336.747198088] [unitree_safe_cmd_node]: Move x=0.100, z=-0.250, stop_count=9, roi_count=134, nearest_x=0.35, clear_frames=702
[INFO] [1784296337.246893905] [unitree_safe_cmd_node]: Move x=0.100, z=-0.250, stop_count=8, roi_count=120, nearest_x=0.35, clear_frames=707
[INFO] [1784296337.753498983] [unitree_safe_cmd_node]: Move x=0.100, z=-0.250, stop_count=9, roi_count=110, nearest_x=0.35, clear_frames=712
[INFO] [1784296338.299809197] [unitree_safe_cmd_node]: Move x=0.100, z=-0.250, stop_count=9, roi_count=118, nearest_x=0.37, clear_frames=718
[INFO] [1784296338.853892053] [unitree_safe_cmd_node]: Move x=0.100, z=-0.250, stop_count=9, roi_count=141, nearest_x=0.35, clear_frames=723
[INFO] [1784296339.401128718] [unitree_safe_cmd_node]: Move x=0.100, z=-0.250, stop_count=11, roi_count=108, nearest_x=0.36, clear_frames=729
[INFO] [1784296339.952477429] [unitree_safe_cmd_node]: Move x=0.100, z=-0.250, stop_count=6, roi_count=129, nearest_x=0.36, clear_frames=735
[INFO] [1784296340.500331290] [unitree_safe_cmd_node]: Move x=0.100, z=-0.250, stop_count=12, roi_count=139, nearest_x=0.36, clear_frames=740
[INFO] [1784296341.054974759] [unitree_safe_cmd_node]: Move x=0.100, z=-0.250, stop_count=6, roi_count=106, nearest_x=0.36, clear_frames=746
[INFO] [1784296341.599944079] [unitree_safe_cmd_node]: Move x=0.100, z=-0.250, stop_count=10, roi_count=134, nearest_x=0.36, clear_frames=752
[INFO] [1784296342.096898183] [unitree_safe_cmd_node]: Move x=0.100, z=-0.250, stop_count=4, roi_count=133, nearest_x=0.38, clear_frames=757
[INFO] [1784296342.600002817] [unitree_safe_cmd_node]: Move x=0.100, z=-0.250, stop_count=7, roi_count=124, nearest_x=0.36, clear_frames=762
[INFO] [1784296343.101591114] [unitree_safe_cmd_node]: Move x=0.100, z=-0.250, stop_count=7, roi_count=136, nearest_x=0.37, clear_frames=766
[INFO] [1784296343.649544293] [unitree_safe_cmd_node]: Move x=0.100, z=-0.250, stop_count=7, roi_count=117, nearest_x=0.35, clear_frames=772
[INFO] [1784296344.198494697] [unitree_safe_cmd_node]: Move x=0.100, z=-0.250, stop_count=8, roi_count=119, nearest_x=0.35, clear_frames=777
[INFO] [1784296344.702014428] [unitree_safe_cmd_node]: Move x=0.100, z=-0.250, stop_count=9, roi_count=125, nearest_x=0.35, clear_frames=782
[INFO] [1784296345.251301431] [unitree_safe_cmd_node]: Move x=0.100, z=-0.250, stop_count=8, roi_count=123, nearest_x=0.36, clear_frames=787
[INFO] [1784296345.750958521] [unitree_safe_cmd_node]: Move x=0.100, z=-0.250, stop_count=11, roi_count=130, nearest_x=0.35, clear_frames=791
[INFO] [1784296346.252400708] [unitree_safe_cmd_node]: Move x=0.100, z=-0.250, stop_count=13, roi_count=121, nearest_x=0.35, clear_frames=795
[INFO] [1784296346.801130232] [unitree_safe_cmd_node]: Move x=0.100, z=-0.250, stop_count=9, roi_count=129, nearest_x=0.35, clear_frames=800
[INFO] [1784296347.300387849] [unitree_safe_cmd_node]: Move x=0.100, z=-0.250, stop_count=5, roi_count=129, nearest_x=0.37, clear_frames=805
[INFO] [1784296347.851365915] [unitree_safe_cmd_node]: Move x=0.100, z=-0.250, stop_count=8, roi_count=103, nearest_x=0.35, clear_frames=811
[INFO] [1784296348.402948346] [unitree_safe_cmd_node]: Move x=0.100, z=-0.250, stop_count=9, roi_count=114, nearest_x=0.36, clear_frames=816
[INFO] [1784296348.910262575] [unitree_safe_cmd_node]: Move x=0.100, z=-0.250, stop_count=8, roi_count=122, nearest_x=0.35, clear_frames=822
[INFO] [1784296349.447786706] [unitree_safe_cmd_node]: Move x=0.100, z=-0.250, stop_count=9, roi_count=152, nearest_x=0.35, clear_frames=826
[INFO] [1784296349.950274868] [unitree_safe_cmd_node]: Move x=0.100, z=-0.250, stop_count=10, roi_count=116, nearest_x=0.36, clear_frames=831
[INFO] [1784296350.452848577] [unitree_safe_cmd_node]: Move x=0.100, z=-0.250, stop_count=6, roi_count=128, nearest_x=0.37, clear_frames=836
[INFO] [1784296350.999317107] [unitree_safe_cmd_node]: Move x=0.100, z=-0.250, stop_count=14, roi_count=122, nearest_x=0.35, clear_frames=842
[INFO] [1784296351.500824128] [unitree_safe_cmd_node]: Move x=0.100, z=-0.250, stop_count=8, roi_count=109, nearest_x=0.35, clear_frames=848
[WARN] [1784296351.974500854] [unitree_safe_cmd_node]: OBSTACLE DETECTED: stop_count=15, roi_count=117, nearest_x=0.35
[WARN] [1784296352.046999249] [unitree_safe_cmd_node]: SAFE OVERRIDE obstacle: Move x=0.000, z=0.000, raw_x=0.200, raw_z=-0.250, stop_count=15, roi_count=117, nearest_x=0.35, clear_frames=0
[INFO] [1784296352.452898553] [unitree_safe_cmd_node]: obstacle cleared after 5 clear frames, resume move
[INFO] [1784296352.556161774] [unitree_safe_cmd_node]: Move x=0.200, z=-0.250, stop_count=9, roi_count=101, nearest_x=0.35, clear_frames=6
[INFO] [1784296353.096708614] [unitree_safe_cmd_node]: Move x=0.200, z=-0.250, stop_count=9, roi_count=94, nearest_x=0.37, clear_frames=10
[INFO] [1784296353.600397657] [unitree_safe_cmd_node]: Move x=0.200, z=-0.250, stop_count=11, roi_count=77, nearest_x=0.36, clear_frames=15
[INFO] [1784296354.100690207] [unitree_safe_cmd_node]: Move x=0.200, z=-0.250, stop_count=9, roi_count=52, nearest_x=0.35, clear_frames=20
[INFO] [1784296354.602217990] [unitree_safe_cmd_node]: Move x=0.200, z=-0.250, stop_count=8, roi_count=11, nearest_x=0.35, clear_frames=25
[INFO] [1784296355.149484099] [unitree_safe_cmd_node]: Move x=0.200, z=-0.250, stop_count=9, roi_count=38, nearest_x=0.35, clear_frames=31
[INFO] [1784296355.650569231] [unitree_safe_cmd_node]: Move x=0.200, z=-0.250, stop_count=7, roi_count=43, nearest_x=0.37, clear_frames=36
[INFO] [1784296356.150953286] [unitree_safe_cmd_node]: Move x=0.200, z=-0.250, stop_count=5, roi_count=46, nearest_x=0.36, clear_frames=42
[INFO] [1784296356.654649264] [unitree_safe_cmd_node]: Move x=0.200, z=-0.250, stop_count=10, roi_count=57, nearest_x=0.35, clear_frames=47
[INFO] [1784296357.197015390] [unitree_safe_cmd_node]: Move x=0.200, z=-0.250, stop_count=7, roi_count=70, nearest_x=0.37, clear_frames=52
[INFO] [1784296357.749106301] [unitree_safe_cmd_node]: Move x=0.200, z=-0.250, stop_count=9, roi_count=72, nearest_x=0.35, clear_frames=58
[INFO] [1784296358.252442180] [unitree_safe_cmd_node]: Move x=0.200, z=-0.250, stop_count=6, roi_count=88, nearest_x=0.37, clear_frames=64
[INFO] [1784296358.806310676] [unitree_safe_cmd_node]: Move x=0.200, z=-0.250, stop_count=9, roi_count=71, nearest_x=0.35, clear_frames=69
[INFO] [1784296359.350986654] [unitree_safe_cmd_node]: Move x=0.200, z=-0.250, stop_count=7, roi_count=71, nearest_x=0.36, clear_frames=75
[INFO] [1784296359.896608176] [unitree_safe_cmd_node]: Move x=0.200, z=-0.250, stop_count=8, roi_count=85, nearest_x=0.36, clear_frames=80
[INFO] [1784296360.397176965] [unitree_safe_cmd_node]: Move x=0.200, z=-0.250, stop_count=6, roi_count=73, nearest_x=0.35, clear_frames=85
[INFO] [1784296360.900144538] [unitree_safe_cmd_node]: Move x=0.200, z=-0.250, stop_count=8, roi_count=69, nearest_x=0.35, clear_frames=90
[INFO] [1784296361.400122221] [unitree_safe_cmd_node]: Move x=0.200, z=-0.250, stop_count=7, roi_count=64, nearest_x=0.35, clear_frames=95
[INFO] [1784296361.959558841] [unitree_safe_cmd_node]: Move x=0.200, z=-0.250, stop_count=6, roi_count=75, nearest_x=0.37, clear_frames=99
[INFO] [1784296362.459826384] [unitree_safe_cmd_node]: Move x=0.200, z=-0.250, stop_count=10, roi_count=74, nearest_x=0.35, clear_frames=102
[INFO] [1784296362.996742366] [unitree_safe_cmd_node]: Move x=0.200, z=-0.250, stop_count=10, roi_count=68, nearest_x=0.36, clear_frames=106
[INFO] [1784296363.518585771] [unitree_safe_cmd_node]: Move x=0.200, z=-0.250, stop_count=5, roi_count=71, nearest_x=0.37, clear_frames=109
[INFO] [1784296364.046861996] [unitree_safe_cmd_node]: Move x=0.200, z=-0.250, stop_count=7, roi_count=77, nearest_x=0.36, clear_frames=112
[INFO] [1784296364.552275209] [unitree_safe_cmd_node]: Move x=0.200, z=-0.250, stop_count=7, roi_count=65, nearest_x=0.35, clear_frames=114
[INFO] [1784296365.052696980] [unitree_safe_cmd_node]: Move x=0.200, z=-0.250, stop_count=8, roi_count=82, nearest_x=0.36, clear_frames=117
[INFO] [1784296365.601374806] [unitree_safe_cmd_node]: Move x=0.200, z=-0.250, stop_count=8, roi_count=70, nearest_x=0.35, clear_frames=123
[INFO] [1784296366.102389068] [unitree_safe_cmd_node]: Move x=0.200, z=-0.250, stop_count=8, roi_count=75, nearest_x=0.37, clear_frames=127
[INFO] [1784296366.649734075] [unitree_safe_cmd_node]: Move x=0.200, z=-0.250, stop_count=6, roi_count=58, nearest_x=0.36, clear_frames=131
[INFO] [1784296367.172353404] [unitree_safe_cmd_node]: Move x=0.200, z=-0.250, stop_count=5, roi_count=59, nearest_x=0.36, clear_frames=134
[INFO] [1784296367.703956296] [unitree_safe_cmd_node]: Move x=0.200, z=-0.250, stop_count=7, roi_count=67, nearest_x=0.36, clear_frames=138
[INFO] [1784296368.246438407] [unitree_safe_cmd_node]: Move x=0.200, z=-0.250, stop_count=8, roi_count=75, nearest_x=0.36, clear_frames=143
[INFO] [1784296368.746748692] [unitree_safe_cmd_node]: Move x=0.200, z=-0.250, stop_count=3, roi_count=72, nearest_x=0.36, clear_frames=147
[INFO] [1784296369.255578923] [unitree_safe_cmd_node]: Move x=0.200, z=-0.250, stop_count=8, roi_count=82, nearest_x=0.36, clear_frames=150
[INFO] [1784296369.799578159] [unitree_safe_cmd_node]: Move x=0.200, z=-0.250, stop_count=4, roi_count=61, nearest_x=0.37, clear_frames=155
[INFO] [1784296370.350834537] [unitree_safe_cmd_node]: Move x=0.200, z=-0.250, stop_count=8, roi_count=74, nearest_x=0.37, clear_frames=159
[INFO] [1784296370.851392629] [unitree_safe_cmd_node]: Move x=0.200, z=-0.250, stop_count=10, roi_count=73, nearest_x=0.35, clear_frames=163
[INFO] [1784296371.399934166] [unitree_safe_cmd_node]: Move x=0.200, z=-0.250, stop_count=7, roi_count=76, nearest_x=0.37, clear_frames=169
[INFO] [1784296371.947765088] [unitree_safe_cmd_node]: Move x=0.200, z=-0.250, stop_count=6, roi_count=74, nearest_x=0.35, clear_frames=175
[INFO] [1784296372.452703142] [unitree_safe_cmd_node]: Move x=0.200, z=-0.250, stop_count=10, roi_count=66, nearest_x=0.35, clear_frames=180
[INFO] [1784296372.999861133] [unitree_safe_cmd_node]: Move x=0.200, z=-0.250, stop_count=5, roi_count=82, nearest_x=0.35, clear_frames=186
[INFO] [1784296373.550693346] [unitree_safe_cmd_node]: Move x=0.200, z=-0.250, stop_count=8, roi_count=76, nearest_x=0.36, clear_frames=192
[INFO] [1784296374.099770834] [unitree_safe_cmd_node]: Move x=0.200, z=-0.250, stop_count=8, roi_count=69, nearest_x=0.36, clear_frames=197
[INFO] [1784296374.647637335] [unitree_safe_cmd_node]: Move x=0.200, z=-0.250, stop_count=7, roi_count=82, nearest_x=0.36, clear_frames=202
[INFO] [1784296375.153506333] [unitree_safe_cmd_node]: Move x=0.200, z=-0.250, stop_count=8, roi_count=75, nearest_x=0.36, clear_frames=208
[INFO] [1784296375.697507187] [unitree_safe_cmd_node]: Move x=0.200, z=-0.250, stop_count=9, roi_count=78, nearest_x=0.35, clear_frames=213
[INFO] [1784296376.253221544] [unitree_safe_cmd_node]: Move x=0.200, z=-0.250, stop_count=5, roi_count=69, nearest_x=0.35, clear_frames=219
[INFO] [1784296376.799352472] [unitree_safe_cmd_node]: Move x=0.200, z=-0.250, stop_count=8, roi_count=77, nearest_x=0.36, clear_frames=224
[INFO] [1784296377.303314383] [unitree_safe_cmd_node]: Move x=0.200, z=-0.250, stop_count=7, roi_count=70, nearest_x=0.35, clear_frames=229
[INFO] [1784296377.804325963] [unitree_safe_cmd_node]: Move x=0.200, z=-0.250, stop_count=3, roi_count=58, nearest_x=0.35, clear_frames=234
[INFO] [1784296378.359761780] [unitree_safe_cmd_node]: Move x=0.200, z=-0.250, stop_count=11, roi_count=89, nearest_x=0.35, clear_frames=239
[INFO] [1784296378.904023590] [unitree_safe_cmd_node]: Move x=0.200, z=-0.250, stop_count=8, roi_count=62, nearest_x=0.36, clear_frames=245
[INFO] [1784296379.450787499] [unitree_safe_cmd_node]: Move x=0.200, z=-0.250, stop_count=9, roi_count=71, nearest_x=0.36, clear_frames=251
[INFO] [1784296380.003077443] [unitree_safe_cmd_node]: Move x=0.200, z=-0.250, stop_count=6, roi_count=72, nearest_x=0.36, clear_frames=257
[INFO] [1784296380.553836631] [unitree_safe_cmd_node]: Move x=0.200, z=-0.250, stop_count=6, roi_count=64, nearest_x=0.36, clear_frames=262
[INFO] [1784296381.097365795] [unitree_safe_cmd_node]: Move x=0.200, z=-0.250, stop_count=8, roi_count=70, nearest_x=0.35, clear_frames=268
[INFO] [1784296381.653710027] [unitree_safe_cmd_node]: Move x=0.200, z=-0.250, stop_count=9, roi_count=82, nearest_x=0.35, clear_frames=273
[INFO] [1784296382.198838227] [unitree_safe_cmd_node]: Move x=0.200, z=-0.250, stop_count=8, roi_count=78, nearest_x=0.36, clear_frames=277
[INFO] [1784296382.706124206] [unitree_safe_cmd_node]: Move x=0.200, z=-0.250, stop_count=8, roi_count=81, nearest_x=0.36, clear_frames=283
[INFO] [1784296383.254083156] [unitree_safe_cmd_node]: Move x=0.200, z=-0.250, stop_count=6, roi_count=74, nearest_x=0.36, clear_frames=288
[INFO] [1784296383.802760655] [unitree_safe_cmd_node]: Move x=0.200, z=-0.250, stop_count=5, roi_count=70, nearest_x=0.36, clear_frames=294
[INFO] [1784296384.350866748] [unitree_safe_cmd_node]: Move x=0.200, z=-0.250, stop_count=7, roi_count=63, nearest_x=0.35, clear_frames=299
[INFO] [1784296384.901190945] [unitree_safe_cmd_node]: Move x=0.200, z=-0.250, stop_count=7, roi_count=61, nearest_x=0.37, clear_frames=304
[INFO] [1784296385.450511708] [unitree_safe_cmd_node]: Move x=0.200, z=-0.250, stop_count=7, roi_count=65, nearest_x=0.35, clear_frames=309
[INFO] [1784296385.999595363] [unitree_safe_cmd_node]: Move x=0.200, z=-0.250, stop_count=7, roi_count=74, nearest_x=0.35, clear_frames=314
[INFO] [1784296386.499997055] [unitree_safe_cmd_node]: Move x=0.200, z=-0.250, stop_count=6, roi_count=72, nearest_x=0.36, clear_frames=319
[INFO] [1784296387.001185816] [unitree_safe_cmd_node]: Move x=0.200, z=-0.250, stop_count=10, roi_count=71, nearest_x=0.35, clear_frames=324
[INFO] [1784296387.503734023] [unitree_safe_cmd_node]: Move x=0.200, z=-0.250, stop_count=7, roi_count=69, nearest_x=0.35, clear_frames=328
[INFO] [1784296388.049846855] [unitree_safe_cmd_node]: Move x=0.200, z=-0.250, stop_count=4, roi_count=65, nearest_x=0.35, clear_frames=333
[INFO] [1784296388.603615970] [unitree_safe_cmd_node]: Move x=0.200, z=-0.250, stop_count=8, roi_count=76, nearest_x=0.35, clear_frames=338
[INFO] [1784296389.149975084] [unitree_safe_cmd_node]: Move x=0.200, z=-0.250, stop_count=10, roi_count=77, nearest_x=0.35, clear_frames=342
[INFO] [1784296389.699622814] [unitree_safe_cmd_node]: Move x=0.200, z=-0.250, stop_count=6, roi_count=69, nearest_x=0.35, clear_frames=347
[INFO] [1784296390.250055101] [unitree_safe_cmd_node]: Move x=0.200, z=-0.250, stop_count=8, roi_count=74, nearest_x=0.36, clear_frames=353
[INFO] [1784296390.800024327] [unitree_safe_cmd_node]: Move x=0.200, z=-0.250, stop_count=9, roi_count=83, nearest_x=0.35, clear_frames=357
[INFO] [1784296391.352331244] [unitree_safe_cmd_node]: Move x=0.200, z=-0.250, stop_count=5, roi_count=83, nearest_x=0.35, clear_frames=363
[INFO] [1784296391.896721620] [unitree_safe_cmd_node]: Move x=0.200, z=-0.250, stop_count=11, roi_count=76, nearest_x=0.35, clear_frames=366
[INFO] [1784296392.403419096] [unitree_safe_cmd_node]: Move x=0.200, z=-0.250, stop_count=9, roi_count=80, nearest_x=0.36, clear_frames=371
[INFO] [1784296392.949592844] [unitree_safe_cmd_node]: Move x=0.200, z=-0.250, stop_count=10, roi_count=72, nearest_x=0.36, clear_frames=376
[INFO] [1784296393.452577747] [unitree_safe_cmd_node]: Move x=0.200, z=-0.250, stop_count=6, roi_count=78, nearest_x=0.36, clear_frames=381
[INFO] [1784296393.997803727] [unitree_safe_cmd_node]: Move x=0.200, z=-0.250, stop_count=5, roi_count=73, nearest_x=0.36, clear_frames=387
[INFO] [1784296394.547371063] [unitree_safe_cmd_node]: Move x=0.200, z=-0.250, stop_count=8, roi_count=67, nearest_x=0.35, clear_frames=393
[INFO] [1784296395.096836975] [unitree_safe_cmd_node]: Move x=0.200, z=-0.250, stop_count=9, roi_count=67, nearest_x=0.37, clear_frames=397
[INFO] [1784296395.660692446] [unitree_safe_cmd_node]: Move x=0.200, z=-0.250, stop_count=11, roi_count=70, nearest_x=0.35, clear_frames=402
[INFO] [1784296396.208917062] [unitree_safe_cmd_node]: Move x=0.200, z=-0.250, stop_count=9, roi_count=75, nearest_x=0.36, clear_frames=408
[INFO] [1784296396.756022214] [unitree_safe_cmd_node]: Move x=0.200, z=-0.250, stop_count=6, roi_count=67, nearest_x=0.35, clear_frames=411
[INFO] [1784296397.309880930] [unitree_safe_cmd_node]: Move x=0.200, z=-0.250, stop_count=6, roi_count=79, nearest_x=0.35, clear_frames=414
[INFO] [1784296397.847056528] [unitree_safe_cmd_node]: Move x=0.200, z=-0.250, stop_count=8, roi_count=74, nearest_x=0.36, clear_frames=418
[INFO] [1784296398.347369154] [unitree_safe_cmd_node]: Move x=0.200, z=-0.250, stop_count=4, roi_count=79, nearest_x=0.37, clear_frames=421
[INFO] [1784296398.858368683] [unitree_safe_cmd_node]: Move x=0.200, z=-0.250, stop_count=10, roi_count=80, nearest_x=0.35, clear_frames=425
[INFO] [1784296399.397146472] [unitree_safe_cmd_node]: Move x=0.200, z=-0.250, stop_count=5, roi_count=79, nearest_x=0.36, clear_frames=427
[INFO] [1784296399.946460247] [unitree_safe_cmd_node]: Move x=0.200, z=-0.250, stop_count=10, roi_count=70, nearest_x=0.35, clear_frames=431
[INFO] [1784296400.454574888] [unitree_safe_cmd_node]: Move x=0.200, z=-0.250, stop_count=8, roi_count=71, nearest_x=0.36, clear_frames=435
[INFO] [1784296401.008371118] [unitree_safe_cmd_node]: Move x=0.200, z=-0.250, stop_count=6, roi_count=72, nearest_x=0.36, clear_frames=440
[INFO] [1784296401.547976115] [unitree_safe_cmd_node]: Move x=0.200, z=-0.250, stop_count=9, roi_count=63, nearest_x=0.36, clear_frames=444
[INFO] [1784296402.048592244] [unitree_safe_cmd_node]: Move x=0.200, z=-0.250, stop_count=10, roi_count=70, nearest_x=0.35, clear_frames=447
[INFO] [1784296402.615015767] [unitree_safe_cmd_node]: Move x=0.200, z=-0.250, stop_count=8, roi_count=68, nearest_x=0.36, clear_frames=451
[INFO] [1784296403.162346382] [unitree_safe_cmd_node]: Move x=0.200, z=-0.250, stop_count=7, roi_count=75, nearest_x=0.36, clear_frames=453
[INFO] [1784296403.705008055] [unitree_safe_cmd_node]: Move x=0.200, z=-0.250, stop_count=7, roi_count=70, nearest_x=0.36, clear_frames=458
[INFO] [1784296404.253052545] [unitree_safe_cmd_node]: Move x=0.200, z=-0.250, stop_count=6, roi_count=67, nearest_x=0.36, clear_frames=462
[INFO] [1784296404.806484696] [unitree_safe_cmd_node]: Move x=0.200, z=-0.250, stop_count=7, roi_count=72, nearest_x=0.36, clear_frames=466
[INFO] [1784296405.357591317] [unitree_safe_cmd_node]: Move x=0.200, z=-0.250, stop_count=12, roi_count=79, nearest_x=0.35, clear_frames=469
[INFO] [1784296405.899765109] [unitree_safe_cmd_node]: Move x=0.200, z=-0.250, stop_count=6, roi_count=66, nearest_x=0.37, clear_frames=475
[INFO] [1784296406.446589854] [unitree_safe_cmd_node]: Move x=0.200, z=-0.250, stop_count=5, roi_count=73, nearest_x=0.36, clear_frames=481
[INFO] [1784296406.996902311] [unitree_safe_cmd_node]: Move x=0.200, z=-0.250, stop_count=6, roi_count=71, nearest_x=0.36, clear_frames=487
[INFO] [1784296407.500262972] [unitree_safe_cmd_node]: Move x=0.200, z=-0.250, stop_count=8, roi_count=65, nearest_x=0.37, clear_frames=492
[INFO] [1784296408.002623435] [unitree_safe_cmd_node]: Move x=0.200, z=-0.250, stop_count=7, roi_count=82, nearest_x=0.35, clear_frames=497
[INFO] [1784296408.505037495] [unitree_safe_cmd_node]: Move x=0.200, z=-0.250, stop_count=12, roi_count=71, nearest_x=0.35, clear_frames=502
[INFO] [1784296409.049773554] [unitree_safe_cmd_node]: Move x=0.200, z=-0.250, stop_count=8, roi_count=77, nearest_x=0.35, clear_frames=508
[INFO] [1784296409.554671744] [unitree_safe_cmd_node]: Move x=0.200, z=-0.250, stop_count=8, roi_count=78, nearest_x=0.35, clear_frames=513
[INFO] [1784296410.103059484] [unitree_safe_cmd_node]: Move x=0.200, z=-0.250, stop_count=8, roi_count=71, nearest_x=0.36, clear_frames=518
[INFO] [1784296410.669776979] [unitree_safe_cmd_node]: Move x=0.200, z=-0.250, stop_count=7, roi_count=71, nearest_x=0.35, clear_frames=524
[INFO] [1784296411.197859917] [unitree_safe_cmd_node]: Move x=0.200, z=-0.250, stop_count=6, roi_count=62, nearest_x=0.36, clear_frames=529
[INFO] [1784296411.700755617] [unitree_safe_cmd_node]: Move x=0.200, z=-0.250, stop_count=9, roi_count=71, nearest_x=0.36, clear_frames=535
[INFO] [1784296412.248485156] [unitree_safe_cmd_node]: Move x=0.200, z=-0.250, stop_count=8, roi_count=74, nearest_x=0.36, clear_frames=540
[INFO] [1784296412.797384559] [unitree_safe_cmd_node]: Move x=0.200, z=-0.250, stop_count=12, roi_count=74, nearest_x=0.35, clear_frames=546
[INFO] [1784296413.302668918] [unitree_safe_cmd_node]: Move x=0.200, z=-0.250, stop_count=7, roi_count=70, nearest_x=0.36, clear_frames=551
[INFO] [1784296413.847929710] [unitree_safe_cmd_node]: Move x=0.200, z=-0.250, stop_count=5, roi_count=65, nearest_x=0.36, clear_frames=557
[INFO] [1784296414.351293801] [unitree_safe_cmd_node]: Move x=0.200, z=-0.250, stop_count=8, roi_count=78, nearest_x=0.36, clear_frames=562
[INFO] [1784296414.851714279] [unitree_safe_cmd_node]: Move x=0.200, z=-0.250, stop_count=5, roi_count=57, nearest_x=0.36, clear_frames=568
[INFO] [1784296415.350581987] [unitree_safe_cmd_node]: Move x=0.200, z=-0.250, stop_count=7, roi_count=35, nearest_x=0.36, clear_frames=573
[INFO] [1784296415.896546460] [unitree_safe_cmd_node]: Move x=0.200, z=-0.250, stop_count=12, roi_count=32, nearest_x=0.35, clear_frames=579
[WARN] [1784296415.981100655] [unitree_safe_cmd_node]: OBSTACLE DETECTED: stop_count=16, roi_count=26, nearest_x=0.35
[WARN] [1784296416.400937343] [unitree_safe_cmd_node]: SAFE OVERRIDE obstacle: Move x=0.000, z=0.000, raw_x=0.200, raw_z=-0.250, stop_count=6, roi_count=7, nearest_x=0.35, clear_frames=4
[INFO] [1784296416.473970881] [unitree_safe_cmd_node]: obstacle cleared after 5 clear frames, resume move
[INFO] [1784296416.947453008] [unitree_safe_cmd_node]: Move x=0.200, z=-0.250, stop_count=0, roi_count=0, nearest_x=inf, clear_frames=9
[INFO] [1784296417.450464892] [unitree_safe_cmd_node]: Move x=0.200, z=-0.250, stop_count=4, roi_count=4, nearest_x=0.36, clear_frames=14
[INFO] [1784296417.997997753] [unitree_safe_cmd_node]: Move x=0.200, z=-0.250, stop_count=1, roi_count=1, nearest_x=0.39, clear_frames=19
[INFO] [1784296418.501296115] [unitree_safe_cmd_node]: Move x=0.200, z=-0.250, stop_count=0, roi_count=0, nearest_x=inf, clear_frames=24
[INFO] [1784296419.047357370] [unitree_safe_cmd_node]: Move x=0.200, z=-0.071, stop_count=0, roi_count=0, nearest_x=inf, clear_frames=30
[INFO] [1784296419.561661150] [unitree_safe_cmd_node]: Move x=0.130, z=0.170, stop_count=9, roi_count=110, nearest_x=0.36, clear_frames=35
[INFO] [1784296420.105252232] [unitree_safe_cmd_node]: Move x=0.100, z=0.216, stop_count=11, roi_count=89, nearest_x=0.35, clear_frames=41
[INFO] [1784296420.646835082] [unitree_safe_cmd_node]: Move x=0.100, z=0.240, stop_count=7, roi_count=85, nearest_x=0.35, clear_frames=45
[INFO] [1784296421.151567181] [unitree_safe_cmd_node]: Move x=0.100, z=0.229, stop_count=7, roi_count=76, nearest_x=0.36, clear_frames=49
[INFO] [1784296421.700125143] [unitree_safe_cmd_node]: Move x=0.100, z=0.184, stop_count=5, roi_count=58, nearest_x=0.39, clear_frames=55
[INFO] [1784296422.200383452] [unitree_safe_cmd_node]: Move x=0.100, z=0.153, stop_count=6, roi_count=64, nearest_x=0.35, clear_frames=60
[INFO] [1784296422.705816595] [unitree_safe_cmd_node]: Move x=0.100, z=0.123, stop_count=8, roi_count=57, nearest_x=0.36, clear_frames=65
[INFO] [1784296423.247002604] [unitree_safe_cmd_node]: Move x=0.200, z=0.083, stop_count=2, roi_count=41, nearest_x=0.37, clear_frames=71
[INFO] [1784296423.753942747] [unitree_safe_cmd_node]: Move x=0.200, z=0.022, stop_count=6, roi_count=23, nearest_x=0.35, clear_frames=76
[INFO] [1784296424.258604501] [unitree_safe_cmd_node]: Move x=0.200, z=-0.002, stop_count=4, roi_count=4, nearest_x=0.35, clear_frames=81
[INFO] [1784296424.796799870] [unitree_safe_cmd_node]: Move x=0.200, z=-0.004, stop_count=0, roi_count=0, nearest_x=inf, clear_frames=84
[INFO] [1784296425.346943780] [unitree_safe_cmd_node]: Move x=0.165, z=0.115, stop_count=4, roi_count=60, nearest_x=0.37, clear_frames=89
[INFO] [1784296425.847182529] [unitree_safe_cmd_node]: Move x=0.100, z=0.250, stop_count=11, roi_count=66, nearest_x=0.36, clear_frames=94
[INFO] [1784296426.353449630] [unitree_safe_cmd_node]: Move x=0.100, z=0.250, stop_count=1, roi_count=75, nearest_x=0.39, clear_frames=99
[INFO] [1784296426.899448595] [unitree_safe_cmd_node]: Move x=0.100, z=0.250, stop_count=0, roi_count=4, nearest_x=0.78, clear_frames=105
[INFO] [1784296427.453047230] [unitree_safe_cmd_node]: Move x=0.100, z=0.250, stop_count=0, roi_count=0, nearest_x=inf, clear_frames=111
[INFO] [1784296428.003839713] [unitree_safe_cmd_node]: Move x=0.065, z=0.250, stop_count=0, roi_count=0, nearest_x=inf, clear_frames=117
[INFO] [1784296428.547296769] [unitree_safe_cmd_node]: Move x=0.060, z=0.250, stop_count=0, roi_count=0, nearest_x=inf, clear_frames=122
[INFO] [1784296429.100224975] [unitree_safe_cmd_node]: Move x=0.095, z=0.215, stop_count=0, roi_count=50, nearest_x=0.60, clear_frames=128
[INFO] [1784296429.603246172] [unitree_safe_cmd_node]: Move x=0.100, z=0.196, stop_count=0, roi_count=40, nearest_x=0.64, clear_frames=133
[INFO] [1784296430.150207242] [unitree_safe_cmd_node]: Move x=0.060, z=0.000, stop_count=0, roi_count=0, nearest_x=inf, clear_frames=139
[INFO] [1784296430.696870287] [unitree_safe_cmd_node]: Move x=0.060, z=0.138, stop_count=0, roi_count=0, nearest_x=inf, clear_frames=144
[INFO] [1784296431.211012541] [unitree_safe_cmd_node]: Move x=0.060, z=0.250, stop_count=0, roi_count=0, nearest_x=inf, clear_frames=148
[INFO] [1784296431.747214031] [unitree_safe_cmd_node]: Move x=0.060, z=0.250, stop_count=0, roi_count=0, nearest_x=inf, clear_frames=152
[INFO] [1784296432.296603353] [unitree_safe_cmd_node]: Move x=0.060, z=0.250, stop_count=0, roi_count=0, nearest_x=inf, clear_frames=156
[INFO] [1784296432.810375809] [unitree_safe_cmd_node]: Move x=0.060, z=0.250, stop_count=0, roi_count=0, nearest_x=inf, clear_frames=160
[INFO] [1784296433.368944491] [unitree_safe_cmd_node]: Move x=0.060, z=0.233, stop_count=0, roi_count=0, nearest_x=inf, clear_frames=165
[INFO] [1784296433.899653020] [unitree_safe_cmd_node]: Move x=0.060, z=0.195, stop_count=0, roi_count=0, nearest_x=inf, clear_frames=170
[INFO] [1784296434.396916890] [unitree_safe_cmd_node]: Move x=0.060, z=0.172, stop_count=0, roi_count=0, nearest_x=inf, clear_frames=175
[INFO] [1784296434.903183292] [unitree_safe_cmd_node]: Move x=0.060, z=0.128, stop_count=0, roi_count=0, nearest_x=inf, clear_frames=180
[INFO] [1784296435.450201833] [unitree_safe_cmd_node]: Move x=0.060, z=0.085, stop_count=0, roi_count=0, nearest_x=inf, clear_frames=186
[INFO] [1784296435.946471710] [unitree_safe_cmd_node]: Move x=0.060, z=0.049, stop_count=0, roi_count=0, nearest_x=inf, clear_frames=191
[INFO] [1784296436.450228429] [unitree_safe_cmd_node]: Move x=0.060, z=0.021, stop_count=0, roi_count=0, nearest_x=inf, clear_frames=195
[INFO] [1784296436.950703730] [unitree_safe_cmd_node]: Move x=0.060, z=0.000, stop_count=0, roi_count=0, nearest_x=inf, clear_frames=200
[INFO] [1784296437.461009853] [unitree_safe_cmd_node]: Move x=0.060, z=0.000, stop_count=0, roi_count=0, nearest_x=inf, clear_frames=205
[INFO] [1784296438.001665263] [unitree_safe_cmd_node]: Move x=0.060, z=0.000, stop_count=0, roi_count=0, nearest_x=inf, clear_frames=210
[INFO] [1784296438.550421192] [unitree_safe_cmd_node]: Move x=0.060, z=0.000, stop_count=0, roi_count=0, nearest_x=inf, clear_frames=216
[INFO] [1784296439.052800111] [unitree_safe_cmd_node]: Move x=0.060, z=0.000, stop_count=0, roi_count=0, nearest_x=inf, clear_frames=220
[INFO] [1784296439.604308127] [unitree_safe_cmd_node]: Move x=0.060, z=0.000, stop_count=0, roi_count=0, nearest_x=inf, clear_frames=226
[INFO] [1784296440.147044375] [unitree_safe_cmd_node]: Move x=0.060, z=0.000, stop_count=0, roi_count=0, nearest_x=inf, clear_frames=232
[INFO] [1784296440.650592816] [unitree_safe_cmd_node]: Move x=0.060, z=0.000, stop_count=0, roi_count=0, nearest_x=inf, clear_frames=237
[INFO] [1784296441.146689770] [unitree_safe_cmd_node]: Move x=0.060, z=0.000, stop_count=0, roi_count=0, nearest_x=inf, clear_frames=242
[INFO] [1784296441.651133501] [unitree_safe_cmd_node]: Move x=0.060, z=0.250, stop_count=0, roi_count=0, nearest_x=inf, clear_frames=247
[INFO] [1784296442.200416410] [unitree_safe_cmd_node]: Move x=0.060, z=0.250, stop_count=0, roi_count=0, nearest_x=inf, clear_frames=253
[INFO] [1784296442.705208334] [unitree_safe_cmd_node]: Move x=0.060, z=0.250, stop_count=0, roi_count=0, nearest_x=inf, clear_frames=259
[INFO] [1784296443.249734512] [unitree_safe_cmd_node]: Move x=0.060, z=0.250, stop_count=0, roi_count=0, nearest_x=inf, clear_frames=264
[INFO] [1784296443.799609273] [unitree_safe_cmd_node]: Move x=0.060, z=0.218, stop_count=0, roi_count=0, nearest_x=inf, clear_frames=270
[INFO] [1784296444.296643398] [unitree_safe_cmd_node]: Move x=0.060, z=0.250, stop_count=0, roi_count=0, nearest_x=inf, clear_frames=274
[INFO] [1784296444.796718337] [unitree_safe_cmd_node]: Move x=0.060, z=0.250, stop_count=0, roi_count=0, nearest_x=inf, clear_frames=280
[INFO] [1784296445.349644294] [unitree_safe_cmd_node]: Move x=0.060, z=0.250, stop_count=0, roi_count=0, nearest_x=inf, clear_frames=285
[INFO] [1784296445.854216003] [unitree_safe_cmd_node]: Move x=0.060, z=0.250, stop_count=0, roi_count=0, nearest_x=inf, clear_frames=290
[INFO] [1784296446.396999631] [unitree_safe_cmd_node]: Move x=0.060, z=0.250, stop_count=0, roi_count=0, nearest_x=inf, clear_frames=296
[INFO] [1784296446.898429545] [unitree_safe_cmd_node]: Move x=0.060, z=0.250, stop_count=0, roi_count=0, nearest_x=inf, clear_frames=301
[INFO] [1784296447.451935016] [unitree_safe_cmd_node]: Move x=0.060, z=0.250, stop_count=0, roi_count=0, nearest_x=inf, clear_frames=307
[INFO] [1784296447.954155414] [unitree_safe_cmd_node]: Move x=0.060, z=0.250, stop_count=0, roi_count=0, nearest_x=inf, clear_frames=313
[INFO] [1784296448.501976907] [unitree_safe_cmd_node]: Move x=0.060, z=0.250, stop_count=0, roi_count=0, nearest_x=inf, clear_frames=318
[INFO] [1784296449.052994853] [unitree_safe_cmd_node]: Move x=0.060, z=0.250, stop_count=0, roi_count=0, nearest_x=inf, clear_frames=324
[INFO] [1784296449.548200645] [unitree_safe_cmd_node]: Move x=0.060, z=0.250, stop_count=0, roi_count=0, nearest_x=inf, clear_frames=328
[INFO] [1784296450.074199805] [unitree_safe_cmd_node]: Move x=0.060, z=0.250, stop_count=0, roi_count=0, nearest_x=inf, clear_frames=334
[INFO] [1784296450.602652913] [unitree_safe_cmd_node]: Move x=0.060, z=0.250, stop_count=0, roi_count=0, nearest_x=inf, clear_frames=339
[INFO] [1784296451.101736261] [unitree_safe_cmd_node]: Move x=0.060, z=0.250, stop_count=0, roi_count=0, nearest_x=inf, clear_frames=344
[INFO] [1784296451.649516576] [unitree_safe_cmd_node]: Move x=0.060, z=0.250, stop_count=0, roi_count=0, nearest_x=inf, clear_frames=350
[INFO] [1784296452.196524692] [unitree_safe_cmd_node]: Move x=0.060, z=0.250, stop_count=0, roi_count=0, nearest_x=inf, clear_frames=356
[INFO] [1784296452.751033989] [unitree_safe_cmd_node]: Move x=0.060, z=0.250, stop_count=0, roi_count=0, nearest_x=inf, clear_frames=361
[INFO] [1784296453.304036508] [unitree_safe_cmd_node]: Move x=0.060, z=0.250, stop_count=0, roi_count=0, nearest_x=inf, clear_frames=367
[INFO] [1784296453.851068541] [unitree_safe_cmd_node]: Move x=0.060, z=0.250, stop_count=0, roi_count=0, nearest_x=inf, clear_frames=372
[INFO] [1784296454.415747528] [unitree_safe_cmd_node]: Move x=0.060, z=0.250, stop_count=0, roi_count=0, nearest_x=inf, clear_frames=378
[INFO] [1784296454.948946470] [unitree_safe_cmd_node]: Move x=0.060, z=0.250, stop_count=0, roi_count=0, nearest_x=inf, clear_frames=381
[INFO] [1784296455.454915855] [unitree_safe_cmd_node]: Move x=0.060, z=0.250, stop_count=0, roi_count=0, nearest_x=inf, clear_frames=385
[INFO] [1784296455.997266807] [unitree_safe_cmd_node]: Move x=0.060, z=0.250, stop_count=0, roi_count=0, nearest_x=inf, clear_frames=389
[INFO] [1784296456.549417801] [unitree_safe_cmd_node]: Move x=0.060, z=0.250, stop_count=0, roi_count=0, nearest_x=inf, clear_frames=395
[INFO] [1784296457.100695200] [unitree_safe_cmd_node]: Move x=0.060, z=0.250, stop_count=0, roi_count=0, nearest_x=inf, clear_frames=400
[INFO] [1784296457.650246377] [unitree_safe_cmd_node]: Move x=0.060, z=0.250, stop_count=0, roi_count=0, nearest_x=inf, clear_frames=406
[INFO] [1784296458.147707567] [unitree_safe_cmd_node]: Move x=0.060, z=0.250, stop_count=0, roi_count=0, nearest_x=inf, clear_frames=412
[INFO] [1784296458.696728273] [unitree_safe_cmd_node]: Move x=0.060, z=0.250, stop_count=0, roi_count=0, nearest_x=inf, clear_frames=417
[INFO] [1784296459.198678084] [unitree_safe_cmd_node]: Move x=0.060, z=0.250, stop_count=0, roi_count=0, nearest_x=inf, clear_frames=423
[INFO] [1784296459.746679880] [unitree_safe_cmd_node]: Move x=0.060, z=0.250, stop_count=0, roi_count=0, nearest_x=inf, clear_frames=428
[INFO] [1784296460.296726619] [unitree_safe_cmd_node]: Move x=0.060, z=0.250, stop_count=0, roi_count=0, nearest_x=inf, clear_frames=434
[INFO] [1784296460.803000090] [unitree_safe_cmd_node]: Move x=0.060, z=0.250, stop_count=0, roi_count=0, nearest_x=inf, clear_frames=439
[INFO] [1784296461.304253426] [unitree_safe_cmd_node]: Move x=0.060, z=0.250, stop_count=0, roi_count=0, nearest_x=inf, clear_frames=445
[INFO] [1784296461.849976554] [unitree_safe_cmd_node]: Move x=0.060, z=0.250, stop_count=0, roi_count=0, nearest_x=inf, clear_frames=450
[INFO] [1784296462.399802599] [unitree_safe_cmd_node]: Move x=0.060, z=0.250, stop_count=0, roi_count=0, nearest_x=inf, clear_frames=455
[INFO] [1784296462.952992703] [unitree_safe_cmd_node]: Move x=0.060, z=0.250, stop_count=0, roi_count=0, nearest_x=inf, clear_frames=461
[INFO] [1784296463.503245298] [unitree_safe_cmd_node]: Move x=0.060, z=0.250, stop_count=0, roi_count=0, nearest_x=inf, clear_frames=466
[INFO] [1784296464.049264834] [unitree_safe_cmd_node]: Move x=0.060, z=0.250, stop_count=0, roi_count=0, nearest_x=inf, clear_frames=471
[INFO] [1784296464.550110850] [unitree_safe_cmd_node]: Move x=0.060, z=0.250, stop_count=0, roi_count=0, nearest_x=inf, clear_frames=476
[INFO] [1784296465.100585415] [unitree_safe_cmd_node]: Move x=0.060, z=0.250, stop_count=0, roi_count=0, nearest_x=inf, clear_frames=481
[INFO] [1784296465.652489525] [unitree_safe_cmd_node]: Move x=0.060, z=0.250, stop_count=0, roi_count=0, nearest_x=inf, clear_frames=487
[INFO] [1784296466.200971703] [unitree_safe_cmd_node]: Move x=0.060, z=0.250, stop_count=0, roi_count=0, nearest_x=inf, clear_frames=492
[INFO] [1784296466.749674262] [unitree_safe_cmd_node]: Move x=0.060, z=0.250, stop_count=0, roi_count=0, nearest_x=inf, clear_frames=498
[INFO] [1784296467.248727989] [unitree_safe_cmd_node]: Move x=0.060, z=0.250, stop_count=0, roi_count=0, nearest_x=inf, clear_frames=503
[INFO] [1784296467.758634741] [unitree_safe_cmd_node]: Move x=0.060, z=0.250, stop_count=0, roi_count=0, nearest_x=inf, clear_frames=508
[INFO] [1784296468.300777385] [unitree_safe_cmd_node]: Move x=0.060, z=0.250, stop_count=0, roi_count=0, nearest_x=inf, clear_frames=513
[INFO] [1784296468.846510004] [unitree_safe_cmd_node]: Move x=0.060, z=0.250, stop_count=0, roi_count=0, nearest_x=inf, clear_frames=519
[INFO] [1784296469.346732908] [unitree_safe_cmd_node]: Move x=0.060, z=0.250, stop_count=0, roi_count=0, nearest_x=inf, clear_frames=524
[INFO] [1784296469.896688410] [unitree_safe_cmd_node]: Move x=0.060, z=0.250, stop_count=0, roi_count=0, nearest_x=inf, clear_frames=530
[INFO] [1784296470.447180100] [unitree_safe_cmd_node]: Move x=0.060, z=0.250, stop_count=0, roi_count=0, nearest_x=inf, clear_frames=535
[INFO] [1784296470.951961344] [unitree_safe_cmd_node]: Move x=0.060, z=0.250, stop_count=0, roi_count=0, nearest_x=inf, clear_frames=540
[INFO] [1784296471.447567535] [unitree_safe_cmd_node]: Move x=0.060, z=0.250, stop_count=0, roi_count=0, nearest_x=inf, clear_frames=546
[INFO] [1784296472.004056389] [unitree_safe_cmd_node]: Move x=0.060, z=0.250, stop_count=0, roi_count=0, nearest_x=inf, clear_frames=551
[INFO] [1784296472.554280878] [unitree_safe_cmd_node]: Move x=0.060, z=0.250, stop_count=0, roi_count=0, nearest_x=inf, clear_frames=557
[INFO] [1784296473.052959406] [unitree_safe_cmd_node]: Move x=0.060, z=0.250, stop_count=0, roi_count=0, nearest_x=inf, clear_frames=562
[INFO] [1784296473.549025577] [unitree_safe_cmd_node]: Move x=0.060, z=0.250, stop_count=0, roi_count=0, nearest_x=inf, clear_frames=568
[INFO] [1784296474.096698412] [unitree_safe_cmd_node]: Move x=0.060, z=0.250, stop_count=0, roi_count=0, nearest_x=inf, clear_frames=573
[INFO] [1784296474.648007305] [unitree_safe_cmd_node]: Move x=0.060, z=0.250, stop_count=0, roi_count=0, nearest_x=inf, clear_frames=579
[INFO] [1784296475.158924340] [unitree_safe_cmd_node]: Move x=0.060, z=0.250, stop_count=0, roi_count=0, nearest_x=inf, clear_frames=584
[INFO] [1784296475.696802994] [unitree_safe_cmd_node]: Move x=0.060, z=0.250, stop_count=0, roi_count=0, nearest_x=inf, clear_frames=590
[INFO] [1784296476.203398799] [unitree_safe_cmd_node]: Move x=0.060, z=0.250, stop_count=0, roi_count=0, nearest_x=inf, clear_frames=596
[INFO] [1784296476.756855574] [unitree_safe_cmd_node]: Move x=0.060, z=0.250, stop_count=0, roi_count=0, nearest_x=inf, clear_frames=600
[INFO] [1784296477.296504451] [unitree_safe_cmd_node]: Move x=0.060, z=0.250, stop_count=0, roi_count=0, nearest_x=inf, clear_frames=606
[INFO] [1784296477.796532130] [unitree_safe_cmd_node]: Move x=0.060, z=0.250, stop_count=0, roi_count=0, nearest_x=inf, clear_frames=611
[INFO] [1784296478.350390492] [unitree_safe_cmd_node]: Move x=0.060, z=0.250, stop_count=0, roi_count=0, nearest_x=inf, clear_frames=613
[INFO] [1784296478.846798534] [unitree_safe_cmd_node]: Move x=0.060, z=0.250, stop_count=0, roi_count=0, nearest_x=inf, clear_frames=616
[INFO] [1784296479.406023913] [unitree_safe_cmd_node]: Move x=0.060, z=0.250, stop_count=0, roi_count=0, nearest_x=inf, clear_frames=619
[INFO] [1784296479.912281908] [unitree_safe_cmd_node]: Move x=0.060, z=0.250, stop_count=0, roi_count=0, nearest_x=inf, clear_frames=622
[INFO] [1784296480.459943384] [unitree_safe_cmd_node]: Move x=0.060, z=0.250, stop_count=0, roi_count=0, nearest_x=inf, clear_frames=626
[INFO] [1784296481.000306478] [unitree_safe_cmd_node]: Move x=0.060, z=0.250, stop_count=0, roi_count=0, nearest_x=inf, clear_frames=630
[INFO] [1784296481.550705176] [unitree_safe_cmd_node]: Move x=0.060, z=0.250, stop_count=0, roi_count=0, nearest_x=inf, clear_frames=633
[INFO] [1784296482.046693281] [unitree_safe_cmd_node]: Move x=0.060, z=0.250, stop_count=0, roi_count=0, nearest_x=inf, clear_frames=636
[INFO] [1784296482.608083475] [unitree_safe_cmd_node]: Move x=0.060, z=0.250, stop_count=0, roi_count=0, nearest_x=inf, clear_frames=639
[INFO] [1784296483.148202918] [unitree_safe_cmd_node]: Move x=0.060, z=0.250, stop_count=0, roi_count=0, nearest_x=inf, clear_frames=643
[INFO] [1784296483.696366066] [unitree_safe_cmd_node]: Move x=0.060, z=0.250, stop_count=0, roi_count=0, nearest_x=inf, clear_frames=647
[INFO] [1784296484.198573181] [unitree_safe_cmd_node]: Move x=0.060, z=0.250, stop_count=0, roi_count=0, nearest_x=inf, clear_frames=651
[INFO] [1784296484.749415456] [unitree_safe_cmd_node]: Move x=0.060, z=0.250, stop_count=0, roi_count=0, nearest_x=inf, clear_frames=654
[INFO] [1784296485.297062661] [unitree_safe_cmd_node]: Move x=0.060, z=0.250, stop_count=0, roi_count=0, nearest_x=inf, clear_frames=657
[INFO] [1784296485.796789052] [unitree_safe_cmd_node]: Move x=0.060, z=0.250, stop_count=0, roi_count=0, nearest_x=inf, clear_frames=660
[INFO] [1784296486.347376812] [unitree_safe_cmd_node]: Move x=0.060, z=0.250, stop_count=0, roi_count=0, nearest_x=inf, clear_frames=664
[INFO] [1784296486.904062584] [unitree_safe_cmd_node]: Move x=0.060, z=0.250, stop_count=0, roi_count=0, nearest_x=inf, clear_frames=670
[INFO] [1784296487.401574324] [unitree_safe_cmd_node]: Move x=0.060, z=0.250, stop_count=0, roi_count=0, nearest_x=inf, clear_frames=675
[INFO] [1784296487.903497829] [unitree_safe_cmd_node]: Move x=0.060, z=0.250, stop_count=0, roi_count=0, nearest_x=inf, clear_frames=680
[INFO] [1784296488.452836086] [unitree_safe_cmd_node]: Move x=0.060, z=0.250, stop_count=0, roi_count=0, nearest_x=inf, clear_frames=685
[INFO] [1784296488.996698707] [unitree_safe_cmd_node]: Move x=0.060, z=0.250, stop_count=0, roi_count=0, nearest_x=inf, clear_frames=691
[INFO] [1784296489.509295424] [unitree_safe_cmd_node]: Move x=0.060, z=0.250, stop_count=0, roi_count=0, nearest_x=inf, clear_frames=696
[INFO] [1784296490.046462664] [unitree_safe_cmd_node]: Move x=0.060, z=0.250, stop_count=0, roi_count=0, nearest_x=inf, clear_frames=702
[INFO] [1784296490.558638852] [unitree_safe_cmd_node]: Move x=0.060, z=0.250, stop_count=0, roi_count=0, nearest_x=inf, clear_frames=708
[INFO] [1784296491.103391023] [unitree_safe_cmd_node]: Move x=0.060, z=0.250, stop_count=0, roi_count=0, nearest_x=inf, clear_frames=713
[INFO] [1784296491.647355499] [unitree_safe_cmd_node]: Move x=0.060, z=0.250, stop_count=0, roi_count=0, nearest_x=inf, clear_frames=718
[INFO] [1784296492.200711253] [unitree_safe_cmd_node]: Move x=0.060, z=0.250, stop_count=0, roi_count=0, nearest_x=inf, clear_frames=724
[INFO] [1784296492.746419254] [unitree_safe_cmd_node]: Move x=0.060, z=0.250, stop_count=0, roi_count=0, nearest_x=inf, clear_frames=730
[INFO] [1784296493.296844698] [unitree_safe_cmd_node]: Move x=0.060, z=0.250, stop_count=0, roi_count=0, nearest_x=inf, clear_frames=735
[INFO] [1784296493.847488139] [unitree_safe_cmd_node]: Move x=0.060, z=0.250, stop_count=0, roi_count=0, nearest_x=inf, clear_frames=741
[INFO] [1784296494.401778452] [unitree_safe_cmd_node]: Move x=0.060, z=0.250, stop_count=0, roi_count=0, nearest_x=inf, clear_frames=747
[INFO] [1784296494.905995252] [unitree_safe_cmd_node]: Move x=0.060, z=0.250, stop_count=0, roi_count=0, nearest_x=inf, clear_frames=752
[INFO] [1784296495.446908445] [unitree_safe_cmd_node]: Move x=0.060, z=0.250, stop_count=0, roi_count=0, nearest_x=inf, clear_frames=758
[INFO] [1784296495.949295165] [unitree_safe_cmd_node]: Move x=0.060, z=0.250, stop_count=0, roi_count=0, nearest_x=inf, clear_frames=763
[INFO] [1784296496.502724821] [unitree_safe_cmd_node]: Move x=0.060, z=0.250, stop_count=0, roi_count=0, nearest_x=inf, clear_frames=769
[INFO] [1784296496.997190380] [unitree_safe_cmd_node]: Move x=0.060, z=0.250, stop_count=0, roi_count=0, nearest_x=inf, clear_frames=774
[INFO] [1784296497.549761540] [unitree_safe_cmd_node]: Move x=0.060, z=0.250, stop_count=0, roi_count=0, nearest_x=inf, clear_frames=779
[INFO] [1784296498.103062769] [unitree_safe_cmd_node]: Move x=0.060, z=0.250, stop_count=0, roi_count=0, nearest_x=inf, clear_frames=784
[INFO] [1784296498.650456730] [unitree_safe_cmd_node]: Move x=0.060, z=0.250, stop_count=0, roi_count=0, nearest_x=inf, clear_frames=790
[INFO] [1784296499.150355753] [unitree_safe_cmd_node]: Move x=0.060, z=0.250, stop_count=0, roi_count=0, nearest_x=inf, clear_frames=796
[INFO] [1784296499.697757432] [unitree_safe_cmd_node]: Move x=0.060, z=0.250, stop_count=0, roi_count=0, nearest_x=inf, clear_frames=800
[INFO] [1784296500.246474702] [unitree_safe_cmd_node]: Move x=0.060, z=0.250, stop_count=0, roi_count=0, nearest_x=inf, clear_frames=806
[INFO] [1784296500.746817443] [unitree_safe_cmd_node]: Move x=0.060, z=0.250, stop_count=0, roi_count=0, nearest_x=inf, clear_frames=811
[INFO] [1784296501.300929804] [unitree_safe_cmd_node]: Move x=0.060, z=0.250, stop_count=0, roi_count=0, nearest_x=inf, clear_frames=817
[INFO] [1784296501.800199975] [unitree_safe_cmd_node]: Move x=0.060, z=0.250, stop_count=0, roi_count=0, nearest_x=inf, clear_frames=823
[INFO] [1784296502.304221995] [unitree_safe_cmd_node]: Move x=0.060, z=0.250, stop_count=0, roi_count=0, nearest_x=inf, clear_frames=828
[INFO] [1784296502.847279775] [unitree_safe_cmd_node]: Move x=0.060, z=0.250, stop_count=0, roi_count=0, nearest_x=inf, clear_frames=833
[INFO] [1784296503.356923389] [unitree_safe_cmd_node]: Move x=0.060, z=0.250, stop_count=0, roi_count=0, nearest_x=inf, clear_frames=839
[INFO] [1784296503.900854758] [unitree_safe_cmd_node]: Move x=0.060, z=0.250, stop_count=0, roi_count=0, nearest_x=inf, clear_frames=843
[INFO] [1784296504.446634123] [unitree_safe_cmd_node]: Move x=0.060, z=0.250, stop_count=0, roi_count=0, nearest_x=inf, clear_frames=849
[INFO] [1784296504.946761203] [unitree_safe_cmd_node]: Move x=0.060, z=0.250, stop_count=0, roi_count=0, nearest_x=inf, clear_frames=854
[INFO] [1784296505.453127306] [unitree_safe_cmd_node]: Move x=0.060, z=0.250, stop_count=0, roi_count=0, nearest_x=inf, clear_frames=860
[INFO] [1784296505.996649382] [unitree_safe_cmd_node]: Move x=0.060, z=0.250, stop_count=0, roi_count=0, nearest_x=inf, clear_frames=864
[INFO] [1784296506.556782168] [unitree_safe_cmd_node]: Move x=0.060, z=0.250, stop_count=0, roi_count=0, nearest_x=inf, clear_frames=870
[INFO] [1784296507.096595959] [unitree_safe_cmd_node]: Move x=0.060, z=0.250, stop_count=0, roi_count=0, nearest_x=inf, clear_frames=876
[INFO] [1784296507.597951423] [unitree_safe_cmd_node]: Move x=0.060, z=0.250, stop_count=0, roi_count=0, nearest_x=inf, clear_frames=881
[INFO] [1784296508.153903876] [unitree_safe_cmd_node]: Move x=0.060, z=0.250, stop_count=0, roi_count=0, nearest_x=inf, clear_frames=887
[INFO] [1784296508.705830077] [unitree_safe_cmd_node]: Move x=0.060, z=0.250, stop_count=0, roi_count=0, nearest_x=inf, clear_frames=893
[INFO] [1784296509.246843031] [unitree_safe_cmd_node]: Move x=0.060, z=0.250, stop_count=0, roi_count=0, nearest_x=inf, clear_frames=898
[INFO] [1784296509.796678976] [unitree_safe_cmd_node]: Move x=0.060, z=0.250, stop_count=0, roi_count=0, nearest_x=inf, clear_frames=904
[INFO] [1784296510.299053441] [unitree_safe_cmd_node]: Move x=0.060, z=0.250, stop_count=0, roi_count=0, nearest_x=inf, clear_frames=909
[INFO] [1784296510.797023079] [unitree_safe_cmd_node]: Move x=0.060, z=0.250, stop_count=0, roi_count=0, nearest_x=inf, clear_frames=914
[INFO] [1784296511.303096725] [unitree_safe_cmd_node]: Move x=0.060, z=0.250, stop_count=0, roi_count=0, nearest_x=inf, clear_frames=919
[INFO] [1784296511.872613295] [unitree_safe_cmd_node]: Move x=0.060, z=0.250, stop_count=0, roi_count=0, nearest_x=inf, clear_frames=925
[INFO] [1784296512.396928640] [unitree_safe_cmd_node]: Move x=0.060, z=0.250, stop_count=0, roi_count=0, nearest_x=inf, clear_frames=929
[INFO] [1784296512.947864818] [unitree_safe_cmd_node]: Move x=0.060, z=0.250, stop_count=0, roi_count=0, nearest_x=inf, clear_frames=932
[INFO] [1784296513.468796334] [unitree_safe_cmd_node]: Move x=0.060, z=0.250, stop_count=0, roi_count=0, nearest_x=inf, clear_frames=934
[INFO] [1784296514.001917021] [unitree_safe_cmd_node]: Move x=0.060, z=0.250, stop_count=0, roi_count=0, nearest_x=inf, clear_frames=937
[INFO] [1784296514.564141390] [unitree_safe_cmd_node]: Move x=0.060, z=0.250, stop_count=0, roi_count=0, nearest_x=inf, clear_frames=939
[INFO] [1784296515.096736522] [unitree_safe_cmd_node]: Move x=0.060, z=0.250, stop_count=0, roi_count=0, nearest_x=inf, clear_frames=941
[INFO] [1784296515.664189030] [unitree_safe_cmd_node]: Move x=0.060, z=0.250, stop_count=0, roi_count=0, nearest_x=inf, clear_frames=942
[INFO] [1784296516.146914707] [unitree_safe_cmd_node]: Move x=0.060, z=0.250, stop_count=0, roi_count=0, nearest_x=inf, clear_frames=942
[INFO] [1784296516.696523237] [unitree_safe_cmd_node]: Move x=0.060, z=0.250, stop_count=0, roi_count=0, nearest_x=inf, clear_frames=943
[INFO] [1784296517.196796912] [unitree_safe_cmd_node]: Move x=0.060, z=0.250, stop_count=0, roi_count=0, nearest_x=inf, clear_frames=944
[INFO] [1784296517.752936085] [unitree_safe_cmd_node]: Move x=0.060, z=0.250, stop_count=0, roi_count=0, nearest_x=inf, clear_frames=945
[INFO] [1784296518.296708194] [unitree_safe_cmd_node]: Move x=0.060, z=0.250, stop_count=0, roi_count=0, nearest_x=inf, clear_frames=946
[INFO] [1784296518.846472416] [unitree_safe_cmd_node]: Move x=0.060, z=0.250, stop_count=0, roi_count=0, nearest_x=inf, clear_frames=947
[INFO] [1784296519.396440665] [unitree_safe_cmd_node]: Move x=0.060, z=0.250, stop_count=0, roi_count=0, nearest_x=inf, clear_frames=948
[INFO] [1784296519.901351591] [unitree_safe_cmd_node]: Move x=0.060, z=0.250, stop_count=0, roi_count=0, nearest_x=inf, clear_frames=949
[INFO] [1784296520.460917481] [unitree_safe_cmd_node]: Move x=0.060, z=0.250, stop_count=0, roi_count=0, nearest_x=inf, clear_frames=950
[INFO] [1784296520.996742578] [unitree_safe_cmd_node]: Move x=0.060, z=0.250, stop_count=0, roi_count=0, nearest_x=inf, clear_frames=951
[INFO] [1784296521.546751393] [unitree_safe_cmd_node]: Move x=0.060, z=0.250, stop_count=0, roi_count=0, nearest_x=inf, clear_frames=953
[INFO] [1784296522.096604563] [unitree_safe_cmd_node]: Move x=0.060, z=0.250, stop_count=0, roi_count=0, nearest_x=inf, clear_frames=956
[INFO] [1784296522.646532607] [unitree_safe_cmd_node]: Move x=0.060, z=0.250, stop_count=0, roi_count=0, nearest_x=inf, clear_frames=958
[INFO] [1784296523.148189176] [unitree_safe_cmd_node]: Move x=0.060, z=0.250, stop_count=0, roi_count=0, nearest_x=inf, clear_frames=961
[INFO] [1784296523.696535530] [unitree_safe_cmd_node]: Move x=0.060, z=0.250, stop_count=0, roi_count=0, nearest_x=inf, clear_frames=965
[INFO] [1784296524.196741584] [unitree_safe_cmd_node]: Move x=0.060, z=0.250, stop_count=0, roi_count=0, nearest_x=inf, clear_frames=969
[INFO] [1784296524.696911512] [unitree_safe_cmd_node]: Move x=0.060, z=0.250, stop_count=0, roi_count=0, nearest_x=inf, clear_frames=974
[INFO] [1784296525.209503968] [unitree_safe_cmd_node]: Move x=0.060, z=0.250, stop_count=0, roi_count=0, nearest_x=inf, clear_frames=980
[INFO] [1784296525.719160708] [unitree_safe_cmd_node]: Move x=0.060, z=0.250, stop_count=0, roi_count=0, nearest_x=inf, clear_frames=985
[INFO] [1784296526.246696486] [unitree_safe_cmd_node]: Move x=0.060, z=0.250, stop_count=0, roi_count=0, nearest_x=inf, clear_frames=989
[INFO] [1784296526.796600850] [unitree_safe_cmd_node]: Move x=0.060, z=0.250, stop_count=0, roi_count=0, nearest_x=inf, clear_frames=994
[INFO] [1784296527.346425760] [unitree_safe_cmd_node]: Move x=0.060, z=0.250, stop_count=0, roi_count=0, nearest_x=inf, clear_frames=999
[INFO] [1784296527.846875910] [unitree_safe_cmd_node]: Move x=0.060, z=0.250, stop_count=0, roi_count=0, nearest_x=inf, clear_frames=1004
[INFO] [1784296528.346634348] [unitree_safe_cmd_node]: Move x=0.060, z=0.250, stop_count=0, roi_count=0, nearest_x=inf, clear_frames=1009
[INFO] [1784296528.846838237] [unitree_safe_cmd_node]: Move x=0.060, z=0.250, stop_count=0, roi_count=0, nearest_x=inf, clear_frames=1013
[INFO] [1784296529.396894813] [unitree_safe_cmd_node]: Move x=0.060, z=0.250, stop_count=0, roi_count=0, nearest_x=inf, clear_frames=1018
[INFO] [1784296529.946557528] [unitree_safe_cmd_node]: Move x=0.060, z=0.250, stop_count=0, roi_count=0, nearest_x=inf, clear_frames=1024
[INFO] [1784296530.446647087] [unitree_safe_cmd_node]: Move x=0.060, z=0.250, stop_count=0, roi_count=0, nearest_x=inf, clear_frames=1029
[INFO] [1784296530.996649949] [unitree_safe_cmd_node]: Move x=0.060, z=0.250, stop_count=0, roi_count=0, nearest_x=inf, clear_frames=1035
[INFO] [1784296531.555401189] [unitree_safe_cmd_node]: Move x=0.060, z=0.250, stop_count=0, roi_count=0, nearest_x=inf, clear_frames=1040
[INFO] [1784296532.096676480] [unitree_safe_cmd_node]: Move x=0.060, z=0.250, stop_count=0, roi_count=0, nearest_x=inf, clear_frames=1046
[INFO] [1784296532.596876373] [unitree_safe_cmd_node]: Move x=0.060, z=0.250, stop_count=0, roi_count=0, nearest_x=inf, clear_frames=1050
[INFO] [1784296533.099637290] [unitree_safe_cmd_node]: Move x=0.060, z=0.250, stop_count=0, roi_count=0, nearest_x=inf, clear_frames=1056
[INFO] [1784296533.646980600] [unitree_safe_cmd_node]: Move x=0.060, z=0.250, stop_count=0, roi_count=0, nearest_x=inf, clear_frames=1061
[INFO] [1784296534.196496090] [unitree_safe_cmd_node]: Move x=0.060, z=0.250, stop_count=0, roi_count=0, nearest_x=inf, clear_frames=1067
[INFO] [1784296534.696548055] [unitree_safe_cmd_node]: Move x=0.060, z=0.250, stop_count=0, roi_count=0, nearest_x=inf, clear_frames=1072
[INFO] [1784296535.246463700] [unitree_safe_cmd_node]: Move x=0.060, z=0.250, stop_count=0, roi_count=0, nearest_x=inf, clear_frames=1077
[INFO] [1784296535.746530666] [unitree_safe_cmd_node]: Move x=0.060, z=0.250, stop_count=0, roi_count=0, nearest_x=inf, clear_frames=1082
[INFO] [1784296536.250654250] [unitree_safe_cmd_node]: Move x=0.060, z=0.250, stop_count=0, roi_count=0, nearest_x=inf, clear_frames=1086
[INFO] [1784296536.800278869] [unitree_safe_cmd_node]: Move x=0.060, z=0.250, stop_count=0, roi_count=0, nearest_x=inf, clear_frames=1090
[INFO] [1784296537.353337681] [unitree_safe_cmd_node]: Move x=0.060, z=0.250, stop_count=0, roi_count=0, nearest_x=inf, clear_frames=1095
[INFO] [1784296537.882869883] [unitree_safe_cmd_node]: Move x=0.060, z=0.250, stop_count=0, roi_count=0, nearest_x=inf, clear_frames=1100
[INFO] [1784296538.396666452] [unitree_safe_cmd_node]: Move x=0.060, z=0.250, stop_count=0, roi_count=0, nearest_x=inf, clear_frames=1106
[INFO] [1784296538.946432769] [unitree_safe_cmd_node]: Move x=0.060, z=0.250, stop_count=0, roi_count=0, nearest_x=inf, clear_frames=1112
[INFO] [1784296539.446869477] [unitree_safe_cmd_node]: Move x=0.060, z=0.250, stop_count=0, roi_count=0, nearest_x=inf, clear_frames=1117
[INFO] [1784296540.010879353] [unitree_safe_cmd_node]: Move x=0.060, z=0.250, stop_count=0, roi_count=0, nearest_x=inf, clear_frames=1122
[INFO] [1784296540.546875921] [unitree_safe_cmd_node]: Move x=0.060, z=0.250, stop_count=0, roi_count=0, nearest_x=inf, clear_frames=1127
[INFO] [1784296541.096487225] [unitree_safe_cmd_node]: Move x=0.060, z=0.250, stop_count=0, roi_count=0, nearest_x=inf, clear_frames=1133
[INFO] [1784296541.603339564] [unitree_safe_cmd_node]: Move x=0.060, z=0.250, stop_count=0, roi_count=0, nearest_x=inf, clear_frames=1138
[INFO] [1784296542.146610653] [unitree_safe_cmd_node]: Move x=0.060, z=0.250, stop_count=0, roi_count=0, nearest_x=inf, clear_frames=1144
[INFO] [1784296542.646648595] [unitree_safe_cmd_node]: Move x=0.060, z=0.250, stop_count=0, roi_count=0, nearest_x=inf, clear_frames=1149
[INFO] [1784296543.155667632] [unitree_safe_cmd_node]: Move x=0.060, z=0.250, stop_count=0, roi_count=0, nearest_x=inf, clear_frames=1155
[INFO] [1784296543.696942896] [unitree_safe_cmd_node]: Move x=0.060, z=0.250, stop_count=0, roi_count=0, nearest_x=inf, clear_frames=1159
[INFO] [1784296544.205893637] [unitree_safe_cmd_node]: Move x=0.060, z=0.250, stop_count=0, roi_count=0, nearest_x=inf, clear_frames=1163
[INFO] [1784296544.697696509] [unitree_safe_cmd_node]: Move x=0.060, z=0.250, stop_count=0, roi_count=0, nearest_x=inf, clear_frames=1169
[INFO] [1784296545.246478738] [unitree_safe_cmd_node]: Move x=0.060, z=0.250, stop_count=0, roi_count=0, nearest_x=inf, clear_frames=1173
[INFO] [1784296545.746746424] [unitree_safe_cmd_node]: Move x=0.060, z=0.250, stop_count=0, roi_count=0, nearest_x=inf, clear_frames=1178
[INFO] [1784296546.296620495] [unitree_safe_cmd_node]: Move x=0.060, z=0.250, stop_count=0, roi_count=0, nearest_x=inf, clear_frames=1184
[INFO] [1784296546.833188229] [unitree_safe_cmd_node]: Move x=0.060, z=0.250, stop_count=0, roi_count=0, nearest_x=inf, clear_frames=1189
[INFO] [1784296547.346967149] [unitree_safe_cmd_node]: Move x=0.060, z=0.250, stop_count=0, roi_count=0, nearest_x=inf, clear_frames=1191
[INFO] [1784296547.847637846] [unitree_safe_cmd_node]: Move x=0.060, z=0.250, stop_count=0, roi_count=0, nearest_x=inf, clear_frames=1193
[INFO] [1784296548.396578389] [unitree_safe_cmd_node]: Move x=0.060, z=0.250, stop_count=0, roi_count=0, nearest_x=inf, clear_frames=1196
[INFO] [1784296548.952884926] [unitree_safe_cmd_node]: Move x=0.060, z=0.250, stop_count=0, roi_count=0, nearest_x=inf, clear_frames=1200
[INF