[INFO] [0001202013.103605216] [route_recorder]: route_recorder started
[INFO] [0001202013.104505664] [route_recorder]: odom_topic: /Odometry
[INFO] [0001202013.105128704] [route_recorder]: route_file: /home/unitree/go2_fastlio_ws/src/go2_fastlio_patrol/routes/tju206260710test6-lx.csv
[INFO] [0001202013.105740928] [route_recorder]: min_distance: 0.4
[INFO] [0001202013.140590912] [route_recorder]: saved point 0: x=0.035, y=0.007, yaw=0.001
[INFO] [0001202060.971585472] [route_recorder]: saved point 1: x=0.477, y=0.043, yaw=0.003
[INFO] [0001202062.209462592] [route_recorder]: saved point 2: x=0.911, y=0.092, yaw=0.056
[INFO] [0001202062.652506720] [route_recorder]: saved point 3: x=1.332, y=0.116, yaw=0.059
[INFO] [0001202063.019739168] [route_recorder]: saved point 4: x=1.757, y=0.165, yaw=0.062
[INFO] [0001202063.491011584] [route_recorder]: saved point 5: x=2.189, y=0.174, yaw=0.047
[INFO] [0001202063.977053824] [route_recorder]: saved point 6: x=2.612, y=0.185, yaw=0.033
[INFO] [0001202064.448124576] [route_recorder]: saved point 7: x=3.033, y=0.200, yaw=-0.053
[INFO] [0001202065.121906880] [route_recorder]: saved point 8: x=3.464, y=0.251, yaw=0.099
[INFO] [0001202065.774570592] [route_recorder]: saved point 9: x=3.895, y=0.240, yaw=-0.002
[INFO] [0001202066.411859552] [route_recorder]: saved point 10: x=4.328, y=0.213, yaw=-0.002
[INFO] [0001202066.954297472] [route_recorder]: saved point 11: x=4.746, y=0.267, yaw=0.007
[INFO] [0001202067.487394720] [route_recorder]: saved point 12: x=5.200, y=0.292, yaw=0.001
[INFO] [0001202071.462037216] [route_recorder]: saved point 13: x=5.037, y=0.697, yaw=1.275
[INFO] [0001202071.932530496] [route_recorder]: saved point 14: x=5.107, y=1.193, yaw=1.279
[INFO] [0001202072.316779296] [route_recorder]: saved point 15: x=5.105, y=1.665, yaw=1.269
[INFO] [0001202072.728562496] [route_recorder]: saved point 16: x=5.166, y=2.195, yaw=1.261
[INFO] [0001202073.002499744] [route_recorder]: saved point 17: x=5.198, y=2.614, yaw=1.260
[INFO] [0001202073.296660768] [route_recorder]: saved point 18: x=5.247, y=3.012, yaw=1.240
[INFO] [0001202074.258855232] [route_recorder]: saved point 19: x=5.216, y=3.488, yaw=1.391
[INFO] [0001202074.675565984] [route_recorder]: saved point 20: x=5.244, y=3.914, yaw=1.353
[INFO] [0001202074.963392864] [route_recorder]: saved point 21: x=5.165, y=4.364, yaw=1.347
[INFO] [0001202075.343008608] [route_recorder]: saved point 22: x=5.134, y=4.854, yaw=1.340
[INFO] [0001202075.740915584] [route_recorder]: saved point 23: x=5.164, y=5.355, yaw=1.333
[INFO] [0001202076.089804608] [route_recorder]: saved point 24: x=5.133, y=5.764, yaw=1.331
[INFO] [0001202076.380161568] [route_recorder]: saved point 25: x=5.112, y=6.176, yaw=1.339
[INFO] [0001202076.672691136] [route_recorder]: saved point 26: x=5.128, y=6.631, yaw=1.349
[INFO] [0001202076.948137248] [route_recorder]: saved point 27: x=5.092, y=7.050, yaw=1.327
[INFO] [0001202077.326503904] [route_recorder]: saved point 28: x=5.045, y=7.532, yaw=1.341
[INFO] [0001202077.705350400] [route_recorder]: saved point 29: x=5.051, y=8.063, yaw=1.326
[INFO] [0001202078.009046944] [route_recorder]: saved point 30: x=5.038, y=8.489, yaw=1.338
[INFO] [0001202078.407139712] [route_recorder]: saved point 31: x=5.053, y=9.021, yaw=1.345
[INFO] [0001202078.786244800] [route_recorder]: saved point 32: x=5.000, y=9.551, yaw=1.328
[INFO] [0001202079.358700608] [route_recorder]: saved point 33: x=4.977, y=10.055, yaw=1.330
[INFO] [0001202079.648326656] [route_recorder]: saved point 34: x=4.983, y=10.525, yaw=1.336
[INFO] [0001202080.024017600] [route_recorder]: saved point 35: x=4.934, y=10.977, yaw=1.373
[INFO] [0001202080.421088224] [route_recorder]: saved point 36: x=4.969, y=11.434, yaw=1.360
[INFO] [0001202080.841776896] [route_recorder]: saved point 37: x=4.907, y=11.945, yaw=1.360
[INFO] [0001202081.230693120] [route_recorder]: saved point 38: x=4.896, y=12.469, yaw=1.370
[INFO] [0001202081.612702976] [route_recorder]: saved point 39: x=4.944, y=12.975, yaw=1.362
[INFO] [0001202082.035632384] [route_recorder]: saved point 40: x=4.860, y=13.464, yaw=1.349
[INFO] [0001202082.455701536] [route_recorder]: saved point 41: x=4.821, y=13.940, yaw=1.387
[INFO] [0001202082.747297312] [route_recorder]: saved point 42: x=4.828, y=14.363, yaw=1.354
[INFO] [0001202083.120311136] [route_recorder]: saved point 43: x=4.770, y=14.844, yaw=1.372
[INFO] [0001202083.503059200] [route_recorder]: saved point 44: x=4.719, y=15.346, yaw=1.370
[INFO] [0001202083.886684416] [route_recorder]: saved point 45: x=4.682, y=15.871, yaw=1.374
[INFO] [0001202084.280158144] [route_recorder]: saved point 46: x=4.648, y=16.388, yaw=1.372
[INFO] [0001202084.672067168] [route_recorder]: saved point 47: x=4.596, y=16.863, yaw=1.369
[INFO] [0001202088.481869504] [route_recorder]: saved point 48: x=4.157, y=16.835, yaw=-3.108
[INFO] [0001202088.829148480] [route_recorder]: saved point 49: x=3.744, y=16.842, yaw=-3.116
[INFO] [0001202089.212099904] [route_recorder]: saved point 50: x=3.258, y=16.875, yaw=-3.119
[INFO] [0001202089.596649984] [route_recorder]: saved point 51: x=2.769, y=16.883, yaw=-3.131
[INFO] [0001202089.996077248] [route_recorder]: saved point 52: x=2.278, y=16.899, yaw=-3.139
[INFO] [0001202090.371843104] [route_recorder]: saved point 53: x=1.770, y=16.890, yaw=-3.126
[INFO] [0001202090.752478560] [route_recorder]: saved point 54: x=1.270, y=16.930, yaw=3.060
[INFO] [0001202091.229236736] [route_recorder]: saved point 55: x=0.807, y=17.014, yaw=2.952
[INFO] [0001202091.695386752] [route_recorder]: saved point 56: x=0.365, y=17.144, yaw=2.801
[INFO] [0001202092.077342208] [route_recorder]: saved point 57: x=-0.023, y=17.265, yaw=2.692
[INFO] [0001202092.477939584] [route_recorder]: saved point 58: x=-0.433, y=17.393, yaw=2.684
[INFO] [0001202092.863153312] [route_recorder]: saved point 59: x=-0.909, y=17.558, yaw=2.686
[INFO] [0001202093.240607648] [route_recorder]: saved point 60: x=-1.382, y=17.700, yaw=2.775
[INFO] [0001202093.710854784] [route_recorder]: saved point 61: x=-1.860, y=17.754, yaw=2.944
[INFO] [0001202094.123700288] [route_recorder]: saved point 62: x=-2.268, y=17.778, yaw=3.041
[INFO] [0001202094.520234080] [route_recorder]: saved point 63: x=-2.714, y=17.845, yaw=3.044
[INFO] [0001202094.900820416] [route_recorder]: saved point 64: x=-3.235, y=17.835, yaw=3.047
[INFO] [0001202095.281300384] [route_recorder]: saved point 65: x=-3.713, y=17.898, yaw=3.069
[INFO] [0001202095.666570752] [route_recorder]: saved point 66: x=-4.227, y=17.942, yaw=3.065
[INFO] [0001202096.034471072] [route_recorder]: saved point 67: x=-4.743, y=17.965, yaw=3.075
[INFO] [0001202096.483059168] [route_recorder]: saved point 68: x=-5.234, y=17.961, yaw=3.068
[INFO] [0001202096.761211296] [route_recorder]: saved point 69: x=-5.636, y=18.006, yaw=3.089
[INFO] [0001202097.136275936] [route_recorder]: saved point 70: x=-6.154, y=18.036, yaw=3.087
[INFO] [0001202097.520118432] [route_recorder]: saved point 71: x=-6.660, y=18.036, yaw=3.090
[INFO] [0001202097.890399776] [route_recorder]: saved point 72: x=-7.149, y=18.050, yaw=3.083
[INFO] [0001202098.287940032] [route_recorder]: saved point 73: x=-7.644, y=18.043, yaw=3.092
[INFO] [0001202098.686797120] [route_recorder]: saved point 74: x=-8.168, y=18.067, yaw=3.099
[INFO] [0001202099.056068384] [route_recorder]: saved point 75: x=-8.602, y=18.110, yaw=3.123
[INFO] [0001202103.504887424] [route_recorder]: saved point 76: x=-8.910, y=17.772, yaw=-2.787
[INFO] [0001202104.006886144] [route_recorder]: saved point 77: x=-9.382, y=17.651, yaw=-2.779
[INFO] [0001202104.431401824] [route_recorder]: saved point 78: x=-9.790, y=17.557, yaw=-2.781
[INFO] [0001202104.854460576] [route_recorder]: saved point 79: x=-10.233, y=17.520, yaw=-2.848
[INFO] [0001202105.349378912] [route_recorder]: saved point 80: x=-10.639, y=17.411, yaw=-2.903
[INFO] [0001202105.845363808] [route_recorder]: saved point 81: x=-11.096, y=17.332, yaw=-2.949
[INFO] [0001202106.374338496] [route_recorder]: saved point 82: x=-11.595, y=17.269, yaw=-2.915
[INFO] [0001202106.775432512] [route_recorder]: saved point 83: x=-12.048, y=17.233, yaw=-2.917
[INFO] [0001202107.173724384] [route_recorder]: saved point 84: x=-12.465, y=17.149, yaw=-2.923
[INFO] [0001202107.628979360] [route_recorder]: saved point 85: x=-12.899, y=17.076, yaw=-2.902
[INFO] [0001202108.041399328] [route_recorder]: saved point 86: x=-13.332, y=17.024, yaw=-2.927
[INFO] [0001202108.443919168] [route_recorder]: saved point 87: x=-13.791, y=16.964, yaw=-2.922
[INFO] [0001202108.844127232] [route_recorder]: saved point 88: x=-14.255, y=16.892, yaw=-2.926
[INFO] [0001202109.509506112] [route_recorder]: saved point 89: x=-14.710, y=16.831, yaw=-3.020
[INFO] [0001202109.919660640] [route_recorder]: saved point 90: x=-15.192, y=16.794, yaw=-2.999
[INFO] [0001202110.329431872] [route_recorder]: saved point 91: x=-15.633, y=16.817, yaw=-3.022
[INFO] [0001202110.806885216] [route_recorder]: saved point 92: x=-16.056, y=16.743, yaw=-3.037
[INFO] [0001202111.129117984] [route_recorder]: saved point 93: x=-16.483, y=16.679, yaw=-3.030
[INFO] [0001202111.502952128] [route_recorder]: saved point 94: x=-16.915, y=16.616, yaw=-3.019
[INFO] [0001202111.886610080] [route_recorder]: saved point 95: x=-17.379, y=16.617, yaw=-2.986
[INFO] [0001202112.470710976] [route_recorder]: saved point 96: x=-17.858, y=16.553, yaw=-2.946
[INFO] [0001202112.940626688] [route_recorder]: saved point 97: x=-18.363, y=16.510, yaw=-2.938
[INFO] [0001202113.320741568] [route_recorder]: saved point 98: x=-18.815, y=16.491, yaw=-2.922
[INFO] [0001202113.708156640] [route_recorder]: saved point 99: x=-19.248, y=16.369, yaw=-2.922
[INFO] [0001202118.293006240] [route_recorder]: saved point 100: x=-19.241, y=15.949, yaw=-1.325
[INFO] [0001202118.701093792] [route_recorder]: saved point 101: x=-19.233, y=15.448, yaw=-1.325
[INFO] [0001202119.073175744] [route_recorder]: saved point 102: x=-19.239, y=14.921, yaw=-1.317
[INFO] [0001202119.502699072] [route_recorder]: saved point 103: x=-19.293, y=14.414, yaw=-1.307
[INFO] [0001202119.850404000] [route_recorder]: saved point 104: x=-19.287, y=13.884, yaw=-1.311
[INFO] [0001202120.157812032] [route_recorder]: saved point 105: x=-19.283, y=13.471, yaw=-1.330
[INFO] [0001202120.457686144] [route_recorder]: saved point 106: x=-19.348, y=13.067, yaw=-1.326
[INFO] [0001202120.738083968] [route_recorder]: saved point 107: x=-19.314, y=12.627, yaw=-1.303
[INFO] [0001202121.018048224] [route_recorder]: saved point 108: x=-19.298, y=12.222, yaw=-1.305
[INFO] [0001202121.301534176] [route_recorder]: saved point 109: x=-19.305, y=11.788, yaw=-1.298
[INFO] [0001202121.592224992] [route_recorder]: saved point 110: x=-19.310, y=11.368, yaw=-1.334
[INFO] [0001202121.872815680] [route_recorder]: saved point 111: x=-19.333, y=10.941, yaw=-1.305
[INFO] [0001202122.158803552] [route_recorder]: saved point 112: x=-19.317, y=10.496, yaw=-1.305
[INFO] [0001202122.437640800] [route_recorder]: saved point 113: x=-19.307, y=10.083, yaw=-1.295
[INFO] [0001202122.745745568] [route_recorder]: saved point 114: x=-19.315, y=9.678, yaw=-1.312
[INFO] [0001202123.066209184] [route_recorder]: saved point 115: x=-19.299, y=9.243, yaw=-1.327
[INFO] [0001202123.355386400] [route_recorder]: saved point 116: x=-19.288, y=8.820, yaw=-1.302
[INFO] [0001202123.636706368] [route_recorder]: saved point 117: x=-19.369, y=8.424, yaw=-1.299
[INFO] [0001202123.925047232] [route_recorder]: saved point 118: x=-19.337, y=7.998, yaw=-1.299
[INFO] [0001202124.232869888] [route_recorder]: saved point 119: x=-19.295, y=7.593, yaw=-1.313
[INFO] [0001202124.543257120] [route_recorder]: saved point 120: x=-19.273, y=7.161, yaw=-1.298
[INFO] [0001202124.829481792] [route_recorder]: saved point 121: x=-19.281, y=6.741, yaw=-1.302
[INFO] [0001202125.120824256] [route_recorder]: saved point 122: x=-19.245, y=6.292, yaw=-1.280
[INFO] [0001202125.393647936] [route_recorder]: saved point 123: x=-19.154, y=5.871, yaw=-1.298
[INFO] [0001202126.842783040] [route_recorder]: saved point 124: x=-19.217, y=5.419, yaw=-1.308
[INFO] [0001202127.412324352] [route_recorder]: saved point 125: x=-19.174, y=5.014, yaw=-1.275
[INFO] [0001202130.205388640] [route_recorder]: saved point 126: x=-18.775, y=5.179, yaw=-0.051
[INFO] [0001202130.809413248] [route_recorder]: saved point 127: x=-18.338, y=5.200, yaw=-0.059
[INFO] [0001202131.213929376] [route_recorder]: saved point 128: x=-17.909, y=5.202, yaw=-0.074
[INFO] [0001202135.091999392] [route_recorder]: saved point 129: x=-17.699, y=4.822, yaw=-1.315
[INFO] [0001202135.559762720] [route_recorder]: saved point 130: x=-17.708, y=4.405, yaw=-1.327
[INFO] [0001202135.949120704] [route_recorder]: saved point 131: x=-17.673, y=3.959, yaw=-1.306
[INFO] [0001202136.356917632] [route_recorder]: saved point 132: x=-17.657, y=3.491, yaw=-1.288
[INFO] [0001202136.868102080] [route_recorder]: saved point 133: x=-17.643, y=3.039, yaw=-1.309
[INFO] [0001202140.140389504] [route_recorder]: saved point 134: x=-17.204, y=2.942, yaw=-0.143
[INFO] [0001202140.640084160] [route_recorder]: saved point 135: x=-16.757, y=2.837, yaw=-0.155
[INFO] [0001202141.033278688] [route_recorder]: saved point 136: x=-16.332, y=2.797, yaw=-0.150
[INFO] [0001202141.433590016] [route_recorder]: saved point 137: x=-15.935, y=2.721, yaw=-0.144
[INFO] [0001202141.932392480] [route_recorder]: saved point 138: x=-15.531, y=2.640, yaw=-0.159
[INFO] [0001202144.108135584] [route_recorder]: saved point 139: x=-15.527, y=2.229, yaw=-1.060
[INFO] [0001202144.508876736] [route_recorder]: saved point 140: x=-15.429, y=1.832, yaw=-1.047
[INFO] [0001202144.903746560] [route_recorder]: saved point 141: x=-15.271, y=1.363, yaw=-1.023
[INFO] [0001202145.299086016] [route_recorder]: saved point 142: x=-15.129, y=0.881, yaw=-1.026
[INFO] [0001202145.698452256] [route_recorder]: saved point 143: x=-14.991, y=0.371, yaw=-1.029
[INFO] [0001202146.095919328] [route_recorder]: saved point 144: x=-14.788, y=-0.135, yaw=-1.024
[INFO] [0001202146.390789024] [route_recorder]: saved point 145: x=-14.643, y=-0.542, yaw=-1.031
[INFO] [0001202150.858169600] [route_recorder]: saved point 146: x=-14.234, y=-0.619, yaw=-0.008
[INFO] [0001202151.371641088] [route_recorder]: saved point 147: x=-13.769, y=-0.595, yaw=-0.012
[INFO] [0001202151.779803040] [route_recorder]: saved point 148: x=-13.327, y=-0.575, yaw=-0.004
[INFO] [0001202152.180114560] [route_recorder]: saved point 149: x=-12.893, y=-0.604, yaw=0.021
[INFO] [0001202152.673077024] [route_recorder]: saved point 150: x=-12.371, y=-0.568, yaw=0.036
[INFO] [0001202153.069981600] [route_recorder]: saved point 151: x=-11.922, y=-0.516, yaw=0.047
[INFO] [0001202153.466717184] [route_recorder]: saved point 152: x=-11.450, y=-0.466, yaw=0.036
[INFO] [0001202153.862987936] [route_recorder]: saved point 153: x=-11.028, y=-0.395, yaw=0.038
[INFO] [0001202154.258278528] [route_recorder]: saved point 154: x=-10.503, y=-0.362, yaw=0.047
[INFO] [0001202154.656096480] [route_recorder]: saved point 155: x=-10.000, y=-0.368, yaw=0.047
[INFO] [0001202155.064135392] [route_recorder]: saved point 156: x=-9.535, y=-0.336, yaw=0.032
[INFO] [0001202155.460569056] [route_recorder]: saved point 157: x=-9.057, y=-0.274, yaw=0.044
[INFO] [0001202155.759655040] [route_recorder]: saved point 158: x=-8.657, y=-0.253, yaw=0.055
[INFO] [0001202156.187675200] [route_recorder]: saved point 159: x=-8.207, y=-0.221, yaw=0.064
[INFO] [0001202156.591245824] [route_recorder]: saved point 160: x=-7.704, y=-0.172, yaw=0.058
[INFO] [0001202156.989792832] [route_recorder]: saved point 161: x=-7.186, y=-0.138, yaw=0.069
[INFO] [0001202157.390076064] [route_recorder]: saved point 162: x=-6.716, y=-0.009, yaw=0.069
[INFO] [0001202157.817153248] [route_recorder]: saved point 163: x=-6.243, y=0.003, yaw=0.070
[INFO] [0001202158.220911520] [route_recorder]: saved point 164: x=-5.739, y=0.050, yaw=0.066
[INFO] [0001202158.621091264] [route_recorder]: saved point 165: x=-5.291, y=0.125, yaw=0.062
[INFO] [0001202159.026227232] [route_recorder]: saved point 166: x=-4.765, y=0.093, yaw=0.074
[INFO] [0001202159.445262560] [route_recorder]: saved point 167: x=-4.334, y=0.221, yaw=0.065
[INFO] [0001202159.845743264] [route_recorder]: saved point 168: x=-3.852, y=0.301, yaw=0.077
[INFO] [0001202160.243346848] [route_recorder]: saved p