[INFO] [1783241536.053893374] [route_recorder]: route_recorder started
[INFO] [1783241536.054946685] [route_recorder]: odom_topic: /Odometry
[INFO] [1783241536.059844144] [route_recorder]: route_file: /home/unitree/go2_fastlio_ws/src/go2_fastlio_patrol/routes/zhonghaixing.csv
[INFO] [1783241536.060505785] [route_recorder]: min_distance: 0.4
[INFO] [1783241536.215320111] [route_recorder]: saved point 0: x=-0.023, y=0.002, yaw=-0.001
[INFO] [1783241643.067550270] [route_recorder]: saved point 1: x=0.454, y=0.020, yaw=0.018
[INFO] [1783241643.571616600] [route_recorder]: saved point 2: x=0.873, y=0.036, yaw=0.018
[INFO] [1783241644.469163037] [route_recorder]: saved point 3: x=1.286, y=0.046, yaw=0.053
[INFO] [1783241645.068867862] [route_recorder]: saved point 4: x=1.756, y=0.050, yaw=0.041
[INFO] [1783241645.575956861] [route_recorder]: saved point 5: x=2.197, y=0.087, yaw=0.046
[INFO] [1783241646.068485734] [route_recorder]: saved point 6: x=2.642, y=0.101, yaw=0.045
[INFO] [1783241646.704425341] [route_recorder]: saved point 7: x=3.075, y=0.109, yaw=0.040
[INFO] [1783241647.201718877] [route_recorder]: saved point 8: x=3.504, y=0.101, yaw=0.040
[INFO] [1783241647.634706305] [route_recorder]: saved point 9: x=4.011, y=0.157, yaw=0.051
[INFO] [1783241648.073903106] [route_recorder]: saved point 10: x=4.490, y=0.159, yaw=0.059
[INFO] [1783241648.566730148] [route_recorder]: saved point 11: x=4.946, y=0.183, yaw=0.051
[INFO] [1783241649.067632382] [route_recorder]: saved point 12: x=5.409, y=0.218, yaw=0.049
[INFO] [1783241649.601915222] [route_recorder]: saved point 13: x=5.884, y=0.218, yaw=0.057
[INFO] [1783241650.094060337] [route_recorder]: saved point 14: x=6.376, y=0.244, yaw=0.061
[INFO] [1783241650.570689599] [route_recorder]: saved point 15: x=6.832, y=0.254, yaw=0.061
[INFO] [1783241651.068878264] [route_recorder]: saved point 16: x=7.289, y=0.286, yaw=0.059
[INFO] [1783241651.465612551] [route_recorder]: saved point 17: x=7.697, y=0.299, yaw=0.051
[INFO] [1783241651.966165204] [route_recorder]: saved point 18: x=8.177, y=0.315, yaw=0.057
[INFO] [1783241652.472398878] [route_recorder]: saved point 19: x=8.623, y=0.371, yaw=0.056
[INFO] [1783241653.030365554] [route_recorder]: saved point 20: x=9.082, y=0.373, yaw=0.056
[INFO] [1783241653.501751302] [route_recorder]: saved point 21: x=9.562, y=0.395, yaw=0.060
[INFO] [1783241653.970202963] [route_recorder]: saved point 22: x=10.049, y=0.432, yaw=0.058
[INFO] [1783241654.782405029] [route_recorder]: saved point 23: x=10.373, y=0.701, yaw=0.958
[INFO] [1783241655.573686419] [route_recorder]: saved point 24: x=10.498, y=1.089, yaw=1.154
[INFO] [1783241656.422615958] [route_recorder]: saved point 25: x=10.674, y=1.495, yaw=1.124
[INFO] [1783241656.969293690] [route_recorder]: saved point 26: x=10.850, y=1.893, yaw=1.111
[INFO] [1783241658.273974323] [route_recorder]: saved point 27: x=11.297, y=1.946, yaw=0.087
[INFO] [1783241658.782122750] [route_recorder]: saved point 28: x=11.787, y=1.946, yaw=0.046
[INFO] [1783241659.170173421] [route_recorder]: saved point 29: x=12.224, y=1.959, yaw=0.034
[INFO] [1783241662.075269953] [route_recorder]: saved point 30: x=12.630, y=1.990, yaw=0.087
[INFO] [1783241662.680824000] [route_recorder]: saved point 31: x=13.120, y=2.003, yaw=0.092
[INFO] [1783241663.099382898] [route_recorder]: saved point 32: x=13.516, y=2.066, yaw=0.086
[INFO] [1783241664.065370586] [route_recorder]: saved point 33: x=13.954, y=2.094, yaw=0.089
[INFO] [1783241664.566434304] [route_recorder]: saved point 34: x=14.410, y=2.123, yaw=0.084
[INFO] [1783241664.989758505] [route_recorder]: saved point 35: x=14.845, y=2.153, yaw=0.071
[INFO] [1783241665.388567377] [route_recorder]: saved point 36: x=15.257, y=2.186, yaw=0.060
[INFO] [1783241665.770297569] [route_recorder]: saved point 37: x=15.677, y=2.215, yaw=0.055
[INFO] [1783241666.212981207] [route_recorder]: saved point 38: x=16.083, y=2.261, yaw=0.073
[INFO] [1783241666.581957825] [route_recorder]: saved point 39: x=16.501, y=2.271, yaw=0.083
[INFO] [1783241667.071467750] [route_recorder]: saved point 40: x=16.983, y=2.314, yaw=0.087
[INFO] [1783241667.473029451] [route_recorder]: saved point 41: x=17.391, y=2.348, yaw=0.091
[INFO] [1783241667.871634279] [route_recorder]: saved point 42: x=17.821, y=2.371, yaw=0.089
[INFO] [1783241668.372904346] [route_recorder]: saved point 43: x=18.299, y=2.424, yaw=0.089
[INFO] [1783241668.872217989] [route_recorder]: saved point 44: x=18.793, y=2.456, yaw=0.089
[INFO] [1783241669.273497779] [route_recorder]: saved point 45: x=19.221, y=2.485, yaw=0.081
[INFO] [1783241669.680395197] [route_recorder]: saved point 46: x=19.632, y=2.538, yaw=0.074
[INFO] [1783241670.179379541] [route_recorder]: saved point 47: x=20.085, y=2.562, yaw=0.078
[INFO] [1783241670.672486301] [route_recorder]: saved point 48: x=20.527, y=2.617, yaw=0.079
[INFO] [1783241671.175164099] [route_recorder]: saved point 49: x=20.951, y=2.642, yaw=0.069
[INFO] [1783241671.872359018] [route_recorder]: saved point 50: x=21.428, y=2.677, yaw=0.083
[INFO] [1783241672.375087568] [route_recorder]: saved point 51: x=21.901, y=2.719, yaw=0.079
[INFO] [1783241672.913790036] [route_recorder]: saved point 52: x=22.363, y=2.764, yaw=0.071
[INFO] [1783241673.875716143] [route_recorder]: saved point 53: x=22.803, y=2.808, yaw=0.090
[INFO] [1783241674.367798464] [route_recorder]: saved point 54: x=23.242, y=2.851, yaw=0.093
[INFO] [1783241674.869673816] [route_recorder]: saved point 55: x=23.709, y=2.922, yaw=0.099
[INFO] [1783241675.375064052] [route_recorder]: saved point 56: x=24.161, y=2.961, yaw=0.104
[INFO] [1783241676.572562783] [route_recorder]: saved point 57: x=24.560, y=3.049, yaw=0.364
[INFO] [1783241677.374576802] [route_recorder]: saved point 58: x=24.955, y=3.200, yaw=0.410
[INFO] [1783241678.861945678] [route_recorder]: saved point 59: x=25.359, y=3.353, yaw=0.283
[INFO] [1783241679.491279279] [route_recorder]: saved point 60: x=25.802, y=3.459, yaw=0.290
[INFO] [1783241679.993227938] [route_recorder]: saved point 61: x=26.244, y=3.603, yaw=0.294
[INFO] [1783241680.485725238] [route_recorder]: saved point 62: x=26.623, y=3.762, yaw=0.285
[INFO] [1783241680.973404978] [route_recorder]: saved point 63: x=27.059, y=3.867, yaw=0.291
[INFO] [1783241681.483541450] [route_recorder]: saved point 64: x=27.511, y=4.031, yaw=0.290
[INFO] [1783241681.981255274] [route_recorder]: saved point 65: x=27.940, y=4.153, yaw=0.295
[INFO] [1783241682.479660685] [route_recorder]: saved point 66: x=28.389, y=4.298, yaw=0.292
[INFO] [1783241682.989239624] [route_recorder]: saved point 67: x=28.849, y=4.357, yaw=0.100
[INFO] [1783241683.574245226] [route_recorder]: saved point 68: x=29.285, y=4.370, yaw=-0.001
[INFO] [1783241684.776340961] [route_recorder]: saved point 69: x=29.731, y=4.383, yaw=0.001
[INFO] [1783241685.272870716] [route_recorder]: saved point 70: x=30.137, y=4.365, yaw=0.013
[INFO] [1783241685.788926156] [route_recorder]: saved point 71: x=30.605, y=4.360, yaw=0.014
[INFO] [1783241686.176386384] [route_recorder]: saved point 72: x=31.029, y=4.369, yaw=0.019
[INFO] [1783241686.692112539] [route_recorder]: saved point 73: x=31.465, y=4.358, yaw=0.006
[INFO] [1783241686.993769624] [route_recorder]: saved point 74: x=31.890, y=4.350, yaw=0.002
[INFO] [1783241687.370096639] [route_recorder]: saved point 75: x=32.322, y=4.372, yaw=0.003
[INFO] [1783241687.765797898] [route_recorder]: saved point 76: x=32.761, y=4.367, yaw=-0.005
[INFO] [1783241688.167264492] [route_recorder]: saved point 77: x=33.216, y=4.345, yaw=0.001
[INFO] [1783241688.568426658] [route_recorder]: saved point 78: x=33.668, y=4.362, yaw=0.018
[INFO] [1783241688.990562369] [route_recorder]: saved point 79: x=34.089, y=4.376, yaw=0.019
[INFO] [1783241689.373391568] [route_recorder]: saved point 80: x=34.574, y=4.376, yaw=0.026
[INFO] [1783241689.787876927] [route_recorder]: saved point 81: x=35.023, y=4.352, yaw=0.030
[INFO] [1783241690.178447745] [route_recorder]: saved point 82: x=35.534, y=4.409, yaw=0.038
[INFO] [1783241690.577581998] [route_recorder]: saved point 83: x=35.994, y=4.411, yaw=0.028
[INFO] [1783241690.976537701] [route_recorder]: saved point 84: x=36.460, y=4.400, yaw=0.025
[INFO] [1783241691.377420000] [route_recorder]: saved point 85: x=36.939, y=4.407, yaw=0.008
[INFO] [1783241691.792439869] [route_recorder]: saved point 86: x=37.413, y=4.426, yaw=0.007
[INFO] [1783241692.186283769] [route_recorder]: saved point 87: x=37.896, y=4.428, yaw=0.010
[INFO] [1783241692.581722415] [route_recorder]: saved point 88: x=38.361, y=4.440, yaw=0.001
[INFO] [1783241692.992575067] [route_recorder]: saved point 89: x=38.831, y=4.430, yaw=0.004
[INFO] [1783241693.376943225] [route_recorder]: saved point 90: x=39.321, y=4.444, yaw=0.011
[INFO] [1783241693.780422432] [route_recorder]: saved point 91: x=39.805, y=4.441, yaw=0.009
[INFO] [1783241694.175184375] [route_recorder]: saved point 92: x=40.259, y=4.454, yaw=0.018
[INFO] [1783241694.576692002] [route_recorder]: saved point 93: x=40.750, y=4.449, yaw=0.018
[INFO] [1783241694.997622785] [route_recorder]: saved point 94: x=41.215, y=4.451, yaw=0.020
[INFO] [1783241695.382965100] [route_recorder]: saved point 95: x=41.675, y=4.430, yaw=0.029
[INFO] [1783241695.775539063] [route_recorder]: saved point 96: x=42.155, y=4.458, yaw=0.032
[INFO] [1783241696.189592922] [route_recorder]: saved point 97: x=42.631, y=4.451, yaw=0.037
[INFO] [1783241696.577719393] [route_recorder]: saved point 98: x=43.105, y=4.458, yaw=0.039
[INFO] [1783241696.985907455] [route_recorder]: saved point 99: x=43.600, y=4.484, yaw=0.035
[INFO] [1783241697.517932777] [route_recorder]: saved point 100: x=44.067, y=4.485, yaw=0.026
[INFO] [1783241697.808929079] [route_recorder]: saved point 101: x=44.524, y=4.493, yaw=0.025
[INFO] [1783241698.215323294] [route_recorder]: saved point 102: x=44.966, y=4.505, yaw=0.022
[INFO] [1783241698.578487561] [route_recorder]: saved point 103: x=45.459, y=4.514, yaw=0.027
[INFO] [1783241698.975604900] [route_recorder]: saved point 104: x=45.936, y=4.535, yaw=0.025
[INFO] [1783241699.391251449] [route_recorder]: saved point 105: x=46.404, y=4.558, yaw=0.028
[INFO] [1783241699.777483636] [route_recorder]: saved point 106: x=46.881, y=4.560, yaw=0.023
[INFO] [1783241700.170642973] [route_recorder]: saved point 107: x=47.310, y=4.418, yaw=-0.336
[INFO] [1783241700.575427295] [route_recorder]: saved point 108: x=47.654, y=4.163, yaw=-0.631
[INFO] [1783241701.030526725] [route_recorder]: saved point 109: x=47.992, y=3.853, yaw=-0.736
[INFO] [1783241701.380404065] [route_recorder]: saved point 110: x=48.304, y=3.519, yaw=-0.754
[INFO] [1783241701.771644226] [route_recorder]: saved point 111: x=48.609, y=3.192, yaw=-0.750
[INFO] [1783241702.172524649] [route_recorder]: saved point 112: x=48.886, y=2.891, yaw=-0.644
[INFO] [1783241702.576933071] [route_recorder]: saved point 113: x=49.305, y=2.612, yaw=-0.597
[INFO] [1783241702.972337504] [route_recorder]: saved point 114: x=49.680, y=2.363, yaw=-0.580
[INFO] [1783241703.372887504] [route_recorder]: saved point 115: x=50.027, y=2.096, yaw=-0.585
[INFO] [1783241703.770888329] [route_recorder]: saved point 116: x=50.402, y=1.827, yaw=-0.584
[INFO] [1783241704.202081030] [route_recorder]: saved point 117: x=50.798, y=1.564, yaw=-0.575
[INFO] [1783241704.583941936] [route_recorder]: saved point 118: x=51.202, y=1.336, yaw=-0.576
[INFO] [1783241704.973751023] [route_recorder]: saved point 119: x=51.590, y=1.074, yaw=-0.558
[INFO] [1783241705.378747785] [route_recorder]: saved point 120: x=51.964, y=0.803, yaw=-0.560
[INFO] [1783241705.829517031] [route_recorder]: saved point 121: x=52.375, y=0.560, yaw=-0.552
[INFO] [1783241706.179931054] [route_recorder]: saved point 122: x=52.765, y=0.312, yaw=-0.542
[INFO] [1783241706.570160194] [route_recorder]: saved point 123: x=53.159, y=0.036, yaw=-0.533
[INFO] [1783241707.000140060] [route_recorder]: saved point 124: x=53.532, y=-0.215, yaw=-0.529
[INFO] [1783241707.372837227] [route_recorder]: saved point 125: x=53.952, y=-0.460, yaw=-0.533
[INFO] [1783241707.766275141] [route_recorder]: saved point 126: x=54.347, y=-0.694, yaw=-0.542
[INFO] [1783241708.176626198] [route_recorder]: saved point 127: x=54.709, y=-0.953, yaw=-0.536
[INFO] [1783241708.576770934] [route_recorder]: saved point 128: x=55.079, y=-1.197, yaw=-0.542
[INFO] [1783241708.971666066] [route_recorder]: saved point 129: x=55.430, y=-1.449, yaw=-0.533
[INFO] [1783241709.381337849] [route_recorder]: saved point 130: x=55.785, y=-1.796, yaw=-0.736
[INFO] [1783241709.775591588] [route_recorder]: saved point 131: x=56.071, y=-2.149, yaw=-0.955
[INFO] [1783241710.190097730] [route_recorder]: saved point 132: x=56.297, y=-2.539, yaw=-1.007
[INFO] [1783241710.578190766] [route_recorder]: saved point 133: x=56.512, y=-2.973, yaw=-1.011
[INFO] [1783241710.970738234] [route_recorder]: saved point 134: x=56.748, y=-3.392, yaw=-1.022
[INFO] [1783241711.374896152] [route_recorder]: saved point 135: x=56.956, y=-3.767, yaw=-1.020
[INFO] [1783241711.773451433] [route_recorder]: saved point 136: x=57.179, y=-4.167, yaw=-1.014
[INFO] [1783241712.175038103] [route_recorder]: saved point 137: x=57.387, y=-4.573, yaw=-1.025
[INFO] [1783241712.580074763] [route_recorder]: saved point 138: x=57.580, y=-4.993, yaw=-1.145
[INFO] [1783241712.989550497] [route_recorder]: saved point 139: x=57.618, y=-5.455, yaw=-1.415
[INFO] [1783241713.385129623] [route_recorder]: saved point 140: x=57.643, y=-5.899, yaw=-1.494
[INFO] [1783241713.792203370] [route_recorder]: saved point 141: x=57.633, y=-6.357, yaw=-1.518
[INFO] [1783241714.176718290] [route_recorder]: saved point 142: x=57.603, y=-6.832, yaw=-1.528
[INFO] [1783241714.581722134] [route_recorder]: saved point 143: x=57.628, y=-7.305, yaw=-1.526
[INFO] [1783241714.979344628] [route_recorder]: saved point 144: x=57.638, y=-7.761, yaw=-1.512
[INFO] [1783241715.378098267] [route_recorder]: saved point 145: x=57.603, y=-8.233, yaw=-1.514
[INFO] [1783241715.783646837] [route_recorder]: saved point 146: x=57.596, y=-8.712, yaw=-1.508
[INFO] [1783241716.197284831] [route_recorder]: saved point 147: x=57.600, y=-9.183, yaw=-1.500
[INFO] [1783241716.581773188] [route_recorder]: saved point 148: x=57.612, y=-9.657, yaw=-1.501
[INFO] [1783241716.977609093] [route_recorder]: saved point 149: x=57.603, y=-10.117, yaw=-1.501
[INFO] [1783241717.376161205] [route_recorder]: saved point 150: x=57.623, y=-10.564, yaw=-1.507
[INFO] [1783241717.791957197] [route_recorder]: saved point 151: x=57.598, y=-11.032, yaw=-1.516
[INFO] [1783241719.595252112] [route_recorder]: saved point 152: x=58.039, y=-11.162, yaw=0.261
[INFO] [1783241720.178134849] [route_recorder]: saved point 153: x=58.432, y=-11.055, yaw=0.287
[INFO] [1783241721.784686164] [route_recorder]: saved point 154: x=58.870, y=-11.084, yaw=-0.041
[INFO] [1783241722.193401940] [route_recorder]: saved point 155: x=59.284, y=-11.123, yaw=-0.030
[INFO] [1783241722.596570903] [route_recorder]: saved point 156: x=59.713, y=-11.166, yaw=-0.035
[INFO] [1783241722.981035607] [route_recorder]: saved point 157: x=60.159, y=-11.163, yaw=-0.029
[INFO] [1783241723.383884198] [route_recorder]: saved point 158: x=60.617, y=-11.177, yaw=-0.037
[INFO] [1783241723.784769140] [route_recorder]: saved point 159: x=61.066, y=-11.197, yaw=-0.049
[INFO] [1783241724.771332753] [route_recorder]: saved point 160: x=61.535, y=-11.225, yaw=-0.042
[INFO] [1783241725.230257049] [route_recorder]: saved point 161: x=61.939, y=-11.251, yaw=-0.046
[INFO] [1783241725.610953373] [route_recorder]: saved point 162: x=62.400, y=-11.276, yaw=-0.047
[INFO] [1783241725.979818132] [route_recorder]: saved point 163: x=62.873, y=-11.292, yaw=-0.051
[INFO] [1783241726.371013710] [route_recorder]: saved point 164: x=63.332, y=-11.343, yaw=-0.052
[INFO] [1783241726.772007287] [route_recorder]: saved point 165: x=63.803, y=-11.354, yaw=-0.060
[INFO] [1783241727.172927272] [route_recorder]: saved point 166: x=64.276, y=-11.383, yaw=-0.057
[INFO] [1783241727.575426637] [route_recorder]: saved point 167: x=64.746, y=-11.415, yaw=-0.062
[INFO] [1783241728.088296597] [route_recorder]: saved point 168: x=65.199, y=-11.453, yaw=-0.050
[INFO] [1783241728.500855370] [route_recorder]: saved point 169: x=65.664, y=-11.453, yaw=-0.046
[INFO] [1783241728.786065243] [route_recorder]: saved point 170: x=66.122, y=-11.519, yaw=-0.033
[INFO] [1783241729.276967214] [route_recorder]: saved point 171: x=66.527, y=-11.486, yaw=0.076
[INFO] [1783241730.778302823] [route_recorder]: saved point 172: x=66.399, y=-11.052, yaw=1.796
[INFO] [1783241731.189461753] [route_recorder]: saved point 173: x=66.281, y=-10.642, yaw=1.789
[INFO] [1783241731.597760860] [route_recorder]: saved point 174: x=66.215, y=-10.209, yaw=1.644
[INFO] [1783241732.388325474] [route_recorder]: saved point 175: x=66.277, y=-9.808, yaw=1.422
[INFO] [1783241732.881833062] [route_recorder]: saved point 176: x=66.334, y=-9.347, yaw=1.407
[INFO] [1783241733.288268113] [route_recorder]: saved point 177: x=66.409, y=-8.901, yaw=1.379
[INFO] [1783241733.675805419] [route_recorder]: saved point 178: x=66.486, y=-8.427, yaw=1.374
[INFO] [1783241734.220231720] [route_recorder]: saved point 179: x=66.570, y=-7.949, yaw=1.381
[INFO] [1783241734.501268872] [route_recorder]: saved point 180: x=66.630, y=-7.455, yaw=1.378
[INFO] [1783241734.881251876] [route_recorder]: saved point 181: x=66.690, y=-6.993, yaw=1.372
[INFO] [1783241735.287814300] [route_recorder]: saved point 182: x=66.723, y=-6.525, yaw=1.504
[INFO] [1783241735.682159399] [route_recorder]: saved point 183: x=66.700, y=-6.047, yaw=1.582
[INFO] [1783241736.079690397] [route_recorder]: saved point 184: x=66.659, y=-5.579, yaw=1.622
[INFO] [1783241736.480953700] [route_recorder]: saved point 185: x=66.621, y=-5.084, yaw=1.640
[INFO] [1783241736.888271561] [route_recorder]: saved point 186: x=66.582, y=-4.615, yaw=1.647
[INFO] [1783241737.294031802] [route_recorder]: saved point 187: x=66.534, y=-4.123, yaw=1.637
[INFO] [1783241740.601008116] [route_recorder]: saved point 188: x=66.143, y=-4.028, yaw=-3.053
[INFO] [1783241741.080758339] [route_recorder]: saved point 189: x=65.739, y=-4.060, yaw=-3.025
[INFO] [1783241742.687200785] [route_recorder]: saved point 190: x=65.305, y=-4.033, yaw=-3.120
[INFO] [1783241743.627169936] [route_recorder]: saved point 191: x=64.852, y=-4.011, yaw=3.141
[INFO] [1783241744.077378224] [route_recorder]: saved point 192: x=64.426, y=-4.017, yaw=-3.133
[INFO] [1783241744.972675101] [route_recorder]: saved point 193: x=63.985, y=-3.952, yaw=3.138
[INFO] [1783241745.471131988] [route_recorder]: saved point 194: x=63.583, y=-3.958, yaw=3.139
[INFO] [1783241747.073273760] [route_recorder]: saved point 195: x=63.165, y=-3.987, yaw=-3.122
[INFO] [1783241747.783668923] [route_recorder]: saved point 196: x=62.741, y=-3.976, yaw=-3.106
[INFO] [1783241749.773955299] [route_recorder]: saved point 197: x=62.329, y=-4.015, yaw=-3.097
[INFO] [1783241754.396051751] [route_recorder]: saved point 198: x=61.911, y=-3.992, yaw=3.089
[INFO] [1783241755.121444040] [route_recorder]: saved point 199: x=61.511, y=-3.925, yaw=3.061
[INFO] [1783241755.785135347] [route_recorder]: saved point 200: x=61.022, y=-3.865, yaw=3.050
[INFO] [1783241756.274350493] [route_recorder]: saved point 201: x=60.563, y=-3.678, yaw=2.680
[INFO] [1783241756.678122726] [route_recorder]: saved point 202: x=60.201, y=-3.445, yaw=2.551
[INFO] [1783241757.077692839] [route_recorder]: saved point 203: x=59.839, y=-3.193, yaw=2.514
[INFO] [1783241757.533533866] [route_recorder]: saved point 204: x=59.511, y=-2.926, yaw=2.486
[INFO] [1783241757.877320471] [route_recorder]: saved point 205: x=59.164, y=-2.659, yaw=2.484
[INFO] [1783241758.319774447] [route_recorder]: saved point 206: x=58.834, y=-2.392, yaw=2.472
[INFO] [1783241758.689784401] [route_recorder]: saved point 207: x=58.487, y=-2.089, yaw=2.482
[INFO] [1783241759.080525774] [route_recorder]: saved point 208: x=58.057, y=-1.906, yaw=2.730
[INFO] [1783241759.482206417] [route_recorder]: saved point 209: x=57.625, y=-1.779, yaw=2.826
[INFO] [1783241759.896822986] [route_recorder]: saved point 210: x=57.230, y=-1.675, yaw=2.867
[INFO] [1783241760.299507066] [route_recorder]: saved point 211: x=56.859, y=-1.505, yaw=2.710
[INFO] [1783241760.688062240] [route_recorder]: saved point 212: x=56.463, y=-1.287, yaw=2.670
[INFO] [1783241761.189250830] [route_recorder]: saved point 213: x=56.105, y=-1.106, yaw=2.640
[INFO] [1783241761.488973261] [route_recorder]: saved point 214: x=55.733, y=-0.902, yaw=2.643
[INFO] [1783241761.975486163] [route_recorder]: saved point 215: x=55.312, y=-0.627, yaw=2.635
[INFO] [1783241762.374001902] [route_recorder]: saved point 216: x=54.919, y=-0.435, yaw=2.641
[INFO] [1783241762.773530234] [route_recorder]: saved point 217: x=54.536, y=-0.253, yaw=2.632
[INFO] [1783241763.182304003] [route_recorder]: saved point 218: x=54.157, y=-0.034, yaw=2.633
[INFO] [1783241763.582907962] [route_recorder]: saved point 219: x=53.802, y=0.179, yaw=2.645
[INFO] [1783241764.046206779] [route_recorder]: saved point 220: x=53.399, y=0.365, yaw=2.651
[INFO] [1783241764.448913916] [route_recorder]: saved point 221: x=53.036, y=0.602, yaw=2.652
[INFO] [1783241764.887887429] [route_recorder]: saved point 222: x=52.649, y=0.831, yaw=2.651
[INFO] [1783241765.176267815] [route_recorder]: saved point 223: x=52.278, y=1.084, yaw=2.636
[INFO] [1783241765.584978240] [route_recorder]: saved point 224: x=51.849, y=1.265, yaw=2.637
[INFO] [1783241765.980443864] [route_recorder]: saved point 225: x=51.469, y=1.467, yaw=2.633
[INFO] [1783241766.383758406] [route_recorder]: saved point 226: x=51.088, y=1.653, yaw=2.622
[INFO] [1783241766.776863288] [route_recorder]: saved point 227: x=50.673, y=1.865, yaw=2.641
[INFO] [1783241767.189286233] [route_recorder]: saved point 228: x=50.272, y=2.095, yaw=2.638
[INFO] [1783241767.584031037] [route_recorder]: saved point 229: x=49.866, y=2.317, yaw=2.657
[INFO] [1783241767.976895854] [route_recorder]: saved point 230: x=49.471, y=2.511, yaw=2.660
[INFO] [1783241768.379978584] [route_recorder]: saved point 231: x=49.083, y=2.724, yaw=2.658
[INFO] [1783241768.779589634] [route_recorder]: saved point 232: x=48.673, y=2.914, yaw=2.646
[INFO] [1783241769.186020924] [route_recorder]: saved point 233: x=48.266, y=3.116, yaw=2.730
[INFO] [1783241769.587831277] [route_recorder]: saved point 234: x=47.853, y=3.291, yaw=2.826
[INFO] [1783241769.977729313] [route_recorder]: saved point 235: x=47.394, y=3.392, yaw=3.004
[INFO] [1783241770.448673577] [route_recorder]: saved point 236: x=46.936, y=3.384, yaw=3.093
[INFO] [1783241770.786489579] [route_recorder]: saved point 237: x=46.506, y=3.416, yaw=3.112
[INFO] [1783241771.185412370] [route_recorder]: saved point 238: x=46.048, y=3.435, yaw=3.123
[INFO] [1783241771.577399331] [route_recorder]: saved point 239: x=45.587, y=3.446, yaw=3.134
[INFO] [1783241771.976205741] [route_recorder]: saved point 240: x=45.138, y=3.444, yaw=-3.133
[INFO] [1783241772.379031516] [route_recorder]: saved point 241: x=44.690, y=3.450, yaw=-3.131
[INFO] [1783241772.778798700] [route_recorder]: saved point 242: x=44.232, y=3.495, yaw=-3.138
[INFO] [1783241773.188160421] [route_recorder]: saved point 243: x=43.776, y=3.508, yaw=-3.127
[INFO] [1783241773.614875610] [route_recorder]: saved point 244: x=43.322, y=3.511, yaw=-3.138
[INFO] [1783241773.985488697] [route_recorder]: saved point 245: x=42.893, y=3.535, yaw=3.133
[INFO] [1783241774.375471585] [route_recorder]: saved point 246: x=42.431, y=3.551, yaw=3.136
[INFO] [1783241774.777816569] [route_recorder]: saved point 247: x=41.986, y=3.547, yaw=3.123
[INFO] [1783241775.177597863] [route_recorder]: saved point 248: x=41.523, y=3.558, yaw=3.126
[INFO] [1783241775.577340254] [route_recorder]: saved point 249: x=41.048, y=3.596, yaw=3.138
[INFO] [1783241775.971939796] [route_recorder]: saved point 250: x=40.602, y=3.606, yaw=-3.137
[INFO] [1783241776.382431435] [route_recorder]: saved point 251: x=40.141, y=3.609, yaw=-3.138
[INFO] [1783241776.883421318] [route_recorder]: saved point 252: x=39.665, y=3.645, yaw=-3.135
[INFO] [1783241777.182275112] [route_recorder]: saved point 253: x=39.212, y=3.675, yaw=-3.138
[INFO] [1783241777.596481825] [route_recorder]: saved point 254: x=38.762, y=3.654, yaw=-3.138
[INFO] [1783241777.997720100] [route_recorder]: saved point 255: x=38.287, y=3.646, yaw=-3.122
[INFO] [1783241778.374236990] [route_recorder]: saved point 256: x=37.800, y=3.653, yaw=-3.133
[INFO] [1783241778.776972752] [route_recorder]: saved point 257: x=37.330, y=3.674, yaw=-3.133
[INFO] [1783241779.194195693] [route_recorder]: saved point 258: x=36.865, y=3.669, yaw=-3.137
[INFO] [1783241779.595733370] [route_recorder]: saved point 259: x=36.396, y=3.699, yaw=-3.139
[INFO] [1783241780.075851106] [route_recorder]: saved point 260: x=35.925, y=3.715, yaw=-3.137
[INFO] [1783241780.389012575] [route_recorder]: saved point 261: x=35.424, y=3.705, yaw=3.139
[INFO] [1783241780.782861808] [route_recorder]: saved point 262: x=34.932, y=3.762, yaw=-3.139
[INFO] [1783241781.179826219] [route_recorder]: saved point 263: x=34.477, y=3.729, yaw=3.133
[INFO] [1783241781.582678304] [route_recorder]: saved point 264: x=34.006, y=3.735, yaw=-3.139
[INFO] [1783241781.974834735] [route_recorder]: saved point 265: x=33.543, y=3.741, yaw=-3.082
[INFO] [1783241782.385561389] [route_recorder]: saved point 266: x=33.092, y=3.671, yaw=-3.019
[INFO] [1783241782.789495166] [route_recorder]: saved point 267: x=32.630, y=3.621, yaw=-3.017
[INFO] [1783241783.190581273] [route_recorder]: saved point 268: x=32.145, y=3.638, yaw=-3.093
[INFO] [1783241783.572212186] [route_recorder]: saved point 269: x=31.668, y=3.644, yaw=-3.109
[INFO] [1783241783.977395607] [route_recorder]: saved point 270: x=31.199, y=3.642, yaw=-3.103
[INFO] [1783241784.374156393] [route_recorder]: saved point 271: x=30.752, y=3.643, yaw=-3.099
[INFO] [1783241784.774466614] [route_recorder]: saved point 272: x=30.263, y=3.648, yaw=-3.120
[INFO] [1783241785.186604597] [route_recorder]: saved point 273: x=29.787, y=3.666, yaw=-3.133
[INFO] [1783241785.600260560] [route_recorder]: saved point 274: x=29.312, y=3.679, yaw=-3.133
[INFO] [1783241785.997598636] [route_recorder]: saved point 275: x=28.817, y=3.708, yaw=-3.132
[INFO] [1783241786.384681080] [route_recorder]: saved point 276: x=28.353, y=3.686, yaw=-3.132
[INFO] [1783241786.772176178] [route_recorder]: saved point 277: x=27.901, y=3.678, yaw=-3.140
[INFO] [1783241787.180200782] [route_recorder]: saved point 278: x=27.438, y=3.686, yaw=-3.133
[INFO] [1783241787.578656349] [route_recorder]: saved point 279: x=26.953, y=3.728, yaw=-3.132
[INFO] [1783241787.974870529] [route_recorder]: saved point 280: x=26.456, y=3.712, yaw=-3.121
[INFO] [1783241788.397607672] [route_recorder]: saved point 281: x=25.993, y=3.699, yaw=-3.116
[INFO] [1783241788.784380822] [route_recorder]: saved point 282: x=25.533, y=3.705, yaw=-3.117
[INFO] [1783241789.181836380] [route_recorder]: saved point 283: x=25.068, y=3.752, yaw=-3.121
[INFO] [1783241789.574318026] [route_recorder]: saved point 284: x=24.578, y=3.766, yaw=-3.117
[INFO] [1783241789.976145233] [route_recorder]: saved point 285: x=24.117, y=3.753, yaw=-3.127
[INFO] [1783241790.377474385] [route_recorder]: saved point 286: x=23.658, y=3.732, yaw=-3.129
[INFO] [1783241790.775290728] [route_recorder]: saved point 287: x=23.183, y=3.736, yaw=-3.139
[INFO] [1783241791.175028522] [route_recorder]: saved point 288: x=22.719, y=3.738, yaw=-3.140
[INFO] [1783241791.578078144] [route_recorder]: saved point 289: x=22.249, y=3.738, yaw=3.140
[INFO] [1783241791.984230977] [route_recorder]: saved point 290: x=21.782, y=3.744, yaw=3.137
[INFO] [1783241792.380100295] [route_recorder]: saved point 291: x=21.307, y=3.769, yaw=3.139
[INFO] [1783241792.780299554] [route_recorder]: saved point 292: x=20.890, y=3.726, yaw=-2.978
[INFO] [1783241793.184462179] [route_recorder]: saved point 293: x=20.398, y=3.583, yaw=-2.859
[INFO] [1783241793.577935839] [route_recorder]: saved point 294: x=19.916, y=3.471, yaw=-2.816
[INFO] [1783241793.976337450] [route_recorder]: saved point 295: x=19.467, y=3.324, yaw=-2.797
[INFO] [1783241794.375515467] [route_recorder]: saved point 296: x=19.044, y=3.207, yaw=-2.795
[INFO] [1783241794.782101234] [route_recorder]: saved point 297: x=18.574, y=3.060, yaw=-2.794
[INFO] [1783241795.225643234] [route_recorder]: saved point 298: x=18.092, y=2.911, yaw=-2.794
[INFO] [1783241795.715329480] [route_recorder]: saved point 299: x=17.666, y=2.787, yaw=-2.821
[INFO] [1783241795.964601688] [route_recorder]: saved point 300: x=17.264, y=2.764, yaw=-2.973
[INFO] [1783241796.294237397] [route_recorder]: saved point 301: x=16.794, y=2.721, yaw=-3.033
[INFO] [1783241796.690916616] [route_recorder]: saved point 302: x=16.326, y=2.652, yaw=-3.047
[INFO] [1783241797.074443142] [route_recorder]: saved point 303: x=15.844, y=2.612, yaw=-3.048
[INFO] [1783241797.490907007] [route_recorder]: saved point 304: x=15.393, y=2.585, yaw=-3.051
[INFO] [1783241797.869573689] [route_recorder]: saved point 305: x=14.919, y=2.562, yaw=-3.054
[INFO] [1783241798.279172869] [route_recorder]: saved point 306: x=14.413, y=2.519, yaw=-3.047
[INFO] [1783241798.673435549] [route_recorder]: saved point 307: x=13.943, y=2.473, yaw=-3.042
[INFO] [1783241799.078437083] [route_recorder]: saved point 308: x=13.472, y=2.435, yaw=-3.041
[INFO] [1783241799.472539522] [route_recorder]: saved point 309: x=13.013, y=2.428, yaw=-3.038
[INFO] [1783241799.878751953] [route_recorder]: saved point 310: x=12.555, y=2.403, yaw=-3.034
[INFO] [1783241800.279675097] [route_recorder]: saved point 311: x=12.064, y=2.321, yaw=-3.025
[INFO] [1783241800.673235300] [route_recorder]: saved point 312: x=11.585, y=2.281, yaw=-3.017
[INFO] [1783241801.069479593] [route_recorder]: saved point 313: x=11.075, y=2.262, yaw=-3.025
[INFO] [1783241801.470022736] [route_recorder]: saved point 314: x=10.594, y=2.235, yaw=-3.029
[INFO] [1783241801.871120819] [route_recorder]: saved point 315: x=10.136, y=2.174, yaw=-3.035
[INFO] [1783241802.278108529] [route_recorder]: saved point 316: x=9.659, y=2.120, yaw=-3.036
[INFO] [1783241802.669162210] [route_recorder]: saved point 317: x=9.180, y=2.096, yaw=-3.027
[INFO] [1783241803.073961103] [route_recorder]: saved point 318: x=8.722, y=2.044, yaw=-3.034
[INFO] [1783241803.500863656] [route_recorder]: saved point 319: x=8.240, y=1.969, yaw=-3.031
[INFO] [1783241803.881241753] [route_recorder]: saved point 320: x=7.783, y=1.944, yaw=-3.025
[INFO] [1783241804.279793265] [route_recorder]: saved point 321: x=7.298, y=1.906, yaw=-3.026
[INFO] [1783241804.670504331] [route_recorder]: saved point 322: x=6.797, y=1.881, yaw=-3.007
[INFO] [1783241805.070862852] [route_recorder]: saved point 323: x=6.339, y=1.804, yaw=-3.004
[INFO] [1783241805.475856739] [route_recorder]: saved point 324: x=5.868, y=1.741, yaw=-2.998
[INFO] [1783241805.876817858] [route_recorder]: saved point 325: x=5.412, y=1.697, yaw=-3.002
[INFO] [1783241806.269072554] [route_recorder]: saved point 326: x=4.920, y=1.640, yaw=-2.994
[INFO] [1783241806.726221797] [route_recorder]: saved point 327: x=4.451, y=1.576, yaw=-2.987
[INFO] [1783241807.095300669] [route_recorder]: saved point 328: x=3.999, y=1.514, yaw=-2.978
[INFO] [1783241807.468870362] [route_recorder]: saved point 329: x=3.534, y=1.463, yaw=-2.985
[INFO] [1783241807.869112403] [route_recorder]: saved point 330: x=3.026, y=1.437, yaw=-2.993
[INFO] [1783241808.269383068] [route_recorder]: saved point 331: x=2.576, y=1.365, yaw=-2.995
[INFO] [1783241808.673077257] [route_recorder]: saved point 332: x=2.121, y=1.288, yaw=-3.002
[INFO] [1783241809.068934333] [route_recorder]: saved point 333: x=1.658, y=1.241, yaw=-3.002
[INFO] [1783241809.476452199] [route_recorder]: saved point 334: x=1.212, y=1.170, yaw=-3.000
[INFO] [1783241809.884242512] [route_recorder]: saved point 335: x=0.716, y=1.121, yaw=-3.004
[INFO] [1783241810.276807452] [route_recorder]: saved point 336: x=0.227, y=1.069, yaw=-3.000
[INFO] [1783241810.672686396] [route_recorder]: saved point 337: x=-0.252, y=0.967, yaw=-2.947
[INFO] [1783241811.086548598] [route_recorder]: saved point 338: x=-0.699, y=0.740, yaw=-2.470
[INFO] [1783241811.479187222] [route_recorder]: saved point 339: x=-0.870, y=0.340, yaw=-1.819
[INFO] [1783241811.877852763] [route_recorder]: saved point 340: x=-0.884, y=-0.145, yaw=-1.554
[INFO] [1783241812.288509555] [route_recorder]: saved point 341: x=-0.886, y=-0.623, yaw=-1.468
[INFO] [1783241812.681000043] [route_recorder]: saved point 342: x=-0.866, y=-1.107, yaw=-1.439
[INFO] [1783241813.078530607] [route_recorder]