[INFO] [1784441537.471143973] [route_recorder]: route_recorder started
[INFO] [1784441537.475650695] [route_recorder]: odom_topic: /Odometry
[INFO] [1784441537.476647754] [route_recorder]: route_file: /home/unitree/go2_fastlio_ws/src/go2_fastlio_patrol/routes/xbf0719test1.csv
[INFO] [1784441537.477281170] [route_recorder]: min_distance: 0.4
[INFO] [1784441537.479204492] [route_recorder]: quality gate: warmup=4.0s, stable_samples=5, max_odom_step=1.00m, max_record_step=0.00m (0=disabled), global_heading_gate=0.0deg
[INFO] [1784441537.480982543] [route_recorder]: close sanitizer: enabled=False (disabled by default), turn=90.0deg, lateral=0.20m, rejoin_heading=30.0deg
[INFO] [1784441541.271348644] [route_recorder]: quality gate ready; recording route points from the current pose
[INFO] [1784441541.285232578] [route_recorder]: saved point 0: x=2.773, y=-9.460, yaw=-0.219
[INFO] [1784441580.513919361] [route_recorder]: saved point 1: x=3.256, y=-9.538, yaw=-0.219
[INFO] [1784441581.103759391] [route_recorder]: saved point 2: x=3.892, y=-9.783, yaw=-0.221
[INFO] [1784441581.638885823] [route_recorder]: saved point 3: x=4.429, y=-9.939, yaw=-0.226
[INFO] [1784441583.184214726] [route_recorder]: saved point 4: x=5.061, y=-10.078, yaw=-0.203
[INFO] [1784441583.519380716] [route_recorder]: saved point 5: x=6.012, y=-10.166, yaw=-0.238
[INFO] [1784441583.829578989] [route_recorder]: saved point 6: x=6.743, y=-10.221, yaw=-0.222
[WARN] [1784441584.111529356] [route_recorder]: ignored odometry jump: step=1.277m exceeds max_odom_step=1.000m
[INFO] [1784441584.862055104] [route_recorder]: saved point 7: x=9.211, y=-9.868, yaw=-0.408
[INFO] [1784441585.253545062] [route_recorder]: saved point 8: x=9.669, y=-10.070, yaw=-0.383
[INFO] [1784441585.442635615] [route_recorder]: saved point 9: x=9.961, y=-10.535, yaw=-0.369
[INFO] [1784441586.449376096] [route_recorder]: saved point 10: x=10.420, y=-10.606, yaw=-0.367
[INFO] [1784441586.758058058] [route_recorder]: saved point 11: x=10.938, y=-10.799, yaw=-0.363
[INFO] [1784441587.316971268] [route_recorder]: saved point 12: x=11.311, y=-10.959, yaw=-0.358
[INFO] [1784441587.808709508] [route_recorder]: saved point 13: x=11.702, y=-11.081, yaw=-0.331
[INFO] [1784441588.249207781] [route_recorder]: saved point 14: x=12.109, y=-11.245, yaw=-0.346
[INFO] [1784441588.782947476] [route_recorder]: saved point 15: x=12.528, y=-11.382, yaw=-0.322
[INFO] [1784441589.094485345] [route_recorder]: saved point 16: x=13.081, y=-11.492, yaw=-0.333
[INFO] [1784441589.493073129] [route_recorder]: saved point 17: x=13.555, y=-11.629, yaw=-0.310
[INFO] [1784441589.857146362] [route_recorder]: saved point 18: x=14.024, y=-11.888, yaw=-0.319
[INFO] [1784441590.345411304] [route_recorder]: saved point 19: x=14.416, y=-11.981, yaw=-0.280
[INFO] [1784441590.720004166] [route_recorder]: saved point 20: x=14.819, y=-12.108, yaw=-0.314
[INFO] [1784441591.370415166] [route_recorder]: saved point 21: x=15.409, y=-12.264, yaw=-0.300
[INFO] [1784441591.911006365] [route_recorder]: saved point 22: x=15.873, y=-12.378, yaw=-0.286
[INFO] [1784441592.100255237] [route_recorder]: saved point 23: x=16.252, y=-12.558, yaw=-0.298
[INFO] [1784441592.547411870] [route_recorder]: saved point 24: x=16.646, y=-12.683, yaw=-0.291
[INFO] [1784441593.121109507] [route_recorder]: saved point 25: x=17.218, y=-12.792, yaw=-0.278
[INFO] [1784441593.621426164] [route_recorder]: saved point 26: x=17.626, y=-12.901, yaw=-0.273
[INFO] [1784441594.242081902] [route_recorder]: saved point 27: x=18.085, y=-12.924, yaw=-0.247
[INFO] [1784441594.546285760] [route_recorder]: saved point 28: x=18.313, y=-13.428, yaw=-0.265
[INFO] [1784441595.027200525] [route_recorder]: saved point 29: x=18.785, y=-13.439, yaw=-0.252
[INFO] [1784441595.495774251] [route_recorder]: saved point 30: x=19.140, y=-13.253, yaw=-0.244
[INFO] [1784441596.125891639] [route_recorder]: saved point 31: x=19.542, y=-13.383, yaw=-0.240
[INFO] [1784441596.565174849] [route_recorder]: saved point 32: x=19.977, y=-13.512, yaw=-0.243
[INFO] [1784441597.126243505] [route_recorder]: saved point 33: x=20.388, y=-13.685, yaw=-0.237
[INFO] [1784441597.643972529] [route_recorder]: saved point 34: x=20.796, y=-13.799, yaw=-0.224
[INFO] [1784441598.295585978] [route_recorder]: saved point 35: x=21.214, y=-13.916, yaw=-0.238
[INFO] [1784441599.108382680] [route_recorder]: saved point 36: x=21.651, y=-13.954, yaw=-0.221
[INFO] [1784441599.682609102] [route_recorder]: saved point 37: x=22.095, y=-14.133, yaw=-0.199
[INFO] [1784441600.012416001] [route_recorder]: saved point 38: x=22.500, y=-14.265, yaw=-0.210
[INFO] [1784441600.341002569] [route_recorder]: saved point 39: x=22.929, y=-14.253, yaw=-0.218
[INFO] [1784441600.848751864] [route_recorder]: saved point 40: x=23.382, y=-14.377, yaw=-0.199
[INFO] [1784441601.507124657] [route_recorder]: saved point 41: x=23.973, y=-14.560, yaw=-0.215
[INFO] [1784441602.244024938] [route_recorder]: saved point 42: x=24.370, y=-14.624, yaw=-0.208
[INFO] [1784441602.522151831] [route_recorder]: saved point 43: x=24.796, y=-14.490, yaw=-0.204
[INFO] [1784441603.061054108] [route_recorder]: saved point 44: x=25.139, y=-14.744, yaw=-0.190
[INFO] [1784441603.343537848] [route_recorder]: saved point 45: x=25.612, y=-14.868, yaw=-0.185
[INFO] [1784441603.617370440] [route_recorder]: saved point 46: x=26.059, y=-14.944, yaw=-0.176
[INFO] [1784441607.453007569] [route_recorder]: saved point 47: x=26.473, y=-14.995, yaw=-0.284
[INFO] [1784441608.136591489] [route_recorder]: saved point 48: x=26.908, y=-15.257, yaw=-0.294
[INFO] [1784441608.691271198] [route_recorder]: saved point 49: x=27.394, y=-15.231, yaw=-0.259
[INFO] [1784441609.468101765] [route_recorder]: saved point 50: x=27.792, y=-15.363, yaw=-0.274
[INFO] [1784441609.785551544] [route_recorder]: saved point 51: x=28.164, y=-15.647, yaw=-0.262
[INFO] [1784441610.298001673] [route_recorder]: saved point 52: x=28.570, y=-15.626, yaw=-0.226
[INFO] [1784441610.808738272] [route_recorder]: saved point 53: x=28.972, y=-15.726, yaw=-0.230
[INFO] [1784441611.214786753] [route_recorder]: saved point 54: x=29.551, y=-15.851, yaw=-0.237
[INFO] [1784441611.664418823] [route_recorder]: saved point 55: x=29.938, y=-15.981, yaw=-0.241
[INFO] [1784441612.706405421] [route_recorder]: saved point 56: x=30.404, y=-16.077, yaw=-0.238
[INFO] [1784441613.573527663] [route_recorder]: saved point 57: x=30.843, y=-16.133, yaw=-0.237
[INFO] [1784441614.023515916] [route_recorder]: saved point 58: x=31.264, y=-16.279, yaw=-0.237
[INFO] [1784441614.493515263] [route_recorder]: saved point 59: x=31.793, y=-16.380, yaw=-0.236
[INFO] [1784441615.097225149] [route_recorder]: saved point 60: x=32.449, y=-16.515, yaw=-0.212
[INFO] [1784441615.371121597] [route_recorder]: saved point 61: x=32.863, y=-16.677, yaw=-0.212
[INFO] [1784441616.064788561] [route_recorder]: saved point 62: x=33.272, y=-16.770, yaw=-0.219
[INFO] [1784441617.872439368] [route_recorder]: saved point 63: x=33.809, y=-16.861, yaw=-0.204
[INFO] [1784441619.748542498] [route_recorder]: saved point 64: x=34.208, y=-16.940, yaw=-0.203
[INFO] [1784441621.276288220] [route_recorder]: saved point 65: x=34.643, y=-17.063, yaw=-0.218
[INFO] [1784441623.138947207] [route_recorder]: saved point 66: x=35.098, y=-17.126, yaw=-0.202
[INFO] [1784441624.279929671] [route_recorder]: saved point 67: x=35.854, y=-17.351, yaw=-0.181
[INFO] [1784441624.665919460] [route_recorder]: saved point 68: x=36.438, y=-17.426, yaw=-0.181
[INFO] [1784441625.082829470] [route_recorder]: saved point 69: x=36.945, y=-16.890, yaw=-0.254
[INFO] [1784441625.259422569] [route_recorder]: saved point 70: x=37.423, y=-16.604, yaw=-0.223
[INFO] [1784441625.479297596] [route_recorder]: saved point 71: x=37.856, y=-16.754, yaw=-0.209
[INFO] [1784441625.694355534] [route_recorder]: saved point 72: x=38.150, y=-17.160, yaw=-0.351
[INFO] [1784441625.902226960] [route_recorder]: saved point 73: x=38.574, y=-17.346, yaw=-0.325
[INFO] [1784441626.040735714] [route_recorder]: saved point 74: x=39.206, y=-17.526, yaw=-0.312
[INFO] [1784441626.128558153] [route_recorder]: saved point 75: x=39.859, y=-17.691, yaw=-0.303
[INFO] [1784441626.471450388] [route_recorder]: saved point 76: x=40.479, y=-17.922, yaw=-0.284
[INFO] [1784441626.645187455] [route_recorder]: saved point 77: x=40.926, y=-18.026, yaw=-0.263
[INFO] [1784441626.768219901] [route_recorder]: saved point 78: x=41.567, y=-18.082, yaw=-0.279
[INFO] [1784441626.882461031] [route_recorder]: saved point 79: x=42.164, y=-17.996, yaw=-0.316
[INFO] [1784441627.181948400] [route_recorder]: saved point 80: x=41.765, y=-17.842, yaw=-0.157
[INFO] [1784441628.003843549] [route_recorder]: saved point 81: x=42.014, y=-18.250, yaw=-0.170
[INFO] [1784441628.325624464] [route_recorder]: saved point 82: x=42.590, y=-18.842, yaw=-0.253
[INFO] [1784441628.791153354] [route_recorder]: saved point 83: x=42.696, y=-19.288, yaw=-0.260
[INFO] [1784441629.037349561] [route_recorder]: saved point 84: x=42.762, y=-19.738, yaw=-0.215
[INFO] [1784441629.624373922] [route_recorder]: saved point 85: x=43.010, y=-20.113, yaw=-0.213
[INFO] [1784441630.265765017] [route_recorder]: saved point 86: x=43.531, y=-20.202, yaw=-0.239
[INFO] [1784441630.782977430] [route_recorder]: saved point 87: x=44.046, y=-20.380, yaw=-0.232
[INFO] [1784441631.166423673] [route_recorder]: saved point 88: x=44.499, y=-20.548, yaw=-0.252
[INFO] [1784441631.574158141] [route_recorder]: saved point 89: x=45.049, y=-20.702, yaw=-0.238
[INFO] [1784441632.122795134] [route_recorder]: saved point 90: x=45.443, y=-20.826, yaw=-0.226
[INFO] [1784441632.715174177] [route_recorder]: saved point 91: x=45.865, y=-20.966, yaw=-0.221
[INFO] [1784441633.182581586] [route_recorder]: saved point 92: x=46.277, y=-21.055, yaw=-0.227
[INFO] [1784441634.043505770] [route_recorder]: saved point 93: x=46.719, y=-21.184, yaw=-0.194
[INFO] [1784441634.794458102] [route_recorder]: saved point 94: x=47.240, y=-21.369, yaw=-0.203
[INFO] [1784441635.612602026] [route_recorder]: saved point 95: x=47.678, y=-21.481, yaw=-0.205
[INFO] [1784441636.256754696] [route_recorder]: saved point 96: x=48.336, y=-21.656, yaw=-0.211
[INFO] [1784441636.826152121] [route_recorder]: saved point 97: x=48.819, y=-21.742, yaw=-0.206
[INFO] [1784441637.286423030] [route_recorder]: saved point 98: x=49.248, y=-21.824, yaw=-0.195
[INFO] [1784441637.684044267] [route_recorder]: saved point 99: x=49.717, y=-22.008, yaw=-0.197
[INFO] [1784441638.205331607] [route_recorder]: saved point 100: x=50.079, y=-22.212, yaw=-0.271
[INFO] [1784441638.812297489] [route_recorder]: saved point 101: x=50.651, y=-22.328, yaw=-0.284
[INFO] [1784441639.555304755] [route_recorder]: saved point 102: x=51.069, y=-22.544, yaw=-0.274
[INFO] [1784441640.153309393] [route_recorder]: saved point 103: x=51.483, y=-22.726, yaw=-0.278
[INFO] [1784441640.619905413] [route_recorder]: saved point 104: x=51.890, y=-22.850, yaw=-0.262
[INFO] [1784441640.853092743] [route_recorder]: saved point 105: x=52.289, y=-22.985, yaw=-0.268
[INFO] [1784441641.265794621] [route_recorder]: saved point 106: x=52.682, y=-23.162, yaw=-0.244
[INFO] [1784441641.452832934] [route_recorder]: saved point 107: x=53.139, y=-23.154, yaw=-0.238
[INFO] [1784441641.898897927] [route_recorder]: saved point 108: x=53.514, y=-23.424, yaw=-0.250
[INFO] [1784441642.755590876] [route_recorder]: saved point 109: x=54.083, y=-23.590, yaw=-0.247
[INFO] [1784441643.279182223] [route_recorder]: saved point 110: x=54.478, y=-23.751, yaw=-0.236
[INFO] [1784441643.883449691] [route_recorder]: saved point 111: x=54.886, y=-23.872, yaw=-0.236
[INFO] [1784441644.370391544] [route_recorder]: saved point 112: x=55.316, y=-23.998, yaw=-0.254
[INFO] [1784441644.896938135] [route_recorder]: saved point 113: x=55.725, y=-24.128, yaw=-0.244
[INFO] [1784441645.428337480] [route_recorder]: saved point 114: x=56.109, y=-24.259, yaw=-0.242
[INFO] [1784441646.320484846] [route_recorder]: saved point 115: x=56.584, y=-24.390, yaw=-0.238
[INFO] [1784441646.968808942] [route_recorder]: saved point 116: x=57.069, y=-24.519, yaw=-0.241
[INFO] [1784441647.966168552] [route_recorder]: saved point 117: x=57.520, y=-24.681, yaw=-0.229
[INFO] [1784441648.784814448] [route_recorder]: saved point 118: x=57.985, y=-24.854, yaw=-0.199
[INFO] [1784441649.069465435] [route_recorder]: saved point 119: x=58.398, y=-24.970, yaw=-0.206
[INFO] [1784441649.601694036] [route_recorder]: saved point 120: x=58.842, y=-25.070, yaw=-0.206
[INFO] [1784441649.905039021] [route_recorder]: saved point 121: x=59.263, y=-25.209, yaw=-0.216
[INFO] [1784441653.348548288] [route_recorder]: saved point 122: x=59.425, y=-25.586, yaw=-1.510
[INFO] [1784441654.861661344] [route_recorder]: saved point 123: x=59.350, y=-26.008, yaw=-1.498
[INFO] [1784441657.891134189] [route_recorder]: saved point 124: x=59.298, y=-26.425, yaw=-1.509
[INFO] [1784441659.462144584] [route_recorder]: saved point 125: x=59.254, y=-26.857, yaw=-1.503
[INFO] [1784441660.430737322] [route_recorder]: saved point 126: x=58.815, y=-26.880, yaw=-1.352
[INFO] [1784441660.879517227] [route_recorder]: saved point 127: x=57.920, y=-26.610, yaw=-1.395
[INFO] [1784441661.288538741] [route_recorder]: saved point 128: x=57.669, y=-27.270, yaw=-1.382
[INFO] [1784441661.806328196] [route_recorder]: saved point 129: x=57.845, y=-27.787, yaw=-1.382
[INFO] [1784441662.194351730] [route_recorder]: saved point 130: x=58.079, y=-28.368, yaw=-1.413
[WARN] [1784441662.380974796] [route_recorder]: ignored odometry jump: step=1.011m exceeds max_odom_step=1.000m
[WARN] [1784441662.783263551] [route_recorder]: ignored odometry jump: step=1.220m exceeds max_odom_step=1.000m
[WARN] [1784441663.233207307] [route_recorder]: ignored odometry jump: step=1.337m exceeds max_odom_step=1.000m
[WARN] [1784441664.082931397] [route_recorder]: ignored odometry jump: step=1.490m exceeds max_odom_step=1.000m
[WARN] [1784441664.172994295] [route_recorder]: ignored odometry jump: step=1.398m exceeds max_odom_step=1.000m
[WARN] [1784441664.252601939] [route_recorder]: ignored odometry jump: step=1.611m exceeds max_odom_step=1.000m
[WARN] [1784441664.363846625] [route_recorder]: ignored odometry jump: step=1.042m exceeds max_odom_step=1.000m
[INFO] [1784441664.761757159] [route_recorder]: saved point 131: x=68.784, y=-34.033, yaw=-1.706
[INFO] [1784441665.102720130] [route_recorder]: saved point 132: x=68.996, y=-34.390, yaw=-1.721
[INFO] [1784441665.252432930] [route_recorder]: saved point 133: x=68.798, y=-35.103, yaw=-1.749
[INFO] [1784441665.413509839] [route_recorder]: saved point 134: x=68.524, y=-35.671, yaw=-1.743
[INFO] [1784441665.647049406] [route_recorder]: saved point 135: x=68.331, y=-36.316, yaw=-1.719
[INFO] [1784441665.964756147] [route_recorder]: saved point 136: x=68.223, y=-36.848, yaw=-1.722
[INFO] [1784441666.580260158] [route_recorder]: saved point 137: x=68.149, y=-37.251, yaw=-1.722
[INFO] [1784441667.249292696] [route_recorder]: saved point 138: x=68.026, y=-37.663, yaw=-1.704
[INFO] [1784441667.665206496] [route_recorder]: saved point 139: x=67.905, y=-38.093, yaw=-1.717
[INFO] [1784441668.150854937] [route_recorder]: saved point 140: x=67.823, y=-38.639, yaw=-1.719
[INFO] [1784441668.609141242] [route_recorder]: saved point 141: x=67.662, y=-39.170, yaw=-1.741
[INFO] [1784441669.058951136] [route_recorder]: saved point 142: x=67.615, y=-39.580, yaw=-1.727
[INFO] [1784441669.708511101] [route_recorder]: saved point 143: x=67.502, y=-40.028, yaw=-1.704
[INFO] [1784441670.258846998] [route_recorder]: saved point 144: x=67.371, y=-40.586, yaw=-1.723
[INFO] [1784441670.832400407] [route_recorder]: saved point 145: x=67.227, y=-41.150, yaw=-1.675
[INFO] [1784441671.149531829] [route_recorder]: saved point 146: x=67.092, y=-41.618, yaw=-1.711
[INFO] [1784441671.495905157] [route_recorder]: saved point 147: x=67.024, y=-42.082, yaw=-1.713
[INFO] [1784441671.920507303] [route_recorder]: saved point 148: x=66.885, y=-42.546, yaw=-1.695
[INFO] [1784441672.835955208] [route_recorder]: saved point 149: x=66.835, y=-43.003, yaw=-1.699
[INFO] [1784441673.490602941] [route_recorder]: saved point 150: x=66.694, y=-43.458, yaw=-1.685
[INFO] [1784441674.080822264] [route_recorder]: saved point 151: x=66.629, y=-43.917, yaw=-1.683
[INFO] [1784441674.635285846] [route_recorder]: saved point 152: x=66.537, y=-44.379, yaw=-1.678
[INFO] [1784441674.890537731] [route_recorder]: saved point 153: x=66.406, y=-44.860, yaw=-1.674
[INFO] [1784441675.275347581] [route_recorder]: saved point 154: x=66.277, y=-45.278, yaw=-1.658
[INFO] [1784441675.711132460] [route_recorder]: saved point 155: x=66.225, y=-45.689, yaw=-1.693
[INFO] [1784441676.310429712] [route_recorder]: saved point 156: x=66.132, y=-46.134, yaw=-1.691
[INFO] [1784441676.581791525] [route_recorder]: saved point 157: x=66.012, y=-46.614, yaw=-1.687
[INFO] [1784441677.253920083] [route_recorder]: saved point 158: x=65.913, y=-47.099, yaw=-1.684
[INFO] [1784441677.870288794] [route_recorder]: saved point 159: x=65.811, y=-47.552, yaw=-1.664
[INFO] [1784441678.330578579] [route_recorder]: saved point 160: x=65.735, y=-48.052, yaw=-1.669
[INFO] [1784441678.852407993] [route_recorder]: saved point 161: x=65.634, y=-48.502, yaw=-1.653
[INFO] [1784441679.126136496] [route_recorder]: saved point 162: x=65.544, y=-48.922, yaw=-1.656
[INFO] [1784441679.403354140] [route_recorder]: saved point 163: x=65.474, y=-49.327, yaw=-1.676
[INFO] [1784441679.837003179] [route_recorder]: saved point 164: x=65.345, y=-49.733, yaw=-1.677
[INFO] [1784441680.452663529] [route_recorder]: saved point 165: x=65.283, y=-50.195, yaw=-1.673
[INFO] [1784441681.010423691] [route_recorder]: saved point 166: x=65.188, y=-50.634, yaw=-1.676
[INFO] [1784441681.367203648] [route_recorder]: saved point 167: x=65.113, y=-51.127, yaw=-1.683
[INFO] [1784441682.141039907] [route_recorder]: saved point 168: x=64.979, y=-51.693, yaw=-1.667
[INFO] [1784441682.548966027] [route_recorder]: saved point 169: x=64.841, y=-52.111, yaw=-1.881
[INFO] [1784441683.192590536] [route_recorder]: saved point 170: x=64.638, y=-52.488, yaw=-1.869
[INFO] [1784441683.770586492] [route_recorder]: saved point 171: x=64.404, y=-52.971, yaw=-1.873
[INFO] [1784441684.233830381] [route_recorder]: saved point 172: x=64.338, y=-53.428, yaw=-1.829
[INFO] [1784441684.712928187] [route_recorder]: saved point 173: x=64.191, y=-53.868, yaw=-1.826
[INFO] [1784441685.473837937] [route_recorder]: saved point 174: x=63.996, y=-54.318, yaw=-1.828
[INFO] [1784441686.051378336] [route_recorder]: saved point 175: x=63.814, y=-54.757, yaw=-1.828
[INFO] [1784441686.467699833] [route_recorder]: saved point 176: x=63.699, y=-55.205, yaw=-1.822
[INFO] [1784441686.862799187] [route_recorder]: saved point 177: x=63.593, y=-55.603, yaw=-1.807
[INFO] [1784441687.341361305] [route_recorder]: saved point 178: x=63.368, y=-56.097, yaw=-1.839
[INFO] [1784441687.652850572] [route_recorder]: saved point 179: x=63.211, y=-56.554, yaw=-1.827
[INFO] [1784441688.317397210] [route_recorder]: saved point 180: x=63.074, y=-57.019, yaw=-1.820
[INFO] [1784441688.798734901] [route_recorder]: saved point 181: x=62.906, y=-57.463, yaw=-1.825
[INFO] [1784441689.617904446] [route_recorder]: saved point 182: x=62.753, y=-58.025, yaw=-1.806
[INFO] [1784441689.986227584] [route_recorder]: saved point 183: x=62.579, y=-58.395, yaw=-1.822
[INFO] [1784441690.270876392] [route_recorder]: saved point 184: x=62.416, y=-58.824, yaw=-1.810
[INFO] [1784441690.717821764] [route_recorder]: saved point 185: x=62.255, y=-59.221, yaw=-1.834
[INFO] [1784441691.192261977] [route_recorder]: saved point 186: x=62.083, y=-59.765, yaw=-1.807
[INFO] [1784441691.793134274] [route_recorder]: saved point 187: x=61.924, y=-60.179, yaw=-1.815
[INFO] [1784441692.476902482] [route_recorder]: saved point 188: x=61.805, y=-60.613, yaw=-1.811
[INFO] [1784441693.626071335] [route_recorder]: saved point 189: x=61.691, y=-61.009, yaw=-1.807
[INFO] [1784441695.468611121] [route_recorder]: saved point 190: x=61.533, y=-61.520, yaw=-1.807
[INFO] [1784441696.346241382] [route_recorder]: saved point 191: x=61.330, y=-62.064, yaw=-1.762
[INFO] [1784441697.443955841] [route_recorder]: saved point 192: x=61.137, y=-62.511, yaw=-1.817
[INFO] [1784441698.770261700] [route_recorder]: saved point 193: x=60.957, y=-63.018, yaw=-1.910
[INFO] [1784441699.622116920] [route_recorder]: saved point 194: x=60.761, y=-63.468, yaw=-1.884
[INFO] [1784441700.368086080] [route_recorder]: saved point 195: x=60.503, y=-64.096, yaw=-1.881
[INFO] [1784441709.095761987] [route_recorder]: route_recorder stopped
