[INFO] [1784812034.898163674] [waypoint_follower]: simple csv waypoint_follower started: sequential line-lock controller
[INFO] [1784812034.907193423] [waypoint_follower]: route_file=/home/unitree/go2_fastlio_ws/src/go2_fastlio_patrol/test/line_corner_route.csv, points=17, length=4.00m, loop_mode=once
[INFO] [1784812034.914943165] [waypoint_follower]: single_controller: ordered CSV tangent plus continuous cross-track correction, vy=0, deadband=0.030m, lookahead=0.50m, max_correction=12.0deg, course_window=0.80s, course_min_distance=0.12m, minimum_moving_speed=0.35m/s
[INFO] [1784812034.922076119] [waypoint_follower]: corner: angle=30.0deg, slowdown=0.90m, reach=0.20m; same controller remains active through corners
[INFO] [1784812034.929538972] [waypoint_follower]: progress policy: advance every passed ordered CSV gate; nearest-route projection and lateral gate lock disabled
[INFO] [1784812034.937322059] [waypoint_follower]: feedback policy: hard freshness uses local receive time; message stamp age is diagnostic only; normal<=0.60s, slow<=1.20s, hold>=2.00s, recovery_samples=5
[INFO] [1784812034.944001271] [waypoint_follower]: deviation policy: emergency=1.50m/1.0s
[WARN] [1784812036.457658660] [waypoint_follower]: waiting for fresh odometry before patrol: receive_gap=infs, stamp_age=0.003s, fresh=1/5
[INFO] [1784812036.540935326] [waypoint_follower]: route start aligned: distance=0.000m, yaw_error=0.0deg, first_segment=0->1
[INFO] [1784812036.556189873] [waypoint_follower]: mode=TRACK, reason=continuous_csv_tracking, feedback=NORMAL, odom_receive_age=0.015s, odom_stamp_age=0.001s, motion_scale=1.00, dir=1, segment=0->1, s=0.00/4.00, pose=(0.000,0.000,0.000), route_yaw=0.000, guide_yaw=0.000, line_error=0.000m, cross_velocity=0.000m/s, predicted_line_error=0.000m, correction_angle=0.0deg, target_heading=0.000, heading_feedback=body:0.000, course_yaw=nan, course_speed=0.000m/s, body_course_slip=0.0deg, course_route_error=infdeg, heading_error=0.0deg, remaining=0.250m, corner_remaining=-1.000m, next_turn=0.0deg, cmd=(0.030,0.000,0.000)
[INFO] [1784812037.555766095] [waypoint_follower]: mode=TRACK, reason=continuous_csv_tracking, feedback=NORMAL, odom_receive_age=0.020s, odom_stamp_age=0.002s, motion_scale=1.00, dir=1, segment=1->2, s=0.25/4.00, pose=(0.180,0.018,0.000), route_yaw=0.000, guide_yaw=0.000, line_error=0.018m, cross_velocity=0.086m/s, predicted_line_error=0.035m, correction_angle=-4.0deg, target_heading=-0.070, heading_feedback=course:0.100, course_yaw=0.100, course_speed=0.225m/s, body_course_slip=5.7deg, course_route_error=5.7deg, heading_error=-9.7deg, remaining=0.320m, corner_remaining=-1.000m, next_turn=0.0deg, cmd=(0.500,0.000,-0.150)
[INFO] [1784812038.606467920] [waypoint_follower]: mode=TRACK, reason=continuous_csv_tracking, feedback=NORMAL, odom_receive_age=0.018s, odom_stamp_age=0.002s, motion_scale=1.00, dir=1, segment=2->3, s=0.60/4.00, pose=(0.600,0.060,0.000), route_yaw=0.000, guide_yaw=0.000, line_error=0.060m, cross_velocity=0.000m/s, predicted_line_error=0.060m, correction_angle=-6.9deg, target_heading=-0.120, heading_feedback=course:0.100, course_yaw=0.100, course_speed=0.370m/s, body_course_slip=5.7deg, course_route_error=5.7deg, heading_error=-12.6deg, remaining=0.150m, corner_remaining=-1.000m, next_turn=0.0deg, cmd=(0.500,0.000,-0.263)
[INFO] [1784812039.656620676] [waypoint_follower]: mode=TRACK, reason=continuous_csv_tracking, feedback=NORMAL, odom_receive_age=0.006s, odom_stamp_age=0.002s, motion_scale=1.00, dir=1, segment=2->3, s=0.64/4.00, pose=(0.640,0.060,0.000), route_yaw=0.000, guide_yaw=0.000, line_error=0.060m, cross_velocity=0.000m/s, predicted_line_error=0.060m, correction_angle=-6.8deg, target_heading=-0.119, heading_feedback=body:0.000, course_yaw=nan, course_speed=0.000m/s, body_course_slip=0.0deg, course_route_error=infdeg, heading_error=-6.8deg, remaining=0.110m, corner_remaining=-1.000m, next_turn=0.0deg, cmd=(0.500,0.000,-0.200)
[INFO] [1784812040.657131304] [waypoint_follower]: mode=TRACK, reason=continuous_csv_tracking, feedback=NORMAL, odom_receive_age=0.006s, odom_stamp_age=0.002s, motion_scale=1.00, dir=1, segment=5->6, s=1.36/4.00, pose=(1.360,0.060,0.000), route_yaw=0.000, guide_yaw=0.000, line_error=0.060m, cross_velocity=0.000m/s, predicted_line_error=0.060m, correction_angle=-6.8deg, target_heading=-0.119, heading_feedback=course:0.000, course_yaw=0.000, course_speed=0.742m/s, body_course_slip=0.0deg, course_route_error=0.0deg, heading_error=-6.8deg, remaining=0.140m, corner_remaining=-1.000m, next_turn=0.0deg, cmd=(0.500,0.000,-0.200)
[INFO] [1784812041.705889336] [waypoint_follower]: enter continuous corner slowdown: corner_index=12, remaining=0.880m; same tracking controller remains active
[INFO] [1784812041.706967705] [waypoint_follower]: mode=CORNER_SLOW, reason=continuous_csv_corner_slowdown, feedback=NORMAL, odom_receive_age=0.022s, odom_stamp_age=0.001s, motion_scale=1.00, dir=1, segment=8->9, s=2.12/4.00, pose=(2.120,0.060,0.000), route_yaw=0.000, guide_yaw=0.000, line_error=0.060m, cross_velocity=0.000m/s, predicted_line_error=0.060m, correction_angle=-6.8deg, target_heading=-0.119, heading_feedback=course:0.000, course_yaw=0.000, course_speed=0.746m/s, body_course_slip=0.0deg, course_route_error=0.0deg, heading_error=-6.8deg, remaining=0.130m, corner_remaining=0.880m, next_turn=90.0deg, cmd=(0.497,0.000,-0.200)
[INFO] [1784812042.756004629] [waypoint_follower]: mode=CORNER_SLOW, reason=continuous_csv_corner_slowdown, feedback=NORMAL, odom_receive_age=0.009s, odom_stamp_age=0.001s, motion_scale=1.00, dir=1, segment=9->10, s=2.25/4.00, pose=(2.200,0.060,0.000), route_yaw=0.000, guide_yaw=0.000, line_error=0.060m, cross_velocity=0.000m/s, predicted_line_error=0.060m, correction_angle=-6.8deg, target_heading=-0.119, heading_feedback=body:0.000, course_yaw=nan, course_speed=0.000m/s, body_course_slip=0.0deg, course_route_error=infdeg, heading_error=-6.8deg, remaining=0.300m, corner_remaining=0.800m, next_turn=90.0deg, cmd=(0.483,0.000,-0.200)
[INFO] [1784812043.805636230] [waypoint_follower]: mode=CORNER_SLOW, reason=continuous_csv_corner_slowdown, feedback=NORMAL, odom_receive_age=0.014s, odom_stamp_age=0.001s, motion_scale=1.00, dir=1, segment=11->12, s=2.75/4.00, pose=(2.688,0.073,0.000), route_yaw=0.000, guide_yaw=0.785, line_error=0.073m, cross_velocity=0.029m/s, predicted_line_error=0.079m, correction_angle=-9.0deg, target_heading=0.629, heading_feedback=course:0.027, course_yaw=0.027, course_speed=0.604m/s, body_course_slip=1.5deg, course_route_error=-43.5deg, heading_error=34.5deg, remaining=0.312m, corner_remaining=0.312m, next_turn=90.0deg, cmd=(0.378,0.000,-0.000)
[INFO] [1784812044.805970610] [waypoint_follower]: mode=TRACK, reason=continuous_csv_tracking, feedback=NORMAL, odom_receive_age=0.020s, odom_stamp_age=0.001s, motion_scale=1.00, dir=1, segment=12->13, s=3.08/4.00, pose=(2.950,0.080,0.000), route_yaw=1.571, guide_yaw=1.571, line_error=0.050m, cross_velocity=-0.000m/s, predicted_line_error=0.050m, correction_angle=-5.7deg, target_heading=1.471, heading_feedback=course:0.027, course_yaw=0.027, course_speed=0.186m/s, body_course_slip=1.5deg, course_route_error=-88.5deg, heading_error=82.8deg, remaining=0.170m, corner_remaining=-1.000m, next_turn=0.0deg, cmd=(0.000,0.000,0.600)
[INFO] [1784812045.855586954] [waypoint_follower]: mode=TRACK, reason=continuous_csv_tracking, feedback=NORMAL, odom_receive_age=0.028s, odom_stamp_age=0.001s, motion_scale=1.00, dir=1, segment=12->13, s=3.08/4.00, pose=(2.950,0.080,0.524), route_yaw=1.571, guide_yaw=1.571, line_error=0.050m, cross_velocity=-0.000m/s, predicted_line_error=0.050m, correction_angle=-5.7deg, target_heading=1.471, heading_feedback=body:0.524, course_yaw=nan, course_speed=0.000m/s, body_course_slip=0.0deg, course_route_error=infdeg, heading_error=54.3deg, remaining=0.170m, corner_remaining=-1.000m, next_turn=0.0deg, cmd=(0.156,0.000,0.600)
[INFO] [1784812046.855553777] [waypoint_follower]: mode=TRACK, reason=continuous_csv_tracking, feedback=NORMAL, odom_receive_age=0.016s, odom_stamp_age=0.001s, motion_scale=1.00, dir=1, segment=12->13, s=3.08/4.00, pose=(2.950,0.080,1.571), route_yaw=1.571, guide_yaw=1.571, line_error=0.050m, cross_velocity=-0.000m/s, predicted_line_error=0.050m, correction_angle=-5.7deg, target_heading=1.471, heading_feedback=body:1.571, course_yaw=nan, course_speed=0.000m/s, body_course_slip=0.0deg, course_route_error=infdeg, heading_error=-5.7deg, remaining=0.170m, corner_remaining=-1.000m, next_turn=0.0deg, cmd=(0.500,0.000,-0.091)
[INFO] [1784812047.905664447] [waypoint_follower]: mode=TRACK, reason=continuous_csv_tracking, feedback=NORMAL, odom_receive_age=0.021s, odom_stamp_age=0.001s, motion_scale=1.00, dir=1, segment=12->13, s=3.10/4.00, pose=(3.080,0.100,1.571), route_yaw=1.571, guide_yaw=1.571, line_error=-0.080m, cross_velocity=-0.000m/s, predicted_line_error=-0.080m, correction_angle=9.1deg, target_heading=1.729, heading_feedback=course:0.153, course_yaw=0.153, course_speed=0.163m/s, body_course_slip=-81.3deg, course_route_error=-81.3deg, heading_error=90.3deg, remaining=0.150m, corner_remaining=-1.000m, next_turn=0.0deg, cmd=(0.110,0.000,0.450)
[INFO] [1784812048.905687631] [waypoint_follower]: mode=TRACK, reason=continuous_csv_tracking, feedback=NORMAL, odom_receive_age=0.026s, odom_stamp_age=0.001s, motion_scale=1.00, dir=1, segment=12->13, s=3.16/4.00, pose=(3.080,0.160,1.571), route_yaw=1.571, guide_yaw=1.571, line_error=-0.080m, cross_velocity=-0.000m/s, predicted_line_error=-0.080m, correction_angle=9.1deg, target_heading=1.729, heading_feedback=body:1.571, course_yaw=nan, course_speed=0.000m/s, body_course_slip=0.0deg, course_route_error=infdeg, heading_error=9.1deg, remaining=0.090m, corner_remaining=-1.000m, next_turn=0.0deg, cmd=(0.500,0.000,0.200)
[WARN] [1784812049.705642466] [waypoint_follower]: feedback mode=DEGRADED, odom_receive_age=0.619s, odom_stamp_age=0.001s, motion_scale=0.98
[INFO] [1784812049.905936456] [waypoint_follower]: mode=TRACK, reason=continuous_csv_tracking, feedback=DEGRADED, odom_receive_age=0.819s, odom_stamp_age=0.001s, motion_scale=0.82, dir=1, segment=12->13, s=3.16/4.00, pose=(3.080,0.160,1.571), route_yaw=1.571, guide_yaw=1.571, line_error=-0.080m, cross_velocity=-0.000m/s, predicted_line_error=-0.080m, correction_angle=9.1deg, target_heading=1.729, heading_feedback=body:1.571, course_yaw=nan, course_speed=0.000m/s, body_course_slip=0.0deg, course_route_error=infdeg, heading_error=9.1deg, remaining=0.090m, corner_remaining=-1.000m, next_turn=0.0deg, cmd=(0.409,0.000,0.163)
[WARN] [1784812050.305590521] [waypoint_follower]: feedback mode=DECELERATE, odom_receive_age=1.219s, odom_stamp_age=0.001s, motion_scale=0.50
[INFO] [1784812050.955681237] [waypoint_follower]: mode=TRACK, reason=continuous_csv_tracking, feedback=DECELERATE, odom_receive_age=1.869s, odom_stamp_age=0.001s, motion_scale=0.50, dir=1, segment=12->13, s=3.16/4.00, pose=(3.080,0.160,1.571), route_yaw=1.571, guide_yaw=1.571, line_error=-0.080m, cross_velocity=-0.000m/s, predicted_line_error=-0.080m, correction_angle=9.1deg, target_heading=1.729, heading_feedback=body:1.571, course_yaw=nan, course_speed=0.000m/s, body_course_slip=0.0deg, course_route_error=infdeg, heading_error=9.1deg, remaining=0.090m, corner_remaining=-1.000m, next_turn=0.0deg, cmd=(0.350,0.000,0.100)
[ERROR] [1784812051.105481453] [waypoint_follower]: odometry stream stopped; smoothly hold and wait for automatic recovery: receive_age=2.019s, stamp_age=0.001s
[WARN] [1784812051.106396938] [waypoint_follower]: patrol waiting for fresh odometry: receive_age=2.019s, stamp_age=0.001s, fresh=0/5; auto-resume enabled
[WARN] [1784812052.155565193] [waypoint_follower]: patrol waiting for fresh odometry: receive_age=3.069s, stamp_age=0.001s, fresh=0/5; auto-resume enabled
[WARN] [1784812053.155612998] [waypoint_follower]: patrol waiting for fresh odometry: receive_age=4.069s, stamp_age=0.001s, fresh=0/5; auto-resume enabled
[WARN] [1784812054.155573668] [waypoint_follower]: patrol waiting for fresh odometry: receive_age=5.069s, stamp_age=0.001s, fresh=0/5; auto-resume enabled
[WARN] [1784812055.155598567] [waypoint_follower]: patrol waiting for fresh odometry: receive_age=6.069s, stamp_age=0.001s, fresh=0/5; auto-resume enabled
[WARN] [1784812056.205438504] [waypoint_follower]: patrol waiting for fresh odometry: receive_age=7.119s, stamp_age=0.001s, fresh=0/5; auto-resume enabled
[WARN] [1784812057.255571798] [waypoint_follower]: patrol waiting for fresh odometry: receive_age=8.169s, stamp_age=0.001s, fresh=0/5; auto-resume enabled
[WARN] [1784812058.255604354] [waypoint_follower]: patrol waiting for fresh odometry: receive_age=9.169s, stamp_age=0.001s, fresh=0/5; auto-resume enabled
[WARN] [1784812059.255629970] [waypoint_follower]: patrol waiting for fresh odometry: receive_age=10.170s, stamp_age=0.001s, fresh=0/5; auto-resume enabled
[WARN] [1784812060.305665478] [waypoint_follower]: patrol waiting for fresh odometry: receive_age=11.219s, stamp_age=0.001s, fresh=0/5; auto-resume enabled
[WARN] [1784812061.305618714] [waypoint_follower]: patrol waiting for fresh odometry: receive_age=12.219s, stamp_age=0.001s, fresh=0/5; auto-resume enabled
[WARN] [1784812062.305655412] [waypoint_follower]: patrol waiting for fresh odometry: receive_age=13.219s, stamp_age=0.001s, fresh=0/5; auto-resume enabled
[WARN] [1784812063.305635983] [waypoint_follower]: patrol waiting for fresh odometry: receive_age=14.219s, stamp_age=0.001s, fresh=0/5; auto-resume enabled
[WARN] [1784812064.305630253] [waypoint_follower]: patrol waiting for fresh odometry: receive_age=15.219s, stamp_age=0.001s, fresh=0/5; auto-resume enabled
[WARN] [1784812065.355436394] [waypoint_follower]: patrol waiting for fresh odometry: receive_age=16.269s, stamp_age=0.001s, fresh=0/5; auto-resume enabled
[WARN] [1784812066.355529778] [waypoint_follower]: patrol waiting for fresh odometry: receive_age=17.269s, stamp_age=0.001s, fresh=0/5; auto-resume enabled
[WARN] [1784812067.405625951] [waypoint_follower]: patrol waiting for fresh odometry: receive_age=18.319s, stamp_age=0.001s, fresh=0/5; auto-resume enabled
[WARN] [1784812068.455634252] [waypoint_follower]: patrol waiting for fresh odometry: receive_age=19.369s, stamp_age=0.001s, fresh=0/5; auto-resume enabled
[WARN] [1784812069.505468184] [waypoint_follower]: patrol waiting for fresh odometry: receive_age=20.419s, stamp_age=0.001s, fresh=0/5; auto-resume enabled
[WARN] [1784812070.555640561] [waypoint_follower]: patrol waiting for fresh odometry: receive_age=21.469s, stamp_age=0.001s, fresh=0/5; auto-resume enabled
[WARN] [1784812071.605462787] [waypoint_follower]: patrol waiting for fresh odometry: receive_age=22.519s, stamp_age=0.001s, fresh=0/5; auto-resume enabled
[WARN] [1784812072.655602402] [waypoint_follower]: patrol waiting for fresh odometry: receive_age=23.569s, stamp_age=0.001s, fresh=0/5; auto-resume enabled
[WARN] [1784812073.655631357] [waypoint_follower]: patrol waiting for fresh odometry: receive_age=24.569s, stamp_age=0.001s, fresh=0/5; auto-resume enabled
[WARN] [1784812074.705562076] [waypoint_follower]: patrol waiting for fresh odometry: receive_age=25.619s, stamp_age=0.001s, fresh=0/5; auto-resume enabled
[WARN] [1784812075.705608735] [waypoint_follower]: patrol waiting for fresh odometry: receive_age=26.619s, stamp_age=0.001s, fresh=0/5; auto-resume enabled
[WARN] [1784812076.755447617] [waypoint_follower]: patrol waiting for fresh odometry: receive_age=27.669s, stamp_age=0.001s, fresh=0/5; auto-resume enabled
[WARN] [1784812077.805629713] [waypoint_follower]: patrol waiting for fresh odometry: receive_age=28.719s, stamp_age=0.001s, fresh=0/5; auto-resume enabled
[WARN] [1784812078.805633564] [waypoint_follower]: patrol waiting for fresh odometry: receive_age=29.720s, stamp_age=0.001s, fresh=0/5; auto-resume enabled
[WARN] [1784812079.806106359] [waypoint_follower]: patrol waiting for fresh odometry: receive_age=30.720s, stamp_age=0.001s, fresh=0/5; auto-resume enabled
[WARN] [1784812080.856079787] [waypoint_follower]: patrol waiting for fresh odometry: receive_age=31.770s, stamp_age=0.001s, fresh=0/5; auto-resume enabled
[WARN] [1784812081.856299877] [waypoint_follower]: patrol waiting for fresh odometry: receive_age=32.770s, stamp_age=0.001s, fresh=0/5; auto-resume enabled
[WARN] [1784812082.906196252] [waypoint_follower]: patrol waiting for fresh odometry: receive_age=33.820s, stamp_age=0.001s, fresh=0/5; auto-resume enabled
[WARN] [1784812083.906177493] [waypoint_follower]: patrol waiting for fresh odometry: receive_age=34.820s, stamp_age=0.001s, fresh=0/5; auto-resume enabled
[WARN] [1784812084.906630719] [waypoint_follower]: patrol waiting for fresh odometry: receive_age=35.820s, stamp_age=0.001s, fresh=0/5; auto-resume enabled
[WARN] [1784812085.955641028] [waypoint_follower]: patrol waiting for fresh odometry: receive_age=36.870s, stamp_age=0.001s, fresh=0/5; auto-resume enabled
[WARN] [1784812086.955907759] [waypoint_follower]: patrol waiting for fresh odometry: receive_age=37.870s, stamp_age=0.001s, fresh=0/5; auto-resume enabled
[WARN] [1784812088.006139872] [waypoint_follower]: patrol waiting for fresh odometry: receive_age=38.920s, stamp_age=0.001s, fresh=0/5; auto-resume enabled
[WARN] [1784812089.055538811] [waypoint_follower]: patrol waiting for fresh odometry: receive_age=39.969s, stamp_age=0.001s, fresh=0/5; auto-resume enabled
[WARN] [1784812090.055543270] [waypoint_follower]: patrol waiting for fresh odometry: receive_age=40.969s, stamp_age=0.001s, fresh=0/5; auto-resume enabled
[WARN] [1784812091.105685726] [waypoint_follower]: patrol waiting for fresh odometry: receive_age=42.019s, stamp_age=0.001s, fresh=0/5; auto-resume enabled
[WARN] [1784812092.105702768] [waypoint_follower]: patrol waiting for fresh odometry: receive_age=43.020s, stamp_age=0.001s, fresh=0/5; auto-resume enabled
[WARN] [1784812093.155418049] [waypoint_follower]: patrol waiting for fresh odometry: receive_age=44.069s, stamp_age=0.001s, fresh=0/5; auto-resume enabled
[WARN] [1784812094.155424345] [waypoint_follower]: patrol waiting for fresh odometry: receive_age=45.069s, stamp_age=0.001s, fresh=0/5; auto-resume enabled
[WARN] [1784812095.155522998] [waypoint_follower]: patrol waiting for fresh odometry: receive_age=46.069s, stamp_age=0.001s, fresh=0/5; auto-resume enabled
[WARN] [1784812096.205500120] [waypoint_follower]: patrol waiting for fresh odometry: receive_age=47.119s, stamp_age=0.001s, fresh=0/5; auto-resume enabled
[WARN] [1784812097.205554234] [waypoint_follower]: patrol waiting for fresh odometry: receive_age=48.119s, stamp_age=0.001s, fresh=0/5; auto-resume enabled
[WARN] [1784812098.255458528] [waypoint_follower]: patrol waiting for fresh odometry: receive_age=49.169s, stamp_age=0.001s, fresh=0/5; auto-resume enabled
[WARN] [1784812099.255619179] [waypoint_follower]: patrol waiting for fresh odometry: receive_age=50.169s, stamp_age=0.001s, fresh=0/5; auto-resume enabled
[WARN] [1784812100.305447285] [waypoint_follower]: patrol waiting for fresh odometry: receive_age=51.219s, stamp_age=0.001s, fresh=0/5; auto-resume enabled
[WARN] [1784812101.355554667] [waypoint_follower]: patrol waiting for fresh odometry: receive_age=52.269s, stamp_age=0.001s, fresh=0/5; auto-resume enabled
[WARN] [1784812102.355590010] [waypoint_follower]: patrol waiting for fresh odometry: receive_age=53.270s, stamp_age=0.001s, fresh=0/5; auto-resume enabled
[WARN] [1784812103.356074011] [waypoint_follower]: patrol waiting for fresh odometry: receive_age=54.270s, stamp_age=0.001s, fresh=0/5; auto-resume enabled
[WARN] [1784812104.405674282] [waypoint_follower]: patrol waiting for fresh odometry: receive_age=55.319s, stamp_age=0.001s, fresh=0/5; auto-resume enabled
[WARN] [1784812105.456722665] [waypoint_follower]: patrol waiting for fresh odometry: receive_age=56.369s, stamp_age=0.001s, fresh=0/5; auto-resume enabled
[WARN] [1784812106.506381857] [waypoint_follower]: patrol waiting for fresh odometry: receive_age=57.420s, stamp_age=0.001s, fresh=0/5; auto-resume enabled
[WARN] [1784812107.555649999] [waypoint_follower]: patrol waiting for fresh odometry: receive_age=58.469s, stamp_age=0.001s, fresh=0/5; auto-resume enabled
[WARN] [1784812108.605630038] [waypoint_follower]: patrol waiting for fresh odometry: receive_age=59.519s, stamp_age=0.001s, fresh=0/5; auto-resume enabled
[WARN] [1784812109.655873673] [waypoint_follower]: patrol waiting for fresh odometry: receive_age=60.569s, stamp_age=0.001s, fresh=0/5; auto-resume enabled
[WARN] [1784812110.655674153] [waypoint_follower]: patrol waiting for fresh odometry: receive_age=61.570s, stamp_age=0.001s, fresh=0/5; auto-resume enabled
[WARN] [1784812111.705488660] [waypoint_follower]: patrol waiting for fresh odometry: receive_age=62.619s, stamp_age=0.001s, fresh=0/5; auto-resume enabled
[WARN] [1784812112.705594275] [waypoint_follower]: patrol waiting for fresh odometry: receive_age=63.619s, stamp_age=0.001s, fresh=0/5; auto-resume enabled
[WARN] [1784812113.755521144] [waypoint_follower]: patrol waiting for fresh odometry: receive_age=64.669s, stamp_age=0.001s, fresh=0/5; auto-resume enabled
[WARN] [1784812114.755637837] [waypoint_follower]: patrol waiting for fresh odometry: receive_age=65.670s, stamp_age=0.001s, fresh=0/5; auto-resume enabled
[WARN] [1784812115.805430115] [waypoint_follower]: patrol waiting for fresh odometry: receive_age=66.719s, stamp_age=0.001s, fresh=0/5; auto-resume enabled
[WARN] [1784812116.805433434] [waypoint_follower]: patrol waiting for fresh odometry: receive_age=67.719s, stamp_age=0.001s, fresh=0/5; auto-resume enabled
[WARN] [1784812117.805456629] [waypoint_follower]: patrol waiting for fresh odometry: receive_age=68.719s, stamp_age=0.001s, fresh=0/5; auto-resume enabled
[WARN] [1784812118.805517203] [waypoint_follower]: patrol waiting for fresh odometry: receive_age=69.719s, stamp_age=0.001s, fresh=0/5; auto-resume enabled
[WARN] [1784812119.855663584] [waypoint_follower]: patrol waiting for fresh odometry: receive_age=70.770s, stamp_age=0.001s, fresh=0/5; auto-resume enabled
[WARN] [1784812120.905460230] [waypoint_follower]: patrol waiting for fresh odometry: receive_age=71.819s, stamp_age=0.001s, fresh=0/5; auto-resume enabled
[WARN] [1784812121.905738355] [waypoint_follower]: patrol waiting for fresh odometry: receive_age=72.819s, stamp_age=0.001s, fresh=0/5; auto-resume enabled
[WARN] [1784812122.905571318] [waypoint_follower]: patrol waiting for fresh odometry: receive_age=73.819s, stamp_age=0.001s, fresh=0/5; auto-resume enabled
[WARN] [1784812123.905627682] [waypoint_follower]: patrol waiting for fresh odometry: receive_age=74.819s, stamp_age=0.001s, fresh=0/5; auto-resume enabled
[WARN] [1784812124.955436787] [waypoint_follower]: patrol waiting for fresh odometry: receive_age=75.869s, stamp_age=0.001s, fresh=0/5; auto-resume enabled
[WARN] [1784812125.955407298] [waypoint_follower]: patrol waiting for fresh odometry: receive_age=76.869s, stamp_age=0.001s, fresh=0/5; auto-resume enabled
[WARN] [1784812126.955548793] [waypoint_follower]: patrol waiting for fresh odometry: receive_age=77.869s, stamp_age=0.001s, fresh=0/5; auto-resume enabled
[WARN] [1784812128.005585595] [waypoint_follower]: patrol waiting for fresh odometry: receive_age=78.919s, stamp_age=0.001s, fresh=0/5; auto-resume enabled
[WARN] [1784812129.005606675] [waypoint_follower]: patrol waiting for fresh odometry: receive_age=79.919s, stamp_age=0.001s, fresh=0/5; auto-resume enabled
[WARN] [1784812130.005598414] [waypoint_follower]: patrol waiting for fresh odometry: receive_age=80.920s, stamp_age=0.001s, fresh=0/5; auto-resume enabled
[WARN] [1784812131.055764124] [waypoint_follower]: patrol waiting for fresh odometry: receive_age=81.969s, stamp_age=0.001s, fresh=0/5; auto-resume enabled
[WARN] [1784812132.105409661] [waypoint_follower]: patrol waiting for fresh odometry: receive_age=83.019s, stamp_age=0.001s, fresh=0/5; auto-resume enabled
[WARN] [1784812133.105594341] [waypoint_follower]: patrol waiting for fresh odometry: receive_age=84.019s, stamp_age=0.001s, fresh=0/5; auto-resume enabled
[WARN] [1784812134.155883296] [waypoint_follower]: patrol waiting for fresh odometry: receive_age=85.069s, stamp_age=0.001s, fresh=0/5; auto-resume enabled
[WARN] [1784812135.158343477] [waypoint_follower]: patrol waiting for fresh odometry: receive_age=86.072s, stamp_age=0.001s, fresh=0/5; auto-resume enabled
[WARN] [1784812136.215419879] [waypoint_follower]: patrol waiting for fresh odometry: receive_age=87.119s, stamp_age=0.001s, fresh=0/5; auto-resume enabled
[WARN] [1784812137.255557904] [waypoint_follower]: patrol waiting for fresh odometry: receive_age=88.169s, stamp_age=0.001s, fresh=0/5; auto-resume enabled
[WARN] [1784812138.259183761] [waypoint_follower]: patrol waiting for fresh odometry: receive_age=89.173s, stamp_age=0.001s, fresh=0/5; auto-resume enabled
[WARN] [1784812139.305594785] [waypoint_follower]: patrol waiting for fresh odometry: receive_age=90.219s, stamp_age=0.001s, fresh=0/5; auto-resume enabled
[WARN] [1784812140.305724316] [waypoint_follower]: patrol waiting for fresh odometry: receive_age=91.219s, stamp_age=0.001s, fresh=0/5; auto-resume enabled
[WARN] [1784812141.305614929] [waypoint_follower]: patrol waiting for fresh odometry: receive_age=92.219s, stamp_age=0.001s, fresh=0/5; auto-resume enabled
[WARN] [1784812142.305640429] [waypoint_follower]: patrol waiting for fresh odometry: receive_age=93.220s, stamp_age=0.001s, fresh=0/5; auto-resume enabled
[WARN] [1784812143.305647724] [waypoint_follower]: patrol waiting for fresh odometry: receive_age=94.220s, stamp_age=0.001s, fresh=0/5; auto-resume enabled
[WARN] [1784812144.355728508] [waypoint_follower]: patrol waiting for fresh odometry: receive_age=95.269s, stamp_age=0.001s, fresh=0/5; auto-resume enabled
[WARN] [1784812145.355594651] [waypoint_follower]: patrol waiting for fresh odometry: receive_age=96.270s, stamp_age=0.001s, fresh=0/5; auto-resume enabled
[WARN] [1784812146.355740518] [waypoint_follower]: patrol waiting for fresh odometry: receive_age=97.270s, stamp_age=0.001s, fresh=0/5; auto-resume enabled
[WARN] [1784812147.405514581] [waypoint_follower]: patrol waiting for fresh odometry: receive_age=98.319s, stamp_age=0.001s, fresh=0/5; auto-resume enabled
[WARN] [1784812148.455692467] [waypoint_follower]: patrol waiting for fresh odometry: receive_age=99.369s, stamp_age=0.001s, fresh=0/5; auto-resume enabled
[WARN] [1784812149.455574206] [waypoint_follower]: patrol waiting for fresh odometry: receive_age=100.370s, stamp_age=0.001s, fresh=0/5; auto-resume enabled
[WARN] [1784812150.505710080] [waypoint_follower]: patrol waiting for fresh odometry: receive_age=101.419s, stamp_age=0.001s, fresh=0/5; auto-resume enabled
[WARN] [1784812151.505678483] [waypoint_follower]: patrol waiting for fresh odometry: receive_age=102.420s, stamp_age=0.001s, fresh=0/5; auto-resume enabled
[WARN] [1784812152.555953599] [waypoint_follower]: patrol waiting for fresh odometry: receive_age=103.470s, stamp_age=0.001s, fresh=0/5; auto-resume enabled
[WARN] [1784812153.605638108] [waypoint_follower]: patrol waiting for fresh odometry: receive_age=104.520s, stamp_age=0.001s, fresh=0/5; auto-resume enabled
[WARN] [1784812154.655578020] [waypoint_follower]: patrol waiting for fresh odometry: receive_age=105.569s, stamp_age=0.001s, fresh=0/5; auto-resume enabled
[WARN] [1784812155.705718293] [waypoint_follower]: patrol waiting for fresh odometry: receive_age=106.620s, stamp_age=0.001s, fresh=0/5; auto-resume enabled
[WARN] [1784812156.755451772] [waypoint_follower]: patrol waiting for fresh odometry: receive_age=107.669s, stamp_age=0.001s, fresh=0/5; auto-resume enabled
[WARN] [1784812157.755464703] [waypoint_follower]: patrol waiting for fresh odometry: receive_age=108.669s, stamp_age=0.001s, fresh=0/5; auto-resume enabled
[WARN] [1784812158.755567049] [waypoint_follower]: patrol waiting for fresh odometry: receive_age=109.669s, stamp_age=0.001s, fresh=0/5; auto-resume enabled
[WARN] [1784812159.805607681] [waypoint_follower]: patrol waiting for fresh odometry: receive_age=110.719s, stamp_age=0.001s, fresh=0/5; auto-resume enabled
[WARN] [1784812160.805624749] [waypoint_follower]: patrol waiting for fresh odometry: receive_age=111.719s, stamp_age=0.001s, fresh=0/5; auto-resume enabled
[WARN] [1784812161.855733197] [waypoint_follower]: patrol waiting for fresh odometry: receive_age=112.770s, stamp_age=0.001s, fresh=0/5; auto-resume enabled
[WARN] [1784812162.905448580] [waypoint_follower]: patrol waiting for fresh odometry: receive_age=113.819s, stamp_age=0.001s, fresh=0/5; auto-resu