[INFO] [1783777742.552522104] [unitree_safe_cmd_node]: unitree_safe_cmd_node ACTIVE: obstacle -> Move(0,0,0), resume after 5 clear frames
[WARN] [1783777742.555315960] [unitree_safe_cmd_node]: SAFE OVERRIDE cmd_timeout: Move x=0.000, z=0.000, raw_x=0.000, raw_z=0.000, stop_count=0, roi_count=0, nearest_x=inf, clear_frames=0
[WARN] [1783777743.103975256] [unitree_safe_cmd_node]: SAFE OVERRIDE cmd_timeout: Move x=0.000, z=0.000, raw_x=0.000, raw_z=0.000, stop_count=0, roi_count=0, nearest_x=inf, clear_frames=3
[WARN] [1783777743.604246744] [unitree_safe_cmd_node]: SAFE OVERRIDE cmd_timeout: Move x=0.000, z=0.000, raw_x=0.000, raw_z=0.000, stop_count=0, roi_count=0, nearest_x=inf, clear_frames=5
[WARN] [1783777744.154056376] [unitree_safe_cmd_node]: SAFE OVERRIDE cmd_timeout: Move x=0.000, z=0.000, raw_x=0.000, raw_z=0.000, stop_count=0, roi_count=0, nearest_x=inf, clear_frames=8
[WARN] [1783777744.704096664] [unitree_safe_cmd_node]: SAFE OVERRIDE cmd_timeout: Move x=0.000, z=0.000, raw_x=0.000, raw_z=0.000, stop_count=0, roi_count=0, nearest_x=inf, clear_frames=9
[WARN] [1783777745.204108824] [unitree_safe_cmd_node]: SAFE OVERRIDE cmd_timeout: Move x=0.000, z=0.000, raw_x=0.000, raw_z=0.000, stop_count=0, roi_count=0, nearest_x=inf, clear_frames=10
[WARN] [1783777745.754089464] [unitree_safe_cmd_node]: SAFE OVERRIDE cmd_timeout: Move x=0.000, z=0.000, raw_x=0.000, raw_z=0.000, stop_count=0, roi_count=0, nearest_x=inf, clear_frames=12
[INFO] [1783777746.303922328] [unitree_safe_cmd_node]: Move x=0.500, z=0.122, stop_count=0, roi_count=0, nearest_x=inf, clear_frames=14
[INFO] [1783777746.853617112] [unitree_safe_cmd_node]: Move x=0.500, z=0.130, stop_count=0, roi_count=0, nearest_x=inf, clear_frames=16
[INFO] [1783777747.403993592] [unitree_safe_cmd_node]: Move x=0.500, z=0.127, stop_count=0, roi_count=0, nearest_x=inf, clear_frames=17
[INFO] [1783777747.953791192] [unitree_safe_cmd_node]: Move x=0.500, z=0.126, stop_count=0, roi_count=0, nearest_x=inf, clear_frames=19
[INFO] [1783777748.503780984] [unitree_safe_cmd_node]: Move x=0.500, z=0.124, stop_count=0, roi_count=0, nearest_x=inf, clear_frames=20
[INFO] [1783777749.053631832] [unitree_safe_cmd_node]: Move x=0.500, z=0.122, stop_count=0, roi_count=0, nearest_x=inf, clear_frames=21
[INFO] [1783777749.603614328] [unitree_safe_cmd_node]: Move x=0.500, z=0.124, stop_count=0, roi_count=0, nearest_x=inf, clear_frames=23
[INFO] [1783777750.153617400] [unitree_safe_cmd_node]: Move x=0.500, z=0.123, stop_count=0, roi_count=0, nearest_x=inf, clear_frames=24
[INFO] [1783777750.653848824] [unitree_safe_cmd_node]: Move x=0.500, z=0.124, stop_count=0, roi_count=0, nearest_x=inf, clear_frames=26
[INFO] [1783777751.204300568] [unitree_safe_cmd_node]: Move x=0.500, z=0.125, stop_count=0, roi_count=0, nearest_x=inf, clear_frames=29
[INFO] [1783777751.705163704] [unitree_safe_cmd_node]: Move x=0.500, z=0.083, stop_count=0, roi_count=0, nearest_x=inf, clear_frames=32
[INFO] [1783777752.254090392] [unitree_safe_cmd_node]: Move x=0.500, z=0.012, stop_count=0, roi_count=0, nearest_x=inf, clear_frames=34
[INFO] [1783777752.803680312] [unitree_safe_cmd_node]: Move x=0.500, z=-0.262, stop_count=0, roi_count=0, nearest_x=inf, clear_frames=37
[INFO] [1783777753.359459544] [unitree_safe_cmd_node]: Move x=0.250, z=-0.450, stop_count=0, roi_count=0, nearest_x=inf, clear_frames=43
[INFO] [1783777753.909555064] [unitree_safe_cmd_node]: Move x=0.250, z=-0.450, stop_count=0, roi_count=0, nearest_x=inf, clear_frames=49
[INFO] [1783777754.453724344] [unitree_safe_cmd_node]: Move x=0.250, z=-0.450, stop_count=0, roi_count=0, nearest_x=inf, clear_frames=55
[INFO] [1783777754.953750008] [unitree_safe_cmd_node]: Move x=0.250, z=-0.450, stop_count=0, roi_count=0, nearest_x=inf, clear_frames=60
[INFO] [1783777755.503780312] [unitree_safe_cmd_node]: Move x=0.500, z=-0.422, stop_count=0, roi_count=0, nearest_x=inf, clear_frames=66
[INFO] [1783777756.004294456] [unitree_safe_cmd_node]: Move x=0.500, z=-0.280, stop_count=0, roi_count=0, nearest_x=inf, clear_frames=72
[INFO] [1783777756.553703320] [unitree_safe_cmd_node]: Move x=0.500, z=-0.215, stop_count=0, roi_count=0, nearest_x=inf, clear_frames=77
[INFO] [1783777757.103815704] [unitree_safe_cmd_node]: Move x=0.500, z=-0.070, stop_count=0, roi_count=0, nearest_x=inf, clear_frames=83
[INFO] [1783777757.604034136] [unitree_safe_cmd_node]: Move x=0.500, z=-0.038, stop_count=0, roi_count=0, nearest_x=inf, clear_frames=88
[INFO] [1783777758.153880248] [unitree_safe_cmd_node]: Move x=0.500, z=-0.012, stop_count=0, roi_count=0, nearest_x=inf, clear_frames=94
[INFO] [1783777758.653684696] [unitree_safe_cmd_node]: Move x=0.500, z=0.039, stop_count=0, roi_count=0, nearest_x=inf, clear_frames=100
[INFO] [1783777759.155205240] [unitree_safe_cmd_node]: Move x=0.500, z=0.025, stop_count=0, roi_count=0, nearest_x=inf, clear_frames=105
[INFO] [1783777759.703834648] [unitree_safe_cmd_node]: Move x=0.500, z=0.026, stop_count=0, roi_count=0, nearest_x=inf, clear_frames=112
[INFO] [1783777760.204249240] [unitree_safe_cmd_node]: Move x=0.500, z=0.015, stop_count=0, roi_count=0, nearest_x=inf, clear_frames=117
[INFO] [1783777760.753660568] [unitree_safe_cmd_node]: Move x=0.500, z=0.020, stop_count=0, roi_count=0, nearest_x=inf, clear_frames=124
[INFO] [1783777761.254099864] [unitree_safe_cmd_node]: Move x=0.500, z=0.008, stop_count=0, roi_count=0, nearest_x=inf, clear_frames=129
[INFO] [1783777761.803658488] [unitree_safe_cmd_node]: Move x=0.500, z=0.029, stop_count=0, roi_count=0, nearest_x=inf, clear_frames=136
[INFO] [1783777762.303859736] [unitree_safe_cmd_node]: Move x=0.500, z=0.015, stop_count=0, roi_count=0, nearest_x=inf, clear_frames=141
[INFO] [1783777762.803969112] [unitree_safe_cmd_node]: Move x=0.500, z=-0.021, stop_count=0, roi_count=0, nearest_x=inf, clear_frames=147
[INFO] [1783777763.305161272] [unitree_safe_cmd_node]: Move x=0.500, z=-0.018, stop_count=0, roi_count=0, nearest_x=inf, clear_frames=152
[INFO] [1783777763.853629048] [unitree_safe_cmd_node]: Move x=0.500, z=-0.053, stop_count=0, roi_count=0, nearest_x=inf, clear_frames=159
[INFO] [1783777764.353971832] [unitree_safe_cmd_node]: Move x=0.500, z=-0.025, stop_count=0, roi_count=0, nearest_x=inf, clear_frames=164
[INFO] [1783777764.859979096] [unitree_safe_cmd_node]: Move x=0.500, z=-0.024, stop_count=0, roi_count=0, nearest_x=inf, clear_frames=170
[INFO] [1783777765.424137368] [unitree_safe_cmd_node]: Move x=0.500, z=-0.022, stop_count=0, roi_count=0, nearest_x=inf, clear_frames=175
[INFO] [1783777765.954122392] [unitree_safe_cmd_node]: Move x=0.500, z=-0.028, stop_count=0, roi_count=0, nearest_x=inf, clear_frames=179
[INFO] [1783777766.459717240] [unitree_safe_cmd_node]: Move x=0.500, z=-0.017, stop_count=0, roi_count=0, nearest_x=inf, clear_frames=183
[INFO] [1783777767.004066104] [unitree_safe_cmd_node]: Move x=0.500, z=-0.010, stop_count=0, roi_count=0, nearest_x=inf, clear_frames=189
[INFO] [1783777767.553652216] [unitree_safe_cmd_node]: Move x=0.500, z=-0.045, stop_count=0, roi_count=0, nearest_x=inf, clear_frames=196
[INFO] [1783777768.054366584] [unitree_safe_cmd_node]: Move x=0.500, z=-0.046, stop_count=0, roi_count=0, nearest_x=inf, clear_frames=200
[INFO] [1783777768.603737080] [unitree_safe_cmd_node]: Move x=0.500, z=0.014, stop_count=0, roi_count=0, nearest_x=inf, clear_frames=206
[INFO] [1783777769.153791640] [unitree_safe_cmd_node]: Move x=0.500, z=-0.013, stop_count=0, roi_count=0, nearest_x=inf, clear_frames=212
[INFO] [1783777769.654283608] [unitree_safe_cmd_node]: Move x=0.500, z=-0.006, stop_count=0, roi_count=0, nearest_x=inf, clear_frames=217
[INFO] [1783777770.155865048] [unitree_safe_cmd_node]: Move x=0.500, z=-0.015, stop_count=0, roi_count=0, nearest_x=inf, clear_frames=222
[INFO] [1783777770.703658808] [unitree_safe_cmd_node]: Move x=0.500, z=-0.009, stop_count=0, roi_count=0, nearest_x=inf, clear_frames=227
[INFO] [1783777771.253662392] [unitree_safe_cmd_node]: Move x=0.500, z=0.039, stop_count=0, roi_count=0, nearest_x=inf, clear_frames=233
[INFO] [1783777771.753677560] [unitree_safe_cmd_node]: Move x=0.500, z=0.023, stop_count=0, roi_count=0, nearest_x=inf, clear_frames=238
[INFO] [1783777772.254237272] [unitree_safe_cmd_node]: Move x=0.500, z=-0.045, stop_count=0, roi_count=0, nearest_x=inf, clear_frames=243
[INFO] [1783777772.804336120] [unitree_safe_cmd_node]: Move x=0.500, z=-0.081, stop_count=0, roi_count=0, nearest_x=inf, clear_frames=248
[INFO] [1783777773.353831544] [unitree_safe_cmd_node]: Move x=0.500, z=-0.066, stop_count=0, roi_count=0, nearest_x=inf, clear_frames=253
[INFO] [1783777773.853811352] [unitree_safe_cmd_node]: Move x=0.500, z=-0.069, stop_count=0, roi_count=0, nearest_x=inf, clear_frames=258
[INFO] [1783777774.403659896] [unitree_safe_cmd_node]: Move x=0.500, z=-0.098, stop_count=0, roi_count=0, nearest_x=inf, clear_frames=263
[INFO] [1783777774.903637624] [unitree_safe_cmd_node]: Move x=0.500, z=-0.100, stop_count=0, roi_count=0, nearest_x=inf, clear_frames=268
[INFO] [1783777775.453910648] [unitree_safe_cmd_node]: Move x=0.500, z=-0.102, stop_count=0, roi_count=0, nearest_x=inf, clear_frames=274
[INFO] [1783777776.004062360] [unitree_safe_cmd_node]: Move x=0.500, z=-0.099, stop_count=0, roi_count=0, nearest_x=inf, clear_frames=279
[INFO] [1783777776.553754520] [unitree_safe_cmd_node]: Move x=0.500, z=-0.099, stop_count=0, roi_count=0, nearest_x=inf, clear_frames=284
[INFO] [1783777777.053678904] [unitree_safe_cmd_node]: Move x=0.500, z=-0.128, stop_count=0, roi_count=0, nearest_x=inf, clear_frames=289
[INFO] [1783777777.553683416] [unitree_safe_cmd_node]: Move x=0.500, z=-0.124, stop_count=0, roi_count=0, nearest_x=inf, clear_frames=294
[INFO] [1783777778.056790872] [unitree_safe_cmd_node]: Move x=0.500, z=-0.096, stop_count=0, roi_count=0, nearest_x=inf, clear_frames=299
[INFO] [1783777778.603719064] [unitree_safe_cmd_node]: Move x=0.500, z=-0.099, stop_count=0, roi_count=0, nearest_x=inf, clear_frames=304
[INFO] [1783777779.104302392] [unitree_safe_cmd_node]: Move x=0.500, z=-0.101, stop_count=0, roi_count=0, nearest_x=inf, clear_frames=309
[INFO] [1783777779.604104568] [unitree_safe_cmd_node]: Move x=0.500, z=-0.096, stop_count=0, roi_count=0, nearest_x=inf, clear_frames=314
[INFO] [1783777780.153745624] [unitree_safe_cmd_node]: Move x=0.500, z=-0.104, stop_count=0, roi_count=0, nearest_x=inf, clear_frames=320
[INFO] [1783777780.659152056] [unitree_safe_cmd_node]: Move x=0.500, z=-0.100, stop_count=0, roi_count=0, nearest_x=inf, clear_frames=325
[INFO] [1783777781.203685496] [unitree_safe_cmd_node]: Move x=0.500, z=-0.099, stop_count=0, roi_count=0, nearest_x=inf, clear_frames=330
[INFO] [1783777781.703955800] [unitree_safe_cmd_node]: Move x=0.500, z=-0.098, stop_count=0, roi_count=0, nearest_x=inf, clear_frames=334
[INFO] [1783777782.253713336] [unitree_safe_cmd_node]: Move x=0.500, z=-0.101, stop_count=0, roi_count=0, nearest_x=inf, clear_frames=340
[INFO] [1783777782.754191608] [unitree_safe_cmd_node]: Move x=0.500, z=-0.101, stop_count=0, roi_count=0, nearest_x=inf, clear_frames=344
[INFO] [1783777783.304412952] [unitree_safe_cmd_node]: Move x=0.500, z=-0.097, stop_count=0, roi_count=0, nearest_x=inf, clear_frames=349
[INFO] [1783777783.860535992] [unitree_safe_cmd_node]: Move x=0.500, z=-0.120, stop_count=0, roi_count=0, nearest_x=inf, clear_frames=355
[INFO] [1783777784.404391384] [unitree_safe_cmd_node]: Move x=0.500, z=-0.121, stop_count=0, roi_count=0, nearest_x=inf, clear_frames=359
[INFO] [1783777784.909663064] [unitree_safe_cmd_node]: Move x=0.500, z=-0.094, stop_count=0, roi_count=0, nearest_x=inf, clear_frames=365
[INFO] [1783777785.456785464] [unitree_safe_cmd_node]: Move x=0.500, z=-0.096, stop_count=0, roi_count=0, nearest_x=inf, clear_frames=371
[INFO] [1783777786.003807256] [unitree_safe_cmd_node]: Move x=0.500, z=-0.098, stop_count=0, roi_count=0, nearest_x=inf, clear_frames=376
[INFO] [1783777786.510671320] [unitree_safe_cmd_node]: Move x=0.500, z=-0.098, stop_count=0, roi_count=0, nearest_x=inf, clear_frames=381
[INFO] [1783777787.053796632] [unitree_safe_cmd_node]: Move x=0.500, z=-0.096, stop_count=0, roi_count=0, nearest_x=inf, clear_frames=387
[INFO] [1783777787.603863576] [unitree_safe_cmd_node]: Move x=0.500, z=-0.097, stop_count=0, roi_count=0, nearest_x=inf, clear_frames=392
[INFO] [1783777788.153730200] [unitree_safe_cmd_node]: Move x=0.500, z=-0.099, stop_count=0, roi_count=0, nearest_x=inf, clear_frames=398
[INFO] [1783777788.703729240] [unitree_safe_cmd_node]: Move x=0.500, z=-0.097, stop_count=0, roi_count=0, nearest_x=inf, clear_frames=403
[INFO] [1783777789.205050296] [unitree_safe_cmd_node]: Move x=0.500, z=-0.097, stop_count=0, roi_count=0, nearest_x=inf, clear_frames=408
[INFO] [1783777789.704658840] [unitree_safe_cmd_node]: Move x=0.500, z=-0.099, stop_count=0, roi_count=0, nearest_x=inf, clear_frames=413
[INFO] [1783777790.253719064] [unitree_safe_cmd_node]: Move x=0.500, z=-0.095, stop_count=0, roi_count=0, nearest_x=inf, clear_frames=418
[INFO] [1783777790.803679864] [unitree_safe_cmd_node]: Move x=0.500, z=-0.100, stop_count=0, roi_count=0, nearest_x=inf, clear_frames=423
[INFO] [1783777791.303677528] [unitree_safe_cmd_node]: Move x=0.500, z=-0.096, stop_count=0, roi_count=0, nearest_x=inf, clear_frames=428
[INFO] [1783777791.853696056] [unitree_safe_cmd_node]: Move x=0.500, z=-0.096, stop_count=0, roi_count=0, nearest_x=inf, clear_frames=434
[INFO] [1783777792.353805784] [unitree_safe_cmd_node]: Move x=0.500, z=-0.098, stop_count=0, roi_count=0, nearest_x=inf, clear_frames=439
[INFO] [1783777792.853709176] [unitree_safe_cmd_node]: Move x=0.500, z=-0.099, stop_count=0, roi_count=0, nearest_x=inf, clear_frames=444
[INFO] [1783777793.361339416] [unitree_safe_cmd_node]: Move x=0.500, z=-0.098, stop_count=0, roi_count=0, nearest_x=inf, clear_frames=449
[INFO] [1783777793.903623160] [unitree_safe_cmd_node]: Move x=0.500, z=-0.098, stop_count=0, roi_count=0, nearest_x=inf, clear_frames=454
[INFO] [1783777794.403653272] [unitree_safe_cmd_node]: Move x=0.500, z=-0.097, stop_count=0, roi_count=0, nearest_x=inf, clear_frames=459
[INFO] [1783777794.953800600] [unitree_safe_cmd_node]: Move x=0.500, z=-0.097, stop_count=0, roi_count=0, nearest_x=inf, clear_frames=465
[INFO] [1783777795.454041816] [unitree_safe_cmd_node]: Move x=0.500, z=-0.098, stop_count=0, roi_count=0, nearest_x=inf, clear_frames=470
[INFO] [1783777796.003634744] [unitree_safe_cmd_node]: Move x=0.500, z=-0.098, stop_count=0, roi_count=0, nearest_x=inf, clear_frames=475
[INFO] [1783777796.504731864] [unitree_safe_cmd_node]: Move x=0.500, z=-0.098, stop_count=0, roi_count=0, nearest_x=inf, clear_frames=480
[INFO] [1783777797.006583416] [unitree_safe_cmd_node]: Move x=0.500, z=-0.096, stop_count=0, roi_count=0, nearest_x=inf, clear_frames=485
[INFO] [1783777797.553677368] [unitree_safe_cmd_node]: Move x=0.500, z=-0.096, stop_count=0, roi_count=0, nearest_x=inf, clear_frames=491
[INFO] [1783777798.103619576] [unitree_safe_cmd_node]: Move x=0.500, z=-0.099, stop_count=0, roi_count=0, nearest_x=inf, clear_frames=496
[INFO] [1783777798.603685720] [unitree_safe_cmd_node]: Move x=0.500, z=-0.100, stop_count=0, roi_count=0, nearest_x=inf, clear_frames=501
[INFO] [1783777799.103639832] [unitree_safe_cmd_node]: Move x=0.500, z=-0.098, stop_count=0, roi_count=0, nearest_x=inf, clear_frames=506
[INFO] [1783777799.603650168] [unitree_safe_cmd_node]: Move x=0.500, z=-0.098, stop_count=0, roi_count=0, nearest_x=inf, clear_frames=511
[INFO] [1783777800.112721432] [unitree_safe_cmd_node]: Move x=0.500, z=-0.096, stop_count=0, roi_count=0, nearest_x=inf, clear_frames=516
[INFO] [1783777800.658583992] [unitree_safe_cmd_node]: Move x=0.500, z=-0.098, stop_count=0, roi_count=0, nearest_x=inf, clear_frames=521
[INFO] [1783777801.203637176] [unitree_safe_cmd_node]: Move x=0.500, z=-0.091, stop_count=0, roi_count=0, nearest_x=inf, clear_frames=526
[INFO] [1783777801.703669688] [unitree_safe_cmd_node]: Move x=0.500, z=-0.098, stop_count=0, roi_count=0, nearest_x=inf, clear_frames=531
[INFO] [1783777802.203678872] [unitree_safe_cmd_node]: Move x=0.500, z=-0.099, stop_count=0, roi_count=0, nearest_x=inf, clear_frames=536
[INFO] [1783777802.753685208] [unitree_safe_cmd_node]: Move x=0.500, z=-0.100, stop_count=0, roi_count=0, nearest_x=inf, clear_frames=542
[INFO] [1783777803.254020152] [unitree_safe_cmd_node]: Move x=0.500, z