[INFO] [1784295987.950339938] [unitree_safe_cmd_node]: unitree_safe_cmd_node ACTIVE: obstacle -> Move(0,0,0), resume after 5 clear frames
[INFO] [1784295987.951143891] [unitree_safe_cmd_node]: output mode: Twist -> /cmd_vel
[WARN] [1784295987.953561672] [unitree_safe_cmd_node]: SAFE OVERRIDE cmd_timeout: Move x=0.000, z=0.000, raw_x=0.000, raw_z=0.000, stop_count=0, roi_count=0, nearest_x=inf, clear_frames=0
[WARN] [1784295988.480440005] [unitree_safe_cmd_node]: SAFE OVERRIDE cmd_timeout: Move x=0.000, z=0.000, raw_x=0.000, raw_z=0.000, stop_count=0, roi_count=20, nearest_x=0.59, clear_frames=2
[WARN] [1784295988.980636024] [unitree_safe_cmd_node]: SAFE OVERRIDE cmd_timeout: Move x=0.000, z=0.000, raw_x=0.000, raw_z=0.000, stop_count=0, roi_count=26, nearest_x=0.59, clear_frames=4
[WARN] [1784295989.480789600] [unitree_safe_cmd_node]: SAFE OVERRIDE cmd_timeout: Move x=0.000, z=0.000, raw_x=0.000, raw_z=0.000, stop_count=0, roi_count=27, nearest_x=0.60, clear_frames=5
[WARN] [1784295989.980902662] [unitree_safe_cmd_node]: SAFE OVERRIDE cmd_timeout: Move x=0.000, z=0.000, raw_x=0.000, raw_z=0.000, stop_count=0, roi_count=23, nearest_x=0.59, clear_frames=6
[INFO] [1784295990.481577150] [unitree_safe_cmd_node]: Move x=0.000, z=0.000, stop_count=0, roi_count=21, nearest_x=0.60, clear_frames=7
[INFO] [1784295991.030113579] [unitree_safe_cmd_node]: Move x=0.060, z=-0.250, stop_count=0, roi_count=19, nearest_x=0.64, clear_frames=8
[INFO] [1784295991.530330289] [unitree_safe_cmd_node]: Move x=0.060, z=-0.250, stop_count=0, roi_count=20, nearest_x=0.61, clear_frames=9
[INFO] [1784295992.030656196] [unitree_safe_cmd_node]: Move x=0.060, z=-0.250, stop_count=0, roi_count=25, nearest_x=0.60, clear_frames=10
[INFO] [1784295992.580095430] [unitree_safe_cmd_node]: Move x=0.060, z=-0.250, stop_count=0, roi_count=18, nearest_x=0.60, clear_frames=12
[INFO] [1784295993.080098965] [unitree_safe_cmd_node]: Move x=0.060, z=-0.250, stop_count=0, roi_count=38, nearest_x=0.59, clear_frames=13
[INFO] [1784295993.631844511] [unitree_safe_cmd_node]: Move x=0.060, z=-0.250, stop_count=0, roi_count=22, nearest_x=0.60, clear_frames=14
[INFO] [1784295994.180119218] [unitree_safe_cmd_node]: Move x=0.060, z=-0.250, stop_count=0, roi_count=18, nearest_x=0.58, clear_frames=15
[INFO] [1784295994.680297732] [unitree_safe_cmd_node]: Move x=0.060, z=-0.250, stop_count=0, roi_count=21, nearest_x=0.60, clear_frames=16
[INFO] [1784295995.230504890] [unitree_safe_cmd_node]: Move x=0.060, z=-0.250, stop_count=0, roi_count=30, nearest_x=0.59, clear_frames=17
[INFO] [1784295995.780348348] [unitree_safe_cmd_node]: Move x=0.060, z=-0.250, stop_count=0, roi_count=22, nearest_x=0.62, clear_frames=19
[INFO] [1784295996.330106887] [unitree_safe_cmd_node]: Move x=0.060, z=-0.250, stop_count=0, roi_count=24, nearest_x=0.61, clear_frames=22
[INFO] [1784295996.830203876] [unitree_safe_cmd_node]: Move x=0.060, z=-0.250, stop_count=0, roi_count=25, nearest_x=0.64, clear_frames=23
[INFO] [1784295997.330503206] [unitree_safe_cmd_node]: Move x=0.060, z=-0.250, stop_count=0, roi_count=13, nearest_x=0.59, clear_frames=26
[INFO] [1784295997.880390694] [unitree_safe_cmd_node]: Move x=0.060, z=-0.250, stop_count=0, roi_count=0, nearest_x=inf, clear_frames=29
[INFO] [1784295998.430447916] [unitree_safe_cmd_node]: Move x=0.100, z=-0.250, stop_count=0, roi_count=0, nearest_x=inf, clear_frames=34
[INFO] [1784295998.980452819] [unitree_safe_cmd_node]: Move x=0.100, z=-0.250, stop_count=0, roi_count=0, nearest_x=inf, clear_frames=40
[INFO] [1784295999.480607265] [unitree_safe_cmd_node]: Move x=0.100, z=-0.250, stop_count=0, roi_count=0, nearest_x=inf, clear_frames=45
[INFO] [1784296000.030138389] [unitree_safe_cmd_node]: Move x=0.135, z=-0.250, stop_count=0, roi_count=0, nearest_x=inf, clear_frames=51
[INFO] [1784296000.532674480] [unitree_safe_cmd_node]: Move x=0.200, z=-0.250, stop_count=0, roi_count=0, nearest_x=inf, clear_frames=56
[INFO] [1784296001.080211575] [unitree_safe_cmd_node]: Move x=0.200, z=-0.224, stop_count=0, roi_count=0, nearest_x=inf, clear_frames=62
[INFO] [1784296001.582767661] [unitree_safe_cmd_node]: Move x=0.200, z=-0.210, stop_count=0, roi_count=0, nearest_x=inf, clear_frames=68
[INFO] [1784296002.130169412] [unitree_safe_cmd_node]: Move x=0.200, z=-0.190, stop_count=0, roi_count=0, nearest_x=inf, clear_frames=73
[INFO] [1784296002.630832658] [unitree_safe_cmd_node]: Move x=0.200, z=-0.163, stop_count=0, roi_count=0, nearest_x=inf, clear_frames=78
[INFO] [1784296003.180252724] [unitree_safe_cmd_node]: Move x=0.200, z=-0.150, stop_count=0, roi_count=0, nearest_x=inf, clear_frames=84
[INFO] [1784296003.680569719] [unitree_safe_cmd_node]: Move x=0.200, z=-0.130, stop_count=0, roi_count=0, nearest_x=inf, clear_frames=89
[INFO] [1784296004.181014383] [unitree_safe_cmd_node]: Move x=0.200, z=-0.107, stop_count=0, roi_count=0, nearest_x=inf, clear_frames=94
[INFO] [1784296004.730209895] [unitree_safe_cmd_node]: Move x=0.200, z=-0.113, stop_count=0, roi_count=0, nearest_x=inf, clear_frames=100
[INFO] [1784296005.231531348] [unitree_safe_cmd_node]: Move x=0.200, z=-0.093, stop_count=0, roi_count=0, nearest_x=inf, clear_frames=105
[INFO] [1784296005.780572343] [unitree_safe_cmd_node]: Move x=0.200, z=-0.078, stop_count=0, roi_count=0, nearest_x=inf, clear_frames=110
[INFO] [1784296006.280480270] [unitree_safe_cmd_node]: Move x=0.200, z=-0.076, stop_count=0, roi_count=0, nearest_x=inf, clear_frames=115
[INFO] [1784296006.830170669] [unitree_safe_cmd_node]: Move x=0.200, z=-0.050, stop_count=0, roi_count=0, nearest_x=inf, clear_frames=121
[INFO] [1784296007.330180296] [unitree_safe_cmd_node]: Move x=0.200, z=-0.047, stop_count=0, roi_count=0, nearest_x=inf, clear_frames=126
[INFO] [1784296007.830446246] [unitree_safe_cmd_node]: Move x=0.200, z=-0.028, stop_count=0, roi_count=0, nearest_x=inf, clear_frames=131
[INFO] [1784296008.332965401] [unitree_safe_cmd_node]: Move x=0.200, z=0.000, stop_count=0, roi_count=0, nearest_x=inf, clear_frames=136
[INFO] [1784296008.880215411] [unitree_safe_cmd_node]: Move x=0.200, z=0.000, stop_count=0, roi_count=0, nearest_x=inf, clear_frames=142
[INFO] [1784296009.381023537] [unitree_safe_cmd_node]: Move x=0.200, z=0.000, stop_count=0, roi_count=0, nearest_x=inf, clear_frames=147
[INFO] [1784296009.880917943] [unitree_safe_cmd_node]: Move x=0.200, z=0.000, stop_count=0, roi_count=0, nearest_x=inf, clear_frames=150
[INFO] [1784296010.433339823] [unitree_safe_cmd_node]: Move x=0.200, z=0.000, stop_count=0, roi_count=0, nearest_x=inf, clear_frames=155
[INFO] [1784296010.980900764] [unitree_safe_cmd_node]: Move x=0.200, z=0.000, stop_count=0, roi_count=0, nearest_x=inf, clear_frames=160
[INFO] [1784296011.487163387] [unitree_safe_cmd_node]: Move x=0.200, z=0.000, stop_count=0, roi_count=0, nearest_x=inf, clear_frames=164
[INFO] [1784296011.981272608] [unitree_safe_cmd_node]: Move x=0.200, z=0.000, stop_count=0, roi_count=0, nearest_x=inf, clear_frames=169
[INFO] [1784296012.492333346] [unitree_safe_cmd_node]: Move x=0.200, z=0.000, stop_count=0, roi_count=0, nearest_x=inf, clear_frames=174
[INFO] [1784296013.031125535] [unitree_safe_cmd_node]: Move x=0.200, z=0.000, stop_count=0, roi_count=0, nearest_x=inf, clear_frames=179
[INFO] [1784296013.530690943] [unitree_safe_cmd_node]: Move x=0.200, z=0.000, stop_count=0, roi_count=0, nearest_x=inf, clear_frames=183
[INFO] [1784296014.030590339] [unitree_safe_cmd_node]: Move x=0.200, z=0.000, stop_count=0, roi_count=0, nearest_x=inf, clear_frames=187
[INFO] [1784296014.581122115] [unitree_safe_cmd_node]: Move x=0.200, z=0.000, stop_count=0, roi_count=0, nearest_x=inf, clear_frames=191
[INFO] [1784296015.134442055] [unitree_safe_cmd_node]: Move x=0.200, z=0.000, stop_count=0, roi_count=0, nearest_x=inf, clear_frames=195
[INFO] [1784296015.642362477] [unitree_safe_cmd_node]: Move x=0.200, z=0.000, stop_count=0, roi_count=0, nearest_x=inf, clear_frames=200
[INFO] [1784296016.146030117] [unitree_safe_cmd_node]: Move x=0.200, z=0.000, stop_count=0, roi_count=0, nearest_x=inf, clear_frames=204
[INFO] [1784296016.646452448] [unitree_safe_cmd_node]: Move x=0.200, z=0.000, stop_count=0, roi_count=0, nearest_x=inf, clear_frames=208
[INFO] [1784296017.180774553] [unitree_safe_cmd_node]: Move x=0.200, z=0.000, stop_count=0, roi_count=0, nearest_x=inf, clear_frames=212
[INFO] [1784296017.730928700] [unitree_safe_cmd_node]: Move x=0.200, z=0.000, stop_count=0, roi_count=0, nearest_x=inf, clear_frames=217
[INFO] [1784296018.280155787] [unitree_safe_cmd_node]: Move x=0.200, z=0.000, stop_count=0, roi_count=0, nearest_x=inf, clear_frames=223
[INFO] [1784296018.780461989] [unitree_safe_cmd_node]: Move x=0.200, z=0.000, stop_count=0, roi_count=0, nearest_x=inf, clear_frames=228
[INFO] [1784296019.331546542] [unitree_safe_cmd_node]: Move x=0.200, z=0.000, stop_count=0, roi_count=0, nearest_x=inf, clear_frames=234
[INFO] [1784296019.880417532] [unitree_safe_cmd_node]: Move x=0.200, z=0.000, stop_count=0, roi_count=0, nearest_x=inf, clear_frames=239
[INFO] [1784296020.430800792] [unitree_safe_cmd_node]: Move x=0.200, z=0.000, stop_count=0, roi_count=0, nearest_x=inf, clear_frames=243
[INFO] [1784296020.980127949] [unitree_safe_cmd_node]: Move x=0.200, z=0.000, stop_count=0, roi_count=0, nearest_x=inf, clear_frames=249
[INFO] [1784296021.486349383] [unitree_safe_cmd_node]: Move x=0.200, z=0.000, stop_count=0, roi_count=0, nearest_x=inf, clear_frames=255
[INFO] [1784296022.030251494] [unitree_safe_cmd_node]: Move x=0.200, z=0.000, stop_count=0, roi_count=0, nearest_x=inf, clear_frames=260
[INFO] [1784296022.531999274] [unitree_safe_cmd_node]: Move x=0.200, z=0.000, stop_count=0, roi_count=0, nearest_x=inf, clear_frames=266
[INFO] [1784296023.080440309] [unitree_safe_cmd_node]: Move x=0.200, z=0.000, stop_count=0, roi_count=0, nearest_x=inf, clear_frames=271
[INFO] [1784296023.630269795] [unitree_safe_cmd_node]: Move x=0.200, z=0.000, stop_count=0, roi_count=0, nearest_x=inf, clear_frames=277
[INFO] [1784296024.130563244] [unitree_safe_cmd_node]: Move x=0.200, z=0.000, stop_count=0, roi_count=0, nearest_x=inf, clear_frames=282
[INFO] [1784296024.680114100] [unitree_safe_cmd_node]: Move x=0.200, z=0.000, stop_count=0, roi_count=0, nearest_x=inf, clear_frames=288
[INFO] [1784296025.180693969] [unitree_safe_cmd_node]: Move x=0.200, z=0.000, stop_count=0, roi_count=0, nearest_x=inf, clear_frames=293
[INFO] [1784296025.731692804] [unitree_safe_cmd_node]: Move x=0.200, z=0.000, stop_count=0, roi_count=0, nearest_x=inf, clear_frames=299
[INFO] [1784296026.236219791] [unitree_safe_cmd_node]: Move x=0.200, z=0.000, stop_count=0, roi_count=0, nearest_x=inf, clear_frames=305
[INFO] [1784296026.780342196] [unitree_safe_cmd_node]: Move x=0.200, z=0.000, stop_count=0, roi_count=0, nearest_x=inf, clear_frames=310
[INFO] [1784296027.284637853] [unitree_safe_cmd_node]: Move x=0.200, z=0.000, stop_count=0, roi_count=0, nearest_x=inf, clear_frames=316
[INFO] [1784296027.830521647] [unitree_safe_cmd_node]: Move x=0.200, z=0.000, stop_count=0, roi_count=0, nearest_x=inf, clear_frames=321
[INFO] [1784296028.380167859] [unitree_safe_cmd_node]: Move x=0.200, z=0.000, stop_count=0, roi_count=0, nearest_x=inf, clear_frames=327
[INFO] [1784296028.880361842] [unitree_safe_cmd_node]: Move x=0.200, z=0.000, stop_count=0, roi_count=0, nearest_x=inf, clear_frames=332
[INFO] [1784296029.430668563] [unitree_safe_cmd_node]: Move x=0.200, z=0.000, stop_count=0, roi_count=0, nearest_x=inf, clear_frames=338
[INFO] [1784296029.935476578] [unitree_safe_cmd_node]: Move x=0.200, z=0.000, stop_count=0, roi_count=0, nearest_x=inf, clear_frames=344
[INFO] [1784296030.480418353] [unitree_safe_cmd_node]: Move x=0.200, z=0.000, stop_count=0, roi_count=0, nearest_x=inf, clear_frames=349
[INFO] [1784296031.030609185] [unitree_safe_cmd_node]: Move x=0.200, z=0.000, stop_count=0, roi_count=0, nearest_x=inf, clear_frames=354
[INFO] [1784296031.587369612] [unitree_safe_cmd_node]: Move x=0.200, z=0.000, stop_count=0, roi_count=0, nearest_x=inf, clear_frames=359
[INFO] [1784296032.131324497] [unitree_safe_cmd_node]: Move x=0.200, z=0.000, stop_count=0, roi_count=0, nearest_x=inf, clear_frames=364
[INFO] [1784296032.680990805] [unitree_safe_cmd_node]: Move x=0.200, z=0.000, stop_count=0, roi_count=0, nearest_x=inf, clear_frames=370
[INFO] [1784296033.181723106] [unitree_safe_cmd_node]: Move x=0.200, z=0.000, stop_count=0, roi_count=0, nearest_x=inf, clear_frames=374
[INFO] [1784296033.682089429] [unitree_safe_cmd_node]: Move x=0.200, z=0.000, stop_count=0, roi_count=0, nearest_x=inf, clear_frames=376
[INFO] [1784296034.230168179] [unitree_safe_cmd_node]: Move x=0.200, z=0.000, stop_count=0, roi_count=0, nearest_x=inf, clear_frames=379
[INFO] [1784296034.780142305] [unitree_safe_cmd_node]: Move x=0.200, z=0.000, stop_count=0, roi_count=0, nearest_x=inf, clear_frames=381
[INFO] [1784296035.330355701] [unitree_safe_cmd_node]: Move x=0.200, z=0.000, stop_count=0, roi_count=0, nearest_x=inf, clear_frames=383
[INFO] [1784296035.880122466] [unitree_safe_cmd_node]: Move x=0.200, z=0.000, stop_count=0, roi_count=0, nearest_x=inf, clear_frames=386
[INFO] [1784296036.430386995] [unitree_safe_cmd_node]: Move x=0.200, z=0.000, stop_count=0, roi_count=0, nearest_x=inf, clear_frames=388
[INFO] [1784296036.930397275] [unitree_safe_cmd_node]: Move x=0.200, z=0.000, stop_count=0, roi_count=0, nearest_x=inf, clear_frames=390
[INFO] [1784296037.433773263] [unitree_safe_cmd_node]: Move x=0.200, z=0.000, stop_count=0, roi_count=0, nearest_x=inf, clear_frames=393
[INFO] [1784296037.980520621] [unitree_safe_cmd_node]: Move x=0.200, z=0.000, stop_count=0, roi_count=0, nearest_x=inf, clear_frames=395
[INFO] [1784296038.533584173] [unitree_safe_cmd_node]: Move x=0.200, z=0.000, stop_count=0, roi_count=0, nearest_x=inf, clear_frames=398
[INFO] [1784296039.081078480] [unitree_safe_cmd_node]: Move x=0.200, z=0.000, stop_count=0, roi_count=0, nearest_x=inf, clear_frames=402
[INFO] [1784296039.630408803] [unitree_safe_cmd_node]: Move x=0.200, z=0.000, stop_count=0, roi_count=0, nearest_x=inf, clear_frames=404
[INFO] [1784296040.130284953] [unitree_safe_cmd_node]: Move x=0.200, z=0.000, stop_count=0, roi_count=0, nearest_x=inf, clear_frames=406
[INFO] [1784296040.630447162] [unitree_safe_cmd_node]: Move x=0.200, z=0.000, stop_count=0, roi_count=0, nearest_x=inf, clear_frames=409
[INFO] [1784296041.180457998] [unitree_safe_cmd_node]: Move x=0.200, z=0.000, stop_count=0, roi_count=0, nearest_x=inf, clear_frames=412
[INFO] [1784296041.730461198] [unitree_safe_cmd_node]: Move x=0.200, z=0.000, stop_count=0, roi_count=0, nearest_x=inf, clear_frames=415
[INFO] [1784296042.280683983] [unitree_safe_cmd_node]: Move x=0.200, z=0.000, stop_count=0, roi_count=0, nearest_x=inf, clear_frames=420
[INFO] [1784296042.830366178] [unitree_safe_cmd_node]: Move x=0.200, z=0.000, stop_count=0, roi_count=0, nearest_x=inf, clear_frames=426
[INFO] [1784296043.338624219] [unitree_safe_cmd_node]: Move x=0.200, z=0.000, stop_count=0, roi_count=0, nearest_x=inf, clear_frames=429
[INFO] [1784296043.880295587] [unitree_safe_cmd_node]: Move x=0.200, z=0.000, stop_count=0, roi_count=0, nearest_x=inf, clear_frames=432
[INFO] [1784296044.431105645] [unitree_safe_cmd_node]: Move x=0.200, z=0.000, stop_count=0, roi_count=0, nearest_x=inf, clear_frames=436
[INFO] [1784296044.981325215] [unitree_safe_cmd_node]: Move x=0.200, z=0.000, stop_count=0, roi_count=0, nearest_x=inf, clear_frames=440
[INFO] [1784296045.480615487] [unitree_safe_cmd_node]: Move x=0.200, z=0.000, stop_count=0, roi_count=0, nearest_x=inf, clear_frames=442
[INFO] [1784296046.031060860] [unitree_safe_cmd_node]: Move x=0.200, z=0.000, stop_count=0, roi_count=0, nearest_x=inf, clear_frames=446
[INFO] [1784296046.580116187] [unitree_safe_cmd_node]: Move x=0.200, z=0.000, stop_count=0, roi_count=0, nearest_x=inf, clear_frames=451
[INFO] [1784296047.080439547] [unitree_safe_cmd_node]: Move x=0.200, z=0.000, stop_count=0, roi_count=0, nearest_x=inf, clear_frames=455
[INFO] [1784296047.631179420] [unitree_safe_cmd_node]: Move x=0.200, z=0.000, stop_count=0, roi_count=0, nearest_x=inf, clear_frames=460
[INFO] [1784296048.131275384] [unitree_safe_cmd_node]: Move x=0.200, z=0.000, stop_count=0, roi_count=0, nearest_x=inf, clear_frames=464
[INFO] [1784296048.631375104] [unitree_safe_cmd_node]: Move x=0.200, z=0.000, stop_count=0, roi_count=0, nearest_x=inf, clear_frames=468
[INFO] [1784296049.135745192] [unitree_safe_cmd_node]: Move x=0.200, z=0.000, stop_count=0, roi_count=0, nearest_x=inf, clear_frames=472
[INFO] [1784296049.680362931] [unitree_safe_cmd_node]: Move x=0.200, z=0.000, stop_count=0, roi_count=0, nearest_x=inf, clear_frames=474
[INFO] [1784296050.230844775] [unitree_safe_cmd_node]: Move x=0.200, z=0.000, stop_count=0, roi_count=0, nearest_x=inf, clear_frames=478
[INFO] [1784296050.781599106] [unitree_safe_cmd_node]: Move x=0.200, z=0.000, stop_count=0, roi_count=0, nearest_x=inf, clear_frames=483
[INFO] [1784296051.330393021] [unitree_safe_cmd_node]: Move x=0.200, z=0.000, stop_count=0, roi_count=0, nearest_x=inf, clear_frames=487
[INFO] [1784296051.880337654] [unitree_safe_cmd_node]: Move x=0.200, z=0.000, stop_count=0, roi_count=0, nearest_x=inf, clear_frames=493
[INFO] [1784296052.386791314] [unitree_safe_cmd_node]: Move x=0.200, z=0.000, stop_count=0, roi_count=0, nearest_x=inf, clear_frames=499
[INFO] [1784296052.930622626] [unitree_safe_cmd_node]: Move x=0.200, z=0.000, stop_count=0, roi_count=0, nearest_x=inf, clear_frames=504
[INFO] [1784296053.432298016] [unitree_safe_cmd_node]: Move x=0.200, z=0.000, stop_count=0, roi_count=0, nearest_x=inf, clear_frames=510
[INFO] [1784296053.980483623] [unitree_safe_cmd_node]: Move x=0.200, z=0.000, stop_count=0, roi_count=0, nearest_x=inf, clear_frames=515
[INFO] [1784296054.530182493] [unitree_safe_cmd_node]: Move x=0.200, z=0.000, stop_count=0, roi_count=0, nearest_x=inf, clear_frames=521
[INFO] [1784296055.031138883] [unitree_safe_cmd_node]: Move x=0.200, z=0.000, stop_count=0, roi_count=0, nearest_x=inf, clear_frames=526
[INFO] [1784296055.580657337] [unitree_safe_cmd_node]: Move x=0.200, z=0.000, stop_count=0, roi_count=0, nearest_x=inf, clear_frames=532
[INFO] [1784296056.080989328] [unitree_safe_cmd_node]: Move x=0.200, z=0.000, stop_count=0, roi_count=0, nearest_x=inf, clear_frames=537
[INFO] [1784296056.630515160] [unitree_safe_cmd_node]: Move x=0.200, z=0.000, stop_count=0, roi_count=0, nearest_x=inf, clear_frames=543
[INFO] [1784296057.180661222] [unitree_safe_cmd_node]: Move x=0.200, z=0.000, stop_count=0, roi_count=0, nearest_x=inf, clear_frames=548
[INFO] [1784296057.730279177] [unitree_safe_cmd_node]: Move x=0.200, z=0.000, stop_count=0, roi_count=0, nearest_x=inf, clear_frames=554
[INFO] [1784296058.235322289] [unitree_safe_cmd_node]: Move x=0.200, z=0.000, stop_count=0, roi_count=0, nearest_x=inf, clear_frames=559
[INFO] [1784296058.780290945] [unitree_safe_cmd_node]: Move x=0.200, z=0.000, stop_count=0, roi_count=0, nearest_x=inf, clear_frames=565
[INFO] [1784296059.283988910] [unitree_safe_cmd_node]: Move x=0.200, z=0.000, stop_count=0, roi_count=0, nearest_x=inf, clear_frames=571
[INFO] [1784296059.830550357] [unitree_safe_cmd_node]: Move x=0.200, z=0.000, stop_count=0, roi_count=0, nearest_x=inf, clear_frames=576
[INFO] [1784296060.330544465] [unitree_safe_cmd_node]: Move x=0.200, z=0.000, stop_count=0, roi_count=0, nearest_x=inf, clear_frames=581
[INFO] [1784296060.832139449] [unitree_safe_cmd_node]: Move x=0.200, z=0.000, stop_count=0, roi_count=0, nearest_x=inf, clear_frames=586
[INFO] [1784296061.380681676] [unitree_safe_cmd_node]: Move x=0.200, z=0.000, stop_count=0, roi_count=0, nearest_x=inf, clear_frames=592
[INFO] [1784296061.930325558] [unitree_safe_cmd_node]: Move x=0.200, z=0.000, stop_count=0, roi_count=0, nearest_x=inf, clear_frames=598
[INFO] [1784296062.430456451] [unitree_safe_cmd_node]: Move x=0.200, z=0.000, stop_count=0, roi_count=0, nearest_x=inf, clear_frames=603
[INFO] [1784296062.980132962] [unitree_safe_cmd_node]: Move x=0.200, z=0.000, stop_count=0, roi_count=0, nearest_x=inf, clear_frames=609
[INFO] [1784296063.482074044] [unitree_safe_cmd_node]: Move x=0.200, z=0.000, stop_count=0, roi_count=0, nearest_x=inf, clear_frames=614
[INFO] [1784296064.030310198] [unitree_safe_cmd_node]: Move x=0.200, z=0.000, stop_count=0, roi_count=0, nearest_x=inf, clear_frames=620
[INFO] [1784296064.586909962] [unitree_safe_cmd_node]: Move x=0.200, z=0.000, stop_count=0, roi_count=0, nearest_x=inf, clear_frames=626
[INFO] [1784296065.130501939] [unitree_safe_cmd_node]: Move x=0.200, z=0.000, stop_count=0, roi_count=0, nearest_x=inf, clear_frames=631
[INFO] [1784296065.680670455] [unitree_safe_cmd_node]: Move x=0.200, z=0.000, stop_count=0, roi_count=0, nearest_x=inf, clear_frames=637
[INFO] [1784296066.182196682] [unitree_safe_cmd_node]: Move x=0.200, z=0.000, stop_count=0, roi_count=0, nearest_x=inf, clear_frames=642
[INFO] [1784296066.686684220] [unitree_safe_cmd_node]: Move x=0.200, z=0.000, stop_count=0, roi_count=0, nearest_x=inf, clear_frames=648
[INFO] [1784296067.230630862] [unitree_safe_cmd_node]: Move x=0.200, z=0.000, stop_count=0, roi_count=0, nearest_x=inf, clear_frames=653
[INFO] [1784296067.784357127] [unitree_safe_cmd_node]: Move x=0.200, z=0.000, stop_count=0, roi_count=0, nearest_x=inf, clear_frames=659
[INFO] [1784296068.330611805] [unitree_safe_cmd_node]: Move x=0.200, z=0.000, stop_count=0, roi_count=0, nearest_x=inf, clear_frames=664
[INFO] [1784296068.880203158] [unitree_safe_cmd_node]: Move x=0.200, z=0.000, stop_count=0, roi_count=0, nearest_x=inf, clear_frames=670
[INFO] [1784296069.380639529] [unitree_safe_cmd_node]: Move x=0.200, z=0.000, stop_count=0, roi_count=0, nearest_x=inf, clear_frames=675
[INFO] [1784296069.930445673] [unitree_safe_cmd_node]: Move x=0.200, z=0.000, stop_count=0, roi_count=0, nearest_x=inf, clear_frames=681
[INFO] [1784296070.435136393] [unitree_safe_cmd_node]: Move x=0.200, z=0.000, stop_count=0, roi_count=0, nearest_x=inf, clear_frames=687
[INFO] [1784296070.982060363] [unitree_safe_cmd_node]: Move x=0.200, z=0.000, stop_count=0, roi_count=0, nearest_x=inf, clear_frames=692
[INFO] [1784296071.530131636] [unitree_safe_cmd_node]: Move x=0.200, z=0.000, stop_count=0, roi_count=0, nearest_x=inf, clear_frames=698
[INFO] [1784296072.031401088] [unitree_safe_cmd_node]: Move x=0.200, z=0.000, stop_count=0, roi_count=0, nearest_x=inf, clear_frames=703
[INFO] [1784296072.588243471] [unitree_safe_cmd_node]: Move x=0.200, z=0.000, stop_count=0, roi_count=0, nearest_x=inf, clear_frames=709
[INFO] [1784296073.130390912] [unitree_safe_cmd_node]: Move x=0.200, z=0.000, stop_count=0, roi_count=0, nearest_x=inf, clear_frames=714
[INFO] [1784296073.680428375] [unitree_safe_cmd_node]: Move x=0.200, z=0.000, stop_count=0, roi_count=0, nearest_x=inf, clear_frames=720
[INFO] [1784296074.180730750] [unitree_safe_cmd_node]: Move x=0.200, z=0.000, stop_count=0, roi_count=0, nearest_x=inf, clear_frames=725
[INFO] [1784296074.686209772] [unitree_safe_cmd_node]: Move x=0.200, z=0.000, stop_count=0, roi_count=0, nearest_x=inf, clear_frames=731
[INFO] [1784296075.231218954] [unitree_safe_cmd_node]: Move x=0.200, z=0.000, stop_count=0, roi_count=0, nearest_x=inf, clear_frames=736
[INFO] [1784296075.780949727] [unitree_safe_cmd_node]: Move x=0.200, z=0.000, stop_count=0, roi_count=0, nearest_x=inf, clear_frames=742
[INFO] [1784296076.323164490] [unitree_safe_cmd_node]: Move x=0.200, z=0.000, stop_count=0, roi_count=0, nearest_x=inf, clear_frames=746
[INFO] [1784296076.830728398] [unitree_safe_cmd_node]: Move x=0.200, z=0.000, stop_count=0, roi_count=0, nearest_x=inf, clear_frames=749
[INFO] [1784296077.330529839] [unitree_safe_cmd_node]: Move x=0.200, z=0.000, stop_count=0, roi_count=0, nearest_x=inf, clear_frames=752
[INFO] [1784296077.880520606] [unitree_safe_cmd_node]: Move x=0.200, z=0.000, stop_count=0, roi_count=0, nearest_x=inf, clear_frames=755
[INFO] [1784296078.380988307] [unitree_safe_cmd_node]: Move x=0.200, z=0.000, stop_count=0, roi_count=0, nearest_x=inf, clear_frames=758
[INFO] [1784296078.930485085] [unitree_safe_cmd_node]: Move x=0.200, z=0.000, stop_count=0, roi_count=0, nearest_x=inf, clear_frames=761
[INFO] [1784296079.431959082] [unitree_safe_cmd_node]: Move x=0.200, z=0.000, stop_count=0, roi_count=0, nearest_x=inf, clear_frames=764
[INFO] [1784296079.980144441] [unitree_safe_cmd_node]: Move x=0.200, z=0.000, stop_count=0, roi_count=0, nearest_x=inf, clear_frames=769
[INFO] [1784296080.480191072] [unitree_safe_cmd_node]: Move x=0.200, z=0.000, stop_count=0, roi_count=0, nearest_x=inf, clear_frames=773
[INFO] [1784296080.980844207] [unitree_safe_cmd_node]: Move x=0.200, z=0.000, stop_count=0, roi_count=0, nearest_x=inf, clear_frames=777
[INFO] [1784296081.480566015] [unitree_safe_cmd_node]: Move x=0.200, z=0.000, stop_count=0, roi_count=0, nearest_x=inf, clear_frames=781
[INFO] [1784296081.980767971] [unitree_safe_cmd_node]: Move x=0.200, z=0.000, stop_count=0, roi_count=0, nearest_x=inf, clear_frames=784
[INFO] [1784296082.530569587] [unitree_safe_cmd_node]: Move x=0.200, z=0.000, stop_count=0, roi_count=0, nearest_x=inf, clear_frames=789
[INFO] [1784296083.081483083] [unitree_safe_cmd_node]: Move x=0.200, z=0.000, stop_count=0, roi_count=0, nearest_x=inf, clear_frames=794
[INFO] [1784296083.630824631] [unitree_safe_cmd_node]: Move x=0.200, z=0.000, stop_count=0, roi_count=0, nearest_x=inf, clear_frames=798
[INFO] [1784296084.183201190] [unitree_safe_cmd_node]: Move x=0.200, z=0.000, stop_count=0, roi_count=0, nearest_x=inf, clear_frames=802
[INFO] [1784296084.731905388] [unitree_safe_cmd_node]: Move x=0.200, z=0.000, stop_count=0, roi_count=0, nearest_x=inf, clear_frames=806
[INFO] [1784296085.283592732] [unitree_safe_cmd_node]: Move x=0.200, z=0.000, stop_count=0, roi_count=0, nearest_x=inf, clear_frames=812
[INFO] [1784296085.831962114] [unitree_safe_cmd_node]: Move x=0.200, z=0.000, stop_count=0, roi_count=0, nearest_x=inf, clear_frames=817
[INFO] [1784296086.335545651] [unitree_safe_cmd_node]: Move x=0.200, z=0.000, stop_count=0, roi_count=0, nearest_x=inf, clear_frames=822
[INFO] [1784296086.880626846] [unitree_safe_cmd_node]: Move x=0.200, z=0.000, stop_count=0, roi_count=0, nearest_x=inf, clear_frames=827
[INFO] [1784296087.387492307] [unitree_safe_cmd_node]: Move x=0.200, z=0.000, stop_count=0, roi_count=0, nearest_x=inf, clear_frames=833
[INFO] [1784296087.931547087] [unitree_safe_cmd_node]: Move x=0.200, z=0.000, stop_count=0, roi_count=0, nearest_x=inf, clear_frames=838
[INFO] [1784296088.480377577] [unitree_safe_cmd_node]: Move x=0.200, z=0.000, stop_count=0, roi_count=0, nearest_x=inf, clear_frames=843
[INFO] [1784296088.980489342] [unitree_safe_cmd_node]: Move x=0.200, z=0.000, stop_count=0, roi_count=0, nearest_x=inf, clear_frames=848
[INFO] [1784296089.532673752] [unitree_safe_cmd_node]: Move x=0.200, z=0.000, stop_count=0, roi_count=0, nearest_x=inf, clear_frames=854
[INFO] [1784296090.039542110] [unitree_safe_cmd_node]: Move x=0.200, z=0.000, stop_count=0, roi_count=0, nearest_x=inf, clear_frames=859
[INFO] [1784296090.580658480] [unitree_safe_cmd_node]: Move x=0.200, z=0.000, stop_count=0, roi_count=0, nearest_x=inf, clear_frames=864
[INFO] [1784296091.094444017] [unitree_safe_cmd_node]: Move x=0.200, z=0.000, stop_count=0, roi_count=0, nearest_x=inf, clear_frames=869
[INFO] [1784296091.630721351] [unitree_safe_cmd_node]: Move x=0.200, z=0.000, stop_count=0, roi_count=0, nearest_x=inf, clear_frames=874
[INFO] [1784296092.181632800] [unitree_safe_cmd_node]: Move x=0.200, z=0.000, stop_count=0, roi_count=0, nearest_x=inf, clear_frames=880
[INFO] [1784296092.731515348] [unitree_safe_cmd_node]: Move x=0.200, z=0.000, stop_count=0, roi_count=0, nearest_x=inf, clear_frames=885
[INFO] [1784296093.285872139] [unitree_safe_cmd_node]: Move x=0.200, z=0.000, stop_count=0, roi_count=0, nearest_x=inf, clear_frames=890
[INFO] [1784296093.830485568] [unitree_safe_cmd_node]: Move x=0.200, z=0.000, stop_count=0, roi_count=0, nearest_x=inf, clear_frames=895
[INFO] [1784296094.380556717] [unitree_safe_cmd_node]: Move x=0.200, z=0.000, stop_count=0, roi_count=0, nearest_x=inf, clear_frames=901
[INFO] [1784296094.881232170] [unitree_safe_cmd_node]: Move x=0.200, z=0.000, stop_count=0, roi_count=0, nearest_x=inf, clear_frames=906
[INFO] [1784296095.431098015] [unitree_safe_cmd_node]: Move x=0.200, z=0.000, stop_count=0, roi_count=0, nearest_x=inf, clear_frames=912
[INFO] [1784296095.983099463] [unitree_safe_cmd_node]: Move x=0.200, z=0.000, stop_count=0, roi_count=0, nearest_x=inf, clear_frames=918
[INFO] [1784296096.530860906] [unitree_safe_cmd_node]: Move x=0.200, 