[INFO] [1784352719.198212935] [route_recorder]: route_recorder started
[INFO] [1784352719.200283322] [route_recorder]: odom_topic: /Odometry
[INFO] [1784352719.200951998] [route_recorder]: route_file: /home/unitree/go2_fastlio_ws/src/go2_fastlio_patrol/routes/bj20260718test1-lx.csv
[INFO] [1784352719.201613666] [route_recorder]: min_distance: 0.4
[INFO] [1784352719.322577678] [route_recorder]: saved point 0: x=0.023, y=0.000, yaw=-0.000
[INFO] [1784352732.183818955] [route_recorder]: saved point 1: x=0.409, y=0.134, yaw=0.003
[INFO] [1784352733.065966220] [route_recorder]: saved point 2: x=0.831, y=-0.006, yaw=0.018
[INFO] [1784352733.690864588] [route_recorder]: saved point 3: x=1.239, y=0.027, yaw=0.021
[INFO] [1784352734.400418480] [route_recorder]: saved point 4: x=1.664, y=0.062, yaw=0.035
[INFO] [1784352734.992466357] [route_recorder]: saved point 5: x=2.227, y=0.069, yaw=0.033
[INFO] [1784352735.551416712] [route_recorder]: saved point 6: x=2.657, y=0.066, yaw=0.017
[INFO] [1784352735.998059141] [route_recorder]: saved point 7: x=3.201, y=0.065, yaw=0.012
[INFO] [1784352736.435059126] [route_recorder]: saved point 8: x=3.616, y=0.107, yaw=0.012
[INFO] [1784352736.876147122] [route_recorder]: saved point 9: x=4.029, y=0.119, yaw=0.023
[INFO] [1784352737.351087037] [route_recorder]: saved point 10: x=4.479, y=0.136, yaw=0.028
[INFO] [1784352737.875370537] [route_recorder]: saved point 11: x=4.881, y=0.184, yaw=0.020
[INFO] [1784352738.372323056] [route_recorder]: saved point 12: x=5.307, y=0.175, yaw=0.020
[INFO] [1784352738.805465994] [route_recorder]: saved point 13: x=5.753, y=0.221, yaw=0.024
[INFO] [1784352739.267302053] [route_recorder]: saved point 14: x=6.202, y=0.220, yaw=0.033
[INFO] [1784352739.712161093] [route_recorder]: saved point 15: x=6.656, y=0.272, yaw=0.040
[INFO] [1784352740.258736062] [route_recorder]: saved point 16: x=7.127, y=0.298, yaw=0.053
[INFO] [1784352740.706335618] [route_recorder]: saved point 17: x=7.559, y=0.333, yaw=0.054
[INFO] [1784352741.155379759] [route_recorder]: saved point 18: x=7.994, y=0.358, yaw=0.053
[INFO] [1784352741.619872822] [route_recorder]: saved point 19: x=8.429, y=0.382, yaw=0.068
[INFO] [1784352742.090533779] [route_recorder]: saved point 20: x=8.844, y=0.430, yaw=0.067
[INFO] [1784352742.525740532] [route_recorder]: saved point 21: x=9.290, y=0.465, yaw=0.075
[INFO] [1784352742.997622817] [route_recorder]: saved point 22: x=9.732, y=0.504, yaw=0.082
[INFO] [1784352743.485476317] [route_recorder]: saved point 23: x=10.187, y=0.561, yaw=0.076
[INFO] [1784352743.857153467] [route_recorder]: saved point 24: x=10.590, y=0.562, yaw=0.074
[INFO] [1784352744.291709080] [route_recorder]: saved point 25: x=11.011, y=0.588, yaw=0.066
[INFO] [1784352744.558841106] [route_recorder]: saved point 26: x=11.450, y=0.670, yaw=0.071
[INFO] [1784352745.019140358] [route_recorder]: saved point 27: x=11.858, y=0.681, yaw=0.067
[INFO] [1784352745.473847603] [route_recorder]: saved point 28: x=12.273, y=0.767, yaw=0.078
[INFO] [1784352746.016573375] [route_recorder]: saved point 29: x=12.763, y=0.836, yaw=0.090
[INFO] [1784352746.460981151] [route_recorder]: saved point 30: x=13.184, y=0.888, yaw=0.089
[INFO] [1784352746.967587797] [route_recorder]: saved point 31: x=13.659, y=0.933, yaw=0.103
[INFO] [1784352747.330367743] [route_recorder]: saved point 32: x=14.070, y=0.988, yaw=0.094
[INFO] [1784352748.524052270] [route_recorder]: saved point 33: x=14.506, y=1.073, yaw=0.095
[INFO] [1784352749.346829084] [route_recorder]: saved point 34: x=14.928, y=1.121, yaw=0.110
[INFO] [1784352750.043999528] [route_recorder]: saved point 35: x=15.364, y=1.165, yaw=0.120
[INFO] [1784352750.544546285] [route_recorder]: saved point 36: x=15.792, y=1.242, yaw=0.109
[INFO] [1784352751.008617168] [route_recorder]: saved point 37: x=16.319, y=1.306, yaw=0.115
[INFO] [1784352751.394566007] [route_recorder]: saved point 38: x=16.739, y=1.374, yaw=0.098
[INFO] [1784352752.035601424] [route_recorder]: saved point 39: x=17.176, y=1.436, yaw=0.083
[INFO] [1784352752.518780795] [route_recorder]: saved point 40: x=17.622, y=1.477, yaw=0.083
[INFO] [1784352753.120538898] [route_recorder]: saved point 41: x=18.103, y=1.511, yaw=0.086
[INFO] [1784352753.642809136] [route_recorder]: saved point 42: x=18.558, y=1.573, yaw=0.081
[INFO] [1784352754.285452416] [route_recorder]: saved point 43: x=19.002, y=1.712, yaw=0.093
[INFO] [1784352754.568123863] [route_recorder]: saved point 44: x=19.403, y=1.714, yaw=0.095
[INFO] [1784352755.292629508] [route_recorder]: saved point 45: x=19.873, y=1.754, yaw=0.102
[INFO] [1784352755.825116429] [route_recorder]: saved point 46: x=20.326, y=1.831, yaw=0.090
[INFO] [1784352756.389864295] [route_recorder]: saved point 47: x=20.899, y=1.880, yaw=0.114
[INFO] [1784352756.833551875] [route_recorder]: saved point 48: x=21.315, y=1.982, yaw=0.108
[INFO] [1784352757.251155121] [route_recorder]: saved point 49: x=21.734, y=2.031, yaw=0.122
[INFO] [1784352757.804074137] [route_recorder]: saved point 50: x=22.134, y=2.083, yaw=0.114
[INFO] [1784352758.173192319] [route_recorder]: saved point 51: x=22.594, y=2.181, yaw=0.119
[INFO] [1784352758.696810929] [route_recorder]: saved point 52: x=23.084, y=2.261, yaw=0.139
[INFO] [1784352759.194065166] [route_recorder]: saved point 53: x=23.541, y=2.343, yaw=0.134
[INFO] [1784352759.592947731] [route_recorder]: saved point 54: x=23.994, y=2.414, yaw=0.134
[INFO] [1784352760.053189534] [route_recorder]: saved point 55: x=24.472, y=2.478, yaw=0.132
[INFO] [1784352760.416229972] [route_recorder]: saved point 56: x=24.894, y=2.499, yaw=0.136
[INFO] [1784352760.860292097] [route_recorder]: saved point 57: x=25.377, y=2.587, yaw=0.084
[INFO] [1784352761.287544216] [route_recorder]: saved point 58: x=25.788, y=2.629, yaw=0.070
[INFO] [1784352761.812146753] [route_recorder]: saved point 59: x=26.238, y=2.636, yaw=0.014
[INFO] [1784352762.274100979] [route_recorder]: saved point 60: x=26.724, y=2.652, yaw=0.011
[INFO] [1784352762.711249931] [route_recorder]: saved point 61: x=27.131, y=2.650, yaw=-0.003
[INFO] [1784352763.013812866] [route_recorder]: saved point 62: x=27.576, y=2.667, yaw=0.000
[INFO] [1784352763.418232971] [route_recorder]: saved point 63: x=28.003, y=2.642, yaw=0.001
[INFO] [1784352763.832114124] [route_recorder]: saved point 64: x=28.453, y=2.658, yaw=-0.006
[INFO] [1784352764.124871526] [route_recorder]: saved point 65: x=28.900, y=2.659, yaw=0.010
[INFO] [1784352764.535047476] [route_recorder]: saved point 66: x=29.300, y=2.649, yaw=0.000
[INFO] [1784352764.931938982] [route_recorder]: saved point 67: x=29.757, y=2.678, yaw=0.007
[INFO] [1784352765.338523637] [route_recorder]: saved point 68: x=30.246, y=2.683, yaw=0.005
[INFO] [1784352765.793293877] [route_recorder]: saved point 69: x=30.657, y=2.730, yaw=0.011
[INFO] [1784352766.325695283] [route_recorder]: saved point 70: x=31.101, y=2.749, yaw=0.010
[INFO] [1784352766.796314257] [route_recorder]: saved point 71: x=31.578, y=2.773, yaw=0.010
[INFO] [1784352767.268764181] [route_recorder]: saved point 72: x=32.045, y=2.796, yaw=0.017
[INFO] [1784352767.553882195] [route_recorder]: saved point 73: x=32.451, y=2.830, yaw=0.023
[INFO] [1784352767.933635495] [route_recorder]: saved point 74: x=32.863, y=2.846, yaw=0.032
[INFO] [1784352768.306267080] [route_recorder]: saved point 75: x=33.267, y=2.877, yaw=0.036
[INFO] [1784352768.685986963] [route_recorder]: saved point 76: x=33.707, y=2.874, yaw=0.042
[INFO] [1784352769.073548878] [route_recorder]: saved point 77: x=34.115, y=2.900, yaw=0.048
[INFO] [1784352769.457845949] [route_recorder]: saved point 78: x=34.524, y=2.986, yaw=0.050
[INFO] [1784352769.830829874] [route_recorder]: saved point 79: x=34.950, y=2.977, yaw=0.044
[INFO] [1784352770.238094918] [route_recorder]: saved point 80: x=35.422, y=3.000, yaw=0.040
[INFO] [1784352770.635720049] [route_recorder]: saved point 81: x=35.840, y=3.028, yaw=0.038
[INFO] [1784352771.003139157] [route_recorder]: saved point 82: x=36.285, y=3.088, yaw=0.042
[INFO] [1784352771.406241392] [route_recorder]: saved point 83: x=36.729, y=3.101, yaw=0.041
[INFO] [1784352771.920982412] [route_recorder]: saved point 84: x=37.152, y=3.138, yaw=0.049
[INFO] [1784352772.483961319] [route_recorder]: saved point 85: x=37.625, y=3.177, yaw=0.052
[INFO] [1784352773.187247189] [route_recorder]: saved point 86: x=38.116, y=3.180, yaw=0.054
[INFO] [1784352774.274551744] [route_recorder]: saved point 87: x=38.539, y=3.237, yaw=0.070
[INFO] [1784352774.646992709] [route_recorder]: saved point 88: x=38.997, y=3.336, yaw=0.086
[INFO] [1784352774.954599363] [route_recorder]: saved point 89: x=39.427, y=3.546, yaw=0.058
[INFO] [1784352775.055522829] [route_recorder]: saved point 90: x=39.842, y=3.590, yaw=0.052
[INFO] [1784352775.274743586] [route_recorder]: saved point 91: x=40.309, y=3.553, yaw=0.083
[INFO] [1784352775.814361584] [route_recorder]: saved point 92: x=40.735, y=3.446, yaw=0.094
[INFO] [1784352776.137384059] [route_recorder]: saved point 93: x=41.143, y=3.442, yaw=0.056
[INFO] [1784352776.459452918] [route_recorder]: saved point 94: x=41.596, y=3.449, yaw=0.049
[INFO] [1784352776.741884300] [route_recorder]: saved point 95: x=42.028, y=3.488, yaw=0.071
[INFO] [1784352777.220505432] [route_recorder]: saved point 96: x=42.493, y=3.558, yaw=0.083
[INFO] [1784352777.590092919] [route_recorder]: saved point 97: x=42.963, y=3.615, yaw=0.003
[INFO] [1784352778.124894287] [route_recorder]: saved point 98: x=43.414, y=3.629, yaw=-0.018
[INFO] [1784352778.578473070] [route_recorder]: saved point 99: x=43.895, y=3.645, yaw=-0.009
[INFO] [1784352778.846525190] [route_recorder]: saved point 100: x=44.380, y=3.610, yaw=0.002
[INFO] [1784352779.231788491] [route_recorder]: saved point 101: x=44.800, y=3.608, yaw=0.022
[INFO] [1784352779.665365108] [route_recorder]: saved point 102: x=45.285, y=3.626, yaw=0.010
[INFO] [1784352780.039441362] [route_recorder]: saved point 103: x=45.738, y=3.639, yaw=0.014
[INFO] [1784352780.386367674] [route_recorder]: saved point 104: x=46.175, y=3.660, yaw=0.014
[INFO] [1784352780.751163874] [route_recorder]: saved point 105: x=46.701, y=3.729, yaw=-0.023
[INFO] [1784352780.972419029] [route_recorder]: saved point 106: x=47.108, y=3.820, yaw=-0.013
[INFO] [1784352781.411047792] [route_recorder]: saved point 107: x=47.514, y=3.785, yaw=0.023
[INFO] [1784352781.939869035] [route_recorder]: saved point 108: x=48.039, y=3.776, yaw=0.023
[INFO] [1784352782.182972860] [route_recorder]: saved point 109: x=48.442, y=3.753, yaw=0.055
[INFO] [1784352782.511938277] [route_recorder]: saved point 110: x=48.883, y=3.848, yaw=0.031
[INFO] [1784352783.142259131] [route_recorder]: saved point 111: x=49.300, y=3.872, yaw=-0.001
[INFO] [1784352783.435872154] [route_recorder]: saved point 112: x=49.716, y=3.801, yaw=0.017
[INFO] [1784352783.883826690] [route_recorder]: saved point 113: x=50.162, y=3.802, yaw=0.045
[INFO] [1784352784.211318293] [route_recorder]: saved point 114: x=50.637, y=3.859, yaw=0.029
[INFO] [1784352784.498942103] [route_recorder]: saved point 115: x=51.028, y=3.942, yaw=0.013
[INFO] [1784352784.861471810] [route_recorder]: saved point 116: x=51.480, y=3.991, yaw=0.025
[INFO] [1784352785.201469562] [route_recorder]: saved point 117: x=51.897, y=3.991, yaw=0.036
[INFO] [1784352785.611836503] [route_recorder]: saved point 118: x=52.370, y=3.988, yaw=0.049
[INFO] [1784352785.978778699] [route_recorder]: saved point 119: x=52.785, y=3.997, yaw=0.050
[INFO] [1784352786.407567683] [route_recorder]: saved point 120: x=53.206, y=3.929, yaw=-0.068
[INFO] [1784352786.933460444] [route_recorder]: saved point 121: x=53.627, y=3.713, yaw=-0.316
[INFO] [1784352787.194768993] [route_recorder]: saved point 122: x=53.999, y=3.534, yaw=-0.339
[INFO] [1784352787.543322348] [route_recorder]: saved point 123: x=54.400, y=3.518, yaw=-0.304
[INFO] [1784352788.106854047] [route_recorder]: saved point 124: x=54.856, y=3.402, yaw=-0.313
[INFO] [1784352788.431310314] [route_recorder]: saved point 125: x=55.268, y=3.220, yaw=-0.306
[INFO] [1784352788.817439369] [route_recorder]: saved point 126: x=55.711, y=3.031, yaw=-0.303
[INFO] [1784352789.368965768] [route_recorder]: saved point 127: x=56.200, y=2.858, yaw=-0.280
[INFO] [1784352789.701060636] [route_recorder]: saved point 128: x=56.658, y=2.743, yaw=-0.280
[INFO] [1784352790.027952485] [route_recorder]: saved point 129: x=57.140, y=2.547, yaw=-0.282
[INFO] [1784352790.476025787] [route_recorder]: saved point 130: x=57.590, y=2.377, yaw=-0.277
[INFO] [1784352790.832594106] [route_recorder]: saved point 131: x=58.084, y=2.196, yaw=-0.266
[INFO] [1784352791.193521553] [route_recorder]: saved point 132: x=58.547, y=2.077, yaw=-0.276
[INFO] [1784352791.551715915] [route_recorder]: saved point 133: x=58.987, y=1.923, yaw=-0.265
[INFO] [1784352791.949343587] [route_recorder]: saved point 134: x=59.474, y=1.785, yaw=-0.257
[INFO] [1784352792.323285901] [route_recorder]: saved point 135: x=59.933, y=1.658, yaw=-0.252
[INFO] [1784352792.699880095] [route_recorder]: saved point 136: x=60.396, y=1.567, yaw=-0.253
[INFO] [1784352793.113537194] [route_recorder]: saved point 137: x=60.835, y=1.421, yaw=-0.249
[INFO] [1784352793.452739451] [route_recorder]: saved point 138: x=61.247, y=1.256, yaw=-0.255
[INFO] [1784352793.832779032] [route_recorder]: saved point 139: x=61.679, y=1.162, yaw=-0.249
[INFO] [1784352794.367398204] [route_recorder]: saved point 140: x=61.965, y=0.785, yaw=-0.737
[INFO] [1784352794.811802921] [route_recorder]: saved point 141: x=62.275, y=0.449, yaw=-0.734
[INFO] [1784352795.264244960] [route_recorder]: saved point 142: x=62.581, y=0.051, yaw=-0.728
[INFO] [1784352795.780249375] [route_recorder]: saved point 143: x=62.931, y=-0.333, yaw=-0.714
[INFO] [1784352796.430134153] [route_recorder]: saved point 144: x=63.201, y=-0.662, yaw=-0.717
[INFO] [1784352797.030101743] [route_recorder]: saved point 145: x=63.492, y=-1.022, yaw=-0.691
[INFO] [1784352797.681270806] [route_recorder]: saved point 146: x=63.851, y=-1.359, yaw=-0.697
[INFO] [1784352798.230406778] [route_recorder]: saved point 147: x=64.158, y=-1.713, yaw=-0.684
[INFO] [1784352798.985240034] [route_recorder]: saved point 148: x=64.457, y=-2.038, yaw=-0.679
[INFO] [1784352799.793504292] [route_recorder]: saved point 149: x=64.868, y=-2.367, yaw=-0.664
[INFO] [1784352800.306362418] [route_recorder]: saved point 150: x=65.056, y=-2.721, yaw=-0.667
[INFO] [1784352800.948512746] [route_recorder]: saved point 151: x=65.250, y=-3.099, yaw=-0.666
[INFO] [1784352801.546034851] [route_recorder]: saved point 152: x=65.597, y=-3.341, yaw=-0.650
[INFO] [1784352801.982620473] [route_recorder]: saved point 153: x=66.063, y=-3.726, yaw=-0.653
[INFO] [1784352802.393311486] [route_recorder]: saved point 154: x=66.604, y=-4.215, yaw=-0.657
[INFO] [1784352802.949549188] [route_recorder]: saved point 155: x=66.975, y=-4.672, yaw=-0.644
[INFO] [1784352803.551019013] [route_recorder]: saved point 156: x=67.383, y=-5.090, yaw=-0.626
[INFO] [1784352804.008749781] [route_recorder]: saved point 157: x=67.688, y=-5.407, yaw=-0.613
[INFO] [1784352804.298675481] [route_recorder]: saved point 158: x=68.064, y=-5.821, yaw=-0.623
[INFO] [1784352804.626384430] [route_recorder]: saved point 159: x=68.433, y=-6.190, yaw=-0.612
[INFO] [1784352804.870937215] [route_recorder]: saved point 160: x=68.838, y=-6.452, yaw=-0.600
[INFO] [1784352805.024397298] [route_recorder]: saved point 161: x=69.166, y=-6.752, yaw=-0.590
[INFO] [1784352805.207917538] [route_recorder]: saved point 162: x=69.509, y=-7.115, yaw=-0.597
[INFO] [1784352805.464924869] [route_recorder]: saved point 163: x=69.957, y=-7.446, yaw=-0.597
[INFO] [1784352805.662670809] [route_recorder]: saved point 164: x=70.250, y=-7.746, yaw=-0.557
[INFO] [1784352806.096134420] [route_recorder]: saved point 165: x=70.608, y=-8.070, yaw=-0.584
[INFO] [1784352806.419616370] [route_recorder]: saved point 166: x=70.947, y=-8.424, yaw=-0.611
[INFO] [1784352806.783012854] [route_recorder]: saved point 167: x=71.341, y=-8.687, yaw=-0.594
[INFO] [1784352807.175961270] [route_recorder]: saved point 168: x=71.692, y=-9.037, yaw=-0.610
[INFO] [1784352807.506239098] [route_recorder]: saved point 169: x=72.050, y=-9.400, yaw=-0.592
[INFO] [1784352807.863286461] [route_recorder]: saved point 170: x=72.390, y=-9.702, yaw=-0.586
[INFO] [1784352808.270024923] [route_recorder]: saved point 171: x=72.776, y=-10.002, yaw=-0.578
[INFO] [1784352808.635705578] [route_recorder]: saved point 172: x=73.215, y=-10.341, yaw=-0.574
[INFO] [1784352808.953905669] [route_recorder]: saved point 173: x=73.553, y=-10.648, yaw=-0.575
[INFO] [1784352809.274311722] [route_recorder]: saved point 174: x=73.865, y=-10.899, yaw=-0.580
[INFO] [1784352809.620543504] [route_recorder]: saved point 175: x=74.079, y=-11.316, yaw=-0.632
[INFO] [1784352810.191990683] [route_recorder]: saved point 176: x=74.345, y=-11.697, yaw=-0.606
[INFO] [1784352810.520406972] [route_recorder]: saved point 177: x=74.777, y=-11.927, yaw=-0.643
[INFO] [1784352810.827279250] [route_recorder]: saved point 178: x=75.155, y=-12.169, yaw=-0.605
[INFO] [1784352811.226375735] [route_recorder]: saved point 179: x=75.575, y=-12.487, yaw=-0.569
[INFO] [1784352811.523005200] [route_recorder]: saved point 180: x=75.969, y=-12.573, yaw=-0.555
[INFO] [1784352811.948079531] [route_recorder]: saved point 181: x=76.347, y=-12.890, yaw=-0.561
[INFO] [1784352812.254756810] [route_recorder]: saved point 182: x=76.839, y=-13.150, yaw=-0.568
[INFO] [1784352812.675895225] [route_recorder]: saved point 183: x=77.160, y=-13.465, yaw=-0.563
[INFO] [1784352813.113058365] [route_recorder]: saved point 184: x=77.481, y=-13.753, yaw=-0.547
[INFO] [1784352813.643786086] [route_recorder]: saved point 185: x=77.854, y=-14.022, yaw=-0.551
[INFO] [1784352814.093927778] [route_recorder]: saved point 186: x=78.260, y=-14.318, yaw=-0.538
[INFO] [1784352814.442962016] [route_recorder]: saved point 187: x=78.555, y=-14.604, yaw=-0.544
[INFO] [1784352814.882856622] [route_recorder]: saved point 188: x=78.940, y=-14.875, yaw=-0.541
[INFO] [1784352815.233475343] [route_recorder]: saved point 189: x=79.268, y=-15.113, yaw=-0.535
[INFO] [1784352815.681818018] [route_recorder]: saved point 190: x=79.694, y=-15.211, yaw=-0.144
[INFO] [1784352816.355519328] [route_recorder]: saved point 191: x=80.192, y=-15.225, yaw=-0.072
[INFO] [1784352816.745311207] [route_recorder]: saved point 192: x=80.600, y=-15.275, yaw=-0.084
[INFO] [1784352817.114441710] [route_recorder]: saved point 193: x=81.062, y=-15.377, yaw=-0.077
[INFO] [1784352817.492826575] [route_recorder]: saved point 194: x=81.507, y=-15.370, yaw=-0.093
[INFO] [1784352817.873394790] [route_recorder]: saved point 195: x=81.936, y=-15.377, yaw=-0.081
[INFO] [1784352818.306201792] [route_recorder]: saved point 196: x=82.413, y=-15.388, yaw=-0.075
[INFO] [1784352818.860851012] [route_recorder]: saved point 197: x=82.871, y=-15.425, yaw=-0.077
[INFO] [1784352819.331116229] [route_recorder]: saved point 198: x=83.322, y=-15.482, yaw=-0.073
[INFO] [1784352819.697225687] [route_recorder]: saved point 199: x=83.770, y=-15.468, yaw=-0.067
[INFO] [1784352820.220683591] [route_recorder]: saved point 200: x=84.268, y=-15.499, yaw=-0.066
[INFO] [1784352820.685343472] [route_recorder]: saved point 201: x=84.739, y=-15.572, yaw=-0.076
[INFO] [1784352820.947410194] [route_recorder]: saved point 202: x=85.145, y=-15.551, yaw=-0.071
[INFO] [1784352821.312656522] [route_recorder]: saved point 203: x=85.612, y=-15.534, yaw=-0.061
[INFO] [1784352821.706294706] [route_recorder]: saved point 204: x=86.072, y=-15.615, yaw=-0.048
[INFO] [1784352822.069034089] [route_recorder]: saved point 205: x=86.513, y=-15.639, yaw=-0.057
[INFO] [1784352822.406612322] [route_recorder]: saved point 206: x=86.923, y=-15.571, yaw=-0.035
[INFO] [1784352822.854157132] [route_recorder]: saved point 207: x=87.343, y=-15.523, yaw=-0.042
[INFO] [1784352823.130285689] [route_recorder]: saved point 208: x=87.741, y=-15.598, yaw=-0.057
[INFO] [1784352823.634960051] [route_recorder]: saved point 209: x=88.219, y=-15.644, yaw=-0.037
[INFO] [1784352823.939296653] [route_recorder]: saved point 210: x=88.735, y=-15.644, yaw=-0.041
[INFO] [1784352824.362654379] [route_recorder]: saved point 211: x=89.224, y=-15.650, yaw=-0.027
[INFO] [1784352824.888443937] [route_recorder]: saved point 212: x=89.626, y=-15.578, yaw=0.005
[INFO] [1784352825.322721186] [route_recorder]: saved point 213: x=90.098, y=-15.585, yaw=0.061
[INFO] [1784352825.866384734] [route_recorder]: saved point 214: x=90.529, y=-15.494, yaw=0.099
[INFO] [1784352826.192046287] [route_recorder]: saved point 215: x=90.967, y=-15.390, yaw=0.096
[INFO] [1784352826.705795825] [route_recorder]: saved point 216: x=91.457, y=-15.408, yaw=0.100
[INFO] [1784352827.081404402] [route_recorder]: saved point 217: x=91.966, y=-15.349, yaw=0.099
[INFO] [1784352827.457887558] [route_recorder]: saved point 218: x=92.412, y=-15.226, yaw=0.107
[INFO] [1784352827.726525108] [route_recorder]: saved point 219: x=92.774, y=-15.021, yaw=0.094
[INFO] [1784352828.073681544] [route_recorder]: saved point 220: x=93.293, y=-14.962, yaw=0.092
[INFO] [1784352828.438906526] [route_recorder]: saved point 221: x=93.751, y=-14.957, yaw=0.098
[INFO] [1784352828.838278988] [route_recorder]: saved point 222: x=94.181, y=-14.887, yaw=0.109
[INFO] [1784352829.262008843] [route_recorder]: saved point 223: x=94.649, y=-14.824, yaw=0.106
[INFO] [1784352829.719689132] [route_recorder]: saved point 224: x=95.109, y=-14.713, yaw=0.108
[INFO] [1784352830.147456821] [route_recorder]: saved point 225: x=95.534, y=-14.615, yaw=0.101
[INFO] [1784352830.455648472] [route_recorder]: saved point 226: x=95.952, y=-14.565, yaw=0.121
[INFO] [1784352830.845584483] [route_recorder]: saved point 227: x=96.397, y=-14.491, yaw=0.127
[INFO] [1784352831.258467429] [route_recorder]: saved point 228: x=96.829, y=-14.413, yaw=0.135
[INFO] [1784352831.688708684] [route_recorder]: saved point 229: x=97.313, y=-14.291, yaw=0.137
[INFO] [1784352832.073446172] [route_recorder]: saved point 230: x=97.796, y=-14.197, yaw=0.128
[INFO] [1784352832.438133259] [route_recorder]: saved point 231: x=98.267, y=-14.099, yaw=0.137
[INFO] [1784352832.846229130] [route_recorder]: saved point 232: x=98.698, y=-13.991, yaw=0.139
[INFO] [1784352833.325268681] [route_recorder]: saved point 233: x=99.180, y=-13.845, yaw=0.149
[INFO] [1784352833.589373834] [route_recorder]: saved point 234: x=99.647, y=-13.750, yaw=0.141
[INFO] [1784352833.949855377] [route_recorder]: saved point 235: x=100.067, y=-13.704, yaw=0.188
[INFO] [1784352834.435942945] [route_recorder]: saved point 236: x=100.348, y=-13.403, yaw=0.461
[INFO] [1784352834.787000559] [route_recorder]: saved point 237: x=100.614, y=-13.094, yaw=0.785
[INFO] [1784352835.272145076] [route_recorder]: saved point 238: x=100.645, y=-12.660, yaw=1.001
[INFO] [1784352835.636367770] [route_recorder]: saved point 239: x=100.838, y=-12.276, yaw=0.996
[INFO] [1784352836.005801520] [route_recorder]: saved point 240: x=100.987, y=-11.824, yaw=1.003
[INFO] [1784352836.397445798] [route_recorder]: saved point 241: x=101.175, y=-11.381, yaw=1.001
[INFO] [1784352836.801533119] [route_recorder]: saved point 242: x=101.251, y=-10.949, yaw=1.144
[INFO] [1784352837.260986607] [route_recorder]: saved point 243: x=101.353, y=-10.530, yaw=1.204
[INFO] [1784352837.682762619] [route_recorder]: saved point 244: x=101.357, y=-10.064, yaw=1.189
[INFO] [1784352838.177721510] [route_recorder]: saved point 245: x=101.422, y=-9.602, yaw=1.189
[INFO] [1784352838.463425918] [route_recorder]: saved point 246: x=101.499, y=-9.083, yaw=1.193
[INFO] [1784352839.086918246] [route_recorder]: saved point 247: x=101.526, y=-8.605, yaw=1.267
[INFO] [1784352839.670316237] [route_recorder]: saved point 248: x=101.175, y=-8.331, yaw=2.039
[INFO] [1784352840.195540151] [route_recorder]: saved point 249: x=100.923, y=-7.972, yaw=2.322
[INFO] [1784352840.732585844] [route_recorder]: saved point 250: x=100.510, y=-7.923, yaw=2.685
[INFO] [1784352841.427327719] [route_recorder]: saved point 251: x=100.109, y=-7.817, yaw=2.752
[INFO] [1784352842.082344046] [route_recorder]: saved point 252: x=99.706, y=-7.653, yaw=2.928
[INFO] [1784352842.418199188] [route_recorder]: saved point 253: x=99.281, y=-7.546, yaw=2.982
[INFO] [1784352842.978741600] [route_recorder]: saved point 254: x=98.805, y=-7.559, yaw=3.113
[INFO] [1784352843.382866088] [route_recorder]: saved point 255: x=98.403, y=-7.533, yaw=3.132
[INFO] [1784352843.774908660] [route_recorder]: saved point 256: x=97.955, y=-7.469, yaw=3.086
[INFO] [1784352844.153860921] [route_recorder]: saved point 257: x=97.553, y=-7.440, yaw=3.138
[INFO] [1784352844.511733015] [route_recorder]: saved point 258: x=97.153, y=-7.363, yaw=3.120
[INFO] [1784352844.903621092] [route_recorder]: saved point 259: x=96.731, y=-7.457, yaw=-3.135
[INFO] [1784352845.312004973] [route_recorder]: saved point 260: x=96.288, y=-7.457, yaw=-3.133
[INFO] [1784352845.646139233] [route_recorder]: saved point 261: x=95.795, y=-7.409, yaw=3.136
[INFO] [1784352846.022685023] [route_recorder]: saved point 262: x=95.274, y=-7.338, yaw=-3.102
[INFO] [1784352846.501832956] [route_recorder]: saved point 263: x=94.813, y=-7.329, yaw=-3.086
[INFO] [1784352846.868363863] [route_recorder]: saved point 264: x=94.366, y=-7.407, yaw=-3.081
[INFO] [1784352847.224113799] [route_recorder]: saved point 265: x=93.919, y=-7.530, yaw=-3.092
[INFO] [1784352847.572049014] [route_recorder]: saved point 266: x=93.478, y=-7.573, yaw=-3.061
[INFO] [1784352847.953518476] [route_recorder]: saved point 267: x=92.983, y=-7.453, yaw=-3.072
[INFO] [1784352848.287406482] [route_recorder]: saved point 268: x=92.539, y=-7.489, yaw=-3.050
[INFO] [1784352848.625706935] [route_recorder]: saved point 269: x=92.127, y=-7.484, yaw=-3.053
[INFO] [1784352849.084832313] [route_recorder]: saved point 270: x=91.631, y=-7.432, yaw=-3.056
[INFO] [1784352849.451962292] [route_recorder]: saved point 271: x=91.161, y=-7.557, yaw=-3.057
[INFO] [1784352849.833305616] [route_recorder]: saved point 272: x=90.657, y=-7.535, yaw=-3.050
[INFO] [1784352850.159124754] [route_recorder]: saved point 273: x=90.166, y=-7.504, yaw=-3.054
[INFO] [1784352850.483491287] [route_recorder]: saved point 274: x=89.763, y=-7.559, yaw=-3.015
[INFO] [1784352850.907993966] [route_recorder]: saved point 275: x=89.258, y=-7.593, yaw=-3.013
[INFO] [1784352851.290719809] [route_recorder]: saved point 276: x=88.828, y=-7.561, yaw=-2.972
[INFO] [1784352851.750749153] [route_recorder]: saved point 277: x=88.365, y=-7.598, yaw=-2.990
[INFO] [1784352852.137501505] [route_recorder]: saved point 278: x=87.849, y=-7.677, yaw=-3.011
[INFO] [1784352852.610192671] [route_recorder]: saved point 279: x=87.445, y=-7.679, yaw=-2.982
[INFO] [1784352853.195686434] [route_recorder]: saved point 280: x=86.898, y=-7.715, yaw=-2.924
[INFO] [1784352853.803607988] [route_recorder]: saved point 281: x=86.207, y=-7.747, yaw=-2.940
[INFO] [1784352854.018015875] [route_recorder]: saved point 282: x=85.730, y=-7.813, yaw=-2.907
[INFO] [1784352854.395508590] [route_recorder]: saved point 283: x=85.343, y=-7.915, yaw=-2.811
[INFO] [1784352854.782873019] [route_recorder]: saved point 284: x=84.907, y=-7.728, yaw=-3.000
[INFO] [1784352855.082865213] [route_recorder]: saved point 285: x=84.515, y=-7.564, yaw=-3.014
[INFO] [1784352855.299984262] [route_recorder]: saved point 286: x=84.080, y=-7.321, yaw=-2.780
[INFO] [1784352855.513902997] [route_recorder]: saved point 287: x=83.569, y=-7.216, yaw=-2.817
[INFO] [1784352855.724716935] [route_recorder]: saved point 288: x=83.136, y=-7.014, yaw=-2.798
[INFO] [1784352855.946856859] [route_recorder]: saved point 289: x=82.735, y=-6.942, yaw=-2.795
[INFO] [1784352856.546299475] [route_recorder]: saved point 290: x=82.226, y=-6.952, yaw=-2.772
[INFO] [1784352856.724168412] [route_recorder]: saved point 291: x=81.814, y=-6.989, yaw=-2.858
[INFO] [1784352856.931041422] [route_recorder]: saved point 292: x=81.410, y=-7.035, yaw=-2.879
[INFO] [1784352857.223808868] [route_recorder]: saved point 293: x=81.005, y=-7.023, yaw=-2.844
[INFO] [1784352857.766948967] [route_recorder]: saved point 294: x=80.483, y=-7.139, yaw=-2.788
[INFO] [1784352858.142955565] [route_recorder]: saved point 295: x=79.985, y=-7.209, yaw=-2.729
[INFO] [1784352858.662771787] [route_recorder]: saved point 296: x=79.575, y=-7.235, yaw=3.054
[INFO] [1784352859.335007572] [route_recorder]: saved point 297: x=79.145, y=-7.271, yaw=2.952
[INFO] [1784352859.813171411] [route_recorder]: saved point 298: x=78.658, y=-7.364, yaw=2.985
[INFO] [1784352860.416060296] [route_recorder]: saved point 299: x=78.102, y=-7.325, yaw=-3.128
[INFO] [1784352860.583710222] [route_recorder]: saved point 300: x=77.605, y=-7.180, yaw=-3.113
[INFO] [1784352860.867522355] [route_recorder]: saved point 301: x=77.124, y=-7.090, yaw=3.080
[INFO] [1784352861.045605446] [route_recorder]: saved point 302: x=76.712, y=-7.122, yaw=3.114
[INFO] [1784352861.595963421] [route_recorder]: saved point 303: x=76.343, y=-7.296, yaw=-3.114
[INFO] [1784352862.214636692] [route_recorder]: saved point 304: x=75.933, y=-7.128, yaw=3.075
[INFO] [1784352862.723506980] [route_recorder]: saved point 305: x=75.548, y=-7.019, yaw=3.092
[INFO] [1784352863.184384987] [route_recorder]: saved point 306: x=75.063, y=-7.050, yaw=-3.127
[INFO] [1784352863.718997691] [route_recorder]: saved point 307: x=74.475, y=-7.022, yaw=-2.949
[INFO] [1784352864.166031417] [route_recorder]: saved point 308: x=73.992, y=-6.964, yaw=-3.019
[INFO] [1784352864.618325511] [route_recorder]: saved point 309: x=73.590, y=-7.022, yaw=-3.039
[INFO] [1784352865.064786373] [route_recorder]: saved point 310: x=73.151, y=-7.037, yaw=-3.031
[INFO] [1784352866.298029824] [route_recorder]: saved point 311: x=72.769, y=-6.807, yaw=2.413
[INFO] [1784352866.904834182] [route_recorder]: saved point 312: x=72.289, y=-6.712, yaw=2.407
[INFO] [1784352867.219595500] [route_recorder]: saved point 313: x=71.945, y=-6.454, yaw=2.453
[INFO] [1784352867.927934463] [route_recorder]: saved point 314: x=71.454, y=-6.327, yaw=2.403
[INFO] [1784352868.232424065] [route_recorder]: saved point 315: x=71.071, y=-6.109, yaw=2.417
[INFO] [1784352868.495123642] [route_recorder]: saved point 316: x=70.736, y=-5.829, yaw=2.458
[INFO] [1784352868.965736036] [route_recorder]: saved point 317: x=70.304, y=-5.725, yaw=2.465
[INFO] [1784352869.527614731] [route_recorder]: saved point 318: x=69.912, y=-5.586, yaw=2.492
[INFO] [1784352870.306711694] [route_recorder]: saved point 319: x=69.532, y=-5.452, yaw=2.355
[INFO] [1784352870.750947725] [route_recorder]: saved point 320: x=69.199, y=-5.184, yaw=2.352
[INFO] [1784352871.205347555] [route_recorder]: saved point 321: x=68.811, y=-4.939, yaw=2.345
[INFO] [1784352871.617154568] [route_recorder]: saved point 322: x=68.436, y=-4.730, yaw=2.353
[INFO] [1784352872.021378114] [route_recorder]: saved point 323: x=68.001, y=-4.451, yaw=2.363
[INFO] [1784352872.386147546] [route_recorder]: saved point 324: x=67.607, y=-4.122, yaw=2.349
[INFO] [1784352872.784092227] [route_recorder]: saved point 325: x=67.192, y=-3.997, yaw=2.370
[INFO] [1784352873.186006187] [route_recorder]: saved point 326: x=66.709, y=-4.067, yaw=2.433
[INFO] [1784352873.477207484] [route_recorder]: saved point 327: x=66.211, y=-4.021, yaw=2.410
[INFO] [1784352873.837635595] [route_recorder]: saved point 328: x=65.790, y=-4.087, yaw=2.311
[INFO] [1784352874.226703788] [route_recorder]: saved point 329: x=65.559, y=-3.676, yaw=2.289
[INFO] [1784352874.606588405] [route_recorder]: saved point 330: x=65.627, y=-3.231, yaw=2.250
[INFO] [1784352874.991807018] [route_recorder]: saved point 331: x=65.643, y=-2.725, yaw=2.016
[INFO] [1784352875.253985413] [route_recorder]: saved point 332: x=65.529, y=-2.293, yaw=1.849
[INFO] [1784352875.435599214] [route_recorder]: saved point 333: x=65.243, y=-1.996, yaw=1.916
[INFO] [1784352875.614726822] [route_recorder]: saved point 334: x=64.872, y=-1.782, yaw=1.888
[INFO] [1784352875.795425769] [route_recorder]: saved point 335: x=64.331, y=-1.696, yaw=1.897
[INFO] [1784352875.995938247] [route_recorder]: saved point 336: x=63.848, y=-1.581, yaw=1.920
[INFO] [1784352876.169105402] [route_recorder]: saved point 337: x=63.454, y=-1.481, yaw=1.974
[INFO] [1784352876.326574096] [route_recorder]: saved point 338: x=62.982, y=-1.299, yaw=2.032
[INFO] [1784352876.556744753] [route_recorder]: saved point 339: x=62.594, y=-1.171, yaw=2.054
[INFO] [1784352876.866475116] [route_recorder]: saved point 340: x=62.104, y=-1.094, yaw=2.072
[INFO] [1784352877.140429296] [route_recorder]: saved point 341: x=61.699, y=-1.176, yaw=2.009
[INFO] [1784352877.580140597] [route_recorder]: saved point 342: x=61.195, y=-1.168, yaw=2.082
[INFO] [1784352878.048830536] [route_recorder]: saved point 343: x=60.763, y=-0.925, yaw=2.065
[INFO] [1784352878.408669508] [route_recorder]: saved point 344: x=60.524, y=-0.573, yaw=2.028
[INFO] [1784352878.859090446] [route_recorder]: saved point 345: x=60.143, y=-0.401, yaw=2.045
[INFO] [1784352879.217765320] [route_recorder]: saved point 346: x=59.770, y=-0.576, yaw=2.588
[INFO] [1784352879.574190487] [route_recorder]: saved point 347: x=59.321, y=-0.586, yaw=2.762
[INFO] [1784352879.842915231] [route_recorder]: saved point 348: x=58.915, y=-0.521, yaw=2.727
[INFO] [1784352880.223073757] [route_recorder]: saved point 349: x=58.516, y=-0.406, yaw=2.752
[INFO] [1784352880.713499904] [route_recorder]: saved point 350: x=58.272, y=-0.063, yaw=2.794
[INFO] [1784352881.184424460] [route_recorder]: saved point 351: x=57.741, y=0.010, yaw=2.738
[INFO] [1784352881.534246666] [route_recorder]: saved point 352: x=57.360, y=-0.116, yaw=2.747
[INFO] [1784352882.034314635] [route_recorder]: saved point 353: x=56.860, y=-0.085, yaw=2.774
[INFO] [1784352882.470168302] [route_recorder]: saved point 354: x=56.402, y=0.017, yaw=2.736
[INFO] [1784352882.884033106] [route_recorder]: saved point 355: x=56.002, y=0.138, yaw=3.014
[INFO] [1784352883.874270273] [route_recorder]: saved point 356: x=55.608, y=0.057, yaw=-2.733
[INFO] [1784352884.892683646] [route_recorder]: saved point 357: x=55.097, y=-0.116, yaw=-2.693
[INFO] [1784352885.161705382] [route_recorder]: saved point 358: x=54.699, y=-0.163, yaw=-2.517
[INFO] [1784352885.557118673] [route_recorder]: saved point 359: x=54.211, y=-0.062, yaw=-2.760
[INFO] [1784352886.046030101] [route_recorder]: saved point 360: x=53.589, y=-0.016, yaw=-2.847
[INFO] [1784352886.224937028] [route_recorder]: saved point 361: x=53.368, y=-0.748, yaw=1.697
[INFO] [1784352886.402349632] [route_recorder]: saved point 362: x=53.010, y=-2.390, yaw=1.326
[INFO] [1784352886.592538070] [route_recorder]: saved point 363: x=52.371, y=-6.042, yaw=1.046
[INFO] [1784352886.670404546] [route_recorder]: saved point 364: x=52.245, y=-7.141, yaw=1.011
[INFO] [1784352886.747666022] [route_recorder]: saved point 365: x=52.119, y=-8.306, yaw=1.021
[INFO] [1784352886.851662985] [route_recorder]: saved point 366: x=51.971, y=-9.349, yaw=1.171
[INFO] [1784352886.944669257] [route_recorder]: saved point 367: x=51.749, y=-10.520, yaw=1.208
[INFO] [1784352887.029765007] [route_recorder]: saved point 368: x=51.514, y=-11.707, yaw=1.101
[INFO] [1784352887.161922574] [route_recorder]: saved point 369: x=51.288, y=-12.926, yaw=1.106
[INFO] [1784352887.264850576] [route_recorder]: saved point 370: x=50.993, y=-14.198, yaw=1.039
[INFO] [1784352887.330578704] [route_recorder]: saved point 371: x=50.259, y=-16.868, yaw=1.023
[INFO] [1784352887.434848257] [route_recorder]: saved point 372: x=49.897, y=-18.167, yaw=1.058
[INFO] [1784352887.519168865] [route_recorder]: saved point 373: x=49.460, y=-19.483, yaw=1.282
[INFO] [1784352887.594099260] [route_recorder]: saved point 374: x=48.998, y=-20.839, yaw=1.391
[INFO] [1784352887.708545058] [route_recorder]: saved point 375: x=48.490, y=-22.157, yaw=1.367
[INFO] [1784352887.828491457] [route_recorder]: saved point 376: x=47.955, y=-23.497, yaw=1.335
[INFO] [1784352887.914317044] [route_recorder]: saved point 377: x=47.394, y=-24.888, yaw=1.727
[INFO] [1784352887.988913444] [route_recorder]: saved point 378: x=46.807, y=-26.236, yaw=1.911
[INFO] [1784352888.056771613] [route_recorder]: saved point 379: x=46.213, y=-27.605, yaw=2.023
[INFO] [1784352888.142824313] [route_recorder]: saved point 380: x=45.608, y=-28.993, yaw=2.113
[INFO] [1784352888.237739250] [route_recorder]: saved point 381: x=44.981, y=-30.470, yaw=2.444
[INFO] [1784352888.317931409] [route_recorder]: saved point 382: x=44.331, y=-31.903, yaw=2.386
[INFO] [1784352888.471031699] [route_recorder]: saved point 383: x=43.588, y=-33.363, yaw=2.505
[INFO] [1784352888.588202969] [route_recorder]: saved point 384: x=42.826, y=-34.883, yaw=2.133
[INFO] [1784352888.735935852] [route_recorder]: saved point 385: x=42.046, y=-36.437, yaw=2.492
[INFO] [1784352888.830719976] [route_recorder]: saved point 386: x=41.220, y=-37.957, yaw=2.734
[INFO] [1784352888.905572670] [route_recorder]: saved point 387: x=40.294, y=-39.491, yaw=2.806
[INFO] [1784352889.066721773] [route_recorder]: saved point 388: x=39.403, y=-40.927, yaw=2.499
[INFO] [1784352889.172261120] [route_recorder]: saved point 389: x=38.470, y=-42.353, yaw=2.605
[INFO] [1784352889.322185785] [route_recorder]: saved point 390: x=37.519, y=-43.822, yaw=2.514
[INFO] [1784352889.415260290] [route_recorder]: saved point 391: x=36.549, y=-45.182, yaw=2.104
[INFO] [1784352889.519038670] [route_recorder]: saved point 392: x=35.559, y=-46.519, yaw=1.675
[INFO] [1784352889.630467001] [route_recorder]: saved point 393: x=34.646, y=-47.731, yaw=1.237
[INFO] [1784352889.733429136] [route_recorder]: saved point 394: x=33.544, y=-48.968, yaw=-0.480
[INFO] [1784352889.809982221] [route_recorder]: saved point 395: x=32.533, y=-50.051, yaw=1.794
[INFO] [1784352889.877013422] [route_recorder]: saved point 396: x=31.499, y=-51.087, yaw=1.987
[INFO] [1784352889.955181265] [route_recorder]: saved point 397: x=30.390, y=-52.090, yaw=2.814
[INFO] [1784352890.030648651] [route_recorder]: saved point 398: x=29.296, y=-52.976, yaw=-3.070
[INFO] [1784352890.085595053] [route_recorder]: saved point 399: x=28.034, y=-53.751, yaw=3.075
[INFO] [1784352890.155258095] [route_recorder]: saved point 400: x=26.787, y=-54.477, yaw=3.062
[INFO] [1784352890.221531913] [route_recorder]: saved point 401: x=25.514, y=-55.210, yaw=3.062
[INFO] [1784352890.295625080] [route_recorder]: saved point 402: x=24.193, y=-55.808, yaw=3.105
[INFO] [1784352890.476815461] [route_recorder]: saved point 403: x=21.548, y=-57.017, yaw=3.134
[INFO] [1784352890.564732752] [route_recorder]: saved point 404: x=20.296, y=-57.569, yaw=-3.114
[INFO] [1784352890.660875177] [route_recorder]: saved point 405: x=18.924, y=-58.130, yaw=-3.066
[INFO] [1784352890.749315558] [route_recorder]: saved point 406: x=17.658, y=-58.674, yaw=-3.069
[INFO] [1784352890.823716217] [route_recorder]: saved point 407: x=16.373, y=-59.164, yaw=-3.081
[INFO] [1784352891.022241731] [route_recorder]: saved point 408: x=13.583, y=-60.138, yaw=-2.964
[INFO] [1784352891.224763840] [route_recorder]: saved point 409: x=10.838, y=-61.004, yaw=-2.997
[INFO] [1784352891.331491781] [route_recorder]: saved point 410: x=9.603, y=-61.303, yaw=-3.000
[INFO] [1784352891.424617240] [route_recorder]: saved point 411: x=8.172, y=-61.655, yaw=-2.963
[INFO] [1784352891.522616337] [route_recorder]: saved point 412: x=7.272, y=-61.895, yaw=-2.879
[INFO] [1784352891.616364524] [route_recorder]: saved point 413: x=6.176, y=-62.188, yaw=-2.904
[INFO] [1784352891.714144756] [route_recorder]: saved point 414: x=5.058, y=-62.478, yaw=-2.847
[INFO] [1784352891.817943195] [route_recorder]: saved point 415: x=4.038, y=-62.745, yaw=-2.854
[INFO] [1784352891.915593192] [route_recorder]: saved point 416: x=3.105, y=-63.016, yaw=-2.889
[INFO] [1784352892.241983878] [route_recorder]: saved point 417: x=2.149, y=-63.354, yaw=-2.892
[INFO] [1784352892.303791940] [route_recorder]: saved point 418: x=1.260, y=-63.695, yaw=-2.848
[INFO] [1784352892.361807504] [route_recorder]: saved point 419: x=0.381, y=-63.973, yaw=-2.857
[INFO] [1784352892.422156563] [route_recorder]: saved point 420: x=-0.370, y=-64.213, yaw=-2.858
[INFO] [1784352892.480134903] [route_recorder]: saved point 421: x=-1.061, y=-64.392, yaw=-2.868
[INFO] [1784352892.581383416] [route_recorder]: saved point 422: x=-1.703, y=-64.529, yaw=-2.847
[INFO] [1784352892.704905536] [route_recorder]: saved point 423: x=-2.349, y=-64.674, yaw=-2.864
[INFO] [1784352892.809179726] [route_recorder]: saved point 424: x=-2.901, y=-64.810, yaw=-2.903
[INFO] [1784352892.921604987] [route_recorder]: saved point 425: x=-3.418, y=-64.904, yaw=-2.892
[INFO] [1784352893.018630994] [route_recorder]: saved point 426: x=-3.906, y=-65.021, yaw=-2.806
[INFO] [1784352893.126931295] [route_recorder]: saved point 427: x=-4.305, y=-65.151, yaw=-2.835
[INFO] [1784352893.364929150] [route_recorder]: saved point 428: x=-5.004, y=-65.309, yaw=-2.891
[INFO] [1784352893.567845608] [route_recorder]: saved point 429: x=-5.467, y=-65.399, yaw=-2.880
[INFO] [1784352893.969080675] [route_recorder]: saved point 430: x=-5.920, y=-65.481, yaw=-2.766
[INFO] [1784352895.150630685] [route_recorder]: saved point 431: x=-5.433, y=-65.170, yaw=-2.870
[INFO] [1784352895.364856994] [route_recorder]: saved point 432: x=-4.937, y=-65.029, yaw=-2.853
[INFO] [1784352895.558140366] [route_recorder]: saved point 433: x=-4.373, y=-64.877, yaw=-2.866
[INFO] [1784352895.770248628] [route_recorder]: saved point 434: x=-3.675, y=-64.715, yaw=-2.855
[INFO] [1784352895.874437534] [route_recorder]: saved point 435: x=-3.268, y=-64.631, yaw=-2.865
[INFO] [1784352895.980796178] [route_recorder]: saved point 436: x=-2.854, y=-64.545, yaw=-2.869
[INFO] [1784352896.082915328] [route_recorder]: saved point 437: x=-2.399, y=-64.441, yaw=-2.847
[INFO] [1784352896.187876023] [route_recorder]: saved point 438: x=-1.950, y=-64.336, yaw=-2.839
[INFO] [1784352896.287649138] [route_recorder]: saved point 439: x=-1.487, y=-64.226, yaw=-2.850
[INFO] [1784352896.385087943] [route_recorder]: saved point 440: x=-0.993, y=-64.119, yaw=-2.872
[INFO] [1784352896.485255157] [route_recorder]: saved point 441: x=-0.498, y=-63.978, yaw=-2.871
[INFO] [1784352896.616873736] [route_recorder]: saved point 442: x=0.007, y=-63.836, yaw=-2.863
[INFO] [1784352896.707398457] [route_recorder]: saved point 443: x=0.513, y=-63.694, yaw=-2.845
[INFO] [1784352896.835019434] [route_recorder]: saved point 444: x=1.017, y=-63.549, yaw=-2.863
[INFO] [1784352896.934453183] [route_recorder]: saved point 445: x=1.561, y=-63.415, yaw=-2.873
[INFO] [1784352897.040143793] [route_recorder]: saved point 446: x=2.163, y=-63.237, yaw=-2.852
[INFO] [1784352897.103690837] [route_recorder]: saved point 447: x=2.753, y=-63.057, yaw=-2.863
[INFO] [1784352897.211219308] [route_recorder]: saved point 448: x=3.395, y=-62.912, yaw=-2.883
[INFO] [1784352897.311644388] [route_recorder]: saved point 449: x=4.050, y=-62.754, yaw=-2.876
[INFO] [1784352897.513750296] [route_recorder]: saved point 450: x=4.754, y=-62.598, yaw=-2.872
[INFO] [1784352897.570196639] [route_recorder]: saved point 451: x=5.448, y=-62.438, yaw=-2.865
[INFO] [1784352897.623625493] [route_recorder]: saved point 452: x=6.175, y=-62.278, yaw=-2.889
[INFO] [1784352897.685634683] [route_recorder]: saved point 453: x=6.936, y=-62.105, yaw=-2.873
[INFO] [1784352897.782143816] [route_recorder]: saved point 454: x=7.682, y=-61.929, yaw=-2.879
[INFO] [1784352897.890868279] [route_recorder]: saved point 455: x=8.461, y=-61.761, yaw=-2.890
[INFO] [1784352897.989043805] [route_recorder]: saved point 456: x=9.288, y=-61.602, yaw=-2.905
[INFO] [1784352898.058318345] [route_recorder]: saved point 457: x=10.163, y=-61.438, yaw=-2.882
[INFO] [1784352898.156067410] [route_recorder]: saved point 458: x=11.056, y=-61.245, yaw=-2.871
[INFO] [1784352898.252776454] [route_recorder]: saved point 459: x=11.967, y=-61.035, yaw=-2.849
[INFO] [1784352898.352261972] [route_recorder]: saved point 460: x=12.925, y=-60.810, yaw=-2.879
[INFO] [1784352898.451850935] [route_recorder]: saved point 461: x=13.900, y=-60.568, yaw=-2.892
[INFO] [1784352898.545925326] [route_recorder]: saved point 462: x=14.883, y=-60.211, yaw=-2.898
[INFO] [1784352898.689698402] [route_recorder]: saved point 463: x=15.892, y=-59.910, yaw=-2.890
[INFO] [1784352898.862366469] [route_recorder]: saved point 464: x=16.962, y=-59.614, yaw=-2.890
[INFO] [1784352898.910374376] [route_recorder]: saved point 465: x=18.098, y=-59.298, yaw=-2.855
[INFO] [1784352898.958142521] [route_recorder]: saved point 466: x=19.229, y=-59.057, yaw=-2.873
[INFO] [1784352899.068824791] [route_recorder]: saved point 467: x=20.390, y=-58.781, yaw=-2.889
[INFO] [1784352899.160939747] [route_recorder]: saved point 468: x=21.575, y=-58.517, yaw=-2.883
[INFO] [1784352899.234853075] [route_recorder]: saved point 469: x=22.789, y=-58.262, yaw=-2.842
[INFO] [1784352899.341819632] [route_recorder]: saved point 470: x=24.056, y=-58.001, yaw=-2.873
[INFO] [1784352899.422426291] [route_recorder]: saved point 471: x=25.311, y=-57.783, yaw=-2.849
[INFO] [1784352899.510310817] [route_recorder]: saved point 472: x=26.575, y=-57.544, yaw=-2.863
[INFO] [1784352899.609274272] [route_recorder]: saved point 473: x=27.860, y=-57.288, yaw=-2.835
[INFO] [1784352899.685162850] [route_recorder]: saved point 474: x=29.166, y=-57.045, yaw=-2.870
[INFO] [1784352899.775112885] [route_recorder]: saved point 475: x=30.547, y=-56.785, yaw=-2.889
[INFO] [1784352899.866829808] [route_recorder]: saved point 476: x=31.910, y=-56.539, yaw=-2.884
[INFO] [1784352899.951967342] [route_recorder]: saved point 477: x=33.321, y=-56.291, yaw=-2.848
[INFO] [1784352900.044295620] [route_recorder]: saved point 478: x=34.753, y=-56.069, yaw=-2.834
[INFO] [1784352900.134993211] [route_recorder]: saved point 479: x=36.199, y=-55.759, yaw=-2.924
[INFO] [1784352900.237442136] [route_recorder]: saved point 480: x=37.647, y=-55.447, yaw=-2.982
[INFO] [1784352900.318856059] [route_recorder]: saved point 481: x=39.149, y=-55.145, yaw=-2.924
[INFO] [1784352900.416311720] [route_recorder]: saved point 482: x=40.640, y=-54.856, yaw=-2.932
[INFO] [1784352900.525361083] [route_recorder]: saved point 483: x=42.208, y=-54.557, yaw=-2.995
[INFO] [1784352900.651397879] [route_recorder]: saved point 484: x=43.761, y=-54.280, yaw=-3.001
[INFO] [1784352900.788502511] [route_recorder]: saved point 485: x=45.306, y=-54.019, yaw=-2.985
[INFO] [1784352900.863939450] [route_recorder]: saved point 486: x=46.862, y=-53.760, yaw=-2.977
[INFO] [1784352900.962753433] [route_recorder]: saved point 487: x=48.411, y=-53.523, yaw=-3.006
[INFO] [1784352901.059757810] [route_recorder]: saved point 488: x=49.969, y=-53.290, yaw=-3.019
[INFO] [1784352901.168318260] [route_recorder]: saved point 489: x=51.570, y=-53.079, yaw=-3.008
[INFO] [1784352901.235808173] [route_recorder]: saved point 490: x=53.148, y=-52.867, yaw=-2.992
[INFO] [1784352901.336653284] [route_recorder]: saved point 491: x=54.723, y=-52.680, yaw=-3.027
[INFO] [1784352901.443743904] [route_recorder]: saved point 492: x=56.369, y=-52.485, yaw=-3.049
[INFO] [1784352901.532594963] [route_recorder]: saved point 493: x=58.026, y=-52.294, yaw=-3.026
[INFO] [1784352901.648632752] [route_recorder]: saved point 494: x=59.672, y=-52.118, yaw=-3.031
[INFO] [1784352901.741262040] [route_recorder]: saved point 495: x=61.360, y=-51.940, yaw=-2.979
[INFO] [1784352901.847957765] [route_recorder]: saved point 496: x=62.997, y=-51.768, yaw=-3.055
[INFO] [1784352901.975609850] [route_recorder]: saved point 497: x=64.657, y=-51.605, yaw=-3.037
[INFO] [1784352902.033747409] [route_recorder]: saved point 498: x=66.318, y=-51.399, yaw=-3.058
[INFO] [1784352902.138134602] [route_recorder]: saved point 499: x=67.960, y=-51.181, yaw=-2.989
[INFO] [1784352902.219902928] [route_recorder]: saved point 500: x=69.578, y=-50.955, yaw=-3.006
[INFO] [1784352902.294084881] [route_recorder]: saved point 501: x=71.175, y=-50.770, yaw=-2.976
[INFO] [1784352902.398768932] [route_recorder]: saved point 502: x=72.726, y=-50.554, yaw=-3.016
[INFO] [1784352902.496515796] [route_recorder]: saved point 503: x=74.233, y=-50.357, yaw=-3.075
[INFO] [1784352902.601072174] [route_recorder]: saved point 504: x=75.729, y=-50.194, yaw=-3.071
[INFO] [1784352902.682636556] [route_recorder]: saved point 505: x=77.197, y=-50.026, yaw=-3.022
[INFO] [1784352902.784744063] [route_recorder]: saved point 506: x=78.679, y=-49.799, yaw=-3.056
[INFO] [1784352902.891456710] [route_recorder]: saved point 507: x=80.158, y=-49.543, yaw=3.086
[INFO] [1784352902.982845253] [route_recorder]: saved point 508: x=81.596, y=-49.476, yaw=3.128
[INFO] [1784352903.073312610] [route_recorder]: saved point 509: x=83.025, y=-49.440, yaw=-3.107
[INFO] [1784352903.179884071] [route_recorder]: saved point 510: x=84.356, y=-49.444, yaw=3.139
[INFO] [1784352903.277115769] [route_recorder]: saved point 511: x=85.661, y=-49.416, yaw=3.086
[INFO] [1784352903.379003265] [route_recorder]: saved point 512: x=86.958, y=-49.401, yaw=3.055
[INFO] [1784352903.492060294] [route_recorder]: saved point 513: x=88.217, y=-49.366, yaw=3.129
[INFO] [1784352903.586145611] [route_recorder]: saved point 514: x=89.428, y=-49.342, yaw=3.081
[INFO] [1784352903.703953017] [route_recorder]: saved point 515: x=90.647, y=-49.285, yaw=3.072
[INFO] [1784352903.805116659] [route_recorder]: saved point 516: x=91.817, y=-49.264, yaw=3.077
[INFO] [1784352903.898062584] [route_recorder]: saved point 517: x=92.942, y=-49.250, yaw=3.089
[INFO] [1784352904.000337805] [route_recorder]: saved point 518: x=94.080, y=-49.275, yaw=3.000
[INFO] [1784352904.094132527] [route_recorder]: saved point 519: x=95.194, y=-49.291, yaw=3.036
[INFO] [1784352904.190731696] [route_recorder]: saved point 520: x=96.283, y=-49.314, yaw=3.077
[INFO] [1784352904.283499395] [route_recorder]: saved point 521: x=97.344, y=-49.328, yaw=3.043
[INFO] [1784352904.376039914] [route_recorder]: saved point 522: x=98.413, y=-49.339, yaw=2.993
[INFO] [1784352904.569267570] [route_recorder]: saved point 523: x=99.463, y=-49.388, yaw=3.018
[INFO] [1784352904.622432987] [route_recorder]: saved point 524: x=100.523, y=-49.398, yaw=3.063
[INFO] [1784352904.691217975] [route_recorder]: saved point 525: x=101.534, y=-49.413, yaw=3.017
[INFO] [1784352904.763883946] [route_recorder]: saved point 526: x=102.562, y=-49.480, yaw=2.981
[INFO] [1784352904.872474327] [route_recorder]: saved point 527: x=103.562, y=-49.573, yaw=3.015
[INFO] [1784352904.964433452] [route_recorder]: saved point 528: x=104.569, y=-49.640, yaw=3.085
[INFO] [1784352905.060521396] [route_recorder]: saved point 529: x=105.559, y=-49.687, yaw=3.051
[INFO] [1784352905.157270241] [route_recorder]: saved point 530: x=106.488, y=-49.709, yaw=3.015
[INFO] [1784352905.258634126] [route_recorder]: saved point 531: x=107.408, y=-49.747, yaw=3.018
[INFO] [1784352905.346044644] [route_recorder]: saved point 532: x=108.299, y=-49.792, yaw=3.097
[INFO] [1784352905.440235968] [route_recorder]: saved point 533: x=109.163, y=-49.816, yaw=3.123
[INFO] [1784352905.535999309] [route_recorder]: saved point 534: x=109.999, y=-49.827, yaw=3.013
[INFO] [1784352905.633806631] [route_recorder]: saved point 535: x=110.823, y=-49.815, yaw=3.053
[INFO] [1784352905.725019424] [route_recorder]: saved point 536: x=111.584, y=-49.798, yaw=3.063
[INFO] [1784352905.827598842] [route_recorder]: saved point 537: x=112.343, y=-49.766, yaw=2.981
[INFO] [1784352905.916097443] [route_recorder]: saved point 538: x=113.065, y=-49.778, yaw=2.969
[INFO] [1784352906.103402198] [route_recorder]: saved point 539: x=113.783, y=-49.764, yaw=3.088
[INFO] [1784352906.145490248] [route_recorder]: saved point 540: x=114.384, y=-49.855, yaw=3.123
[INFO] [1784352906.208105873] [route_recorder]: saved point 541: x=114.980, y=-49.952, yaw=3.052
[INFO] [1784352906.299250613] [route_recorder]: saved point 542: x=115.569, y=-49.996, yaw=3.014
[INFO] [1784352906.402520539] [route_recorder]: saved point 543: x=116.148, y=-50.075, yaw=2.991
[INFO] [1784352906.529208869] [route_recorder]: saved point 544: x=116.674, y=-50.132, yaw=3.018
[INFO] [1784352906.659145888] [route_recorder]: saved point 545: x=117.185, y=-50.184, yaw=2.883
[INFO] [1784352906.798685911] [route_recorder]: saved point 546: x=117.687, y=-50.235, yaw=2.973
[INFO] [1784352906.978305341] [route_recorder]: saved point 547: x=118.165, y=-50.293, yaw=3.033
[INFO] [1784352907.169932028] [route_recorder]: saved point 548: x=118.617, y=-50.347, yaw=2.984
[INFO] [1784352907.370317281] [route_recorder]: saved point 549: x=119.066, y=-50.389, yaw=2.946
[INFO] [1784352907.803464702] [route_recorder]: saved point 550: x=119.811, y=-50.486, yaw=3.027
[INFO] [1784352908.264303863] [route_recorder]: saved point 551: x=120.521, y=-50.565, yaw=2.842
[INFO] [1784352908.570313398] [route_recorder]: saved point 552: x=121.083, y=-50.629, yaw=3.024
[INFO] [1784352908.985738334] [route_recorder]: saved point 553: x=121.495, y=-50.668, yaw=2.947
[INFO] [1784352909.637923685] [route_recorder]: saved point 554: x=121.959, y=-50.731, yaw=2.995
[INFO] [1784352911.037313062] [route_recorder]: saved point 555: x=121.701, y=-51.163, yaw=2.937
[INFO] [1784352911.261433149] [route_recorder]: saved point 556: x=121.092, y=-51.580, yaw=2.452
[INFO] [1784352911.406437422] [route_recorder]: saved point 557: x=120.615, y=-51.738, yaw=2.302
[INFO] [1784352911.638001483] [route_recorder]: saved point 558: x=120.067, y=-51.811, yaw=2.372
[INFO] [1784352911.792548425] [route_recorder]: saved point 559: x=119.500, y=-52.040, yaw=2.306
[INFO] [1784352912.193328840] [route_recorder]: saved point 560: x=118.479, y=-52.214, yaw=2.430
[INFO] [1784352912.426200221] [route_recorder]: saved point 561: x=117.797, y=-52.272, yaw=2.388
[INFO] [1784352912.661969289] [route_recorder]: saved point 562: x=116.511, y=-52.371, yaw=2.420
[INFO] [1784352912.818540715] [route_recorder]: saved point 563: x=115.639, y=-52.295, yaw=2.473
[INFO] [1784352913.020478019] [route_recorder]: saved point 564: x=114.756, y=-52.220, yaw=2.651
[INFO] [1784352913.309390804] [route_recorder]: saved point 565: x=113.884, y=-52.127, yaw=2.578
[INFO] [1784352913.435518050] [route_recorder]: saved point 566: x=112.447, y=-51.904, yaw=2.117
[INFO] [1784352913.520833730] [route_recorder]: saved point 567: x=111.999, y=-51.753, yaw=2.186
[INFO] [1784352913.641741044] [route_recorder]: saved point 568: x=110.977, y=-51.567, yaw=2.535
[INFO] [1784352913.729942532] [route_recorder]: saved point 569: x=109.853, y=-51.315, yaw=2.396
[INFO] [1784352913.873136773] [route_recorder]: saved point 570: x=108.635, y=-51.070, yaw=2.538
[INFO] [1784352914.079445029] [route_recorder]: saved point 571: x=107.329, y=-50.769, yaw=2.458
[INFO] [1784352914.306838224] [route_recorder]: saved point 572: x=105.953, y=-50.378, yaw=2.406
[INFO] [1784352914.595837974] [route_recorder]: saved point 573: x=105.217, y=-50.083, yaw=2.401
[INFO] [1784352914.802122534] [route_recorder]: saved point 574: x=103.663, y=-49.385, yaw=2.518
[INFO] [1784352915.081895702] [route_recorder]: saved point 575: x=101.282, y=-48.335, yaw=2.368
[INFO] [1784352915.219075815] [route_recorder]: saved point 576: x=99.546, y=-47.881, yaw=2.448
[INFO] [1784352915.359357415] [route_recorder]: saved point 577: x=98.681, y=-47.717, yaw=2.426
[INFO] [1784352915.513917655] [route_recorder]: saved point 578: x=95.969, y=-46.923, yaw=2.619
[INFO] [1784352915.665378232] [route_recorder]: saved point 579: x=94.065, y=-46.347, yaw=2.509
[INFO] [1784352915.837795583] [route_recorder]: saved point 580: x=92.047, y=-45.845, yaw=2.601
[INFO] [1784352915.927677753] [route_recorder]: saved point 581: x=89.956, y=-45.317, yaw=2.547
[INFO] [1784352916.060682539] [route_recorder]: saved point 582: x=87.790, y=-44.811, yaw=2.614
[INFO] [1784352916.153939440] [route_recorder]: saved point 583: x=85.526, y=-44.349, yaw=2.359
[INFO] [1784352916.273514336] [route_recorder]: saved point 584: x=84.329, y=-44.042, yaw=2.477
[INFO] [1784352916.384260738] [route_recorder]: saved point 585: x=83.121, y=-43.760, yaw=2.579
[INFO] [1784352916.495765580] [route_recorder]: saved point 586: x=81.848, y=-43.476, yaw=2.545
[INFO] [1784352916.617280728] [route_recorder]: saved point 587: x=80.647, y=-43.204, yaw=2.617
[INFO] [1784352916.723397277] [route_recorder]: saved point 588: x=78.247, y=-42.634, yaw=2.785
[INFO] [1784352916.878531344] [route_recorder]: saved point 589: x=75.708, y=-42.066, yaw=2.751
[INFO] [1784352916.994849272] [route_recorder]: saved point 590: x=71.808, y=-40.819, yaw=2.903
[INFO] [1784352917.094812830] [route_recorder]: saved point 591: x=69.272, y=-39.988, yaw=2.848
[INFO] [1784352917.201887688] [route_recorder]: saved point 592: x=66.608, y=-38.964, yaw=2.617
[INFO] [1784352917.330454467] [route_recorder]: saved point 593: x=63.802, y=-38.056, yaw=2.147
[INFO] [1784352917.426922895] [route_recorder]: saved point 594: x=60.503, y=-37.350, yaw=1.773
[INFO] [1784352917.533430997] [route_recorder]: saved point 595: x=57.039, y=-36.824, yaw=1.791
[INFO] [1784352917.643855123] [route_recorder]: saved point 596: x=55.386, y=-36.669, yaw=2.032
[INFO] [1784352917.755954076] [route_recorder]: saved point 597: x=53.704, y=-36.542, yaw=2.033
[INFO] [1784352917.903996128] [route_recorder]: saved point 598: x=50.244, y=-36.300, yaw=2.236
[INFO] [1784352918.028860681] [route_recorder]: saved point 599: x=48.690, y=-36.244, yaw=2.245
[INFO] [1784352918.159567456] [route_recorder]: saved point 600: x=46.962, y=-36.251, yaw=1.668
[INFO] [1784352918.321394193] [route_recorder]: saved point 601: x=45.409, y=-36.319, yaw=1.825
[INFO] [1784352918.483494739] [route_recorder]: saved point 602: x=42.023, y=-36.291, yaw=2.339
[INFO] [1784352918.616434580] [route_recorder]: saved point 603: x=40.363, y=-36.279, yaw=2.293
[INFO] [1784352918.735986136] [route_recorder]: saved point 604: x=38.653, y=-36.243, yaw=2.508
[INFO] [1784352918.926680694] [route_recorder]: saved point 605: x=36.974, y=-36.224, yaw=2.517
[INFO] [1784352919.081156600] [route_recorder]: saved point 606: x=35.443, y=-36.172, yaw=2.569
[INFO] [1784352919.189050061] [route_recorder]: saved point 607: x=31.818, y=-36.118, yaw=2.731
[INFO] [1784352919.296589092] [route_recorder]: saved point 608: x=30.144, y=-36.024, yaw=2.787
[INFO] [1784352919.392297631] [route_recorder]: saved point 609: x=28.451, y=-35.951, yaw=2.812
[INFO] [1784352919.506258013] [route_recorder]: saved point 610: x=26.813, y=-35.890, yaw=2.745
[INFO] [1784352919.648767053] [route_recorder]: saved point 611: x=25.093, y=-35.834, yaw=2.804
[INFO] [1784352919.771903893] [route_recorder]: saved point 612: x=23.374, y=-35.770, yaw=2.843
[INFO] [1784352919.851618745] [route_recorder]: saved point 613: x=21.645, y=-35.680, yaw=2.863
[INFO] [1784352919.943961574] [route_recorder]: saved point 614: x=19.941, y=-35.591, yaw=2.883
[INFO] [1784352920.010273619] [route_recorder]: saved point 615: x=16.308, y=-35.366, yaw=2.927
[INFO] [1784352920.082495327] [route_recorder]: saved point 616: x=14.610, y=-35.245, yaw=2.908
[INFO] [1784352920.153999981] [route_recorder]: saved point 617: x=12.809, y=-35.121, yaw=2.852
[INFO] [1784352920.247613737] [route_recorder]: saved point 618: x=9.173, y=-34.868, yaw=2.933
[INFO] [1784352920.319099124] [route_recorder]: saved point 619: x=7.421, y=-34.741, yaw=2.922
[INFO] [1784352920.512392878] [route_recorder]: saved point 620: x=3.862, y=-34.350, yaw=2.954
[INFO] [1784352920.576509492] [route_recorder]: saved point 621: x=2.135, y=-34.175, yaw=3.001
[INFO] [1784352920.637984975] [route_recorder]: saved point 622: x=0.367, y=-34.022, yaw=3.052
[INFO] [1784352920.802248805] [route_recorder]: saved point 623: x=-3.243, y=-33.672, yaw=3.121
[INFO] [1784352920.908492698] [route_recorder]: saved point 624: x=-6.816, y=-33.182, yaw=3.129
[INFO] [1784352920.986135862] [route_recorder]: saved point 625: x=-8.621, y=-32.947, yaw=3.086
[INFO] [1784352921.103125481] [route_recorder]: saved point 626: x=-10.460, y=-32.724, yaw=3.077
[INFO] [1784352921.293554991] [route_recorder]: saved point 627: x=-15.866, y=-32.105, yaw=3.047
[INFO] [1784352921.389669871] [route_recorder]: saved point 628: x=-17.663, y=-31.903, yaw=3.077
[INFO] [1784352921.560288560] [route_recorder]: saved point 629: x=-19.398, y=-31.654, yaw=3.089
[INFO] [1784352921.690696224] [route_recorder]: saved point 630: x=-21.111, y=-31.374, yaw=3.047
[INFO] [1784352921.812082934] [route_recorder]: saved point 631: x=-22.819, y=-31.032, yaw=3.028
[INFO] [1784352921.911842796] [route_recorder]: saved point 632: x=-24.480, y=-30.727, yaw=3.005
[INFO] [1784352922.053128383] [route_recorder]: saved point 633: x=-26.119, y=-30.420, yaw=3.065
[INFO] [1784352922.135724826] [route_recorder]: saved point 634: x=-27.752, y=-30.091, yaw=3.065
[INFO] [1784352922.198023219] [route_recorder]: saved point 635: x=-29.359, y=-29.751, yaw=2.943
[INFO] [1784352922.300808607] [route_recorder]: saved point 636: x=-30.983, y=-29.373, yaw=2.977
[INFO] [1784352922.398538053] [route_recorder]: saved point 637: x=-32.532, y=-29.035, yaw=2.996
[INFO] [1784352922.506381878] [route_recorder]: saved point 638: x=-34.035, y=-28.641, yaw=2.998
[INFO] [1784