[INFO] [0000923539.667326112] [waypoint_follower]: enhanced waypoint_follower started
[INFO] [0000923539.669036896] [waypoint_follower]: route_file: /home/unitree/go2_fastlio_ws/src/go2_fastlio_patrol/routes/tju.csv
[INFO] [0000923539.670788544] [waypoint_follower]: route points: 13
[INFO] [0000923539.671624992] [waypoint_follower]: loop_mode: pingpong
[INFO] [0000923539.673240416] [waypoint_follower]: lookahead_distance: 0.6
[INFO] [0000923539.674951072] [waypoint_follower]: reach_distance: 0.4
[INFO] [0000923539.702301728] [waypoint_follower]: init nearest_index=0, distance_to_start=0.031
[INFO] [0000923539.705837600] [waypoint_follower]: nearest=0, target=2, dist=0.86, alpha=-0.06, vx=0.50, yaw_rate=-0.06, dir=1
[INFO] [0000923540.748693760] [waypoint_follower]: nearest=0, target=2, dist=0.86, alpha=-0.06, vx=0.50, yaw_rate=-0.05, dir=1
[INFO] [0000923541.748900960] [waypoint_follower]: nearest=0, target=2, dist=0.86, alpha=-0.06, vx=0.50, yaw_rate=-0.05, dir=1
[WARN] [0000923542.698647232] [waypoint_follower]: stuck recovery: nearest_index 0 -> 0
[INFO] [0000923542.798765152] [waypoint_follower]: nearest=0, target=2, dist=0.86, alpha=-0.06, vx=0.50, yaw_rate=-0.06, dir=1
[INFO] [0000923543.853038048] [waypoint_follower]: nearest=0, target=2, dist=0.80, alpha=-0.05, vx=0.50, yaw_rate=-0.04, dir=1
[INFO] [0000923544.898737184] [waypoint_follower]: nearest=1, target=3, dist=0.83, alpha=0.01, vx=0.50, yaw_rate=0.01, dir=1
[INFO] [0000923545.948722688] [waypoint_follower]: nearest=2, target=4, dist=0.70, alpha=0.19, vx=0.50, yaw_rate=0.17, dir=1
[INFO] [0000923546.949981664] [waypoint_follower]: nearest=3, target=5, dist=0.73, alpha=0.24, vx=0.50, yaw_rate=0.21, dir=1
[INFO] [0000923547.998993440] [waypoint_follower]: nearest=5, target=7, dist=0.46, alpha=-0.25, vx=0.50, yaw_rate=-0.22, dir=1
[INFO] [0000923549.048799328] [waypoint_follower]: nearest=7, target=9, dist=1.13, alpha=-2.19, vx=0.00, yaw_rate=-0.45, dir=1
[INFO] [0000923550.048958848] [waypoint_follower]: nearest=7, target=9, dist=1.05, alpha=-1.96, vx=0.00, yaw_rate=-0.45, dir=1
[INFO] [0000923551.098841088] [waypoint_follower]: nearest=7, target=9, dist=0.90, alpha=-1.48, vx=0.00, yaw_rate=-0.45, dir=1
[WARN] [0000923551.298633312] [waypoint_follower]: stuck recovery: nearest_index 7 -> 7
[INFO] [0000923552.098881792] [waypoint_follower]: nearest=7, target=9, dist=0.87, alpha=-1.25, vx=0.00, yaw_rate=-0.45, dir=1
[INFO] [0000923553.148802272] [waypoint_follower]: nearest=7, target=9, dist=0.82, alpha=-0.90, vx=0.25, yaw_rate=-0.45, dir=1
[INFO] [0000923554.198920288] [waypoint_follower]: nearest=7, target=9, dist=0.76, alpha=-0.67, vx=0.25, yaw_rate=-0.45, dir=1
[WARN] [0000923554.348442816] [waypoint_follower]: stuck recovery: nearest_index 7 -> 7
[INFO] [0000923555.198969568] [waypoint_follower]: nearest=8, target=10, dist=0.90, alpha=-0.24, vx=0.50, yaw_rate=-0.22, dir=1
[INFO] [0000923556.252801856] [waypoint_follower]: nearest=9, target=11, dist=0.87, alpha=0.29, vx=0.50, yaw_rate=0.26, dir=1
[INFO] [0000923557.298923456] [waypoint_follower]: nearest=10, target=12, dist=0.87, alpha=0.25, vx=0.50, yaw_rate=0.22, dir=1
[INFO] [0000923558.348858880] [waypoint_follower]: nearest=11, target=12, dist=0.39, alpha=0.34, vx=0.50, yaw_rate=0.30, dir=1
[INFO] [0000923558.650280928] [waypoint_follower]: reach end, switch to backward
[INFO] [0000923559.403427328] [waypoint_follower]: nearest=12, target=10, dist=0.87, alpha=2.48, vx=0.00, yaw_rate=0.45, dir=-1
[INFO] [0000923560.448556672] [waypoint_follower]: nearest=12, target=10, dist=0.87, alpha=2.40, vx=0.00, yaw_rate=0.45, dir=-1
[INFO] [0000923561.448864224] [waypoint_follower]: nearest=12, target=10, dist=0.85, alpha=2.35, vx=0.00, yaw_rate=0.45, dir=-1
[WARN] [0000923561.698569280] [waypoint_follower]: stuck recovery: nearest_index 12 -> 12
[INFO] [0000923562.448777280] [waypoint_follower]: nearest=12, target=10, dist=0.83, alpha=2.28, vx=0.00, yaw_rate=0.45, dir=-1
[INFO] [0000923563.498799936] [waypoint_follower]: nearest=12, target=10, dist=0.80, alpha=2.12, vx=0.00, yaw_rate=0.45, dir=-1
[INFO] [0000923564.498782912] [waypoint_follower]: nearest=12, target=10, dist=0.81, alpha=1.97, vx=0.00, yaw_rate=0.45, dir=-1
[WARN] [0000923564.748509024] [waypoint_follower]: stuck recovery: nearest_index 12 -> 12
[INFO] [0000923565.548689504] [waypoint_follower]: nearest=12, target=10, dist=0.75, alpha=1.79, vx=0.00, yaw_rate=0.45, dir=-1
[INFO] [0000923566.548980160] [waypoint_follower]: nearest=12, target=10, dist=0.71, alpha=1.65, vx=0.00, yaw_rate=0.45, dir=-1
[INFO] [0000923567.549051584] [waypoint_follower]: nearest=12, target=10, dist=0.70, alpha=1.58, vx=0.00, yaw_rate=0.45, dir=-1
[WARN] [0000923567.748647776] [waypoint_follower]: stuck recovery: nearest_index 12 -> 12
[INFO] [0000923568.598696480] [waypoint_follower]: nearest=12, target=10, dist=0.70, alpha=1.48, vx=0.00, yaw_rate=0.45, dir=-1
[INFO] [0000923569.598837824] [waypoint_follower]: nearest=12, target=10, dist=0.66, alpha=1.25, vx=0.00, yaw_rate=0.45, dir=-1
[INFO] [0000923570.598850208] [waypoint_follower]: nearest=11, target=9, dist=1.00, alpha=1.06, vx=0.00, yaw_rate=0.45, dir=-1
[INFO] [0000923571.598871808] [waypoint_follower]: nearest=11, target=9, dist=0.86, alpha=0.80, vx=0.25, yaw_rate=0.45, dir=-1
[INFO] [0000923572.648645376] [waypoint_follower]: nearest=11, target=9, dist=0.64, alpha=0.46, vx=0.50, yaw_rate=0.42, dir=-1
[INFO] [0000923573.649008512] [waypoint_follower]: nearest=10, target=8, dist=0.64, alpha=0.12, vx=0.50, yaw_rate=0.11, dir=-1
[INFO] [0000923574.698889056] [waypoint_follower]: nearest=8, target=6, dist=1.04, alpha=-0.14, vx=0.50, yaw_rate=-0.12, dir=-1
[INFO] [0000923575.748797952] [waypoint_follower]: nearest=7, target=5, dist=0.53, alpha=0.43, vx=0.50, yaw_rate=0.38, dir=-1
[INFO] [0000923576.750854560] [waypoint_follower]: nearest=5, target=3, dist=0.90, alpha=1.27, vx=0.00, yaw_rate=0.45, dir=-1
[INFO] [0000923577.798529024] [waypoint_follower]: nearest=5, target=3, dist=0.87, alpha=0.96, vx=0.25, yaw_rate=0.45, dir=-1
[INFO] [0000923578.799275456] [waypoint_follower]: nearest=5, target=3, dist=0.67, alpha=0.49, vx=0.50, yaw_rate=0.44, dir=-1
[INFO] [0000923579.798873760] [waypoint_follower]: nearest=4, target=2, dist=0.75, alpha=0.07, vx=0.50, yaw_rate=0.06, dir=-1
[INFO] [0000923580.848890720] [waypoint_follower]: nearest=3, target=1, dist=0.72, alpha=0.01, vx=0.50, yaw_rate=0.01, dir=-1
[INFO] [0000923581.852129664] [waypoint_follower]: nearest=2, target=0, dist=0.71, alpha=-0.07, vx=0.50, yaw_rate=-0.06, dir=-1
[INFO] [0000923582.898998528] [waypoint_follower]: nearest=1, target=0, dist=0.27, alpha=-0.10, vx=0.50, yaw_rate=-0.09, dir=-1
[INFO] [0000923582.962574144] [waypoint_follower]: reach start, switch to forward
[INFO] [0000923583.948534912] [waypoint_follower]: nearest=1, target=3, dist=1.17, alpha=-2.65, vx=0.00, yaw_rate=-0.45, dir=1
[INFO] [0000923584.948673600] [waypoint_follower]: nearest=1, target=3, dist=1.18, alpha=-2.41, vx=0.00, yaw_rate=-0.45, dir=1
[INFO] [0000923585.948882656] [waypoint_follower]: nearest=1, target=3, dist=1.15, alpha=-2.14, vx=0.00, yaw_rate=-0.45, dir=1
[WARN] [0000923585.998919680] [waypoint_follower]: stuck recovery: nearest_index 1 -> 0
[INFO] [0000923586.948924352] [waypoint_follower]: nearest=0, target=2, dist=0.71, alpha=-1.89, vx=0.00, yaw_rate=-0.45, dir=1
[INFO] [0000923587.998424224] [waypoint_follower]: nearest=0, target=2, dist=0.69, alpha=-1.73, vx=0.00, yaw_rate=-0.45, dir=1
[INFO] [0000923588.998798144] [waypoint_follower]: nearest=0, target=2, dist=0.66, alpha=-1.57, vx=0.00, yaw_rate=-0.45, dir=1
[WARN] [0000923589.048684096] [waypoint_follower]: stuck recovery: nearest_index 0 -> 0
[INFO] [0000923589.998818592] [waypoint_follower]: nearest=1, target=3, dist=1.00, alpha=-1.24, vx=0.00, yaw_rate=-0.45, dir=1
[INFO] [0000923590.999482912] [waypoint_follower]: nearest=1, target=3, dist=0.98, alpha=-1.06, vx=0.00, yaw_rate=-0.45, dir=1
[INFO] [0000923592.048767552] [waypoint_follower]: nearest=1, target=3, dist=0.88, alpha=-0.88, vx=0.25, yaw_rate=-0.45, dir=1
[WARN] [0000923592.551012192] [waypoint_follower]: stuck recovery: nearest_index 1 -> 1
[INFO] [0000923593.098846048] [waypoint_follower]: nearest=1, target=3, dist=0.72, alpha=-0.69, vx=0.25, yaw_rate=-0.45, dir=1
[INFO] [0000923594.148882496] [waypoint_follower]: nearest=2, target=4, dist=0.86, alpha=-0.26, vx=0.50, yaw_rate=-0.23, dir=1
[INFO] [0000923595.149167872] [waypoint_follower]: nearest=3, target=5, dist=0.88, alpha=-0.03, vx=0.50, yaw_rate=-0.03, dir=1
[INFO] [0000923596.198568384] [waypoint_follower]: nearest=4, target=6, dist=0.80, alpha=0.03, vx=0.50, yaw_rate=0.03, dir=1
[INFO] [0000923597.198788608] [waypoint_follower]: nearest=5, target=7, dist=0.60, alpha=-0.67, vx=0.25, yaw_rate=-0.45, dir=1
[INFO] [0000923598.198882240] [waypoint_follower]: nearest=5, target=7, dist=0.37, alpha=-0.38, vx=0.50, yaw_rate=-0.34, dir=1
[INFO] [0000923599.248928288] [waypoint_follower]: nearest=7, target=9, dist=0.83, alpha=-0.67, vx=0.25, yaw_rate=-0.45, dir=1
[INFO] [0000923600.299122336] [waypoint_follower]: nearest=8, target=10, dist=1.00, alpha=-0.37, vx=0.50, yaw_rate=-0.33, dir=1
[INFO] [0000923601.300860480] [waypoint_follower]: nearest=9, target=11, dist=0.97, alpha=-0.14, vx=0.50, yaw_rate=-0.13, dir=1
[INFO] [0000923602.348501472] [waypoint_follower]: nearest=10, target=12, dist=0.90, alpha=0.01, vx=0.50, yaw_rate=0.00, dir=1
[INFO] [0000923603.349317440] [waypoint_follower]: nearest=11, target=12, dist=0.46, alpha=0.12, vx=0.50, yaw_rate=0.11, dir=1
[INFO] [0000923603.948445536] [waypoint_follower]: reach end, switch to backward
[INFO] [0000923604.398846848] [waypoint_follower]: nearest=12, target=10, dist=0.79, alpha=2.68, vx=0.00, yaw_rate=0.45, dir=-1
[INFO] [0000923605.448842496] [waypoint_follower]: nearest=12, target=10, dist=0.77, alpha=2.59, vx=0.00, yaw_rate=0.45, dir=-1
[INFO] [0000923606.449092384] [waypoint_follower]: nearest=12, target=10, dist=0.76, alpha=2.54, vx=0.00, yaw_rate=0.45, dir=-1
[WARN] [0000923606.998725664] [waypoint_follower]: stuck recovery: nearest_index 12 -> 12
[INFO] [0000923607.498723264] [waypoint_follower]: nearest=12, target=10, dist=0.75, alpha=2.51, vx=0.00, yaw_rate=0.45, dir=-1
[INFO] [0000923608.548601280] [waypoint_follower]: nearest=12, target=10, dist=0.75, alpha=2.40, vx=0.00, yaw_rate=0.45, dir=-1
[INFO] [0000923609.598599008] [waypoint_follower]: nearest=12, target=10, dist=0.74, alpha=2.22, vx=0.00, yaw_rate=0.45, dir=-1
[WARN] [0000923609.998929536] [waypoint_follower]: stuck recovery: nearest_index 12 -> 12
[INFO] [0000923610.599312096] [waypoint_follower]: nearest=12, target=10, dist=0.72, alpha=2.15, vx=0.00, yaw_rate=0.45, dir=-1
[INFO] [0000923611.648893728] [waypoint_follower]: nearest=12, target=10, dist=0.72, alpha=2.02, vx=0.00, yaw_rate=0.45, dir=-1
[INFO] [0000923612.648930176] [waypoint_follower]: nearest=12, target=10, dist=0.65, alpha=1.77, vx=0.00, yaw_rate=0.45, dir=-1
[INFO] [0000923613.648960928] [waypoint_follower]: nearest=11, target=9, dist=1.03, alpha=1.57, vx=0.00, yaw_rate=0.45, dir=-1
[INFO] [0000923614.698473216] [waypoint_follower]: nearest=11, target=9, dist=0.96, alpha=1.32, vx=0.00, yaw_rate=0.45, dir=-1
[INFO] [0000923615.698541824] [waypoint_follower]: nearest=11, target=9, dist=0.94, alpha=1.19, vx=0.00, yaw_rate=0.45, dir=-1
[WARN] [0000923615.998690368] [waypoint_follower]: stuck recovery: nearest_index 11 -> 11
[INFO] [0000923616.748913632] [waypoint_follower]: nearest=11, target=9, dist=0.91, alpha=0.99, vx=0.25, yaw_rate=0.45, dir=-1
[INFO] [0000923617.798932512] [waypoint_follower]: nearest=11, target=9, dist=0.70, alpha=0.71, vx=0.25, yaw_rate=0.45, dir=-1
[INFO] [0000923618.849757248] [waypoint_follower]: nearest=10, target=8, dist=0.78, alpha=0.29, vx=0.50, yaw_rate=0.27, dir=-1
[INFO] [0000923619.898818656] [waypoint_follower]: nearest=9, target=7, dist=0.72, alpha=-0.01, vx=0.50, yaw_rate=-0.01, dir=-1
[INFO] [0000923620.899187904] [waypoint_follower]: nearest=8, target=6, dist=0.66, alpha=-0.25, vx=0.50, yaw_rate=-0.23, dir=-1
[INFO] [0000923621.898932512] [waypoint_follower]: nearest=5, target=3, dist=0.97, alpha=1.28, vx=0.00, yaw_rate=0.45, dir=-1
[INFO] [0000923622.899343968] [waypoint_follower]: nearest=5, target=3, dist=0.