[INFO] [1783261682.513940578] [route_recorder]: route_recorder started
[INFO] [1783261682.519516214] [route_recorder]: odom_topic: /Odometry
[INFO] [1783261682.520185508] [route_recorder]: route_file: /home/unitree/go2_fastlio_ws/src/go2_fastlio_patrol/routes/xiaoqu1.csv
[INFO] [1783261682.520821234] [route_recorder]: min_distance: 0.4
[INFO] [1783261682.529577865] [route_recorder]: saved point 0: x=0.005, y=0.014, yaw=-0.000
[INFO] [1783261720.512885165] [route_recorder]: saved point 1: x=0.426, y=-0.007, yaw=0.002
[INFO] [1783261720.912256159] [route_recorder]: saved point 2: x=0.869, y=-0.022, yaw=0.014
[INFO] [1783261721.315478944] [route_recorder]: saved point 3: x=1.363, y=-0.025, yaw=0.010
[INFO] [1783261721.949829576] [route_recorder]: saved point 4: x=1.801, y=-0.014, yaw=0.017
[INFO] [1783261722.512752992] [route_recorder]: saved point 5: x=2.257, y=0.017, yaw=0.051
[INFO] [1783261722.911672103] [route_recorder]: saved point 6: x=2.691, y=0.068, yaw=0.119
[INFO] [1783261723.326653946] [route_recorder]: saved point 7: x=3.154, y=0.129, yaw=0.133
[INFO] [1783261723.785842661] [route_recorder]: saved point 8: x=3.634, y=0.222, yaw=0.169
[INFO] [1783261724.150564419] [route_recorder]: saved point 9: x=4.036, y=0.320, yaw=0.202
[INFO] [1783261724.414237484] [route_recorder]: saved point 10: x=4.436, y=0.389, yaw=0.184
[INFO] [1783261724.819285776] [route_recorder]: saved point 11: x=4.954, y=0.469, yaw=0.191
[INFO] [1783261725.128846194] [route_recorder]: saved point 12: x=5.365, y=0.535, yaw=0.188
[INFO] [1783261725.440112824] [route_recorder]: saved point 13: x=5.805, y=0.594, yaw=0.191
[INFO] [1783261725.817012561] [route_recorder]: saved point 14: x=6.242, y=0.664, yaw=0.086
[INFO] [1783261726.213747399] [route_recorder]: saved point 15: x=6.694, y=0.718, yaw=0.096
[INFO] [1783261726.633962052] [route_recorder]: saved point 16: x=7.234, y=0.730, yaw=0.079
[INFO] [1783261727.010766234] [route_recorder]: saved point 17: x=7.787, y=0.796, yaw=0.076
[INFO] [1783261727.313430668] [route_recorder]: saved point 18: x=8.202, y=0.821, yaw=0.098
[INFO] [1783261727.615893145] [route_recorder]: saved point 19: x=8.622, y=0.860, yaw=0.103
[INFO] [1783261728.008345492] [route_recorder]: saved point 20: x=9.137, y=0.885, yaw=0.104
[INFO] [1783261728.308607954] [route_recorder]: saved point 21: x=9.564, y=0.937, yaw=0.094
[INFO] [1783261728.633436847] [route_recorder]: saved point 22: x=9.973, y=0.992, yaw=0.113
[INFO] [1783261729.113616359] [route_recorder]: saved point 23: x=10.384, y=1.205, yaw=0.601
[INFO] [1783261729.648368268] [route_recorder]: saved point 24: x=10.755, y=1.446, yaw=0.589
[INFO] [1783261729.908935506] [route_recorder]: saved point 25: x=11.126, y=1.768, yaw=0.586
[INFO] [1783261730.188454048] [route_recorder]: saved point 26: x=11.482, y=2.018, yaw=0.577
[INFO] [1783261730.516922407] [route_recorder]: saved point 27: x=11.841, y=2.234, yaw=0.598
[INFO] [1783261730.813255282] [route_recorder]: saved point 28: x=12.184, y=2.501, yaw=0.603
[INFO] [1783261731.112262901] [route_recorder]: saved point 29: x=12.525, y=2.727, yaw=0.594
[INFO] [1783261731.416354785] [route_recorder]: saved point 30: x=12.891, y=2.964, yaw=0.595
[INFO] [1783261731.722499191] [route_recorder]: saved point 31: x=13.265, y=3.222, yaw=0.588
[INFO] [1783261732.124176621] [route_recorder]: saved point 32: x=13.603, y=3.450, yaw=0.554
[INFO] [1783261732.611190319] [route_recorder]: saved point 33: x=14.042, y=3.575, yaw=0.323
[INFO] [1783261733.056123399] [route_recorder]: saved point 34: x=14.461, y=3.719, yaw=0.190
[INFO] [1783261733.449311723] [route_recorder]: saved point 35: x=14.858, y=3.797, yaw=0.220
[INFO] [1783261733.819714870] [route_recorder]: saved point 36: x=15.362, y=3.907, yaw=0.218
[INFO] [1783261734.201828340] [route_recorder]: saved point 37: x=15.872, y=4.016, yaw=0.127
[INFO] [1783261734.683888460] [route_recorder]: saved point 38: x=16.352, y=4.016, yaw=0.080
[INFO] [1783261735.056786474] [route_recorder]: saved point 39: x=16.881, y=4.035, yaw=0.072
[INFO] [1783261735.425427887] [route_recorder]: saved point 40: x=17.429, y=4.055, yaw=0.078
[INFO] [1783261735.717648481] [route_recorder]: saved point 41: x=17.831, y=4.109, yaw=0.083
[INFO] [1783261736.116091120] [route_recorder]: saved point 42: x=18.340, y=4.093, yaw=0.087
[INFO] [1783261736.419375207] [route_recorder]: saved point 43: x=18.823, y=4.142, yaw=0.086
[INFO] [1783261736.722676991] [route_recorder]: saved point 44: x=19.263, y=4.211, yaw=0.083
[INFO] [1783261737.020313280] [route_recorder]: saved point 45: x=19.690, y=4.243, yaw=0.092
[INFO] [1783261737.320547480] [route_recorder]: saved point 46: x=20.133, y=4.261, yaw=0.076
[INFO] [1783261737.617650766] [route_recorder]: saved point 47: x=20.553, y=4.284, yaw=0.091
[INFO] [1783261737.923173650] [route_recorder]: saved point 48: x=20.985, y=4.320, yaw=0.082
[INFO] [1783261738.220703473] [route_recorder]: saved point 49: x=21.428, y=4.364, yaw=0.083
[INFO] [1783261738.518801371] [route_recorder]: saved point 50: x=21.874, y=4.439, yaw=0.087
[INFO] [1783261738.818031516] [route_recorder]: saved point 51: x=22.330, y=4.467, yaw=0.071
[INFO] [1783261739.122269958] [route_recorder]: saved point 52: x=22.745, y=4.476, yaw=0.096
[INFO] [1783261739.420941019] [route_recorder]: saved point 53: x=23.169, y=4.490, yaw=0.099
[INFO] [1783261739.718284852] [route_recorder]: saved point 54: x=23.592, y=4.514, yaw=0.082
[INFO] [1783261740.016616674] [route_recorder]: saved point 55: x=24.040, y=4.550, yaw=0.082
[INFO] [1783261740.320738472] [route_recorder]: saved point 56: x=24.513, y=4.586, yaw=0.075
[INFO] [1783261740.655344294] [route_recorder]: saved point 57: x=24.959, y=4.638, yaw=0.100
[INFO] [1783261740.916483888] [route_recorder]: saved point 58: x=25.397, y=4.751, yaw=0.103
[INFO] [1783261741.321245692] [route_recorder]: saved point 59: x=25.917, y=4.750, yaw=0.113
[INFO] [1783261741.617293625] [route_recorder]: saved point 60: x=26.345, y=4.759, yaw=0.120
[INFO] [1783261741.916590618] [route_recorder]: saved point 61: x=26.794, y=4.823, yaw=0.100
[INFO] [1783261742.215974876] [route_recorder]: saved point 62: x=27.247, y=4.864, yaw=0.111
[INFO] [1783261742.520385254] [route_recorder]: saved point 63: x=27.672, y=4.899, yaw=0.119
[INFO] [1783261742.819775208] [route_recorder]: saved point 64: x=28.075, y=4.937, yaw=0.130
[INFO] [1783261743.115697473] [route_recorder]: saved point 65: x=28.512, y=4.989, yaw=0.125
[INFO] [1783261743.553191155] [route_recorder]: saved point 66: x=28.928, y=5.043, yaw=0.115
[INFO] [1783261743.747489392] [route_recorder]: saved point 67: x=29.346, y=5.112, yaw=0.108
[INFO] [1783261744.028694040] [route_recorder]: saved point 68: x=29.814, y=5.064, yaw=0.128
[INFO] [1783261744.314200217] [route_recorder]: saved point 69: x=30.263, y=5.145, yaw=0.150
[INFO] [1783261744.629572964] [route_recorder]: saved point 70: x=30.677, y=5.221, yaw=0.156
[INFO] [1783261745.031999741] [route_recorder]: saved point 71: x=31.089, y=5.313, yaw=0.134
[INFO] [1783261745.423825145] [route_recorder]: saved point 72: x=31.522, y=5.408, yaw=0.134
[INFO] [1783261745.747178378] [route_recorder]: saved point 73: x=31.978, y=5.458, yaw=0.153
[INFO] [1783261746.262011996] [route_recorder]: saved point 74: x=32.428, y=5.470, yaw=0.060
[INFO] [1783261746.693516078] [route_recorder]: saved point 75: x=32.901, y=5.510, yaw=0.077
[INFO] [1783261747.064945378] [route_recorder]: saved point 76: x=33.369, y=5.572, yaw=0.082
[INFO] [1783261747.307628297] [route_recorder]: saved point 77: x=33.837, y=5.638, yaw=0.087
[INFO] [1783261747.561555512] [route_recorder]: saved point 78: x=34.266, y=5.642, yaw=0.087
[INFO] [1783261747.820077639] [route_recorder]: saved point 79: x=34.676, y=5.652, yaw=0.086
[INFO] [1783261748.065621065] [route_recorder]: saved point 80: x=35.120, y=5.703, yaw=0.079
[INFO] [1783261748.354560718] [route_recorder]: saved point 81: x=35.540, y=5.731, yaw=0.091
[INFO] [1783261748.775840522] [route_recorder]: saved point 82: x=35.950, y=5.787, yaw=0.097
[INFO] [1783261749.040480727] [route_recorder]: saved point 83: x=36.377, y=5.818, yaw=0.105
[INFO] [1783261749.320802632] [route_recorder]: saved point 84: x=36.821, y=5.846, yaw=0.082
[INFO] [1783261749.598574853] [route_recorder]: saved point 85: x=37.280, y=5.881, yaw=0.083
[INFO] [1783261749.857351640] [route_recorder]: saved point 86: x=37.745, y=5.918, yaw=0.095
[INFO] [1783261750.117702635] [route_recorder]: saved point 87: x=38.144, y=5.950, yaw=0.109
[INFO] [1783261750.384565957] [route_recorder]: saved point 88: x=38.595, y=6.000, yaw=0.112
[INFO] [1783261750.682987981] [route_recorder]: saved point 89: x=39.015, y=6.060, yaw=0.106
[INFO] [1783261750.937270146] [route_recorder]: saved point 90: x=39.423, y=6.111, yaw=0.094
[INFO] [1783261751.224838792] [route_recorder]: saved point 91: x=39.876, y=6.173, yaw=0.141
[INFO] [1783261751.520487926] [route_recorder]: saved point 92: x=40.283, y=6.175, yaw=0.142
[INFO] [1783261751.822015934] [route_recorder]: saved point 93: x=40.731, y=6.218, yaw=0.136
[INFO] [1783261752.131364071] [route_recorder]: saved point 94: x=41.149, y=6.289, yaw=0.122
[INFO] [1783261752.566973735] [route_recorder]: saved point 95: x=41.558, y=6.343, yaw=0.119
[INFO] [1783261752.747504131] [route_recorder]: saved point 96: x=41.965, y=6.404, yaw=0.134
[INFO] [1783261753.020889827] [route_recorder]: saved point 97: x=42.421, y=6.460, yaw=0.129
[INFO] [1783261756.651582175] [route_recorder]: saved point 98: x=42.845, y=6.533, yaw=0.156
[INFO] [1783261757.246915910] [route_recorder]: saved point 99: x=43.296, y=6.472, yaw=-0.109
[INFO] [1783261757.628834794] [route_recorder]: saved point 100: x=43.704, y=6.402, yaw=-0.122
[INFO] [1783261758.124346909] [route_recorder]: saved point 101: x=44.116, y=6.255, yaw=-0.305
[INFO] [1783261758.620458844] [route_recorder]: saved point 102: x=44.564, y=6.070, yaw=-0.322
[INFO] [1783261759.022406493] [route_recorder]: saved point 103: x=45.057, y=5.936, yaw=-0.267
[INFO] [1783261759.436884769] [route_recorder]: saved point 104: x=45.468, y=5.831, yaw=-0.233
[INFO] [1783261759.820809164] [route_recorder]: saved point 105: x=45.940, y=5.674, yaw=-0.249
[INFO] [1783261760.217800773] [route_recorder]: saved point 106: x=46.438, y=5.561, yaw=-0.244
[INFO] [1783261760.618120003] [route_recorder]: saved point 107: x=46.954, y=5.419, yaw=-0.246
[INFO] [1783261761.027158965] [route_recorder]: saved point 108: x=47.447, y=5.271, yaw=-0.237
[INFO] [1783261761.473854033] [route_recorder]: saved point 109: x=47.833, y=5.148, yaw=-0.256
[INFO] [1783261761.675934248] [route_recorder]: saved point 110: x=48.259, y=5.065, yaw=-0.312
[INFO] [1783261762.133388898] [route_recorder]: saved point 111: x=48.637, y=4.780, yaw=-0.407
[INFO] [1783261762.516001360] [route_recorder]: saved point 112: x=49.081, y=4.618, yaw=-0.393
[INFO] [1783261762.920100570] [route_recorder]: saved point 113: x=49.548, y=4.420, yaw=-0.394
[INFO] [1783261763.341001599] [route_recorder]: saved point 114: x=49.982, y=4.209, yaw=-0.487
[INFO] [1783261763.837923784] [route_recorder]: saved point 115: x=50.309, y=3.854, yaw=-0.658
[INFO] [1783261764.235527754] [route_recorder]: saved point 116: x=50.684, y=3.577, yaw=-0.649
[INFO] [1783261764.728874761] [route_recorder]: saved point 117: x=51.011, y=3.321, yaw=-0.584
[INFO] [1783261765.182043079] [route_recorder]: saved point 118: x=51.360, y=3.056, yaw=-0.550
[INFO] [1783261765.446933551] [route_recorder]: saved point 119: x=51.683, y=2.779, yaw=-0.552
[INFO] [1783261765.836357286] [route_recorder]: saved point 120: x=52.122, y=2.542, yaw=-0.481
[INFO] [1783261766.233655392] [route_recorder]: saved point 121: x=52.516, y=2.348, yaw=-0.467
[INFO] [1783261766.636120356] [route_recorder]: saved point 122: x=52.947, y=2.072, yaw=-0.458
[INFO] [1783261767.034176173] [route_recorder]: saved point 123: x=53.347, y=1.862, yaw=-0.426
[INFO] [1783261767.456166085] [route_recorder]: saved point 124: x=53.825, y=1.666, yaw=-0.422
[INFO] [1783261767.928384586] [route_recorder]: saved point 125: x=54.220, y=1.359, yaw=-0.434
[INFO] [1783261768.126368009] [route_recorder]: saved point 126: x=54.603, y=1.201, yaw=-0.452
[INFO] [1783261768.425692822] [route_recorder]: saved point 127: x=54.971, y=1.030, yaw=-0.447
[INFO] [1783261768.775651099] [route_recorder]: saved point 128: x=55.338, y=0.823, yaw=-0.429
[INFO] [1783261769.171520309] [route_recorder]: saved point 129: x=55.758, y=0.577, yaw=-0.540
[INFO] [1783261769.626521716] [route_recorder]: saved point 130: x=56.131, y=0.225, yaw=-0.598
[INFO] [1783261770.029825799] [route_recorder]: saved point 131: x=56.538, y=-0.064, yaw=-0.603
[INFO] [1783261770.519962012] [route_recorder]: saved point 132: x=56.856, y=-0.380, yaw=-0.737
[INFO] [1783261770.917953792] [route_recorder]: saved point 133: x=57.175, y=-0.708, yaw=-0.756
[INFO] [1783261771.332447224] [route_recorder]: saved point 134: x=57.461, y=-1.041, yaw=-0.788
[INFO] [1783261771.823531680] [route_recorder]: saved point 135: x=57.761, y=-1.384, yaw=-0.787
[INFO] [1783261772.175173796] [route_recorder]: saved point 136: x=57.923, y=-1.766, yaw=-0.851
[INFO] [1783261772.524564090] [route_recorder]: saved point 137: x=58.290, y=-2.090, yaw=-0.845
[INFO] [1783261772.944918442] [route_recorder]: saved point 138: x=58.522, y=-2.489, yaw=-0.980
[INFO] [1783261773.446165634] [route_recorder]: saved point 139: x=58.783, y=-2.912, yaw=-0.970
[INFO] [1783261773.893411901] [route_recorder]: saved point 140: x=59.036, y=-3.359, yaw=-0.958
[INFO] [1783261774.288032600] [route_recorder]: saved point 141: x=59.220, y=-3.789, yaw=-0.969
[INFO] [1783261774.561622157] [route_recorder]: saved point 142: x=59.466, y=-4.144, yaw=-0.869
[INFO] [1783261775.090946375] [route_recorder]: saved point 143: x=59.813, y=-4.521, yaw=-0.802
[INFO] [1783261775.510101372] [route_recorder]: saved point 144: x=60.106, y=-4.874, yaw=-0.799
[INFO] [1783261776.035333152] [route_recorder]: saved point 145: x=60.533, y=-5.138, yaw=-0.597
[INFO] [1783261776.341459893] [route_recorder]: saved point 146: x=60.881, y=-5.488, yaw=-0.595
[INFO] [1783261776.746085276] [route_recorder]: saved point 147: x=61.285, y=-5.643, yaw=-0.381
[INFO] [1783261777.272255762] [route_recorder]: saved point 148: x=61.757, y=-5.700, yaw=-0.129
[INFO] [1783261777.627592063] [route_recorder]: saved point 149: x=62.207, y=-5.790, yaw=-0.132
[INFO] [1783261777.923063126] [route_recorder]: saved point 150: x=62.606, y=-5.868, yaw=-0.136
[INFO] [1783261778.224488297] [route_recorder]: saved point 151: x=63.005, y=-5.901, yaw=-0.113
[INFO] [1783261778.623581244] [route_recorder]: saved point 152: x=63.521, y=-5.985, yaw=-0.117
[INFO] [1783261779.040939880] [route_recorder]: saved point 153: x=63.960, y=-5.939, yaw=0.154
[INFO] [1783261779.549795638] [route_recorder]: saved point 154: x=64.406, y=-5.807, yaw=0.313
[INFO] [1783261779.937403419] [route_recorder]: saved point 155: x=64.773, y=-5.592, yaw=0.536
[INFO] [1783261780.428374134] [route_recorder]: saved point 156: x=64.997, y=-5.192, yaw=0.934
[INFO] [1783261780.838598061] [route_recorder]: saved point 157: x=65.269, y=-4.832, yaw=0.951
[INFO] [1783261781.259802151] [route_recorder]: saved point 158: x=65.478, y=-4.433, yaw=1.163
[INFO] [1783261781.728728889] [route_recorder]: saved point 159: x=65.434, y=-3.957, yaw=1.473
[INFO] [1783261782.129452843] [route_recorder]: saved point 160: x=65.443, y=-3.507, yaw=1.567
[INFO] [1783261782.734127183] [route_recorder]: saved point 161: x=65.249, y=-3.142, yaw=2.110
[INFO] [1783261783.026677607] [route_recorder]: saved point 162: x=64.937, y=-2.882, yaw=2.195
[INFO] [1783261783.430168657] [route_recorder]: saved point 163: x=64.700, y=-2.534, yaw=2.426
[INFO] [1783261783.938111047] [route_recorder]: saved point 164: x=64.310, y=-2.343, yaw=2.577
[INFO] [1783261784.360943135] [route_recorder]: saved point 165: x=63.906, y=-2.051, yaw=2.562
[INFO] [1783261784.660601096] [route_recorder]: saved point 166: x=63.543, y=-1.840, yaw=2.600
[INFO] [1783261784.950258307] [route_recorder]: saved point 167: x=63.192, y=-1.630, yaw=2.585
[INFO] [1783261785.242265518] [route_recorder]: saved point 168: x=62.841, y=-1.425, yaw=2.573
[INFO] [1783261785.532247087] [route_recorder]: saved point 169: x=62.472, y=-1.200, yaw=2.580
[INFO] [1783261786.063500515] [route_recorder]: saved point 170: x=62.081, y=-1.077, yaw=2.782
[INFO] [1783261786.390171513] [route_recorder]: saved point 171: x=61.707, y=-0.879, yaw=2.804
[INFO] [1783261786.653812985] [route_recorder]: saved point 172: x=61.341, y=-0.675, yaw=2.812
[INFO] [1783261787.159474844] [route_recorder]: saved point 173: x=60.875, y=-0.519, yaw=2.623
[INFO] [1783261787.523669847] [route_recorder]: saved point 174: x=60.468, y=-0.270, yaw=2.611
[INFO] [1783261787.824271538] [route_recorder]: saved point 175: x=60.107, y=-0.060, yaw=2.591
[INFO] [1783261788.227543571] [route_recorder]: saved point 176: x=59.655, y=0.209, yaw=2.599
[INFO] [1783261788.522296788] [route_recorder]: saved point 177: x=59.287, y=0.431, yaw=2.592
[INFO] [1783261788.820993031] [route_recorder]: saved point 178: x=58.910, y=0.635, yaw=2.585
[INFO] [1783261789.226887997] [route_recorder]: saved point 179: x=58.455, y=0.773, yaw=2.750
[INFO] [1783261789.669847279] [route_recorder]: saved point 180: x=58.055, y=0.963, yaw=2.772
[INFO] [1783261790.069506404] [route_recorder]: saved point 181: x=57.612, y=1.218, yaw=2.704
[INFO] [1783261790.419863263] [route_recorder]: saved point 182: x=57.230, y=1.429, yaw=2.645
[INFO] [1783261790.821332728] [route_recorder]: saved point 183: x=56.795, y=1.630, yaw=2.654
[INFO] [1783261791.222666159] [route_recorder]: saved point 184: x=56.339, y=1.884, yaw=2.671
[INFO] [1783261791.523167108] [route_recorder]: saved point 185: x=55.963, y=2.092, yaw=2.669
[INFO] [1783261791.833475813] [route_recorder]: saved point 186: x=55.562, y=2.271, yaw=2.642
[INFO] [1783261792.152639995] [route_recorder]: saved point 187: x=55.173, y=2.456, yaw=2.647
[INFO] [1783261792.420265259] [route_recorder]: saved point 188: x=54.786, y=2.652, yaw=2.640
[INFO] [1783261792.735203626] [route_recorder]: saved point 189: x=54.363, y=2.852, yaw=2.670
[INFO] [1783261793.181568479] [route_recorder]: saved point 190: x=54.006, y=3.059, yaw=2.683
[INFO] [1783261793.436406918] [route_recorder]: saved point 191: x=53.675, y=3.284, yaw=2.598
[INFO] [1783261793.736733079] [route_recorder]: saved point 192: x=53.283, y=3.430, yaw=2.629
[INFO] [1783261794.043107524] [route_recorder]: saved point 193: x=52.938, y=3.675, yaw=2.623
[INFO] [1783261794.336093821] [route_recorder]: saved point 194: x=52.577, y=3.909, yaw=2.629
[INFO] [1783261794.635754272] [route_recorder]: saved point 195: x=52.191, y=4.103, yaw=2.654
[INFO] [1783261794.970134158] [route_recorder]: saved point 196: x=51.811, y=4.278, yaw=2.658
[INFO] [1783261795.267757958] [route_recorder]: saved point 197: x=51.370, y=4.462, yaw=2.634
[INFO] [1783261795.752645363] [route_recorder]: saved point 198: x=50.905, y=4.651, yaw=2.734
[INFO] [1783261796.027543638] [route_recorder]: saved point 199: x=50.550, y=4.885, yaw=2.818
[INFO] [1783261796.426340627] [route_recorder]: saved point 200: x=50.042, y=4.986, yaw=2.818
[INFO] [1783261797.442818316] [route_recorder]: saved point 201: x=49.648, y=5.117, yaw=2.834
[INFO] [1783261798.122606152] [route_recorder]: saved point 202: x=49.202, y=5.248, yaw=2.841
[INFO] [1783261798.628134235] [route_recorder]: saved point 203: x=48.787, y=5.386, yaw=2.839
[INFO] [1783261802.892519125] [route_recorder]: saved point 204: x=48.362, y=5.455, yaw=2.904
[INFO] [1783261803.349985669] [route_recorder]: saved point 205: x=47.942, y=5.551, yaw=2.894
[INFO] [1783261803.709281390] [route_recorder]: saved point 206: x=47.541, y=5.675, yaw=2.887
[INFO] [1783261804.052529708] [route_recorder]: saved point 207: x=47.114, y=5.784, yaw=2.892
[INFO] [1783261804.395637575] [route_recorder]: saved point 208: x=46.655, y=5.876, yaw=2.881
[INFO] [1783261804.821345607] [route_recorder]: saved point 209: x=46.189, y=5.971, yaw=2.883
[INFO] [1783261805.225710127] [route_recorder]: saved point 210: x=45.800, y=6.086, yaw=2.963
[INFO] [1783261805.723073234] [route_recorder]: saved point 211: x=45.322, y=6.160, yaw=2.956
[INFO] [1783261806.133656377] [route_recorder]: saved point 212: x=44.876, y=6.259, yaw=2.961
[INFO] [1783261806.524843664] [route_recorder]: saved point 213: x=44.422, y=6.364, yaw=2.947
[INFO] [1783261806.943415036] [route_recorder]: saved point 214: x=43.933, y=6.455, yaw=2.964
[INFO] [1783261807.329855728] [route_recorder]: saved point 215: x=43.482, y=6.515, yaw=3.064
[INFO] [1783261807.826200572] [route_recorder]: saved point 216: x=42.994, y=6.576, yaw=3.076
[INFO] [1783261808.322796396] [route_recorder]: saved point 217: x=42.500, y=6.566, yaw=-3.119
[INFO] [1783261808.723443077] [route_recorder]: saved point 218: x=42.025, y=6.596, yaw=-3.123
[INFO] [1783261809.119965288] [route_recorder]: saved point 219: x=41.560, y=6.591, yaw=-3.122
[INFO] [1783261809.536955536] [route_recorder]: saved point 220: x=41.098, y=6.580, yaw=-3.116
[INFO] [1783261809.965647273] [route_recorder]: saved point 221: x=40.612, y=6.606, yaw=-3.109
[INFO] [1783261810.384649625] [route_recorder]: saved point 222: x=40.109, y=6.560, yaw=-3.102
[INFO] [1783261810.640115043] [route_recorder]: saved point 223: x=39.716, y=6.645, yaw=-3.132
[INFO] [1783261811.060400590] [route_recorder]: saved point 224: x=39.281, y=6.663, yaw=-3.124
[INFO] [1783261811.502815872] [route_recorder]: saved point 225: x=38.795, y=6.585, yaw=-3.088
[INFO] [1783261811.836644278] [route_recorder]: saved point 226: x=38.285, y=6.536, yaw=-3.061
[INFO] [1783261812.104148343] [route_recorder]: saved point 227: x=37.894, y=6.445, yaw=-3.014
[INFO] [1783261812.441763931] [route_recorder]: saved point 228: x=37.433, y=6.456, yaw=-3.002
[INFO] [1783261812.827181431] [route_recorder]: saved point 229: x=36.935, y=6.477, yaw=-3.000
[INFO] [1783261813.122416306] [route_recorder]: saved point 230: x=36.525, y=6.428, yaw=-2.997
[INFO] [1783261813.432416605] [route_recorder]: saved point 231: x=36.103, y=6.364, yaw=-3.019
[INFO] [1783261813.732109780] [route_recorder]: saved point 232: x=35.676, y=6.275, yaw=-3.020
[INFO] [1783261814.040349146] [route_recorder]: saved point 233: x=35.244, y=6.255, yaw=-3.005
[INFO] [1783261814.324911417] [route_recorder]: saved point 234: x=34.827, y=6.240, yaw=-2.986
[INFO] [1783261814.625642596] [route_recorder]: saved point 235: x=34.396, y=6.217, yaw=-2.977
[INFO] [1783261814.922176057] [route_recorder]: saved point 236: x=33.961, y=6.147, yaw=-2.985
[INFO] [1783261815.221154336] [route_recorder]: saved point 237: x=33.538, y=6.070, yaw=-2.992
[INFO] [1783261815.524973483] [route_recorder]: saved point 238: x=33.099, y=6.052, yaw=-2.984
[INFO] [1783261815.819851293] [route_recorder]: saved point 239: x=32.671, y=6.019, yaw=-2.974
[INFO] [1783261816.221421762] [route_recorder]: saved point 240: x=32.196, y=5.951, yaw=-3.040
[INFO] [1783261816.621784813] [route_recorder]: saved point 241: x=31.730, y=5.895, yaw=-3.016
[INFO] [1783261816.924600514] [route_recorder]: saved point 242: x=31.285, y=5.829, yaw=-3.025
[INFO] [1783261817.223014012] [route_recorder]: saved point 243: x=30.864, y=5.842, yaw=-3.044
[INFO] [1783261817.643466660] [route_recorder]: saved point 244: x=30.328, y=5.819, yaw=-3.035
[INFO] [1783261817.932761795] [route_recorder]: saved point 245: x=29.924, y=5.812, yaw=-3.049
[INFO] [1783261818.244041829] [route_recorder]: saved point 246: x=29.485, y=5.774, yaw=-3.041
[INFO] [1783261818.518493585] [route_recorder]: saved point 247: x=29.036, y=5.756, yaw=-3.034
[INFO] [1783261818.869113788] [route_recorder]: saved point 248: x=28.626, y=5.776, yaw=-3.033
[INFO] [1783261819.272405249] [route_recorder]: saved point 249: x=28.183, y=5.717, yaw=-3.048
[INFO] [1783261819.534219753] [route_recorder]: saved point 250: x=27.761, y=5.632, yaw=-3.048
[INFO] [1783261819.879537126] [route_recorder]: saved point 251: x=27.236, y=5.616, yaw=-3.054
[INFO] [1783261820.156781931] [route_recorder]: saved point 252: x=26.774, y=5.588, yaw=-3.049
[INFO] [1783261820.446364846] [route_recorder]: saved point 253: x=26.300, y=5.589, yaw=-3.023
[INFO] [1783261820.726640112] [route_recorder]: saved point 254: x=25.870, y=5.558, yaw=-3.019
[INFO] [1783261821.046531106] [route_recorder]: saved point 255: x=25.468, y=5.481, yaw=-3.001
[INFO] [1783261821.348356607] [route_recorder]: saved point 256: x=25.036, y=5.407, yaw=-3.019
[INFO] [1783261821.620037905] [route_recorder]: saved point 257: x=24.613, y=5.359, yaw=-3.007
[INFO] [1783261821.956894847] [route_recorder]: saved point 258: x=24.209, y=5.268, yaw=-2.975
[INFO] [1783261822.403249623] [route_recorder]: saved point 259: x=23.685, y=5.269, yaw=-3.000
[INFO] [1783261822.632885607] [route_recorder]: saved point 260: x=23.278, y=5.278, yaw=-2.979
[INFO] [1783261822.923387963] [route_recorder]: saved point 261: x=22.825, y=5.187, yaw=-2.971
[INFO] [1783261823.221682511] [route_recorder]: saved point 262: x=22.409, y=5.114, yaw=-2.994
[INFO] [1783261823.624159680] [route_recorder]: saved point 263: x=21.930, y=5.029, yaw=-2.990
[INFO] [1783261823.920248646] [route_recorder]: saved point 264: x=21.520, y=4.984, yaw=-2.992
[INFO] [1783261824.219498573] [route_recorder]: saved point 265: x=21.068, y=4.942, yaw=-2.981
[INFO] [1783261824.619873778] [route_recorder]: saved point 266: x=20.573, y=4.881, yaw=-2.977
[INFO] [1783261825.224005843] [route_recorder]: saved point 267: x=20.109, y=4.796, yaw=-2.983
[INFO] [1783261825.659199682] [route_recorder]: saved point 268: x=19.711, y=4.750, yaw=-2.975
[INFO] [1783261826.094067883] [route_recorder]: saved point 269: x=19.268, y=4.709, yaw=-2.980
[INFO] [1783261826.428264607] [route_recorder]: saved point 270: x=18.789, y=4.663, yaw=-2.983
[INFO] [1783261826.860069096] [route_recorder]: saved point 271: x=18.295, y=4.527, yaw=-2.980
[INFO] [1783261827.219051128] [route_recorder]: saved point 272: x=17.789, y=4.504, yaw=-2.972
[INFO] [1783261827.524320632] [route_recorder]: saved point 273: x=17.387, y=4.482, yaw=-2.970
[INFO] [1783261827.871684890] [route_recorder]: saved point 274: x=16.983, y=4.445, yaw=-2.990
[INFO] [1783261828.269691179] [route_recorder]: saved point 275: x=16.583, y=4.395, yaw=-3.001
[INFO] [1783261828.564517332] [route_recorder]: saved point 276: x=16.063, y=4.345, yaw=-2.999
[INFO] [1783261828.930836986] [route_recorder]: saved point 277: x=15.560, y=4.279, yaw=-2.999
[INFO] [1783261829.319610285] [route_recorder]: saved point 278: x=15.043, y=4.216, yaw=-3.001
[INFO] [1783261829.756024562] [route_recorder]: saved point 279: x=14.601, y=4.116, yaw=-2.881
[INFO] [1783261830.197740643] [route_recorder]: saved point 280: x=14.168, y=4.058, yaw=-2.863
[INFO] [1783261830.589262925] [route_recorder]: saved point 281: x=13.719, y=3.895, yaw=-2.846
[INFO] [1783261831.047142986] [route_recorder]: saved point 282: x=13.220, y=3.757, yaw=-2.849
[INFO] [1783261831.224636680] [route_recorder]: saved point 283: x=12.822, y=3.693, yaw=-2.845
[INFO] [1783261831.629182461] [route_recorder]: saved point 284: x=12.314, y=3.598, yaw=-2.846
[INFO] [1783261831.950561285] [route_recorder]: saved point 285: x=11.924, y=3.493, yaw=-2.855
[INFO] [1783261832.238074742] [route_recorder]: saved point 286: x=11.524, y=3.371, yaw=-2.879
[INFO] [1783261832.614662764] [route_recorder]: saved point 287: x=11.104, y=3.327, yaw=-3.097
[INFO] [1783261833.021374956] [route_recorder]: saved point 288: x=10.693, y=3.327, yaw=-3.081
[INFO] [1783261833.417938555] [route_recorder]: saved point 289: x=10.187, y=3.298, yaw=-3.099
[INFO] [1783261833.813813500] [route_recorder]: saved point 290: x=9.657, y=3.294, yaw=-3.099
[INFO] [1783261834.241056001] [route_recorder]: saved point 291: x=9.129, y=3.294, yaw=-3.089
[INFO] [1783261834.627222298] [route_recorder]: saved point 292: x=8.614, y=3.281, yaw=-3.099
[INFO] [1783261835.035775614] [route_recorder]: saved point 293: x=8.172, y=3.155, yaw=-2.882
[INFO] [1783261835.425218362] [route_recorder]: saved point 294: x=7.750, y=3.052, yaw=-2.864
[INFO] [1783261835.823375816] [route_recorder]: saved point 295: x=7.298, y=2.956, yaw=-2.827
[INFO] [1783261836.315840646] [route_recorder]: saved point 296: x=6.842, y=2.823, yaw=-2.828
[INFO] [1783261836.636167221] [route_recorder]: saved point 297: x=6.358, y=2.700, yaw=-2.811
[INFO] [1783261837.021743936] [route_recorder]: saved point 298: x=5.864, y=2.557, yaw=-2.814
[INFO] [1783261837.359922078] [route_recorder]: saved point 299: x=5.465, y=2.434, yaw=-2.812
[INFO] [1783261837.690931560] [route_recorder]: saved point 300: x=5.074, y=2.322, yaw=-2.