[INFO] [1784628580.522361481] [route_recorder]: route_recorder started
[INFO] [1784628580.527725392] [route_recorder]: odom_topic: /Odometry
[INFO] [1784628580.529176368] [route_recorder]: route_file: /home/unitree/go2_fastlio_ws/src/go2_fastlio_patrol/routes/xbf0721-11.csv
[INFO] [1784628580.529810526] [route_recorder]: raw_file: /home/unitree/go2_fastlio_ws/src/go2_fastlio_patrol/routes/raw/xbf0721-11.raw.csv
[INFO] [1784628580.530434720] [route_recorder]: adaptive sampling: straight=0.20m, turn=0.10m, enter=5.0deg/2 samples, exit=2.0deg over 0.25m
[INFO] [1784628580.531067628] [route_recorder]: final route cleanup: xy_tolerance=0.030m, spike_lateral=0.060m, turn_zone=0.30m, straighten=True, stable_yaw=4.0deg, min_straight=1.00m, max_lateral_fix=0.35m
[INFO] [1784628580.540102066] [route_recorder]: quality gate: warmup=4.0s, stable_samples=5, base_step=0.30m, max_speed=4.00m/s, step_margin=0.10m, hard_speed=6.00m/s, failure_samples=3, hard_source_gap=3.00m (0=disabled), large_gap_streak=1.50m x 5, global_heading_gate=0.0deg
[INFO] [1784628580.542942032] [route_recorder]: final quality validation: min_points=5, min_length=1.00m, max_rejection_ratio=10.0%, soft_interpolation_gap=0.80m, gap_yaw_change=15.0deg, track_continuity=25.0deg, body_yaw_mismatch=diagnostic_only
[INFO] [1784628580.543628823] [route_recorder]: close sanitizer: enabled=False (disabled by default), turn=90.0deg, lateral=0.20m, rejoin_heading=30.0deg
[INFO] [1784628583.414618225] [route_recorder]: quality gate ready; recording route points from the current pose
[INFO] [1784628583.415580319] [route_recorder]: saved point 0: x=-0.021, y=-0.005, yaw=0.001, mode=straight
[INFO] [1784628617.086646404] [route_recorder]: saved point 1: x=0.250, y=0.015, yaw=-0.011, mode=straight
[INFO] [1784628617.670647101] [route_recorder]: saved point 2: x=0.468, y=0.023, yaw=0.018, mode=straight
[INFO] [1784628618.161227396] [route_recorder]: saved point 3: x=0.751, y=0.004, yaw=0.004, mode=straight
[INFO] [1784628618.695738086] [route_recorder]: saved point 4: x=1.102, y=0.013, yaw=0.005, mode=straight
[INFO] [1784628618.977583452] [route_recorder]: saved point 5: x=1.371, y=0.009, yaw=-0.015, mode=straight
[INFO] [1784628619.432328078] [route_recorder]: saved point 6: x=1.644, y=0.005, yaw=-0.018, mode=straight
[INFO] [1784628619.800021691] [route_recorder]: saved point 7: x=1.970, y=0.036, yaw=-0.029, mode=straight
[INFO] [1784628620.123007149] [route_recorder]: saved point 8: x=2.207, y=-0.023, yaw=-0.017, mode=straight
[INFO] [1784628620.394500690] [route_recorder]: saved point 9: x=2.417, y=-0.008, yaw=-0.021, mode=straight
[INFO] [1784628620.617263658] [route_recorder]: saved point 10: x=2.737, y=0.010, yaw=-0.021, mode=straight
[INFO] [1784628620.959265154] [route_recorder]: saved point 11: x=3.086, y=-0.005, yaw=-0.045, mode=straight
[INFO] [1784628621.286518857] [route_recorder]: saved point 12: x=3.355, y=-0.074, yaw=-0.049, mode=straight
[INFO] [1784628621.534951815] [route_recorder]: saved point 13: x=3.614, y=-0.063, yaw=-0.041, mode=straight
[INFO] [1784628622.249360247] [route_recorder]: saved point 14: x=3.899, y=-0.070, yaw=-0.053, mode=straight
[INFO] [1784628622.580175566] [route_recorder]: saved point 15: x=4.157, y=-0.061, yaw=-0.040, mode=straight
[INFO] [1784628622.916685395] [route_recorder]: saved point 16: x=4.395, y=-0.072, yaw=-0.039, mode=straight
[INFO] [1784628623.017837104] [route_recorder]: saved point 17: x=4.614, y=-0.119, yaw=-0.022, mode=straight
[INFO] [1784628623.333584724] [route_recorder]: saved point 18: x=4.816, y=-0.127, yaw=-0.040, mode=straight
[INFO] [1784628623.735203871] [route_recorder]: saved point 19: x=5.101, y=-0.123, yaw=-0.026, mode=straight
[INFO] [1784628624.043043696] [route_recorder]: saved point 20: x=5.305, y=-0.117, yaw=-0.009, mode=straight
[INFO] [1784628624.140605756] [route_recorder]: saved point 21: x=5.637, y=-0.107, yaw=-0.037, mode=straight
[INFO] [1784628624.290491671] [route_recorder]: saved point 22: x=5.864, y=-0.100, yaw=-0.027, mode=straight
[INFO] [1784628624.494926869] [route_recorder]: saved point 23: x=6.162, y=-0.128, yaw=-0.018, mode=straight
[INFO] [1784628624.802776504] [route_recorder]: saved point 24: x=6.485, y=-0.141, yaw=-0.021, mode=straight
[INFO] [1784628625.102302801] [route_recorder]: saved point 25: x=6.697, y=-0.147, yaw=-0.022, mode=straight
[INFO] [1784628625.429686653] [route_recorder]: saved point 26: x=6.909, y=-0.158, yaw=0.001, mode=straight
[INFO] [1784628625.663807003] [route_recorder]: saved point 27: x=7.110, y=-0.147, yaw=-0.020, mode=straight
[INFO] [1784628625.994087363] [route_recorder]: saved point 28: x=7.348, y=-0.133, yaw=0.001, mode=straight
[INFO] [1784628626.465826935] [route_recorder]: saved point 29: x=7.559, y=-0.117, yaw=-0.017, mode=straight
[INFO] [1784628626.903318723] [route_recorder]: saved point 30: x=7.787, y=-0.128, yaw=0.003, mode=straight
[INFO] [1784628627.248775802] [route_recorder]: saved point 31: x=8.040, y=-0.113, yaw=-0.002, mode=straight
[INFO] [1784628627.639799818] [route_recorder]: saved point 32: x=8.267, y=-0.095, yaw=0.001, mode=straight
[INFO] [1784628627.802586416] [route_recorder]: saved point 33: x=8.508, y=-0.097, yaw=0.028, mode=straight
[INFO] [1784628628.338061878] [route_recorder]: saved point 34: x=8.764, y=-0.124, yaw=-0.001, mode=straight
[INFO] [1784628628.594197528] [route_recorder]: saved point 35: x=9.071, y=-0.066, yaw=0.009, mode=straight
[INFO] [1784628628.842479214] [route_recorder]: saved point 36: x=9.297, y=-0.046, yaw=0.028, mode=straight
[INFO] [1784628629.157556616] [route_recorder]: saved point 37: x=9.520, y=-0.047, yaw=0.008, mode=straight
[INFO] [1784628629.577725667] [route_recorder]: saved point 38: x=9.766, y=-0.036, yaw=0.012, mode=straight
[INFO] [1784628630.028592631] [route_recorder]: saved point 39: x=9.977, y=-0.062, yaw=-0.012, mode=straight
[INFO] [1784628630.246583236] [route_recorder]: saved point 40: x=10.197, y=-0.098, yaw=-0.002, mode=straight
[INFO] [1784628630.457005917] [route_recorder]: saved point 41: x=10.469, y=-0.106, yaw=0.010, mode=straight
[INFO] [1784628630.678454599] [route_recorder]: saved point 42: x=10.812, y=-0.042, yaw=-0.010, mode=straight
[INFO] [1784628631.206951047] [route_recorder]: saved point 43: x=11.112, y=-0.074, yaw=-0.013, mode=straight
[INFO] [1784628631.695861338] [route_recorder]: saved point 44: x=11.363, y=-0.038, yaw=-0.021, mode=straight
[INFO] [1784628631.969348034] [route_recorder]: saved point 45: x=11.663, y=-0.009, yaw=-0.002, mode=straight
[INFO] [1784628632.185388739] [route_recorder]: saved point 46: x=11.869, y=-0.113, yaw=-0.013, mode=straight
[INFO] [1784628632.420983610] [route_recorder]: saved point 47: x=12.098, y=-0.130, yaw=0.001, mode=straight
[INFO] [1784628632.896544050] [route_recorder]: saved point 48: x=12.378, y=-0.108, yaw=-0.032, mode=straight
[INFO] [1784628633.236011708] [route_recorder]: saved point 49: x=12.696, y=-0.107, yaw=-0.032, mode=straight
[INFO] [1784628633.585490364] [route_recorder]: saved point 50: x=12.914, y=-0.106, yaw=-0.000, mode=straight
[INFO] [1784628634.090229014] [route_recorder]: saved point 51: x=13.222, y=-0.122, yaw=-0.010, mode=straight
[INFO] [1784628634.403622108] [route_recorder]: saved point 52: x=13.464, y=-0.140, yaw=-0.023, mode=straight
[INFO] [1784628634.882433633] [route_recorder]: saved point 53: x=13.704, y=-0.153, yaw=-0.005, mode=straight
[INFO] [1784628635.238798026] [route_recorder]: saved point 54: x=14.023, y=-0.141, yaw=0.007, mode=straight
[INFO] [1784628635.573589789] [route_recorder]: saved point 55: x=14.386, y=-0.151, yaw=-0.000, mode=straight
[INFO] [1784628635.800399681] [route_recorder]: saved point 56: x=14.623, y=-0.149, yaw=0.002, mode=straight
[INFO] [1784628636.138980750] [route_recorder]: saved point 57: x=14.937, y=-0.138, yaw=0.008, mode=straight
[INFO] [1784628636.252811294] [route_recorder]: saved point 58: x=15.204, y=-0.149, yaw=0.015, mode=straight
[INFO] [1784628636.642544936] [route_recorder]: saved point 59: x=15.470, y=-0.159, yaw=-0.004, mode=straight
[INFO] [1784628636.951210190] [route_recorder]: saved point 60: x=15.791, y=-0.137, yaw=0.003, mode=straight
[INFO] [1784628637.641841193] [route_recorder]: saved point 61: x=16.128, y=-0.128, yaw=0.018, mode=straight
[INFO] [1784628637.946260618] [route_recorder]: saved point 62: x=16.376, y=-0.129, yaw=0.015, mode=straight
[INFO] [1784628638.441615941] [route_recorder]: saved point 63: x=16.612, y=-0.119, yaw=0.004, mode=straight
[INFO] [1784628638.887065275] [route_recorder]: saved point 64: x=16.863, y=-0.103, yaw=0.028, mode=straight
[INFO] [1784628639.179660316] [route_recorder]: saved point 65: x=17.104, y=-0.098, yaw=0.007, mode=straight
[INFO] [1784628639.315220744] [route_recorder]: saved point 66: x=17.345, y=-0.116, yaw=0.022, mode=straight
[INFO] [1784628639.580881395] [route_recorder]: saved point 67: x=17.560, y=-0.098, yaw=0.015, mode=straight
[INFO] [1784628639.755656499] [route_recorder]: saved point 68: x=17.768, y=-0.090, yaw=0.024, mode=straight
[INFO] [1784628640.249646361] [route_recorder]: saved point 69: x=18.042, y=-0.069, yaw=0.042, mode=straight
[INFO] [1784628640.967375193] [route_recorder]: saved point 70: x=18.269, y=-0.032, yaw=0.031, mode=straight
[INFO] [1784628641.486052386] [route_recorder]: saved point 71: x=18.517, y=-0.006, yaw=0.031, mode=straight
[INFO] [1784628641.847040048] [route_recorder]: saved point 72: x=18.864, y=0.024, yaw=-0.031, mode=straight
[INFO] [1784628642.240100277] [route_recorder]: saved point 73: x=19.131, y=-0.028, yaw=-0.006, mode=straight
[INFO] [1784628642.722917321] [route_recorder]: saved point 74: x=19.372, y=0.007, yaw=-0.019, mode=straight
[INFO] [1784628643.636029544] [route_recorder]: saved point 75: x=19.715, y=0.036, yaw=-0.015, mode=straight
[INFO] [1784628644.647742408] [route_recorder]: saved point 76: x=20.042, y=0.059, yaw=-0.006, mode=straight
[INFO] [1784628646.039019155] [route_recorder]: saved point 77: x=20.309, y=0.017, yaw=0.010, mode=straight
[INFO] [1784628646.395109106] [route_recorder]: saved point 78: x=20.672, y=0.026, yaw=0.005, mode=straight
[INFO] [1784628646.822493271] [route_recorder]: saved point 79: x=20.938, y=0.022, yaw=0.012, mode=straight
[INFO] [1784628647.562857916] [route_recorder]: saved point 80: x=21.211, y=0.040, yaw=0.021, mode=straight
[INFO] [1784628648.723988274] [route_recorder]: saved point 81: x=21.533, y=0.025, yaw=0.021, mode=straight
[INFO] [1784628649.615468097] [route_recorder]: saved point 82: x=21.831, y=0.056, yaw=0.014, mode=straight
[INFO] [1784628650.438959065] [route_recorder]: saved point 83: x=22.419, y=0.089, yaw=0.039, mode=straight
[INFO] [1784628650.830206061] [route_recorder]: saved point 84: x=22.767, y=0.089, yaw=0.040, mode=straight
[INFO] [1784628651.228629649] [route_recorder]: saved point 85: x=23.131, y=0.053, yaw=-0.028, mode=straight
[INFO] [1784628651.460669499] [route_recorder]: saved point 86: x=23.471, y=0.117, yaw=-0.012, mode=straight
[INFO] [1784628651.616655619] [route_recorder]: saved point 87: x=24.015, y=0.223, yaw=-0.007, mode=straight
[INFO] [1784628651.816730132] [route_recorder]: saved point 88: x=24.675, y=0.247, yaw=0.009, mode=straight
[INFO] [1784628652.133586238] [route_recorder]: saved point 89: x=24.942, y=0.156, yaw=-0.024, mode=straight
[INFO] [1784628652.440711017] [route_recorder]: saved point 90: x=25.170, y=0.166, yaw=-0.020, mode=straight
[INFO] [1784628652.837750119] [route_recorder]: saved point 91: x=25.579, y=0.044, yaw=-0.001, mode=straight
[INFO] [1784628653.061124295] [route_recorder]: saved point 92: x=25.971, y=0.068, yaw=0.010, mode=straight
[INFO] [1784628653.245572729] [route_recorder]: saved point 93: x=26.296, y=0.074, yaw=-0.002, mode=straight
[INFO] [1784628653.463539989] [route_recorder]: saved point 94: x=26.707, y=0.050, yaw=0.025, mode=straight
[INFO] [1784628653.690027909] [route_recorder]: saved point 95: x=27.033, y=-0.047, yaw=0.021, mode=straight
[INFO] [1784628653.934716651] [route_recorder]: saved point 96: x=27.379, y=0.023, yaw=0.018, mode=straight
[INFO] [1784628654.135845567] [route_recorder]: saved point 97: x=27.942, y=0.085, yaw=0.021, mode=straight
[INFO] [1784628654.347092910] [route_recorder]: saved point 98: x=28.253, y=0.102, yaw=0.041, mode=straight
[INFO] [1784628654.536091910] [route_recorder]: saved point 99: x=28.609, y=0.156, yaw=0.013, mode=straight
[INFO] [1784628654.672877680] [route_recorder]: saved point 100: x=28.895, y=0.212, yaw=-0.020, mode=straight
[INFO] [1784628654.866647667] [route_recorder]: saved point 101: x=29.260, y=0.114, yaw=-0.033, mode=straight
[INFO] [1784628655.039033383] [route_recorder]: saved point 102: x=29.483, y=0.101, yaw=-0.018, mode=straight
[INFO] [1784628655.322924071] [route_recorder]: saved point 103: x=29.727, y=0.081, yaw=-0.018, mode=straight
[INFO] [1784628655.479309034] [route_recorder]: saved point 104: x=30.038, y=0.084, yaw=-0.008, mode=straight
[INFO] [1784628655.558215718] [route_recorder]: saved point 105: x=30.351, y=0.129, yaw=0.002, mode=straight
[INFO] [1784628656.113789911] [route_recorder]: saved point 106: x=30.630, y=0.117, yaw=0.006, mode=straight
[INFO] [1784628656.343495550] [route_recorder]: saved point 107: x=30.942, y=0.072, yaw=0.011, mode=straight
[INFO] [1784628656.645964578] [route_recorder]: saved point 108: x=31.350, y=0.116, yaw=0.007, mode=straight
[INFO] [1784628656.758943828] [route_recorder]: saved point 109: x=31.685, y=0.143, yaw=0.001, mode=straight
[INFO] [1784628656.998088702] [route_recorder]: saved point 110: x=31.926, y=0.076, yaw=0.021, mode=straight
[INFO] [1784628657.277547904] [route_recorder]: saved point 111: x=32.218, y=0.093, yaw=0.024, mode=straight
[INFO] [1784628657.521709371] [route_recorder]: saved point 112: x=32.464, y=0.140, yaw=0.008, mode=straight
[INFO] [1784628657.766846837] [route_recorder]: saved point 113: x=32.712, y=0.132, yaw=0.012, mode=straight
[INFO] [1784628658.510727079] [route_recorder]: saved point 114: x=33.173, y=0.095, yaw=0.019, mode=straight
[INFO] [1784628658.910788565] [route_recorder]: saved point 115: x=33.464, y=0.147, yaw=0.033, mode=straight
[INFO] [1784628659.114455048] [route_recorder]: saved point 116: x=33.715, y=0.155, yaw=-0.005, mode=straight
[INFO] [1784628659.473230848] [route_recorder]: saved point 117: x=33.937, y=0.162, yaw=0.002, mode=straight
[INFO] [1784628659.994476121] [route_recorder]: saved point 118: x=34.212, y=0.168, yaw=0.022, mode=straight
[INFO] [1784628660.622612978] [route_recorder]: saved point 119: x=34.592, y=0.135, yaw=0.019, mode=straight
[INFO] [1784628660.730886750] [route_recorder]: saved point 120: x=34.797, y=0.176, yaw=0.002, mode=straight
[INFO] [1784628660.910417240] [route_recorder]: saved point 121: x=35.058, y=0.197, yaw=0.021, mode=straight
[INFO] [1784628661.240491566] [route_recorder]: saved point 122: x=35.341, y=0.198, yaw=0.010, mode=straight
[INFO] [1784628661.739203053] [route_recorder]: saved point 123: x=35.543, y=0.212, yaw=0.014, mode=straight
[INFO] [1784628662.011566282] [route_recorder]: saved point 124: x=35.748, y=0.208, yaw=0.034, mode=straight
[INFO] [1784628662.286634802] [route_recorder]: saved point 125: x=35.997, y=0.223, yaw=0.014, mode=straight
[INFO] [1784628662.422302926] [route_recorder]: saved point 126: x=36.225, y=0.227, yaw=0.040, mode=straight
[INFO] [1784628662.716828091] [route_recorder]: saved point 127: x=36.544, y=0.254, yaw=0.043, mode=straight
[INFO] [1784628662.993043673] [route_recorder]: saved point 128: x=36.748, y=0.293, yaw=0.028, mode=straight
[INFO] [1784628663.282475975] [route_recorder]: saved point 129: x=36.981, y=0.300, yaw=0.051, mode=straight
[INFO] [1784628663.589487996] [route_recorder]: saved point 130: x=37.223, y=0.309, yaw=0.038, mode=straight
[INFO] [1784628663.909995003] [route_recorder]: saved point 131: x=37.486, y=0.340, yaw=0.046, mode=straight
[INFO] [1784628664.439718713] [route_recorder]: saved point 132: x=37.859, y=0.345, yaw=0.058, mode=straight
[INFO] [1784628664.828723704] [route_recorder]: saved point 133: x=38.152, y=0.356, yaw=0.004, mode=straight
[INFO] [1784628665.118889666] [route_recorder]: saved point 134: x=38.353, y=0.369, yaw=-0.013, mode=straight
[INFO] [1784628665.473998881] [route_recorder]: saved point 135: x=38.599, y=0.384, yaw=0.016, mode=straight
[INFO] [1784628665.981283285] [route_recorder]: saved point 136: x=38.846, y=0.421, yaw=0.000, mode=straight
[INFO] [1784628666.307237737] [route_recorder]: saved point 137: x=39.165, y=0.401, yaw=-0.001, mode=straight
[INFO] [1784628666.578058125] [route_recorder]: saved point 138: x=39.419, y=0.388, yaw=0.022, mode=straight
[INFO] [1784628666.807292639] [route_recorder]: saved point 139: x=39.879, y=0.381, yaw=0.034, mode=straight
[INFO] [1784628666.933633286] [route_recorder]: saved point 140: x=40.134, y=0.399, yaw=0.006, mode=straight
[INFO] [1784628667.417977528] [route_recorder]: saved point 141: x=40.392, y=0.422, yaw=0.014, mode=straight
[INFO] [1784628667.883472667] [route_recorder]: saved point 142: x=40.689, y=0.413, yaw=0.030, mode=straight
[INFO] [1784628668.125202484] [route_recorder]: saved point 143: x=40.847, y=0.540, yaw=0.075, mode=straight
[INFO] [1784628668.400282708] [route_recorder]: saved point 144: x=41.059, y=0.579, yaw=0.041, mode=straight
[INFO] [1784628668.768656630] [route_recorder]: saved point 145: x=41.300, y=0.490, yaw=0.041, mode=straight
[INFO] [1784628669.060090828] [route_recorder]: saved point 146: x=41.597, y=0.457, yaw=0.044, mode=straight
[INFO] [1784628669.381795113] [route_recorder]: saved point 147: x=41.825, y=0.453, yaw=0.033, mode=straight
[INFO] [1784628669.625763354] [route_recorder]: saved point 148: x=42.124, y=0.492, yaw=0.043, mode=straight
[INFO] [1784628669.938635890] [route_recorder]: saved point 149: x=42.477, y=0.531, yaw=0.028, mode=straight
[INFO] [1784628670.392529463] [route_recorder]: saved point 150: x=42.679, y=0.505, yaw=0.042, mode=straight
[INFO] [1784628670.729817548] [route_recorder]: saved point 151: x=42.994, y=0.554, yaw=0.028, mode=straight
[INFO] [1784628671.127630865] [route_recorder]: saved point 152: x=43.231, y=0.514, yaw=0.027, mode=straight
[INFO] [1784628671.408130993] [route_recorder]: saved point 153: x=43.537, y=0.511, yaw=0.043, mode=straight
[INFO] [1784628671.990030774] [route_recorder]: saved point 154: x=43.836, y=0.624, yaw=0.050, mode=straight
[INFO] [1784628672.131292115] [route_recorder]: saved point 155: x=44.042, y=0.636, yaw=0.043, mode=straight
[INFO] [1784628672.397694844] [route_recorder]: saved point 156: x=44.273, y=0.604, yaw=0.053, mode=straight
[INFO] [1784628672.530846944] [route_recorder]: saved point 157: x=44.481, y=0.607, yaw=0.039, mode=straight
[INFO] [1784628672.858280006] [route_recorder]: saved point 158: x=44.734, y=0.571, yaw=0.058, mode=straight
[INFO] [1784628673.328183897] [route_recorder]: saved point 159: x=45.077, y=0.620, yaw=0.069, mode=straight
[INFO] [1784628673.652572802] [route_recorder]: saved point 160: x=45.453, y=0.685, yaw=0.062, mode=straight
[INFO] [1784628673.847826632] [route_recorder]: saved point 161: x=45.664, y=0.685, yaw=0.059, mode=straight
[INFO] [1784628674.137809459] [route_recorder]: saved point 162: x=45.921, y=0.725, yaw=0.076, mode=straight
[INFO] [1784628674.466420549] [route_recorder]: saved point 163: x=46.278, y=0.778, yaw=0.062, mode=straight
[INFO] [1784628674.957128701] [route_recorder]: saved point 164: x=46.522, y=0.783, yaw=0.061, mode=straight
[INFO] [1784628675.292371427] [route_recorder]: saved point 165: x=46.754, y=0.795, yaw=0.075, mode=straight
[INFO] [1784628675.661147578] [route_recorder]: saved point 166: x=46.956, y=0.798, yaw=0.063, mode=straight
[INFO] [1784628676.145015416] [route_recorder]: saved point 167: x=47.170, y=0.824, yaw=0.092, mode=straight
[INFO] [1784628676.463749931] [route_recorder]: saved point 168: x=47.411, y=0.858, yaw=0.069, mode=straight
[INFO] [1784628676.752699375] [route_recorder]: saved point 169: x=47.665, y=0.886, yaw=0.083, mode=straight
[INFO] [1784628677.114851805] [route_recorder]: saved point 170: x=47.958, y=0.904, yaw=0.095, mode=straight
[INFO] [1784628677.344182691] [route_recorder]: saved point 171: x=48.214, y=0.942, yaw=0.086, mode=straight
[INFO] [1784628677.564132972] [route_recorder]: saved point 172: x=48.442, y=0.978, yaw=0.088, mode=straight
[INFO] [1784628677.801321669] [route_recorder]: saved point 173: x=48.792, y=0.957, yaw=-0.018, mode=straight
[INFO] [1784628678.031829377] [route_recorder]: saved point 174: x=49.000, y=0.934, yaw=-0.007, mode=straight
[INFO] [1784628678.296164597] [route_recorder]: saved point 175: x=49.201, y=0.935, yaw=-0.029, mode=straight
[INFO] [1784628678.507553375] [route_recorder]: saved point 176: x=49.434, y=0.946, yaw=-0.001, mode=straight
[INFO] [1784628678.988673732] [route_recorder]: saved point 177: x=49.856, y=0.907, yaw=0.002, mode=straight
[INFO] [1784628679.388131739] [route_recorder]: saved point 178: x=50.237, y=0.895, yaw=0.013, mode=straight
[INFO] [1784628679.671135864] [route_recorder]: saved point 179: x=50.445, y=0.929, yaw=-0.012, mode=straight
[INFO] [1784628679.931286171] [route_recorder]: saved point 180: x=50.693, y=0.938, yaw=0.007, mode=straight
[INFO] [1784628680.300195541] [route_recorder]: saved point 181: x=50.961, y=0.908, yaw=0.005, mode=straight
[INFO] [1784628680.922738748] [route_recorder]: saved point 182: x=51.295, y=0.929, yaw=0.019, mode=straight
[INFO] [1784628681.429631309] [route_recorder]: saved point 183: x=51.619, y=0.938, yaw=0.007, mode=straight
[INFO] [1784628681.594057160] [route_recorder]: saved point 184: x=51.863, y=0.918, yaw=0.031, mode=straight
[INFO] [1784628682.075543671] [route_recorder]: saved point 185: x=52.188, y=0.910, yaw=0.022, mode=straight
[INFO] [1784628682.716590339] [route_recorder]: saved point 186: x=52.504, y=1.007, yaw=0.028, mode=straight
[INFO] [1784628683.511276560] [route_recorder]: saved point 187: x=52.785, y=0.970, yaw=0.034, mode=straight
[INFO] [1784628684.049370993] [route_recorder]: saved point 188: x=53.024, y=0.974, yaw=0.044, mode=straight
[INFO] [1784628684.380032630] [route_recorder]: saved point 189: x=53.257, y=0.999, yaw=0.024, mode=straight
[INFO] [1784628685.189501362] [route_recorder]: saved point 190: x=53.397, y=1.003, yaw=0.028, mode=turn
[INFO] [1784628685.190364449] [route_recorder]: saved point 191: x=53.398, y=0.875, yaw=-0.440, mode=turn
[INFO] [1784628685.676178336] [route_recorder]: saved point 192: x=53.302, y=0.671, yaw=-1.231, mode=turn
[INFO] [1784628686.451060011] [route_recorder]: saved point 193: x=53.324, y=0.482, yaw=-1.168, mode=straight
[INFO] [1784628686.780519644] [route_recorder]: saved point 194: x=53.370, y=-0.017, yaw=-1.175, mode=straight
[INFO] [1784628686.872976504] [route_recorder]: saved point 195: x=53.394, y=-0.228, yaw=-1.184, mode=straight
[INFO] [1784628686.979149628] [route_recorder]: saved point 196: x=53.475, y=-0.610, yaw=-1.177, mode=straight
[INFO] [1784628687.211536565] [route_recorder]: saved point 197: x=53.442, y=-0.984, yaw=-1.183, mode=straight
[INFO] [1784628687.629291245] [route_recorder]: saved point 198: x=53.398, y=-1.268, yaw=-1.134, mode=straight
[INFO] [1784628688.259829054] [route_recorder]: saved point 199: x=53.218, y=-1.476, yaw=-1.164, mode=straight
[INFO] [1784628688.403514543] [route_recorder]: saved point 200: x=53.173, y=-1.701, yaw=-1.138, mode=straight
[INFO] [1784628688.641130908] [route_recorder]: saved point 201: x=53.170, y=-1.960, yaw=-1.162, mode=straight
[INFO] [1784628688.911764294] [route_recorder]: saved point 202: x=53.189, y=-2.303, yaw=-1.150, mode=straight
[INFO] [1784628689.024763436] [route_recorder]: saved point 203: x=53.251, y=-2.512, yaw=-1.100, mode=straight
[INFO] [1784628689.244999731] [route_recorder]: saved point 204: x=53.450, y=-2.875, yaw=-1.088, mode=straight
[INFO] [1784628689.461813060] [route_recorder]: saved point 205: x=53.587, y=-3.096, yaw=-1.098, mode=straight
[INFO] [1784628689.610217510] [route_recorder]: saved point 206: x=53.688, y=-3.328, yaw=-1.108, mode=straight
[INFO] [1784628690.111963861] [route_recorder]: saved point 207: x=53.736, y=-3.569, yaw=-1.096, mode=straight
[INFO] [1784628690.208697692] [route_recorder]: saved point 208: x=53.762, y=-3.853, yaw=-1.071, mode=straight
[INFO] [1784628690.381435326] [route_recorder]: saved point 209: x=53.734, y=-4.063, yaw=-1.089, mode=straight
[INFO] [1784628690.582946251] [route_recorder]: saved point 210: x=53.721, y=-4.267, yaw=-1.093, mode=straight
[INFO] [1784628690.745240250] [route_recorder]: saved point 211: x=53.800, y=-4.589, yaw=-1.075, mode=straight
[INFO] [1784628690.915232967] [route_recorder]: saved point 212: x=53.843, y=-4.820, yaw=-1.073, mode=straight
[INFO] [1784628691.040973436] [route_recorder]: saved point 213: x=53.848, y=-5.184, yaw=-1.072, mode=straight
[INFO] [1784628691.543642136] [route_recorder]: saved point 214: x=53.954, y=-5.542, yaw=-1.082, mode=straight
[INFO] [1784628692.050747078] [route_recorder]: saved point 215: x=54.045, y=-5.836, yaw=-1.055, mode=straight
[INFO] [1784628692.247789170] [route_recorder]: saved point 216: x=54.062, y=-6.045, yaw=-1.078, mode=straight
[INFO] [1784628692.675314891] [route_recorder]: saved point 217: x=54.126, y=-6.355, yaw=-1.048, mode=straight
[INFO] [1784628693.019080179] [route_recorder]: saved point 218: x=54.126, y=-6.569, yaw=-1.074, mode=straight
[INFO] [1784628693.401643917] [route_recorder]: saved point 219: x=54.197, y=-6.976, yaw=-1.067, mode=straight
[INFO] [1784628693.851251783] [route_recorder]: saved point 220: x=54.287, y=-7.350, yaw=-1.095, mode=straight
[INFO] [1784628694.339765493] [route_recorder]: saved point 221: x=54.319, y=-7.661, yaw=-1.079, mode=straight
[INFO] [1784628694.431478593] [route_recorder]: saved point 222: x=54.356, y=-7.868, yaw=-1.086, mode=straight
[INFO] [1784628694.546189450] [route_recorder]: saved point 223: x=54.397, y=-8.137, yaw=-1.082, mode=straight
[INFO] [1784628694.836240707] [route_recorder]: saved point 224: x=54.475, y=-8.382, yaw=-1.098, mode=straight
[INFO] [1784628695.226181370] [route_recorder]: saved point 225: x=54.533, y=-8.638, yaw=-1.068, mode=straight
[INFO] [1784628696.610130211] [route_recorder]: saved point 226: x=54.644, y=-9.108, yaw=-1.072, mode=straight
[INFO] [1784628697.128935476] [route_recorder]: saved point 227: x=54.713, y=-9.360, yaw=-1.074, mode=straight
[INFO] [1784628698.111829795] [route_recorder]: saved point 228: x=54.776, y=-9.756, yaw=-1.086, mode=straight
[INFO] [1784628699.194541463] [route_recorder]: saved point 229: x=54.817, y=-10.015, yaw=-1.066, mode=straight
[INFO] [1784628699.606497916] [route_recorder]: saved point 230: x=54.890, y=-10.334, yaw=-1.060, mode=straight
[INFO] [1784628700.440156853] [route_recorder]: saved point 231: x=54.981, y=-10.713, yaw=-1.078, mode=straight
[INFO] [1784628701.266394735] [route_recorder]: saved point 232: x=54.935, y=-11.014, yaw=-1.043, mode=straight
[INFO] [1784628702.546912760] [route_recorder]: saved point 233: x=55.007, y=-11.329, yaw=-1.048, mode=straight
[INFO] [1784628703.040865573] [route_recorder]: saved point 234: x=55.144, y=-11.556, yaw=-1.044, mode=straight
[INFO] [1784628703.520592090] [route_recorder]: saved point 235: x=55.214, y=-11.856, yaw=-1.040, mode=straight
[INFO] [1784628703.914090881] [route_recorder]: saved point 236: x=55.213, y=-12.225, yaw=-1.047, mode=straight
[INFO] [1784628704.102025268] [route_recorder]: saved point 237: x=55.201, y=-12.671, yaw=-1.273, mode=straight
[INFO] [1784628704.310718074] [route_recorder]: saved point 238: x=55.309, y=-13.186, yaw=-1.260, mode=straight
[INFO] [1784628704.468502543] [route_recorder]: saved point 239: x=55.291, y=-13.407, yaw=-1.204, mode=straight
[INFO] [1784628704.671101792] [route_recorder]: saved point 240: x=55.389, y=-13.915, yaw=-1.203, mode=straight
[INFO] [1784628704.852670225] [route_recorder]: saved point 241: x=55.377, y=-14.214, yaw=-1.175, mode=straight
[INFO] [1784628705.045583876] [route_recorder]: saved point 242: x=55.461, y=-14.694, yaw=-1.164, mode=straight
[INFO] [1784628705.189883201] [route_recorder]: saved point 243: x=55.440, y=-14.985, yaw=-1.180, mode=straight
[INFO] [1784628705.340687043] [route_recorder]: saved point 244: x=54.867, y=-15.423, yaw=-1.201, mode=straight
[INFO] [1784628705.526296649] [route_recorder]: saved point 245: x=54.731, y=-15.937, yaw=-1.205, mode=straight
[INFO] [1784628705.736476549] [route_recorder]: saved point 246: x=54.746, y=-16.371, yaw=-1.131, mode=straight
[INFO] [1784628706.050089087] [route_recorder]: saved point 247: x=54.206, y=-16.789, yaw=-1.115, mode=straight
[INFO] [1784628706.244477867] [route_recorder]: saved point 248: x=54.214, y=-17.224, yaw=-1.104, mode=straight
[INFO] [1784628706.334196729] [route_recorder]: saved point 249: x=54.246, y=-17.642, yaw=-1.097, mode=straight
[INFO] [1784628706.506794911] [route_recorder]: saved point 250: x=54.623, y=-18.009, yaw=-1.078, mode=straight
[INFO] [1784628706.751551556] [route_recorder]: saved point 251: x=55.103, y=-18.558, yaw=-1.072, mode=straight
[INFO] [1784628706.938519696] [route_recorder]: saved point 252: x=55.723, y=-19.191, yaw=-1.087, mode=straight
[INFO] [1784628707.070294692] [route_recorder]: saved point 253: x=56.243, y=-19.779, yaw=-1.121, mode=straight
[INFO] [1784628707.235436621] [route_recorder]: saved point 254: x=56.476, y=-20.032, yaw=-1.124, mode=straight
[INFO] [1784628707.338174738] [route_recorder]: saved point 255: x=56.597, y=-20.255, yaw=-1.120, mode=straight
[INFO] [1784628707.534951547] [route_recorder]: saved point 256: x=56.701, y=-20.441, yaw=-1.131, mode=straight
[INFO] [1784628707.714008770] [route_recorder]: saved point 257: x=56.752, y=-20.683, yaw=-1.116, mode=straight
[INFO] [1784628708.016625765] [route_recorder]: saved point 258: x=56.751, y=-21.020, yaw=-1.147, mode=straight
[INFO] [1784628708.399984132] [route_recorder]: saved point 259: x=56.696, y=-21.332, yaw=-1.131, mode=straight
[INFO] [1784628708.510966691] [route_recorder]: saved point 260: x=56.686, y=-21.552, yaw=-1.142, mode=straight
[INFO] [1784628708.779420900] [route_recorder]: saved point 261: x=56.687, y=-21.987, yaw=-1.139, mode=straight
[INFO] [1784628709.147213967] [route_recorder]: saved point 262: x=56.713, y=-22.249, yaw=-1.147, mode=straight
[INFO] [1784628709.480351736] [route_recorder]: saved point 263: x=56.679, y=-22.634, yaw=-1.161, mode=straight
[INFO] [1784628709.765832546] [route_recorder]: saved point 264: x=56.692, y=-22.864, yaw=-1.140, mode=straight
[INFO] [1784628710.107034728] [route_recorder]: saved point 265: x=56.750, y=-23.080, yaw=-1.144, mode=straight
[INFO] [1784628710.261626223] [route_recorder]: saved point 266: x=56.770, y=-23.287, yaw=-1.138, mode=straight
[INFO] [1784628710.673718188] [route_recorder]: saved point 267: x=56.788, y=-23.606, yaw=-1.136, mode=straight
[INFO] [1784628711.097651409] [route_recorder]: saved point 268: x=56.760, y=-23.867, yaw=-1.169, mode=straight
[INFO] [1784628711.462158356] [route_recorder]: saved point 269: x=56.741, y=-24.227, yaw=-1.171, mode=straight
[INFO] [1784628711.717780212] [route_recorder]: saved point 270: x=56.702, y=-24.502, yaw=-1.161, mode=straight
[INFO] [1784628711.938365045] [route_recorder]: saved point 271: x=56.700, y=-24.725, yaw=-1.147, mode=straight
[INFO] [1784628712.070553960] [route_recorder]: saved point 272: x=56.744, y=-24.967, yaw=-1.123, mode=straight
[INFO] [1784628712.156189664] [route_recorder]: saved point 273: x=56.740, y=-25.195, yaw=-1.179, mode=straight
[INFO] [1784628712.414555165] [route_recorder]: saved point 274: x=56.793, y=-25.626, yaw=-1.151, mode=straight
[INFO] [1784628712.567767052] [route_recorder]: saved point 275: x=56.782, y=-25.837, yaw=-1.156, mode=straight
[INFO] [1784628712.866113925] [route_recorder]: saved point 276: x=56.786, y=-26.163, yaw=-1.148, mode=straight
[INFO] [1784628713.097826051] [route_recorder]: saved point 277: x=56.774, y=-26.507, yaw=-1.163, mode=straight
[INFO] [1784628713.197930042] [route_recorder]: saved point 278: x=56.792, y=-26.749, yaw=-1.156, mode=straight
[INFO] [1784628713.501447967] [route_recorder]: saved point 279: x=56.780, y=-27.123, yaw=-1.145, mode=straight
[INFO] [1784628713.721382779] [route_recorder]: saved point 280: x=56.783, y=-27.350, yaw=-1.130, mode=straight
[INFO] [1784628714.250881863] [route_recorder]: saved point 281: x=56.789, y=-27.777, yaw=-1.114, mode=straight
[INFO] [1784628714.688480709] [route_recorder]: saved point 282: x=56.821, y=-28.026, yaw=-1.149, mode=straight
[INFO] [1784628715.340757457] [route_recorder]: saved point 283: x=56.806, y=-28.234, yaw=-1.150, mode=straight
[INFO] [1784628715.949291335] [route_recorder]: saved point 284: x=56.896, y=-28.578, yaw=-1.142, mode=straight
[INFO] [1784628716.264236464] [route_recorder]: saved point 285: x=56.880, y=-28.829, yaw=-1.164, mode=straight
[INFO] [1784628716.778072526] [route_recorder]: saved point 286: x=56.850, y=-29.121, yaw=-1.157, mode=straight
[INFO] [1784628717.083329869] [route_recorder]: saved point 287: x=56.843, y=-29.422, yaw=-1.176, mode=straight
[INFO] [1784628717.252148952] [route_recorder]: saved point 288: x=56.844, y=-29.638, yaw=-1.161, mode=straight
[INFO] [1784628717.465596325] [route_recorder]: saved point 289: x=56.854, y=-29.914, yaw=-1.186, mode=straight
[INFO] [1784628718.130211774] [route_recorder]: saved point 290: x=56.861, y=-30.220, yaw=-1.153, mode=straight
[INFO] [1784628718.387733657] [route_recorder]: saved point 291: x=56.839, y=-30.420, yaw=-1.190, mode=straight
[INFO] [1784628718.619235795] [route_recorder]: saved point 292: x=56.824, y=-30.622, yaw=-1.169, mode=straight
[INFO] [1784628718.993389422] [route_recorder]: saved point 293: x=56.818, y=-31.219, yaw=-1.154, mode=straight
[INFO] [1784628719.169752457] [route_recorder]: saved point 294: x=56.829, y=-31.522, yaw=-1.162, mode=straight
[INFO] [1784628719.279294508] [route_recorder]: saved point 295: x=56.833, y=-31.816, yaw=-1.180, mode=straight
[INFO] [1784628719.396291793] [route_recorder]: saved point 296: x=56.824, y=-32.040, yaw=-1.175, mode=straight
[INFO] [1784628719.529853964] [route_recorder]: saved point 297: x=56.846, y=-32.253, yaw=-1.169, mode=straight
[INFO] [1784628719.884383392] [route_recorder]: saved point 298: x=56.836, y=-32.462, yaw=-1.149, mode=straight
[INFO] [1784628720.070542907] [route_recorder]: saved point 299: x=56.845, y=-32.746, yaw=-1.156, mode=straight
[INFO] [1784628720.447379146] [route_recorder]: saved point 300: x=56.834, y=-33.087, yaw=-1.156, mode=straight
[INFO] [1784628720.671058341] [route_recorder]: saved point 301: x=56.867, y=-33.304, yaw=-1.166, mode=straight
[INFO] [1784628721.074467058] [route_recorder]: saved point 302: x=56.779, y=-33.750, yaw=-1.159, mode=straight
[INFO] [1784628721.284277141] [route_recorder]: saved point 303: x=56.832, y=-34.085, yaw=-1.091, mode=straight
[INFO] [1784628721.642276519] [route_recorder]: saved point 304: x=56.580, y=-34.353, yaw=-1.082, mode=straight
[INFO] [1784628721.870407999] [route_recorder]: saved point 305: x=56.662, y=-34.552, yaw=-1.059, mode=straight
[INFO] [1784628722.191522440] [route_recorder]: saved point 306: x=56.770, y=-34.948, yaw=-1.136, mode=straight
[INFO] [1784628722.643595223] [route_recorder]: saved point 307: x=56.855, y=-35.320, yaw=-1.156, mode=straight
[INFO] [1784628722.994904962] [route_recorder]: saved point 308: x=56.903, y=-35.541, yaw=-1.147, mode=straight
[INFO] [1784628723.195494047] [route_recorder]: saved point 309: x=56.930, y=-35.745, yaw=-1.190, mode=straight
[INFO] [1784628723.696701399] [route_recorder]: saved point 310: x=56.867, y=-36.180, yaw=-1.184, mode=straight
[INFO] [1784628723.844881355] [route_recorder]: saved point 311: x=56.909, y=-36.437, yaw=-1.221, mode=straight
[INFO] [1784628724.161948719] [route_recorder]: saved point 312: x=56.867, y=-36.660, yaw=-1.184, mode=straight
[INFO] [1784628724.644586586] [route_recorder]: saved point 313: x=56.816, y=-37.041, yaw=-1.197, mode=straight
[INFO] [1784628724.834805785] [route_recorder]: saved point 314: x=56.831, y=-37.269, yaw=-1.193, mode=straight
[INFO] [1784628725.015737665] [route_recorder]: saved point 315: x=56.828, y=-37.601, yaw=-1.195, mode=straight
[INFO] [1784628725.323385667] [route_recorder]: saved point 316: x=56.834, y=-37.930, yaw=-1.188, mode=straight
[INFO] [1784628725.600372547] [route_recorder]: saved point 317: x=56.813, y=-38.132, yaw=-1.215, mode=straight
[INFO] [1784628726.292562073] [route_recorder]: saved point 318: x=56.830, y=-38.438, yaw=-1.161, mode=straight
[INFO] [1784628726.421114170] [route_recorder]: saved point 319: x=56.740, y=-38.679, yaw=-1.208, mode=straight
[INFO] [1784628726.634219270] [route_recorder]: saved point 320: x=56.782, y=-39.073, yaw=-1.204, mode=straight
[INFO] [1784628727.018708789] [route_recorder]: saved point 321: x=56.792, y=-39.348, yaw=-1.162, mode=straight
[INFO] [1784628727.453960743] [route_recorder]: saved point 322: x=56.781, y=-39.686, yaw=-1.217, mode=straight
[INFO] [1784628727.820408014] [route_recorder]: saved point 323: x=56.771, y=-39.899, yaw=-1.199, mode=straight
[INFO] [1784628728.058423893] [route_recorder]: saved point 324: x=56.741, y=-40.122, yaw=-1.199, mode=straight
[INFO] [1784628728.538897446] [route_recorder]: saved point 325: x=56.750, y=-40.456, yaw=-1.160, mode=straight
[INFO] [1784628728.611695485] [route_recorder]: saved point 326: x=56.763, y=-40.803, yaw=-1.186, mode=straight
[INFO] [1784628728.668350030] [route_recorder]: saved point 327: x=56.754, y=-41.008, yaw=-1.192, mode=straight
[INFO] [1784628728.848837787] [route_recorder]: saved point 328: x=56.736, y=-41.232, yaw=-1.169, mode=straight
[INFO] [1784628729.189736890] [route_recorder]: saved point 329: x=56.706, y=-41.655, yaw=-1.206, mode=straight
[INFO] [1784628729.409922488] [route_recorder]: saved point 330: x=56.751, y=-42.035, yaw=-1.174, mode=straight
[INFO] [1784628729.654365923] [route_recorder]: saved point 331: x=56.744, y=-42.241, yaw=-1.178, mode=straight
[INFO] [1784628729.714625841] [route_recorder]: saved point 332: x=56.736, y=-42.532, yaw=-1.175, mode=straight
[INFO] [1784628729.893001300] [route_recorder]: saved point 333: x=56.922, y=-42.983, yaw=-1.185, mode=straight
[INFO] [1784628730.371455780] [route_recorder]: saved point 334: x=56.823, y=-43.252, yaw=-1.184, mode=straight
[INFO] [1784628730.549979389] [route_recorder]: saved point 335: x=56.735, y=-43.508, yaw=-1.176, mode=straight
[INFO] [1784628730.723098294] [route_recorder]: saved point 336: x=56.714, y=-43.878, yaw=-1.167, mode=straight
[INFO] [1784628731.025755250] [route_recorder]: saved point 337: x=56.756, y=-44.199, yaw=-1.175, mode=straight
[INFO] [1784628731.230464764] [route_recorder]: saved point 338: x=56.752, y=-44.430, yaw=-1.177, mode=straight
[INFO] [1784628731.375396010] [route_recorder]: saved point 339: x=56.726, y=-44.732, yaw=-1.178, mode=straight
[INFO] [1784628731.634122840] [route_recorder]: saved point 340: x=56.718, y=-45.007, yaw=-1.165, mode=straight
[INFO] [1784628731.985807536] [route_recorder]: saved point 341: x=56.769, y=-45.334, yaw=-1.168, mode=straight
[INFO] [1784628732.433188058] [route_recorder]: saved point 342: x=56.784, y=-46.051, yaw=-1.179, mode=straight
[INFO] [1784628732.580762905] [route_recorder]: saved point 343: x=56.824, y=-46.247, yaw=-1.184, mode=straight
[INFO] [1784628733.333638926] [route_recorder]: saved point 344: x=56.719, y=-46.581, yaw=-1.149, mode=straight
[INFO] [1784628733.895556541] [route_recorder]: saved point 345: x=56.727, y=-46.867, yaw=-1.144, mode=straight
[INFO] [1784628734.113743404] [route_recorder]: saved point 346: x=56.752, y=-47.158, yaw=-1.166, mode=straight
[INFO] [1784628734.266284154] [route_recorder]: saved point 347: x=56.783, y=-47.468, yaw=-1.149, mode=straight
[INFO] [1784628734.790610312] [route_recorder]: saved point 348: x=56.791, y=-47.748, yaw=-1.153, mode=straight
[INFO] [1784628735.249778003] [route_recorder]: saved point 349: x=56.798, y=-48.048, yaw=-1.150, mode=straight
[INFO] [1784628735.710568125] [route_recorder]: saved point 350: x=56.814, y=-48.340, yaw=-1.133, mode=straight
[INFO] [1784628736.018571730] [route_recorder]: saved point 351: x=56.806, y=-48.594, yaw=-1.137, mode=straight
[INFO] [1784628736.389666203] [route_recorder]: saved point 352: x=56.808, y=-48.815, yaw=-1.128, mode=straight
[INFO] [1784628736.558081854] [route_recorder]: saved point 353: x=56.784, y=-49.122, yaw=-1.146, mode=straight
[INFO] [1784628736.709246964] [route_recorder]: saved point 354: x=56.822, y=-49.434, yaw=-1.142, mode=straight
[INFO] [1784628736.897896461] [route_recorder]: saved point 355: x=56.849, y=-49.632, yaw=-1.157, mode=straight
[INFO] [1784628737.119414059] [route_recorder]: saved point 356: x=56.855, y=-49.955, yaw=-1.146, mode=straight
[INFO] [1784628737.547422661] [route_recorder]: saved point 357: x=56.834, y=-50.262, yaw=-1.152, mode=straight
[INFO] [1784628737.907518262] [route_recorder]: saved point 358: x=56.837, y=-50.540, yaw=-1.178, mode=straight
[INFO] [1784628738.090709225] [route_recorder]: saved point 359: x=56.796, y=-50.745, yaw=-1.141, mode=straight
[INFO] [1784628738.245195785] [route_recorder]: saved point 360: x=56.810, y=-51.063, yaw=-1.164, mode=straight
[INFO] [1784628738.547070211] [route_recorder]: saved point 361: x=56.885, y=-51.516, yaw=-1.157, mode=straight
[INFO] [1784628738.846638617] [route_recorder]: saved point 362: x=56.909, y=-51.855, yaw=-1.133, mode=straight
[INFO] [1784628738.988977502] [route_recorder]: saved point 363: x=56.905, y=-52.073, yaw=-1.154, mode=straight
[INFO] [1784628739.540812471] [route_recorder]: saved point 364: x=56.895, y=-52.380, yaw=-1.122, mode=straight
[INFO] [1784628739.847443991] [route_recorder]: saved point 365: x=56.897, y=-52.585, yaw=-1.147, mode=straight
[INFO] [1784628740.282292304] [route_recorder]: saved point 366: x=56.888, y=-52.877, yaw=-1.122, mode=straight
[INFO] [1784628740.415321682] [route_recorder]: saved point 367: x=56.881, y=-53.148, yaw=-1.135, mode=straight
[INFO] [1784628740.653135335] [route_recorder]: saved point 368: x=56.893, y=-53.434, yaw=-1.145, mode=straight
[INFO] [1784628741.127417907] [route_recorder]: saved point 369: x=56.889, y=-53.799, yaw=-1.132, mode=straight
[INFO] [1784628741.326594977] [route_recorder]: saved point 370: x=56.914, y=-54.039, yaw=-1.116, mode=straight
[INFO] [1784628741.509816003] [route_recorder]: saved point 371: x=56.912, y=-54.261, yaw=-1.106, mode=straight
[INFO] [1784628741.955323445] [route_recorder]: saved point 372: x=56.924, y=-54.554, yaw=-1.120, mode=straight
[INFO] [1784628742.385940247] [route_recorder]: saved point 373: x=56.961, y=-54.783, yaw=-1.098, mode=straight
[INFO] [1784628742.845117968] [route_recorder]: saved point 374: x=57.007, y=-55.145, yaw=-1.151, mode=straight
[INFO] [1784628743.036118580] [route_recorder]: saved point 375: x=57.054, y=-55.418, yaw=-1.241, mode=straight
[INFO] [1784628743.185715706] [route_recorder]: saved point 376: x=57.003, y=-55.805, yaw=-1.224, mode=straight
[INFO] [1784628743.299727693] [route_recorder]: saved point 377: x=56.973, y=-56.006, yaw=-1.205, mode=straight
[INFO] [1784628743.559536841] [route_recorder]: saved point 378: x=56.928, y=-56.270, yaw=-1.202, mode=straight
[INFO] [1784628743.674041417] [route_recorder]: saved point 379: x=56.930, y=-56.494, yaw=-1.190, mode=straight
[INFO] [1784628743.954051558] [route_recorder]: saved point 380: x=56.948, y=-56.710, yaw=-1.184, mode=straight
[INFO] [1784628744.081137154] [route_recorder]: saved point 381: x=56.893, y=-57.165, yaw=-1.211, mode=straight
[INFO] [1784628744.320442883] [route_recorder]: saved point 382: x=56.889, y=-57.478, yaw=-1.182, mode=straight
[INFO] [1784628744.433623810] [route_recorder]: saved point 383: x=56.896, y=-57.690, yaw=-1.181, mode=straight
[INFO] [1784628744.596531067] [route_recorder]: saved point 384: x=56.880, y=-57.906, yaw=-1.176, mode=straight
[INFO] [1784628744.821517697] [route_recorder]: saved point 385: x=56.886, y=-58.141, yaw=-1.160, mode=straight
[INFO] [1784628745.333396404] [route_recorder]: saved point 386: x=56.857, y=-58.633, yaw=-1.174, mode=straight
[INFO] [1784628745.918456100] [route_recorder]: saved point 387: x=56.840, y=-59.020, yaw=-1.168, mode=straight
[INFO] [1784628746.198859445] [route_recorder]: saved point 388: x=56.847, y=-59.247, yaw=-1.203, mode=straight
[INFO] [1784628746.356651508] [route_recorder]: saved point 389: x=56.865, y=-59.453, yaw=-1.187, mode=straight
[INFO] [1784628746.997665254] [route_recorder]: saved point 390: x=56.883, y=-59.706, yaw=-1.207, mode=straight
[INFO] [1784628747.512123321] [route_recorder]: saved point 391: x=56.869, y=-59.965, yaw=-1.191, mode=straight
[INFO] [1784628747.685957232] [route_recorder]: saved point 392: x=56.871, y=-60.223, yaw=-1.208, mode=straight
[INFO] [1784628748.085226953] [route_recorder]: saved point 393: x=56.764, y=-60.477, yaw=-1.270, mode=straight
[INFO] [1784628748.201595981] [route_recorder]: saved point 394: x=56.780, y=-60.743, yaw=-1.261, mode=straight
[INFO] [1784628748.326593328] [route_recorder]: saved point 395: x=56.782, y=-61.051, yaw=-1.251, mode=straight
[INFO] [1784628748.426677310] [route_recorder]: saved point 396: x=56.752, y=-61.323, yaw=-1.257, mode=straight
[INFO] [1784628748.554986561] [route_recorder]: saved point 397: x=56.730, y=-61.632, yaw=-1.234, mode=straight
[INFO] [1784628748.853365440] [route_recorder]: saved point 398: x=56.692, y=-61.903, yaw=-1.239, mode=straight
[INFO] [1784628749.237611974] [route_recorder]: saved point 399: x=56.671, y=-62.178, yaw=-1.241, mode=straight
[INFO] [1784628749.349928436] [route_recorder]: saved point 400: x=56.661, y=-62.378, yaw=-1.239, mode=straight
[INFO] [1784628749.691548527] [route_recorder]: saved point 401: x=56.629, y=-62.803, yaw=-1.211, mode=straight
[INFO] [1784628750.099408083] [route_recorder]: saved point 402: x=56.631, y=-63.009, yaw=-1.220, mode=straight
[INFO] [1784628751.250062980] [route_recorder]: saved point 403: x=56.631, y=-63.347, yaw=-1.228, mode=straight
[INFO] [1784628751.740995667] [route_recorder]: saved point 404: x=56.646, y=-63.578, yaw=-1.215, mode=straight
[INFO] [1784628753.066630922] [route_recorder]: saved point 405: x=56.670, y=-63.878, yaw=-1.221, mode=straight
[INFO] [1784628753.944719880] [route_recorder]: saved point 406: x=56.680, y=-64.111, yaw=-1.219, mode=straight
[INFO] [1784628755.132344767] [route_recorder]: saved point 407: x=56.540, y=-64.359, yaw=-1.214, mode=straight
[INFO] [1784628755.659507107] [route_recorder]: saved point 408: x=56.508, y=-64.722, yaw=-1.202, mode=straight
[INFO] [1784628756.198320360] [route_recorder]: saved point 409: x=56.511, y=-64.930, yaw=-1.211, mode=straight
[INFO] [1784628757.638528890] [route_recorder]: saved point 410: x=56.480, y=-65.322, yaw=-1.235, mode=straight
[INFO] [1784628758.198992026] [route_recorder]: saved point 411: x=56.458, y=-65.709, yaw=-1.209, mode=straight
[INFO] [1784628758.618870181] [route_recorder]: saved point 412: x=56.426, y=-66.226, yaw=-1.207, mode=straight
[INFO] [1784628758.938986272] [route_recorder]: saved point 413: x=56.417, y=-66.843, yaw=-1.239, mode=straight
[INFO] [1784628759.118865826] [route_recorder]: saved point 414: x=56.343, y=-67.447, yaw=-1.202, mode=straight
[INFO] [1784628759.260800323] [route_recorder]: saved point 415: x=56.311, y=-67.800, yaw=-1.193, mode=straight
[INFO] [1784628759.595757336] [route_recorder]: saved point 416: x=56.312, y=-68.225, yaw=-1.200, mode=straight
[INFO] [1784628759.752191880] [route_recorder]: saved point 417: x=56.392, y=-68.790, yaw=-1.199, mode=straight
[INFO] [1784628759.896207086] [route_recorder]: saved point 418: x=56.559, y=-69.597, yaw=-1.185, mode=straight
[INFO] [1784628760.011743427] [route_recorder]: saved point 419: x=56.538, y=-69.911, yaw=-1.181, mode=straight
[INFO] [1784628760.149038610] [route_recorder]: saved point 420: x=56.472, y=-70.365, yaw=-1.181, mode=straight
[INFO] [1784628760.316417215] [route_recorder]: saved point 421: x=56.345, y=-70.759, yaw=-1.183, mode=straight
[INFO] [1784628760.846513088] [route_recorder]: saved point 422: x=56.230, y=-71.154, yaw=-1.190, mode=straight
[INFO] [1784628761.067303469] [route_recorder]: saved point 423: x=56.095, y=-71.742, yaw=-1.188, mode=straight
[INFO] [1784628761.363381010] [route_recorder]: saved point 424: x=56.232, y=-72.186, yaw=-1.151, mode=straight
[INFO] [1784628761.658729698] [route_recorder]: saved point 425: x=56.250, y=-72.549, yaw=-1.111, mode=straight
[INFO] [1784628762.010760421] [route_recorder]: saved point 426: x=55.993, y=-72.719, yaw=-1.085, mode=straight
[INFO] [1784628762.186190280] [route_recorder]: saved point 427: x=56.011, y=-73.103, yaw=-1.128, mode=straight
[INFO] [1784628762.334511110] [route_recorder]: saved point 428: x=56.237, y=-74.040, yaw=-1.146, mode=straight
[INFO] [1784628762.494655616] [route_recorder]: saved point 429: x=56.180, y=-74.708, yaw=-1.072, mode=straight
[WARN] [1784628762.669184176] [route_recorder]: large source gap cannot be safely interpolated: incoming_track_mismatch 56.6deg exceeds 25.0deg
[INFO] [1784628762.670230434] [route_recorder]: saved point 430: x=55.352, y=-75.159, yaw=-0.885, mode=straight
[INFO] [1784628762.828771274] [route_recorder]: saved point 431: x=54.831, y=-75.386, yaw=-0.876, mode=straight
[INFO] [1784628762.978470510] [route_recorder]: saved point 432: x=54.605, y=-75.704, yaw=-0.867, mode=straight
[INFO] [1784628763.139775137] [route_recorder]: saved point 433: x=54.368, y=-76.256, yaw=-0.913, mode=straight
[INFO] [1784628763.672888375] [route_recorder]: saved point 434: x=54.213, y=-76.584, yaw=-0.871, mode=straight
[INFO] [1784628763.902020522] [route_recorder]: saved point 435: x=54.116, y=-76.936, yaw=-0.922, mode=straight
[INFO] [1784628764.354573419] [route_recorder]: saved point 436: x=54.081, y=-77.577, yaw=-0.925, mode=straight
[INFO] [1784628764.486290870] [route_recorder]: saved point 437: x=54.043, y=-78.049, yaw=-0.896, mode=straight
[INFO] [1784628764.648888131] [route_recorder]: saved point 438: x=54.104, y=-78.335, yaw=-0.936, mode=straight
[INFO] [1784628764.815282741] [route_recorder]: saved point 439: x=54.192, y=-78.877, yaw=-0.907, mode=straight
[INFO] [1784628765.037864391] [route_recorder]: saved point 440: x=54.313, y=-79.445, yaw=-0.946, mode=straight
[INFO] [1784628765.263827537] [route_recorder]: saved point 441: x=54.436, y=-80.118, yaw=-1.029, mode=straight
[INFO] [1784628765.437291743] [route_recorder]: saved point 442: x=54.506, y=-80.528, yaw=-1.031, mode=straight
[INFO] [1784628765.674675530] [route_recorder]: saved point 443: x=54.532, y=-80.923, yaw=-1.039, mode=straight
[INFO] [1784628766.047748821] [route_recorder]: saved point 444: x=54.611, y=-81.531, yaw=-1.063, mode=straight
[INFO] [1784628766.184945860] [route_recorder]: saved point 445: x=54.658, y=-81.969, yaw=-1.036, mode=straight
[INFO] [1784628766.550698937] [route_recorder]: saved point 446: x=54.757, y=-82.518, yaw=-1.074, mode=straight
[INFO] [1784628766.712545630] [route_recorder]: saved point 447: x=54.818, y=-82.806, yaw=-1.079, mode=straight
[INFO] [1784628766.929570723] [route_recorder]: saved point 448: x=54.873, y=-83.264, yaw=-1.087, mode=straight
[INFO] [1784628767.146274731] [route_recorder]: saved point 449: x=54.878, y=-83.535, yaw=-1.086, mode=straight
[INFO] [1784628767.303556232] [route_recorder]: saved point 450: x=54.900, y=-83.927, yaw=-1.089, mode=straight
[INFO] [1784628767.564153937] [route_recorder]: saved point 451: x=54.909, y=-84.216, yaw=-1.081, mode=straight
[INFO] [1784628767.688716406] [route_recorder]: saved point 452: x=54.904, y=-84.423, yaw=-1.081, mode=straight
[INFO] [1784628768.014063816] [route_recorder]: saved point 453: x=54.939, y=-84.796, yaw=-1.071, mode=straight
[INFO] [1784628768.233848422] [route_recorder]: saved point 454: x=54.986, y=-85.192, yaw=-1.064, mode=straight
[INFO] [1784628768.345358130] [route_recorder]: saved point 455: x=55.013, y=-85.417, yaw=-1.065, mode=straight
[INFO] [1784628768.550904551] [route_recorder]: saved point 456: x=55.145, y=-85.768, yaw=-1.092, mode=straight
[INFO] [1784628769.038947289] [route_recorder]: saved point 457: x=55.139, y=-86.072, yaw=-1.064, mode=straight
[INFO] [1784628769.142302674] [route_recorder]: saved point 458: x=55.121, y=-86.289, yaw=-1.061, mode=straight
[INFO] [1784628769.259121641] [route_recorder]: saved point 459: x=55.106, y=-86.502, yaw=-1.086, mode=straight
[INFO] [1784628769.439391523] [route_recorder]: saved point 460: x=55.106, y=-86.708, yaw=-1.070, mode=straight
[INFO] [1784628769.751581970] [route_recorder]: saved point 461: x=55.128, y=-86.937, yaw=-1.063, mode=straight
[INFO] [1784628770.168127638] [route_recorder]: saved point 462: x=55.155, y=-87.243, yaw=-1.084, mode=straight
[INFO] [1784628770.596345065] [route_recorder]: saved point 463: x=55.197, y=-87.647, yaw=-1.055, mode=straight
[INFO] [1784628770.744295298] [route_recorder]: saved point 464: x=55.216, y=-87.863, yaw=-1.059, mode=straight
[INFO] [1784628771.140854163] [route_recorder]: saved point 465: x=55.232, y=-88.071, yaw=-1.060, mode=straight
[INFO] [1784628771.463576125] [route_recorder]: saved point 466: x=55.254, y=-88.277, yaw=-1.041, mode=straight
[INFO] [1784628771.715832133] [route_recorder]: saved point 467: x=55.267, y=-88.671, yaw=-1.067, mode=straight
[INFO] [1784628772.070063877] [route_recorder]: saved point 468: x=55.301, y=-89.000, yaw=-1.065, mode=straight
[INFO] [1784628772.274566210] [route_recorder]: saved point 469: x=55.292, y=-89.216, yaw=-1.074, mode=straight
[INFO] [1784628772.384580834] [route_recorder]: saved point 470: x=55.269, y=-89.551, yaw=-1.050, mode=straight
[INFO] [1784628772.543202359] [route_recorder]: saved point 471: x=55.327, y=-89.834, yaw=-1.047, mode=straight
[INFO] [1784628772.924144264] [route_recorder]: saved point 472: x=55.414, y=-90.217, yaw=-1.025, mode=straight
[INFO] [1784628773.207713217] [route_recorder]: saved point 473: x=55.436, y=-90.498, yaw=-1.034, mode=straight
[INFO] [1784628773.560712241] [route_recorder]: saved point 474: x=55.475, y=-90.777, yaw=-1.068, mode=straight
[INFO] [1784628773.733143555] [route_recorder]: saved point 475: x=55.486, y=-90.986, yaw=-1.029, mode=straight
[INFO] [1784628774.145107124] [route_recorder]: saved point 476: x=55.483, y=-91.290, yaw=-1.053, mode=straight
[INFO] [1784628774.360163559] [route_recorder]: saved point 477: x=55.524, y=-91.526, yaw=-1.042, mode=straight
[INFO] [1784628774.657571905] [route_recorder]: saved point 478: x=55.586, y=-91.853, yaw=-1.045, mode=straight
[INFO] [1784628774.925478913] [route_recorder]: saved point 479: x=55.599, y=-92.066, yaw=-1.053, mode=straight
[INFO] [1784628775.327501403] [route_recorder]: saved point 480: x=55.632, y=-92.353, yaw=-1.035, mode=straight
[INFO] [1784628775.451101879] [route_recorder]: saved point 481: x=55.670, y=-92.662, yaw=-1.021, mode=straight
[INFO] [1784628775.553496669] [route_recorder]: saved point 482: x=55.675, y=-92.875, yaw=-1.023, mode=straight
[INFO] [1784628776.070566824] [route_recorder]: saved point 483: x=55.708, y=-93.266, yaw=-1.041, mode=straight
[INFO] [1784628776.207501687] [route_recorder]: saved point 484: x=55.741, y=-93.478, yaw=-1.029, mode=straight
[INFO] [1784628776.830717175] [route_recorder]: saved point 485: x=55.826, y=-93.859, yaw=-0.930, mode=straight
[INFO] [1784628777.131271316] [route_recorder]: saved point 486: x=55.911, y=-93.997, yaw=-0.804, mode=turn
[INFO] [1784628777.401593917] [route_recorder]: saved point 487: x=56.008, y=-94.090, yaw=-0.643, mode=turn
[INFO] [1784628778.007414177] [route_recorder]: saved point 488: x=56.126, y=-94.117, yaw=-0.366, mode=turn
[INFO] [1784628778.741114714] [route_recorder]: saved point 489: x=56.266, y=-94.135, yaw=-0.106, mode=turn
[INFO] [1784628779.066531641] [route_recorder]: saved point 490: x=56.358, y=-94.184, yaw=-0.122, mode=turn
[INFO] [1784628779.620823506] [route_recorder]: saved point 491: x=56.582, y=-94.217, yaw=-0.112, mode=straight
[INFO] [1784628779.927729954] [route_recorder]: saved point 492: x=56.838, y=-94.302, yaw=-0.111, mode=straight
[INFO] [1784628780.233717423] [route_recorder]: saved point 493: x=57.078, y=-94.341, yaw=-0.122, mode=straight
[INFO] [1784628780.682295811] [route_recorder]: saved point 494: x=57.406, y=-94.429, yaw=-0.104, mode=straight
[INFO] [1784628780.897790990] [route_recorder]: saved point 495: x=57.804, y=-94.609, yaw=-0.116, mode=straight
[INFO] [1784628781.145241924] [route_recorder]: saved point 496: x=58.031, y=-94.680, yaw=-0.104, mode=straight
[INFO] [1784628781.682353177] [route_recorder]: saved point 497: x=58.410, y=-94.772, yaw=-0.102, mode=straight
[INFO] [1784628781.951232098] [route_recorder]: saved point 498: x=58.643, y=-94.842, yaw=-0.109, mode=straight
[INFO] [1784628782.243681184] [route_recorder]: saved point 499: x=58.882, y=-94.922, yaw=-0.112, mode=straight
[INFO] [1784628782.681823466] [route_recorder]: saved point 500: x=59.225, y=-95.002, yaw=-0.097, mode=straight
[INFO] [1784628782.853580261] [route_recorder]: saved point 501: x=59.458, y=-95.068, yaw=-0.098, mode=straight
[INFO] [1784628783.149182722] [route_recorder]: saved point 502: x=59.713, y=-95.136, yaw=-0.067, mode=straight
[INFO] [1784628783.486295628] [route_recorder]: saved point 503: x=59.957, y=-95.206, yaw=-0.071, mode=straight
[INFO] [1784628783.791920658] [route_recorder]: saved point 504: x=60.293, y=-95.277, yaw=-0.063, mode=straight
[INFO] [1784628784.020196173] [route_recorder]: saved point 505: x=60.524, y=-95.312, yaw=-0.053, mode=straight
[INFO] [1784628784.142647206] [route_recorder]: saved point 506: x=60.736, y=-95.342, yaw=-0.060, mode=straight
[INFO] [1784628784.390489514] [route_recorder]: saved point 507: x=60.994, y=-95.383, yaw=-0.017, mode=straight
[INFO] [1784628784.681380561] [route_recorder]: saved point 508: x=61.265, y=-95.452, yaw=-0.009, mode=straight
[INFO] [1784628784.857711971] [route_recorder]: saved point 509: x=61.472, y=-95.498, yaw=-0.017, mode=straight
[INFO] [1784628785.001667424] [route_recorder]: saved point 510: x=61.686, y=-95.546, yaw=-0.005, mode=straight
[INFO] [1784628785.415280107] [route_recorder]: saved point 511: x=61.981, y=-95.558, yaw=-0.004, mode=straight
[INFO] [1784628785.637996015] [route_recorder]: saved point 512: x=62.224, y=-95.575, yaw=-0.017, mode=straight
[INFO] [1784628786.166833769] [route_recorder]: saved point 513: x=62.509, y=-95.596, yaw=-0.007, mode=straight
[INFO] [1784628786.472812211] [route_recorder]: saved point 514: x=62.725, y=-95.627, yaw=0.011, mode=straight
[INFO] [1784628787.002955096] [route_recorder]: saved point 515: x=62.951, y=-95.671, yaw=-0.006, mode=straight
[INFO] [1784628787.309804127] [route_recorder]: saved point 516: x=63.182, y=-95.710, yaw=0.002, mode=straight
[INFO] [1784628787.675703077] [route_recorder]: saved point 517: x=63.440, y=-95.753, yaw=-0.001, mode=straight
[INFO] [1784628787.898416894] [route_recorder]: saved point 518: x=63.717, y=-95.730, yaw=-0.004, mode=straight
[INFO] [1784628788.334084783] [route_recorder]: saved point 519: x=63.997, y=-95.784, yaw=0.003, mode=straight
[INFO] [1784628788.940870292] [route_recorder]: saved point 520: x=64.315, y=-95.830, yaw=0.003, mode=straight
[INFO] [1784628789.300777962] [route_recorder]: saved point 521: x=64.671, y=-95.859, yaw=0.005, mode=straight
[INFO] [1784628789.566713219] [route_recorder]: saved point 522: x=65.020, y=-95.906, yaw=-0.000, mode=straight
[INFO] [1784628789.815261360] [route_recorder]: saved point 523: x=65.287, y=-95.915, yaw=0.017, mode=straight
[INFO] [1784628790.106221012] [route_recorder]: saved point 524: x=65.566, y=-95.949, yaw=0.018, mode=straight
[INFO] [1784628790.518696126] [route_recorder]: saved point 525: x=65.833, y=-96.004, yaw=0.015, mode=straight
[INFO] [1784628790.835570473] [route_recorder]: saved point 526: x=66.076, y=-96.016, yaw=0.019, mode=straight
[INFO] [1784628790.999182294] [route_recorder]: saved point 527: x=66.302, y=-96.045, yaw=0.016, mode=straight
[INFO] [1784628791.199683752] [route_recorder]: saved point 528: x=66.601, y=-96.075, yaw=0.023, mode=straight
[INFO] [1784628791.603321131] [route_recorder]: saved point 529: x=66.905, y=-96.095, yaw=0.027, mode=straight
[INFO] [1784628791.844712921] [route_recorder]: saved point 530: x=67.138, y=-96.099, yaw=0.032, mode=straight
[INFO] [1784628792.330497320] [route_recorder]: saved point 531: x=67.421, y=-96.129, yaw=0.038, mode=straight
[INFO] [1784628792.634416449] [route_recorder]: saved point 532: x=67.642, y=-96.199, yaw=0.028, mode=straight
[INFO] [1784628793.115509253] [route_recorder]: saved point 533: x=67.925, y=-96.242, yaw=0.032, mode=straight
[INFO] [1784628793.513297139] [route_recorder]: saved point 534: x=68.152, y=-96.206, yaw=0.048, mode=straight
[INFO] [1784628793.941864011] [route_recorder]: saved point 535: x=68.420, y=-96.197, yaw=0.018, mode=straight
[INFO] [1784628794.430979205] [route_recorder]: saved point 536: x=68.678, y=-96.214, yaw=0.035, mode=straight
[INFO] [1784628794.794848744] [route_recorder]: saved point 537: x=68.906, y=-96.233, yaw=0.044, mode=straight
[INFO] [1784628795.219825403] [route_recorder]: saved point 538: x=69.180, y=-96.250, yaw=0.036, mode=straight
[INFO] [1784628795.525575070] [route_recorder]: saved point 539: x=69.478, y=-96.258, yaw=0.038, mode=straight
[INFO] [1784628795.832392000] [route_recorder]: saved point 540: x=69.680, y=-96.258, yaw=0.055, mode=straight
[INFO] [1784628796.310296399] [route_recorder]: saved point 541: x=69.979, y=-96.273, yaw=0.060, mode=straight
[INFO] [1784628796.702914340] [route_recorder]: saved point 542: x=70.361, y=-96.285, yaw=0.053, mode=straight
[INFO] [1784628796.944639976] [route_recorder]: saved point 543: x=70.567, y=-96.309, yaw=0.057, mode=straight
[INFO] [1784628797.146321967] [route_recorder]: saved point 544: x=70.899, y=-96.294, yaw=0.064, mode=straight
[INFO] [1784628797.250320037] [route_recorder]: saved point 545: x=71.120, y=-96.313, yaw=0.060, mode=straight
[INFO] [1784628797.545580419] [route_recorder]: saved point 546: x=71.384, y=-96.307, yaw=0.053, mode=straight
[INFO] [1784628798.019222905] [route_recorder]: saved point 547: x=71.762, y=-96.320, yaw=0.070, mode=straight
[INFO] [1784628798.426453570] [route_recorder]: saved point 548: x=72.007, y=-96.339, yaw=0.085, mode=straight
[INFO] [1784628799.030482699] [route_recorder]: saved point 549: x=72.472, y=-96.334, yaw=0.082, mode=straight
[INFO] [1784628799.312593108] [route_recorder]: saved point 550: x=72.775, y=-96.300, yaw=0.086, mode=straight
[INFO] [1784628799.544971389] [route_recorder]: saved point 551: x=73.074, y=-96.291, yaw=0.086, mode=straight
[INFO] [1784628800.389824423] [route_recorder]: saved point 552: x=73.309, y=-96.254, yaw=0.076, mode=straight
[INFO] [1784628800.764316338] [route_recorder]: saved point 553: x=73.510, y=-96.262, yaw=0.094, mode=straight
[INFO] [1784628801.234923636] [route_recorder]: saved point 554: x=73.735, y=-96.276, yaw=0.091, mode=straight
[INFO] [1784628801.545261050] [route_recorder]: saved point 555: x=74.033, y=-96.267, yaw=0.086, mode=straight
[INFO] [1784628801.949168560] [route_recorder]: saved point 556: x=74.307, y=-96.308, yaw=0.038, mode=straight
[INFO] [1784628802.054608101] [route_recorder]: saved point 557: x=74.509, y=-96.324, yaw=0.048, mode=straight
[INFO] [1784628802.512675620] [route_recorder]: saved point 558: x=74.799, y=-96.333, yaw=0.043, mode=straight
[INFO] [1784628803.519173316] [route_recorder]: saved point 559: x=75.088, y=-96.321, yaw=0.038, mode=straight
[INFO] [1784628804.558840463] [route_recorder]: saved point 560: x=75.423, y=-96.277, yaw=0.044, mode=straight
[INFO] [1784628805.076016006] [route_recorder]: saved point 561: x=75.687, y=-96.326, yaw=0.067, mode=straight
[INFO] [1784628806.214551921] [route_recorder]: saved point 562: x=76.144, y=-96.398, yaw=0.061, mode=straight
[INFO] [1784628807.150712590] [route_recorder]: saved point 563: x=76.387, y=-96.377, yaw=0.059, mode=straight
[INFO] [1784628808.239077951] [route_recorder]: saved point 564: x=76.697, y=-96.368, yaw=0.063, mode=straight
[INFO] [1784628809.255023557] [route_recorder]: saved point 565: x=76.963, y=-96.364, yaw=0.068, mode=straight
[INFO] [1784628810.516592239] [route_recorder]: saved point 566: x=77.195, y=-96.346, yaw=0.078, mode=straight
[INFO] [1784628811.400778068] [route_recorder]: saved point 567: x=77.396, y=-96.351, yaw=0.051, mode=straight
[INFO] [1784628811.820524708] [route_recorder]: saved point 568: x=77.918, y=-96.356, yaw=0.052, mode=straight
[INFO] [1784628811.908055556] [route_recorder]: saved point 569: x=78.173, y=-96.446, yaw=0.057, mode=straight
[INFO] [1784628811.959701667] [route_recorder]: saved point 570: x=78.658, y=-96.412, yaw=0.048, mode=straight
[INFO] [1784628812.059214294] [route_recorder]: saved point 571: x=79.095, y=-96.403, yaw=0.055, mode=straight
[INFO] [1784628812.139411298] [route_recorder]: saved point 572: x=79.691, y=-96.413, yaw=0.066, mode=straight
[INFO] [1784628812.266993261] [route_recorder]: saved point 573: x=80.105, y=-96.405, yaw=0.074, mode=straight
[INFO] [1784628812.583343567] [route_recorder]: saved point 574: x=80.370, y=-96.578, yaw=0.095, mode=straight
[INFO] [1784628812.802509429] [route_recorder]: saved point 575: x=80.751, y=-96.598, yaw=0.085, mode=straight
[INFO] [1784628813.028767606] [route_recorder]: saved point 576: x=81.213, y=-96.599, yaw=0.071, mode=straight
[INFO] [1784628813.334096391] [route_recorder]: saved point 577: x=81.715, y=-96.591, yaw=0.066, mode=straight
[INFO] [1784628813.507027840] [route_recorder]: saved point 578: x=82.197, y=-96.601, yaw=0.069, mode=straight
[INFO] [1784628813.661816334] [route_recorder]: saved point 579: x=82.587, y=-96.646, yaw=0.054, mode=straight
[INFO] [1784628813.913138017] [route_recorder]: saved point 580: x=83.185, y=-96.542, yaw=0.066, mode=straight
[INFO] [1784628813.971966856] [route_recorder]: saved point 581: x=83.464, y=-96.512, yaw=0.084, mode=straight
[INFO] [1784628814.157662756] [route_recorder]: saved point 582: x=83.885, y=-96.567, yaw=0.084, mode=straight
[INFO] [1784628814.332294700] [route_recorder]: saved point 583: x=84.185, y=-96.583, yaw=0.064, mode=straight
[INFO] [1784628814.651699358] [route_recorder]: saved point 584: x=84.398, y=-96.574, yaw=0.087, mode=straight
[INFO] [1784628815.304491438] [route_recorder]: saved point 585: x=84.642, y=-96.561, yaw=0.062, mode=straight
[INFO] [1784628815.698521885] [route_recorder]: saved point 586: x=84.948, y=-96.618, yaw=0.077, mode=straight
[INFO] [1784628815.807469384] [route_recorder]: saved point 587: x=85.175, y=-96.585, yaw=0.067, mode=straight
[INFO] [1784628816.023151843] [route_recorder]: saved point 588: x=85.514, y=-96.548, yaw=0.076, mode=straight
[INFO] [1784628816.267313632] [route_recorder]: saved point 589: x=85.736, y=-96.569, yaw=0.062, mode=straight
[INFO] [1784628816.653950937] [route_recorder]: saved point 590: x=86.196, y=-96.567, yaw=0.075, mode=straight
[INFO] [1784628816.941167849] [route_recorder]: saved point 591: x=86.476, y=-96.558, yaw=0.083, mode=straight
[INFO] [1784628817.357389465] [route_recorder]: saved point 592: x=86.825, y=-96.567, yaw=0.088, mode=straight
[INFO] [1784628817.774352897] [route_recorder]: saved point 593: x=87.215, y=-96.572, yaw=0.090, mode=straight
[INFO] [1784628818.382016323] [route_recorder]: saved point 594: x=87.481, y=-96.547, yaw=0.076, mode=straight
[INFO] [1784628818.791492256] [route_recorder]: saved point 595: x=87.717, y=-96.524, yaw=0.085, mode=straight
[INFO] [1784628819.826227136] [route_recorder]: saved point 596: x=87.930, y=-96.542, yaw=0.104, mode=straight
[INFO] [1784628820.148450000] [route_recorder]: saved point 597: x=88.184, y=-96.549, yaw=0.096, mode=straight
[INFO] [1784628820.622306859] [route_recorder]: saved point 598: x=88.428, y=-96.545, yaw=0.104, mode=straight
[INFO] [1784628820.817328805] [route_recorder]: saved point 599: x=88.665, y=-96.522, yaw=0.113, mode=straight
[INFO] [1784628821.171393165] [route_recorder]: saved point 600: x=89.013, y=-96.504, yaw=0.101, mode=straight
[INFO] [1784628821.479750133] [route_recorder]: saved point 601: x=89.259, y=-96.468, yaw=0.076, mode=straight
[INFO] [1784628821.657395695] [route_recorder]: saved point 602: x=89.475, y=-96.530, yaw=0.024, mode=straight
[INFO] [1784628822.098909445] [route_recorder]: saved point 603: x=89.794, y=-96.616, yaw=-0.014, mode=straight
[INFO] [1784628822.538449464] [route_recorder]: saved point 604: x=90.134, y=-96.662, yaw=-0.028, mode=straight
[INFO] [1784628822.780838635] [route_recorder]: saved point 605: x=90.509, y=-96.684, yaw=0.026, mode=straight
[INFO] [1784628823.141906723] [route_recorder]: saved point 606: x=90.793, y=-96.724, yaw=0.025, mode=straight
[INFO] [1784628823.400613577] [route_recorder]: saved point 607: x=91.129, y=-96.742, yaw=0.017, mode=straight
[INFO] [1784628823.633076109] [route_recorder]: saved point 608: x=91.386, y=-96.740, yaw=0.032, mode=straight
[INFO] [1784628823.896712292] [route_recorder]: saved point 609: x=91.661, y=-96.747, yaw=0.044, mode=straight
[INFO] [1784628824.050753098] [route_recorder]: saved point 610: x=91.860, y=-96.779, yaw=0.040, mode=straight
[INFO] [1784628824.325336535] [route_recorder]: saved point 611: x=92.133, y=-96.761, yaw=0.033, mode=straight
[INFO] [1784628824.632889532] [route_recorder]: saved point 612: x=92.529, y=-96.781, yaw=0.048, mode=straight
[INFO] [1784628825.041987492] [route_recorder]: saved point 613: x=92.840, y=-96.803, yaw=0.048, mode=straight
[INFO] [1784628825.446946637] [route_recorder]: saved point 614: x=93.151, y=-96.834, yaw=0.037, mode=straight
[INFO] [1784628825.998074311] [route_recorder]: saved point 615: x=93.462, y=-96.857, yaw=0.036, mode=straight
[INFO] [1784628826.429998293] [route_recorder]: saved point 616: x=93.827, y=-96.849, yaw=0.058, mode=straight
[INFO] [1784628827.101048238] [route_recorder]: saved point 617: x=94.075, y=-96.862, yaw=0.074, mode=straight
[INFO] [1784628827.626631596] [route_recorder]: saved point 618: x=94.320, y=-96.861, yaw=0.051, mode=straight
[INFO] [1784628827.946641199] [route_recorder]: saved point 619: x=94.580, y=-96.880, yaw=0.069, mode=straight
[INFO] [1784628828.216522789] [route_recorder]: saved point 620: x=94.838, y=-96.959, yaw=0.092, mode=straight
[INFO] [1784628828.358388292] [route_recorder]: saved point 621: x=95.086, y=-96.870, yaw=0.058, mode=straight
[INFO] [1784628828.471790054] [route_recorder]: saved point 622: x=95.318, y=-96.860, yaw=0.071, mode=straight
[INFO] [1784628828.897069954] [route_recorder]: saved point 623: x=95.729, y=-96.912, yaw=0.087, mode=straight
[INFO] [1784628829.235885218] [route_recorder]: saved point 624: x=96.046, y=-96.892, yaw=0.086, mode=straight
[INFO] [1784628829.625480718] [route_recorder]: saved point 625: x=96.285, y=-96.885, yaw=0.058, mode=straight
[INFO] [1784628830.122524428] [route_recorder]: saved point 626: x=96.681, y=-96.903, yaw=0.062, mode=straight
[INFO] [1784628830.633129443] [route_recorder]: saved point 627: x=96.998, y=-96.918, yaw=0.068, mode=straight
[INFO] [1784628830.800499017] [route_recorder]: saved point 628: x=97.254, y=-96.915, yaw=0.083, mode=straight
[INFO] [1784628831.195103563] [route_recorder]: saved point 629: x=97.541, y=-96.911, yaw=0.075, mode=straight
[INFO] [1784628831.594290936] [route_recorder]: saved point 630: x=97.825, y=-96.907, yaw=0.066, mode=straight
[INFO] [1784628832.052953974] [route_recorder]: saved point 631: x=98.186, y=-96.918, yaw=0.078, mode=straight
[INFO] [1784628832.113801111] [route_recorder]: saved point 632: x=98.405, y=-96.938, yaw=0.078, mode=straight
[INFO] [1784628832.353899807] [route_recorder]: saved point 633: x=98.629, y=-96.934, yaw=0.051, mode=straight
[INFO] [1784628832.684424041] [route_recorder]: saved point 634: x=98.950, y=-96.962, yaw=0.074, mode=straight
[INFO] [1784628832.856485655] [route_recorder]: saved point 635: x=99.174, y=-96.980, yaw=0.076, mode=straight
[INFO] [1784628833.314164588] [route_recorder]: saved point 636: x=99.556, y=-96.939, yaw=0.101, mode=straight
[INFO] [1784628833.511660296] [route_recorder]: saved point 637: x=99.825, y=-96.928, yaw=0.079, mode=straight
[INFO] [1784628833.936948678] [route_recorder]: saved point 638: x=100.127, y=-96.939, yaw=0.089, mode=straight
[INFO] [1784628834.384537394] [route_recorder]: saved point 639: x=100.416, y=-96.993, yaw=0.048, mode=straight
[INFO] [1784628834.721729300] [route_recorder]: saved point 640: x=100.721, y=-96.987, yaw=0.041, mode=straight
[INFO] [1784628835.222875994] [route_recorder]: saved point 641: x=101.107, y=-97.016, yaw=0.027, mode=straight
[INFO] [1784628835.652918438] [route_recorder]: saved point 642: x=101.351, y=-97.060, yaw=0.023, mode=straight
[INFO] [1784628836.069268372] [route_recorder]: saved point 643: x=101.660, y=-97.088, yaw=0.035, mode=straight
[INFO] [1784628836.387073260] [route_recorder]: saved point 644: x=102.047, y=-97.161, yaw=0.035, mode=straight
[INFO] [1784628836.691050641] [route_recorder]: saved point 645: x=102.520, y=-97.193, yaw=0.037, mode=straight
[INFO] [1784628837.222379045] [route_recorder]: saved point 646: x=102.860, y=-97.176, yaw=0.037, mode=straight
[INFO] [1784628837.828040326] [route_recorder]: saved point 647: x=103.196, y=-97.197, yaw=0.047, mode=straight
[INFO] [1784628838.165442753] [route_recorder]: saved point 648: x=103.459, y=-97.202, yaw=0.046, mode=straight
[INFO] [1784628838.450431581] [route_recorder]: saved point 649: x=103.832, y=-97.242, yaw=0.035, mode=straight
[INFO] [1784628838.974754529] [route_recorder]: saved point 650: x=104.245, y=-97.248, yaw=0.040, mode=straight
[INFO] [1784628839.638554873] [route_recorder]: saved point 651: x=104.563, y=-97.245, yaw=0.053, mode=straight
[INFO] [1784628839.933460873] [route_recorder]: saved point 652: x=104.850, y=-97.297, yaw=0.064, mode=straight
[INFO] [1784628840.321113645] [route_recorder]: saved point 653: x=105.214, y=-97.277, yaw=0.061, mode=straight
[INFO] [1784628840.583667125] [route_recorder]: saved point 654: x=105.448, y=-97.283, yaw=0.087, mode=straight
[INFO] [1784628840.884883922] [route_recorder]: saved point 655: x=105.676, y=-97.320, yaw=0.089, mode=straight
[INFO] [1784628841.155455214] [route_recorder]: saved point 656: x=105.898, y=-97.332, yaw=0.071, mode=straight
[INFO] [1784628841.388936963] [route_recorder]: saved point 657: x=106.143, y=-97.301, yaw=0.078, mode=straight
[INFO] [1784628841.974638295] [route_recorder]: saved point 658: x=106.399, y=-97.277, yaw=0.098, mode=straight
[INFO] [1784628842.461026235] [route_recorder]: saved point 659: x=106.654, y=-97.326, yaw=0.078, mode=straight
[INFO] [1784628842.884603682] [route_recorder]: saved point 660: x=106.893, y=-97.339, yaw=0.023, mode=straight
[INFO] [1784628843.081743935] [route_recorder]: saved point 661: x=107.077, y=-97.220, yaw=0.024, mode=straight
[INFO] [1784628843.416004430] [route_recorder]: saved point 662: x=107.474, y=-97.126, yaw=0.026, mode=straight
[INFO] [1784628843.700698838] [route_recorder]: saved point 663: x=107.716, y=-97.317, yaw=0.043, mode=straight
[INFO] [1784628844.089638339] [route_recorder]: saved point 664: x=107.983, y=-97.412, yaw=0.046, mode=straight
[INFO] [1784628844.318872557] [route_recorder]: saved point 665: x=108.241, y=-97.426, yaw=0.035, mode=straight
[INFO] [1784628844.526417136] [route_recorder]: saved point 666: x=108.485, y=-97.426, yaw=0.043, mode=straight
[INFO] [1784628844.815276116] [route_recorder]: saved point 667: x=108.781, y=-97.443, yaw=0.043, mode=straight
[INFO] [1784628844.997040893] [route_recorder]: saved point 668: x=109.050, y=-97.485, yaw=0.028, mode=straight
[INFO] [1784628845.486411424] [route_recorder]: saved point 669: x=109.548, y=-97.519, yaw=0.034, mode=straight
[INFO] [1784628845.627217839] [route_recorder]: saved point 670: x=109.846, y=-97.554, yaw=0.046, mode=straight
[INFO] [1784628845.988825229] [route_recorder]: saved point 671: x=110.186, y=-97.589, yaw=0.041, mode=straight
[INFO] [1784628846.288122267] [route_recorder]: saved point 672: x=110.470, y=-97.624, yaw=0.052, mode=straight
[INFO] [1784628846.860704816] [route_recorder]: saved point 673: x=110.807, y=-97.616, yaw=0.042, mode=straight
[INFO] [1784628847.023235701] [route_recorder]: saved point 674: x=111.085, y=-97.650, yaw=0.037, mode=straight
[INFO] [1784628847.298534454] [route_recorder]: saved point 675: x=111.306, y=-97.734, yaw=-0.091, mode=straight
[INFO] [1784628847.825189950] [route_recorder]: saved point 676: x=111.558, y=-97.846, yaw=-0.125, mode=straight
[INFO] [1784628848.172481804] [route_recorder]: saved point 677: x=111.797, y=-97.946, yaw=-0.158, mode=straight
[INFO] [1784628848.682984471] [route_recorder]: saved point 678: x=112.192, y=-98.115, yaw=-0.169, mode=straight
[INFO] [1784628849.178275783] [route_recorder]: saved point 679: x=112.459, y=-98.198, yaw=-0.164, mode=straight
[INFO] [1784628849.884763141] [route_recorder]: saved point 680: x=112.886, y=-98.449, yaw=-0.191, mode=straight
[INFO] [1784628850.279350450] [route_recorder]: saved point 681: x=113.100, y=-98.532, yaw=-0.180, mode=straight
[INFO] [1784628850.441684259] [route_recorder]: saved point 682: x=113.354, y=-98.611, yaw=-0.195, mode=straight
[INFO] [1784628850.615230039] [route_recorder]: saved point 683: x=113.576, y=-98.735, yaw=-0.238, mode=straight
[INFO] [1784628851.124711561] [route_recorder]: saved point 684: x=113.928, y=-98.932, yaw=-0.283, mode=straight
[INFO] [1784628851.531100913] [route_recorder]: saved point 685: x=114.273, y=-99.147, yaw=-0.283, mode=straight
[INFO] [1784628851.814684774] [route_recorder]: saved point 686: x=114.448, y=-99.254, yaw=-0.288, mode=straight
[INFO] [1784628851.962603342] [route_recorder]: saved point 687: x=114.657, y=-99.353, yaw=-0.286, mode=straight
[INFO] [1784628852.293899351] [route_recorder]: saved point 688: x=114.988, y=-99.522, yaw=-0.276, mode=straight
[INFO] [1784628852.625624480] [route_recorder]: saved point 689: x=115.203, y=-99.685, yaw=-0.286, mode=straight
[INFO] [1784628852.821228666] [route_recorder]: saved point 690: x=115.440, y=-99.802, yaw=-0.266, mode=straight
[INFO] [1784628853.009746608] [route_recorder]: saved point 691: x=115.622, y=-99.900, yaw=-0.270, mode=straight
[INFO] [1784628853.261744176] [route_recorder]: saved point 692: x=115.874, y=-100.034, yaw=-0.277, mode=straight
[INFO] [1784628853.535468218] [route_recorder]: saved point 693: x=116.213, y=-100.213, yaw=-0.278, mode=straight
[INFO] [1784628854.096891063] [route_recorder]: saved point 694: x=116.434, y=-100.427, yaw=-0.379, mode=turn
[INFO] [1784628854.293325125] [route_recorder]: saved point 695: x=116.567, y=-100.539, yaw=-0.386, mode=straight
[INFO] [1784628854.849606468] [route_recorder]: saved point 696: x=116.779, y=-100.740, yaw=-0.376, mode=straight
[INFO] [1784628855.052394904] [route_recorder]: saved point 697: x=117.095, y=-100.978, yaw=-0.391, mode=straight
[INFO] [1784628855.419058952] [route_recorder]: saved point 698: x=117.446, y=-101.180, yaw=-0.380, mode=straight
[INFO] [1784628855.766551928] [route_recorder]: saved point 699: x=117.700, y=-101.461, yaw=-0.382, mode=straight
[INFO] [1784628856.081055470] [route_recorder]: saved point 700: x=117.950, y=-101.621, yaw=-0.365, mode=straight
[INFO] [1784628856.434636766] [route_recorder]: saved point 701: x=118.184, y=-101.803, yaw=-0.374, mode=straight
[INFO] [1784628856.706003262] [route_recorder]: saved point 702: x=118.418, y=-101.977, yaw=-0.406, mode=straight
[INFO] [1784628857.167067971] [route_recorder]: saved point 703: x=118.620, y=-102.148, yaw=-0.393, mode=straight
[INFO] [1784628857.495609985] [route_recorder]: saved point 704: x=118.679, y=-102.419, yaw=-0.422, mode=straight
[INFO] [1784628857.692064322] [route_recorder]: saved point 705: x=118.805, y=-102.605, yaw=-0.434, mode=straight
[INFO] [1784628857.919542113] [route_recorder]: saved point 706: x=119.106, y=-102.736, yaw=-0.434, mode=straight
[INFO] [1784628858.087052181] [route_recorder]: saved point 707: x=119.326, y=-102.820, yaw=-0.438, mode=straight
[INFO] [1784628858.401310567] [route_recorder]: saved point 708: x=119.512, y=-102.937, yaw=-0.422, mode=straight
[INFO] [1784628858.547116992] [route_recorder]: saved point 709: x=119.882, y=-103.201, yaw=-0.423, mode=straight
[INFO] [1784628859.078825180] [route_recorder]: saved point 710: x=120.090, y=-103.477, yaw=-0.447, mode=straight
[INFO] [1784628859.421445358] [route_recorder]: saved point 711: x=120.328, y=-103.691, yaw=-0.418, mode=straight
[INFO] [1784628859.577676226] [route_recorder]: saved point 712: x=120.473, y=-103.832, yaw=-0.442, mode=straight
[INFO] [1784628859.908600042] [route_recorder]: saved point 713: x=120.706, y=-104.001, yaw=-0.440, mode=straight
[INFO] [1784628860.079444269] [route_recorder]: saved point 714: x=120.941, y=-104.218, yaw=-0.418, mode=straight
[INFO] [1784628860.424805514] [route_recorder]: saved point 715: x=121.239, y=-104.397, yaw=-0.409, mode=straight
[INFO] [1784628860.621603381] [route_recorder]: saved point 716: x=121.455, y=-104.600, yaw=-0.420, mode=straight
[INFO] [1784628860.854433697] [route_recorder]: saved point 717: x=121.602, y=-104.740, yaw=-0.403, mode=straight
[INFO] [1784628861.194405600] [route_recorder]: saved point 718: x=121.815, y=-104.980, yaw=-0.419, mode=straight
[INFO] [1784628861.509676657] [route_recorder]: saved point 719: x=122.047, y=-105.160, yaw=-0.455, mode=straight
[INFO] [1784628862.057015883] [route_recorder]: saved point 720: x=122.285, y=-105.393, yaw=-0.450, mode=straight
[INFO] [1784628862.576458244] [route_recorder]: saved point 721: x=122.624, y=-105.661, yaw=-0.436, mode=straight
[INFO] [1784628862.864163115] [route_recorder]: saved point 722: x=122.808, y=-105.913, yaw=-0.488, mode=straight
[INFO] [1784628863.187690106] [route_recorder]: saved point 723: x=123.055, y=-106.077, yaw=-0.475, mode=straight
[INFO] [1784628863.487620643] [route_recorder]: saved point 724: x=123.241, y=-106.268, yaw=-0.482, mode=straight
[INFO] [1784628863.635982517] [route_recorder]: saved point 725: x=123.401, y=-106.422, yaw=-0.484, mode=straight
[INFO] [1784628863.942867663] [route_recorder]: saved point 726: x=123.581, y=-106.641, yaw=-0.485, mode=straight
[INFO] [1784628864.330818795] [route_recorder]: saved point 727: x=123.741, y=-106.799, yaw=-0.498, mode=straight
[INFO] [1784628864.414420123] [route_recorder]: saved point 728: x=124.010, y=-107.116, yaw=-0.484, mode=straight
[INFO] [1784628864.802679973] [route_recorder]: saved point 729: x=124.275, y=-107.494, yaw=-0.479, mode=straight
[INFO] [1784628865.159899527] [route_recorder]: saved point 730: x=124.564, y=-107.680, yaw=-0.470, mode=straight
[INFO] [1784628865.317046730] [route_recorder]: saved point 731: x=124.850, y=-107.888, yaw=-0.495, mode=straight
[INFO] [1784628865.454724611] [route_recorder]: saved point 732: x=125.183, y=-108.112, yaw=-0.501, mode=straight
[INFO] [1784628865.612698285] [route_recorder]: saved point 733: x=125.375, y=-108.326, yaw=-0.502, mode=straight
[INFO] [1784628865.919400603] [route_recorder]: saved point 734: x=125.532, y=-108.489, yaw=-0.505, mode=straight
[INFO] [1784628866.520607417] [route_recorder]: saved point 735: x=125.743, y=-108.813, yaw=-0.493, mode=straight
[INFO] [1784628867.004803552] [route_recorder]: saved point 736: x=125.949, y=-109.018, yaw=-0.483, mode=straight
[INFO] [1784628867.499036870] [route_recorder]: saved point 737: x=126.150, y=-109.270, yaw=-0.497, mode=straight
[INFO] [1784628867.935369664] [route_recorder]: saved point 738: x=126.344, y=-109.444, yaw=-0.527, mode=straight
[INFO] [1784628868.955019642] [route_recorder]: saved point 739: x=126.532, y=-109.604, yaw=-0.484, mode=straight
[INFO] [1784628869.437519824] [route_recorder]: saved point 740: x=126.579, y=-109.858, yaw=-0.486, mode=straight
[INFO] [1784628870.723740315] [route_recorder]: saved point 741: x=127.090, y=-110.318, yaw=-0.443, mode=straight
[INFO] [1784628871.218144645] [route_recorder]: saved point 742: x=127.414, y=-110.829, yaw=-0.438, mode=straight
[INFO] [1784628872.268572827] [route_recorder]: saved point 743: x=127.585, y=-111.147, yaw=-0.428, mode=straight
[INFO] [1784628873.348137830] [route_recorder]: saved point 744: x=127.950, y=-111.681, yaw=-0.506, mode=straight
[INFO] [1784628874.594963176] [route_recorder]: saved point 745: x=128.366, y=-112.016, yaw=-0.476, mode=straight
[INFO] [1784628875.909908283] [route_recorder]: saved point 746: x=128.548, y=-112.215, yaw=-0.490, mode=straight
[INFO] [1784628876.531431846] [route_recorder]: saved point 747: x=128.797, y=-112.498, yaw=-0.493, mode=straight
[INFO] [1784628877.483215020] [route_recorder]: saved point 748: x=129.016, y=-112.677, yaw=-0.456, mode=straight
[WARN] [1784628877.631488749] [route_recorder]: large source gap cannot be safely interpolated: incoming_track_mismatch 26.7deg exceeds 25.0deg
[WARN] [1784628877.632625817] [route_recorder]: large source gap streak 1/5: gap=1.587m exceeds 1.500m
[INFO] [1784628877.634420293] [route_recorder]: saved point 749: x=129.534, y=-114.177, yaw=-0.426, mode=straight
[WARN] [1784628877.822863576] [route_recorder]: large source gap streak 2/5: gap=1.869m exceeds 1.500m
[INFO] [1784628877.828823812] [route_recorder]: saved point 750: x=129.945, y=-116.000, yaw=-0.375, mode=straight
[WARN] [1784628878.048778339] [route_recorder]: odometry motion implausible: step=2.618m, dt=0.609s, speed=4.301m/s, allowed_step=2.535m
[WARN] [1784628878.286731450] [route_recorder]: odometry motion implausible: step=2.302m, dt=0.496s, speed=4.645m/s, allowed_step=2.082m
[WARN] [1784628878.474080822] [route_recorder]: odometry motion implausible: step=3.968m, dt=0.700s, speed=5.671m/s, allowed_step=2.899m
[ERROR] [1784628878.475078645] [route_recorder]: RECORDING_FAILED: odometry motion implausible: step=3.968m, dt=0.700s, speed=5.671m/s, allowed_step=2.899m; consecutive_anomalies=3; stopping recorder and retaining diagnostics
[ERROR] [1784628878.874177336] [route_recorder]: RECORDING_FAILED: final CSV quality validation failed: odometry motion implausible: step=3.968m, dt=0.700s, speed=5.671m/s, allowed_step=2.899m; consecutive_anomalies=3; 2 large source gap(s) cannot be safely interpolated; max=1.587m
[ERROR] [1784628878.875099649] [route_recorder]: invalid route retained at: /home/unitree/go2_fastlio_ws/src/go2_fastlio_patrol/routes/invalid/xbf0721-11.invalid_20260721_181438.csv
[INFO] [1784628878.889977688] [route_recorder]: quality report saved: /home/unitree/go2_fastlio_ws/src/go2_fastlio_patrol/routes/quality/xbf0721-11.quality.json
[ERROR] [1784628878.893895903] [route_recorder]: RECORDING_FAILED: odometry motion implausible: step=3.968m, dt=0.700s, speed=5.671m/s, allowed_step=2.899m; consecutive_anomalies=3; 2 large source gap(s) cannot be safely interpolated; max=1.587m
