[INFO] [1782621713.893484004] [route_recorder]: route_recorder started
[INFO] [1782621713.894594213] [route_recorder]: odom_topic: /Odometry
[INFO] [1782621713.895759046] [route_recorder]: route_file: /home/unitree/go2_fastlio_ws/src/go2_fastlio_patrol/routes/route_test_0520.csv
[INFO] [1782621713.897917576] [route_recorder]: min_distance: 0.4
[INFO] [1782621713.957438526] [route_recorder]: saved point 0: x=-0.003, y=-0.002, yaw=0.001
[INFO] [1782621724.166961787] [route_recorder]: saved point 1: x=0.403, y=0.004, yaw=0.032
[INFO] [1782621724.727096213] [route_recorder]: saved point 2: x=0.839, y=-0.019, yaw=0.006
[INFO] [1782621725.294324533] [route_recorder]: saved point 3: x=1.269, y=-0.004, yaw=0.017
[INFO] [1782621725.859144466] [route_recorder]: saved point 4: x=1.715, y=-0.001, yaw=0.013
[INFO] [1782621726.523092490] [route_recorder]: saved point 5: x=2.127, y=-0.037, yaw=-0.049
[INFO] [1782621727.232202762] [route_recorder]: saved point 6: x=2.602, y=-0.052, yaw=-0.052
[INFO] [1782621727.693384234] [route_recorder]: saved point 7: x=3.036, y=-0.087, yaw=-0.075
[INFO] [1782621728.170766841] [route_recorder]: saved point 8: x=3.469, y=-0.135, yaw=-0.067
[INFO] [1782621728.643938884] [route_recorder]: saved point 9: x=3.895, y=-0.193, yaw=-0.119
[INFO] [1782621729.134573630] [route_recorder]: saved point 10: x=4.333, y=-0.262, yaw=-0.117
[INFO] [1782621729.613681999] [route_recorder]: saved point 11: x=4.775, y=-0.303, yaw=-0.117
[INFO] [1782621730.070790635] [route_recorder]: saved point 12: x=5.241, y=-0.364, yaw=-0.116
[INFO] [1782621730.539367698] [route_recorder]: saved point 13: x=5.687, y=-0.441, yaw=-0.129
[INFO] [1782621731.019504771] [route_recorder]: saved point 14: x=6.170, y=-0.490, yaw=-0.141
[INFO] [1782621731.487048585] [route_recorder]: saved point 15: x=6.630, y=-0.545, yaw=-0.126
[INFO] [1782621731.964777369] [route_recorder]: saved point 16: x=7.068, y=-0.620, yaw=-0.134
[INFO] [1782621732.445278890] [route_recorder]: saved point 17: x=7.572, y=-0.655, yaw=-0.114
[INFO] [1782621732.918155253] [route_recorder]: saved point 18: x=8.038, y=-0.706, yaw=-0.100
[INFO] [1782621733.374423345] [route_recorder]: saved point 19: x=8.502, y=-0.736, yaw=-0.102
[INFO] [1782621733.871418257] [route_recorder]: saved point 20: x=8.964, y=-0.798, yaw=-0.090
[INFO] [1782621734.363376781] [route_recorder]: saved point 21: x=9.417, y=-0.828, yaw=-0.091
[INFO] [1782621734.867076468] [route_recorder]: saved point 22: x=9.877, y=-0.876, yaw=-0.100
[INFO] [1782621735.362125362] [route_recorder]: saved point 23: x=10.353, y=-0.911, yaw=-0.093
[INFO] [1782621735.870836542] [route_recorder]: saved point 24: x=10.767, y=-0.975, yaw=-0.158
[INFO] [1782621736.380728970] [route_recorder]: saved point 25: x=11.203, y=-1.060, yaw=-0.159
[INFO] [1782621736.875595720] [route_recorder]: saved point 26: x=11.658, y=-1.104, yaw=-0.157
[INFO] [1782621737.396368350] [route_recorder]: saved point 27: x=12.126, y=-1.185, yaw=-0.156
[INFO] [1782621737.899421220] [route_recorder]: saved point 28: x=12.581, y=-1.258, yaw=-0.162
[INFO] [1782621738.379974902] [route_recorder]: saved point 29: x=13.030, y=-1.345, yaw=-0.153
[INFO] [1782621738.842040375] [route_recorder]: saved point 30: x=13.491, y=-1.414, yaw=-0.155
[INFO] [1782621739.223301263] [route_recorder]: saved point 31: x=13.904, y=-1.452, yaw=-0.142
[INFO] [1782621739.733645596] [route_recorder]: saved point 32: x=14.356, y=-1.538, yaw=-0.140
[INFO] [1782621740.241472070] [route_recorder]: saved point 33: x=14.824, y=-1.614, yaw=-0.137
[INFO] [1782621740.749437904] [route_recorder]: saved point 34: x=15.284, y=-1.658, yaw=-0.134
[INFO] [1782621741.261870911] [route_recorder]: saved point 35: x=15.723, y=-1.702, yaw=-0.119
[INFO] [1782621741.762678275] [route_recorder]: saved point 36: x=16.180, y=-1.772, yaw=-0.124
[INFO] [1782621742.170150354] [route_recorder]: saved point 37: x=16.580, y=-1.818, yaw=-0.105
[INFO] [1782621742.692258154] [route_recorder]: saved point 38: x=17.058, y=-1.840, yaw=-0.101
[INFO] [1782621743.194783855] [route_recorder]: saved point 39: x=17.493, y=-1.931, yaw=-0.195
[INFO] [1782621743.801057490] [route_recorder]: saved point 40: x=17.934, y=-2.086, yaw=-0.300
[INFO] [1782621744.301233686] [route_recorder]: saved point 41: x=18.370, y=-2.228, yaw=-0.289
[INFO] [1782621744.816262534] [route_recorder]: saved point 42: x=18.822, y=-2.360, yaw=-0.286
[INFO] [1782621745.324803281] [route_recorder]: saved point 43: x=19.287, y=-2.492, yaw=-0.272
[INFO] [1782621745.817340142] [route_recorder]: saved point 44: x=19.740, y=-2.650, yaw=-0.274
[INFO] [1782621746.324812024] [route_recorder]: saved point 45: x=20.168, y=-2.752, yaw=-0.264
[INFO] [1782621746.835997093] [route_recorder]: saved point 46: x=20.618, y=-2.881, yaw=-0.251
[INFO] [1782621747.242037043] [route_recorder]: saved point 47: x=21.006, y=-2.979, yaw=-0.233
[INFO] [1782621747.750172702] [route_recorder]: saved point 48: x=21.445, y=-3.065, yaw=-0.216
[INFO] [1782621748.253977957] [route_recorder]: saved point 49: x=21.919, y=-3.171, yaw=-0.212
[INFO] [1782621748.778119550] [route_recorder]: saved point 50: x=22.343, y=-3.285, yaw=-0.205
[INFO] [1782621749.322196137] [route_recorder]: saved point 51: x=22.784, y=-3.374, yaw=-0.198
[INFO] [1782621749.737795936] [route_recorder]: saved point 52: x=23.250, y=-3.452, yaw=-0.189
[INFO] [1782621750.211939948] [route_recorder]: saved point 53: x=23.688, y=-3.558, yaw=-0.199
[INFO] [1782621750.725878107] [route_recorder]: saved point 54: x=24.138, y=-3.593, yaw=-0.177
[INFO] [1782621751.236811017] [route_recorder]: saved point 55: x=24.613, y=-3.687, yaw=-0.170
[INFO] [1782621751.758227743] [route_recorder]: saved point 56: x=25.086, y=-3.793, yaw=-0.176
[INFO] [1782621752.267192490] [route_recorder]: saved point 57: x=25.556, y=-3.860, yaw=-0.167
[INFO] [1782621752.772326450] [route_recorder]: saved point 58: x=26.022, y=-3.952, yaw=-0.165
[INFO] [1782621753.291537191] [route_recorder]: saved point 59: x=26.472, y=-4.017, yaw=-0.153
[INFO] [1782621753.797283791] [route_recorder]: saved point 60: x=26.935, y=-4.073, yaw=-0.153
[INFO] [1782621754.303956504] [route_recorder]: saved point 61: x=27.404, y=-4.162, yaw=-0.151
[INFO] [1782621754.806481406] [route_recorder]: saved point 62: x=27.852, y=-4.229, yaw=-0.149
[INFO] [1782621755.324060561] [route_recorder]: saved point 63: x=28.308, y=-4.297, yaw=-0.144
[INFO] [1782621755.832537340] [route_recorder]: saved point 64: x=28.763, y=-4.382, yaw=-0.133
[INFO] [1782621756.343805705] [route_recorder]: saved point 65: x=29.218, y=-4.413, yaw=-0.128
[INFO] [1782621756.853148661] [route_recorder]: saved point 66: x=29.618, y=-4.486, yaw=-0.118
[INFO] [1782621757.353813369] [route_recorder]: saved point 67: x=30.047, y=-4.538, yaw=-0.109
[INFO] [1782621757.867914025] [route_recorder]: saved point 68: x=30.470, y=-4.558, yaw=-0.094
[INFO] [1782621758.466561157] [route_recorder]: saved point 69: x=30.899, y=-4.585, yaw=-0.089
[INFO] [1782621759.071403687] [route_recorder]: saved point 70: x=31.369, y=-4.620, yaw=-0.078
[INFO] [1782621759.588553338] [route_recorder]: saved point 71: x=31.789, y=-4.655, yaw=-0.086
[INFO] [1782621759.992800678] [route_recorder]: saved point 72: x=32.193, y=-4.723, yaw=-0.109
[INFO] [1782621760.407797981] [route_recorder]: saved point 73: x=32.590, y=-4.781, yaw=-0.093
[INFO] [1782621760.804307587] [route_recorder]: saved point 74: x=33.002, y=-4.829, yaw=-0.108
[INFO] [1782621761.121205089] [route_recorder]: saved point 75: x=33.425, y=-4.778, yaw=0.112
[INFO] [1782621761.423415473] [route_recorder]: saved point 76: x=33.848, y=-4.700, yaw=0.117
[INFO] [1782621761.725351810] [route_recorder]: saved point 77: x=34.247, y=-4.631, yaw=0.126
[INFO] [1782621762.038893373] [route_recorder]: saved point 78: x=34.640, y=-4.534, yaw=0.120
[INFO] [1782621762.451106929] [route_recorder]: saved point 79: x=35.169, y=-4.450, yaw=0.115
[INFO] [1782621762.758263878] [route_recorder]: saved point 80: x=35.571, y=-4.393, yaw=0.108
[INFO] [1782621763.170556474] [route_recorder]: saved point 81: x=36.063, y=-4.321, yaw=0.061
[INFO] [1782621763.581595533] [route_recorder]: saved point 82: x=36.492, y=-4.237, yaw=0.108
[INFO] [1782621764.090202040] [route_recorder]: saved point 83: x=36.952, y=-4.200, yaw=0.122
[INFO] [1782621764.495895046] [route_recorder]: saved point 84: x=37.358, y=-4.143, yaw=0.122
[INFO] [1782621764.904821495] [route_recorder]: saved point 85: x=37.782, y=-4.069, yaw=0.122
[INFO] [1782621765.319283949] [route_recorder]: saved point 86: x=38.176, y=-3.992, yaw=0.107
[INFO] [1782621765.727019485] [route_recorder]: saved point 87: x=38.578, y=-3.970, yaw=0.102
[INFO] [1782621766.243983856] [route_recorder]: saved point 88: x=39.053, y=-3.897, yaw=0.109
[INFO] [1782621766.649682142] [route_recorder]: saved point 89: x=39.482, y=-3.810, yaw=0.113
[INFO] [1782621767.060363856] [route_recorder]: saved point 90: x=39.891, y=-3.763, yaw=0.129
[INFO] [1782621767.492924983] [route_recorder]: saved point 91: x=40.289, y=-3.684, yaw=0.129
[INFO] [1782621767.890819230] [route_recorder]: saved point 92: x=40.721, y=-3.635, yaw=0.126
[INFO] [1782621768.304404019] [route_recorder]: saved point 93: x=41.150, y=-3.573, yaw=0.132
[INFO] [1782621768.816680417] [route_recorder]: saved point 94: x=41.639, y=-3.507, yaw=0.129
[INFO] [1782621769.233258425] [route_recorder]: saved point 95: x=42.078, y=-3.428, yaw=0.130
[INFO] [1782621769.677310634] [route_recorder]: saved point 96: x=42.504, y=-3.367, yaw=0.120
[INFO] [1782621770.005209010] [route_recorder]: saved point 97: x=42.904, y=-3.281, yaw=0.107
[INFO] [1782621770.480592351] [route_recorder]: saved point 98: x=43.366, y=-3.202, yaw=0.125
[INFO] [1782621770.855374193] [route_recorder]: saved point 99: x=43.767, y=-3.143, yaw=0.124
[INFO] [1782621775.345814310] [route_recorder]: route_recorder stopped by Ctrl+C
