[INFO] [1784812081.132654066] [waypoint_follower]: simple csv waypoint_follower started: sequential line-lock controller
[INFO] [1784812081.139675722] [waypoint_follower]: route_file=/home/unitree/go2_fastlio_ws/src/go2_fastlio_patrol/test/line_corner_route.csv, points=17, length=4.00m, loop_mode=once
[INFO] [1784812081.145242837] [waypoint_follower]: single_controller: ordered CSV tangent plus continuous cross-track correction, vy=0, deadband=0.030m, lookahead=0.50m, max_correction=12.0deg, course_window=0.80s, course_min_distance=0.12m, minimum_moving_speed=0.35m/s
[INFO] [1784812081.150575194] [waypoint_follower]: corner: angle=30.0deg, slowdown=0.90m, reach=0.20m; same controller remains active through corners
[INFO] [1784812081.156029410] [waypoint_follower]: progress policy: advance every passed ordered CSV gate; nearest-route projection and lateral gate lock disabled
[INFO] [1784812081.161480522] [waypoint_follower]: feedback policy: hard freshness uses local receive time; message stamp age is diagnostic only; normal<=0.60s, slow<=1.20s, hold>=2.00s, recovery_samples=5
[INFO] [1784812081.166606536] [waypoint_follower]: deviation policy: emergency=1.50m/1.0s
[WARN] [1784812084.135092034] [waypoint_follower]: waiting for fresh odometry before patrol: receive_gap=infs, stamp_age=60.002s, fresh=1/5
[INFO] [1784812084.463443399] [waypoint_follower]: route start aligned: distance=0.000m, yaw_error=0.0deg, first_segment=0->1
[INFO] [1784812084.492686636] [waypoint_follower]: mode=TRACK, reason=continuous_csv_tracking, feedback=NORMAL, odom_receive_age=0.029s, odom_stamp_age=60.002s, motion_scale=1.00, dir=1, segment=0->1, s=0.00/4.00, pose=(0.000,0.000,0.000), route_yaw=0.000, guide_yaw=0.000, line_error=0.000m, cross_velocity=0.000m/s, predicted_line_error=0.000m, correction_angle=0.0deg, target_heading=0.000, heading_feedback=body:0.000, course_yaw=nan, course_speed=0.000m/s, body_course_slip=0.0deg, course_route_error=infdeg, heading_error=0.0deg, remaining=0.250m, corner_remaining=-1.000m, next_turn=0.0deg, cmd=(0.030,0.000,0.000)
[INFO] [1784812085.492647689] [waypoint_follower]: mode=TRACK, reason=continuous_csv_tracking, feedback=NORMAL, odom_receive_age=0.212s, odom_stamp_age=60.001s, motion_scale=1.00, dir=1, segment=0->1, s=0.00/4.00, pose=(0.000,0.000,0.000), route_yaw=0.000, guide_yaw=0.000, line_error=0.000m, cross_velocity=0.000m/s, predicted_line_error=0.000m, correction_angle=0.0deg, target_heading=0.000, heading_feedback=body:0.000, course_yaw=nan, course_speed=0.000m/s, body_course_slip=0.0deg, course_route_error=infdeg, heading_error=0.0deg, remaining=0.250m, corner_remaining=-1.000m, next_turn=0.0deg, cmd=(0.500,0.000,0.000)
[WARN] [1784812085.892410472] [waypoint_follower]: feedback mode=DEGRADED, odom_receive_age=0.612s, odom_stamp_age=60.001s, motion_scale=0.99
[WARN] [1784812086.492269694] [waypoint_follower]: feedback mode=DECELERATE, odom_receive_age=1.212s, odom_stamp_age=60.001s, motion_scale=0.50
[INFO] [1784812086.493398913] [waypoint_follower]: mode=TRACK, reason=continuous_csv_tracking, feedback=DECELERATE, odom_receive_age=1.212s, odom_stamp_age=60.001s, motion_scale=0.50, dir=1, segment=0->1, s=0.00/4.00, pose=(0.000,0.000,0.000), route_yaw=0.000, guide_yaw=0.000, line_error=0.000m, cross_velocity=0.000m/s, predicted_line_error=0.000m, correction_angle=0.0deg, target_heading=0.000, heading_feedback=body:0.000, course_yaw=nan, course_speed=0.000m/s, body_course_slip=0.0deg, course_route_error=infdeg, heading_error=0.0deg, remaining=0.250m, corner_remaining=-1.000m, next_turn=0.0deg, cmd=(0.350,0.000,0.000)
[ERROR] [1784812087.292134473] [waypoint_follower]: odometry stream stopped; smoothly hold and wait for automatic recovery: receive_age=2.012s, stamp_age=60.001s
[WARN] [1784812087.293024677] [waypoint_follower]: patrol waiting for fresh odometry: receive_age=2.012s, stamp_age=60.001s, fresh=0/5; auto-resume enabled
[WARN] [1784812088.292473562] [waypoint_follower]: patrol waiting for fresh odometry: receive_age=3.012s, stamp_age=60.001s, fresh=0/5; auto-resume enabled
[WARN] [1784812089.342267746] [waypoint_follower]: patrol waiting for fresh odometry: receive_age=4.062s, stamp_age=60.001s, fresh=0/5; auto-resume enabled
[WARN] [1784812090.342355313] [waypoint_follower]: patrol waiting for fresh odometry: receive_age=5.062s, stamp_age=60.001s, fresh=0/5; auto-resume enabled
[WARN] [1784812091.392204737] [waypoint_follower]: patrol waiting for fresh odometry: receive_age=6.112s, stamp_age=60.001s, fresh=0/5; auto-resume enabled
[WARN] [1784812092.392351351] [waypoint_follower]: patrol waiting for fresh odometry: receive_age=7.112s, stamp_age=60.001s, fresh=0/5; auto-resume enabled
[WARN] [1784812093.442250191] [waypoint_follower]: patrol waiting for fresh odometry: receive_age=8.162s, stamp_age=60.001s, fresh=0/5; auto-resume enabled
[WARN] [1784812094.492353488] [waypoint_follower]: patrol waiting for fresh odometry: receive_age=9.212s, stamp_age=60.001s, fresh=0/5; auto-resume enabled
[WARN] [1784812095.492341643] [waypoint_follower]: patrol waiting for fresh odometry: receive_age=10.212s, stamp_age=60.001s, fresh=0/5; auto-resume enabled
[WARN] [1784812096.492357321] [waypoint_follower]: patrol waiting for fresh odometry: receive_age=11.212s, stamp_age=60.001s, fresh=0/5; auto-resume enabled
[WARN] [1784812097.542450163] [waypoint_follower]: patrol waiting for fresh odometry: receive_age=12.262s, stamp_age=60.001s, fresh=0/5; auto-resume enabled
[WARN] [1784812098.592302489] [waypoint_follower]: patrol waiting for fresh odometry: receive_age=13.312s, stamp_age=60.001s, fresh=0/5; auto-resume enabled
[WARN] [1784812099.642235972] [waypoint_follower]: patrol waiting for fresh odometry: receive_age=14.362s, stamp_age=60.001s, fresh=0/5; auto-resume enabled
[WARN] [1784812100.642352305] [waypoint_follower]: patrol waiting for fresh odometry: receive_age=15.362s, stamp_age=60.001s, fresh=0/5; auto-resume enabled
[WARN] [1784812101.642422112] [waypoint_follower]: patrol waiting for fresh odometry: receive_age=16.362s, stamp_age=60.001s, fresh=0/5; auto-resume enabled
[WARN] [1784812102.692296083] [waypoint_follower]: patrol waiting for fresh odometry: receive_age=17.412s, stamp_age=60.001s, fresh=0/5; auto-resume enabled
[WARN] [1784812103.742310189] [waypoint_follower]: patrol waiting for fresh odometry: receive_age=18.462s, stamp_age=60.001s, fresh=0/5; auto-resume enabled
[WARN] [1784812104.792277608] [waypoint_follower]: patrol waiting for fresh odometry: receive_age=19.512s, stamp_age=60.001s, fresh=0/5; auto-resume enabled
[WARN] [1784812105.842564497] [waypoint_follower]: patrol waiting for fresh odometry: receive_age=20.562s, stamp_age=60.001s, fresh=0/5; auto-resume enabled
[WARN] [1784812106.892476209] [waypoint_follower]: patrol waiting for fresh odometry: receive_age=21.612s, stamp_age=60.001s, fresh=0/5; auto-resume enabled
[WARN] [1784812107.942485784] [waypoint_follower]: patrol waiting for fresh odometry: receive_age=22.663s, stamp_age=60.001s, fresh=0/5; auto-resume enabled
[WARN] [1784812108.993094036] [waypoint_follower]: patrol waiting for fresh odometry: receive_age=23.712s, stamp_age=60.001s, fresh=0/5; auto-resume enabled
[WARN] [1784812109.992596104] [waypoint_follower]: patrol waiting for fresh odometry: receive_age=24.712s, stamp_age=60.001s, fresh=0/5; auto-resume enabled
[WARN] [1784812110.992498540] [waypoint_follower]: patrol waiting for fresh odometry: receive_age=25.712s, stamp_age=60.001s, fresh=0/5; auto-resume enabled
[WARN] [1784812112.042454365] [waypoint_follower]: patrol waiting for fresh odometry: receive_age=26.762s, stamp_age=60.001s, fresh=0/5; auto-resume enabled
[WARN] [1784812113.092360815] [waypoint_follower]: patrol waiting for fresh odometry: receive_age=27.812s, stamp_age=60.001s, fresh=0/5; auto-resume enabled
[WARN] [1784812114.142214147] [waypoint_follower]: patrol waiting for fresh odometry: receive_age=28.862s, stamp_age=60.001s, fresh=0/5; auto-resume enabled
[WARN] [1784812115.142270455] [waypoint_follower]: patrol waiting for fresh odometry: receive_age=29.862s, stamp_age=60.001s, fresh=0/5; auto-resume enabled
[WARN] [1784812116.142376112] [waypoint_follower]: patrol waiting for fresh odometry: receive_age=30.862s, stamp_age=60.001s, fresh=0/5; auto-resume enabled
[WARN] [1784812117.142468906] [waypoint_follower]: patrol waiting for fresh odometry: receive_age=31.862s, stamp_age=60.001s, fresh=0/5; auto-resume enabled
[WARN] [1784812118.142413315] [waypoint_follower]: patrol waiting for fresh odometry: receive_age=32.862s, stamp_age=60.001s, fresh=0/5; auto-resume enabled
[WARN] [1784812119.192224260] [waypoint_follower]: patrol waiting for fresh odometry: receive_age=33.912s, stamp_age=60.001s, fresh=0/5; auto-resume enabled
[WARN] [1784812120.192278534] [waypoint_follower]: patrol waiting for fresh odometry: receive_age=34.912s, stamp_age=60.001s, fresh=0/5; auto-resume enabled
[WARN] [1784812121.242368950] [waypoint_follower]: patrol waiting for fresh odometry: receive_age=35.962s, stamp_age=60.001s, fresh=0/5; auto-resume enabled
[WARN] [1784812122.292176320] [waypoint_follower]: patrol waiting for fresh odometry: receive_age=37.012s, stamp_age=60.001s, fresh=0/5; auto-resume enabled
[WARN] [1784812123.292246411] [waypoint_follower]: patrol waiting for fresh odometry: receive_age=38.012s, stamp_age=60.001s, fresh=0/5; auto-resume enabled
[WARN] [1784812124.292354265] [waypoint_follower]: patrol waiting for fresh odometry: receive_age=39.012s, stamp_age=60.001s, fresh=0/5; auto-resume enabled
[WARN] [1784812125.292594927] [waypoint_follower]: patrol waiting for fresh odometry: receive_age=40.012s, stamp_age=60.001s, fresh=0/5; auto-resume enabled
[WARN] [1784812126.292418554] [waypoint_follower]: patrol waiting for fresh odometry: receive_age=41.012s, stamp_age=60.001s, fresh=0/5; auto-resume enabled
[WARN] [1784812127.342236883] [waypoint_follower]: patrol waiting for fresh odometry: receive_age=42.062s, stamp_age=60.001s, fresh=0/5; auto-resume enabled
[WARN] [1784812128.342972832] [waypoint_follower]: patrol waiting for fresh odometry: receive_age=43.063s, stamp_age=60.001s, fresh=0/5; auto-resume enabled
[WARN] [1784812129.392317584] [waypoint_follower]: patrol waiting for fresh odometry: receive_age=44.112s, stamp_age=60.001s, fresh=0/5; auto-resume enabled
[WARN] [1784812130.392358733] [waypoint_follower]: patrol waiting for fresh odometry: receive_age=45.112s, stamp_age=60.001s, fresh=0/5; auto-resume enabled
[WARN] [1784812131.394840952] [waypoint_follower]: patrol waiting for fresh odometry: receive_age=46.115s, stamp_age=60.001s, fresh=0/5; auto-resume enabled
[WARN] [1784812132.442352824] [waypoint_follower]: patrol waiting for fresh odometry: receive_age=47.162s, stamp_age=60.001s, fresh=0/5; auto-resume enabled
[WARN] [1784812133.492358600] [waypoint_follower]: patrol waiting for fresh odometry: receive_age=48.212s, stamp_age=60.001s, fresh=0/5; auto-resume enabled
[WARN] [1784812134.542208277] [waypoint_follower]: patrol waiting for fresh odometry: receive_age=49.262s, stamp_age=60.001s, fresh=0/5; auto-resume enabled
[WARN] [1784812135.542344483] [waypoint_follower]: patrol waiting for fresh odometry: receive_age=50.262s, stamp_age=60.001s, fresh=0/5; auto-resume enabled
[WARN] [1784812136.542391697] [waypoint_follower]: patrol waiting for fresh odometry: receive_age=51.262s, stamp_age=60.001s, fresh=0/5; auto-resume enabled
[WARN] [1784812137.592186374] [waypoint_follower]: patrol waiting for fresh odometry: receive_age=52.312s, stamp_age=60.001s, fresh=0/5; auto-resume enabled
[WARN] [1784812138.592201112] [waypoint_follower]: patrol waiting for fresh odometry: receive_age=53.312s, stamp_age=60.001s, fresh=0/5; auto-resume enabled
[WARN] [1784812139.592228493] [waypoint_follower]: patrol waiting for fresh odometry: receive_age=54.312s, stamp_age=60.001s, fresh=0/5; auto-resume enabled
[WARN] [1784812140.592389129] [waypoint_follower]: patrol waiting for fresh odometry: receive_age=55.312s, stamp_age=60.001s, fresh=0/5; auto-resume enabled
[WARN] [1784812141.642222442] [waypoint_follower]: patrol waiting for fresh odometry: receive_age=56.362s, stamp_age=60.001s, fresh=0/5; auto-resume enabled
[WARN] [1784812142.642340202] [waypoint_follower]: patrol waiting for fresh odometry: receive_age=57.362s, stamp_age=60.001s, fresh=0/5; auto-resume enabled
[WARN] [1784812143.692260563] [waypoint_follower]: patrol waiting for fresh odometry: receive_age=58.412s, stamp_age=60.001s, fresh=0/5; auto-resume enabled
[WARN] [1784812144.692290358] [waypoint_follower]: patrol waiting for fresh odometry: receive_age=59.412s, stamp_age=60.001s, fresh=0/5; auto-resume enabled
[WARN] [1784812145.692312379] [waypoint_follower]: patrol waiting for fresh odometry: receive_age=60.412s, stamp_age=60.001s, fresh=0/5; auto-resume enabled
[WARN] [1784812146.692324418] [waypoint_follower]: patrol waiting for fresh odometry: receive_age=61.412s, stamp_age=60.001s, fresh=0/5; auto-resume enabled
[WARN] [1784812147.742377755] [waypoint_follower]: patrol waiting for fresh odometry: receive_age=62.462s, stamp_age=60.001s, fresh=0/5; auto-resume enabled
[WARN] [1784812148.742352262] [waypoint_follower]: patrol waiting for fresh odometry: receive_age=63.462s, stamp_age=60.001s, fresh=0/5; auto-resume enabled
[WARN] [1784812149.742345237] [waypoint_follower]: patrol waiting for fresh odometry: receive_age=64.462s, stamp_age=60.001s, fresh=0/5; auto-resume enabled
[WARN] [1784812150.792256882] [waypoint_follower]: patrol waiting for fresh odometry: receive_age=65.512s, stamp_age=60.001s, fresh=0/5; auto-resume enabled
[WARN] [1784812151.842356823] [waypoint_follower]: patrol waiting for fresh odometry: receive_age=66.562s, stamp_age=60.001s, fresh=0/5; auto-resume enabled
[WARN] [1784812152.842379470] [waypoint_follower]: patrol waiting for fresh odometry: receive_age=67.562s, stamp_age=60.001s, fresh=0/5; auto-resume enabled
[WARN] [1784812153.892283379] [waypoint_follower]: patrol waiting for fresh odometry: receive_age=68.612s, stamp_age=60.001s, fresh=0/5; auto-resume enabled
[WARN] [1784812154.942340863] [waypoint_follower]: patrol waiting for fresh odometry: receive_age=69.662s, stamp_age=60.001s, fresh=0/5; auto-resume enabled
[WARN] [1784812155.992380717] [waypoint_follower]: patrol waiting for fresh odometry: receive_age=70.712s, stamp_age=60.001s, fresh=0/5; auto-resume enabled
[WARN] [1784812156.992389199] [waypoint_follower]: patrol waiting for fresh odometry: receive_age=71.712s, stamp_age=60.001s, fresh=0/5; auto-resume enabled
[WARN] [1784812158.042219228] [waypoint_follower]: patrol waiting for fresh odometry: receive_age=72.762s, stamp_age=60.001s, fresh=0/5; auto-resume enabled
[WARN] [1784812159.042384040] [waypoint_follower]: patrol waiting for fresh odometry: receive_age=73.762s, stamp_age=60.001s, fresh=0/5; auto-resume enabled
[WARN] [1784812160.092388993] [waypoint_follower]: patrol waiting for fresh odometry: receive_age=74.812s, stamp_age=60.001s, fresh=0/5; auto-resume enabled
[WARN] [1784812161.092410157] [waypoint_follower]: patrol waiting for fresh odometry: receive_age=75.812s, stamp_age=60.001s, fresh=0/5; auto-resume enabled
[WARN] [1784812162.142325576] [waypoint_follower]: patrol waiting for fresh odometry: receive_age=76.862s, stamp_age=60.001s, fresh=0/5; auto-resume enabled
[WARN] [1784812163.142408060] [waypoint_follower]: patrol waiting for fresh odometry: receive_age=77.862s, stamp_age=60.001s, fresh=0/5; auto-resume enabled
[WARN] [1784812164.192208377] [waypoint_follower]: patrol waiting for fresh odometry: receive_age=78.912s, stamp_age=60.001s, fresh=0/5; auto-resume enabled
[WARN] [1784812165.242397380] [waypoint_follower]: patrol waiting for fresh odometry: receive_age=79.962s, stamp_age=60.001s, fresh=0/5; auto-resume enabled
[WARN] [1784812166.242409661] [waypoint_follower]: patrol waiting for fresh odometry: receive_age=80.962s, stamp_age=60.001s, fresh=0/5; auto-resume enabled
[WARN] [1784812167.292188674] [waypoint_follower]: patrol waiting for fresh odometry: receive_age=82.012s, stamp_age=60.001s, fresh=0/5; auto-resume enabled
[WARN] [1784812168.292292035] [waypoint_follower]: patrol waiting for fresh odometry: receive_age=83.012s, stamp_age=60.001s, fresh=0/5; auto-resume enabled
[WARN] [1784812169.342357910] [waypoint_follower]: patrol waiting