[INFO] [1782635160.675708223] [waypoint_follower]: enhanced waypoint_follower started
[INFO] [1782635160.676925325] [waypoint_follower]: route_file: /home/unitree/go2_fastlio_ws/src/go2_fastlio_patrol/routes/route_test_0517.csv
[INFO] [1782635160.677842743] [waypoint_follower]: route points: 1329
[INFO] [1782635160.678769889] [waypoint_follower]: loop_mode: pingpong
[INFO] [1782635160.679716555] [waypoint_follower]: lookahead_distance: 0.6
[INFO] [1782635160.680789686] [waypoint_follower]: reach_distance: 0.4
[INFO] [1782635160.859426531] [waypoint_follower]: init nearest_index=0, distance_to_start=0.031
[INFO] [1782635160.887748213] [waypoint_follower]: nearest=0, target=2, dist=0.87, alpha=0.07, vx=0.50, yaw_rate=0.06, dir=1
[INFO] [1782635161.936945547] [waypoint_follower]: nearest=0, target=2, dist=0.87, alpha=0.06, vx=0.50, yaw_rate=0.06, dir=1
[INFO] [1782635162.937223279] [waypoint_follower]: nearest=0, target=2, dist=0.86, alpha=0.07, vx=0.50, yaw_rate=0.06, dir=1
[WARN] [1782635163.887772697] [waypoint_follower]: stuck recovery: nearest_index 0 -> 0
[INFO] [1782635163.939908589] [waypoint_follower]: nearest=0, target=2, dist=0.88, alpha=0.06, vx=0.50, yaw_rate=0.05, dir=1
[INFO] [1782635164.987315086] [waypoint_follower]: nearest=0, target=2, dist=0.67, alpha=0.05, vx=0.50, yaw_rate=0.04, dir=1
[INFO] [1782635165.989866954] [waypoint_follower]: nearest=1, target=3, dist=0.83, alpha=0.03, vx=0.50, yaw_rate=0.02, dir=1
[INFO] [1782635167.036912520] [waypoint_follower]: nearest=2, target=4, dist=0.65, alpha=-0.17, vx=0.50, yaw_rate=-0.16, dir=1
[INFO] [1782635168.037419181] [waypoint_follower]: nearest=5, target=7, dist=1.07, alpha=-0.38, vx=0.50, yaw_rate=-0.34, dir=1
[INFO] [1782635169.087119783] [waypoint_follower]: nearest=7, target=9, dist=1.04, alpha=-0.51, vx=0.25, yaw_rate=-0.45, dir=1
[INFO] [1782635170.087204328] [waypoint_follower]: nearest=8, target=10, dist=0.88, alpha=-0.16, vx=0.50, yaw_rate=-0.15, dir=1
[INFO] [1782635171.136944162] [waypoint_follower]: nearest=9, target=11, dist=1.02, alpha=0.45, vx=0.50, yaw_rate=0.40, dir=1
[INFO] [1782635172.137182500] [waypoint_follower]: nearest=9, target=11, dist=0.73, alpha=1.02, vx=0.00, yaw_rate=0.45, dir=1
[INFO] [1782635173.186905789] [waypoint_follower]: nearest=10, target=12, dist=0.91, alpha=0.87, vx=0.25, yaw_rate=0.45, dir=1
[INFO] [1782635174.186927612] [waypoint_follower]: nearest=10, target=12, dist=0.77, alpha=0.56, vx=0.25, yaw_rate=0.45, dir=1
[INFO] [1782635175.187194078] [waypoint_follower]: nearest=11, target=13, dist=1.04, alpha=0.03, vx=0.50, yaw_rate=0.02, dir=1
[INFO] [1782635176.237896513] [waypoint_follower]: nearest=12, target=14, dist=1.09, alpha=-0.55, vx=0.25, yaw_rate=-0.45, dir=1
[INFO] [1782635177.286964691] [waypoint_follower]: nearest=13, target=15, dist=1.10, alpha=-0.66, vx=0.25, yaw_rate=-0.45, dir=1
[INFO] [1782635178.287587064] [waypoint_follower]: nearest=13, target=15, dist=0.86, alpha=-0.33, vx=0.50, yaw_rate=-0.30, dir=1
[INFO] [1782635179.287201682] [waypoint_follower]: nearest=14, target=16, dist=0.94, alpha=0.01, vx=0.50, yaw_rate=0.01, dir=1
[INFO] [1782635180.336928810] [waypoint_follower]: nearest=15, target=17, dist=0.82, alpha=0.19, vx=0.50, yaw_rate=0.17, dir=1
[INFO] [1782635181.337255020] [waypoint_follower]: nearest=16, target=18, dist=0.76, alpha=-0.00, vx=0.50, yaw_rate=-0.00, dir=1
[INFO] [1782635182.387142213] [waypoint_follower]: nearest=17, target=19, dist=0.65, alpha=-0.22, vx=0.50, yaw_rate=-0.20, dir=1
[INFO] [1782635183.387163939] [waypoint_follower]: nearest=19, target=21, dist=1.01, alpha=-0.07, vx=0.50, yaw_rate=-0.06, dir=1
[INFO] [1782635184.387149920] [waypoint_follower]: nearest=20, target=22, dist=0.93, alpha=0.04, vx=0.50, yaw_rate=0.03, dir=1
[INFO] [1782635185.437295740] [waypoint_follower]: nearest=21, target=23, dist=0.82, alpha=0.06, vx=0.50, yaw_rate=0.05, dir=1
[INFO] [1782635186.437265209] [waypoint_follower]: nearest=22, target=24, dist=0.77, alpha=0.01, vx=0.50, yaw_rate=0.01, dir=1
[INFO] [1782635187.486896015] [waypoint_follower]: nearest=23, target=25, dist=0.72, alpha=-0.01, vx=0.50, yaw_rate=-0.01, dir=1
[INFO] [1782635188.487429841] [waypoint_follower]: nearest=25, target=27, dist=1.02, alpha=-0.01, vx=0.50, yaw_rate=-0.01, dir=1
[INFO] [1782635189.537226760] [waypoint_follower]: nearest=26, target=28, dist=0.92, alpha=0.00, vx=0.50, yaw_rate=0.00, dir=1
[INFO] [1782635190.587096704] [waypoint_follower]: nearest=27, target=29, dist=0.85, alpha=0.03, vx=0.50, yaw_rate=0.03, dir=1
[INFO] [1782635191.587302239] [waypoint_follower]: nearest=28, target=30, dist=0.81, alpha=-0.03, vx=0.50, yaw_rate=-0.03, dir=1
[INFO] [1782635192.637234839] [waypoint_follower]: nearest=29, target=31, dist=0.73, alpha=-0.01, vx=0.50, yaw_rate=-0.01, dir=1
[INFO] [1782635193.686945612] [waypoint_follower]: nearest=30, target=32, dist=0.62, alpha=-0.00, vx=0.50, yaw_rate=-0.00, dir=1
[INFO] [1782635194.737317801] [waypoint_follower]: nearest=32, target=34, dist=1.02, alpha=0.03, vx=0.50, yaw_rate=0.02, dir=1
[INFO] [1782635195.786891101] [waypoint_follower]: nearest=33, target=35, dist=0.93, alpha=-0.04, vx=0.50, yaw_rate=-0.04, dir=1
[INFO] [1782635196.787060154] [waypoint_follower]: nearest=34, target=36, dist=0.92, alpha=0.02, vx=0.50, yaw_rate=0.02, dir=1
[INFO] [1782635197.787140151] [waypoint_follower]: nearest=35, target=37, dist=0.89, alpha=-0.03, vx=0.50, yaw_rate=-0.03, dir=1
[INFO] [1782635198.837179023] [waypoint_follower]: nearest=36, target=38, dist=0.86, alpha=-0.01, vx=0.50, yaw_rate=-0.01, dir=1
[INFO] [1782635199.837284107] [waypoint_follower]: nearest=37, target=39, dist=0.85, alpha=0.01, vx=0.50, yaw_rate=0.01, dir=1
[INFO] [1782635200.886963775] [waypoint_follower]: nearest=38, target=40, dist=0.73, alpha=-0.02, vx=0.50, yaw_rate=-0.02, dir=1
[INFO] [1782635201.937181497] [waypoint_follower]: nearest=39, target=41, dist=0.69, alpha=0.01, vx=0.50, yaw_rate=0.00, dir=1
[INFO] [1782635202.986902029] [waypoint_follower]: nearest=41, target=43, dist=1.07, alpha=-0.02, vx=0.50, yaw_rate=-0.02, dir=1
[INFO] [1782635203.987009417] [waypoint_follower]: nearest=42, target=44, dist=1.01, alpha=0.00, vx=0.50, yaw_rate=0.00, dir=1
[INFO] [1782635204.986894402] [waypoint_follower]: nearest=43, target=45, dist=0.95, alpha=-0.03, vx=0.50, yaw_rate=-0.03, dir=1
[INFO] [1782635206.037177308] [waypoint_follower]: nearest=44, target=46, dist=0.92, alpha=-0.02, vx=0.50, yaw_rate=-0.02, dir=1
[INFO] [1782635207.086934000] [waypoint_follower]: nearest=45, target=47, dist=0.82, alpha=-0.02, vx=0.50, yaw_rate=-0.01, dir=1
[INFO] [1782635208.087066315] [waypoint_follower]: nearest=46, target=48, dist=0.75, alpha=-0.00, vx=0.50, yaw_rate=-0.00, dir=1
[INFO] [1782635209.087238055] [waypoint_follower]: nearest=47, target=49, dist=0.71, alpha=-0.03, vx=0.50, yaw_rate=-0.03, dir=1
[INFO] [1782635210.137245437] [waypoint_follower]: nearest=48, target=50, dist=0.74, alpha=-0.03, vx=0.50, yaw_rate=-0.03, dir=1
[INFO] [1782635211.137217654] [waypoint_follower]: nearest=49, target=51, dist=0.64, alpha=-0.03, vx=0.50, yaw_rate=-0.02, dir=1
[INFO] [1782635212.187269645] [waypoint_follower]: nearest=51, target=53, dist=0.94, alpha=-0.00, vx=0.50, yaw_rate=-0.00, dir=1
[INFO] [1782635213.237223682] [waypoint_follower]: nearest=52, target=54, dist=0.94, alpha=-0.03, vx=0.50, yaw_rate=-0.02, dir=1
[INFO] [1782635214.237215259] [waypoint_follower]: nearest=53, target=55, dist=0.93, alpha=-0.01, vx=0.50, yaw_rate=-0.01, dir=1
[INFO] [1782635215.286959981] [waypoint_follower]: nearest=54, target=56, dist=0.85, alpha=-0.01, vx=0.50, yaw_rate=-0.01, dir=1
[INFO] [1782635216.337150596] [waypoint_follower]: nearest=55, target=57, dist=0.83, alpha=-0.01, vx=0.50, yaw_rate=-0.01, dir=1
[INFO] [1782635217.337291199] [waypoint_follower]: nearest=56, target=58, dist=0.88, alpha=-0.01, vx=0.50, yaw_rate=-0.01, dir=1
[INFO] [1782635218.387067217] [waypoint_follower]: nearest=57, target=59, dist=0.75, alpha=-0.03, vx=0.50, yaw_rate=-0.03, dir=1
[INFO] [1782635219.437177511] [waypoint_follower]: nearest=58, target=60, dist=0.75, alpha=-0.05, vx=0.50, yaw_rate=-0.04, dir=1
[INFO] [1782635220.437184927] [waypoint_follower]: nearest=59, target=61, dist=0.75, alpha=-0.00, vx=0.50, yaw_rate=-0.00, dir=1
[INFO] [1782635221.437290937] [waypoint_follower]: nearest=60, target=62, dist=0.71, alpha=-0.03, vx=0.50, yaw_rate=-0.03, dir=1
[INFO] [1782635222.437464914] [waypoint_follower]: nearest=61, target=63, dist=0.65, alpha=-0.01, vx=0.50, yaw_rate=-0.01, dir=1
[INFO] [1782635223.487010210] [waypoint_follower]: nearest=63, target=65, dist=0.93, alpha=0.01, vx=0.50, yaw_rate=0.01, dir=1
[INFO] [1782635224.487045018] [waypoint_follower]: nearest=64, target=66, dist=0.87, alpha=-0.03, vx=0.50, yaw_rate=-0.03, dir=1
[INFO] [1782635225.487139186] [waypoint_follower]: nearest=65, target=67, dist=0.84, alpha=-0.01, vx=0.50, yaw_rate=-0.01, dir=1
[INFO] [1782635226.537479594] [waypoint_follower]: nearest=66, target=68, dist=0.81, alpha=-0.04, vx=0.50, yaw_rate=-0.03, dir=1
[INFO] [1782635227.587124569] [waypoint_follower]: nearest=67, target=69, dist=0.76, alpha=-0.01, vx=0.50, yaw_rate=-0.01, dir=1
[INFO] [1782635228.637138957] [waypoint_follower]: nearest=68, target=70, dist=0.76, alpha=-0.02, vx=0.50, yaw_rate=-0.02, dir=1
[INFO] [1782635229.637190564] [waypoint_follower]: nearest=69, target=71, dist=0.73, alpha=-0.02, vx=0.50, yaw_rate=-0.02, dir=1
[INFO] [1782635230.686947573] [waypoint_follower]: nearest=70, target=72, dist=0.63, alpha=-0.01, vx=0.50, yaw_rate=-0.01, dir=1
[INFO] [1782635231.687108237] [waypoint_follower]: nearest=72, target=74, dist=1.11, alpha=0.01, vx=0.50, yaw_rate=0.00, dir=1
[INFO] [1782635232.737532901] [waypoint_follower]: nearest=73, target=75, dist=1.04, alpha=-0.01, vx=0.50, yaw_rate=-0.01, dir=1
[INFO] [1782635233.787246452] [waypoint_follower]: nearest=74, target=76, dist=1.00, alpha=0.00, vx=0.50, yaw_rate=0.00, dir=1
[INFO] [1782635234.837166694] [waypoint_follower]: nearest=75, target=77, dist=0.99, alpha=-0.02, vx=0.50, yaw_rate=-0.02, dir=1
[INFO] [1782635235.837197916] [waypoint_follower]: nearest=76, target=78, dist=0.95, alpha=-0.03, vx=0.50, yaw_rate=-0.03, dir=1
[INFO] [1782635236.886957900] [waypoint_follower]: nearest=77, target=79, dist=0.85, alpha=-0.02, vx=0.50, yaw_rate=-0.02, dir=1
[INFO] [1782635237.937178465] [waypoint_follower]: nearest=78, target=80, dist=0.82, alpha=-0.03, vx=0.50, yaw_rate=-0.02, dir=1
[INFO] [1782635238.986977616] [waypoint_follower]: nearest=79, target=81, dist=0.72, alpha=-0.01, vx=0.50, yaw_rate=-0.00, dir=1
[INFO] [1782635239.987095271] [waypoint_follower]: nearest=80, target=82, dist=0.68, alpha=-0.00, vx=0.50, yaw_rate=-0.00, dir=1
[INFO] [1782635240.987219070] [waypoint_follower]: nearest=82, target=84, dist=1.17, alpha=-0.01, vx=0.50, yaw_rate=-0.01, dir=1
[INFO] [1782635242.037278672] [waypoint_follower]: nearest=83, target=85, dist=1.09, alpha=-0.01, vx=0.50, yaw_rate=-0.00, dir=1
[INFO] [1782635243.087634246] [waypoint_follower]: nearest=84, target=86, dist=0.99, alpha=0.01, vx=0.50, yaw_rate=0.01, dir=1
[INFO] [1782635244.137176338] [waypoint_follower]: nearest=85, target=87, dist=0.99, alpha=0.01, vx=0.50, yaw_rate=0.01, dir=1
[INFO] [1782635245.137514027] [waypoint_follower]: nearest=86, target=88, dist=0.93, alpha=-0.03, vx=0.50, yaw_rate=-0.03, dir=1
[INFO] [1782635246.186918037] [waypoint_follower]: nearest=87, target=89, dist=0.90, alpha=0.01, vx=0.50, yaw_rate=0.01, dir=1
[INFO] [1782635247.237347371] [waypoint_follower]: nearest=88, target=90, dist=0.81, alpha=-0.03, vx=0.50, yaw_rate=-0.03, dir=1
[INFO] [1782635248.237167517] [waypoint_follower]: nearest=89, target=91, dist=0.76, alpha=-0.05, vx=0.50, yaw_rate=-0.04, dir=1
[INFO] [1782635249.237212594] [waypoint_follower]: nearest=90, target=92, dist=0.72, alpha=-0.11, vx=0.50, yaw_rate=-0.10, dir=1
[INFO] [1782635250.287710280] [waypoint_follower]: nearest=91, target=93, dist=0.68, alpha=-0.11, vx=0.50, yaw_rate=-0.09, dir=1
[INFO] [1782635251.287243415] [waypoint_follower]: nearest=93, target=95, dist=1.10, alpha=-0.01, vx=0.50, yaw_rate=-0.01, dir=1
[INFO] [1782635252.337159047] [waypoint_follower]: nearest=94, target=96, dist=1.06, alpha=0.00, vx=0.50, yaw_rate=0.00, dir=1
[INFO] [1782635253.337253468] [waypoint_follower]: nearest=95, target=97, dist=1.06, alpha=-0.05, vx=0.50, yaw_rate=-0.05, dir=1
[INFO] [1782635254.387045801] [waypoint_follower]: nearest=96, target=98, dist=1.00, alpha=0.01, vx=0.50, yaw_rate=0.01, dir=1
[INFO] [1782635255.437542974] [waypoint_follower]: nearest=97, target=99, dist=0.93, alpha=-0.01, vx=0.50, yaw_rate=-0.01, dir=1
[INFO] [1782635256.437221807] [waypoint_follower]: nearest=98, target=100, dist=0.95, alpha=-0.02, vx=0.50, yaw_rate=-0.02, dir=1
[INFO] [1782635257.486908251] [waypoint_follower]: nearest=99, target=101, dist=0.85, alpha=-0.04, vx=0.50, yaw_rate=-0.04, dir=1
[INFO] [1782635258.487522165] [waypoint_follower]: nearest=100, target=102, dist=0.86, alpha=-0.05, vx=0.50, yaw_rate=-0.05, dir=1
[INFO] [1782635259.537153920] [waypoint_follower]: nearest=101, target=103, dist=0.81, alpha=-0.06, vx=0.50, yaw_rate=-0.06, dir=1
[INFO] [1782635260.537303829] [waypoint_follower]: nearest=102, target=104, dist=0.78, alpha=-0.07, vx=0.50, yaw_rate=-0.06, dir=1
[INFO] [1782635261.537466953] [waypoint_follower]: nearest=103, target=105, dist=0.73, alpha=-0.03, vx=0.50, yaw_rate=-0.03, dir=1
[INFO] [1782635262.587221142] [waypoint_follower]: nearest=105, target=107, dist=1.15, alpha=-0.01, vx=0.50, yaw_rate=-0.01, dir=1
[INFO] [1782635263.587532908] [waypoint_follower]: nearest=106, target=108, dist=1.10, alpha=-0.02, vx=0.50, yaw_rate=-0.02, dir=1
[INFO] [1782635264.637179991] [waypoint_follower]: nearest=107, target=109, dist=1.11, alpha=-0.01, vx=0.50, yaw_rate=-0.00, dir=1
[INFO] [1782635265.686923298] [waypoint_follower]: nearest=108, target=110, dist=0.99, alpha=-0.00, vx=0.50, yaw_rate=-0.00, dir=1
[INFO] [1782635266.687327225] [waypoint_follower]: nearest=109, target=111, dist=0.99, alpha=-0.04, vx=0.50, yaw_rate=-0.04, dir=1
[INFO] [1782635267.737208518] [waypoint_follower]: nearest=110, target=112, dist=0.94, alpha=-0.02, vx=0.50, yaw_rate=-0.01, dir=1
[INFO] [1782635268.787248149] [waypoint_follower]: nearest=111, target=113, dist=0.91, alpha=0.00, vx=0.50, yaw_rate=0.00, dir=1
[INFO] [1782635269.837307396] [waypoint_follower]: nearest=112, target=114, dist=0.93, alpha=-0.00, vx=0.50, yaw_rate=-0.00, dir=1
[INFO] [1782635270.886910189] [waypoint_follower]: nearest=113, target=115, dist=0.83, alpha=0.00, vx=0.50, yaw_rate=0.00, dir=1
[INFO] [1782635271.887148513] [waypoint_follower]: nearest=114, target=116, dist=0.76, alpha=-0.03, vx=0.50, yaw_rate=-0.03, dir=1
[INFO] [1782635272.937152047] [waypoint_follower]: nearest=115, target=117, dist=0.76, alpha=-0.02, vx=0.50, yaw_rate=-0.02, dir=1
[INFO] [1782635273.937781928] [waypoint_follower]: nearest=116, target=118, dist=0.70, alpha=-0.06, vx=0.50, yaw_rate=-0.05, dir=1
[INFO] [1782635274.986874507] [waypoint_follower]: nearest=118, target=120, dist=1.06, alpha=-0.26, vx=0.50, yaw_rate=-0.24, dir=1
[INFO] [1782635275.986939805] [waypoint_follower]: nearest=119, target=121, dist=1.01, alpha=-0.19, vx=0.50, yaw_rate=-0.17, dir=1
[INFO] [1782635276.987430100] [waypoint_follower]: nearest=120, target=122, dist=0.95, alpha=-0.10, vx=0.50, yaw_rate=-0.09, dir=1
[INFO] [1782635278.037655331] [waypoint_follower]: nearest=121, target=123, dist=0.96, alpha=-0.05, vx=0.50, yaw_rate=-0.04, dir=1
[INFO] [1782635279.087017993] [waypoint_follower]: nearest=122, target=124, dist=0.84, alpha=0.01, vx=0.50, yaw_rate=0.01, dir=1
[INFO] [1782635280.137193368] [waypoint_follower]: nearest=123, target=125, dist=0.79, alpha=-0.03, vx=0.50, yaw_rate=-0.03, dir=1
[INFO] [1782635281.186966498] [waypoint_follower]: nearest=124, target=126, dist=0.68, alpha=-0.02, vx=0.50, yaw_rate=-0.02, dir=1
[INFO] [1782635282.187264918] [waypoint_follower]: nearest=125, target=127, dist=0.65, alpha=0.03, vx=0.50, yaw_rate=0.02, dir=1
[INFO] [1782635283.237128161] [waypoint_follower]: nearest=127, target=129, dist=1.08, alpha=-0.08, vx=0.50, yaw_rate=-0.08, dir=1
[INFO] [1782635284.237519254] [waypoint_follower]: nearest=128, target=130, dist=1.07, alpha=-0.03, vx=0.50, yaw_rate=-0.03, dir=1
[INFO] [1782635285.287221439] [waypoint_follower]: nearest=129, target=131, dist=0.96, alpha=-0.07, vx=0.50, yaw_rate=-0.06, dir=1
[INFO] [1782635286.337195563] [waypoint_follower]: nearest=130, target=132, dist=0.96, alpha=-0.05, vx=0.50, yaw_rate=-0.04, dir=1
[INFO] [1782635287.337278108] [waypoint_follower]: nearest=131, target=133, dist=0.95, alpha=-0.04, vx=0.50, yaw_rate=-0.03, dir=1
[INFO] [1782635288.387007621] [waypoint_follower]: nearest=132, target=134, dist=0.85, alpha=-0.07, vx=0.50, yaw_rate=-0.06, dir=1
[INFO] [1782635289.387023445] [waypoint_follower]: nearest=133, target=135, dist=0.84, alpha=-0.04, vx=0.50, yaw_rate=-0.04, dir=1
[INFO] [1782635290.387209926] [waypoint_follower]: nearest=134, target=136, dist=0.81, alpha=-0.03, vx=0.50, yaw_rate=-0.02, dir=1
[INFO] [1782635291.387475929] [waypoint_follower]: nearest=135, target=137, dist=0.78, alpha=-0.03, vx=0.50, yaw_rate=-0.03, dir=1
[INFO] [1782635292.437772072] [waypoint_follower]: nearest=136, target=138, dist=0.78, alpha=-0.08, vx=0.50, yaw_rate=-0.07, dir=1
[INFO] [1782635293.487141420] [waypoint_follower]: nearest=137, target=139, dist=0.71, alpha=-0.10, vx=0.50, yaw_rate=-0.09, dir=1
[INFO] [1782635294.537153687] [waypoint_follower]: nearest=139, target=141, dist=1.12, alpha=-0.13, vx=0.50, yaw_rate=-0.12, dir=1
[INFO] [1782635295.587083234] [waypoint_follower]: nearest=140, target=142, dist=1.08, alpha=-0.13, vx=0.50, yaw_rate=-0.12, dir=1
[INFO] [1782635296.637661235] [waypoint_follower]: nearest=141, target=143, dist=1.05, alpha=-0.01, vx=0.50, yaw_rate=-0.01, dir=1
[INFO] [1782635297.637186365] [waypoint_follower]: nearest=142, target=144, dist=0.97, alpha=0.02, vx=0.50, yaw_rate=0.02, dir=1
[INFO] [1782635298.686968933] [waypoint_follower]: nearest=143, target=145, dist=0.85, alpha=-0.02, vx=0.50, yaw_rate=-0.02, dir=1
[INFO] [1782635299.686925972] [waypoint_follower]: nearest=144, target=146, dist=0.84, alpha=-0.02, vx=0.50, yaw_rate=-0.02, dir=1
[INFO] [1782635300.687070756] [waypoint_follower]: nearest=145, target=147, dist=0.78, alpha=-0.00, vx=0.50, yaw_rate=-0.00, dir=1
[INFO] [1782635301.687166324] [waypoint_follower]: nearest=146, target=148, dist=0.80, alpha=-0.01, vx=0.50, yaw_rate=-0.01, dir=1
[INFO] [1782635302.737220351] [waypoint_follower]: nearest=147, target=149, dist=0.78, alpha=0.01, vx=0.50, yaw_rate=0.01, dir=1
[INFO] [1782635303.787157288] [waypoint_follower]: nearest=148, target=150, dist=0.68, alpha=-0.02, vx=0.50, yaw_rate=-0.02, dir=1
[INFO] [1782635304.787243703] [waypoint_follower]: nearest=150, target=152, dist=1.17, alpha=-0.21, vx=0.50, yaw_rate=-0.19, dir=1
[INFO] [1782635305.837465252] [waypoint_follower]: nearest=151, target=153, dist=1.09, alpha=-0.20, vx=0.50, yaw_rate=-0.18, dir=1
[INFO] [1782635306.887161322] [waypoint_follower]: nearest=152, target=154, dist=1.05, alpha=-0.17, vx=0.50, yaw_rate=-0.16, dir=1
[INFO] [1782635307.937192597] [waypoint_follower]: nearest=153, target=155, dist=1.04, alpha=-0.06, vx=0.50, yaw_rate=-0.05, dir=1
[INFO] [1782635308.987247103] [waypoint_follower]: nearest=154, target=156, dist=0.94, alpha=-0.02, vx=0.50, yaw_rate=-0.02, dir=1
[INFO] [1782635310.037206184] [waypoint_follower]: nearest=155, target=157, dist=0.94, alpha=-0.05, vx=0.50, yaw_rate=-0.05, dir=1
[INFO] [1782635311.086968367] [waypoint_follower]: nearest=156, target=158, dist=0.86, alpha=-0.03, vx=0.50, yaw_rate=-0.03, dir=1
[INFO] [1782635312.137253787] [waypoint_follower]: nearest=157, target=159, dist=0.79, alpha=-0.08, vx=0.50, yaw_rate=-0.07, dir=1
[INFO] [1782635313.187260581] [waypoint_follower]: nearest=158, target=160, dist=0.68, alpha=-0.05, vx=0.50, yaw_rate=-0.04, dir=1
[INFO] [1782635314.237390959] [waypoint_follower]: nearest=160, target=162, dist=1.11, alpha=-0.06, vx=0.50, yaw_rate=-0.06, dir=1
[INFO] [1782635315.237194779] [waypoint_follower]: nearest=161, target=163, dist=1.11, alpha=-0.05, vx=0.50, yaw_rate=-0.04, dir=1
[INFO] [1782635316.286937025] [waypoint_follower]: nearest=162, target=164, dist=1.05, alpha=0.03, vx=0.50, yaw_rate=0.02, dir=1
[INFO] [1782635317.287058191] [waypoint_follower]: nearest=163, target=165, dist=1.02, alpha=0.01, vx=0.50, yaw_rate=0.01, dir=1
[INFO] [1782635318.286932283] [waypoint_follower]: nearest=164, target=166, dist=0.99, alpha=-0.03, vx=0.50, yaw_rate=-0.03, dir=1
[INFO] [1782635319.337186758] [waypoint_follower]: nearest=165, target=167, dist=0.98, alpha=-0.01, vx=0.50, yaw_rate=-0.01, dir=1
[INFO] [1782635320.337277108] [waypoint_follower]: nearest=166, target=168, dist=0.96, alpha=-0.01, vx=0.50, yaw_rate=-0.01, dir=1
[INFO] [1782635321.386905208] [waypoint_follower]: nearest=167, target=169, dist=0.88, alpha=-0.04, vx=0.50, yaw_rate=-0.04, dir=1
[INFO] [1782635322.437181636] [waypoint_follower]: nearest=168, target=170, dist=0.83, alpha=0.02, vx=0.50, yaw_rate=0.01, dir=1
[INFO] [1782635323.437542324] [waypoint_follower]: nearest=169, target=171, dist=0.80, alpha=-0.02, vx=0.50, yaw_rate=-0.02, dir=1
[INFO] [1782635324.486952406] [waypoint_follower]: nearest=170, target=172, dist=0.74, alpha=0.02, vx=0.50, yaw_rate=0.02, dir=1
[INFO] [1782635325.537173472] [waypoint_follower]: nearest=171, target=173, dist=0.75, alpha=-0.01, vx=0.50, yaw_rate=-0.01, dir=1
[INFO] [1782635326.587176776] [waypoint_follower]: nearest=173, target=175, dist=1.14, alpha=-0.07, vx=0.50, yaw_rate=-0.07, dir=1
[INFO] [1782635327.637226065] [waypoint_follower]: nearest=174, target=176, dist=1.11, alpha=-0.02, vx=0.50, yaw_rate=-0.02, dir=1
[INFO] [1782635328.686931029] [waypoint_follower]: nearest=175, target=177, dist=1.06, alpha=-0.07, vx=0.50, yaw_rate=-0.06, dir=1
[INFO] [1782635329.737254368] [waypoint_follower]: nearest=176, target=178, dist=1.07, alpha=-0.02, vx=0.50, yaw_rate=-0.01, dir=1
[INFO] [1782635330.786950885] [waypoint_follower]: nearest=177, target=179, dist=0.94, alpha=-0.02, vx=0.50, yaw_rate=-0.02, dir=1
[INFO] [1782635331.837632660] [waypoint_follower]: nearest=178, target=180, dist=0.90, alpha=0.02, vx=0.50, yaw_rate=0.02, dir=1
[INFO] [1782635332.837298332] [waypoint_follower]: nearest=179, target=181, dist=0.89, alpha=-0.00, vx=0.50, yaw_rate=-0.00, dir=1
[INFO] [1782635333.887150657] [waypoint_follower]: nearest=180, target=182, dist=0.82, alpha=-0.02, vx=0.50, yaw_rate=-0.02, dir=1
[INFO] [1782635334.937160841] [waypoint_follower]: nearest=181, target=183, dist=0.78, alpha=0.03, vx=0.50, yaw_rate=0.02, dir=1
[INFO] [1782635335.937171412] [waypoint_follower]: nearest=182, target=184, dist=0.71, alpha=-0.01, vx=0.50, yaw_rate=-0.01, dir=1
[INFO] [1782635336.986933689] [waypoint_follower]: nearest=184, target=186, dist=1.14, alpha=-0.03, vx=0.50, yaw_rate=-0.03, dir=1
[INFO] [1782635337.987091781] [waypoint_follower]: nearest=185, target=187, dist=1.13, alpha=-0.04, vx=0.50, yaw_rate=-0.04, dir=1
[INFO] [1782635339.037257614] [waypoint_follower]: nearest=186, target=188, dist=1.08, alpha=-0.03, vx=0.50, yaw_rate=-0.03, dir=1
[INFO] [1782635340.087217588] [waypoint_follower]: nearest=187, target=189, dist=1.01, alpha=-0.01, vx=0.50, yaw_rate=-0.01, dir=1
[INFO] [1782635341.137188283] [waypoint_follower]: nearest=188, target=190, dist=1.00, alpha=-0.02, vx=0.50, yaw_rate=-0.02, dir=1
[INFO] [1782635342.187109792] [waypoint_follower]: nearest=189, target=191, dist=0.88, alpha=0.01, vx=0.50, yaw_rate=0.01, dir=1
[INFO] [1782635343.237394058] [waypoint_follower]: nearest=190, target=192, dist=0.90, alpha=-0.02, vx=0.50, yaw_rate=-0.02, dir=1
[INFO] [1782635344.287097389] [waypoint_follower]: nearest=191, target=193, dist=0.85, alpha=-0.03, vx=0.50, yaw_rate=-0.03, dir=1
[INFO] [1782635345.337329110] [waypoint_follower]: nearest=192, target=194, dist=0.83, alpha=-0.02, vx=0.50, yaw_rate=-0.02, dir=1
[INFO] [1782635346.387011160] [waypoint_follower]: nearest=193, target=195, dist=0.72, alpha=-0.02, vx=0.50, yaw_rate=-0.02, dir=1
[INFO] [1782635347.437147168] [waypoint_follower]: nearest=194, target=196, dist=0.67, alpha=-0.00, vx=0.50, yaw_rate=-0.00, dir=1
[INFO] [1782635348.437168842] [waypoint_follower]: nearest=196, target=198, dist=1.07, alpha=0.01, vx=0.50, yaw_rate=0.01, dir=1
[INFO] [1782635349.486961646] [waypoint_follower]: nearest=197, target=199, dist=1.02, alpha=-0.01, vx=0.50, yaw_rate=-0.01, dir=1
[INFO] [1782635350.537151958] [waypoint_follower]: nearest=198, target=200, dist=1.02, alpha=-0.02, vx=0.50, yaw_rate=-0.02, dir=1
[INFO] [1782635351.587148028] [waypoint_follower]: nearest=199, target=201, dist=0.95, alpha=-0.04, vx=0.50, yaw_rate=-0.03, dir=1
[INFO] [1782635352.587143813] [waypoint_follower]: nearest=200, target=202, dist=0.91, alpha=-0.01, vx=0.50, yaw_rate=-0.01, dir=1
[INFO] [1782635353.587322481] [waypoint_follower]: nearest=201, target=203, dist=0.91, alpha=-0.01, vx=0.50, yaw_rate=-0.01, dir=1
[INFO] [1782635354.637499544] [waypoint_follower]: nearest=202, target=204, dist=0.89, alpha=-0.04, vx=0.50, yaw_rate=-0.03, dir=1
[INFO] [1782635355.687144442] [waypoint_follower]: nearest=203, target=205, dist=0.87, alpha=-0.02, vx=0.50, yaw_rate=-0.01, dir=1
[INFO] [1782635356.737162207] [waypoint_follower]: nearest=204, target=206, dist=0.80, alpha=-0.00, vx=0.50, yaw_rate=-0.00, dir=1
[INFO] [1782635357.787134692] [waypoint_follower]: nearest=205, target=207, dist=0.76, alpha=-0.02, vx=0.50, yaw_rate=-0.01, dir=1
[INFO] [1782635358.837300011] [waypoint_follower]: nearest=206, target=208, dist=0.70, alpha=-0.02, vx=0.50, yaw_rate=-0.02, dir=1
[INFO] [1782635359.887131310] [waypoint_follower]: nearest=208, target=210, dist=1.10, alpha=-0.06, vx=0.50, yaw_rate=-0.05, dir=1
[INFO] [1782635360.937320117] [waypoint_follower]: nearest=209, target=211, dist=1.09, alpha=-0.04, vx=0.50, yaw_rate=-0.03, dir=1
[INFO] [1782635361.986882389] [waypoint_follower]: nearest=210, target=212, dist=1.02, alpha=-0.02, vx=0.50, yaw_rate=-0.02, dir=1
[INFO] [1782635362.986901279] [waypoint_follower]: nearest=211, target=213, dist=0.99, alpha=0.01, vx=0.50, yaw_rate=0.01, dir=1
[INFO] [1782635364.037134822] [waypoint_follower]: nearest=212, target=214, dist=1.00, alpha=-0.02, vx=0.50, yaw_rate=-0.02, dir=1
[INFO] [1782635365.037141167] [waypoint_follower]: nearest=213, target=215, dist=0.94, alpha=0.00, vx=0.50, yaw_rate=0.00, dir=1
[INFO] [1782635366.086889937] [waypoint_follower]: nearest=214, target=216, dist=0.81, alpha=-0.02, vx=0.50, yaw_rate=-0.02, dir=1
[INFO] [1782635367.137706686] [waypoint_follower]: nearest=215, target=217, dist=0.79, alpha=-0.02, vx=0.50, yaw_rate=-0.02, dir=1
[INFO] [1782635368.186885529] [waypoint_follower]: nearest=216, target=218, dist=0.70, alpha=0.00, vx=0.50, yaw_rate=0.00, dir=1
[INFO] [1782635369.237171520] [waypoint_follower]: nearest=217, target=219, dist=0.62, alpha=0.00, vx=0.50, yaw_rate=0.00, dir=1
[INFO] [1782635370.286896162] [waypoint_follower]: nearest=219, target=221, dist=1.02, alpha=-0.02, vx=0.50, yaw_rate=-0.02, dir=1
[INFO] [1782635371.286938282] [waypoint_follower]: nearest=220, target=222, dist=1.00, alpha=-0.04, vx=0.50, yaw_rate=-0.03, dir=1
[INFO] [1782635372.337141617] [waypoint_follower]: nearest=221, target=223, dist=0.97, alpha=-0.04, vx=0.50, yaw_rate=-0.03, dir=1
[INFO] [1782635373.386918706] [waypoint_follower]: nearest=222, target=224, dist=0.87, alpha=-0.05, vx=0.50, yaw_rate=-0.05, dir=1
[INFO] [1782635374.386946011] [waypoint_follower]: nearest=223, target=225, dist=0.86, alpha=0.02, vx=0.50, yaw_rate=0.02, dir=1
[INFO] [1782635375.437119424] [waypoint_follower]: nearest=224, target=226, dist=0.78, alpha=0.00, vx=0.50, yaw_rate=0.00, dir=1
[INFO] [1782635376.437248202] [waypoint_follower]: nearest=225, target=227, dist=0.76, alpha=-0.00, vx=0.50, yaw_rate=-0.00, dir=1
[INFO] [1782635377.486810248] [waypoint_follower]: nearest=226, target=228, dist=0.65, alpha=-0.00, vx=0.50, yaw_rate=-0.00, dir=1
[INFO] [1782635378.486825168] [waypoint_follower]: nearest=228, target=230, dist=1.01, alpha=-0.02, vx=0.50, yaw_rate=-0.02, dir=1
[INFO] [1782635379.486942426] [waypoint_follower]: nearest=229, target=231, dist=1.07, alpha=-0.05, vx=0.50, yaw_rate=-0.05, dir=1
[INFO] [1782635380.537149727] [waypoint_follower]: nearest=230, target=232, dist=0.91, alpha=-0.02, vx=0.50, yaw_rate=-0.02, dir=1
[INFO] [1782635381.587191267] [waypoint_follower]: nearest=231, target=233, dist=0.80, alpha=-0.04, vx=0.50, yaw_rate=-0.04, dir=1
[INFO] [1782635382.587127146] [waypoint_follower]: nearest=232, target=234, dist=0.75, alpha=-0.04, vx=0.50, yaw_rate=-0.03, dir=1
[INFO] [1782635383.637134125] [waypoint_follower]: nearest=233, target=235, dist=0.71, alpha=-0.01, vx=0.50, yaw_rate=-0.01, dir=1
[INFO] [1782635384.637162357] [waypoint_follower]: nearest=234, target=236, dist=0.68, alpha=-0.01, vx=0.50, yaw_rate=-0.01, dir=1
[INFO] [1782635385.686820628] [waypoint_follower]: nearest=236, target=238, dist=0.98, alpha=-0.03, vx=0.50, yaw_rate=-0.03, dir=1
[INFO] [1782635386.686932988] [waypoint_follower]: nearest=237, target=239, dist=0.93, alpha=-0.06, vx=0.50, yaw_rate=-0.05, dir=1
[INFO] [1782635387.737151841] [waypoint_follower]: nearest=238, target=240, dist=0.91, alpha=-0.06, vx=0.50, yaw_rate=-0.05, dir=1
[INFO] [1782635388.786808672] [waypoint_follower]: nearest=239, target=241, dist=0.80, alpha=-0.01, vx=0.50, yaw_rate=-0.01, dir=1
[INFO] [1782635389.786878024] [waypoint_follower]: nearest=240, target=242, dist=0.73, alpha=-0.01, vx=0.50, yaw_rate=-0.01, dir=1
[INFO] [1782635390.837126413] [waypoint_follower]: nearest=241, target=243, dist=0.71, alpha=-0.01, vx=0.50, yaw_rate=-0.01, dir=1
[INFO] [1782635391.886811244] [waypoint_follower]: nearest=243, target=245, dist=1.04, alpha=-0.04, vx=0.50, yaw_rate=-0.04, dir=1
[INFO] [1782635392.937124626] [waypoint_follower]: nearest=244, target=246, dist=1.07, alpha=-0.02, vx=0.50, yaw_rate=-0.02, dir=1
[INFO] [1782635393.937166681] [waypoint_follower]: nearest=245, target=247, dist=1.05, alpha=-0.01, vx=0.50, yaw_rate=-0.01, dir=1
[INFO] [1782635394.986811640] [waypoint_follower]: nearest=246, target=248, dist=0.96, alpha=-0.02, vx=0.50, yaw_rate=-0.02, dir=1
[INFO] [1782635395.986825247] [waypoint_follower]: nearest=247, target=249, dist=0.90, alpha=-0.04, vx=0.50, yaw_rate=-0.03, dir=1
[INFO] [1782635397.037162020] [waypoint_follower]: nearest=248, target=250, dist=0.86, alpha=0.00, vx=0.50, yaw_rate=0.00, dir=1
[INFO] [1782635398.037353677] [waypoint_follower]: nearest=249, target=251, dist=0.79, alpha=-0.00, vx=0.50, yaw_rate=-0.00, dir=1
[INFO] [1782635399.086972811] [waypoint_follower]: nearest=250, target=252, dist=0.71, alpha=0.01, vx=0.50, yaw_rate=0.01, dir=1
[INFO] [1782635400.087165267] [waypoint_follower]: nearest=251, target=253, dist=0.68, alpha=-0.01, vx=0.50, yaw_rate=-0.01, dir=1
[INFO] [1782635401.137194517] [waypoint_follower]: nearest=253, target=255, dist=1.05, alpha=-0.03, vx=0.50, yaw_rate=-0.03, dir=1
[INFO] [1782635402.187007157] [waypoint_follower]: nearest=254, target=256, dist=0.94, alpha=-0.03, vx=0.50, yaw_rate=-0.03, dir=1
[INFO] [1782635403.237153304] [waypoint_follower]: nearest=255, target=257, dist=0.96, alpha=0.03, vx=0.50, yaw_rate=0.02, dir=1
[INFO] [1782635404.287127129] [waypoint_follower]: nearest=256, target=258, dist=0.83, alpha=0.02, vx=0.50, yaw_rate=0.02, dir=1
[INFO] [1782635405.337175291] [waypoint_follower]: nearest=257, target=259, dist=0.79, alpha=0.03, vx=0.50, yaw_rate=0.03, dir=1
[INFO] [1782635406.386803065] [waypoint_follower]: nearest=258, target=260, dist=0.71, alpha=0.12, vx=0.50, yaw_rate=0.11, dir=1
[INFO] [1782635407.386858879] [waypoint_follower]: nearest=260, target=262, dist=1.13, alpha=-0.07, vx=0.50, yaw_rate=-0.06, dir=1
[INFO] [1782635408.386874981] [waypoint_follower]: nearest=261, target=263, dist=1.10, alpha=0.01, vx=0.50, yaw_rate=0.01, dir=1
[INFO] [1782635409.386901035] [waypoint_follower]: nearest=262, target=264, dist=1.01, alpha=-0.04, vx=0.50, yaw_rate=-0.03, dir=1
[INFO] [1782635410.437186863] [waypoint_follower]: nearest=263, target=265, dist=1.04, alpha=0.11, vx=0.50, yaw_rate=0.10, dir=1
[INFO] [1782635411.486835757] [waypoint_follower]: nearest=264, target=266, dist=0.91, alpha=0.07, vx=0.50, yaw_rate=0.06, dir=1
[INFO] [1782635412.486898387] [waypoint_follower]: nearest=265, target=267, dist=0.84, alpha=-0.09, vx=0.50, yaw_rate=-0.08, dir=1
[INFO] [1782635413.537241591] [waypoint_follower]: nearest=266, target=268, dist=0.78, alpha=-0.05, vx=0.50, yaw_rate=-0.04, dir=1
[INFO] [1782635414.587156727] [waypoint_follower]: nearest=267, target=269, dist=0.75, alpha=-0.04, vx=0.50, yaw_rate=-0.03, dir=1
[INFO] [1782635415.637162328] [waypoint_follower]: nearest=268, target=270, dist=0.71, alpha=0.01, vx=0.50, yaw_rate=0.01, dir=1
[INFO] [1782635416.638178952] [waypoint_follower]: nearest=270, target=272, dist=0.99, alpha=-0.06, vx=0.50, yaw_rate=-0.05, dir=1
[INFO] [1782635417.687066557] [waypoint_follower]: nearest=271, target=273, dist=0.97, alpha=0.01, vx=0.50, yaw_rate=0.01, dir=1
[INFO] [1782635418.737168095] [waypoint_follower]: nearest=272, target=274, dist=0.87, alpha=-0.03, vx=0.50, yaw_rate=-0.03, dir=1
[INFO] [1782635419.737159268] [waypoint_follower]: nearest=273, target=275, dist=0.80, alpha=-0.02, vx=0.50, yaw_rate=-0.02, dir=1
[INFO] [1782635420.787094883] [waypoint_follower]: nearest=274, target=276, dist=0.78, alpha=-0.05, vx=0.50, yaw_rate=-0.04, dir=1
[INFO] [1782635421.787189673] [waypoint_follower]: nearest=275, target=277, dist=0.71, alpha=-0.07, vx=0.50, yaw_rate=-0.06, dir=1
[INFO] [1782635422.836776613] [waypoint_follower]: nearest=277, target=279, dist=1.07, alpha=-0.06, vx=0.50, yaw_rate=-0.06, dir=1
[INFO] [1782635423.837191630] [waypoint_follower]: nearest=278, target=280, dist=1.10, alpha=-0.06, vx=0.50, yaw_rate=-0.06, dir=1
[INFO] [1782635424.887195759] [waypoint_follower]: nearest=279, target=281, dist=1.00, alpha=-0.04, vx=0.50, yaw_rate=-0.04, dir=1
[INFO] [1782635425.937142574] [waypoint_follower]: nearest=280, target=282, dist=0.92, alpha=0.01, vx=0.50, yaw_rate=0.01, dir=1
[INFO] [1782635426.987158478] [waypoint_follower]: nearest=281, target=283, dist=0.78, alpha=-0.02, vx=0.50, yaw_rate=-0.02, dir=1
[INFO] [1782635428.037381489] [waypoint_follower]: nearest=282, target=284, dist=0.72, alpha=0.02, vx=0.50, yaw_rate=0.02, dir=1
[INFO] [1782635429.086849515] [waypoint_follower]: nearest=283, target=285, dist=0.63, alpha=0.01, vx=0.50, yaw_rate=0.01, dir=1
[INFO] [1782635429.138145044] [waypoint_follower]: waypoint_follower stopped by Ctrl+C
