[INFO] [1782536577.283110368] [route_recorder]: route_recorder started
[INFO] [1782536577.283890519] [route_recorder]: odom_topic: /Odometry
[INFO] [1782536577.284478952] [route_recorder]: route_file: /home/unitree/go2_fastlio_ws/src/go2_fastlio_patrol/routes/route_test_0518.csv
[INFO] [1782536577.285078041] [route_recorder]: min_distance: 0.4
[INFO] [1782536577.430480758] [route_recorder]: saved point 0: x=-0.025, y=0.005, yaw=0.001
[INFO] [1782536590.775829464] [route_recorder]: saved point 1: x=0.404, y=-0.001, yaw=0.001
[INFO] [1782536591.354778584] [route_recorder]: saved point 2: x=0.865, y=0.003, yaw=0.002
[INFO] [1782536591.935189828] [route_recorder]: saved point 3: x=1.340, y=-0.001, yaw=0.010
[INFO] [1782536592.519490661] [route_recorder]: saved point 4: x=1.792, y=-0.017, yaw=-0.003
[INFO] [1782536593.005375795] [route_recorder]: saved point 5: x=2.194, y=-0.025, yaw=-0.030
[INFO] [1782536593.580127811] [route_recorder]: saved point 6: x=2.609, y=-0.034, yaw=-0.003
[INFO] [1782536594.255440167] [route_recorder]: saved point 7: x=3.058, y=-0.043, yaw=-0.008
[INFO] [1782536594.834734303] [route_recorder]: saved point 8: x=3.479, y=-0.034, yaw=0.007
[INFO] [1782536595.408054668] [route_recorder]: saved point 9: x=3.899, y=-0.033, yaw=0.023
[INFO] [1782536596.085378195] [route_recorder]: saved point 10: x=4.352, y=-0.105, yaw=-0.169
[INFO] [1782536596.759218873] [route_recorder]: saved point 11: x=4.793, y=-0.196, yaw=-0.165
[INFO] [1782536597.434804980] [route_recorder]: saved point 12: x=5.211, y=-0.246, yaw=-0.087
[INFO] [1782536598.115643820] [route_recorder]: saved point 13: x=5.660, y=-0.257, yaw=-0.066
[INFO] [1782536598.787903757] [route_recorder]: saved point 14: x=6.072, y=-0.251, yaw=-0.023
[INFO] [1782536599.466126911] [route_recorder]: saved point 15: x=6.495, y=-0.268, yaw=-0.026
[INFO] [1782536600.048045495] [route_recorder]: saved point 16: x=6.986, y=-0.301, yaw=-0.053
[INFO] [1782536600.532082794] [route_recorder]: saved point 17: x=7.389, y=-0.326, yaw=-0.065
[INFO] [1782536601.112974378] [route_recorder]: saved point 18: x=7.834, y=-0.359, yaw=-0.068
[INFO] [1782536601.595577686] [route_recorder]: saved point 19: x=8.238, y=-0.399, yaw=-0.058
[INFO] [1782536602.080029817] [route_recorder]: saved point 20: x=8.650, y=-0.412, yaw=-0.051
[INFO] [1782536602.657648127] [route_recorder]: saved point 21: x=9.111, y=-0.444, yaw=-0.054
[INFO] [1782536603.140116076] [route_recorder]: saved point 22: x=9.524, y=-0.483, yaw=-0.054
[INFO] [1782536603.719306276] [route_recorder]: saved point 23: x=9.977, y=-0.490, yaw=-0.044
[INFO] [1782536604.200863609] [route_recorder]: saved point 24: x=10.391, y=-0.519, yaw=-0.043
[INFO] [1782536604.779580007] [route_recorder]: saved point 25: x=10.870, y=-0.528, yaw=-0.044
[INFO] [1782536605.267057901] [route_recorder]: saved point 26: x=11.284, y=-0.546, yaw=-0.031
[INFO] [1782536605.845972453] [route_recorder]: saved point 27: x=11.750, y=-0.561, yaw=-0.029
[INFO] [1782536606.327743720] [route_recorder]: saved point 28: x=12.154, y=-0.557, yaw=-0.026
[INFO] [1782536606.906553696] [route_recorder]: saved point 29: x=12.619, y=-0.545, yaw=-0.015
[INFO] [1782536607.387159428] [route_recorder]: saved point 30: x=13.021, y=-0.557, yaw=-0.005
[INFO] [1782536607.965587253] [route_recorder]: saved point 31: x=13.497, y=-0.545, yaw=-0.005
[INFO] [1782536608.448672869] [route_recorder]: saved point 32: x=13.907, y=-0.547, yaw=0.006
[INFO] [1782536609.027014551] [route_recorder]: saved point 33: x=14.384, y=-0.541, yaw=0.009
[INFO] [1782536609.507945227] [route_recorder]: saved point 34: x=14.788, y=-0.527, yaw=0.016
[INFO] [1782536610.086860210] [route_recorder]: saved point 35: x=15.276, y=-0.514, yaw=0.010
[INFO] [1782536610.666168072] [route_recorder]: saved point 36: x=15.740, y=-0.544, yaw=-0.080
[INFO] [1782536611.147528172] [route_recorder]: saved point 37: x=16.152, y=-0.615, yaw=-0.134
[INFO] [1782536611.728461429] [route_recorder]: saved point 38: x=16.603, y=-0.656, yaw=-0.083
[INFO] [1782536612.210350285] [route_recorder]: saved point 39: x=17.001, y=-0.705, yaw=-0.074
[INFO] [1782536612.691933565] [route_recorder]: saved point 40: x=17.421, y=-0.725, yaw=-0.071
[INFO] [1782536613.270818575] [route_recorder]: saved point 41: x=17.877, y=-0.773, yaw=-0.062
[INFO] [1782536613.847541347] [route_recorder]: saved point 42: x=18.359, y=-0.801, yaw=-0.050
[INFO] [1782536614.331243222] [route_recorder]: saved point 43: x=18.773, y=-0.818, yaw=-0.047
[INFO] [1782536614.816540057] [route_recorder]: saved point 44: x=19.183, y=-0.869, yaw=-0.048
[INFO] [1782536615.397380428] [route_recorder]: saved point 45: x=19.662, y=-0.870, yaw=-0.030
[INFO] [1782536615.976719540] [route_recorder]: saved point 46: x=20.118, y=-0.902, yaw=-0.039
[INFO] [1782536616.460948573] [route_recorder]: saved point 47: x=20.545, y=-0.919, yaw=-0.040
[INFO] [1782536617.047323575] [route_recorder]: saved point 48: x=21.002, y=-0.955, yaw=-0.028
[INFO] [1782536617.626165463] [route_recorder]: saved point 49: x=21.474, y=-0.955, yaw=-0.026
[INFO] [1782536618.108355048] [route_recorder]: saved point 50: x=21.881, y=-0.979, yaw=-0.017
[INFO] [1782536618.588881642] [route_recorder]: saved point 51: x=22.298, y=-0.987, yaw=-0.014
[INFO] [1782536619.168720044] [route_recorder]: saved point 52: x=22.771, y=-1.003, yaw=0.000
[INFO] [1782536619.743437466] [route_recorder]: saved point 53: x=23.256, y=-1.005, yaw=-0.007
[INFO] [1782536620.225454028] [route_recorder]: saved point 54: x=23.695, y=-0.991, yaw=-0.006
[INFO] [1782536620.707291706] [route_recorder]: saved point 55: x=24.096, y=-0.971, yaw=0.033
[INFO] [1782536621.192933177] [route_recorder]: saved point 56: x=24.498, y=-0.932, yaw=0.152
[INFO] [1782536621.673076249] [route_recorder]: saved point 57: x=24.906, y=-0.831, yaw=0.232
[INFO] [1782536622.253054505] [route_recorder]: saved point 58: x=25.352, y=-0.696, yaw=0.265
[INFO] [1782536622.732734366] [route_recorder]: saved point 59: x=25.741, y=-0.580, yaw=0.264
[INFO] [1782536623.314090202] [route_recorder]: saved point 60: x=26.195, y=-0.430, yaw=0.338
[INFO] [1782536623.793917238] [route_recorder]: saved point 61: x=26.571, y=-0.203, yaw=0.459
[INFO] [1782536624.283746392] [route_recorder]: saved point 62: x=26.920, y=0.003, yaw=0.488
[INFO] [1782536624.764303692] [route_recorder]: saved point 63: x=27.290, y=0.197, yaw=0.510
[INFO] [1782536625.242299798] [route_recorder]: saved point 64: x=27.642, y=0.447, yaw=0.543
[INFO] [1782536625.725964583] [route_recorder]: saved point 65: x=27.970, y=0.721, yaw=0.643
[INFO] [1782536626.206817191] [route_recorder]: saved point 66: x=28.300, y=0.984, yaw=0.660
[INFO] [1782536626.694541202] [route_recorder]: saved point 67: x=28.552, y=1.313, yaw=0.778
[INFO] [1782536627.273764509] [route_recorder]: saved point 68: x=28.804, y=1.721, yaw=0.974
[INFO] [1782536627.754103154] [route_recorder]: saved point 69: x=29.010, y=2.097, yaw=1.017
[INFO] [1782536628.233258117] [route_recorder]: saved point 70: x=29.203, y=2.471, yaw=1.028
[INFO] [1782536628.734262172] [route_recorder]: saved point 71: x=29.380, y=2.854, yaw=1.024
[INFO] [1782536629.232244059] [route_recorder]: saved point 72: x=29.566, y=3.226, yaw=1.060
[INFO] [1782536629.732472573] [route_recorder]: saved point 73: x=29.715, y=3.634, yaw=1.129
[INFO] [1782536630.231844840] [route_recorder]: saved point 74: x=29.828, y=4.061, yaw=1.209
[INFO] [1782536630.732372726] [route_recorder]: saved point 75: x=29.914, y=4.469, yaw=1.244
[INFO] [1782536631.233616442] [route_recorder]: saved point 76: x=30.023, y=4.886, yaw=1.250
[INFO] [1782536631.832039014] [route_recorder]: saved point 77: x=30.107, y=5.363, yaw=1.301
[INFO] [1782536632.330338711] [route_recorder]: saved point 78: x=30.169, y=5.790, yaw=1.340
[INFO] [1782536632.831585183] [route_recorder]: saved point 79: x=30.216, y=6.213, yaw=1.363
[INFO] [1782536633.331169688] [route_recorder]: saved point 80: x=30.281, y=6.660, yaw=1.383
[INFO] [1782536633.831571210] [route_recorder]: saved point 81: x=30.307, y=7.067, yaw=1.390
[INFO] [1782536634.333148800] [route_recorder]: saved point 82: x=30.332, y=7.515, yaw=1.393
[INFO] [1782536634.833741434] [route_recorder]: saved point 83: x=30.360, y=7.966, yaw=1.401
[INFO] [1782536635.332715847] [route_recorder]: saved point 84: x=30.405, y=8.379, yaw=1.401
[INFO] [1782536635.833182784] [route_recorder]: saved point 85: x=30.429, y=8.797, yaw=1.406
[INFO] [1782536636.336435244] [route_recorder]: saved point 86: x=30.458, y=9.236, yaw=1.415
[INFO] [1782536636.832450917] [route_recorder]: saved point 87: x=30.453, y=9.662, yaw=1.415
[INFO] [1782536637.334602292] [route_recorder]: saved point 88: x=30.476, y=10.068, yaw=1.427
[INFO] [1782536637.834460384] [route_recorder]: saved point 89: x=30.509, y=10.504, yaw=1.428
[INFO] [1782536638.333532983] [route_recorder]: saved point 90: x=30.516, y=10.918, yaw=1.437
[INFO] [1782536638.834005879] [route_recorder]: saved point 91: x=30.523, y=11.366, yaw=1.447
[INFO] [1782536639.336047464] [route_recorder]: saved point 92: x=30.547, y=11.804, yaw=1.459
[INFO] [1782536639.834585906] [route_recorder]: saved point 93: x=30.530, y=12.216, yaw=1.468
[INFO] [1782536640.335506436] [route_recorder]: saved point 94: x=30.539, y=12.634, yaw=1.474
[INFO] [1782536640.835695681] [route_recorder]: saved point 95: x=30.543, y=13.082, yaw=1.478
[INFO] [1782536641.336464689] [route_recorder]: saved point 96: x=30.547, y=13.530, yaw=1.482
[INFO] [1782536641.835838233] [route_recorder]: saved point 97: x=30.544, y=14.018, yaw=1.489
[INFO] [1782536642.237479558] [route_recorder]: saved point 98: x=30.543, y=14.449, yaw=1.498
[INFO] [1782536642.639778119] [route_recorder]: saved point 99: x=30.547, y=14.881, yaw=1.471
[INFO] [1782536643.036067575] [route_recorder]: saved point 100: x=30.532, y=15.320, yaw=1.472
[INFO] [1782536643.546496329] [route_recorder]: saved point 101: x=30.538, y=15.813, yaw=1.476
[INFO] [1782536643.938014447] [route_recorder]: saved point 102: x=30.536, y=16.230, yaw=1.475
[INFO] [1782536644.437873292] [route_recorder]: saved point 103: x=30.518, y=16.711, yaw=1.486
[INFO] [1782536644.835593001] [route_recorder]: saved point 104: x=30.525, y=17.119, yaw=1.471
[INFO] [1782536645.234959833] [route_recorder]: saved point 105: x=30.519, y=17.546, yaw=1.478
[INFO] [1782536645.735214628] [route_recorder]: saved point 106: x=30.502, y=18.031, yaw=1.486
[INFO] [1782536646.137583598] [route_recorder]: saved point 107: x=30.498, y=18.441, yaw=1.507
[INFO] [1782536646.537462639] [route_recorder]: saved point 108: x=30.486, y=18.883, yaw=1.510
[INFO] [1782536647.037152492] [route_recorder]: saved point 109: x=30.475, y=19.347, yaw=1.502
[INFO] [1782536647.530319563] [route_recorder]: saved point 110: x=30.493, y=19.812, yaw=1.449
[INFO] [1782536647.936004633] [route_recorder]: saved point 111: x=30.513, y=20.226, yaw=1.447
[INFO] [1782536648.333337811] [route_recorder]: saved point 112: x=30.538, y=20.632, yaw=1.426
[INFO] [1782536648.733266745] [route_recorder]: saved point 113: x=30.539, y=21.049, yaw=1.425
[INFO] [1782536649.135095257] [route_recorder]: saved point 114: x=30.550, y=21.464, yaw=1.419
[INFO] [1782536649.639829297] [route_recorder]: saved point 115: x=30.596, y=21.950, yaw=1.420
[INFO] [1782536650.035899816] [route_recorder]: saved point 116: x=30.603, y=22.355, yaw=1.414
[INFO] [1782536650.436603529] [route_recorder]: saved point 117: x=30.638, y=22.768, yaw=1.421
[INFO] [1782536650.935647388] [route_recorder]: saved point 118: x=30.651, y=23.276, yaw=1.421
[INFO] [1782536651.436391267] [route_recorder]: saved point 119: x=30.692, y=23.762, yaw=1.438
[INFO] [1782536651.838195078] [route_recorder]: saved point 120: x=30.696, y=24.177, yaw=1.454
[INFO] [1782536652.236766155] [route_recorder]: saved point 121: x=30.711, y=24.583, yaw=1.450
[INFO] [1782536652.637657909] [route_recorder]: saved point 122: x=30.726, y=24.998, yaw=1.450
[INFO] [1782536653.137179643] [route_recorder]: saved point 123: x=30.732, y=25.490, yaw=1.468
[INFO] [1782536653.635063155] [route_recorder]: saved point 124: x=30.737, y=25.964, yaw=1.459
[INFO] [1782536654.038027388] [route_recorder]: saved point 125: x=30.754, y=26.373, yaw=1.441
[INFO] [1782536654.534772244] [route_recorder]: saved point 126: x=30.775, y=26.870, yaw=1.418
[INFO] [1782536654.937046602] [route_recorder]: saved point 127: x=30.804, y=27.276, yaw=1.403
[INFO] [1782536655.436403953] [route_recorder]: saved point 128: x=30.829, y=27.761, yaw=1.401
[INFO] [1782536655.936154916] [route_recorder]: saved point 129: x=30.867, y=28.239, yaw=1.401
[INFO] [1782536656.433946047] [route_recorder]: saved point 130: x=30.910, y=28.732, yaw=1.408
[INFO] [1782536656.934089600] [route_recorder]: saved point 131: x=30.912, y=29.205, yaw=1.417
[INFO] [1782536657.436131931] [route_recorder]: saved point 132: x=30.952, y=29.687, yaw=1.408
[INFO] [1782536657.933969306] [route_recorder]: saved point 133: x=30.964, y=30.128, yaw=1.410
[INFO] [1782536658.433547598] [route_recorder]: saved point 134: x=30.994, y=30.620, yaw=1.421
[INFO] [1782536658.933324296] [route_recorder]: saved point 135: x=31.016, y=31.077, yaw=1.425
[INFO] [1782536659.432571476] [route_recorder]: saved point 136: x=31.028, y=31.541, yaw=1.429
[INFO] [1782536659.934615539] [route_recorder]: saved point 137: x=31.054, y=31.995, yaw=1.435
[INFO] [1782536660.436158022] [route_recorder]: saved point 138: x=31.068, y=32.464, yaw=1.449
[INFO] [1782536660.934600861] [route_recorder]: saved point 139: x=31.078, y=32.932, yaw=1.450
[INFO] [1782536661.434310299] [route_recorder]: saved point 140: x=31.103, y=33.417, yaw=1.454
[INFO] [1782536661.935079449] [route_recorder]: saved point 141: x=31.100, y=33.873, yaw=1.455
[INFO] [1782536662.433022117] [route_recorder]: saved point 142: x=31.135, y=34.341, yaw=1.479
[INFO] [1782536662.934837379] [route_recorder]: saved point 143: x=31.117, y=34.818, yaw=1.469
[INFO] [1782536663.435679239] [route_recorder]: saved point 144: x=31.121, y=35.297, yaw=1.476
[INFO] [1782536663.932822782] [route_recorder]: saved point 145: x=31.130, y=35.764, yaw=1.475
[INFO] [1782536664.433859369] [route_recorder]: saved point 146: x=31.121, y=36.240, yaw=1.481
[INFO] [1782536664.933661713] [route_recorder]: saved point 147: x=31.125, y=36.689, yaw=1.488
[INFO] [1782536665.434256689] [route_recorder]: saved point 148: x=31.128, y=37.150, yaw=1.493
[INFO] [1782536665.933621646] [route_recorder]: saved point 149: x=31.125, y=37.624, yaw=1.501
[INFO] [1782536666.431156566] [route_recorder]: saved point 150: x=31.115, y=38.089, yaw=1.509
[INFO] [1782536666.932902267] [route_recorder]: saved point 151: x=31.111, y=38.556, yaw=1.515
[INFO] [1782536667.431261437] [route_recorder]: saved point 152: x=31.095, y=39.015, yaw=1.521
[INFO] [1782536667.931829313] [route_recorder]: saved point 153: x=31.082, y=39.489, yaw=1.530
[INFO] [1782536668.432203073] [route_recorder]: saved point 154: x=31.064, y=39.962, yaw=1.538
[INFO] [1782536668.934481017] [route_recorder]: saved point 155: x=31.045, y=40.434, yaw=1.524
[INFO] [1782536669.434209000] [route_recorder]: saved point 156: x=31.010, y=40.908, yaw=1.528
[INFO] [1782536669.932856215] [route_recorder]: saved point 157: x=30.999, y=41.351, yaw=1.549
[INFO] [1782536670.431582923] [route_recorder]: saved point 158: x=31.006, y=41.828, yaw=1.470
[INFO] [1782536670.935496471] [route_recorder]: saved point 159: x=30.996, y=42.259, yaw=1.479
[INFO] [1782536671.333871638] [route_recorder]: saved point 160: x=31.021, y=42.663, yaw=1.451
[INFO] [1782536671.836232759] [route_recorder]: saved point 161: x=31.040, y=43.151, yaw=1.459
[INFO] [1782536672.331413061] [route_recorder]: saved point 162: x=31.045, y=43.606, yaw=1.467
[INFO] [1782536672.831865071] [route_recorder]: saved point 163: x=31.040, y=44.066, yaw=1.467
[INFO] [1782536673.333196500] [route_recorder]: saved point 164: x=31.060, y=44.519, yaw=1.462
[INFO] [1782536673.833285206] [route_recorder]: saved point 165: x=31.063, y=44.979, yaw=1.467
[INFO] [1782536674.331373501] [route_recorder]: saved point 166: x=31.065, y=45.451, yaw=1.465
[INFO] [1782536674.830765132] [route_recorder]: saved point 167: x=31.065, y=45.937, yaw=1.463
[INFO] [1782536675.331924240] [route_recorder]: saved point 168: x=31.097, y=46.377, yaw=1.394
[INFO] [1782536675.831568456] [route_recorder]: saved point 169: x=31.136, y=46.868, yaw=1.377
[INFO] [1782536676.335481344] [route_recorder]: saved point 170: x=31.158, y=47.325, yaw=1.436
[INFO] [1782536676.833243170] [route_recorder]: saved point 171: x=31.139, y=47.780, yaw=1.473
[INFO] [1782536677.330494230] [route_recorder]: saved point 172: x=31.136, y=48.236, yaw=1.476
[INFO] [1782536677.829066418] [route_recorder]: saved point 173: x=31.142, y=48.707, yaw=1.477
[INFO] [1782536678.329982613] [route_recorder]: saved point 174: x=31.129, y=49.186, yaw=1.486
[INFO] [1782536678.731534300] [route_recorder]: saved point 175: x=31.123, y=49.601, yaw=1.481
[INFO] [1782536679.232420767] [route_recorder]: saved point 176: x=31.128, y=50.078, yaw=1.485
[INFO] [1782536679.631796424] [route_recorder]: saved point 177: x=31.112, y=50.490, yaw=1.479
[INFO] [1782536680.031492506] [route_recorder]: saved point 178: x=31.109, y=50.907, yaw=1.481
[INFO] [1782536680.532397441] [route_recorder]: saved point 179: x=31.095, y=51.365, yaw=1.495
[INFO] [1782536680.929552649] [route_recorder]: saved point 180: x=31.088, y=51.786, yaw=1.499
[INFO] [1782536681.431294634] [route_recorder]: saved point 181: x=31.056, y=52.273, yaw=1.532
[INFO] [1782536681.931353561] [route_recorder]: saved point 182: x=30.968, y=52.748, yaw=1.708
[INFO] [1782536682.430586769] [route_recorder]: saved point 183: x=30.782, y=53.201, yaw=1.820
[INFO] [1782536682.930873289] [route_recorder]: saved point 184: x=30.550, y=53.653, yaw=1.980
[INFO] [1782536683.429585875] [route_recorder]: saved point 185: x=30.264, y=54.053, yaw=2.170
[INFO] [1782536683.929305212] [route_recorder]: saved point 186: x=29.937, y=54.391, yaw=2.280
[INFO] [1782536684.429160138] [route_recorder]: saved point 187: x=29.569, y=54.705, yaw=2.366
[INFO] [1782536684.928047708] [route_recorder]: saved point 188: x=29.169, y=54.960, yaw=2.508
[INFO] [1782536685.428078609] [route_recorder]: saved point 189: x=28.739, y=55.157, yaw=2.695
[INFO] [1782536685.928595124] [route_recorder]: saved point 190: x=28.279, y=55.262, yaw=2.886
[INFO] [1782536686.428705645] [route_recorder]: saved point 191: x=27.803, y=55.363, yaw=2.950
[INFO] [1782536686.926579941] [route_recorder]: saved point 192: x=27.364, y=55.441, yaw=2.979
[INFO] [1782536687.426828228] [route_recorder]: saved point 193: x=26.901, y=55.522, yaw=2.944
[INFO] [1782536687.925066567] [route_recorder]: saved point 194: x=26.458, y=55.637, yaw=2.939
[INFO] [1782536688.424765335] [route_recorder]: saved point 195: x=25.971, y=55.724, yaw=2.958
[INFO] [1782536688.925827440] [route_recorder]: saved point 196: x=25.486, y=55.796, yaw=2.999
[INFO] [1782536689.426873322] [route_recorder]: saved point 197: x=25.039, y=55.852, yaw=3.014
[INFO] [1782536689.822953439] [route_recorder]: saved point 198: x=24.641, y=55.912, yaw=3.024
[INFO] [1782536690.323479179] [route_recorder]: saved point 199: x=24.142, y=55.967, yaw=3.025
[INFO] [1782536690.825426241] [route_recorder]: saved point 200: x=23.676, y=56.039, yaw=3.021
[INFO] [1782536691.323071449] [route_recorder]: saved point 201: x=23.198, y=56.100, yaw=3.025
[INFO] [1782536691.827056846] [route_recorder]: saved point 202: x=22.731, y=56.133, yaw=3.033
[INFO] [1782536692.323470787] [route_recorder]: saved point 203: x=22.293, y=56.191, yaw=3.043
[INFO] [1782536692.824405759] [route_recorder]: saved point 204: x=21.819, y=56.235, yaw=3.048
[INFO] [1782536693.323545671] [route_recorder]: saved point 205: x=21.355, y=56.220, yaw=-3.116
[INFO] [1782536693.824175387] [route_recorder]: saved point 206: x=20.929, y=56.228, yaw=-3.090
[INFO] [1782536694.322900920] [route_recorder]: saved point 207: x=20.473, y=56.177, yaw=-3.078
[INFO] [1782536694.824682000] [route_recorder]: saved point 208: x=20.019, y=56.153, yaw=-3.080
[INFO] [1782536695.323538163] [route_recorder]: saved point 209: x=19.578, y=56.138, yaw=-3.100
[INFO] [1782536695.823750430] [route_recorder]: saved point 210: x=19.137, y=56.129, yaw=-3.112
[INFO] [1782536696.325284593] [route_recorder]: saved point 211: x=18.691, y=56.139, yaw=3.129
[INFO] [1782536696.822471908] [route_recorder]: saved point 212: x=18.241, y=56.149, yaw=3.120
[INFO] [1782536697.323639278] [route_recorder]: saved point 213: x=17.785, y=56.159, yaw=3.118
[INFO] [1782536697.822732411] [route_recorder]: saved point 214: x=17.358, y=56.150, yaw=3.119
[INFO] [1782536698.323344407] [route_recorder]: saved point 215: x=16.925, y=56.149, yaw=-3.141
[INFO] [1782536698.924052266] [route_recorder]: saved point 216: x=16.502, y=56.136, yaw=3.131
[INFO] [1782536699.427325302] [route_recorder]: saved point 217: x=16.057, y=56.136, yaw=-3.138
[INFO] [1782536699.924501806] [route_recorder]: saved point 218: x=15.648, y=56.132, yaw=-3.120
[INFO] [1782536700.424549116] [route_recorder]: saved point 219: x=15.237, y=56.115, yaw=-3.116
[INFO] [1782536700.923172672] [route_recorder]: saved point 220: x=14.832, y=56.085, yaw=-3.112
[INFO] [1782536701.423268688] [route_recorder]: saved point 221: x=14.422, y=56.091, yaw=-3.113
[INFO] [1782536701.923228509] [route_recorder]: saved point 222: x=13.987, y=56.060, yaw=-3.108
[INFO] [1782536702.423549846] [route_recorder]: saved point 223: x=13.517, y=56.044, yaw=-3.109
[INFO] [1782536702.923450371] [route_recorder]: saved point 224: x=13.074, y=56.035, yaw=-3.107
[INFO] [1782536703.424778428] [route_recorder]: saved point 225: x=12.604, y=56.045, yaw=-3.101
[INFO] [1782536703.825038814] [route_recorder]: saved point 226: x=12.193, y=56.014, yaw=-3.098
[INFO] [1782536704.223987162] [route_recorder]: saved point 227: x=11.754, y=55.981, yaw=-3.091
[INFO] [1782536704.627355610] [route_recorder]: saved point 228: x=11.315, y=55.964, yaw=-3.100
[INFO] [1782536705.025176501] [route_recorder]: saved point 229: x=10.914, y=55.964, yaw=-3.107
[INFO] [1782536705.426526138] [route_recorder]: saved point 230: x=10.501, y=55.895, yaw=-3.104
[INFO] [1782536705.828761913] [route_recorder]: saved point 231: x=10.055, y=55.898, yaw=-3.100
[INFO] [1782536706.229455243] [route_recorder]: saved point 232: x=9.616, y=55.878, yaw=-3.095
[INFO] [1782536706.631140699] [route_recorder]: saved point 233: x=9.189, y=55.857, yaw=-3.091
[INFO] [1782536707.128546916] [route_recorder]: saved point 234: x=8.686, y=55.823, yaw=-3.089
[INFO] [1782536707.531117584] [route_recorder]: saved point 235: x=8.265, y=55.791, yaw=-3.039
[INFO] [1782536707.930870312] [route_recorder]: saved point 236: x=7.841, y=55.728, yaw=-3.015
[INFO] [1782536708.430115274] [route_recorder]: saved point 237: x=7.351, y=55.667, yaw=-2.924
[INFO] [1782536708.930921466] [route_recorder]: saved point 238: x=6.863, y=55.551, yaw=-2.899
[INFO] [1782536709.424231309] [route_recorder]: saved point 239: x=6.388, y=55.452, yaw=-2.902
[INFO] [1782536709.932386585] [route_recorder]: saved point 240: x=5.904, y=55.339, yaw=-2.891
[INFO] [1782536710.431387351] [route_recorder]: saved point 241: x=5.444, y=55.220, yaw=-2.889
[INFO] [1782536710.832672000] [route_recorder]: saved point 242: x=5.049, y=55.101, yaw=-2.887
[INFO] [1782536711.330153393] [route_recorder]: saved point 243: x=4.578, y=55.000, yaw=-2.892
[INFO] [1782536711.829801924] [route_recorder]: saved point 244: x=4.118, y=54.886, yaw=-2.899
[INFO] [1782536712.232287282] [route_recorder]: saved point 245: x=3.721, y=54.794, yaw=-2.902
[INFO] [1782536712.631514016] [route_recorder]: saved point 246: x=3.321, y=54.695, yaw=-2.885
[INFO] [1782536713.127679501] [route_recorder]: saved point 247: x=2.868, y=54.572, yaw=-2.887
[INFO] [1782536713.632824837] [route_recorder]: saved point 248: x=2.399, y=54.464, yaw=-2.884
[INFO] [1782536714.131388474] [route_recorder]: saved point 249: x=1.943, y=54.350, yaw=-2.884
[INFO] [1782536714.632611039] [route_recorder]: saved point 250: x=1.487, y=54.224, yaw=-2.872
[INFO] [1782536715.132243926] [route_recorder]: saved point 251: x=1.036, y=54.111, yaw=-2.865
[INFO] [1782536715.631931823] [route_recorder]: saved point 252: x=0.582, y=53.981, yaw=-2.859
[INFO] [1782536716.131510373] [route_recorder]: saved point 253: x=0.114, y=53.858, yaw=-2.852
[INFO] [1782536716.631724271] [route_recorder]: saved point 254: x=-0.334, y=53.729, yaw=-2.853
[INFO] [1782536717.133269298] [route_recorder]: saved point 255: x=-0.792, y=53.594, yaw=-2.849
[INFO] [1782536717.631884182] [route_recorder]: saved point 256: x=-1.249, y=53.465, yaw=-2.852
[INFO] [1782536718.135984602] [route_recorder]: saved point 257: x=-1.697, y=53.333, yaw=-2.852
[INFO] [1782536718.631357679] [route_recorder]: saved point 258: x=-2.154, y=53.194, yaw=-2.844
[INFO] [1782536719.132109493] [route_recorder]: saved point 259: x=-2.578, y=53.070, yaw=-2.851
[INFO] [1782536719.633447133] [route_recorder]: saved point 260: x=-3.017, y=52.949, yaw=-2.866
[INFO] [1782536720.136345338] [route_recorder]: saved point 261: x=-3.464, y=52.804, yaw=-2.844
[INFO] [1782536720.632843238] [route_recorder]: saved point 262: x=-3.935, y=52.679, yaw=-2.829
[INFO] [1782536721.134167264] [route_recorder]: saved point 263: x=-4.391, y=52.555, yaw=-2.821
[INFO] [1782536721.630550227] [route_recorder]: saved point 264: x=-4.833, y=52.418, yaw=-2.816
[INFO] [1782536722.131265647] [route_recorder]: saved point 265: x=-5.288, y=52.327, yaw=-2.814
[INFO] [1782536722.631570278] [route_recorder]: saved point 266: x=-5.729, y=52.161, yaw=-2.818
[INFO] [1782536723.131934791] [route_recorder]: saved point 267: x=-6.177, y=52.013, yaw=-2.822
[INFO] [1782536723.633093900] [route_recorder]: saved point 268: x=-6.632, y=51.885, yaw=-2.816
[INFO] [1782536724.132402765] [route_recorder]: saved point 269: x=-7.082, y=51.750, yaw=-2.821
[INFO] [1782536724.635277286] [route_recorder]: saved point 270: x=-7.541, y=51.625, yaw=-2.815
[INFO] [1782536725.133465061] [route_recorder]: saved point 271: x=-7.996, y=51.480, yaw=-2.860
[INFO] [1782536725.634991227] [route_recorder]: saved point 272: x=-8.448, y=51.369, yaw=-2.880
[INFO] [1782536726.133751077] [route_recorder]: saved point 273: x=-8.916, y=51.268, yaw=-2.947
[INFO] [1782536726.631899496] [route_recorder]: saved point 274: x=-9.370, y=51.189, yaw=-2.957
[INFO] [1782536727.135754560] [route_recorder]: saved point 275: x=-9.834, y=51.109, yaw=-2.965
[INFO] [1782536727.632913825] [route_recorder]: saved point 276: x=-10.309, y=51.030, yaw=-2.954
[INFO] [1782536728.136542911] [route_recorder]: saved point 277: x=-10.766, y=50.939, yaw=-2.962
[INFO] [1782536728.633632422] [route_recorder]: saved point 278: x=-11.238, y=50.852, yaw=-2.963
[INFO] [1782536729.135059674] [route_recorder]: saved point 279: x=-11.715, y=50.767, yaw=-2.964
[INFO] [1782536729.531980075] [route_recorder]: saved point 280: x=-12.110, y=50.693, yaw=-2.960
[INFO] [1782536729.932915772] [route_recorder]: saved point 281: x=-12.527, y=50.617, yaw=-2.932
[INFO] [1782536730.431609718] [route_recorder]: saved point 282: x=-13.014, y=50.536, yaw=-2.955
[INFO] [1782536730.830458742] [route_recorder]: saved point 283: x=-13.418, y=50.471, yaw=-2.944
[INFO] [1782536731.332308584] [route_recorder]: saved point 284: x=-13.867, y=50.389, yaw=-2.944
[INFO] [1782536731.735935820] [route_recorder]: saved point 285: x=-14.269, y=50.289, yaw=-2.942
[INFO] [1782536732.232762580] [route_recorder]: saved point 286: x=-14.772, y=50.227, yaw=-2.951
[INFO] [1782536732.732677673] [route_recorder]: saved point 287: x=-15.234, y=50.167, yaw=-3.022
[INFO] [1782536733.233760122] [route_recorder]: saved point 288: x=-15.718, y=50.105, yaw=-3.019
[INFO] [1782536733.733350739] [route_recorder]: saved point 289: x=-16.172, y=50.033, yaw=-3.021
[INFO] [1782536734.234315880] [route_recorder]: saved point 290: x=-16.641, y=49.997, yaw=-3.021
[INFO] [1782536734.734258921] [route_recorder]: saved point 291: x=-17.115, y=49.940, yaw=-3.025
[INFO] [1782536735.232355372] [route_recorder]: saved point 292: x=-17.600, y=49.873, yaw=-3.017
[INFO] [1782536735.734299492] [route_recorder]: saved point 293: x=-18.064, y=49.820, yaw=-3.024
[INFO] [1782536736.235027490] [route_recorder]: saved point 294: x=-18.501, y=49.769, yaw=-3.045
[INFO] [1782536736.633135695] [route_recorder]: saved point 295: x=-18.909, y=49.727, yaw=-3.064
[INFO] [1782536737.135700667] [route_recorder]: saved point 296: x=-19.375, y=49.659, yaw=-3.056
[INFO] [1782536737.630923012] [route_recorder]: saved point 297: x=-19.832, y=49.625, yaw=-3.049
[INFO] [1782536738.133201522] [route_recorder]: saved point 298: x=-20.303, y=49.600, yaw=-3.049
[INFO] [1782536738.632200864] [route_recorder]: saved point 299: x=-20.791, y=49.550, yaw=-3.052
[INFO] [1782536739.132920582] [route_recorder]: saved point 300: x=-21.258, y=49.476, yaw=-3.048
[INFO] [1782536739.632211804] [route_recorder]: saved point 301: x=-21.736, y=49.422, yaw=-3.061
[INFO] [1782536740.132377346] [route_recorder]: saved point 302: x=-22.204, y=49.375, yaw=-3.033
[INFO] [1782536740.532186388] [route_recorder]: saved point 303: x=-22.618, y=49.354, yaw=-3.041
[INFO] [1782536741.032569145] [route_recorder]: saved point 304: x=-23.097, y=49.331, yaw=-3.034
[INFO] [1782536741.434035415] [route_recorder]: saved point 305: x=-23.501, y=49.267, yaw=-3.034
[INFO] [1782536741.834003399] [route_recorder]: saved point 306: x=-23.937, y=49.198, yaw=-3.023
[INFO] [1782536742.235661303] [route_recorder]: saved point 307: x=-24.368, y=49.130, yaw=-3.036
[INFO] [1782536742.633931861] [route_recorder]: saved point 308: x=-24.820, y=49.071, yaw=-3.013
[INFO] [1782536743.037229027] [route_recorder]: saved point 309: x=-25.231, y=49.034, yaw=-3.013
[INFO] [1782536743.435437150] [route_recorder]: saved point 310: x=-25.649, y=48.974, yaw=-3.006
[INFO] [1782536743.833285077] [route_recorder]: saved point 311: x=-26.061, y=48.926, yaw=-2.992
[INFO] [1782536744.332912279] [route_recorder]: saved point 312: x=-26.545, y=48.850, yaw=-2.999
[INFO] [1782536744.734113065] [route_recorder]: saved point 313: x=-26.991, y=48.790, yaw=-2.994
[INFO] [1782536745.134387197] [route_recorder]: saved point 314: x=-27.451, y=48.727, yaw=-2.986
[INFO] [1782536745.534825893] [route_recorder]: saved point 315: x=-27.850, y=48.662, yaw=-2.994
[INFO] [1782536745.934958571] [route_recorder]: saved point 316: x=-28.259, y=48.610, yaw=-3.002
[INFO] [1782536746.334091263] [route_recorder]: saved point 317: x=-28.679, y=48.548, yaw=-3.014
[INFO] [1782536746.734192642] [route_recorder]: saved point 318: x=-29.091, y=48.522, yaw=-3.021
[INFO] [1782536747.132908992] [route_recorder]: saved point 319: x=-29.521, y=48.464, yaw=-3.024
[INFO] [1782536747.533103648] [route_recorder]: saved point 320: x=-29.949, y=48.375, yaw=-3.012
[INFO] [1782536747.933082333] [route_recorder]: saved point 321: x=-30.354, y=48.338, yaw=-3.003
[INFO] [1782536748.333106515] [route_recorder]: saved point 322: x=-30.785, y=48.294, yaw=-2.998
[INFO] [1782536748.734028501] [route_recorder]: saved point 323: x=-31.221, y=48.234, yaw=-3.003
[INFO] [1782536749.137855709] [route_recorder]: saved point 324: x=-31.633, y=48.192, yaw=-2.996
[INFO] [1782536749.533886990] [route_recorder]: saved point 325: x=-32.045, y=48.150, yaw=-3.011
[INFO] [1782536749.933949893] [route_recorder]: saved point 326: x=-32.462, y=48.090, yaw=-3.011
[INFO] [1782536750.334811611] [route_recorder]: saved point 327: x=-32.871, y=48.030, yaw=-3.014
[INFO] [1782536750.732304886] [route_recorder]: saved point 328: x=-33.284, y=48.021, yaw=-3.004
[INFO] [1782536751.135016844] [route_recorder]: saved point 329: x=-33.715, y=47.939, yaw=-3.003
[INFO] [1782536751.536888077] [route_recorder]: saved point 330: x=-34.138, y=47.857, yaw=-2.983
[INFO] [1782536751.933531740] [route_recorder]: saved point 331: x=-34.589, y=47.802, yaw=-2.939
[INFO] [1782536752.329882783] [route_recorder]: saved point 332: x=-34.987, y=47.699, yaw=-2.858
[INFO] [1782536752.832003041] [route_recorder]: saved point 333: x=-35.441, y=47.538, yaw=-2.810
[INFO] [1782536753.329876337] [route_recorder]: saved point 334: x=-35.892, y=47.362, yaw=-2.727
[INFO] [1782536753.730575455] [route_recorder]: saved point 335: x=-36.260, y=47.204, yaw=-2.673
[INFO] [1782536754.130748048] [route_recorder]: saved point 336: x=-36.613, y=46.996, yaw=-2.565
[INFO] [1782536754.529542599] [route_recorder]: saved point 337: x=-36.979, y=46.791, yaw=-2.502
[INFO] [1782536755.028883894] [route_recorder]: saved point 338: x=-37.396, y=46.518, yaw=-2.481
[INFO] [1782536755.431556111] [route_recorder]: saved point 339: x=-37.710, y=46.263, yaw=-2.481
[INFO] [1782536755.830506275] [route_recorder]: saved point 340: x=-38.050, y=46.037, yaw=-2.474
[INFO] [1782536756.229626024] [route_recorder]: saved point 341: x=-38.368, y=45.785, yaw=-2.402
[INFO] [1782536756.730674443] [route_recorder]: saved point 342: x=-38.740, y=45.460, yaw=-2.373
[INFO] [1782536757.124668466] [route_recorder]: saved point 343: x=-39.070, y=45.206, yaw=-2.365
[INFO] [1782536757.629231962] [route_recorder]: saved point 344: x=-39.426, y=44.870, yaw=-2.362
[INFO] [1782536758.129620834] [route_recorder]: saved point 345: x=-39.802, y=44.544, yaw=-2.328
[INFO] [1782536758.529975478] [route_recorder]: saved point 346: x=-40.103, y=44.278, yaw=-2.334
[INFO] [1782536758.928188597] [route_recorder]: saved point 347: x=-40.374, y=43.974, yaw=-2.317
[INFO] [1782536759.427963565] [route_recorder]: saved point 348: x=-40.721, y=43.642, yaw=-2.323
[INFO] [1782536759.829913837] [route_recorder]: saved point 349: x=-41.024, y=43.368, yaw=-2.308
[INFO] [1782536760.329180634] [route_recorder]: saved point 350: x=-41.373, y=43.022, yaw=-2.282
[INFO] [1782536760.827233064] [route_recorder]: saved point 351: x=-41.679, y=42.633, yaw=-2.138
[INFO] [1782536761.229262291] [route_recorder]: saved point 352: x=-41.934, y=42.310, yaw=-2.095
[INFO] [1782536761.627512067] [route_recorder]: saved point 353: x=-42.165, y=41.961, yaw=-2.083
[INFO] [1782536762.130567502] [route_recorder]: saved point 354: x=-42.440, y=41.539, yaw=-2.073
[INFO] [1782536762.627663317] [route_recorder]: saved point 355: x=-42.704, y=41.137, yaw=-2.080
[INFO] [1782536763.128726477] [route_recorder]: saved point 356: x=-42.989, y=40.720, yaw=-2.078
[INFO] [1782536763.626601725] [route_recorder]: saved point 357: x=-43.306, y=40.319, yaw=-2.114
[INFO] [1782536764.027291902] [route_recorder]: saved point 358: x=-43.541, y=39.984, yaw=-2.099
[INFO] [1782536764.527354598] [route_recorder]: saved point 359: x=-43.794, y=39.594, yaw=-2.109
[INFO] [1782536765.027820789] [route_recorder]: saved point 360: x=-44.083, y=39.184, yaw=-2.115
[INFO] [1782536765.527564251] [route_recorder]: saved point 361: x=-44.386, y=38.776, yaw=-2.110
[INFO] [1782536766.027452580] [route_recorder]: saved point 362: x=-44.660, y=38.370, yaw=-2.106
[INFO] [1782536766.526992937] [route_recorder]: saved point 363: x=-44.918, y=37.978, yaw=-2.109
[INFO] [1782536767.025393636] [route_recorder]: saved point 364: x=-45.195, y=37.592, yaw=-2.102
[INFO] [1782536767.429235343] [route_recorder]: saved point 365: x=-45.433, y=37.259, yaw=-2.099
[INFO] [1782536767.826680791] [route_recorder]: saved point 366: x=-45.672, y=36.908, yaw=-2.075
[INFO] [1782536768.225113911] [route_recorder]: saved point 367: x=-45.931, y=36.587, yaw=-2.085
[INFO] [1782536768.624044104] [route_recorder]: saved point 368: x=-46.152, y=36.235, yaw=-2.069
[INFO] [1782536769.023863621] [route_recorder]: saved point 369: x=-46.349, y=35.853, yaw=-2.066
[INFO] [1782536769.524686938] [route_recorder]: saved point 370: x=-46.642, y=35.468, yaw=-2.048
[INFO] [1782536769.926356291] [route_recorder]: saved point 371: x=-46.879, y=35.119, yaw=-2.047
[INFO] [1782536770.323807924] [route_recorder]: saved point 372: x=-47.057, y=34.750, yaw=-2.012
[INFO] [1782536770.823653568] [route_recorder]: saved point 373: x=-47.294, y=34.306, yaw=-1.925
[INFO] [1782536771.223612255] [route_recorder]: saved point 374: x=-47.453, y=33.938, yaw=-1.904
[INFO] [1782536771.623607178] [route_recorder]: saved point 375: x=-47.633, y=33.566, yaw=-1.892
[INFO] [1782536772.023355060] [route_recorder]: saved point 376: x=-47.787, y=33.154, yaw=-1.881
[INFO] [1782536772.423187159] [route_recorder]: saved point 377: x=-47.935, y=32.776, yaw=-1.813
[INFO] [1782536772.923404968] [route_recorder]: saved point 378: x=-48.059, y=32.293, yaw=-1.728
[INFO] [1782536773.322234357] [route_recorder]: saved point 379: x=-48.155, y=31.872, yaw=-1.696
[INFO] [1782536773.723937894] [route_recorder]: saved point 380: x=-48.271, y=31.465, yaw=-1.673
[INFO] [1782536774.122432252] [route_recorder]: saved point 381: x=-48.370, y=31.073, yaw=-1.680
[INFO] [1782536774.621768868] [route_recorder]: saved point 382: x=-48.468, y=30.606, yaw=-1.677
[INFO] [1782536775.122197375] [route_recorder]: saved point 383: x=-48.560, y=30.116, yaw=-1.676
[INFO] [1782536775.521957167] [route_recorder]: saved point 384: x=-48.642, y=29.713, yaw=-1.674
[INFO] [1782536775.921738046] [route_recorder]: saved point 385: x=-48.750, y=29.262, yaw=-1.687
[INFO] [1782536776.324302402] [route_recorder]: saved point 386: x=-48.843, y=28.817, yaw=-1.699
[INFO] [1782536776.724644305] [route_recorder]: saved point 387: x=-48.961, y=28.355, yaw=-1.693
[INFO] [1782536777.122317355] [route_recorder]: saved point 388: x=-49.059, y=27.956, yaw=-1.689
[INFO] [1782536777.523681375] [route_recorder]: saved point 389: x=-49.139, y=27.533, yaw=-1.671
[INFO] [1782536777.923428802] [route_recorder]: saved point 390: x=-49.225, y=27.114, yaw=-1.673
[INFO] [1782536778.323789759] [route_recorder]: saved point 391: x=-49.315, y=26.695, yaw=-1.680
[INFO] [1782536778.724187266] [route_recorder]: saved point 392: x=-49.418, y=26.274, yaw=-1.672
[INFO] [1782536779.224837286] [route_recorder]: saved point 393: x=-49.508, y=25.791, yaw=-1.675
[INFO] [1782536779.627034710] [route_recorder]: saved point 394: x=-49.576, y=25.378, yaw=-1.635
[INFO] [1782536780.026232486] [route_recorder]: saved point 395: x=-49.622, y=24.972, yaw=-1.580
[INFO] [1782536780.429582046] [route_recorder]: saved point 396: x=-49.641, y=24.553, yaw=-1.562
[INFO] [1782536780.925816800] [route_recorder]: saved point 397: x=-49.681, y=24.071, yaw=-1.546
[INFO] [1782536781.428290916] [route_recorder]: saved point 398: x=-49.693, y=23.568, yaw=-1.541
[INFO] [1782536781.927406502] [route_recorder]: saved point 399: x=-49.742, y=23.082, yaw=-1.536
[INFO] [1782536782.326775933] [route_recorder]: saved point 400: x=-49.774, y=22.638, yaw=-1.544
[INFO] [1782536782.827552721] [route_recorder]: saved point 401: x=-49.782, y=22.148, yaw=-1.535
[INFO] [1782536783.228702415] [route_recorder]: saved point 402: x=-49.822, y=21.712, yaw=-1.535
[INFO] [1782536783.629006030] [route_recorder]: saved point 403: x=-49.850, y=21.302, yaw=-1.534
[INFO] [1782536784.131419485] [route_recorder]: saved point 404: x=-49.854, y=20.801, yaw=-1.532
[INFO] [1782536784.626971506] [route_recorder]: saved point 405: x=-49.883, y=20.297, yaw=-1.537
[INFO] [1782536785.029567015] [route_recorder]: saved point 406: x=-49.910, y=19.873, yaw=-1.522
[INFO] [1782536785.431020773] [route_recorder]: saved point 407: x=-49.913, y=19.461, yaw=-1.516
[INFO] [1782536785.828743383] [route_recorder]: saved point 408: x=-49.931, y=19.046, yaw=-1.518
[INFO] [1782536786.229390329] [route_recorder]: saved point 409: x=-49.944, y=18.595, yaw=-1.509
[INFO] [1782536786.628737719] [route_recorder]: saved point 410: x=-49.984, y=18.162, yaw=-1.503
[INFO] [1782536787.029790443] [route_recorder]: saved point 411: x=-50.007, y=17.743, yaw=-1.513
[INFO] [1782536787.528460512] [route_recorder]: saved point 412: x=-50.011, y=17.240, yaw=-1.519
[INFO] [1782536788.030662722] [route_recorder]: saved point 413: x=-50.022, y=16.739, yaw=-1.497
[INFO] [1782536788.428629952] [route_recorder]: saved point 414: x=-50.037, y=16.292, yaw=-1.516
[INFO] [1782536788.828646454] [route_recorder]: saved point 415: x=-50.046, y=15.853, yaw=-1.509
[INFO] [1782536789.228036371] [route_recorder]: saved point 416: x=-50.050, y=15.436, yaw=-1.496
[INFO] [1782536789.628676713] [route_recorder]: saved point 417: x=-50.080, y=15.023, yaw=-1.484
[INFO] [1782536790.028554904] [route_recorder]: saved point 418: x=-50.079, y=14.584, yaw=-1.474
[INFO] [1782536790.436008216] [route_recorder]: saved point 419: x=-50.072, y=14.152, yaw=-1.485
[INFO] [1782536790.828095679] [route_recorder]: saved point 420: x=-50.060, y=13.752, yaw=-1.471
[INFO] [1782536791.227862193] [route_recorder]: saved point 421: x=-50.075, y=13.326, yaw=-1.476
[INFO] [1782536791.627845263] [route_recorder]: saved point 422: x=-50.076, y=12.900, yaw=-1.486
[INFO] [1782536792.127870614] [route_recorder]: saved point 423: x=-50.043, y=12.424, yaw=-1.480
[INFO] [1782536792.626849638] [route_recorder]: saved point 424: x=-50.053, y=11.995, yaw=-1.470
[INFO] [1782536795.326987501] [route_recorder]: saved point 425: x=-50.031, y=11.549, yaw=-1.446
[INFO] [1782536795.827567626] [route_recorder]: saved point 426: x=-50.025, y=11.135, yaw=-1.444
[INFO] [1782536796.328374045] [route_recorder]: saved point 427: x=-49.987, y=10.696, yaw=-1.442
[INFO] [1782536796.827439076] [route_recorder]: saved point 428: x=-49.965, y=10.276, yaw=-1.442
[INFO] [1782536797.326579616] [route_recorder]: saved point 429: x=-49.929, y=9.824, yaw=-1.440
[INFO] [1782536797.826623153] [route_recorder]: saved point 430: x=-49.918, y=9.401, yaw=-1.426
[INFO] [1782536798.327214843] [route_recorder]: saved point 431: x=-49.883, y=8.966, yaw=-1.420
[INFO] [1782536798.829725897] [route_recorder]: saved point 432: x=-49.863, y=8.515, yaw=-1.418
[INFO] [1782536799.327991252] [route_recorder]: saved point 433: x=-49.821, y=8.065, yaw=-1.407
[INFO] [1782536799.827461624] [route_recorder]: saved point 434: x=-49.780, y=7.600, yaw=-1.404
[INFO] [1782536800.326738284] [route_recorder]: saved point 435: x=-49.743, y=7.145, yaw=-1.393
[INFO] [1782536800.826514577] [route_recorder]: saved point 436: x=-49.704, y=6.679, yaw=-1.382
[INFO] [1782536801.327461944] [route_recorder]: saved point 437: x=-49.667, y=6.215, yaw=-1.372
[INFO] [1782536801.826658771] [route_recorder]: saved point 438: x=-49.592, y=5.758, yaw=-1.362
[INFO] [1782536802.327989307] [route_recorder]: saved point 439: x=-49.544, y=5.320, yaw=-1.365
[INFO] [1782536802.826840462] [route_recorder]: saved point 440: x=-49.470, y=4.844, yaw=-1.354
[INFO] [1782536803.327585068] [route_recorder]: saved point 441: x=-49.407, y=4.394, yaw=-1.343
[INFO] [1782536803.829275648] [route_recorder]: saved point 442: x=-49.351, y=3.945, yaw=-1.331
[INFO] [1782536804.328783371] [route_recorder]: saved point 443: x=-49.286, y=3.487, yaw=-1.308
[INFO] [1782536804.830693278] [route_recorder]: saved point 444: x=-49.163, y=3.026, yaw=-1.282
[INFO] [1782536805.329416091] [route_recorder]: saved point 445: x=-49.053, y=2.592, yaw=-1.208
[INFO] [1782536805.828829611] [route_recorder]: saved point 446: x=-48.873, y=2.228, yaw=-1.096
[INFO] [1782536806.328364399] [route_recorder]: saved point 447: x=-48.704, y=1.771, yaw=-1.072
[INFO] [1782536806.829490641] [route_recorder]: saved point 448: x=-48.515, y=1.352, yaw=-1.046
[INFO] [1782536807.326534673] [route_recorder]: saved point 449: x=-48.303, y=0.924, yaw=-1.026
[INFO] [1782536807.827225130] [route_recorder]: saved point 450: x=-48.066, y=0.563, yaw=-0.921
[INFO] [1782536808.328325178] [route_recorder]: saved point 451: x=-47.760, y=0.217, yaw=-0.764
[INFO] [1782536808.825745509] [route_recorder]: saved point 452: x=-47.421, y=-0.073, yaw=-0.626
[INFO] [1782536809.323660967] [route_recorder]: saved point 453: x=-47.065, y=-0.302, yaw=-0.508
[INFO] [1782536809.825027105] [route_recorder]: saved point 454: x=-46.684, y=-0.504, yaw=-0.435
[INFO] [1782536810.324742808] [route_recorder]: saved point 455: x=-46.261, y=-0.672, yaw=-0.352
[INFO] [1782536810.825480134] [route_recorder]: saved point 456: x=-45.853, y=-0.806, yaw=-0.276
[INFO] [1782536811.317687028] [route_recorder]: saved point 457: x=-45.404, y=-0.894, yaw=-0.191
[INFO] [1782536811.826340999] [route_recorder]: saved point 458: x=-44.993, y=-0.995, yaw=-0.140
[INFO] [1782536812.324851205] [route_recorder]: saved point 459: x=-44.492, y=-1.038, yaw=-0.066
[INFO] [1782536812.924859545] [route_recorder]: saved point 460: x=-44.029, y=-1.032, yaw=0.033
[INFO] [1782536813.425798681] [route_recorder]: saved point 461: x=-43.596, y=-1.023, yaw=0.058
[INFO] [1782536813.925079590] [route_recorder]: saved point 462: x=-43.145, y=-0.968, yaw=0.055
[INFO] [1782536814.424969395] [route_recorder]: saved point 463: x=-42.704, y=-0.946, yaw=0.051
[INFO] [1782536814.925277514] [route_recorder]: saved point 464: x=-42.261, y=-0.933, yaw=0.030
[INFO] [1782536815.425199923] [route_recorder]: saved point 465: x=-41.828, y=-0.931, yaw=0.031
[INFO] [1782536815.925254306] [route_recorder]: saved point 466: x=-41.396, y=-0.912, yaw=0.040
[INFO] [1782536816.426159955] [route_recorder]: saved point 467: x=-40.969, y=-0.872, yaw=0.041
[INFO] [1782536816.925624245] [route_recorder]: saved point 468: x=-40.547, y=-0.844, yaw=0.049
[INFO] [1782536817.325486111] [route_recorder]: saved point 469: x=-40.126, y=-0.823, yaw=0.037
[INFO] [1782536817.827106650] [route_recorder]: saved point 470: x=-39.722, y=-0.788, yaw=0.042
[INFO] [1782536818.426122940] [route_recorder]: saved point 471: x=-39.276, y=-0.778, yaw=0.048
[INFO] [1782536818.826992174] [route_recorder]: saved point 472: x=-38.867, y=-0.770, yaw=-0.009
[INFO] [1782536819.326538873] [route_recorder]: saved point 473: x=-38.405, y=-0.769, yaw=-0.016
[INFO] [1782536819.825848266] [route_recorder]: saved point 474: x=-37.978, y=-0.767, yaw=-0.012
[INFO] [1782536820.328338552] [route_recorder]: saved point 475: x=-37.529, y=-0.770, yaw=-0.025
[INFO] [1782536820.826227056] [route_recorder]: saved point 476: x=-37.069, y=-0.758, yaw=0.008
[INFO] [1782536821.327488264] [route_recorder]: saved point 477: x=-36.590, y=-0.758, yaw=0.011
[INFO] [1782536821.827284310] [route_recorder]: saved point 478: x=-36.107, y=-0.735, yaw=0.018
[INFO] [1782536822.426606844] [route_recorder]: saved point 479: x=-35.628, y=-0.754, yaw=0.020
[INFO] [1782536822.925761307] [route_recorder]: saved point 480: x=-35.176, y=-0.739, yaw=0.027
[INFO] [1782536823.525694000] [route_recorder]: saved point 481: x=-34.701, y=-0.714, yaw=0.021
[INFO] [1782536824.028222906] [route_recorder]: saved point 482: x=-34.266, y=-0.688, yaw=0.051
[INFO] [1782536824.525478227] [route_recorder]: saved point 483: x=-33.828, y=-0.684, yaw=0.040
[INFO] [1782536825.025067278] [route_recorder]: saved point 484: x=-33.380, y=-0.650, yaw=0.052
[INFO] [1782536825.624575136] [route_recorder]: saved point 485: x=-32.918, y=-0.630, yaw=0.034
[INFO] [1782536826.127357480] [route_recorder]: saved point 486: x=-32.518, y=-0.614, yaw=0.031
[INFO] [1782536826.626327341] [route_recorder]: saved point 487: x=-32.042, y=-0.594, yaw=0.037
[INFO] [1782536827.123977095] [route_recorder]: saved point 488: x=-31.591, y=-0.572, yaw=0.035
[INFO] [1782536827.623731282] [route_recorder]: saved point 489: x=-31.167, y=-0.558, yaw=0.046
[INFO] [1782536828.127213112] [route_recorder]: saved point 490: x=-30.747, y=-0.523, yaw=0.045
[INFO] [1782536828.625729515] [route_recorder]: saved point 491: x=-30.309, y=-0.498, yaw=0.063
[INFO] [1782536829.128244638] [route_recorder]: saved point 492: x=-29.902, y=-0.459, yaw=0.068
[INFO] [1782536829.626867821] [route_recorder]: saved point 493: x=-29.496, y=-0.432, yaw=0.062
[INFO] [1782536830.127530655] [route_recorder]: saved point 494: x=-29.049, y=-0.388, yaw=0.063
[INFO] [1782536830.628352711] [route_recorder]: saved point 495: x=-28.626, y=-0.362, yaw=0.058
[INFO] [1782536831.130389511] [route_recorder]: saved point 496: x=-28.193, y=-0.363, yaw=0.016
[INFO] [1782536831.630164217] [route_recorder]: saved point 497: x=-27.778, y=-0.357, yaw=-0.028
[INFO] [1782536832.129670190] [route_recorder]: saved point 498: x=-27.333, y=-0.386, yaw=-0.019
[INFO] [1782536832.628958580] [route_recorder]: saved point 499: x=-26.892, y=-0.405, yaw=-0.027
[INFO] [1782536833.229648028] [route_recorder]: saved point 500: x=-26.429, y=-0.442, yaw=-0.040
[INFO] [1782536833.730184108] [route_recorder]: saved point 501: x=-25.980, y=-0.436, yaw=-0.036
[INFO] [1782536834.231462484] [route_recorder]: saved point 502: x=-25.554, y=-0.441, yaw=-0.041
[INFO] [1782536834.730811053] [route_recorder]: saved point 503: x=-25.130, y=-0.459, yaw=-0.032
[INFO] [1782536835.231817801] [route_recorder]: saved point 504: x=-24.717, y=-0.445, yaw=-0.028
[INFO] [1782536835.733307195] [route_recorder]: saved point 505: x=-24.278, y=-0.455, yaw=-0.019
[INFO] [1782536836.229979057] [route_recorder]: saved point 506: x=-23.831, y=-0.460, yaw=-0.018
[INFO] [1782536836.731132087] [route_recorder]: saved point 507: x=-23.410, y=-0.464, yaw=-0.017
[INFO] [1782536837.232170119] [route_recorder]: saved point 508: x=-22.952, y=-0.471, yaw=-0.013
[INFO] [1782536837.632581854] [route_recorder]: saved point 509: x=-22.549, y=-0.474, yaw=-0.007
[INFO] [1782536838.132456561] [route_recorder]: saved point 510: x=-22.072, y=-0.462, yaw=-0.003
[INFO] [1782536838.632414200] [route_recorder]: saved point 511: x=-21.600, y=-0.471, yaw=-0.005
[INFO] [1782536839.132400197] [route_recorder]: saved point 512: x=-21.159, y=-0.473, yaw=-0.004
[INFO] [1782536839.631890557] [route_recorder]: saved point 513: x=-20.708, y=-0.485, yaw=-0.034
[INFO] [1782536840.134222694] [route_recorder]: saved point 514: x=-20.240, y=-0.509, yaw=-0.052
[INFO] [1782536840.632329411] [route_recorder]: saved point 515: x=-19.780, y=-0.520, yaw=-0.060
[INFO] [1782536841.131498742] [route_recorder]: saved point 516: x=-19.324, y=-0.547, yaw=-0.061
[INFO] [1782536841.535703926] [route_recorder]: saved point 517: x=-18.912, y=-0.575, yaw=-0.060
[INFO] [1782536842.034240755] [route_recorder]: saved point 518: x=-18.478, y=-0.617, yaw=-0.050
[INFO] [1782536842.535424239] [route_recorder]: saved point 519: x=-18.054, y=-0.622, yaw=-0.050
[INFO] [1782536842.935333987] [route_recorder]: saved point 520: x=-17.642, y=-0.654, yaw=-0.041
[INFO] [1782536843.435766728] [route_recorder]: saved point 521: x=-17.186, y=-0.613, yaw=0.061
[INFO] [1782536843.934949247] [route_recorder]: saved point 522: x=-16.752, y=-0.554, yaw=0.087
[INFO] [1782536844.437494365] [route_recorder]: saved point 523: x=-16.283, y=-0.498, yaw=0.089
[INFO] [1782536844.935435641] [route_recorder]: saved point 524: x=-15.813, y=-0.441, yaw=0.094
[INFO] [1782536845.435427881] [route_recorder]: saved point 525: x=-15.370, y=-0.391, yaw=0.103
[INFO] [1782536845.934883573] [route_recorder]: saved point 526: x=-14.891, y=-0.339, yaw=0.064
[INFO] [1782536846.436546902] [route_recorder]: saved point 527: x=-14.419, y=-0.318, yaw=0.034
[INFO] [1782536846.936041818] [route_recorder]: saved point 528: x=-13.957, y=-0.330, yaw=0.019
[INFO] [1782536847.434694951] [route_recorder]: saved point 529: x=-13.473, y=-0.337, yaw=-0.023
[INFO] [1782536847.935558712] [route_recorder]: saved point 530: x=-13.030, y=-0.342, yaw=-0.043
[INFO] [1782536848.438605151] [route_recorder]: saved point 531: x=-12.602, y=-0.389, yaw=-0.042
[INFO] [1782536848.939740716] [route_recorder]: saved point 532: x=-12.130, y=-0.402, yaw=-0.038
[INFO] [1782536849.439838143] [route_recorder]: saved point 533: x=-11.633, y=-0.438, yaw=-0.027
[INFO] [1782536849.939453837] [route_recorder]: saved point 534: x=-11.232, y=-0.441, yaw=-0.028
[INFO] [1782536850.439762682] [route_recorder]: saved point 535: x=-10.818, y=-0.451, yaw=-0.017
[INFO] [1782536851.041085656] [route_recorder]: saved point 536: x=-10.371, y=-0.483, yaw=-0.007
[INFO] [1782536851.539234591] [route_recorder]: saved point 537: x=-9.917, y=-0.488, yaw=-0.001
[INFO] [1782536852.039292325] [route_recorder]: saved point 538: x=-9.458, y=-0.472, yaw=0.012
[INFO] [1782536852.641174563] [route_recorder]: saved point 539: x=-8.972, y=-0.453, yaw=0.030
[INFO] [1782536853.140442554] [route_recorder]: saved point 540: x=-8.573, y=-0.418, yaw=0.062
[INFO] [1782536853.641457948] [route_recorder]: saved point 541: x=-8.159, y=-0.393, yaw=0.063
[INFO] [1782536854.139816636] [route_recorder]: saved point 542: x=-7.713, y=-0.358, yaw=0.063
[INFO] [1782536854.641295070] [route_recorder]: saved point 543: x=-7.284, y=-0.364, yaw=0.018
[INFO] [1782536855.245307744] [route_recorder]: saved point 544: x=-6.805, y=-0.357, yaw=0.010
[INFO] [1782536855.841519067] [route_recorder]: saved point 545: x=-6.335, y=-0.357, yaw=-0.004
[INFO] [1782536856.341020325] [route_recorder]: saved point 546: x=-5.891, y=-0.372, yaw=0.004
[INFO] [1782536856.843928043] [route_recorder]: saved point 547: x=-5.455, y=-0.334, yaw=0.002
[INFO] [1782536857.436815746] [route_recorder]: saved point 548: x=-4.996, y=-0.344, yaw=0.019
[INFO] [1782536857.936501325] [route_recorder]: saved point 549: x=-4.523, y=-0.302, yaw=0.026
[INFO] [1782536858.438811254] [route_recorder]: saved point 550: x=-4.112, y=-0.276, yaw=0.029
[INFO] [1782536858.939673771] [route_recorder]: saved point 551: x=-3.684, y=-0.272, yaw=0.032
[INFO] [1782536859.440539156] [route_recorder]: saved point 552: x=-3.267, y=-0.246, yaw=0.048
[INFO] [1782536860.038270071] [route_recorder]: saved point 553: x=-2.795, y=-0.203, yaw=0.050
[INFO] [1782536871.739431695] [route_recorder]: route_recorder stopped by Ctrl+C
