[INFO] [1783596335.410807807] [unitree_safe_cmd_node]: unitree_safe_cmd_node ACTIVE: obstacle -> Move(0,0,0), resume after 5 clear frames
[WARN] [1783596335.426727591] [unitree_safe_cmd_node]: SAFE OVERRIDE cmd_timeout: Move x=0.000, z=0.000, raw_x=0.000, raw_z=0.000, stop_count=0, roi_count=0, nearest_x=inf, clear_frames=0
[WARN] [1783596335.973967419] [unitree_safe_cmd_node]: SAFE OVERRIDE cmd_timeout: Move x=0.000, z=0.000, raw_x=0.000, raw_z=0.000, stop_count=0, roi_count=0, nearest_x=inf, clear_frames=3
[WARN] [1783596336.523236431] [unitree_safe_cmd_node]: SAFE OVERRIDE cmd_timeout: Move x=0.000, z=0.000, raw_x=0.000, raw_z=0.000, stop_count=0, roi_count=0, nearest_x=inf, clear_frames=6
[WARN] [1783596337.023517831] [unitree_safe_cmd_node]: SAFE OVERRIDE cmd_timeout: Move x=0.000, z=0.000, raw_x=0.000, raw_z=0.000, stop_count=0, roi_count=0, nearest_x=inf, clear_frames=7
[WARN] [1783596337.573191112] [unitree_safe_cmd_node]: SAFE OVERRIDE cmd_timeout: Move x=0.000, z=0.000, raw_x=0.000, raw_z=0.000, stop_count=0, roi_count=0, nearest_x=inf, clear_frames=10
[WARN] [1783596338.073478464] [unitree_safe_cmd_node]: SAFE OVERRIDE cmd_timeout: Move x=0.000, z=0.000, raw_x=0.000, raw_z=0.000, stop_count=0, roi_count=0, nearest_x=inf, clear_frames=12
[WARN] [1783596338.628158609] [unitree_safe_cmd_node]: SAFE OVERRIDE cmd_timeout: Move x=0.000, z=0.000, raw_x=0.000, raw_z=0.000, stop_count=0, roi_count=0, nearest_x=inf, clear_frames=14
[WARN] [1783596339.173739093] [unitree_safe_cmd_node]: SAFE OVERRIDE cmd_timeout: Move x=0.000, z=0.000, raw_x=0.000, raw_z=0.000, stop_count=0, roi_count=0, nearest_x=inf, clear_frames=17
[WARN] [1783596339.723342296] [unitree_safe_cmd_node]: SAFE OVERRIDE cmd_timeout: Move x=0.000, z=0.000, raw_x=0.000, raw_z=0.000, stop_count=0, roi_count=0, nearest_x=inf, clear_frames=19
[WARN] [1783596340.273487586] [unitree_safe_cmd_node]: SAFE OVERRIDE cmd_timeout: Move x=0.000, z=0.000, raw_x=0.000, raw_z=0.000, stop_count=0, roi_count=0, nearest_x=inf, clear_frames=21
[WARN] [1783596340.774090987] [unitree_safe_cmd_node]: SAFE OVERRIDE cmd_timeout: Move x=0.000, z=0.000, raw_x=0.000, raw_z=0.000, stop_count=0, roi_count=0, nearest_x=inf, clear_frames=24
[WARN] [1783596341.324361999] [unitree_safe_cmd_node]: SAFE OVERRIDE cmd_timeout: Move x=0.000, z=0.000, raw_x=0.000, raw_z=0.000, stop_count=0, roi_count=0, nearest_x=inf, clear_frames=27
[WARN] [1783596341.873586693] [unitree_safe_cmd_node]: SAFE OVERRIDE cmd_timeout: Move x=0.000, z=0.000, raw_x=0.000, raw_z=0.000, stop_count=0, roi_count=0, nearest_x=inf, clear_frames=29
[WARN] [1783596342.375173311] [unitree_safe_cmd_node]: SAFE OVERRIDE cmd_timeout: Move x=0.000, z=0.000, raw_x=0.000, raw_z=0.000, stop_count=0, roi_count=0, nearest_x=inf, clear_frames=32
[WARN] [1783596342.875260897] [unitree_safe_cmd_node]: SAFE OVERRIDE cmd_timeout: Move x=0.000, z=0.000, raw_x=0.000, raw_z=0.000, stop_count=0, roi_count=0, nearest_x=inf, clear_frames=35
[WARN] [1783596343.423363629] [unitree_safe_cmd_node]: SAFE OVERRIDE cmd_timeout: Move x=0.000, z=0.000, raw_x=0.000, raw_z=0.000, stop_count=0, roi_count=0, nearest_x=inf, clear_frames=41
[WARN] [1783596343.973434458] [unitree_safe_cmd_node]: SAFE OVERRIDE cmd_timeout: Move x=0.000, z=0.000, raw_x=0.000, raw_z=0.000, stop_count=0, roi_count=0, nearest_x=inf, clear_frames=46
[WARN] [1783596344.473989158] [unitree_safe_cmd_node]: SAFE OVERRIDE cmd_timeout: Move x=0.000, z=0.000, raw_x=0.000, raw_z=0.000, stop_count=0, roi_count=0, nearest_x=inf, clear_frames=51
[WARN] [1783596344.977918544] [unitree_safe_cmd_node]: SAFE OVERRIDE cmd_timeout: Move x=0.000, z=0.000, raw_x=0.000, raw_z=0.000, stop_count=0, roi_count=0, nearest_x=inf, clear_frames=57
[WARN] [1783596345.523317597] [unitree_safe_cmd_node]: SAFE OVERRIDE cmd_timeout: Move x=0.000, z=0.000, raw_x=0.000, raw_z=0.000, stop_count=0, roi_count=0, nearest_x=inf, clear_frames=61
[WARN] [1783596346.023843274] [unitree_safe_cmd_node]: SAFE OVERRIDE cmd_timeout: Move x=0.000, z=0.000, raw_x=0.000, raw_z=0.000, stop_count=0, roi_count=0, nearest_x=inf, clear_frames=66
[WARN] [1783596346.573657923] [unitree_safe_cmd_node]: SAFE OVERRIDE cmd_timeout: Move x=0.000, z=0.000, raw_x=0.000, raw_z=0.000, stop_count=0, roi_count=0, nearest_x=inf, clear_frames=71
[WARN] [1783596347.073914109] [unitree_safe_cmd_node]: SAFE OVERRIDE cmd_timeout: Move x=0.000, z=0.000, raw_x=0.000, raw_z=0.000, stop_count=0, roi_count=0, nearest_x=inf, clear_frames=76
[WARN] [1783596347.623559711] [unitree_safe_cmd_node]: SAFE OVERRIDE cmd_timeout: Move x=0.000, z=0.000, raw_x=0.000, raw_z=0.000, stop_count=0, roi_count=0, nearest_x=inf, clear_frames=82
[WARN] [1783596348.174008090] [unitree_safe_cmd_node]: SAFE OVERRIDE cmd_timeout: Move x=0.000, z=0.000, raw_x=0.000, raw_z=0.000, stop_count=0, roi_count=0, nearest_x=inf, clear_frames=86
[WARN] [1783596348.676409677] [unitree_safe_cmd_node]: SAFE OVERRIDE cmd_timeout: Move x=0.000, z=0.000, raw_x=0.000, raw_z=0.000, stop_count=0, roi_count=0, nearest_x=inf, clear_frames=92
[WARN] [1783596349.223191704] [unitree_safe_cmd_node]: SAFE OVERRIDE cmd_timeout: Move x=0.000, z=0.000, raw_x=0.000, raw_z=0.000, stop_count=0, roi_count=0, nearest_x=inf, clear_frames=97
[WARN] [1783596349.729299386] [unitree_safe_cmd_node]: SAFE OVERRIDE cmd_timeout: Move x=0.000, z=0.000, raw_x=0.000, raw_z=0.000, stop_count=0, roi_count=0, nearest_x=inf, clear_frames=103
[WARN] [1783596350.273281738] [unitree_safe_cmd_node]: SAFE OVERRIDE cmd_timeout: Move x=0.000, z=0.000, raw_x=0.000, raw_z=0.000, stop_count=0, roi_count=0, nearest_x=inf, clear_frames=108
[WARN] [1783596350.773994607] [unitree_safe_cmd_node]: SAFE OVERRIDE cmd_timeout: Move x=0.000, z=0.000, raw_x=0.000, raw_z=0.000, stop_count=0, roi_count=0, nearest_x=inf, clear_frames=113
[WARN] [1783596351.325670063] [unitree_safe_cmd_node]: SAFE OVERRIDE cmd_timeout: Move x=0.000, z=0.000, raw_x=0.000, raw_z=0.000, stop_count=0, roi_count=0, nearest_x=inf, clear_frames=118
[WARN] [1783596351.873219893] [unitree_safe_cmd_node]: SAFE OVERRIDE cmd_timeout: Move x=0.000, z=0.000, raw_x=0.000, raw_z=0.000, stop_count=0, roi_count=0, nearest_x=inf, clear_frames=123
[WARN] [1783596352.373366356] [unitree_safe_cmd_node]: SAFE OVERRIDE cmd_timeout: Move x=0.000, z=0.000, raw_x=0.000, raw_z=0.000, stop_count=0, roi_count=0, nearest_x=inf, clear_frames=128
[WARN] [1783596352.873551697] [unitree_safe_cmd_node]: SAFE OVERRIDE cmd_timeout: Move x=0.000, z=0.000, raw_x=0.000, raw_z=0.000, stop_count=0, roi_count=0, nearest_x=inf, clear_frames=132
[WARN] [1783596353.373606453] [unitree_safe_cmd_node]: SAFE OVERRIDE cmd_timeout: Move x=0.000, z=0.000, raw_x=0.000, raw_z=0.000, stop_count=0, roi_count=0, nearest_x=inf, clear_frames=138
[WARN] [1783596353.923361777] [unitree_safe_cmd_node]: SAFE OVERRIDE cmd_timeout: Move x=0.000, z=0.000, raw_x=0.000, raw_z=0.000, stop_count=0, roi_count=0, nearest_x=inf, clear_frames=144
[WARN] [1783596354.478013988] [unitree_safe_cmd_node]: SAFE OVERRIDE cmd_timeout: Move x=0.000, z=0.000, raw_x=0.000, raw_z=0.000, stop_count=0, roi_count=0, nearest_x=inf, clear_frames=149
[WARN] [1783596354.979933422] [unitree_safe_cmd_node]: SAFE OVERRIDE cmd_timeout: Move x=0.000, z=0.000, raw_x=0.000, raw_z=0.000, stop_count=0, roi_count=0, nearest_x=inf, clear_frames=153
[WARN] [1783596355.523257822] [unitree_safe_cmd_node]: SAFE OVERRIDE cmd_timeout: Move x=0.000, z=0.000, raw_x=0.000, raw_z=0.000, stop_count=0, roi_count=0, nearest_x=inf, clear_frames=157
[WARN] [1783596356.023903333] [unitree_safe_cmd_node]: SAFE OVERRIDE cmd_timeout: Move x=0.000, z=0.000, raw_x=0.000, raw_z=0.000, stop_count=0, roi_count=0, nearest_x=inf, clear_frames=160
[WARN] [1783596356.573640162] [unitree_safe_cmd_node]: SAFE OVERRIDE cmd_timeout: Move x=0.000, z=0.000, raw_x=0.000, raw_z=0.000, stop_count=0, roi_count=0, nearest_x=inf, clear_frames=163
[INFO] [1783596357.074103859] [unitree_safe_cmd_node]: Move x=0.200, z=-0.334, stop_count=0, roi_count=0, nearest_x=inf, clear_frames=164
[INFO] [1783596357.578479976] [unitree_safe_cmd_node]: Move x=0.200, z=-0.335, stop_count=0, roi_count=0, nearest_x=inf, clear_frames=167
[INFO] [1783596358.123370477] [unitree_safe_cmd_node]: Move x=0.200, z=-0.341, stop_count=0, roi_count=0, nearest_x=inf, clear_frames=168
[INFO] [1783596358.672917267] [unitree_safe_cmd_node]: Move x=0.200, z=-0.327, stop_count=0, roi_count=0, nearest_x=inf, clear_frames=173
[INFO] [1783596359.173111920] [unitree_safe_cmd_node]: Move x=0.200, z=-0.329, stop_count=0, roi_count=0, nearest_x=inf, clear_frames=176
[INFO] [1783596359.673172403] [unitree_safe_cmd_node]: Move x=0.200, z=-0.236, stop_count=0, roi_count=0, nearest_x=inf, clear_frames=179
[INFO] [1783596360.173163642] [unitree_safe_cmd_node]: Move x=0.200, z=-0.184, stop_count=0, roi_count=0, nearest_x=inf, clear_frames=181
[INFO] [1783596360.677462611] [unitree_safe_cmd_node]: Move x=0.200, z=-0.104, stop_count=0, roi_count=0, nearest_x=inf, clear_frames=183
[INFO] [1783596361.180383822] [unitree_safe_cmd_node]: Move x=0.200, z=-0.096, stop_count=0, roi_count=0, nearest_x=inf, clear_frames=184
[INFO] [1783596361.722928962] [unitree_safe_cmd_node]: Move x=0.200, z=0.067, stop_count=0, roi_count=0, nearest_x=inf, clear_frames=187
[INFO] [1783596362.272928211] [unitree_safe_cmd_node]: Move x=0.200, z=0.142, stop_count=0, roi_count=0, nearest_x=inf, clear_frames=189
[INFO] [1783596362.773637303] [unitree_safe_cmd_node]: Move x=0.100, z=0.450, stop_count=0, roi_count=0, nearest_x=inf, clear_frames=192
[INFO] [1783596363.322920522] [unitree_safe_cmd_node]: Move x=0.100, z=0.450, stop_count=0, roi_count=0, nearest_x=inf, clear_frames=194
[INFO] [1783596363.823266560] [unitree_safe_cmd_node]: Move x=0.100, z=0.450, stop_count=0, roi_count=1, nearest_x=0.89, clear_frames=196
[INFO] [1783596364.323281126] [unitree_safe_cmd_node]: Move x=0.100, z=0.450, stop_count=0, roi_count=2, nearest_x=0.75, clear_frames=198
[INFO] [1783596364.825455460] [unitree_safe_cmd_node]: Move x=0.000, z=0.450, stop_count=0, roi_count=22, nearest_x=0.60, clear_frames=202
[INFO] [1783596365.373124132] [unitree_safe_cmd_node]: Move x=0.000, z=0.450, stop_count=0, roi_count=35, nearest_x=0.41, clear_frames=207
[INFO] [1783596365.923009114] [unitree_safe_cmd_node]: Move x=0.000, z=0.450, stop_count=0, roi_count=0, nearest_x=inf, clear_frames=212
[INFO] [1783596366.473335867] [unitree_safe_cmd_node]: Move x=0.000, z=0.450, stop_count=0, roi_count=0, nearest_x=inf, clear_frames=218
[INFO] [1783596366.973484250] [unitree_safe_cmd_node]: Move x=0.000, z=0.450, stop_count=0, roi_count=0, nearest_x=inf, clear_frames=223
[INFO] [1783596367.522915686] [unitree_safe_cmd_node]: Move x=0.000, z=0.450, stop_count=0, roi_count=0, nearest_x=inf, clear_frames=229
[INFO] [1783596368.028599005] [unitree_safe_cmd_node]: Move x=0.000, z=0.450, stop_count=0, roi_count=0, nearest_x=inf, clear_frames=235
[INFO] [1783596368.572862303] [unitree_safe_cmd_node]: Move x=0.000, z=0.450, stop_count=0, roi_count=0, nearest_x=inf, clear_frames=241
[INFO] [1783596369.073334287] [unitree_safe_cmd_node]: Move x=0.000, z=0.450, stop_count=0, roi_count=0, nearest_x=inf, clear_frames=246
[INFO] [1783596369.622874710] [unitree_safe_cmd_node]: Move x=0.000, z=0.450, stop_count=0, roi_count=0, nearest_x=inf, clear_frames=253
[INFO] [1783596370.123149551] [unitree_safe_cmd_node]: Move x=0.000, z=0.450, stop_count=0, roi_count=0, nearest_x=inf, clear_frames=257
[INFO] [1783596370.673313336] [unitree_safe_cmd_node]: Move x=0.100, z=-0.450, stop_count=0, roi_count=0, nearest_x=inf, clear_frames=264
[INFO] [1783596371.222799169] [unitree_safe_cmd_node]: Move x=0.100, z=-0.450, stop_count=0, roi_count=3, nearest_x=0.88, clear_frames=270
[INFO] [1783596371.728017550] [unitree_safe_cmd_node]: Move x=0.100, z=-0.450, stop_count=0, roi_count=1, nearest_x=0.89, clear_frames=276
[INFO] [1783596372.272763097] [unitree_safe_cmd_node]: Move x=0.100, z=-0.450, stop_count=0, roi_count=0, nearest_x=inf, clear_frames=282
[INFO] [1783596372.773931432] [unitree_safe_cmd_node]: Move x=0.100, z=-0.450, stop_count=0, roi_count=0, nearest_x=inf, clear_frames=287
[INFO] [1783596373.322748689] [unitree_safe_cmd_node]: Move x=0.200, z=-0.295, stop_count=0, roi_count=0, nearest_x=inf, clear_frames=293
[INFO] [1783596373.823252159] [unitree_safe_cmd_node]: Move x=0.200, z=-0.070, stop_count=0, roi_count=0, nearest_x=inf, clear_frames=298
[INFO] [1783596374.372968765] [unitree_safe_cmd_node]: Move x=0.200, z=0.021, stop_count=0, roi_count=0, nearest_x=inf, clear_frames=305
[INFO] [1783596374.873178682] [unitree_safe_cmd_node]: Move x=0.200, z=0.042, stop_count=0, roi_count=0, nearest_x=inf, clear_frames=310
[INFO] [1783596375.423475356] [unitree_safe_cmd_node]: Move x=0.200, z=-0.232, stop_count=0, roi_count=0, nearest_x=inf, clear_frames=315
[INFO] [1783596375.932861378] [unitree_safe_cmd_node]: Move x=0.200, z=-0.188, stop_count=0, roi_count=0, nearest_x=inf, clear_frames=321
[INFO] [1783596376.473171137] [unitree_safe_cmd_node]: Move x=0.200, z=-0.078, stop_count=0, roi_count=0, nearest_x=inf, clear_frames=326
[INFO] [1783596376.973316417] [unitree_safe_cmd_node]: Move x=0.200, z=-0.040, stop_count=0, roi_count=0, nearest_x=inf, clear_frames=330
[INFO] [1783596377.480274682] [unitree_safe_cmd_node]: Move x=0.200, z=-0.041, stop_count=0, roi_count=0, nearest_x=inf, clear_frames=336
[INFO] [1783596378.023093538] [unitree_safe_cmd_node]: Move x=0.200, z=0.016, stop_count=0, roi_count=0, nearest_x=inf, clear_frames=340
[INFO] [1783596378.523061898] [unitree_safe_cmd_node]: Move x=0.000, z=-0.450, stop_count=0, roi_count=0, nearest_x=inf, clear_frames=344
[INFO] [1783596379.023188170] [unitree_safe_cmd_node]: Move x=0.000, z=-0.450, stop_count=0, roi_count=0, nearest_x=inf, clear_frames=348
[INFO] [1783596379.523279756] [unitree_safe_cmd_node]: Move x=0.000, z=-0.450, stop_count=0, roi_count=0, nearest_x=inf, clear_frames=352
[INFO] [1783596380.073308444] [unitree_safe_cmd_node]: Move x=0.100, z=-0.450, stop_count=0, roi_count=0, nearest_x=inf, clear_frames=357
[INFO] [1783596380.623086423] [unitree_safe_cmd_node]: Move x=0.100, z=-0.450, stop_count=0, roi_count=0, nearest_x=inf, clear_frames=363
[INFO] [1783596381.177378842] [unitree_safe_cmd_node]: Move x=0.100, z=-0.450, stop_count=0, roi_count=0, nearest_x=inf, clear_frames=368
[INFO] [1783596381.722811909] [unitree_safe_cmd_node]: Move x=0.100, z=0.450, stop_count=0, roi_count=0, nearest_x=inf, clear_frames=373
[INFO] [1783596382.273061802] [unitree_safe_cmd_node]: Move x=0.100, z=0.450, stop_count=0, roi_count=0, nearest_x=inf, clear_frames=377
[INFO] [1783596382.775540377] [unitree_safe_cmd_node]: Move x=0.200, z=0.374, stop_count=0, roi_count=0, nearest_x=inf, clear_frames=382
[INFO] [1783596383.322747599] [unitree_safe_cmd_node]: Move x=0.200, z=0.157, stop_count=0, roi_count=0, nearest_x=inf, clear_frames=387
[INFO] [1783596383.823272253] [unitree_safe_cmd_node]: Move x=0.200, z=0.142, stop_count=0, roi_count=0, nearest_x=inf, clear_frames=391
[INFO] [1783596384.376360570] [unitree_safe_cmd_node]: Move x=0.100, z=0.450, stop_count=0, roi_count=0, nearest_x=inf, clear_frames=397
[INFO] [1783596384.923673291] [unitree_safe_cmd_node]: Move x=0.200, z=0.267, stop_count=0, roi_count=0, nearest_x=inf, clear_frames=401
[INFO] [1783596385.423265828] [unitree_safe_cmd_node]: Move x=0.200, z=0.181, stop_count=0, roi_count=0, nearest_x=inf, clear_frames=405
[INFO] [1783596385.973402382] [unitree_safe_cmd_node]: Move x=0.200, z=0.110, stop_count=0, roi_count=0, nearest_x=inf, clear_frames=408
[INFO] [1783596386.523317827] [unitree_safe_cmd_node]: Move x=0.200, z=0.059, stop_count=0, roi_count=0, nearest_x=inf, clear_frames=414
[INFO] [1783596387.073337971] [unitree_safe_cmd_node]: Move x=0.200, z=0.003, stop_count=0, roi_count=0, nearest_x=inf, clear_frames=419
[INFO] [1783596387.623122190] [unitree_safe_cmd_node]: Move x=0.200, z=0.007, stop_count=0, roi_count=0, nearest_x=inf, clear_frames=425
[INFO] [1783596388.173485517] [unitree_safe_cmd_node]: Move x=0.200, z=0.004, stop_count=0, roi_count=0, nearest_x=inf, clear_frames=429
[INFO] [1783596388.673692105] [unitree_safe_cmd_node]: Move x=0.000, z=0.450, stop_count=0, roi_count=0, nearest_x=inf, clear_frames=434
[INFO] [1783596389.179366048] [unitree_safe_cmd_node]: Move x=0.000, z=0.450, stop_count=0, roi_count=0, nearest_x=inf, clear_frames=439
[INFO] [1783596389.723153594] [unitree_safe_cmd_node]: Move x=0.000, z=0.450, stop_count=0, roi_count=0, nearest_x=inf, clear_frames=443
[INFO] [1783596390.273351489] [unitree_safe_cmd_node]: Move x=0.000, z=0.450, stop_count=0, roi_count=0, nearest_x=inf, clear_frames=447
[INFO] [1783596390.774054918] [unitree_safe_cmd_node]: Move x=0.100, z=0.450, stop_count=0, roi_count=0, nearest_x=inf, clear_frames=452
[INFO] [1783596391.322941963] [unitree_safe_cmd_node]: Move x=0.100, z=0.450, stop_count=0, roi_count=0, nearest_x=inf, clear_frames=457
[INFO] [1783596391.824023966] [unitree_safe_cmd_node]: Move x=0.000, z=0.450, stop_count=0, roi_count=0, nearest_x=inf, clear_frames=461
[INFO] [1783596392.325264841] [unitree_safe_cmd_node]: Move x=0.000, z=0.450, stop_count=0, roi_count=0, nearest_x=inf, clear_frames=465
[INFO] [1783596392.873523053] [unitree_safe_cmd_node]: Move x=0.000, z=0.450, stop_count=0, roi_count=0, nearest_x=inf, clear_frames=471
[INFO] [1783596393.423004278] [unitree_safe_cmd_node]: Move x=0.000, z=0.450, stop_count=0, roi_count=0, nearest_x=inf, clear_frames=477
[INFO] [1783596393.923246737] [unitree_safe_cmd_node]: Move x=0.000, z=0.450, stop_count=0, roi_count=0, nearest_x=inf, clear_frames=481
[INFO] [1783596394.474197684] [unitree_safe_cmd_node]: Move x=0.000, z=-0.450, stop_count=0, roi_count=0, nearest_x=inf, clear_frames=487
[INFO] [1783596394.978779007] [unitree_safe_cmd_node]: Move x=0.000, z=-0.450, stop_count=0, roi_count=0, nearest_x=inf, clear_frames=491
[INFO] [1783596395.522952582] [unitree_safe_cmd_node]: Move x=0.000, z=-0.450, stop_count=0, roi_count=0, nearest_x=inf, clear_frames=496
[INFO] [1783596396.023265182] [unitree_safe_cmd_node]: Move x=0.000, z=-0.450, stop_count=0, roi_count=0, nearest_x=inf, clear_frames=499
[INFO] [1783596396.573524930] [unitree_safe_cmd_node]: Move x=0.000, z=-0.450, stop_count=0, roi_count=0, nearest_x=inf, clear_frames=504
[INFO] [1783596397.123067048] [unitree_safe_cmd_node]: Move x=0.000, z=-0.450, stop_count=0, roi_count=0, nearest_x=inf, clear_frames=509
[INFO] [1783596397.624632932] [unitree_safe_cmd_node]: Move x=0.000, z=0.450, stop_count=0, roi_count=0, nearest_x=inf, clear_frames=513
[INFO] [1783596398.174246599] [unitree_safe_cmd_node]: Move x=0.000, z=0.450, stop_count=0, roi_count=0, nearest_x=inf, clear_frames=517
[INFO] [1783596398.723149452] [unitree_safe_cmd_node]: Move x=0.000, z=0.450, stop_count=0, roi_count=0, nearest_x=inf, clear_frames=523
[INFO] [1783596399.223245230] [unitree_safe_cmd_node]: Move x=0.000, z=0.450, stop_count=0, roi_count=0, nearest_x=inf, clear_frames=527
[INFO] [1783596399.773781572] [unitree_safe_cmd_node]: Move x=0.000, z=0.450, stop_count=0, roi_count=0, nearest_x=inf, clear_frames=531
[INFO] [1783596400.323648731] [unitree_safe_cmd_node]: Move x=0.000, z=0.450, stop_count=0, roi_count=0, nearest_x=inf, clear_frames=536
[INFO] [1783596400.823296467] [unitree_safe_cmd_node]: Move x=0.000, z=-0.450, stop_count=0, roi_count=0, nearest_x=inf, clear_frames=540
[INFO] [1783596401.374089277] [unitree_safe_cmd_node]: Move x=0.000, z=-0.450, stop_count=0, roi_count=0, nearest_x=inf, clear_frames=546
[INFO] [1783596401.922809003] [unitree_safe_cmd_node]: Move x=0.000, z=-0.450, stop_count=0, roi_count=0, nearest_x=inf, clear_frames=550
[INFO] [1783596402.422971178] [unitree_safe_cmd_node]: Move x=0.000, z=-0.450, stop_count=0, roi_count=0, nearest_x=inf, clear_frames=555
[INFO] [1783596402.978056263] [unitree_safe_cmd_node]: Move x=0.000, z=-0.450, stop_count=0, roi_count=0, nearest_x=inf, clear_frames=560
[INFO] [1783596403.522779348] [unitree_safe_cmd_node]: Move x=0.000, z=0.450, stop_count=0, roi_count=0, nearest_x=inf, clear_frames=565
[INFO] [1783596404.023284354] [unitree_safe_cmd_node]: Move x=0.000, z=0.450, stop_count=0, roi_count=0, nearest_x=inf, clear_frames=568
[INFO] [1783596404.580239686] [unitree_safe_cmd_node]: Move x=0.000, z=0.450, stop_count=0, roi_count=0, nearest_x=inf, clear_frames=574
[INFO] [1783596405.123301474] [unitree_safe_cmd_node]: Move x=0.000, z=0.450, stop_count=0, roi_count=0, nearest_x=inf, clear_frames=579
[INFO] [1783596405.673374639] [unitree_safe_cmd_node]: Move x=0.000, z=0.450, stop_count=0, roi_count=0, nearest_x=inf, clear_frames=585
[INFO] [1783596406.174141937] [unitree_safe_cmd_node]: Move x=0.000, z=0.450, stop_count=0, roi_count=0, nearest_x=inf, clear_frames=589
[INFO] [1783596406.723099571] [unitree_safe_cmd_node]: Move x=0.000, z=0.450, stop_count=0, roi_count=0, nearest_x=inf, clear_frames=595
[INFO] [1783596407.273516272] [unitree_safe_cmd_node]: Move x=0.000, z=0.450, stop_count=0, roi_count=0, nearest_x=inf, clear_frames=599
[INFO] [1783596407.773927619] [unitree_safe_cmd_node]: Move x=0.000, z=0.450, stop_count=0, roi_count=0, nearest_x=inf, clear_frames=604
[INFO] [1783596408.322868934] [unitree_safe_cmd_node]: Move x=0.000, z=0.450, stop_count=0, roi_count=0, nearest_x=inf, clear_frames=609
[INFO] [1783596408.823620776] [unitree_safe_cmd_node]: Move x=0.000, z=0.450, stop_count=0, roi_count=0, nearest_x=inf, clear_frames=613
[INFO] [1783596409.372955065] [unitree_safe_cmd_node]: Move x=0.100, z=0.450, stop_count=0, roi_count=0, nearest_x=inf, clear_frames=618
[INFO] [1783596409.874478198] [unitree_safe_cmd_node]: Move x=0.200, z=0.196, stop_count=0, roi_count=0, nearest_x=inf, clear_frames=622
[INFO] [1783596410.422833269] [unitree_safe_cmd_node]: Move x=0.200, z=-0.020, stop_count=0, roi_count=0, nearest_x=inf, clear_frames=627
[INFO] [1783596410.922929463] [unitree_safe_cmd_node]: Move x=0.200, z=-0.084, stop_count=0, roi_count=0, nearest_x=inf, clear_frames=631
[INFO] [1783596411.423658043] [unitree_safe_cmd_node]: Move x=0.200, z=-0.342, stop_count=0, roi_count=0, nearest_x=inf, clear_frames=636
[INFO] [1783596411.973507282] [unitree_safe_cmd_node]: Move x=0.200, z=-0.268, stop_count=0, roi_count=0, nearest_x=inf, clear_frames=640
[INFO] [1783596412.474394286] [unitree_safe_cmd_node]: Move x=0.200, z=-0.186, stop_count=0, roi_count=0, nearest_x=inf, clear_frames=644
[INFO] [1783596413.023107100] [unitree_safe_cmd_node]: Move x=0.200, z=-0.021, stop_count=0, roi_count=0, nearest_x=inf, clear_frames=649
[INFO] [1783596413.523340407] [unitree_safe_cmd_node]: Move x=0.200, z=0.007, stop_count=0, roi_count=1, nearest_x=0.90, clear_frames=653
[INFO] [1783596414.076430196] [unitree_safe_cmd_node]: Move x=0.200, z=-0.054, stop_count=0, roi_count=1, nearest_x=0.89, clear_frames=657
[INFO] [1783596414.623108196] [unitree_safe_cmd_node]: Move x=0.200, z=-0.065, stop_count=0, roi_count=4, nearest_x=0.86, clear_frames=663
[INFO] [1783596415.123397852] [unitree_safe_cmd_node]: Move x=0.000, z=-0.450, stop_count=0, roi_count=6, nearest_x=0.86, clear_frames=666
[INFO] [1783596415.673511431] [unitree_safe_cmd_node]: Move x=0.000, z=-0.450, stop_count=0, roi_count=83, nearest_x=0.69, clear_frames=672
[INFO] [1783596416.223533975] [unitree_safe_cmd_node]: Move x=0.000, z=-0.450, stop_count=0, roi_count=99, nearest_x=0.69, clear_frames=676
[INFO] [1783596416.773646818] [unitree_safe_cmd_node]: Move x=0.000, z=-0.450, stop_count=0, roi_count=107, nearest_x=0.71, clear_frames=681
[INFO] [1783596417.322770524] [unitree_safe_cmd_node]: Move x=0.000, z=-0.450, stop_count=0, roi_count=120, nearest_x=0.72, clear_frames=686
[INFO] [1783596417.823253324] [unitree_safe_cmd_node]: Move x=0.000, z=-0.450, stop_count=0, roi_count=72, nearest_x=0.70, clear_frames=690
[INFO] [1783596418.380126292] [unitree_safe_cmd_node]: Move x=0.000, z=-0.450, stop_count=0, roi_count=37, nearest_x=0.68, clear_frames=696
[INFO] [1783596418.923041079] [unitree_safe_cmd_node]: Move x=0.000, z=-0.450, stop_count=0, roi_count=12, nearest_x=0.69, clear_frames=700
[INFO] [1783596419.424230436] [unitree_safe_cmd_node]: Move x=0.000, z=-0.450, stop_count=0, roi_count=0, nearest_x=inf, clear_frames=705
[INFO] [1783596419.925176285] [unitree_safe_cmd_node]: Move x=0.000, z=-0.450, stop_count=0, roi_count=0, nearest_x=inf, clear_frames=709
[INFO] [1783596420.477794513] [unitree_safe_cmd_node]: Move x=0.000, z=-0.450, stop_count=0, roi_count=0, nearest_x=inf, clear_frames=714
[INFO] [1783596421.023108769] [unitree_safe_cmd_node]: Move x=0.000, z=-0.450, stop_count=0, roi_count=0, nearest_x=inf, clear_frames=718
[INFO] [1783596421.523140166] [unitree_safe_cmd_node]: Move x=0.000, z=-0.450, stop_count=0, roi_count=0, nearest_x=inf, clear_frames=723
[INFO] [1783596422.023385441] [unitree_safe_cmd_node]: Move x=0.000, z=-0.450, stop_count=0, roi_count=0, nearest_x=inf, clear_frames=727
[INFO] [1783596422.573420560] [unitree_safe_cmd_node]: Move x=0.000, z=-0.450, stop_count=0, roi_count=0, nearest_x=inf, clear_frames=732
[INFO] [1783596423.073916766] [unitree_safe_cmd_node]: Move x=0.000, z=-0.450, stop_count=0, roi_count=0, nearest_x=inf, clear_frames=735
[INFO] [1783596423.622987867] [unitree_safe_cmd_node]: Move x=0.000, z=-0.450, stop_count=0, roi_count=0, nearest_x=inf, clear_frames=741
[INFO] [1783596424.123084893] [unitree_safe_cmd_node]: Move x=0.000, z=-0.450, stop_count=0, roi_count=0, nearest_x=inf, clear_frames=745
[INFO] [1783596424.673122252] [unitree_safe_cmd_node]: Move x=0.000, z=-0.450, stop_count=0, roi_count=0, nearest_x=inf, clear_frames=749
[INFO] [1783596425.177219598] [unitree_safe_cmd_node]: Move x=0.000, z=-0.450, stop_count=0, roi_count=0, nearest_x=inf, clear_frames=755
[INFO] [1783596425.679125817] [unitree_safe_cmd_node]: Move x=0.100, z=-0.450, stop_count=0, roi_count=0, nearest_x=inf, clear_frames=760
[INFO] [1783596426.222930162] [unitree_safe_cmd_node]: Move x=0.100, z=-0.450, stop_count=0, roi_count=0, nearest_x=inf, clear_frames=764
[INFO] [1783596426.722812574] [unitree_safe_cmd_node]: Move x=0.200, z=0.136, stop_count=0, roi_count=0, nearest_x=inf, clear_frames=769
[INFO] [1783596427.273187133] [unitree_safe_cmd_node]: Move x=0.200, z=0.128, stop_count=0, roi_count=0, nearest_x=inf, clear_frames=773
[INFO] [1783596427.773637165] [unitree_safe_cmd_node]: Move x=0.200, z=0.103, stop_count=0, roi_count=0, nearest_x=inf, clear_frames=778
[INFO] [1783596428.323124471] [unitree_safe_cmd_node]: Move x=0.200, z=0.099, stop_count=0, roi_count=0, nearest_x=inf, clear_frames=783
[INFO] [1783596428.824050961] [unitree_safe_cmd_node]: Move x=0.200, z=0.087, stop_count=0, roi_count=0, nearest_x=inf, clear_frames=787
[INFO] [1783596429.324047447] [unitree_safe_cmd_node]: Move x=0.100, z=0.450, stop_count=0, roi_count=0, nearest_x=inf, clear_frames=792
[INFO] [1783596429.873147187] [unitree_safe_cmd_node]: Move x=0.100, z=0.450, stop_count=0, roi_count=0, nearest_x=inf, clear_frames=797
[INFO] [1783596430.373456810] [unitree_safe_cmd_node]: Move x=0.200, z=0.289, stop_count=0, roi_count=0, nearest_x=inf, clear_frames=801
[INFO] [1783596430.874103186] [unitree_safe_cmd_node]: Move x=0.200, z=0.116, stop_count=0, roi_count=0, nearest_x=inf, clear_frames=806
[INFO] [1783596431.373561458] [unitree_safe_cmd_node]: Move x=0.200, z=0.071, stop_count=0, roi_count=0, nearest_x=inf, clear_frames=809
[INFO] [1783596431.923102584] [unitree_safe_cmd_node]: Move x=0.200, z=0.033, stop_count=0, roi_count=0, nearest_x=inf, clear_frames=814
[INFO] [1783596432.423164412] [unitree_safe_cmd_node]: Move x=0.100, z=-0.450, stop_count=0, roi_count=0, nearest_x=inf, clear_frames=818
[INFO] [1783596432.974735361] [unitree_safe_cmd_node]: Move x=0.100, z=-0.450, stop_count=0, roi_count=0, nearest_x=inf, clear_frames=821
[INFO] [1783596433.476639692] [unitree_safe_cmd_node]: Move x=0.200, z=-0.300, stop_count=0, roi_count=0, nearest_x=inf, clear_frames=827
[INFO] [1783596434.022792181] [unitree_safe_cmd_node]: Move x=0.200, z=-0.142, stop_count=0, roi_count=0, nearest_x=inf, clear_frames=831
[INFO] [1783596434.522809402] [unitree_safe_cmd_node]: Move x=0.100, z=0.450, stop_count=0, roi_count=0, nearest_x=inf, clear_frames=836
[INFO] [1783596435.022880797] [unitree_safe_cmd_node]: Move x=0.200, z=0.411, stop_count=0, roi_count=0, nearest_x=inf, clear_frames=840
[INFO] [1783596435.578513793] [unitree_safe_cmd_node]: Move x=0.200, z=0.246, stop_count=0, roi_count=0, nearest_x=inf, clear_frames=846
[INFO] [1783596436.124091589] [unitree_safe_cmd_node]: Move x=0.200, z=0.072, stop_count=0, roi_count=0, nearest_x=inf, clear_frames=850
[INFO] [1783596436.628932900] [unitree_safe_cmd_node]: Move x=0.200, z=0.017, stop_count=0, roi_count=0, nearest_x=inf, clear_frames=855
[INFO] [1783596437.173322368] [unitree_safe_cmd_node]: Move x=0.200, z=-0.054, stop_count=0, roi_count=0, nearest_x=inf, clear_frames=860
[INFO] [1783596437.675211148] [unitree_safe_cmd_node]: Move x=0.200, z=-0.086, stop_count=0, roi_count=0, nearest_x=inf, clear_frames=865
[INFO] [1783596438.223050628] [unitree_safe_cmd_node]: Move x=0.200, z=-0.030, stop_count=0, roi_count=0, nearest_x=inf, clear_frames=870
[INFO] [1783596438.723334589] [unitree_safe_cmd_node]: Move x=0.200, z=-0.033, stop_count=0, roi_count=0, nearest_x=inf, clear_frames=874
[INFO] [1783596439.273318446] [unitree_safe_cmd_node]: Move x=0.200, z=0.003, stop_count=0, roi_count=0, nearest_x=inf, clear_frames=878
[INFO] [1783596439.823240546] [unitree_safe_cmd_node]: Move x=0.200, z=-0.033, stop_count=0, roi_count=0, nearest_x=inf, clear_frames=883
[INFO] [1783596440.379608835] [unitree_safe_cmd_node]: Move x=0.200, z=-0.014, stop_count=0, roi_count=0, nearest_x=inf, clear_frames=888
[INFO] [1783596440.924489544] [unitree_safe_cmd_node]: Move x=0.200, z=-0.004, stop_count=0, roi_count=0, nearest_x=inf, clear_frames=892
[INFO] [1783596441.477423308] [unitree_safe_cmd_node]: Move x=0.200, z=-0.004, stop_count=0, roi_count=0, nearest_x=inf, clear_frames=898
[INFO] [1783596442.022725789] [unitree_safe_cmd_node]: Move x=0.200, z=-0.002, stop_count=0, roi_count=0, nearest_x=inf, clear_frames=902
[INFO] [1783596442.522768578] [unitree_safe_cmd_node]: Move x=0.200, z=-0.044, stop_count=0, roi_count=0, nearest_x=inf, clear_frames=907
[INFO] [1783596443.022845892] [unitree_safe_cmd_node]: Move x=0.200, z=-0.006, stop_count=0, roi_count=0, nearest_x=inf, clear_frames=911
[INFO] [1783596443.578625409] [unitree_safe_cmd_node]: Move x=0.200, z=-0.040, stop_count=0, roi_count=0, nearest_x=inf, clear_frames=917
[INFO] [1783596444.122817511] [unitree_safe_cmd_node]: Move x=0.200, z=-0.027, stop_count=0, roi_count=0, nearest_x=inf, clear_frames=921
[INFO] [1783596444.622971142] [unitree_safe_cmd_node]: Move x=0.200, z=-0.067, stop_count=0, roi_count=0, nearest_x=inf, clear_frames=926
[INFO] [1783596445.123140932] [unitree_safe_cmd_node]: Move x=0.200, z=-0.034, stop_count=0, roi_count=0, nearest_x=inf, clear_frames=930
[INFO] [1783596445.673639453] [unitree_safe_cmd_node]: Move x=0.200, z=0.015, stop_count=0, roi_count=0, nearest_x=inf, clear_frames=935
[INFO] [1783596446.223010635] [unitree_safe_cmd_node]: Move x=0.200, z=-0.036, stop_count=0, roi_count=0, nearest_x=inf, clear_frames=940
[INFO] [1783596446.723142059] [unitree_safe_cmd_node]: Move x=0.200, z=-0.038, stop_count=0, roi_count=0, nearest_x=inf, clear_frames=945
[INFO] [1783596447.223263564] [unitree_safe_cmd_node]: Move x=0.200, z=-0.023, stop_count=0, roi_count=0, nearest_x=inf, clear_frames=949
[INFO] [1783596447.723206165] [unitree_safe_cmd_node]: Move x=0.200, z=-0.056, stop_count=0, roi_count=0, nearest_x=inf, clear_frames=954
[INFO] [1783596448.273498487] [unitree_safe_cmd_node]: Move x=0.200, z=-0.035, stop_count=0, roi_count=0, nearest_x=inf, clear_frames=959
[INFO] [1783596448.774676805] [unitree_safe_cmd_node]: Move x=0.200, z=0.002, stop_count=0, roi_count=0, nearest_x=inf, clear_frames=963
[INFO] [1783596449.322766225] [unitree_safe_cmd_node]: Move x=0.200, z=-0.043, stop_count=0, roi_count=0, nearest_x=inf, clear_frames=968
[INFO] [1783596449.823436792] [unitree_safe_cmd_node]: Move x=0.200, z=-0.031, stop_count=0, roi_count=0, nearest_x=inf, clear_frames=972
[INFO] [1783596450.379290448] [unitree_safe_cmd_node]: Move x=0.200, z=-0.036, stop_count=0, roi_count=0, nearest_x=inf, clear_frames=978
[INFO] [1783596450.922776792] [unitree_safe_cmd_node]: Move x=0.200, z=-0.060, stop_count=0, roi_count=0, nearest_x=inf, clear_frames=982
[INFO] [1783596451.422870074] [unitree_safe_cmd_node]: Move x=0.200, z=-0.032, stop_count=0, roi_count=0, nearest_x=inf, clear_frames=987
[INFO] [1783596451.980389475] [unitree_safe_cmd_node]: Move x=0.200, z=-0.048, stop_count=0, roi_count=0, nearest_x=inf, clear_frames=992
[INFO] [1783596452.525729970] [unitree_safe_cmd_node]: Move x=0.200, z=-0.021, stop_count=0, roi_count=0, nearest_x=inf, clear_frames=997
[INFO] [1783596453.073407314] [unitree_safe_cmd_node]: Move x=0.200, z=-0.029, stop_count=0, roi_count=0, nearest_x=inf, clear_frames=1001
[INFO] [1783596453.623078322] [unitree_safe_cmd_node]: Move x=0.200, z=-0.021, stop_count=0, roi_count=0, nearest_x=inf, clear_frames=1007
[INFO] [1783596454.123064057] [unitree_safe_cmd_node]: Move x=0.200, z=-0.012, stop_count=0, roi_count=0, nearest_x=inf, clear_frames=1011
[INFO] [1783596454.623066752] [unitree_safe_cmd_node]: Move x=0.200, z=0.007, stop_count=0, roi_count=0, nearest_x=inf, clear_frames=1016
[INFO] [1783596455.173543769] [unitree_safe_cmd_node]: Move x=0.200, z=0.006, stop_count=0, roi_count=0, nearest_x=inf, clear_frames=1020
[INFO] [1783596455.680097094] [unitree_safe_cmd_node]: Move x=0.200, z=-0.052, stop_count=0, roi_count=0, nearest_x=inf, clear_frames=1026
[INFO] [1783596456.225119749] [unitree_safe_cmd_node]: Move x=0.200, z=0.005, stop_count=0, roi_count=0, nearest_x=inf, clear_frames=1030
[INFO] [1783596456.775057368] [unitree_safe_cmd_node]: Move x=0.200, z=-0.020, stop_count=0, roi_count=0, nearest_x=inf, clear_frames=1035
[INFO] [1783596457.275546919] [unitree_safe_cmd_node]: Move x=0.200, z=-0.053, stop_count=0, roi_count=0, nearest_x=inf, clear_frames=1039
[INFO] [1783596457.823396287] [unitree_safe_cmd_node]: Move x=0.200, z=-0.011, stop_count=0, roi_count=0, nearest_x=inf, clear_frames=1044
[INFO] [1783596458.373951989] [unitree_safe_cmd_node]: Move x=0.200, z=-0.035, stop_count=0, roi_count=0, nearest_x=inf, clear_frames=1049
[INFO] [1783596458.922780829] [unitree_safe_cmd_node]: Move x=0.200, z=-0.037, stop_count=0, roi_count=0, nearest_x=inf, clear_frames=1054
[INFO] [1783596459.477587656] [unitree_safe_cmd_node]: Move x=0.200, z=0.008, stop_count=0, roi_count=0, nearest_x=inf, clear_frames=1060
[INFO] [1783596459.978160147] [unitree_safe_cmd_node]: Move x=0.200, z=-0.019, stop_count=0, roi_count=0, nearest_x=inf, clear_frames=1064
[INFO] [1783596460.529569792] [unitree_safe_cmd_node]: Move x=0.200, z=-0.040, stop_count=0, roi_count=0, nearest_x=inf, clear_frames=1069
[INFO] [1783596461.075128997] [unitree_safe_cmd_node]: Move x=0.200, z=-0.053, stop_count=0, roi_count=0, nearest_x=inf, clear_frames=1074
[INFO] [1783596461.622973021] [unitree_safe_cmd_node]: Move x=0.200, z=-0.031, stop_count=0, roi_count=0, nearest_x=inf, clear_frames=1078
[INFO] [1783596462.123183865] [unitree_safe_cmd_node]: Move x=0.200, z=-0.023, stop_count=0, roi_count=0, nearest_x=inf, clear_frames=1082
[INFO] [1783596462.623218717] [unitree_safe_cmd_node]: Move x=0.200, z=-0.049, stop_count=0, roi_count=0, nearest_x=inf, clear_frames=1087
[INFO] [1783596463.177712471] [unitree_safe_cmd_node]: Move x=0.200, z=-0.033, stop_count=0, roi_count=0, nearest_x=inf, clear_frames=1092
[INFO] [1783596463.723108932] [unitree_safe_cmd_node]: Move x=0.200, z=-0.031, stop_count=0, roi_count=0, nearest_x=inf, clear_frames=1097
[INFO] [1783596464.223186630] [unitree_safe_cmd_node]: Move x=0.200, z=-0.021, stop_count=0, roi_count=0, nearest_x=inf, clear_frames=1101
[INFO] [1783596464.725538492] [unitree_safe_cmd_node]: Move x=0.200, z=-0.054, stop_count=0, roi_count=0, nearest_x=inf, clear_frames=1106
[INFO] [1783596465.273022885] [unitree_safe_cmd_node]: Move x=0.200, z=-0.029, stop_count=0, roi_count=0, nearest_x=inf, clear_frames=1110
[INFO] [1783596465.773621007] [unitree_safe_cmd_node]: Move x=0.200, z=-0.056, stop_count=0, roi_count=0, nearest_x=inf, clear_frames=1115
[INFO] [1783596466.322777128] [unitree_safe_cmd_node]: Move x=0.200, z=-0.077, stop_count=0, roi_count=0, nearest_x=inf, clear_frames=1120
[INFO] [1783596466.823374833] [unitree_safe_cmd_node]: Move x=0.200, z=-0.027, stop_count=0, roi_count=0, nearest_x=inf, clear_frames=1124
[INFO] [1783596467.378310998] [unitree_safe_cmd_node]: Move x=0.200, z=-0.038, stop_count=0, roi_count=0, nearest_x=inf, clear_frames=1130
[INFO] [1783596467.922765872] [unitree_safe_cmd_node]: Move x=0.200, z=-0.029, stop_count=0, roi_count=0, nearest_x=inf, clear_frames=1134
[INFO] [1783596468.423060232] [unitree_safe_cmd_node]: Move x=0.200, z=-0.022, stop_count=0, roi_count=0, nearest_x=inf, clear_frames=1138
[INFO] [1783596468.923280676] [unitree_safe_cmd_node]: Move x=0.200, z=-0.018, stop_count=0, roi_count=0, nearest_x=inf, clear_frames=1142
[INFO] [1783596469.423298025] [unitree_safe_cmd_node]: Move x=0.200, z=-0.045, stop_count=0, roi_count=0, nearest_x=inf, clear_frames=1147
[INFO] [1783596469.973427028] [unitree_safe_cmd_node]: Move x=0.200, z=-0.047, stop_count=0, roi_count=0, nearest_x=inf, clear_frames=1151
[INFO] [1783596470.523191023] [unitree_safe_cmd_node]: Move x=0.200, z=-0.011, stop_count=0, roi_count=0, nearest_x=inf, clear_frames=1157
[INFO] [1783596471.073491922] [unitree_safe_cmd_node]: Move x=0.200, z=-0.017, stop_count=0, roi_count=0, nearest_x=inf, clear_frames=1161
[INFO] [1783596471.574627458] [unitree_safe_cmd_node]: Move x=0.200, z=-0.005, stop_count=0, roi_count=0, nearest_x=inf, clear_frames=1166
[INFO] [1783596472.123082108] [unitree_safe_cmd_node]: Move x=0.200, z=-0.043, stop_count=0, roi_count=0, nearest_x=inf, clear_frames=1170
[INFO] [1783596472.623103713] [unitree_safe_cmd_node]: Move x=0.200, z=-0.011, stop_count=0, roi_count=0, nearest_x=inf, clear_frames=1175
[INFO] [1783596473.123137510] [unitree_safe_cmd_node]: Move x=0.200, z=-0.020, stop_count=0, roi_count=0, nearest_x=inf, clear_frames=1178
[INFO] [1783596473.673773048] [unitree_safe_cmd_node]: Move x=0.200, z=-0.001, stop_count=0, roi_count=0, nearest_x=inf, clear_frames=1183
[INFO] [1783596474.177718018] [unitree_safe_cmd_node]: Move x=0.200, z=-0.032, stop_count=0, roi_count=0, nearest_x=inf, clear_frames=1188
[INFO] [1783596474.722767007] [unitree_safe_cmd_node]: Move x=0.200, z=-0.013, stop_count=0, roi_count=0, nearest_x=inf, clear_frames=1193
[INFO] [1783596475.273586761] [unitree_safe_cmd_node]: Move x=0.200, z=-0.055, stop_count=0, roi_count=0, nearest_x=inf, clear_frames=1197
[INFO] [1783596475.773779494] [unitree_safe_cmd_node]: Move x=0.200, z=-0.051, stop_count=0, roi_count=0, nearest_x=inf, clear_frames=1202
[INFO] [1783596476.275631731] [unitree_safe_cmd_node]: Move x=0.200, z=-0.070, stop_count=0, roi_count=0, nearest_x=inf, clear_frames=1206
[INFO] [1783596476.827150811] [unitree_safe_cmd_node]: Move x=0.200, z=-0.060, stop_count=0, roi_count=0, nearest_x=inf, clear_frames=1211
[INFO] [1783596477.327113028] [unitree_safe_cmd_node]: Move x=0.200, z=-0.065, stop_count=0, roi_count=0, nearest_x=inf, clear_frames=1216
[INFO] [1783596477.873033111] [unitree_safe_cmd_node]: Move x=0.200, z=-0.039, stop_count=0, roi_count=0, nearest_x=inf, clear_frames=1221
[INFO] [1783596478.373102714] [unitree_safe_cmd_node]: Move x=0.200, z=-0.069, stop_count=0, roi_count=0, nearest_x=inf, clear_frames=1225
[INFO] [1783596478.873291127] [unitree_safe_cmd_node]: Move x=0.200, z=-0.044, stop_count=0, roi_count=0, nearest_x=inf, clear_frames=1230
[INFO] [1783596479.373454486] [unitree_safe_cmd_node]: Move x=0.200, z=-0.046, stop_count=0, roi_count=0, nearest_x=inf, clear_frames=1234
[INFO] [1783596479.874004162] [unitree_safe_cmd_node]: Move x=0.200, z=-0.035, stop_count=0, roi_count=0, nearest_x=inf, clear_frames=1238
[INFO] [1783596480.423242487] [unitree_safe_cmd_node]: Move x=0.200, z=-0.057, stop_count=0, roi_count=0, nearest_x=inf, clear_frames=1242
[INFO] [1783596480.980232313] [unitree_safe_cmd_node]: Move x=0.200, z=-0.038, stop_count=0, roi_count=0, nearest_x=inf, clear_frames=1248
[INFO] [1783596481.524037586] [unitree_safe_cmd_node]: Move x=0.200, z=-0.043, stop_count=0, roi_count=0, nearest_x=inf, clear_frames=1253
[INFO] [1783596482.078820222] [unitree_safe_cmd_node]: Move x=0.200, z=-0.020, stop_count=0, roi_count=0, nearest_x=inf, clear_frames=1258
[INFO] [1783596482.623022532] [unitree_safe_cmd_node]: Move x=0.200, z=-0.055, stop_count=0, roi_count=0, nearest_x=inf, clear_frames=1263
[INFO] [1783596483.177504638] [unitree_safe_cmd_node]: Move x=0.200, z=-0.045, stop_count=0, roi_count=0, nearest_x=inf, clear_frames=1268
[INFO] [1783596483.683609409] [unitree_safe_cmd_node]: Move x=0.200, z=-0.040, stop_count=0, roi_count=0, nearest_x=inf, clear_frames=1273
[INFO] [1783596484.222852083] [unitree_safe_cmd_node]: Move x=0.200, z=-0.054, stop_count=0, roi_count=0, nearest_x=inf, clear_frames=1277
[INFO] [1783596484.723079023] [unitree_safe_cmd_node]: Move x=0.200, z=-0.071, stop_count=0, roi_count=0, nearest_x=inf, clear_frames=1282
[INFO] [1783596485.223180400] [unitree_safe_cmd_node]: Move x=0.200, z=-0.066, stop_count=0, roi_count=0, nearest_x=inf, clear_frames=1285
[INFO] [1783596485.725089691] [unitree_safe_cmd_node]: Move x=0.200, z=-0.078, stop_count=0, roi_count=0, nearest_x=inf, clear_frames=1291
[INFO] [1783596486.273378366] [unitree_safe_cmd_node]: Move x=0.200, z=-0.073, stop_count=0, roi_count=0, nearest_x=inf, clear_frames=1296
[INFO] [1783596486.773826479] [unitree_safe_cmd_node]: Move x=0.200, z=-0.056, stop_count=0, roi_count=0, nearest_x=inf, clear_frames=1301
[INFO] [1783596487.273494405] [unitree_safe_cmd_node]: Move x=0.200, z=-0.057, stop_count=0, roi_count=0, nearest_x=inf, clear_frames=1305
[INFO] [1783596487.773850586] [unitree_safe_cmd_node]: Move x=0.200, z=-0.049, stop_count=0, roi_count=0, nearest_x=inf, clear_frames=1310
[INFO] [1783596488.273501489] [unitree_safe_cmd_node]: Move x=0.200, z=-0.039, stop_count=0, roi_count=0, nearest_x=inf, clear_frames=1313
[INFO] [1783596488.823616892] [unitree_safe_cmd_node]: Move x=0.200, z=-0.068, stop_count=0, roi_count=0, nearest_x=inf, clear_frames=1318
[INFO] [1783596489.373475731] [unitree_safe_cmd_node]: Move x=0.100, z=0.450, stop_count=0, roi_count=0, nearest_x=inf, clear_frames=1322
[INFO] [1783596489.922925694] [unitree_safe_cmd_node]: Move x=0.100, z=0.450, stop_count=0, roi_count=0, nearest_x=inf, clear_frames=1327
[INFO] [1783596490.422876743] [unitree_safe_cmd_node]: Move x=0.200, z=0.386, stop_count=0, roi_count=0, nearest_x=inf, clear_frames=1332
[INFO] [1783596490.979701617] [unitree_safe_cmd_node]: Move x=0.200, z=0.247, stop_count=0, roi_count=0, nearest_x=inf, clear_frames=1337
[INFO] [1783596491.522869512] [unitree_safe_cmd_node]: Move x=0.200, z=0.072, stop_count=0, roi_count=0, nearest_x=inf, clear_frames=1342
[INFO] [1783596492.073651476] [unitree_safe_cmd_node]: Move x=0.200, z=0.030, stop_count=0, roi_count=0, nearest_x=inf, clear_frames=1346
[INFO] [1783596492.623779230] [unitree_safe_cmd_node]: Move x=0.000, z=0.450, stop_count=0, roi_count=0, nearest_x=inf, clear_frames=1352
[INFO] [1783596493.123560207] [unitree_safe_cmd_node]: Move x=0.100, z=0.450, stop_count=0, roi_count=0, nearest_x=inf, clear_frames=1356
[INFO] [1783596493.624060349] [unitree_safe_cmd_node]: Move x=0.100, z=0.450, stop_count=0, roi_count=0, nearest_x=inf, clear_frames=1360
[INFO] [1783596494.173331857] [unitree_safe_cmd_node]: Move x=0.100, z=0.450, stop_count=0, roi_count=0, nearest_x=inf, clear_frames=1364
[INFO] [1783596494.673627241] [unitree_safe_cmd_node]: Move x=0.200, z=0.417, stop_count=0, roi_count=0, nearest_x=inf, clear_frames=1369
[INFO] [1783596495.184056381] [unitree_safe_cmd_node]: Move x=0.200, z=0.268, stop_count=0, roi_count=0, nearest_x=inf, clear_frames=1374
[INFO] [1783596495.723134807] [unitree_safe_cmd_node]: Move x=0.200, z=0.130, stop_count=0, roi_count=0, nearest_x=inf, clear_frames=1379
[INFO] [1783596496.223310901] [unitree_safe_cmd_node]: Move x=0.200, z=0.107, stop_count=0, roi_count=0, nearest_x=inf, clear_frames=1383
[INFO] [1783596496.773986117] [unitree_safe_cmd_node]: Move x=0.200, z=0.047, stop_count=0, roi_count=0, nearest_x=inf, clear_frames=1388
[INFO] [1783596497.323133983] [unitree_safe_cmd_node]: Move x=0.200, z=0.031, stop_count=0, roi_count=0, nearest_x=inf, clear_frames=1394
[INFO] [1783596497.826485669] [unitree_safe_cmd_node]: Move x=0.200, z=-0.011, stop_count=0, roi_count=0, nearest_x=inf, clear_frames=1398
[INFO] [1783596498.375687676] [unitree_safe_cmd_node]: Move x=0.200, z=-0.014, stop_count=0, roi_count=0, nearest_x=inf, clear_frames=1403
[INFO] [1783596498.876616821] [unitree_safe_cmd_node]: Move x=0.200, z=0.061, stop_count=0, roi_count=0, nearest_x=inf, clear_frames=1408
[INFO] [1783596499.422734432] [unitree_safe_cmd_node]: Move x=0.200, z=0.006, stop_count=0, roi_count=0, nearest_x=inf, clear_frames=1413
[INFO] [1783596499.922913437] [unitree_safe_cmd_node]: Move x=0.200, z=0.039, stop_count=0, roi_count=0, nearest_x=inf, clear_frames=1417
[INFO] [1783596500.478063096] [unitree_safe_cmd_node]: Move x=0.200, z=-0.008, stop_count=0, roi_count=0, nearest_x=inf, clear_frames=1423
[INFO] [1783596501.022819907] [unitree_safe_cmd_node]: Move x=0.200, z=-0.016, stop_count=0, roi_count=0, nearest_x=inf, clear_frames=1427
[INFO] [1783596501.524392638] [unitree_safe_cmd_node]: Move x=0.200, z=0.023, stop_count=0, roi_count=0, nearest_x=inf, clear_frames=1431
[INFO] [1783596502.073340673] [unitree_safe_cmd_node]: Move x=0.200, z=-0.022, stop_count=0, roi_count=0, nearest_x=inf, clear_frames=1435
[INFO] [1783596502.577443395] [unitree_safe_cmd_node]: Move x=0.200, z=0.053, stop_count=0, roi_count=0, nearest_x=inf, clear_frames=1441
[INFO] [1783596503.083053117] [unitree_safe_cmd_node]: Move x=0.200, z=0.006, stop_count=0, roi_count=0, nearest_x=inf, clear_frames=1445
[INFO] [1783596503.623032781] [unitree_safe_cmd_node]: Move x=0.200, z=-0.005, stop_count=0, roi_count=0, nearest_x=inf, clear_frames=1450
[INFO] [1783596504.123124143] [unitree_safe_cmd_node]: Move x=0.200, z=-0.022, stop_count=0, roi_count=0, nearest_x=inf, clear_frames=1453
[INFO] [1783596504.623299565] [unitree_safe_cmd_node]: Move x=0.200, z=-0.025, stop_count=0, roi_count=1, nearest_x=0.87, clear_frames=1458
[INFO] [1783596505.173460982] [unitree_safe_cmd_node]: Move x=0.200, z=0.007, stop_count=0, roi_count=0, nearest_x=inf, clear_frames=1461
[INFO] [1783596505.683037778] [unitree_safe_cmd_node]: Move x=0.200, z=0.028, stop_count=0, roi_count=0, nearest_x=inf, clear_frames=1467
[INFO] [1783596506.222818155] [unitree_safe_cmd_node]: Move x=0.200, z=0.088, stop_count=0, roi_count=0, nearest_x=inf, clear_frames=1470
[INFO] [1783596506.773730416] [unitree_safe_cmd_node]: Move x=0.200, z=0.107, stop_count=0, roi_count=0, nearest_x=inf, clear_frames=1475
[INFO] [1783596507.322829868] [unitree_safe_cmd_node]: Move x=0.200, z=0.045, stop_count=0, roi_count=12, nearest_x=0.57, clear_frames=1480
[INFO] [1783596507.823200512] [unitree_safe_cmd_node]: Move x=0.200, z=0.005, stop_count=0, roi_count=10, nearest_x=0.59, clear_frames=1484
[INFO] [1783596508.382687979] [unitree_safe_cmd_node]: Move x=0.200, z=0.008, stop_count=0, roi_count=0, nearest_x=inf, clear_frames=1490
[INFO] [1783596508.922781941] [unitree_safe_cmd_node]: Move x=0.200, z=-0.001, stop_count=0, roi_count=3, nearest_x=0.45, clear_frames=1494
[INFO] [1783596509.473182931] [unitree_safe_cmd_node]: Move x=0.200, z=0.001, stop_count=0, roi_count=0, nearest_x=inf, clear_frames=1499
[INFO] [1783596509.973599685] [unitree_safe_cmd_node]: Move x=0.200, z=0.001, stop_count=0, roi_count=0, nearest_x=inf, clear_frames=1503
[INFO] [1783596510.523145771] [unitree_safe_cmd_node]: Move x=0.200, z=-0.016, stop_count=0, roi_count=0, nearest_x=inf, clear_frames=1507
[INFO] [1783596511.079965974] [unitree_safe_cmd_node]: Move x=0.200, z=0.030, stop_count=0, roi_count=0, nearest_x=inf, clear_frames=1514
[INFO] [1783596511.582639709] [unitree_safe_cmd_node]: Move x=0.200, z=0.015, stop_count=0, roi_count=0, nearest_x=inf, clear_frames=1519
[INFO] [1783596512.123063639] [unitree_safe_cmd_node]: Move x=0.200, z=0.005, stop_count=0, roi_count=0, nearest_x=inf, clear_frames=1523
[INFO] [1783596512.623093532] [unitree_safe_cmd_node]: Move x=0.200, z=0.004, stop_count=0, roi_count=0, nearest_x=inf, clear_frames=1528
[INFO] [1783596513.173264292] [unitree_safe_cmd_node]: Move x=0.200, z=-0.018, stop_count=0, roi_count=0, nearest_x=inf, clear_frames=1532
[INFO] [1783596513.673367142] [unitree_safe_cmd_node]: Move x=0.200, z=0.015, stop_count=0, roi_count=0, nearest_x=inf, clear_frames=1537
[INFO] [1783596514.182108810] [unitree_safe_cmd_node]: Move x=0.200, z=-0.314, stop_count=0, roi_count=0, nearest_x=inf, clear_frames=1543
[INFO] [1783596514.723285152] [unitree_safe_cmd_node]: Move x=0.200, z=-0.182, stop_count=0, roi_count=0, nearest_x=inf, clear_frames=1548
[INFO] [1783596515.273252722] [unitree_safe_cmd_node]: Move x=0.200, z=-0.102, stop_count=0, roi_count=0, nearest_x=inf, clear_frames=1552
[INFO] [1783596515.774079409] [unitree_safe_cmd_node]: Move x=0.200, z=-0.048, stop_count=0, roi_count=0, nearest_x=inf, clear_frames=1557
[INFO] [1783596516.322770528] [unitree_safe_cmd_node]: Move x=0.200, z=-0.053, stop_count=0, roi_count=0, nearest_x=inf, clear_frames=1562
[INFO] [1783596516.823253584] [unitree_safe_cmd_node]: Move x=0.200, z=-0.017, stop_count=0, roi_count=0, nearest_x=inf, clear_frames=1566
[INFO] [1783596517.324874440] [unitree_safe_cmd_node]: Move x=0.200, z=0.018, stop_count=0, roi_count=0, nearest_x=inf, clear_frames=1570
[INFO] [1783596517.872787069] [unitree_safe_cmd_node]: Move x=0.200, z=0.073, stop_count=0, roi_count=0, nearest_x=inf, clear_frames=1576
[INFO] [1783596518.375833138] [unitree_safe_cmd_node]: Move x=0.200, z=0.066, stop_count=0, roi_count=0, nearest_x=inf, clear_frames=1581
[INFO] [1783596518.922966731] [unitree_safe_cmd_node]: Move x=0.200, z=0.021, stop_count=0, roi_count=0, nearest_x=inf, clear_frames=1586
[INFO] [1783596519.423075212] [unitree_safe_cmd_node]: Move x=0.200, z=-0.008, stop_count=0, roi_count=0, nearest_x=inf, clear_frames=1591
[INFO] [1783596519.923020821] [unitree_safe_cmd_node]: Move x=0.200, z=0.018, stop_count=0, roi_count=0, nearest_x=inf, clear_frames=1595
[INFO] [1783596520.473426962] [unitree_safe_cmd_node]: Move x=0.200, z=0.029, stop_count=0, roi_count=0, nearest_x=inf, clear_frames=1600
[INFO] [1783596521.023286058] [unitree_safe_cmd_node]: Move x=0.200, z=0.003, stop_count=0, roi_count=0, nearest_x=inf, clear_frames=1604
[INFO] [1783596521.573464914] [unitree_safe_cmd_node]: Move x=0.200, z=-0.013, stop_count=0, roi_count=0, nearest_x=inf, clear_frames=1609
[INFO] [1783596522.075373053] [unitree_safe_cmd_node]: Move x=0.200, z=0.015, stop_count=0, roi_count=0, nearest_x=inf, clear_frames=1613
[INFO] [1783596522.623144152] [unitree_safe_cmd_node]: Move x=0.200, z=0.111, stop_count=0, roi_count=0, nearest_x=inf, clear_frames=1619
[INFO] [1783596523.180426028] [unitree_safe_cmd_node]: Move x=0.200, z=0.077, stop_count=0, roi_count=0, nearest_x=inf, clear_frames=1624
[INFO] [1783596523.722838504] [unitree_safe_cmd_node]: Move x=0.200, z=0.038, stop_count=0, roi_count=0, nearest_x=inf, clear_frames=1629
[INFO] [1783596524.273193575] [unitree_safe_cmd_node]: Move x=0.200, z=0.026, stop_count=0, roi_count=0, nearest_x=inf, clear_frames=1633
[INFO] [1783596524.773943850] [unitree_safe_cmd_node]: Move x=0.200, z=0.019, stop_count=0, roi_count=0, nearest_x=inf, clear_frames=1638
[INFO] [1783596525.322726804] [unitree_safe_cmd_node]: Move x=0.200, z=0.035, stop_count=0, roi_count=0, nearest_x=inf, clear_frames=1643
[INFO] [1783596525.825187237] [unitree_safe_cmd_node]: Move x=0.200, z=0.043, stop_count=0, roi_count=0, nearest_x=inf, clear_frames=1647
[INFO] [1783596526.373242802] [unitree_safe_cmd_node]: Move x=0.200, z=0.026, stop_count=0, roi_count=0, nearest_x=inf, clear_frames=1652
[INFO] [1783596526.873335668] [unitree_safe_cmd_node]: Move x=0.200, z=0.025, stop_count=0, roi_count=0, nearest_x=inf, clear_frames=1655
[INFO] [1783596527.373328027] [unitree_safe_cmd_node]: Move x=0.200, z=0.015, stop_count=0, roi_count=0, nearest_x=inf, clear_frames=1659
[INFO] [1783596527.873906886] [unitree_safe_cmd_node]: Move x=0.200, z=0.028, stop_count=0, roi_count=0, nearest_x=inf, clear_frames=1664
[INFO] [1783596528.423032960] [unitree_safe_cmd_node]: Move x=0.200, z=0.039, stop_count=0, roi_count=0, nearest_x=inf, clear_frames=1669
[INFO] [1783596528.923209662] [unitree_safe_cmd_node]: Move x=0.200, z=0.036, stop_count=0, roi_count=0, nearest_x=inf, clear_frames=1673
[INFO] [1783596529.423207876] [unitree_safe_cmd_node]: Move x=0.200, z=0.009, stop_count=0, roi_count=0, nearest_x=inf, clear_frames=1678
[INFO] [1783596529.923260456] [unitree_safe_cmd_node]: Move x=0.200, z=0.013, stop_count=0, roi_count=0, nearest_x=inf, clear_frames=1682
[INFO] [1783596530.473111680] [unitree_safe_cmd_node]: Move x=0.200, z=0.066, stop_count=0, roi_count=0, nearest_x=inf, clear_frames=1688
[INFO] [1783596530.973359450] [unitree_safe_cmd_node]: Move x=0.200, z=0.073, stop_count=0, roi_count=0, nearest_x=inf, clear_frames=1692
[INFO] [1783596531.473321922] [unitree_safe_cmd_node]: Move x=0.200, z=0.092, stop_count=0, roi_count=0, nearest_x=inf, clear_frames=1697
[INFO] [1783596531.977577917] [unitree_safe_cmd_node]: Move x=0.200, z=0.090, stop_count=0, roi_count=0, nearest_x=inf, clear_frames=1702
[INFO] [1783596532.523087556] [unitree_safe_cmd_node]: Move x=0.200, z=0.063, stop_count=0, roi_count=0, nearest_x=inf, clear_frames=1707
[INFO] [1783596533.076937437] [unitree_safe_cmd_node]: Move x=0.200, z=0.046, stop_count=0, roi_count=0, nearest_x=inf, clear_frames=1712
[INFO] [1783596533.578377055] [unitree_safe_cmd_node]: Move x=0.200, z=0.022, stop_count=0, roi_count=0, nearest_x=inf, clear_frames=1717
[INFO] [1783596534.123249668] [unitree_safe_cmd_node]: Move x=0.200, z=0.024, stop_count=0, roi_count=0, nearest_x=inf, clear_frames=1721
[INFO] [1783596534.673297394] [unitree_safe_cmd_node]: Move x=0.200, z=0.044, stop_count=0, roi_count=0, nearest_x=inf, clear_frames=1725
[INFO] [1783596535.173286169] [unitree_safe_cmd_node]: Move x=0.200, z=0.045, stop_count=0, roi_count=0, nearest_x=inf, clear_frames=1729
[INFO] [1783596535.675054699] [unitree_safe_cmd_node]: Move x=0.200, z=0.039, stop_count=0, roi_count=0, nearest_x=inf, clear_frames=1734
[INFO] [1783596536.223016253] [unitree_safe_cmd_node]: Move x=0.200, z=0.033, stop_count=0, roi_count=0, nearest_x=inf, clear_frames=1739
[INFO] [1783596536.723112095] [unitree_safe_cmd_node]: Move x=0.200, z=0.060, stop_count=0, roi_count=0, nearest_x=inf, clear_frames=1744
[INFO] [1783596537.223400119] [unitree_safe_cmd_node]: Move x=0.200, z=0.066, stop_count=0, roi_count=0, nearest_x=inf, clear_frames=1748
[INFO] [1783596537.779753848] [unitree_safe_cmd_node]: Move x=0.200, z=0.091, stop_count=0, roi_count=0, nearest_x=inf, clear_frames=1753
[INFO] [1783596538.323137541] [unitree_safe_cmd_node]: Move x=0.200, z=0.049, stop_count=0, roi_count=0, nearest_x=inf, clear_frames=1757
[INFO] [1783596538.823260677] [unitree_safe_cmd_node]: Move x=0.200, z=0.023, stop_count=0, roi_count=0, nearest_x=inf, clear_frames=1762
[INFO] [1783596539.326261980] [unitree_safe_cmd_node]: Move x=0.200, z=0.010, stop_count=0, roi_count=0, nearest_x=inf, clear_frames=1767
[INFO] [1783596539.872770804] [unitree_safe_cmd_node]: Move x=0.200, z=0.004, stop_count=0, roi_count=0, nearest_x=inf, clear_frames=1772
[INFO] [1783596540.373180039] [unitree_safe_cmd_node]: Move x=0.200, z=-0.009, stop_count=0, roi_count=0, nearest_x=inf, clear_frames=1776
[INFO] [1783596540.922792490] [unitree_safe_cmd_node]: Move x=0.200, z=0.035, stop_count=0, roi_count=0, nearest_x=inf, clear_frames=1781
[INFO] [1783596541.422836878] [unitree_safe_cmd_node]: Move x=0.200, z=0.029, stop_count=0, roi_count=0, nearest_x=inf, clear_frames=1786
[INFO] [1783596541.979007895] [unitree_safe_cmd_node]: Move x=0.200, z=0.014, stop_count=0, roi_count=0, nearest_x=inf, clear_frames=1791
[INFO] [1783596542.523576396] [unitree_safe_cmd_node]: Move x=0.200, z=0.008, stop_count=0, roi_count=0, nearest_x=inf, clear_frames=1795
[INFO] [1783596543.073199246] [unitree_safe_cmd_node]: Move x=0.200, z=0.021, stop_count=0, roi_count=0, nearest_x=inf, clear_frames=1799
[INFO] [1783596543.573285424] [unitree_safe_cmd_node]: Move x=0.200, z=0.016, stop_count=0, roi_count=0, nearest_x=inf, clear_frames=1804
[INFO] [1783596544.076934504] [unitree_safe_cmd_node]: Move x=0.200, z=0.039, stop_count=0, roi_count=0, nearest_x=inf, clear_frames=1809
[INFO] [1783596544.623002389] [unitree_safe_cmd_node]: Move x=0.200, z=0.038, stop_count=0, roi_count=0, nearest_x=inf, clear_frames=1814
[INFO] [1783596545.123056793] [unitree_safe_cmd_node]: Move x=0.200, z=0.037, stop_count=0, roi_count=0, nearest_x=inf, clear_frames=1818
[INFO] [1783596545.623101693] [unitree_safe_cmd_node]: Move x=0.200, z=0.041, stop_count=0, roi_count=0, nearest_x=inf, clear_frames=1823
[INFO] [1783596546.123157408] [unitree_safe_cmd_node]: Move x=0.200, z=0.083, stop_count=0, roi_count=0, nearest_x=inf, clear_frames=1827
[INFO] [1783596546.676816962] [unitree_safe_cmd_node]: Move x=0.200, z=0.087, stop_count=0, roi_count=0, nearest_x=inf, clear_frames=1833
[INFO] [1783596547.222755125] [unitree_safe_cmd_node]: Move x=0.200, z=0.078, stop_count=0, roi_count=0, nearest_x=inf, clear_frames=1837
[INFO] [1783596547.722725372] [unitree_safe_cmd_node]: Move x=0.200, z=0.055, stop_count=0, roi_count=0, nearest_x=inf, clear_frames=1842
[INFO] [1783596548.274626546] [unitree_safe_cmd_node]: Move x=0.200, z=0.025, stop_count=0, roi_count=0, nearest_x=inf, clear_frames=1846
[INFO] [1783596548.773597258] [unitree_safe_cmd_node]: Move x=0.200, z=0.028, stop_count=0, roi_count=0, nearest_x=inf, clear_frames=1851
[INFO] [1783596549.322764866] [unitree_safe_cmd_node]: Move x=0.200, z=0.017, stop_count=0, roi_count=0, nearest_x=inf, clear_frames=1856
[INFO] [1783596549.823227122] [unitree_safe_cmd_node]: Move x=0.200, z=0.017, stop_count=0, roi_count=0, nearest_x=inf, clear_frames=1860
[INFO] [1783596550.373358716] [unitree_safe_cmd_node]: Move x=0.200, z=0.038, stop_count=0, roi_count=0, nearest_x=inf, clear_frames=1865
[INFO] [1783596550.922928578] [unitree_safe_cmd_node]: Move x=0.200, z=0.057, stop_count=0, roi_count=0, nearest_x=inf, clear_frames=1870
[INFO] [1783596551.476645921] [unitree_safe_cmd_node]: Move x=0.200, z=0.063, stop_count=0, roi_count=0, nearest_x=inf, clear_frames=1876
[INFO] [1783596552.023143832] [unitree_safe_cmd_node]: Move x=0.200, z=0.061, stop_count=0, roi_count=0, nearest_x=inf, clear_frames=1880
[INFO] [1783596552.522735666] [unitree_safe_cmd_node]: Move x=0.200, z=0.068, stop_count=0, roi_count=0, nearest_x=inf, clear_frames=1885
[INFO] [1783596553.022836820] [unitree_safe_cmd_node]: Move x=0.200, z=0.045, stop_count=0, roi_count=0, nearest_x=inf, clear_frames=1889
[INFO] [1783596553.575480070] [unitree_safe_cmd_node]: Move x=0.200, z=0.004, stop_count=0, roi_count=0, nearest_x=inf, clear_frames=1895
[INFO] [1783596554.123154342] [unitree_safe_cmd_node]: Move x=0.200, z=0.014, stop_count=0, roi_count=0, nearest_x=inf, clear_frames=1899
[INFO] [1783596554.624785566] [unitree_safe_cmd_node]: Move x=0.200, z=0.023, stop_count=0, roi_count=0, nearest_x=inf, clear_frames=1903
[INFO] [1783596555.173142493] [unitree_safe_cmd_node]: Move x=0.200, z=0.045, stop_count=0, roi_count=0, nearest_x=inf, clear_frames=1909
[INFO] [1783596555.723145038] [unitree_safe_cmd_node]: Move x=0.200, z=0.093, stop_count=0, roi_count=0, nearest_x=inf, clear_frames=1914
[INFO] [1783596556.223249807] [unitree_safe_cmd_node]: Move x=0.200, z=0.050, stop_count=0, roi_count=0, nearest_x=inf, clear_frames=1918
[INFO] [1783596556.723376975] [unitree_safe_cmd_node]: Move x=0.200, z=0.027, stop_count=0, roi_count=0, nearest_x=inf, clear_frames=1922
[INFO] [1783596557.273316675] [unitree_safe_cmd_node]: Move x=0.200, z=-0.004, stop_count=0, roi_count=0, nearest_x=inf, clear_frames=1927
[INFO] [1783596557.773600443] [unitree_safe_cmd_node]: Move x=0.200, z=-0.009, stop_count=0, roi_count=0, nearest_x=inf, clear_frames=1932
[INFO] [1783596558.323172448] [unitree_safe_cmd_node]: Move x=0.200, z=0.045, stop_count=0, roi_count=0, nearest_x=inf, clear_frames=1935
[INFO] [1783596558.823431162] [unitree_safe_cmd_node]: Move x=0.200, z=0.048, stop_count=0, roi_count=0, nearest_x=inf, clear_frames=1940
[INFO] [1783596559.373427723] [unitree_safe_cmd_node]: Move x=0.200, z=0.067, stop_count=0, roi_count=0, nearest_x=inf, clear_frames=1945
[INFO] [1783596559.923159080] [unitree_safe_cmd_node]: Move x=0.200, z=0.037, stop_count=0, roi_count=0, nearest_x=inf, clear_frames=1950
[INFO] [1783596560.473416973] [unitree_safe_cmd_node]: Move x=0.200, z=0.033, stop_count=0, roi_count=0, nearest_x=inf, clear_frames=1954
[INFO] [1783596561.022798299] [unitree_safe_cmd_node]: Move x=0.200, z=0.022, stop_count=0, roi_count=0, nearest_x=inf, clear_frames=1957
[INFO] [1783596561.524022343] [unitree_safe_cmd_node]: Move x=0.200, z=0.025, stop_count=0, roi_count=0, nearest_x=inf, clear_frames=1959
[INFO] [1783596562.073202366] [unitree_safe_cmd_node]: Move x=0.200, z=-0.033, stop_count=0, roi_count=0, nearest_x=inf, clear_frames=1964
[INFO] [1783596562.623372711] [unitree_safe_cmd_node]: Move x=0.200, z=-0.012, stop_count=0, roi_count=0, nearest_x=inf, clear_frames=1969
[INFO] [1783596563.177970236] [unitree_safe_cmd_node]: Move x=0.200, z=0.011, stop_count=0, roi_count=0, nearest_x=inf, clear_frames=1975
[INFO] [1783596563.679044687] [unitree_safe_cmd_node]: Move x=0.200, z=0.029, stop_count=0, roi_count=0, nearest_x=inf, clear_frames=1981
[INFO] [1783596564.228402110] [unitree_safe_cmd_node]: Move x=0.200, z=0.028, stop_count=0, roi_count=0, nearest_x=inf, clear_frames=1986
[INFO] [1783596564.774292115] [unitree_safe_cmd_node]: Move x=0.200, z=0.036, stop_count=0, roi_count=0, nearest_x=inf, clear_frames=1992
[INFO] [1783596565.273458305] [unitree_safe_cmd_node]: Move x=0.200, z=0.047, stop_count=0, roi_count=0, nearest_x=inf, clear_frames=1996
[INFO] [1783596565.777645599] [unitree_safe_cmd_node]: Move x=0.200, z=-0.007, stop_count=0, roi_count=0, nearest_x=inf, clear_frames=2000
[INFO] [1783596566.323127560] [unitree_safe_cmd_node]: Move x=0.200, z=-0.007, stop_count=0, roi_count=0, nearest_x=inf, clear_frames=2004
[INFO] [1783596566.823374082] [unitree_safe_cmd_node]: Move x=0.200, z=-0.004, stop_count=0, roi_count=0, nearest_x=inf, clear_frames=2006
[INFO] [1783596567.373613895] [unitree_safe_cmd_node]: Move x=0.200, z=0.011, stop_count=0, roi_count=0, nearest_x=inf, clear_frames=2007
[INFO] [1783596567.923454975] [unitree_safe_cmd_node]: Move x=0.200, z=0.045, stop_count=0, roi_count=0, nearest_x=inf, clear_frames=2011
[INFO] [1783596568.423766359] [unitree_safe_cmd_node]: Move x=0.200, z=0.047, stop_count=0, roi_count=0, nearest_x=inf, clear_frames=2013
[INFO] [1783596568.927425166] [unitree_safe_cmd_node]: Move x=0.200, z=0.054, stop_count=0, roi_count=0, nearest_x=inf, clear_frames=2017
[INFO] [1783596569.473219560] [unitree_safe_cmd_node]: Move x=0.200, z=-0.005, stop_count=0, roi_count=0, nearest_x=inf, clear_frames=2022
[INFO] [1783596569.973352072] [unitree_safe_cmd_node]: Move x=0.200, z=-0.029, stop_count=0, roi_count=0, nearest_x=inf, clear_frames=2025
[INFO] [1783596570.473375789] [unitree_safe_cmd_node]: Move x=0.200, z=0.026, stop_count=0, roi_count=0, nearest_x=inf, clear_frames=2027
[INFO] [1783596570.973436689] [unitree_safe_cmd_node]: Move x=0.200, z=0.039, stop_count=0, roi_count=0, nearest_x=inf, clear_frames=2029
[INFO] [1783596571.522948792] [unitree_safe_cmd_node]: Move x=0.200, z=0.062, stop_count=0, roi_count=0, nearest_x=inf, clear_frames=2031
[INFO] [1783596572.023856819] [unitree_safe_cmd_node]: Move x=0.200, z=0.066, stop_count=0, roi_count=0, nearest_x=inf, clear_frames=2032
[INFO] [1783596572.573069449] [unitree_safe_cmd_node]: Move x=0.200, z=0.041, stop_count=0, roi_count=0, nearest_x=inf, clear_frames=2035
[INFO] [1783596573.073331715] [unitree_safe_cmd_node]: Move x=0.200, z=0.048, stop_count=0, roi_count=0, nearest_x=inf, clear_frames=2036
[INFO] [1783596573.624047922] [unitree_safe_cmd_node]: Move x=0.200, z=-0.001, stop_count=0, roi_count=0, nearest_x=inf, clear_frames=2039
[INFO] [1783596574.173456446] [unitree_safe_cmd_node]: Move x=0.200, z=-0.008, stop_count=0, roi_count=0, nearest_x=inf, clear_frames=2041
[INFO] [1783596574.673867825] [unitree_safe_cmd_node]: Move x=0.200, z=-0.014, stop_count=0, roi_count=0, nearest_x=inf, clear_frames=2043
[INFO] [1783596575.173405710] [unitree_safe_cmd_node]: Move x=0.200, z=-0.014, stop_count=0, roi_count=0, nearest_x=inf, clear_frames=2043
[INFO] [1783596575.723048879] [unitree_safe_cmd_node]: Move x=0.200, z=0.007, stop_count=0, roi_count=0, nearest_x=inf, clear_frames=2046
[INFO] [1783596576.272958244] [unitree_safe_cmd_node]: Move x=0.200, z=-0.023, stop_count=0, roi_count=0, nearest_x=inf, clear_frames=2048
[INFO] [1783596576.773050214] [unitree_safe_cmd_node]: Move x=0.200, z=-0.023, stop_count=0, roi_count=0, nearest_x=inf, clear_frames=2049
[INFO] [1783596577.323223950] [unitree_safe_cmd_node]: Move x=0.200, z=0.017, stop_count=0, roi_count=0, nearest_x=inf, clear_frames=2051
[INFO] [1783596577.823246227] [unitree_safe_cmd_node]: Move x=0.200, z=0.034, stop_count=0, roi_count=0, nearest_x=inf, clear_frames=2053
[INFO] [1783596578.373171656] [unitree_safe_cmd_node]: Move x=0.200, z=0.048, stop_count=0, roi_count=0, nearest_x=inf, clear_frames=2055
[INFO] [1783596578.874573771] [unitree_safe_cmd_node]: Move x=0.200, z=-0.039, stop_count=0, roi_count=0, nearest_x=inf, clear_frames=2061
[INFO] [1783596579.425653736] [unitree_safe_cmd_node]: Move x=0.200, z=0.021, stop_count=0, roi_count=0, nearest_x=inf, clear_frames=2066
[INFO] [1783596579.923243425] [unitree_safe_cmd_node]: Move x=0.200, z=0.022, stop_count=0, roi_count=0, nearest_x=inf, clear_frames=2071
[INFO] [1783596580.473151190] [unitree_safe_cmd_node]: Move x=0.200, z=-0.017, stop_count=0, roi_count=0, nearest_x=inf, clear_frames=2077
[INFO] [1783596581.023076010] [unitree_safe_cmd_node]: Move x=0.200, z=-0.028, stop_count=0, roi_count=0, nearest_x=inf, clear_frames=2082
[INFO] [1783596581.530460720] [unitree_safe_cmd_node]: Move x=0.200, z=-0.007, stop_count=0, roi_count=0, nearest_x=inf, clear_frames=2087
[INFO] [1783596582.074139471] [unitree_safe_cmd_node]: Move x=0.200, z=0.031, stop_count=0, roi_count=0, nearest_x=inf, clear_frames=2092
[INFO] [1783596582.577549874] [unitree_safe_cmd_node]: Move x=0.200, z=0.011, stop_count=0, roi_count=0, nearest_x=inf, clear_frames=2098
[INFO] [1783596583.123351211] [unitree_safe_cmd_node]: Move x=0.200, z=-0.008, stop_count=0, roi_count=0, nearest_x=inf, clear_frames=2102
[INFO] [1783596583.673214850] [unitree_safe_cmd_node]: Move x=0.200, z=-0.004, stop_count=0, roi_count=0, nearest_x=inf, clear_frames=2108
[INFO] [1783596584.173393056] [unitree_safe_cmd_node]: Move x=0.200, z=0.035, stop_count=0, roi_count=0, nearest_x=inf, clear_frames=2114
[INFO] [1783596584.728788879] [unitree_safe_cmd_node]: Move x=0.200, z=0.008, stop_count=0, roi_count=0, nearest_x=inf, clear_frames=2119
[INFO] [1783596585.273500028] [unitree_safe_cmd_node]: Move x=0.200, z=-0.021, stop_count=0, roi_count=0, nearest_x=inf, clear_frames=2124
[INFO] [1783596585.823801886] [unitree_safe_cmd_node]: Move x=0.200, z=-0.020, stop_count=0, roi_count=0, nearest_x=inf, clear_frames=2130
[INFO] [1783596586.373772592] [unitree_safe_cmd_node]: Move x=0.200, z=-0.009, stop_count=0, roi_count=0, nearest_x=inf, clear_frames=2135
[INFO] [1783596586.924905450] [unitree_safe_cmd_node]: Move x=0.200, z=0.023, stop_count=0, roi_count=0, nearest_x=inf, clear_frames=2140
[INFO] [1783596587.473567931] [unitree_safe_cmd_node]: Move x=0.200, z=0.012, stop_count=0, roi_count=0, nearest_x=inf, clear_frames=2146
[INFO] [1783596587.973347884] [unitree_safe_cmd_node]: Move x=0.200, z=0.004, stop_count=0, roi_count=0, nearest_x=inf, clear_frames=2150
[INFO] [1783596588.533842791] [unitree_safe_cmd_node]: Move x=0.200, z=-0.014, stop_count=0, roi_count=0, nearest_x=inf, clear_frames=2156
[INFO] [1783596589.073303215] [unitree_safe_cmd_node]: Move x=0.200, z=0.001, stop_count=0, roi_count=0, nearest_x=inf, clear_frames=2160
[INFO] [1783596589.587737219] [unitree_safe_cmd_node]: Move x=0.200, z=0.016, stop_count=0, roi_count=0, nearest_x=inf, clear_frames=2165
[INFO] [1783596590.077652044] [unitree_safe_cmd_node]: Move x=0.200, z=0.015, stop_count=0, roi_count=0, nearest_x=inf, clear_frames=2170
[INFO] [1783596590.623044057] [unitree_safe_cmd_node]: Move x=0.200, z=0.019, stop_count=0, roi_count=0, nearest_x=inf, clear_frames=2175
[INFO] [1783596591.128065423] [unitree_safe_cmd_node]: Move x=0.200, z=0.006, stop_count=0, roi_count=0, nearest_x=inf, clear_frames=2179
[INFO] [1783596591.673180745] [unitree_safe_cmd_node]: Move x=0.200, z=0.024, stop_count=0, roi_count=0, nearest_x=inf, clear_frames=2184
[INFO] [1783596592.173155504] [unitree_safe_cmd_node]: Move x=0.200, z=0.017, stop_count=0, roi_count=0, nearest_x=inf, clear_frames=2188
[INFO] [1783596592.678064524] [unitree_safe_cmd_node]: Move x=0.200, z=0.013, stop_count=0, roi_count=0, nearest_x=inf, clear_frames=2194
[INFO] [1783596593.222885332] [unitree_safe_cmd_node]: Move x=0.200, z=0.016, stop_count=0, roi_count=0, nearest_x=inf, clear_frames=2198
[INFO] [1783596593.773850679] [unitree_safe_cmd_node]: Move x=0.200, z=0.007, stop_count=0, roi_count=0, nearest_x=inf, clear_frames=2203
[INFO] [1783596594.273972279] [unitree_safe_cmd_node]: Move x=0.200, z=0.017, stop_count=0, roi_count=0, nearest_x=inf, clear_frames=2207
[INFO] [1783596594.784826455] [unitree_safe_cmd_node]: Move x=0.200, z=-0.015, stop_count=0, roi_count=0, nearest_x=inf, clear_frames=2211
[INFO] [1783596595.323172852] [unitree_safe_cmd_node]: Move x=0.200, z=-0.012, stop_count=0, roi_count=0, nearest_x=inf, clear_frames=2216
[INFO] [1783596595.823373361] [unitree_safe_cmd_node]: Move x=0.200, z=-0.014, stop_count=0, roi_count=0, nearest_x=inf, clear_frames=2220
[INFO] [1783596596.373144685] [unitree_safe_cmd_node]: Move x=0.200, z=-0.007, stop_count=0, roi_count=0, nearest_x=inf, clear_frames=2225
[INFO] [1783596596.923111199] [unitree_safe_cmd_node]: Move x=0.200, z=-0.008, stop_count=0, roi_count=0, nearest_x=inf, clear_frames=2230
[INFO] [1783596597.473219658] [unitree_safe_cmd_node]: Move x=0.200, z=0.018, stop_count=0, roi_count=0, nearest_x=inf, clear_frames=2235
[INFO] [1783596597.976687531] [unitree_safe_cmd_node]: Move x=0.200, z=0.016, stop_count=0, roi_count=0, nearest_x=inf, clear_frames=2239
[INFO] [1783596598.523008587] [unitree_safe_cmd_node]: Move x=0.200, z=0.019, stop_count=0, roi_count=0, nearest_x=inf, clear_frames=2245
[INFO] [1783596599.025339170] [unitree_safe_cmd_node]: Move x=0.200, z=-0.005, stop_count=0, roi_count=0, nearest_x=inf, clear_frames=2249
[INFO] [1783596599.573065631] [unitree_safe_cmd_node]: Move x=0.200, z=-0.015, stop_count=0, roi_count=0, nearest_x=inf, clear_frames=2254
[INFO] [1783596600.073255036] [unitree_safe_cmd_node]: Move x=0.200, z=-0.029, stop_count=0, roi_count=0, nearest_x=inf, clear_frames=2258
[INFO] [1783596600.623093781] [unitree_safe_cmd_node]: Move x=0.200, z=-0.013, stop_count=0, roi_count=0, nearest_x=inf, clear_frames=2264
[INFO] [1783596601.174039832] [unitree_safe_cmd_node]: Move x=0.200, z=0.000, stop_count=0, roi_count=0, nearest_x=inf, clear_frames=2268
[INFO] [1783596601.675425884] [unitree_safe_cmd_node]: Move x=0.200, z=0.009, stop_count=0, roi_count=0, nearest_x=inf, clear_frames=2273
[INFO] [1783596602.179181839] [unitree_safe_cmd_node]: Move x=0.200, z=0.019, stop_count=0, roi_count=0, nearest_x=inf, clear_frames=2278
[INFO] [1783596602.725161504] [unitree_safe_cmd_node]: Move x=0.200, z=0.016, stop_count=0, roi_count=0, nearest_x=inf, clear_frames=2282
[INFO] [1783596603.273213997] [unitree_safe_cmd_node]: Move x=0.200, z=0.010, stop_count=0, roi_count=0, nearest_x=inf, clear_frames=2286
[INFO] [1783596603.773672286] [unitree_safe_cmd_node]: Move x=0.200, z=0.016, stop_count=0, roi_count=0, nearest_x=inf, clear_frames=2291
[INFO] [1783596604.323042412] [unitree_safe_cmd_node]: Move x=0.200, z=0.023, stop_count=0, roi_count=0, nearest_x=inf, clear_frames=2296
[INFO] [1783596604.823161101] [unitree_safe_cmd_node]: Move x=0.200, z=0.030, stop_count=0, roi_count=0, nearest_x=inf, clear_frames=2300
[INFO] [1783596605.331224754] [unitree_safe_cmd_node]: Move x=0.200, z=0.012, stop_count=0, roi_count=0, nearest_x=inf, clear_frames=2305
[INFO] [1783596605.873086151] [unitree_safe_cmd_node]: Move x=0.200, z=-0.018, stop_count=0, roi_count=0, nearest_x=inf, clear_frames=2309
[INFO] [1783596606.376717120] [unitree_safe_cmd_node]: Move x=0.200, z=-0.023, stop_count=0, roi_count=0, nearest_x=inf, clear_frames=2315
[INFO] [1783596606.924673650] [unitree_safe_cmd_node]: Move x=0.200, z=0.006, stop_count=0, roi_count=0, nearest_x=inf, clear_frames=2319
[INFO] [1783596607.476013507] [unitree_safe_cmd_node]: Move x=0.200, z=0.016, stop_count=0, roi_count=0, nearest_x=inf, clear_frames=2325
[INFO] [1783596608.023114942] [unitree_safe_cmd_node]: Move x=0.200, z=0.009, stop_count=0, roi_count=0, nearest_x=inf, clear_frames=2329
[INFO] [1783596608.574686404] [unitree_safe_cmd_node]: Move x=0.200, z=-0.008, stop_count=0, roi_count=0, nearest_x=inf, clear_frames=2334
[INFO] [1783596609.123022916] [unitree_safe_cmd_node]: Move x=0.200, z=-0.008, stop_count=0, roi_count=0, nearest_x=inf, clear_frames=2339
[INFO] [1783596609.623805381] [unitree_safe_cmd_node]: Move x=0.200, z=0.001, stop_count=0, roi_count=0, nearest_x=inf, clear_frames=2344
[INFO] [1783596610.179852340] [unitree_safe_cmd_node]: Move x=0.200, z=0.037, stop_count=0, roi_count=0, nearest_x=inf, clear_frames=2349
[INFO] [1783596610.722906737] [unitree_safe_cmd_node]: Move x=0.200, z=0.057, stop_count=0, roi_count=0, nearest_x=inf, clear_frames=2353
[INFO] [1783596611.223000210] [unitree_safe_cmd_node]: Move x=0.200, z=0.021, stop_count=0, roi_count=0, nearest_x=inf, clear_frames=2357
[INFO] [1783596611.724982810] [unitree_safe_cmd_node]: Move x=0.200, z=0.020, stop_count=0, roi_count=0, nearest_x=inf, clear_frames=2362
[INFO] [1783596612.276217520] [unitree_safe_cmd_node]: Move x=0.200, z=0.016, stop_count=0, roi_count=0, nearest_x=inf, clear_frames=2367
[INFO] [1783596612.823284812] [unitree_safe_cmd_node]: Move x=0.200, z=0.012, stop_count=0, roi_count=0, nearest_x=inf, clear_frames=2371
[INFO] [1783596613.373108037] [unitree_safe_cmd_node]: Move x=0.200, z=0.018, stop_count=0, roi_count=0, nearest_x=inf, clear_frames=2376
[INFO] [1783596613.873200071] [unitree_safe_cmd_node]: Move x=0.200, z=0.026, stop_count=0, roi_count=0, nearest_x=inf, clear_frames=2380
[INFO] [1783596614.423104508] [unitree_safe_cmd_node]: Move x=0.200, z=0.008, stop_count=0, roi_count=0, nearest_x=inf, clear_frames=2386
[INFO] [1783596614.924020663] [unitree_safe_cmd_node]: Move x=0.200, z=0.047, stop_count=0, roi_count=0, nearest_x=inf, clear_frames=2390
[INFO] [1783596615.476259324] [unitree_safe_cmd_node]: Move x=0.200, z=0.062, stop_count=0, roi_count=0, nearest_x=inf, clear_frames=2396
[INFO] [1783596616.022841200] [unitree_safe_cmd_node]: Move x=0.200, z=0.059, stop_count=0, roi_count=0, nearest_x=inf, clear_frames=2400
[INFO] [1783596616.522938098] [unitree_safe_cmd_node]: Move x=0.200, z=0.032, stop_count=0, roi_count=0, nearest_x=inf, clear_frames=2405
[INFO] [1783596617.079564998] [unitree_safe_cmd_node]: Move x=0.200, z=0.049, stop_count=0, roi_count=0, nearest_x=inf, clear_frames=2410
[INFO] [1783596617.622963154] [unitree_safe_cmd_node]: Move x=0.200, z=0.028, stop_count=0, roi_count=0, nearest_x=inf, clear_frames=2415
[INFO] [1783596618.173923189] [unitree_safe_cmd_node]: Move x=0.200, z=0.025, stop_count=0, roi_count=0, nearest_x=inf, clear_frames=2419
[INFO] [1783596618.674125169] [unitree_safe_cmd_node]: Move x=0.200, z=0.044, stop_count=0, roi_count=0, nearest_x=inf, clear_frames=2424
[INFO] [1783596619.223227181] [unitree_safe_cmd_node]: Move x=0.200, z=0.055, stop_count=0, roi_count=0, nearest_x=inf, clear_frames=2428
[INFO] [1783596619.726595154] [unitree_safe_cmd_node]: Move x=0.200, z=0.046, stop_count=0, roi_count=0, nearest_x=inf, clear_frames=2432
[INFO] [1783596620.274402891] [unitree_safe_cmd_node]: Move x=0.200, z=0.009, stop_count=0, roi_count=0, nearest_x=inf, clear_frames=2437
[INFO] [1783596620.823380621] [unitree_safe_cmd_node]: Move x=0.200, z=0.023, stop_count=0, roi_count=0, nearest_x=inf, clear_frames=2442
[INFO] [1783596621.324048819] [unitree_safe_cmd_node]: Move x=0.200, z=0.039, stop_count=0, roi_count=0, nearest_x=inf, clear_frames=2447
[INFO] [1783596621.832612384] [unitree_safe_cmd_node]: Move x=0.200, z=0.041, stop_count=0, roi_count=0, nearest_x=inf, clear_frames=2451
[INFO] [1783596622.373212370] [unitree_safe_cmd_node]: Move x=0.200, z=0.009, stop_count=0, roi_count=0, nearest_x=inf, clear_frames=2456
[INFO] [1783596622.922805814] [unitree_safe_cmd_node]: Move x=0.200, z=0.034, stop_count=0, roi_count=0, nearest_x=inf, clear_frames=2461
[INFO] [1783596623.423049137] [unitree_safe_cmd_node]: Move x=0.200, z=0.015, stop_count=0, roi_count=0, nearest_x=inf, clear_frames=2466
[INFO] [1783596623.973135357] [unitree_safe_cmd_node]: Move x=0.200, z=0.009, stop_count=0, roi_count=0, nearest_x=inf, clear_frames=2470
[INFO] [1783596624.476036057] [unitree_safe_cmd_node]: Move x=0.200, z=0.008, stop_count=0, roi_count=0, nearest_x=inf, clear_frames=2476
[INFO] [1783596625.022853794] [unitree_safe_cmd_node]: Move x=0.200, z=-0.002, stop_count=0, roi_count=0, nearest_x=inf, clear_frames=2480
[INFO] [1783596625.573425111] [unitree_safe_cmd_node]: Move x=0.200, z=0.028, stop_count=0, roi_count=0, nearest_x=inf, clear_frames=2485
[INFO] [1783596626.077141516] [unitree_safe_cmd_node]: Move x=0.200, z=0.028, stop_count=0, roi_count=0, nearest_x=inf, clear_frames=2490
[INFO] [1783596626.623928470] [unitree_safe_cmd_node]: Move x=0.200, z=0.003, stop_count=0, roi_count=0, nearest_x=inf, clear_frames=2494
[INFO] [1783596627.173220200] [unitree_safe_cmd_node]: Move x=0.200, z=0.026, stop_count=0, roi_count=0, nearest_x=inf, clear_frames=2498
[INFO] [1783596627.673686104] [unitree_safe_cmd_node]: Move x=0.200, z=0.026, stop_count=0, roi_count=0, nearest_x=inf, clear_frames=2503
[INFO] [1783596628.223249150] [unitree_safe_cmd_node]: Move x=0.200, z=0.029, stop_count=0, roi_count=0, nearest_x=inf, clear_frames=2508
[INFO] [1783596628.773816083] [unitree_safe_cmd_node]: Move x=0.200, z=0.048, stop_count=0, roi_count=0, nearest_x=inf, clear_frames=2513
[INFO] [1783596629.323361497] [unitree_safe_cmd_node]: Move x=0.200, z=0.031, stop_count=0, roi_count=0, nearest_x=inf, clear_frames=2518
[INFO] [1783596629.841286119] [unitree_safe_cmd_node]: Move x=0.200, z=0.021, stop_count=0, roi_count=0, nearest_x=inf, clear_frames=2522
[INFO] [1783596630.373680577] [unitree_safe_cmd_node]: Move x=0.200, z=0.021, stop_count=0, roi_count=0, nearest_x=inf, clear_frames=2527
[INFO] [1783596630.922966292] [unitree_safe_cmd_node]: Move x=0.200, z=0.018, stop_count=0, roi_count=0, nearest_x=inf, clear_frames=2532
[INFO] [1783596631.423053910] [unitree_safe_cmd_node]: Move x=0.200, z=0.046, stop_count=0, roi_count=0, nearest_x=inf, clear_frames=2537
[INFO] [1783596631.973113347] [unitree_safe_cmd_node]: Move x=0.200, z=0.035, stop_count=0, roi_count=0, nearest_x=inf, clear_frames=2541
[INFO] [1783596632.478586244] [unitree_safe_cmd_node]: Move x=0.200, z=0.052, stop_count=0, roi_count=0, nearest_x=inf, clear_frames=2547
[INFO] [1783596633.022775178] [unitree_safe_cmd_node]: Move x=0.200, z=0.023, stop_count=0, roi_count=0, nearest_x=inf, clear_frames=2551
[INFO] [1783596633.575230342] [unitree_safe_cmd_node]: Move x=0.200, z=0.023, stop_count=0, roi_count=0, nearest_x=inf, clear_frames=2556
[INFO] [1783596634.075925291] [unitree_safe_cmd_node]: Move x=0.200, z=0.035, stop_count=0, roi_count=0, nearest_x=inf, clear_frames=2561
[INFO] [1783596634.628644441] [unitree_safe_cmd_node]: Move x=0.200, z=0.024, stop_count=0, roi_count=0, nearest_x=inf, clear_frames=2566
[INFO] [1783596635.173440931] [unitree_safe_cmd_node]: Move x=0.200, z=0.014, stop_count=0, roi_count=0, nearest_x=inf, clear_frames=2570
[INFO] [1783596635.723108675] [unitree_safe_cmd_node]: Move x=0.200, z=0.024, stop_count=0, roi_count=0, nearest_x=inf, clear_frames=2576
[INFO] [1783596636.274823554] [unitree_safe_cmd_node]: Move x=0.200, z=0.015, stop_count=0, roi_count=0, nearest_x=inf, clear_frames=2580
[INFO] [1783596636.823297755] [unitree_safe_cmd_node]: Move x=0.200, z=0.027, stop_count=0, roi_count=0, nearest_x=inf, clear_frames=2585
[INFO] [1783596637.373230031] [unitree_safe_cmd_node]: Move x=0.200, z=0.022, stop_count=0, roi_count=0, nearest_x=inf, clear_frames=2590
[INFO] [1783596637.873252724] [unitree_safe_cmd_node]: Move x=0.200, z=0.021, stop_count=0, roi_count=0, nearest_x=inf, clear_frames=2594
[INFO] [1783596638.430840602] [unitree_safe_cmd_node]: Move x=0.200, z=0.021, stop_count=0, roi_count=0, nearest_x=inf, clear_frames=2600
[INFO] [1783596638.980716081] [unitree_safe_cmd_node]: Move x=0.200, z=0.007, stop_count=0, roi_count=0, nearest_x=inf, clear_frames=2605
[INFO] [1783596639.523030033] [unitree_safe_cmd_node]: Move x=0.200, z=0.009, stop_count=0, roi_count=0, nearest_x=inf, clear_frames=2610
[INFO] [1783596640.079389649] [unitree_safe_cmd_node]: Move x=0.200, z=-0.001, stop_count=0, roi_count=0, nearest_x=inf, clear_frames=2615
[INFO] [1783596640.622825435] [unitree_safe_cmd_node]: Move x=0.200, z=0.031, stop_count=0, roi_count=0, nearest_x=inf, clear_frames=2620
[INFO] [1783596641.122779364] [unitree_safe_cmd_node]: Move x=0.200, z=0.036, stop_count=0, roi_count=0, nearest_x=inf, clear_frames=2624
[INFO] [1783596641.673523569] [unitree_safe_cmd_node]: Move x=0.200, z=0.032, stop_count=0, roi_count=0, nearest_x=inf, clear_frames=2629
[INFO] [1783596642.222815907] [unitree_safe_cmd_node]: Move x=0.200, z=0.023, stop_count=0, roi_count=0, nearest_x=inf, clear_frames=2634
[INFO] [1783596642.722970754] [unitree_safe_cmd_node]: Move x=0.200, z=-0.000, stop_count=0, roi_count=0, nearest_x=inf, clear_frames=2639
[INFO] [1783596643.278226232] [unitree_safe_cmd_node]: Move x=0.200, z=0.001, stop_count=0, roi_count=0, nearest_x=inf, clear_frames=2643
[INFO] [1783596643.823262581] [unitree_safe_cmd_node]: Move x=0.200, z=0.041, stop_count=0, roi_count=0, nearest_x=inf, clear_frames=2648
[INFO] [1783596644.381603607] [unitree_safe_cmd_node]: Move x=0.200, z=0.038, stop_count=0, roi_count=0, nearest_x=inf, clear_frames=2653
[INFO] [1783596644.923091103] [unitree_safe_cmd_node]: Move x=0.200, z=0.026, stop_count=0, roi_count=0, nearest_x=inf, clear_frames=2657
[INFO] [1783596645.473389345] [unitree_safe_cmd_node]: Move x=0.200, z=0.029, stop_count=0, roi_count=0, nearest_x=inf, clear_frames=2661
[INFO] [1783596646.023058145] [unitree_safe_cmd_node]: Move x=0.200, z=0.016, stop_count=0, roi_count=0, nearest_x=inf, clear_frames=2666
[INFO] [1783596646.523743879] [unitree_safe_cmd_node]: Move x=0.200, z=0.025, stop_count=0, roi_count=0, nearest_x=inf, clear_frames=2670
[INFO] [1783596647.023914789] [unitree_safe_cmd_node]: Move x=0.200, z=0.014, stop_count=0, roi_count=0, nearest_x=inf, clear_frames=2674
[INFO] [1783596647.573455148] [unitree_safe_cmd_node]: Move x=0.200, z=0.017, stop_count=0, roi_count=0, nearest_x=inf, clear_frames=2680
[INFO] [1783596648.123238055] [unitree_safe_cmd_node]: Move x=0.200, z=0.017, stop_count=0, roi_count=0, nearest_x=inf, clear_frames=2685
[INFO] [1783596648.678043217] [unitree_safe_cmd_node]: Move x=0.200, z=0.039, stop_count=0, roi_count=0, nearest_x=inf, clear_frames=2691
[INFO] [1783596649.222842459] [unitree_safe_cmd_node]: Move x=0.200, z=0.035, stop_count=0, roi_count=0, nearest_x=inf, clear_frames=2695
[INFO] [1783596649.722852288] [unitree_safe_cmd_node]: Move x=0.200, z=0.030, stop_count=0, roi_count=0, nearest_x=inf, clear_frames=2700
[INFO] [1783596650.280078424] [unitree_safe_cmd_node]: Move x=0.200, z=0.034, stop_count=0, roi_count=0, nearest_x=inf, clear_frames=2705
[INFO] [1783596650.823236975] [unitree_safe_cmd_node]: Move x=0.200, z=0.022, stop_count=0, roi_count=0, nearest_x=inf, clear_frames=2709
[INFO] [1783596651.323377039] [unitree_safe_cmd_node]: Move x=0.200, z=0.005, stop_count=0, roi_count=0, nearest_x=inf, clear_frames=2714
[INFO] [1783596651.826181391] [unitree_safe_cmd_node]: Move x=0.200, z=0.025, stop_count=0, roi_count=0, nearest_x=inf, clear_frames=2718
[INFO] [1783596652.327194533] [unitree_safe_cmd_node]: Move x=0.200, z=0.043, stop_count=0, roi_count=0, nearest_x=inf, clear_frames=2723
[INFO] [1783596652.875512870] [unitree_safe_cmd_node]: Move x=0.200, z=0.039, stop_count=0, roi_count=0, nearest_x=inf, clear_frames=2727
[INFO] [1783596653.374580633] [unitree_safe_cmd_node]: Move x=0.200, z=0.038, stop_count=0, roi_count=0, nearest_x=inf, clear_frames=2732
[INFO] [1783596653.926363604] [unitree_safe_cmd_node]: Move x=0.200, z=0.029, stop_count=0, roi_count=0, nearest_x=inf, clear_frames=2737
[INFO] [1783596654.478693525] [unitree_safe_cmd_node]: Move x=0.200, z=0.051, stop_count=0, roi_count=0, nearest_x=inf, clear_frames=2743
[INFO] [1783596655.023188397] [unitree_safe_cmd_node]: Move x=0.200, z=0.061, stop_count=0, roi_count=0, nearest_x=inf, clear_frames=2746
[INFO] [1783596655.573349686] [unitree_safe_cmd_node]: Move x=0.200, z=0.060, stop_count=0, roi_count=0, nearest_x=inf, clear_frames=2752
[INFO] [1783596656.126566637] [unitree_safe_cmd_node]: Move x=0.200, z=0.061, stop_count=0, roi_count=0, nearest_x=inf, clear_frames=2757
[INFO] [1783596656.673401204] [unitree_safe_cmd_node]: Move x=0.200, z=0.046, stop_count=0, roi_count=0, nearest_x=inf, clear_frames=2761
[INFO] [1783596657.222959866] [unitree_safe_cmd_node]: Move x=0.200, z=0.035, stop_count=0, roi_count=0, nearest_x=inf, clear_frames=2766
[INFO] [1783596657.775313754] [unitree_safe_cmd_node]: Move x=0.200, z=0.035, stop_count=0, roi_count=0, nearest_x=inf, clear_frames=2771
[INFO] [1783596658.277422940] [unitree_safe_cmd_node]: Move x=0.200, z=0.051, stop_count=0, roi_count=0, nearest_x=inf, clear_frames=2776
[INFO] [1783596658.823176503] [unitree_safe_cmd_node]: Move x=0.200, z=0.060, stop_count=0, roi_count=0, nearest_x=inf, clear_frames=2780
[INFO] [1783596659.373196455] [unitree_safe_cmd_node]: Move x=0.200, z=0.061, stop_count=0, roi_count=0, nearest_x=inf, clear_frames=2785
[INFO] [1783596659.923259956] [unitree_safe_cmd_node]: Move x=0.200, z=0.024, stop_count=0, roi_count=0, nearest_x=inf, clear_frames=2789
[INFO] [1783596660.473282084] [unitree_safe_cmd_node]: Move x=0.200, z=0.012, stop_count=0, roi_count=0, nearest_x=inf, clear_frames=2795
[INFO] [1783596660.975629530] [unitree_safe_cmd_node]: Move x=0.200, z=0.031, stop_count=0, roi_count=0, nearest_x=inf, clear_frames=2800
[INFO] [1783596661.523084196] [unitree_safe_cmd_node]: Move x=0.200, z=0.048, stop_count=0, roi_count=0, nearest_x=inf, clear_frames=2805
[INFO] [1783596662.073261068] [unitree_safe_cmd_node]: Move x=0.200, z=0.034, stop_count=0, roi_count=0, nearest_x=inf, clear_frames=2809
[INFO] [1783596662.573320016] [unitree_safe_cmd_node]: Move x=0.200, z=0.011, stop_count=0, roi_count=0, nearest_x=inf, clear_frames=2814
[INFO] [1783596663.073361524] [unitree_safe_cmd_node]: Move x=0.200, z=0.018, stop_count=0, roi_count=0, nearest_x=inf, clear_frames=2818
[INFO] [1783596663.573593391] [unitree_safe_cmd_node]: Move x=0.200, z=0.019, stop_count=0, roi_count=0, nearest_x=inf, clear_frames=2823
[INFO] [1783596664.073806124] [unitree_safe_cmd_node]: Move x=0.200, z=0.054, stop_count=0, roi_count=0, nearest_x=inf, clear_frames=2827
[INFO] [1783596664.622909063] [unitree_safe_cmd_node]: Move x=0.200, z=0.052, stop_count=0, roi_count=0, nearest_x=inf, clear_frames=2833
[INFO] [1783596665.124081301] [unitree_safe_cmd_node]: Move x=0.200, z=0.049, stop_count=0, roi_count=0, nearest_x=inf, clear_frames=2837
[INFO] [1783596665.682788902] [unitree_safe_cmd_node]: Move x=0.200, z=0.043, stop_count=0, roi_count=0, nearest_x=inf, clear_frames=2843
[INFO] [1783596666.222746102] [unitree_safe_cmd_node]: Move x=0.200, z=0.050, stop_count=0, roi_count=0, nearest_x=inf, clear_frames=2847
[INFO] [1783596666.722948499] [unitree_safe_cmd_node]: Move x=0.200, z=0.063, stop_count=0, roi_count=0, nearest_x=inf, clear_frames=2852
[INFO] [1783596667.224247771] [unitree_safe_cmd_node]: Move x=0.200, z=0.050, stop_count=0, roi_count=0, nearest_x=inf, clear_frames=2856
[INFO] [1783596667.723066554] [unitree_safe_cmd_node]: Move x=0.200, z=0.039, stop_count=0, roi_count=0, nearest_x=inf, clear_frames=2861
[INFO] [1783596668.282606018] [unitree_safe_cmd_node]: Move x=0.200, z=0.044, stop_count=0, roi_count=0, nearest_x=inf, clear_frames=2865
[INFO] [1783596668.823417194] [unitree_safe_cmd_node]: Move x=0.200, z=0.053, stop_count=0, roi_count=0, nearest_x=inf, clear_frames=2870
[INFO] [1783596669.373305920] [unitree_safe_cmd_node]: Move x=0.200, z=0.069, stop_count=0, roi_count=0, nearest_x=inf, clear_frames=2875
[INFO] [1783596669.923125369] [unitree_safe_cmd_node]: Move x=0.200, z=0.077, stop_count=0, roi_count=0, nearest_x=inf, clear_frames=2880
[INFO] [1783596670.423142655] [unitree_safe_cmd_node]: Move x=0.200, z=0.062, stop_count=0, roi_count=0, nearest_x=inf, clear_frames=2885
[INFO] [1783596670.925556434] [unitree_safe_cmd_node]: Move x=0.200, z=0.054, stop_count=0, roi_count=0, nearest_x=inf, clear_frames=2888
[INFO] [1783596671.473385290] [unitree_safe_cmd_node]: Move x=0.200, z=0.066, stop_count=0, roi_count=0, nearest_x=inf, clear_frames=2894
[INFO] [1783596671.973359986] [unitree_safe_cmd_node]: Move x=0.200, z=0.069, stop_count=0, roi_count=0, nearest_x=inf, clear_frames=2898
[INFO] [1783596672.523274374] [unitree_safe_cmd_node]: Move x=0.200, z=0.043, stop_count=0, roi_count=0, nearest_x=inf, clear_frames=2904
[INFO] [1783596673.027255726] [unitree_safe_cmd_node]: Move x=0.200, z=0.035, stop_count=0, roi_count=0, nearest_x=inf, clear_frames=2908
[INFO] [1783596673.573235359] [unitree_safe_cmd_node]: Move x=0.200, z=0.030, stop_count=0, roi_count=0, nearest_x=inf, clear_frames=2913
[INFO] [1783596674.077348641] [unitree_safe_cmd_node]: Move x=0.200, z=0.039, stop_count=0, roi_count=0, nearest_x=inf, clear_frames=2918
[INFO] [1783596674.578576492] [unitree_safe_cmd_node]: Move x=0.200, z=0.048, stop_count=0, roi_count=0, nearest_x=inf, clear_frames=2923
[INFO] [1783596675.122763731] [unitree_safe_cmd_node]: Move x=0.200, z=0.050, stop_count=0, roi_count=0, nearest_x=inf, clear_frames=2927
[INFO] [1783596675.622817110] [unitree_safe_cmd_node]: Move x=0.200, z=0.058, stop_count=0, roi_count=0, nearest_x=inf, clear_frames=2932
[INFO] [1783596676.123005716] [unitree_safe_cmd_node]: Move x=0.200, z=0.042, stop_count=0, roi_count=0, nearest_x=inf, clear_frames=2936
[INFO] [1783596676.623113973] [unitree_safe_cmd_node]: Move x=0.200, z=0.029, stop_count=0, roi_count=0, nearest_x=inf, clear_frames=2941
[INFO] [1783596677.173226752] [unitree_safe_cmd_node]: Move x=0.200, z=0.037, stop_count=0, roi_count=0, nearest_x=inf, clear_frames=2945
[INFO] [1783596677.673441052] [unitree_safe_cmd_node]: Move x=0.200, z=0.034, stop_count=0, roi_count=0, nearest_x=inf, clear_frames=2950
[INFO] [1783596678.173289642] [unitree_safe_cmd_node]: Move x=0.200, z=0.024, stop_count=0, roi_count=0, nearest_x=inf, clear_frames=2954
[INFO] [1783596678.723282235] [unitree_safe_cmd_node]: Move x=0.200, z=0.005, stop_count=0, roi_count=0, nearest_x=inf, clear_frames=2960
[INFO] [1783596679.273184336] [unitree_safe_cmd_node]: Move x=0.200, z=0.022, stop_count=0, roi_count=0, nearest_x=inf, clear_frames=2964
[INFO] [1783596679.775384845] [unitree_safe_cmd_node]: Move x=0.200, z=0.039, stop_count=0, roi_count=0, nearest_x=inf, clear_frames=2969
[INFO] [1783596680.323120874] [unitree_safe_cmd_node]: Move x=0.200, z=0.065, stop_count=0, roi_count=0, nearest_x=inf, clear_frames=2974
[INFO] [1783596680.823138543] [unitree_safe_cmd_node]: Move x=0.200, z=0.072, stop_count=0, roi_count=0, nearest_x=inf, clear_frames=2978
[INFO] [1783596681.381159840] [unitree_safe_cmd_node]: Move x=0.200, z=0.043, stop_count=0, roi_count=0, nearest_x=inf, clear_frames=2983
[INFO] [1783596681.877491318] [unitree_safe_cmd_node]: Move x=0.200, z=0.039, stop_count=0, roi_count=0, nearest_x=inf, clear_frames=2988
[INFO] [1783596682.423244498] [unitree_safe_cmd_node]: Move x=0.200, z=0.040, stop_count=0, roi_count=0, nearest_x=inf, clear_frames=2993
[INFO] [1783596682.923901689] [unitree_safe_cmd_node]: Move x=0.200, z=0.036, stop_count=0, roi_count=0, nearest_x=inf, clear_frames=2997
[INFO] [1783596683.474962262] [unitree_safe_cmd_node]: Move x=0.200, z=0.053, stop_count=0, roi_count=0, nearest_x=inf, clear_frames=3003
[INFO] [1783596684.022831693] [unitree_safe_cmd_node]: Move x=0.200, z=0.058, stop_count=0, roi_count=0, nearest_x=inf, clear_frames=3007
[INFO] [1783596684.523177539] [unitree_safe_cmd_node]: Move x=0.200, z=0.050, stop_count=0, roi_count=0, nearest_x=inf, clear_frames=3012
[INFO] [1783596685.073393801] [unitree_safe_cmd_node]: Move x=0.200, z=0.041, stop_count=0, roi_count=0, nearest_x=inf, clear_frames=3016
[INFO] [1783596685.578564472] [unitree_safe_cmd_node]: Move x=0.200, z=0.020, stop_count=0, roi_count=0, nearest_x=inf, clear_frames=3022
[INFO] [1783596686.123383872] [unitree_safe_cmd_node]: Move x=0.200, z=0.039, stop_count=0, roi_count=0, nearest_x=inf, clear_frames=3026
[INFO] [1783596686.624491026] [unitree_safe_cmd_node]: Move x=0.200, z=0.063, stop_count=0, roi_count=0, nearest_x=inf, cl