[rospy.client][INFO] 2023-11-06 18:55:48,062: init_node, name[/rqt_gui_py_node_3876], pid[3876]
[xmlrpc][INFO] 2023-11-06 18:55:48,063: XML-RPC server binding to 0.0.0.0:0
[xmlrpc][INFO] 2023-11-06 18:55:48,063: Started XML-RPC server [http://ubuntu:37865/]
[rospy.init][INFO] 2023-11-06 18:55:48,063: ROS Slave URI: [http://ubuntu:37865/]
[rospy.impl.masterslave][INFO] 2023-11-06 18:55:48,064: _ready: http://ubuntu:37865/
[rospy.registration][INFO] 2023-11-06 18:55:48,064: Registering with master node http://localhost:11311
[xmlrpc][INFO] 2023-11-06 18:55:48,065: xml rpc node: starting XML-RPC server
[rospy.init][INFO] 2023-11-06 18:55:48,164: registered with master
[rospy.rosout][INFO] 2023-11-06 18:55:48,165: initializing /rosout core topic
[rospy.rosout][INFO] 2023-11-06 18:55:48,167: connected to core topic /rosout
[rospy.simtime][INFO] 2023-11-06 18:55:48,170: /use_sim_time is not set, will not subscribe to simulated time [/clock] topic
[rospy.internal][INFO] 2023-11-06 18:55:48,374: topic[/camera/stereo_module/parameter_descriptions] adding connection to [http://ubuntu:39921/], count 0
[rospy.internal][INFO] 2023-11-06 18:55:48,375: topic[/camera/stereo_module/parameter_updates] adding connection to [http://ubuntu:39921/], count 0
[rospy.internal][INFO] 2023-11-06 18:55:48,380: topic[/rosout] adding connection to [/rosout], count 0
[rospy.internal][INFO] 2023-11-06 18:55:52,362: topic impl's ref count is zero, deleting topic /camera/stereo_module/parameter_descriptions...
[rospy.internal][INFO] 2023-11-06 18:55:52,363: topic[/camera/stereo_module/parameter_descriptions] removing connection to http://ubuntu:39921/
[rospy.internal][INFO] 2023-11-06 18:55:52,366: topic impl's ref count is zero, deleting topic /camera/stereo_module/parameter_updates...
[rospy.internal][INFO] 2023-11-06 18:55:52,367: topic[/camera/stereo_module/parameter_updates] removing connection to http://ubuntu:39921/
[rospy.internal][INFO] 2023-11-06 18:55:52,368: topic[/camera/stereo_module/parameter_updates] removing connection to http://ubuntu:39921/
[rospy.core][INFO] 2023-11-06 18:55:52,392: signal_shutdown [atexit]
[rospy.internal][INFO] 2023-11-06 18:55:52,397: topic[/rosout] removing connection to /rosout
[rospy.impl.masterslave][INFO] 2023-11-06 18:55:52,398: atexit
