[base_bringup] checking lidar network eth0 192.168.1.5/24 ...
[base_bringup] eth0 already has 192.168.1.5/24
[base_bringup] cleaning old base processes...
[base_bringup] preparing Livox MID-360S driver attempt 1/5...
[base_bringup] starting Livox MID-360S driver attempt 1/5...
[base_bringup] Livox PID: 371126
[base_bringup] waiting for Livox topics...
[base_bringup] Livox topics are ready.
[base_bringup] validating Livox frame timing and point counts...
LIVOX_STREAM_OK reports=3 frame_hz=10.062 imu_hz=200.023 span_ms=99.350 min_points=19872 max_lidar_imu_offset_ms=4.221 max_queue_depth=1
[base_bringup] Livox stream validation passed.
[base_bringup] Livox is ready.
[base_bringup] Livox is ready. Starting FAST-LIO...
[base_bringup] FAST-LIO PID: 371326
[base_bringup] waiting for topic: /Odometry
[base_bringup] topic ready: /Odometry
[base_bringup] waiting for topic: /cloud_registered_body
[base_bringup] topic ready: /cloud_registered_body
[base_bringup] requiring 10 consecutive fresh FAST-LIO frames...
FASTLIO_FRESH_SAMPLE stamp=1784910395.562657 age_ms=309.072 frame_dt_ms=first fresh=0 sequential=1 consecutive=0/10
FASTLIO_FRESH_SAMPLE stamp=1784910395.759082 age_ms=173.321 frame_dt_ms=196.424 fresh=1 sequential=0 consecutive=1/10
FASTLIO_FRESH_SAMPLE stamp=1784910395.858481 age_ms=174.752 frame_dt_ms=99.400 fresh=1 sequential=1 consecutive=2/10
FASTLIO_FRESH_SAMPLE stamp=1784910395.957920 age_ms=176.238 frame_dt_ms=99.439 fresh=1 sequential=1 consecutive=3/10
FASTLIO_FRESH_SAMPLE stamp=1784910396.057359 age_ms=177.802 frame_dt_ms=99.439 fresh=1 sequential=1 consecutive=4/10
FASTLIO_FRESH_SAMPLE stamp=1784910396.157724 age_ms=178.395 frame_dt_ms=100.365 fresh=1 sequential=1 consecutive=5/10
FASTLIO_FRESH_SAMPLE stamp=1784910396.258178 age_ms=199.071 frame_dt_ms=100.453 fresh=1 sequential=1 consecutive=6/10
FASTLIO_FRESH_SAMPLE stamp=1784910396.357548 age_ms=200.574 frame_dt_ms=99.370 fresh=1 sequential=1 consecutive=7/10
FASTLIO_FRESH_SAMPLE stamp=1784910396.456908 age_ms=202.074 frame_dt_ms=99.360 fresh=1 sequential=1 consecutive=8/10
FASTLIO_FRESH_SAMPLE stamp=1784910396.556257 age_ms=183.482 frame_dt_ms=99.350 fresh=1 sequential=1 consecutive=9/10
FASTLIO_FRESH_SAMPLE stamp=1784910396.655627 age_ms=185.051 frame_dt_ms=99.370 fresh=1 sequential=1 consecutive=10/10
FASTLIO_FRESH_READY frames=10 max_age_ms=250.000 frame_dt_ms_range=50.000..150.000
[base_bringup] FAST-LIO freshness gate passed.
[base_bringup] FAST-LIO is ready.
[base_bringup] logs:
  /home/unitree/go2_fastlio_ws/patrol_logs/livox.log
  /home/unitree/go2_fastlio_ws/patrol_logs/fast_lio.log
[base_bringup] received exit signal, stopping children...
[base_bringup] received exit signal, stopping children...
