[INFO] [launch]: All log files can be found below /home/unitree/.ros/log/2026-07-25-00-26-34-003743-ubuntu-371326
[INFO] [launch]: Default logging verbosity is set to INFO
[INFO] [fastlio_mapping-1]: process started with pid [371384]
[fastlio_mapping-1] 1784910394.213266 [0] fastlio_ma: config: //CycloneDDS/Domain/General: 'NetworkInterfaceAddress': deprecated element (file:///tmp/go2_cyclonedds_eth0.xml line 4)
[fastlio_mapping-1] [INFO] [1784910394.235166162] [laser_mapping]: p_pre->lidar_type 1
[fastlio_mapping-1] Multi thread started 
[fastlio_mapping-1] ~~~~/home/unitree/go2_fastlio_ws/src/FAST_LIO/ file opened
[fastlio_mapping-1] [INFO] [1784910394.240118961] [laser_mapping]: Input QoS configured: lidar_depth=2/best_effort imu_depth=400/reliable
[fastlio_mapping-1] [INFO] [1784910394.252167117] [laser_mapping]: Node init finished.
[fastlio_mapping-1] [WARN] [1784910394.551090028] [laser_mapping]: No point, skip this scan!
[fastlio_mapping-1] 
[fastlio_mapping-1] IMU Initial Done
[fastlio_mapping-1] [WARN] [1784910394.727046848] [laser_mapping]: No point, skip this scan!
[fastlio_mapping-1] 
[fastlio_mapping-1] [INFO] [1784910394.833184952] [laser_mapping]: Initialize the map kdtree
[fastlio_mapping-1] FAST_LIO_INPUT_TIMING age_ms_avg=194.779 age_ms_max=277.166 samples=9 lidar_buffer=0 imu_buffer=62
[fastlio_mapping-1] FAST_LIO_OUTPUT_TIMING age_ms_avg=194.373 age_ms_max=261.575 samples=9
[fastlio_mapping-1] FAST_LIO_INPUT_TIMING age_ms_avg=181.376 age_ms_max=251.778 samples=8 lidar_buffer=0 imu_buffer=51
[fastlio_mapping-1] FAST_LIO_OUTPUT_TIMING age_ms_avg=180.147 age_ms_max=187.082 samples=10
[fastlio_mapping-1] FAST_LIO_INPUT_TIMING age_ms_avg=181.609 age_ms_max=194.174 samples=10 lidar_buffer=0 imu_buffer=58
[fastlio_mapping-1] FAST_LIO_OUTPUT_TIMING age_ms_avg=187.952 age_ms_max=222.942 samples=10
[fastlio_mapping-1] FAST_LIO_INPUT_TIMING age_ms_avg=156.265 age_ms_max=213.841 samples=10 lidar_buffer=0 imu_buffer=44
[fastlio_mapping-1] FAST_LIO_OUTPUT_TIMING age_ms_avg=144.853 age_ms_max=158.63 samples=10
