[INFO] [launch]: All log files can be found below /home/unitree/.ros/log/2026-07-25-00-26-26-665974-ubuntu-371126
[INFO] [launch]: Default logging verbosity is set to INFO
[INFO] [livox_ros_driver2_node-1]: process started with pid [371182]
[livox_ros_driver2_node-1] 1784910386.795763 [0] livox_ros_: config: //CycloneDDS/Domain/General: 'NetworkInterfaceAddress': deprecated element (file:///tmp/go2_cyclonedds_eth0.xml line 4)
[livox_ros_driver2_node-1] [INFO] [1784910386.812123961] [livox_lidar_publisher]: Livox Ros Driver2 Version: 1.2.6
[livox_ros_driver2_node-1] [INFO] [1784910386.812745205] [livox_lidar_publisher]: Data Source is raw lidar.
[livox_ros_driver2_node-1] [INFO] [1784910386.812791831] [livox_lidar_publisher]: Config file : /home/unitree/go2_fastlio_ws/src/livox_ros_driver2/launch_ROS2/../config/MID360s_config.json
[livox_ros_driver2_node-1] LdsLidar *GetInstance
[livox_ros_driver2_node-1] config lidar type: 8
[livox_ros_driver2_node-1] successfully parse base config, counts: 1
[livox_ros_driver2_node-1] [INFO] [1784910386.817265280] [livox_lidar_publisher]: Init lds lidar success!
[livox_ros_driver2_node-1] GetFreeIndex key:livox_lidar_2701240512.
[livox_ros_driver2_node-1] LIVOX_POINTCLOUD_POLL_READY startup_delay_ms=0
[livox_ros_driver2_node-1] LIVOX_PRESAMPLING_DROP lidar=0 state=0
[livox_ros_driver2_node-1] LIVOX_STREAM_HEALTH frame_hz=10.068 imu_hz=200.453 span_ms=99.350 points=19872 lidar_imu_offset_ms=0.825 queue_depth=0
[livox_ros_driver2_node-1] set pcl data type, handle: 2701240512, data type: 1
[livox_ros_driver2_node-1] set scan pattern, handle: 2701240512, scan pattern: 0
[livox_ros_driver2_node-1] begin to change work mode to 'Normal', handle: 2701240512
[livox_ros_driver2_node-1] successfully set data type, handle: 2701240512, set_bit: 2
[livox_ros_driver2_node-1] successfully set pattern mode, handle: 2701240512, set_bit: 0
[livox_ros_driver2_node-1] successfully set lidar attitude, ip: 192.168.1.161
[livox_ros_driver2_node-1] successfully change work mode, handle: 2701240512
[livox_ros_driver2_node-1] successfully enable Livox Lidar imu, ip: 192.168.1.161
[livox_ros_driver2_node-1] [INFO] [1784910388.906961154] [livox_lidar_publisher]: livox/lidar publish use livox custom format
[livox_ros_driver2_node-1] LIVOX_PRESAMPLING_READY lidar=0 discarded_total=20
[livox_ros_driver2_node-1] Init queue, real query size:16.
[livox_ros_driver2_node-1] Lidar[0] storage queue size: 10
[livox_ros_driver2_node-1] LIVOX_STREAM_HEALTH frame_hz=10.056 imu_hz=199.295 span_ms=99.350 points=19872 lidar_imu_offset_ms=4.221 queue_depth=1
[livox_ros_driver2_node-1] [INFO] [1784910389.817921405] [livox_lidar_publisher]: livox/imu publish use imu format
[livox_ros_driver2_node-1] LIVOX_PUBLISH_TIMING frame_age_ms_avg=193.212 frame_age_ms_max=330.189 publish_path_ms_avg=140.434 publish_path_ms_max=249.473 queue_used_after_max=3 skipped=3 skipped_total=3 samples=9
[livox_ros_driver2_node-1] LIVOX_STREAM_HEALTH frame_hz=10.070 imu_hz=200.483 span_ms=99.350 points=19872 lidar_imu_offset_ms=0.831 queue_depth=0
[livox_ros_driver2_node-1] LIVOX_PUBLISH_TIMING frame_age_ms_avg=234.050 frame_age_ms_max=293.153 publish_path_ms_avg=168.317 publish_path_ms_max=210.676 queue_used_after_max=2 skipped=3 skipped_total=6 samples=6
[livox_ros_driver2_node-1] LIVOX_STREAM_HEALTH frame_hz=10.060 imu_hz=200.291 span_ms=99.350 points=19872 lidar_imu_offset_ms=0.474 queue_depth=0
[livox_ros_driver2_node-1] LIVOX_PUBLISH_TIMING frame_age_ms_avg=160.748 frame_age_ms_max=233.091 publish_path_ms_avg=127.973 publish_path_ms_max=196.390 queue_used_after_max=2 skipped=3 skipped_total=9 samples=8
[livox_ros_driver2_node-1] LIVOX_STREAM_HEALTH frame_hz=10.069 imu_hz=199.545 span_ms=99.350 points=19872 lidar_imu_offset_ms=2.484 queue_depth=0
[livox_ros_driver2_node-1] LIVOX_PUBLISH_TIMING frame_age_ms_avg=200.601 frame_age_ms_max=255.332 publish_path_ms_avg=130.895 publish_path_ms_max=218.604 queue_used_after_max=2 skipped=3 skipped_total=12 samples=8
[livox_ros_driver2_node-1] LIVOX_STREAM_HEALTH frame_hz=10.058 imu_hz=200.255 span_ms=99.350 points=19872 lidar_imu_offset_ms=0.216 queue_depth=0
[livox_ros_driver2_node-1] LIVOX_PUBLISH_TIMING frame_age_ms_avg=142.252 frame_age_ms_max=200.544 publish_path_ms_avg=106.507 publish_path_ms_max=147.127 queue_used_after_max=2 skipped=1 skipped_total=13 samples=10
[livox_ros_driver2_node-1] LIVOX_STREAM_HEALTH frame_hz=10.070 imu_hz=199.564 span_ms=99.350 points=19872 lidar_imu_offset_ms=2.649 queue_depth=0
[livox_ros_driver2_node-1] LIVOX_PUBLISH_TIMING frame_age_ms_avg=187.058 frame_age_ms_max=270.294 publish_path_ms_avg=129.514 publish_path_ms_max=202.730 queue_used_after_max=2 skipped=2 skipped_total=15 samples=8
[livox_ros_driver2_node-1] LIVOX_STREAM_HEALTH frame_hz=10.058 imu_hz=200.246 span_ms=99.350 points=19872 lidar_imu_offset_ms=1.436 queue_depth=0
[livox_ros_driver2_node-1] LIVOX_PUBLISH_TIMING frame_age_ms_avg=170.664 frame_age_ms_max=237.271 publish_path_ms_avg=128.258 publish_path_ms_max=208.608 queue_used_after_max=2 skipped=3 skipped_total=18 samples=8
[livox_ros_driver2_node-1] LIVOX_STREAM_HEALTH frame_hz=10.069 imu_hz=199.543 span_ms=99.350 points=19872 lidar_imu_offset_ms=4.309 queue_depth=0
[livox_ros_driver2_node-1] LIVOX_PUBLISH_TIMING frame_age_ms_avg=174.108 frame_age_ms_max=188.026 publish_path_ms_avg=102.340 publish_path_ms_max=102.490 queue_used_after_max=1 skipped=0 skipped_total=18 samples=10
[livox_ros_driver2_node-1] LIVOX_STREAM_HEALTH frame_hz=10.067 imu_hz=200.416 span_ms=99.350 points=19872 lidar_imu_offset_ms=1.489 queue_depth=0
[livox_ros_driver2_node-1] LIVOX_PUBLISH_TIMING frame_age_ms_avg=145.205 frame_age_ms_max=200.474 publish_path_ms_avg=102.269 publish_path_ms_max=102.420 queue_used_after_max=2 skipped=1 skipped_total=19 samples=10
[livox_ros_driver2_node-1] LIVOX_STREAM_HEALTH frame_hz=10.062 imu_hz=200.323 span_ms=99.350 points=19872 lidar_imu_offset_ms=0.242 queue_depth=0
