FASTLIO_FRESH_SAMPLE stamp=1784960638.067688 age_ms=534.468 frame_dt_ms=first fresh=0 sequential=1 consecutive=0/10
FASTLIO_FRESH_SAMPLE stamp=1784960638.367356 age_ms=397.823 frame_dt_ms=299.668 fresh=0 sequential=0 consecutive=0/10
FASTLIO_FRESH_SAMPLE stamp=1784960638.565566 age_ms=382.314 frame_dt_ms=198.210 fresh=0 sequential=0 consecutive=0/10
FASTLIO_FRESH_SAMPLE stamp=1784960638.764766 age_ms=487.429 frame_dt_ms=199.200 fresh=0 sequential=0 consecutive=0/10
FASTLIO_FRESH_SAMPLE stamp=1784960639.062891 age_ms=515.775 frame_dt_ms=298.124 fresh=0 sequential=0 consecutive=0/10
FASTLIO_FRESH_SAMPLE stamp=1784960639.360971 age_ms=561.882 frame_dt_ms=298.080 fresh=0 sequential=0 consecutive=0/10
FASTLIO_FRESH_SAMPLE stamp=1784960639.659051 age_ms=517.180 frame_dt_ms=298.080 fresh=0 sequential=0 consecutive=0/10
FASTLIO_FRESH_SAMPLE stamp=1784960639.957131 age_ms=547.590 frame_dt_ms=298.080 fresh=0 sequential=0 consecutive=0/10
FASTLIO_FRESH_SAMPLE stamp=1784960640.255211 age_ms=359.275 frame_dt_ms=298.080 fresh=0 sequential=0 consecutive=0/10
FASTLIO_FRESH_SAMPLE stamp=1784960640.354571 age_ms=362.195 frame_dt_ms=99.360 fresh=0 sequential=1 consecutive=0/10
FASTLIO_FRESH_SAMPLE stamp=1784960640.553187 age_ms=369.815 frame_dt_ms=198.616 fresh=0 sequential=0 consecutive=0/10
FASTLIO_FRESH_SAMPLE stamp=1784960640.752011 age_ms=292.933 frame_dt_ms=198.824 fresh=0 sequential=0 consecutive=0/10
FASTLIO_FRESH_SAMPLE stamp=1784960640.851371 age_ms=337.053 frame_dt_ms=99.360 fresh=0 sequential=1 consecutive=0/10
FASTLIO_FRESH_SAMPLE stamp=1784960640.950731 age_ms=424.906 frame_dt_ms=99.360 fresh=0 sequential=1 consecutive=0/10
FASTLIO_FRESH_SAMPLE stamp=1784960641.248781 age_ms=351.384 frame_dt_ms=298.050 fresh=0 sequential=0 consecutive=0/10
FASTLIO_FRESH_SAMPLE stamp=1784960641.447531 age_ms=357.919 frame_dt_ms=198.750 fresh=0 sequential=0 consecutive=0/10
FASTLIO_FRESH_SAMPLE stamp=1784960641.646251 age_ms=362.247 frame_dt_ms=198.720 fresh=0 sequential=0 consecutive=0/10
FASTLIO_FRESH_SAMPLE stamp=1784960641.844971 age_ms=369.771 frame_dt_ms=198.720 fresh=0 sequential=0 consecutive=0/10
FASTLIO_FRESH_SAMPLE stamp=1784960642.043691 age_ms=374.186 frame_dt_ms=198.720 fresh=0 sequential=0 consecutive=0/10
FASTLIO_FRESH_SAMPLE stamp=1784960642.242366 age_ms=378.298 frame_dt_ms=198.676 fresh=0 sequential=0 consecutive=0/10
FASTLIO_FRESH_SAMPLE stamp=1784960642.441056 age_ms=382.445 frame_dt_ms=198.690 fresh=0 sequential=0 consecutive=0/10
FASTLIO_FRESH_SAMPLE stamp=1784960642.639821 age_ms=386.621 frame_dt_ms=198.765 fresh=0 sequential=0 consecutive=0/10
FASTLIO_FRESH_SAMPLE stamp=1784960642.838408 age_ms=391.173 frame_dt_ms=198.586 fresh=0 sequential=0 consecutive=0/10
FASTLIO_FRESH_SAMPLE stamp=1784960643.037127 age_ms=440.063 frame_dt_ms=198.720 fresh=0 sequential=0 consecutive=0/10
FASTLIO_FRESH_SAMPLE stamp=1784960643.235848 age_ms=424.508 frame_dt_ms=198.720 fresh=0 sequential=0 consecutive=0/10
FASTLIO_FRESH_SAMPLE stamp=1784960643.434493 age_ms=490.154 frame_dt_ms=198.646 fresh=0 sequential=0 consecutive=0/10
FASTLIO_FRESH_SAMPLE stamp=1784960643.732573 age_ms=417.400 frame_dt_ms=298.080 fresh=0 sequential=0 consecutive=0/10
FASTLIO_FRESH_SAMPLE stamp=1784960644.030594 age_ms=282.021 frame_dt_ms=298.021 fresh=0 sequential=0 consecutive=0/10
FASTLIO_FRESH_SAMPLE stamp=1784960644.129984 age_ms=325.831 frame_dt_ms=99.390 fresh=0 sequential=1 consecutive=0/10
FASTLIO_FRESH_SAMPLE stamp=1784960644.229344 age_ms=369.047 frame_dt_ms=99.360 fresh=0 sequential=1 consecutive=0/10
FASTLIO_FRESH_SAMPLE stamp=1784960644.428093 age_ms=353.044 frame_dt_ms=198.750 fresh=0 sequential=0 consecutive=0/10
FASTLIO_FRESH_SAMPLE stamp=1784960644.626828 age_ms=398.056 frame_dt_ms=198.735 fresh=0 sequential=0 consecutive=0/10
FASTLIO_FRESH_SAMPLE stamp=1784960644.825622 age_ms=447.217 frame_dt_ms=198.794 fresh=0 sequential=0 consecutive=0/10
FASTLIO_FRESH_SAMPLE stamp=1784960645.123851 age_ms=399.446 frame_dt_ms=298.228 fresh=0 sequential=0 consecutive=0/10
FASTLIO_FRESH_SAMPLE stamp=1784960645.322571 age_ms=526.230 frame_dt_ms=198.720 fresh=0 sequential=0 consecutive=0/10
FASTLIO_FRESH_SAMPLE stamp=1784960645.620651 age_ms=517.702 frame_dt_ms=298.080 fresh=0 sequential=0 consecutive=0/10
FASTLIO_FRESH_SAMPLE stamp=1784960645.918731 age_ms=405.219 frame_dt_ms=298.080 fresh=0 sequential=0 consecutive=0/10
FASTLIO_FRESH_SAMPLE stamp=1784960646.216811 age_ms=208.738 frame_dt_ms=298.080 fresh=1 sequential=0 consecutive=1/10
FASTLIO_FRESH_SAMPLE stamp=1784960646.316171 age_ms=231.101 frame_dt_ms=99.360 fresh=1 sequential=1 consecutive=2/10
FASTLIO_FRESH_SAMPLE stamp=1784960646.415531 age_ms=233.428 frame_dt_ms=99.360 fresh=1 sequential=1 consecutive=3/10
FASTLIO_FRESH_SAMPLE stamp=1784960646.514337 age_ms=236.158 frame_dt_ms=98.806 fresh=1 sequential=1 consecutive=4/10
FASTLIO_FRESH_SAMPLE stamp=1784960646.613771 age_ms=238.370 frame_dt_ms=99.434 fresh=1 sequential=1 consecutive=5/10
FASTLIO_FRESH_SAMPLE stamp=1784960646.713210 age_ms=260.658 frame_dt_ms=99.439 fresh=0 sequential=1 consecutive=0/10
FASTLIO_FRESH_SAMPLE stamp=1784960646.812585 age_ms=263.141 frame_dt_ms=99.375 fresh=0 sequential=1 consecutive=0/10
FASTLIO_FRESH_SAMPLE stamp=1784960646.912093 age_ms=265.518 frame_dt_ms=99.508 fresh=0 sequential=1 consecutive=0/10
FASTLIO_FRESH_SAMPLE stamp=1784960647.011616 age_ms=288.166 frame_dt_ms=99.523 fresh=0 sequential=1 consecutive=0/10
FASTLIO_FRESH_SAMPLE stamp=1784960647.111051 age_ms=290.402 frame_dt_ms=99.434 fresh=0 sequential=1 consecutive=0/10
FASTLIO_FRESH_SAMPLE stamp=1784960647.210411 age_ms=292.502 frame_dt_ms=99.360 fresh=0 sequential=1 consecutive=0/10
FASTLIO_FRESH_SAMPLE stamp=1784960647.309771 age_ms=314.796 frame_dt_ms=99.360 fresh=0 sequential=1 consecutive=0/10
FASTLIO_FRESH_SAMPLE stamp=1784960647.508491 age_ms=217.634 frame_dt_ms=198.720 fresh=1 sequential=0 consecutive=1/10
FASTLIO_FRESH_SAMPLE stamp=1784960647.607851 age_ms=219.774 frame_dt_ms=99.360 fresh=1 sequential=1 consecutive=2/10
FASTLIO_FRESH_SAMPLE stamp=1784960647.707211 age_ms=222.196 frame_dt_ms=99.360 fresh=1 sequential=1 consecutive=3/10
FASTLIO_FRESH_SAMPLE stamp=1784960647.806571 age_ms=224.369 frame_dt_ms=99.360 fresh=1 sequential=1 consecutive=4/10
FASTLIO_FRESH_SAMPLE stamp=1784960647.905931 age_ms=246.775 frame_dt_ms=99.360 fresh=1 sequential=1 consecutive=5/10
FASTLIO_FRESH_SAMPLE stamp=1784960648.005291 age_ms=248.901 frame_dt_ms=99.360 fresh=1 sequential=1 consecutive=6/10
FASTLIO_FRESH_SAMPLE stamp=1784960648.104651 age_ms=251.198 frame_dt_ms=99.360 fresh=0 sequential=1 consecutive=0/10
FASTLIO_FRESH_SAMPLE stamp=1784960648.204011 age_ms=273.666 frame_dt_ms=99.360 fresh=0 sequential=1 consecutive=0/10
FASTLIO_FRESH_SAMPLE stamp=1784960648.303371 age_ms=275.735 frame_dt_ms=99.360 fresh=0 sequential=1 consecutive=0/10
FASTLIO_FRESH_SAMPLE stamp=1784960648.402731 age_ms=298.178 frame_dt_ms=99.360 fresh=0 sequential=1 consecutive=0/10
FASTLIO_FRESH_SAMPLE stamp=1784960648.502091 age_ms=280.138 frame_dt_ms=99.360 fresh=0 sequential=1 consecutive=0/10
FASTLIO_FRESH_SAMPLE stamp=1784960648.601451 age_ms=302.702 frame_dt_ms=99.360 fresh=0 sequential=1 consecutive=0/10
FASTLIO_FRESH_SAMPLE stamp=1784960648.800171 age_ms=205.430 frame_dt_ms=198.720 fresh=1 sequential=0 consecutive=1/10
FASTLIO_FRESH_SAMPLE stamp=1784960648.899531 age_ms=207.708 frame_dt_ms=99.360 fresh=1 sequential=1 consecutive=2/10
FASTLIO_FRESH_SAMPLE stamp=1784960648.998891 age_ms=230.079 frame_dt_ms=99.360 fresh=1 sequential=1 consecutive=3/10
FASTLIO_FRESH_SAMPLE stamp=1784960649.098251 age_ms=232.087 frame_dt_ms=99.360 fresh=1 sequential=1 consecutive=4/10
FASTLIO_FRESH_SAMPLE stamp=1784960649.197507 age_ms=234.179 frame_dt_ms=99.256 fresh=1 sequential=1 consecutive=5/10
FASTLIO_FRESH_SAMPLE stamp=1784960649.294452 age_ms=258.929 frame_dt_ms=96.945 fresh=0 sequential=1 consecutive=0/10
FASTLIO_FRESH_SAMPLE stamp=1784960649.393634 age_ms=261.383 frame_dt_ms=99.182 fresh=0 sequential=1 consecutive=0/10
FASTLIO_FRESH_SAMPLE stamp=1784960649.493009 age_ms=283.921 frame_dt_ms=99.375 fresh=0 sequential=1 consecutive=0/10
FASTLIO_FRESH_SAMPLE stamp=1784960649.592354 age_ms=286.041 frame_dt_ms=99.345 fresh=0 sequential=1 consecutive=0/10
FASTLIO_FRESH_SAMPLE stamp=1784960649.691788 age_ms=288.318 frame_dt_ms=99.434 fresh=0 sequential=1 consecutive=0/10
FASTLIO_FRESH_SAMPLE stamp=1784960649.791133 age_ms=290.387 frame_dt_ms=99.345 fresh=0 sequential=1 consecutive=0/10
FASTLIO_FRESH_SAMPLE stamp=1784960649.989675 age_ms=214.092 frame_dt_ms=198.542 fresh=1 sequential=0 consecutive=1/10
FASTLIO_FRESH_SAMPLE stamp=1784960650.089768 age_ms=216.582 frame_dt_ms=100.092 fresh=1 sequential=1 consecutive=2/10
FASTLIO_FRESH_SAMPLE stamp=1784960650.189128 age_ms=239.491 frame_dt_ms=99.360 fresh=1 sequential=1 consecutive=3/10
FASTLIO_FRESH_SAMPLE stamp=1784960650.288488 age_ms=242.335 frame_dt_ms=99.360 fresh=1 sequential=1 consecutive=4/10
FASTLIO_FRESH_SAMPLE stamp=1784960650.389931 age_ms=242.682 frame_dt_ms=101.443 fresh=1 sequential=1 consecutive=5/10
FASTLIO_FRESH_SAMPLE stamp=1784960650.489291 age_ms=244.984 frame_dt_ms=99.360 fresh=1 sequential=1 consecutive=6/10
FASTLIO_FRESH_SAMPLE stamp=1784960650.588651 age_ms=267.276 frame_dt_ms=99.360 fresh=0 sequential=1 consecutive=0/10
FASTLIO_FRESH_SAMPLE stamp=1784960650.688011 age_ms=269.427 frame_dt_ms=99.360 fresh=0 sequential=1 consecutive=0/10
FASTLIO_FRESH_SAMPLE stamp=1784960650.787371 age_ms=271.744 frame_dt_ms=99.360 fresh=0 sequential=1 consecutive=0/10
FASTLIO_FRESH_SAMPLE stamp=1784960650.886731 age_ms=273.919 frame_dt_ms=99.360 fresh=0 sequential=1 consecutive=0/10
FASTLIO_FRESH_SAMPLE stamp=1784960650.986091 age_ms=296.496 frame_dt_ms=99.360 fresh=0 sequential=1 consecutive=0/10
FASTLIO_FRESH_SAMPLE stamp=1784960651.085451 age_ms=298.538 frame_dt_ms=99.360 fresh=0 sequential=1 consecutive=0/10
FASTLIO_FRESH_SAMPLE stamp=1784960651.284171 age_ms=221.595 frame_dt_ms=198.720 fresh=1 sequential=0 consecutive=1/10
FASTLIO_FRESH_SAMPLE stamp=1784960651.383382 age_ms=223.780 frame_dt_ms=99.212 fresh=1 sequential=1 consecutive=2/10
FASTLIO_FRESH_SAMPLE stamp=1784960651.482490 age_ms=226.396 frame_dt_ms=99.108 fresh=1 sequential=1 consecutive=3/10
FASTLIO_FRESH_SAMPLE stamp=1784960651.581939 age_ms=228.373 frame_dt_ms=99.449 fresh=1 sequential=1 consecutive=4/10
FASTLIO_FRESH_SAMPLE stamp=1784960651.681448 age_ms=230.217 frame_dt_ms=99.509 fresh=1 sequential=1 consecutive=5/10
FASTLIO_FRESH_SAMPLE stamp=1784960651.780837 age_ms=252.671 frame_dt_ms=99.390 fresh=0 sequential=1 consecutive=0/10
FASTLIO_FRESH_SAMPLE stamp=1784960651.880271 age_ms=254.644 frame_dt_ms=99.434 fresh=0 sequential=1 consecutive=0/10
FASTLIO_FRESH_SAMPLE stamp=1784960651.979676 age_ms=256.516 frame_dt_ms=99.405 fresh=0 sequential=1 consecutive=0/10
FASTLIO_FRESH_SAMPLE stamp=1784960652.079036 age_ms=279.051 frame_dt_ms=99.360 fresh=0 sequential=1 consecutive=0/10
FASTLIO_FRESH_SAMPLE stamp=1784960652.178411 age_ms=281.226 frame_dt_ms=99.375 fresh=0 sequential=1 consecutive=0/10
FASTLIO_FRESH_SAMPLE stamp=1784960652.277771 age_ms=283.486 frame_dt_ms=99.360 fresh=0 sequential=1 consecutive=0/10
FASTLIO_FRESH_SAMPLE stamp=1784960652.377116 age_ms=285.811 frame_dt_ms=99.345 fresh=0 sequential=1 consecutive=0/10
FASTLIO_FRESH_SAMPLE stamp=1784960652.575851 age_ms=208.879 frame_dt_ms=198.735 fresh=1 sequential=0 consecutive=1/10
FASTLIO_FRESH_SAMPLE stamp=1784960652.675211 age_ms=210.752 frame_dt_ms=99.360 fresh=1 sequential=1 consecutive=2/10
FASTLIO_FRESH_SAMPLE stamp=1784960652.774571 age_ms=212.960 frame_dt_ms=99.360 fresh=1 sequential=1 consecutive=3/10
FASTLIO_FRESH_SAMPLE stamp=1784960652.873931 age_ms=235.496 frame_dt_ms=99.360 fresh=1 sequential=1 consecutive=4/10
FASTLIO_FRESH_SAMPLE stamp=1784960652.973291 age_ms=237.666 frame_dt_ms=99.360 fresh=1 sequential=1 consecutive=5/10
FASTLIO_FRESH_SAMPLE stamp=1784960653.072651 age_ms=239.727 frame_dt_ms=99.360 fresh=1 sequential=1 consecutive=6/10
FASTLIO_FRESH_SAMPLE stamp=1784960653.171996 age_ms=241.894 frame_dt_ms=99.345 fresh=1 sequential=1 consecutive=7/10
FASTLIO_FRESH_SAMPLE stamp=1784960653.271267 age_ms=264.386 frame_dt_ms=99.271 fresh=0 sequential=1 consecutive=0/10
FASTLIO_FRESH_SAMPLE stamp=1784960653.370731 age_ms=266.577 frame_dt_ms=99.464 fresh=0 sequential=1 consecutive=0/10
FASTLIO_FRESH_SAMPLE stamp=1784960653.470091 age_ms=289.381 frame_dt_ms=99.360 fresh=0 sequential=1 consecutive=0/10
FASTLIO_FRESH_SAMPLE stamp=1784960653.569451 age_ms=291.781 frame_dt_ms=99.360 fresh=0 sequential=1 consecutive=0/10
FASTLIO_FRESH_SAMPLE stamp=1784960653.668811 age_ms=294.317 frame_dt_ms=99.360 fresh=0 sequential=1 consecutive=0/10
FASTLIO_FRESH_SAMPLE stamp=1784960653.867531 age_ms=197.308 frame_dt_ms=198.720 fresh=1 sequential=0 consecutive=1/10
FASTLIO_FRESH_SAMPLE stamp=1784960653.966891 age_ms=219.837 frame_dt_ms=99.360 fresh=1 sequential=1 consecutive=2/10
FASTLIO_FRESH_SAMPLE stamp=1784960654.066251 age_ms=222.224 frame_dt_ms=99.360 fresh=1 sequential=1 consecutive=3/10
FASTLIO_FRESH_SAMPLE stamp=1784960654.165611 age_ms=244.513 frame_dt_ms=99.360 fresh=1 sequential=1 consecutive=4/10
FASTLIO_FRESH_SAMPLE stamp=1784960654.264971 age_ms=226.400 frame_dt_ms=99.360 fresh=1 sequential=1 consecutive=5/10
FASTLIO_FRESH_SAMPLE stamp=1784960654.364331 age_ms=248.887 frame_dt_ms=99.360 fresh=1 sequential=1 consecutive=6/10
FASTLIO_FRESH_SAMPLE stamp=1784960654.463691 age_ms=251.100 frame_dt_ms=99.360 fresh=0 sequential=1 consecutive=0/10
FASTLIO_FRESH_SAMPLE stamp=1784960654.563051 age_ms=253.637 frame_dt_ms=99.360 fresh=0 sequential=1 consecutive=0/10
FASTLIO_FRESH_SAMPLE stamp=1784960654.662411 age_ms=277.138 frame_dt_ms=99.360 fresh=0 sequential=1 consecutive=0/10
FASTLIO_FRESH_SAMPLE stamp=1784960654.761430 age_ms=279.819 frame_dt_ms=99.019 fresh=0 sequential=1 consecutive=0/10
FASTLIO_FRESH_SAMPLE stamp=1784960654.860908 age_ms=283.291 frame_dt_ms=99.479 fresh=0 sequential=1 consecutive=0/10
FASTLIO_FRESH_SAMPLE stamp=1784960654.960328 age_ms=305.723 frame_dt_ms=99.419 fresh=0 sequential=1 consecutive=0/10
FASTLIO_FRESH_SAMPLE stamp=1784960655.159048 age_ms=228.717 frame_dt_ms=198.720 fresh=1 sequential=0 consecutive=1/10
FASTLIO_FRESH_SAMPLE stamp=1784960655.258467 age_ms=231.166 frame_dt_ms=99.419 fresh=1 sequential=1 consecutive=2/10
FASTLIO_FRESH_SAMPLE stamp=1784960655.357812 age_ms=233.588 frame_dt_ms=99.345 fresh=1 sequential=1 consecutive=3/10
FASTLIO_FRESH_SAMPLE stamp=1784960655.457172 age_ms=235.933 frame_dt_ms=99.360 fresh=1 sequential=1 consecutive=4/10
FASTLIO_FRESH_SAMPLE stamp=1784960655.556606 age_ms=238.044 frame_dt_ms=99.434 fresh=1 sequential=1 consecutive=5/10
FASTLIO_FRESH_SAMPLE stamp=1784960655.655966 age_ms=260.434 frame_dt_ms=99.360 fresh=0 sequential=1 consecutive=0/10
FASTLIO_FRESH_SAMPLE stamp=1784960655.755326 age_ms=283.102 frame_dt_ms=99.360 fresh=0 sequential=1 consecutive=0/10
FASTLIO_FRESH_SAMPLE stamp=1784960655.854612 age_ms=265.181 frame_dt_ms=99.286 fresh=0 sequential=1 consecutive=0/10
FASTLIO_FRESH_SAMPLE stamp=1784960655.953972 age_ms=287.849 frame_dt_ms=99.360 fresh=0 sequential=1 consecutive=0/10
FASTLIO_FRESH_SAMPLE stamp=1784960656.053347 age_ms=290.151 frame_dt_ms=99.375 fresh=0 sequential=1 consecutive=0/10
FASTLIO_FRESH_SAMPLE stamp=1784960656.152647 age_ms=292.408 frame_dt_ms=99.301 fresh=0 sequential=1 consecutive=0/10
FASTLIO_FRESH_SAMPLE stamp=1784960656.351279 age_ms=215.716 frame_dt_ms=198.631 fresh=1 sequential=0 consecutive=1/10
FASTLIO_FRESH_SAMPLE stamp=1784960656.450668 age_ms=217.896 frame_dt_ms=99.390 fresh=1 sequential=1 consecutive=2/10
FASTLIO_FRESH_SAMPLE stamp=1784960656.549954 age_ms=240.479 frame_dt_ms=99.286 fresh=1 sequential=1 consecutive=3/10
FASTLIO_FRESH_SAMPLE stamp=1784960656.649329 age_ms=222.249 frame_dt_ms=99.375 fresh=1 sequential=1 consecutive=4/10
FASTLIO_FRESH_SAMPLE stamp=1784960656.748719 age_ms=244.781 frame_dt_ms=99.390 fresh=1 sequential=1 consecutive=5/10
FASTLIO_FRESH_SAMPLE stamp=1784960656.848108 age_ms=247.113 frame_dt_ms=99.390 fresh=1 sequential=1 consecutive=6/10
FASTLIO_FRESH_SAMPLE stamp=1784960656.947468 age_ms=249.618 frame_dt_ms=99.360 fresh=1 sequential=1 consecutive=7/10
FASTLIO_FRESH_SAMPLE stamp=1784960657.046858 age_ms=272.530 frame_dt_ms=99.390 fresh=0 sequential=1 consecutive=0/10
FASTLIO_FRESH_SAMPLE stamp=1784960657.146262 age_ms=274.687 frame_dt_ms=99.405 fresh=0 sequential=1 consecutive=0/10
FASTLIO_FRESH_SAMPLE stamp=1784960657.245741 age_ms=276.727 frame_dt_ms=99.479 fresh=0 sequential=1 consecutive=0/10
FASTLIO_FRESH_SAMPLE stamp=1784960657.344997 age_ms=279.016 frame_dt_ms=99.256 fresh=0 sequential=1 consecutive=0/10
FASTLIO_FRESH_SAMPLE stamp=1784960657.444491 age_ms=301.356 frame_dt_ms=99.494 fresh=0 sequential=1 consecutive=0/10
FASTLIO_FRESH_SAMPLE stamp=1784960657.543851 age_ms=303.254 frame_dt_ms=99.360 fresh=0 sequential=1 consecutive=0/10
FASTLIO_FRESH_SAMPLE stamp=1784960657.742571 age_ms=205.902 frame_dt_ms=198.720 fresh=1 sequential=0 consecutive=1/10
FASTLIO_FRESH_SAMPLE stamp=1784960657.841768 age_ms=228.413 frame_dt_ms=99.197 fresh=1 sequential=1 consecutive=2/10
FASTLIO_FRESH_SAMPLE stamp=1784960657.941187 age_ms=230.429 frame_dt_ms=99.419 fresh=1 sequential=1 consecutive=3/10
FASTLIO_FRESH_SAMPLE stamp=1784960658.040606 age_ms=232.512 frame_dt_ms=99.419 fresh=1 sequential=1 consecutive=4/10
FASTLIO_FRESH_SAMPLE stamp=1784960658.140011 age_ms=254.749 frame_dt_ms=99.404 fresh=0 sequential=1 consecutive=0/10
FASTLIO_FRESH_SAMPLE stamp=1784960658.239371 age_ms=256.869 frame_dt_ms=99.360 fresh=0 sequential=1 consecutive=0/10
FASTLIO_FRESH_SAMPLE stamp=1784960658.338731 age_ms=259.186 frame_dt_ms=99.360 fresh=0 sequential=1 consecutive=0/10
FASTLIO_FRESH_SAMPLE stamp=1784960658.438091 age_ms=261.555 frame_dt_ms=99.360 fresh=0 sequential=1 consecutive=0/10
FASTLIO_FRESH_SAMPLE stamp=1784960658.537451 age_ms=263.549 frame_dt_ms=99.360 fresh=0 sequential=1 consecutive=0/10
FASTLIO_FRESH_SAMPLE stamp=1784960658.636811 age_ms=285.705 frame_dt_ms=99.360 fresh=0 sequential=1 consecutive=0/10
FASTLIO_FRESH_SAMPLE stamp=1784960658.735246 age_ms=288.864 frame_dt_ms=98.435 fresh=0 sequential=1 consecutive=0/10
FASTLIO_FRESH_SAMPLE stamp=1784960658.834650 age_ms=290.995 frame_dt_ms=99.404 fresh=0 sequential=1 consecutive=0/10
FASTLIO_FRESH_SAMPLE stamp=1784960659.033474 age_ms=197.969 frame_dt_ms=198.824 fresh=1 sequential=0 consecutive=1/10
FASTLIO_FRESH_SAMPLE stamp=1784960659.133101 age_ms=221.859 frame_dt_ms=99.627 fresh=1 sequential=1 consecutive=2/10
FASTLIO_FRESH_SAMPLE stamp=1784960659.232971 age_ms=223.780 frame_dt_ms=99.869 fresh=1 sequential=1 consecutive=3/10
FASTLIO_FRESH_SAMPLE stamp=1784960659.332331 age_ms=226.069 frame_dt_ms=99.360 fresh=1 sequential=1 consecutive=4/10
FASTLIO_FRESH_SAMPLE stamp=1784960659.431691 age_ms=228.489 frame_dt_ms=99.360 fresh=1 sequential=1 consecutive=5/10
FASTLIO_FRESH_SAMPLE stamp=1784960659.531051 age_ms=250.793 frame_dt_ms=99.360 fresh=0 sequential=1 consecutive=0/10
FASTLIO_FRESH_SAMPLE stamp=1784960659.630262 age_ms=252.871 frame_dt_ms=99.212 fresh=0 sequential=1 consecutive=0/10
FASTLIO_FRESH_SAMPLE stamp=1784960659.729682 age_ms=275.234 frame_dt_ms=99.419 fresh=0 sequential=1 consecutive=0/10
FASTLIO_FRESH_SAMPLE stamp=1784960659.829116 age_ms=277.212 frame_dt_ms=99.434 fresh=0 sequential=1 consecutive=0/10
FASTLIO_FRESH_SAMPLE stamp=1784960659.928491 age_ms=279.299 frame_dt_ms=99.375 fresh=0 sequential=1 consecutive=0/10
FASTLIO_FRESH_SAMPLE stamp=1784960660.027851 age_ms=301.695 frame_dt_ms=99.360 fresh=0 sequential=1 consecutive=0/10
FASTLIO_FRESH_SAMPLE stamp=1784960660.127211 age_ms=304.106 frame_dt_ms=99.360 fresh=0 sequential=1 consecutive=0/10
FASTLIO_FRESH_SAMPLE stamp=1784960660.226571 age_ms=306.968 frame_dt_ms=99.360 fresh=0 sequential=1 consecutive=0/10
FASTLIO_FRESH_SAMPLE stamp=1784960660.425291 age_ms=250.921 frame_dt_ms=198.720 fresh=0 sequential=0 consecutive=0/10
FASTLIO_FRESH_SAMPLE stamp=1784960660.524651 age_ms=232.984 frame_dt_ms=99.360 fresh=1 sequential=1 consecutive=1/10
FASTLIO_FRESH_SAMPLE stamp=1784960660.624011 age_ms=235.387 frame_dt_ms=99.360 fresh=1 sequential=1 consecutive=2/10
FASTLIO_FRESH_SAMPLE stamp=1784960660.723371 age_ms=258.372 frame_dt_ms=99.360 fresh=0 sequential=1 consecutive=0/10
FASTLIO_FRESH_SAMPLE stamp=1784960660.822731 age_ms=260.762 frame_dt_ms=99.360 fresh=0 sequential=1 consecutive=0/10
FASTLIO_FRESH_SAMPLE stamp=1784960660.922091 age_ms=263.024 frame_dt_ms=99.360 fresh=0 sequential=1 consecutive=0/10
FASTLIO_FRESH_SAMPLE stamp=1784960661.021451 age_ms=286.210 frame_dt_ms=99.360 fresh=0 sequential=1 consecutive=0/10
FASTLIO_FRESH_SAMPLE stamp=1784960661.120811 age_ms=370.239 frame_dt_ms=99.360 fresh=0 sequential=1 consecutive=0/10
FASTLIO_FRESH_SAMPLE stamp=1784960661.319531 age_ms=293.757 frame_dt_ms=198.720 fresh=0 sequential=0 consecutive=0/10
FASTLIO_FRESH_SAMPLE stamp=1784960661.418891 age_ms=317.573 frame_dt_ms=99.360 fresh=0 sequential=1 consecutive=0/10
FASTLIO_FRESH_SAMPLE stamp=1784960661.617611 age_ms=240.851 frame_dt_ms=198.720 fresh=1 sequential=0 consecutive=1/10
FASTLIO_FRESH_SAMPLE stamp=1784960661.716971 age_ms=222.809 frame_dt_ms=99.360 fresh=1 sequential=1 consecutive=2/10
FASTLIO_FRESH_SAMPLE stamp=1784960661.816331 age_ms=245.156 frame_dt_ms=99.360 fresh=1 sequential=1 consecutive=3/10
FASTLIO_FRESH_SAMPLE stamp=1784960661.915691 age_ms=226.952 frame_dt_ms=99.360 fresh=1 sequential=1 consecutive=4/10
FASTLIO_FRESH_SAMPLE stamp=1784960662.015051 age_ms=249.312 frame_dt_ms=99.360 fresh=1 sequential=1 consecutive=5/10
FASTLIO_FRESH_SAMPLE stamp=1784960662.114411 age_ms=251.387 frame_dt_ms=99.360 fresh=0 sequential=1 consecutive=0/10
FASTLIO_FRESH_SAMPLE stamp=1784960662.213771 age_ms=253.446 frame_dt_ms=99.360 fresh=0 sequential=1 consecutive=0/10
FASTLIO_FRESH_SAMPLE stamp=1784960662.313131 age_ms=255.564 frame_dt_ms=99.360 fresh=0 sequential=1 consecutive=0/10
FASTLIO_FRESH_SAMPLE stamp=1784960662.412491 age_ms=257.767 frame_dt_ms=99.360 fresh=0 sequential=1 consecutive=0/10
FASTLIO_FRESH_SAMPLE stamp=1784960662.511851 age_ms=259.823 frame_dt_ms=99.360 fresh=0 sequential=1 consecutive=0/10
FASTLIO_FRESH_SAMPLE stamp=1784960662.611211 age_ms=261.733 frame_dt_ms=99.360 fresh=0 sequential=1 consecutive=0/10
FASTLIO_FRESH_SAMPLE stamp=1784960662.710571 age_ms=264.044 frame_dt_ms=99.360 fresh=0 sequential=1 consecutive=0/10
FASTLIO_FRESH_SAMPLE stamp=1784960662.809931 age_ms=266.186 frame_dt_ms=99.360 fresh=0 sequential=1 consecutive=0/10
FASTLIO_FRESH_SAMPLE stamp=1784960662.909291 age_ms=268.418 frame_dt_ms=99.360 fresh=0 sequential=1 consecutive=0/10
FASTLIO_FRESH_SAMPLE stamp=1784960663.008651 age_ms=270.579 frame_dt_ms=99.360 fresh=0 sequential=1 consecutive=0/10
FASTLIO_FRESH_SAMPLE stamp=1784960663.107996 age_ms=272.786 frame_dt_ms=99.345 fresh=0 sequential=1 consecutive=0/10
FASTLIO_FRESH_SAMPLE stamp=1784960663.207356 age_ms=275.183 frame_dt_ms=99.360 fresh=0 sequential=1 consecutive=0/10
FASTLIO_FRESH_SAMPLE stamp=1784960663.306731 age_ms=277.526 frame_dt_ms=99.375 fresh=0 sequential=1 consecutive=0/10
FASTLIO_FRESH_SAMPLE stamp=1784960663.406091 age_ms=279.683 frame_dt_ms=99.360 fresh=0 sequential=1 consecutive=0/10
FASTLIO_FRESH_SAMPLE stamp=1784960663.505451 age_ms=282.867 frame_dt_ms=99.360 fresh=0 sequential=1 consecutive=0/10
FASTLIO_FRESH_SAMPLE stamp=1784960663.604811 age_ms=287.313 frame_dt_ms=99.360 fresh=0 sequential=1 consecutive=0/10
FASTLIO_FRESH_SAMPLE stamp=1784960663.704171 age_ms=289.836 frame_dt_ms=99.360 fresh=0 sequential=1 consecutive=0/10
FASTLIO_FRESH_SAMPLE stamp=1784960663.803531 age_ms=292.213 frame_dt_ms=99.360 fresh=0 sequential=1 consecutive=0/10
FASTLIO_FRESH_SAMPLE stamp=1784960663.902891 age_ms=294.306 frame_dt_ms=99.360 fresh=0 sequential=1 consecutive=0/10
FASTLIO_FRESH_SAMPLE stamp=1784960664.002236 age_ms=296.410 frame_dt_ms=99.345 fresh=0 sequential=1 consecutive=0/10
FASTLIO_FRESH_SAMPLE stamp=1784960664.200659 age_ms=199.241 frame_dt_ms=198.423 fresh=1 sequential=0 consecutive=1/10
FASTLIO_FRESH_SAMPLE stamp=1784960664.300123 age_ms=201.046 frame_dt_ms=99.464 fresh=1 sequential=1 consecutive=2/10
FASTLIO_FRESH_SAMPLE stamp=1784960664.399424 age_ms=203.178 frame_dt_ms=99.301 fresh=1 sequential=1 consecutive=3/10
FASTLIO_FRESH_SAMPLE stamp=1784960664.498858 age_ms=205.303 frame_dt_ms=99.434 fresh=1 sequential=1 consecutive=4/10
FASTLIO_FRESH_SAMPLE stamp=1784960664.598292 age_ms=207.387 frame_dt_ms=99.434 fresh=1 sequential=1 consecutive=5/10
FASTLIO_FRESH_SAMPLE stamp=1784960664.697667 age_ms=209.548 frame_dt_ms=99.375 fresh=1 sequential=1 consecutive=6/10
FASTLIO_FRESH_SAMPLE stamp=1784960664.797131 age_ms=211.612 frame_dt_ms=99.464 fresh=1 sequential=1 consecutive=7/10
FASTLIO_FRESH_SAMPLE stamp=1784960664.896327 age_ms=213.960 frame_dt_ms=99.197 fresh=1 sequential=1 consecutive=8/10
FASTLIO_FRESH_SAMPLE stamp=1784960664.995806 age_ms=215.978 frame_dt_ms=99.479 fresh=1 sequential=1 consecutive=9/10
FASTLIO_FRESH_SAMPLE stamp=1784960665.095166 age_ms=218.182 frame_dt_ms=99.360 fresh=1 sequential=1 consecutive=10/10
FASTLIO_FRESH_READY frames=10 max_age_ms=250.000 frame_dt_ms_range=50.000..150.000
FASTLIO_FRESH_SAMPLE stamp=1784960666.088766 age_ms=326.517 frame_dt_ms=first fresh=0 sequential=1 consecutive=0/1
FASTLIO_FRESH_SAMPLE stamp=1784960666.188171 age_ms=247.491 frame_dt_ms=99.404 fresh=1 sequential=1 consecutive=1/1
FASTLIO_FRESH_READY frames=1 max_age_ms=250.000 frame_dt_ms_range=50.000..150.000
PATROL_START_GATE sample=1 cpu_pct=35.9 cpu_limit=85.0 fastlio_fresh=1 stable=1/3
FASTLIO_FRESH_SAMPLE stamp=1784960667.181771 age_ms=363.453 frame_dt_ms=first fresh=0 sequential=1 consecutive=0/1
FASTLIO_FRESH_SAMPLE stamp=1784960667.281131 age_ms=284.508 frame_dt_ms=99.360 fresh=0 sequential=1 consecutive=0/1
FASTLIO_FRESH_SAMPLE stamp=1784960667.380491 age_ms=286.628 frame_dt_ms=99.360 fresh=0 sequential=1 consecutive=0/1
FASTLIO_FRESH_SAMPLE stamp=1784960667.479851 age_ms=288.871 frame_dt_ms=99.360 fresh=0 sequential=1 consecutive=0/1
FASTLIO_FRESH_SAMPLE stamp=1784960667.579166 age_ms=290.875 frame_dt_ms=99.316 fresh=0 sequential=1 consecutive=0/1
FASTLIO_FRESH_SAMPLE stamp=1784960667.678215 age_ms=293.258 frame_dt_ms=99.048 fresh=0 sequential=1 consecutive=0/1
FASTLIO_FRESH_SAMPLE stamp=1784960667.876890 age_ms=196.106 frame_dt_ms=198.675 fresh=1 sequential=0 consecutive=1/1
FASTLIO_FRESH_READY frames=1 max_age_ms=250.000 frame_dt_ms_range=50.000..150.000
PATROL_START_GATE sample=2 cpu_pct=41.2 cpu_limit=85.0 fastlio_fresh=1 stable=2/3
FASTLIO_FRESH_SAMPLE stamp=1784960668.870891 age_ms=305.704 frame_dt_ms=first fresh=0 sequential=1 consecutive=0/1
FASTLIO_FRESH_SAMPLE stamp=1784960668.970251 age_ms=246.938 frame_dt_ms=99.360 fresh=1 sequential=1 consecutive=1/1
FASTLIO_FRESH_READY frames=1 max_age_ms=250.000 frame_dt_ms_range=50.000..150.000
PATROL_START_GATE sample=3 cpu_pct=35.5 cpu_limit=85.0 fastlio_fresh=1 stable=3/3
PATROL_START_GATE_READY cpu_pct=35.5 fastlio_fresh=1
