1784960637.506599 [0] route_reco: config: //CycloneDDS/Domain/General: 'NetworkInterfaceAddress': deprecated element (file:///tmp/go2_cyclonedds_eth0.xml line 4)
[INFO] [1784960638.219112477] [route_recorder]: route_recorder started
[INFO] [1784960638.219978818] [route_recorder]: odom_topic: /Odometry
[INFO] [1784960638.220640031] [route_recorder]: route_file: /home/unitree/go2_fastlio_ws/src/go2_fastlio_patrol/routes/xbf8.csv
[INFO] [1784960638.221292571] [route_recorder]: min_distance: 0.4
[INFO] [1784960638.221951351] [route_recorder]: ROUTE_RECORDER_GATE_ACTIVE file=/home/unitree/go2_fastlio_ws/patrol_logs/recordings/20260725/record-20260725-142327-xbf8-blackbox-165735/.route_recording_enabled
[INFO] [1784960669.296050989] [route_recorder]: ROUTE_RECORDER_GATE_RELEASED file=/home/unitree/go2_fastlio_ws/patrol_logs/recordings/20260725/record-20260725-142327-xbf8-blackbox-165735/.route_recording_enabled
[INFO] [1784960669.296960628] [route_recorder]: saved point 0: x=6.381, y=-6.546, yaw=0.214
[INFO] [1784960698.199751479] [route_recorder]: saved point 1: x=6.815, y=-6.447, yaw=0.194
[INFO] [1784960699.131293326] [route_recorder]: saved point 2: x=7.236, y=-6.324, yaw=0.238
[INFO] [1784960699.938485899] [route_recorder]: saved point 3: x=7.639, y=-6.222, yaw=0.236
[INFO] [1784960700.855463857] [route_recorder]: saved point 4: x=8.053, y=-6.072, yaw=0.228
[INFO] [1784960701.575230501] [route_recorder]: saved point 5: x=8.449, y=-5.955, yaw=0.242
[INFO] [1784960702.392428816] [route_recorder]: saved point 6: x=8.830, y=-5.824, yaw=0.250
[INFO] [1784960703.305897696] [route_recorder]: saved point 7: x=9.255, y=-5.690, yaw=0.271
[INFO] [1784960704.121119190] [route_recorder]: saved point 8: x=9.641, y=-5.548, yaw=0.252
[INFO] [1784960704.939717566] [route_recorder]: saved point 9: x=10.054, y=-5.405, yaw=0.205
[INFO] [1784960705.860314752] [route_recorder]: saved point 10: x=10.467, y=-5.337, yaw=0.130
[INFO] [1784960706.782751794] [route_recorder]: saved point 11: x=10.876, y=-5.291, yaw=0.104
[INFO] [1784960707.591830753] [route_recorder]: saved point 12: x=11.310, y=-5.227, yaw=0.107
[INFO] [1784960708.317175718] [route_recorder]: saved point 13: x=11.780, y=-5.163, yaw=0.106
[INFO] [1784960709.024338206] [route_recorder]: saved point 14: x=12.217, y=-5.098, yaw=0.130
[INFO] [1784960709.747593513] [route_recorder]: saved point 15: x=12.661, y=-5.027, yaw=0.140
[INFO] [1784960710.350140566] [route_recorder]: saved point 16: x=13.056, y=-4.957, yaw=0.130
[INFO] [1784960711.066024645] [route_recorder]: saved point 17: x=13.512, y=-4.877, yaw=0.130
[INFO] [1784960711.778157875] [route_recorder]: saved point 18: x=13.940, y=-4.790, yaw=0.121
[INFO] [1784960712.391591380] [route_recorder]: saved point 19: x=14.386, y=-4.728, yaw=0.126
[INFO] [1784960713.005905754] [route_recorder]: saved point 20: x=14.791, y=-4.658, yaw=0.134
[INFO] [1784960713.721009896] [route_recorder]: saved point 21: x=15.222, y=-4.566, yaw=0.145
[INFO] [1784960714.437425775] [route_recorder]: saved point 22: x=15.646, y=-4.499, yaw=0.173
[INFO] [1784960715.047141424] [route_recorder]: saved point 23: x=16.059, y=-4.407, yaw=0.181
[INFO] [1784960715.661836808] [route_recorder]: saved point 24: x=16.478, y=-4.349, yaw=0.183
[INFO] [1784960716.376144212] [route_recorder]: saved point 25: x=16.929, y=-4.235, yaw=0.169
[INFO] [1784960717.105299198] [route_recorder]: saved point 26: x=17.370, y=-4.131, yaw=0.162
[INFO] [1784960717.808755672] [route_recorder]: saved point 27: x=17.829, y=-4.035, yaw=0.177
[INFO] [1784960718.519390535] [route_recorder]: saved point 28: x=18.266, y=-3.960, yaw=0.175
[INFO] [1784960719.236567855] [route_recorder]: saved point 29: x=18.687, y=-3.847, yaw=0.207
[INFO] [1784960719.848580340] [route_recorder]: saved point 30: x=19.125, y=-3.746, yaw=0.203
[INFO] [1784960720.457746079] [route_recorder]: saved point 31: x=19.511, y=-3.637, yaw=0.220
[INFO] [1784960721.179351813] [route_recorder]: saved point 32: x=19.946, y=-3.524, yaw=0.215
[INFO] [1784960721.890035415] [route_recorder]: saved point 33: x=20.386, y=-3.418, yaw=0.218
[INFO] [1784960722.513970972] [route_recorder]: saved point 34: x=20.784, y=-3.311, yaw=0.227
[INFO] [1784960723.024646722] [route_recorder]: saved point 35: x=21.222, y=-3.167, yaw=0.243
[INFO] [1784960723.632114436] [route_recorder]: saved point 36: x=21.618, y=-3.081, yaw=0.240
[INFO] [1784960724.243072252] [route_recorder]: saved point 37: x=22.029, y=-2.968, yaw=0.251
[INFO] [1784960724.954679190] [route_recorder]: saved point 38: x=22.466, y=-2.840, yaw=0.268
[INFO] [1784960725.568971774] [route_recorder]: saved point 39: x=22.872, y=-2.693, yaw=0.275
[INFO] [1784960726.180366953] [route_recorder]: saved point 40: x=23.287, y=-2.579, yaw=0.276
[INFO] [1784960726.691159829] [route_recorder]: saved point 41: x=23.677, y=-2.432, yaw=0.264
[INFO] [1784960727.314191796] [route_recorder]: saved point 42: x=24.065, y=-2.298, yaw=0.273
[INFO] [1784960727.915150527] [route_recorder]: saved point 43: x=24.451, y=-2.164, yaw=0.271
[INFO] [1784960728.640529769] [route_recorder]: saved point 44: x=24.858, y=-2.046, yaw=0.162
[INFO] [1784960729.251810832] [route_recorder]: saved point 45: x=25.253, y=-1.960, yaw=0.166
[INFO] [1784960729.857139863] [route_recorder]: saved point 46: x=25.646, y=-1.867, yaw=0.170
[INFO] [1784960730.475672918] [route_recorder]: saved point 47: x=26.113, y=-1.791, yaw=0.178
[INFO] [1784960731.080272702] [route_recorder]: saved point 48: x=26.502, y=-1.685, yaw=0.181
[INFO] [1784960731.690869288] [route_recorder]: saved point 49: x=26.903, y=-1.587, yaw=0.172
[INFO] [1784960732.302622211] [route_recorder]: saved point 50: x=27.324, y=-1.475, yaw=0.180
[INFO] [1784960733.018593498] [route_recorder]: saved point 51: x=27.778, y=-1.396, yaw=0.205
[INFO] [1784960733.730939957] [route_recorder]: saved point 52: x=28.226, y=-1.275, yaw=0.196
[INFO] [1784960734.241563707] [route_recorder]: saved point 53: x=28.666, y=-1.156, yaw=0.201
[INFO] [1784960734.859172786] [route_recorder]: saved point 54: x=29.060, y=-1.040, yaw=0.197
[INFO] [1784960735.469378316] [route_recorder]: saved point 55: x=29.448, y=-0.939, yaw=0.211
[INFO] [1784960736.090516347] [route_recorder]: saved point 56: x=29.856, y=-0.831, yaw=0.204
[INFO] [1784960736.708214582] [route_recorder]: saved point 57: x=30.266, y=-0.709, yaw=0.206
[INFO] [1784960737.310626689] [route_recorder]: saved point 58: x=30.676, y=-0.610, yaw=0.216
[INFO] [1784960737.822298484] [route_recorder]: saved point 59: x=31.098, y=-0.462, yaw=0.215
[INFO] [1784960738.432581042] [route_recorder]: saved point 60: x=31.495, y=-0.365, yaw=0.233
[INFO] [1784960739.045439390] [route_recorder]: saved point 61: x=31.908, y=-0.243, yaw=0.231
[INFO] [1784960739.661162885] [route_recorder]: saved point 62: x=32.316, y=-0.124, yaw=0.230
[INFO] [1784960740.272185218] [route_recorder]: saved point 63: x=32.709, y=-0.016, yaw=0.211
[INFO] [1784960740.990689927] [route_recorder]: saved point 64: x=33.154, y=0.043, yaw=0.137
[INFO] [1784960741.600402636] [route_recorder]: saved point 65: x=33.614, y=0.108, yaw=0.093
[INFO] [1784960742.211923743] [route_recorder]: saved point 66: x=34.032, y=0.158, yaw=0.099
[INFO] [1784960742.828866747] [route_recorder]: saved point 67: x=34.489, y=0.191, yaw=0.098
[INFO] [1784960743.335347696] [route_recorder]: saved point 68: x=34.897, y=0.238, yaw=0.105
[INFO] [1784960743.850485336] [route_recorder]: saved point 69: x=35.325, y=0.306, yaw=0.105
[INFO] [1784960744.363459236] [route_recorder]: saved point 70: x=35.758, y=0.359, yaw=0.109
[INFO] [1784960744.970563738] [route_recorder]: saved point 71: x=36.215, y=0.416, yaw=0.111
[INFO] [1784960745.379256392] [route_recorder]: saved point 72: x=36.625, y=0.460, yaw=0.111
[INFO] [1784960745.887133753] [route_recorder]: saved point 73: x=37.037, y=0.551, yaw=0.125
[INFO] [1784960746.396752052] [route_recorder]: saved point 74: x=37.450, y=0.603, yaw=0.127
[INFO] [1784960746.907265559] [route_recorder]: saved point 75: x=37.860, y=0.676, yaw=0.138
[INFO] [1784960747.533109874] [route_recorder]: saved point 76: x=38.317, y=0.743, yaw=0.140
[INFO] [1784960748.136292287] [route_recorder]: saved point 77: x=38.767, y=0.817, yaw=0.140
[INFO] [1784960748.644200594] [route_recorder]: saved point 78: x=39.170, y=0.886, yaw=0.147
[INFO] [1784960749.161327473] [route_recorder]: saved point 79: x=39.632, y=0.964, yaw=0.159
[INFO] [1784960749.768123802] [route_recorder]: saved point 80: x=40.068, y=1.061, yaw=0.166
[INFO] [1784960750.278867591] [route_recorder]: saved point 81: x=40.473, y=1.129, yaw=0.175
[INFO] [1784960750.891318307] [route_recorder]: saved point 82: x=40.939, y=1.226, yaw=0.163
[INFO] [1784960751.509625979] [route_recorder]: saved point 83: x=41.398, y=1.295, yaw=0.174
[INFO] [1784960752.118684389] [route_recorder]: saved point 84: x=41.837, y=1.383, yaw=0.165
[INFO] [1784960752.627483039] [route_recorder]: saved point 85: x=42.287, y=1.469, yaw=0.158
[INFO] [1784960753.137751831] [route_recorder]: saved point 86: x=42.685, y=1.541, yaw=0.158
[INFO] [1784960753.759468770] [route_recorder]: saved point 87: x=43.132, y=1.654, yaw=0.175
[INFO] [1784960754.371259234] [route_recorder]: saved point 88: x=43.547, y=1.754, yaw=0.184
[INFO] [1784960754.980827811] [route_recorder]: saved point 89: x=43.949, y=1.854, yaw=0.189
[INFO] [1784960755.589909616] [route_recorder]: saved point 90: x=44.397, y=1.950, yaw=0.195
[INFO] [1784960756.207701650] [route_recorder]: saved point 91: x=44.930, y=2.088, yaw=0.221
[INFO] [1784960756.817426202] [route_recorder]: saved point 92: x=45.397, y=2.224, yaw=0.216
[INFO] [1784960757.328490421] [route_recorder]: saved point 93: x=45.806, y=2.323, yaw=0.233
[INFO] [1784960757.837387507] [route_recorder]: saved point 94: x=46.207, y=2.456, yaw=0.241
[INFO] [1784960758.350750801] [route_recorder]: saved point 95: x=46.606, y=2.564, yaw=0.243
[INFO] [1784960758.866061027] [route_recorder]: saved point 96: x=46.996, y=2.692, yaw=0.259
[INFO] [1784960759.371879581] [route_recorder]: saved point 97: x=47.380, y=2.805, yaw=0.254
[INFO] [1784960759.877195074] [route_recorder]: saved point 98: x=47.874, y=2.955, yaw=0.253
[INFO] [1784960760.387506845] [route_recorder]: saved point 99: x=48.270, y=3.071, yaw=0.261
[INFO] [1784960760.896182322] [route_recorder]: saved point 100: x=48.676, y=3.180, yaw=0.254
[INFO] [1784960761.407246510] [route_recorder]: saved point 101: x=49.066, y=3.295, yaw=0.258
[INFO] [1784960762.025159318] [route_recorder]: saved point 102: x=49.515, y=3.428, yaw=0.235
[INFO] [1784960762.529439983] [route_recorder]: saved point 103: x=49.922, y=3.577, yaw=0.242
[INFO] [1784960763.052407818] [route_recorder]: saved point 104: x=50.334, y=3.700, yaw=0.250
[INFO] [1784960763.552455533] [route_recorder]: saved point 105: x=50.772, y=3.855, yaw=0.265
[INFO] [1784960764.060557930] [route_recorder]: saved point 106: x=51.172, y=3.999, yaw=0.261
[INFO] [1784960764.580223895] [route_recorder]: saved point 107: x=51.568, y=4.112, yaw=0.260
[INFO] [1784960765.186055449] [route_recorder]: saved point 108: x=52.013, y=4.251, yaw=0.220
[INFO] [1784960765.798754018] [route_recorder]: saved point 109: x=52.478, y=4.379, yaw=0.223
[INFO] [1784960766.409998157] [route_recorder]: saved point 110: x=52.936, y=4.500, yaw=0.240
[INFO] [1784960767.026740420] [route_recorder]: saved point 111: x=53.351, y=4.635, yaw=0.257
[INFO] [1784960767.439605383] [route_recorder]: saved point 112: x=53.734, y=4.750, yaw=0.264
[INFO] [1784960768.049861991] [route_recorder]: saved point 113: x=54.169, y=4.889, yaw=0.275
[INFO] [1784960768.655806414] [route_recorder]: saved point 114: x=54.589, y=5.033, yaw=0.274
[INFO] [1784960769.268161193] [route_recorder]: saved point 115: x=55.034, y=5.167, yaw=0.262
[INFO] [1784960769.881298662] [route_recorder]: saved point 116: x=55.453, y=5.326, yaw=0.266
[INFO] [1784960770.504960838] [route_recorder]: saved point 117: x=55.870, y=5.449, yaw=0.231
[INFO] [1784960771.007280203] [route_recorder]: saved point 118: x=56.285, y=5.541, yaw=0.174
[INFO] [1784960771.618265420] [route_recorder]: saved point 119: x=56.718, y=5.637, yaw=0.184
[INFO] [1784960772.232383634] [route_recorder]: saved point 120: x=57.170, y=5.737, yaw=0.198
[INFO] [1784960772.844285978] [route_recorder]: saved point 121: x=57.620, y=5.858, yaw=0.196
[INFO] [1784960773.350964443] [route_recorder]: saved point 122: x=58.013, y=5.952, yaw=0.197
[INFO] [1784960773.967738420] [route_recorder]: saved point 123: x=58.444, y=6.065, yaw=0.210
[INFO] [1784960774.575509067] [route_recorder]: saved point 124: x=58.872, y=6.165, yaw=0.212
[INFO] [1784960775.099250760] [route_recorder]: saved point 125: x=59.310, y=6.249, yaw=0.182
[INFO] [1784960775.697439812] [route_recorder]: saved point 126: x=59.752, y=6.327, yaw=0.162
[INFO] [1784960776.312616857] [route_recorder]: saved point 127: x=60.212, y=6.425, yaw=0.163
[INFO] [1784960776.926338735] [route_recorder]: saved point 128: x=60.662, y=6.509, yaw=0.161
[INFO] [1784960777.537726177] [route_recorder]: saved point 129: x=61.114, y=6.604, yaw=0.168
[INFO] [1784960778.153980293] [route_recorder]: saved point 130: x=61.582, y=6.721, yaw=0.168
[INFO] [1784960778.667108635] [route_recorder]: saved point 131: x=62.054, y=6.795, yaw=0.184
[INFO] [1784960779.268789261] [route_recorder]: saved point 132: x=62.493, y=6.889, yaw=0.194
[INFO] [1784960779.892346666] [route_recorder]: saved point 133: x=62.931, y=7.026, yaw=0.186
[INFO] [1784960780.495548509] [route_recorder]: saved point 134: x=63.390, y=7.112, yaw=0.205
[INFO] [1784960781.116382758] [route_recorder]: saved point 135: x=63.854, y=7.232, yaw=0.184
[INFO] [1784960785.905106418] [route_recorder]: saved point 136: x=64.095, y=6.888, yaw=-1.148
[INFO] [1784960786.832610927] [route_recorder]: saved point 137: x=64.160, y=6.446, yaw=-1.172
[INFO] [1784960787.639397771] [route_recorder]: saved point 138: x=64.249, y=6.037, yaw=-1.182
[INFO] [1784960788.455118472] [route_recorder]: saved point 139: x=64.318, y=5.607, yaw=-1.180
[INFO] [1784960789.067274428] [route_recorder]: saved point 140: x=64.402, y=5.185, yaw=-1.178
[INFO] [1784960789.694086567] [route_recorder]: saved point 141: x=64.472, y=4.718, yaw=-1.171
[INFO] [1784960790.091937255] [route_recorder]: saved point 142: x=64.548, y=4.318, yaw=-1.161
[INFO] [1784960790.598907222] [route_recorder]: saved point 143: x=64.637, y=3.912, yaw=-1.167
[INFO] [1784960791.108668477] [route_recorder]: saved point 144: x=64.695, y=3.493, yaw=-1.161
[INFO] [1784960791.625860452] [route_recorder]: saved point 145: x=64.814, y=3.078, yaw=-1.132
[INFO] [1784960792.238641684] [route_recorder]: saved point 146: x=64.934, y=2.651, yaw=-1.062
[INFO] [1784960792.746289121] [route_recorder]: saved point 147: x=65.034, y=2.261, yaw=-1.043
[INFO] [1784960793.256850826] [route_recorder]: saved point 148: x=65.176, y=1.841, yaw=-1.042
[INFO] [1784960793.673814048] [route_recorder]: saved point 149: x=65.315, y=1.460, yaw=-1.033
[INFO] [1784960794.181326023] [route_recorder]: saved point 150: x=65.436, y=1.071, yaw=-1.021
[INFO] [1784960794.692444040] [route_recorder]: saved point 151: x=65.550, y=0.684, yaw=-1.036
[INFO] [1784960795.197163703] [route_recorder]: saved point 152: x=65.697, y=0.295, yaw=-1.027
[INFO] [1784960795.710972653] [route_recorder]: saved point 153: x=65.834, y=-0.093, yaw=-1.024
[INFO] [1784960796.224596987] [route_recorder]: saved point 154: x=65.969, y=-0.496, yaw=-1.016
[INFO] [1784960796.729990311] [route_recorder]: saved point 155: x=66.095, y=-0.877, yaw=-1.011
[INFO] [1784960797.139486940] [route_recorder]: saved point 156: x=66.230, y=-1.260, yaw=-1.011
[INFO] [1784960797.648144724] [route_recorder]: saved point 157: x=66.376, y=-1.643, yaw=-1.027
[INFO] [1784960798.169688438] [route_recorder]: saved point 158: x=66.497, y=-2.059, yaw=-1.007
[INFO] [1784960798.668444326] [route_recorder]: saved point 159: x=66.655, y=-2.467, yaw=-1.007
[INFO] [1784960799.189435728] [route_recorder]: saved point 160: x=66.812, y=-2.900, yaw=-1.007
[INFO] [1784960799.697248452] [route_recorder]: saved point 161: x=66.951, y=-3.317, yaw=-1.001
[INFO] [1784960800.198979892] [route_recorder]: saved point 162: x=67.126, y=-3.773, yaw=-1.005
[INFO] [1784960800.718547937] [route_recorder]: saved point 163: x=67.299, y=-4.208, yaw=-1.010
[INFO] [1784960801.122894489] [route_recorder]: saved point 164: x=67.440, y=-4.657, yaw=-0.984
[INFO] [1784960801.629433111] [route_recorder]: saved point 165: x=67.599, y=-5.084, yaw=-0.995
[INFO] [1784960802.139982689] [route_recorder]: saved point 166: x=67.759, y=-5.549, yaw=-0.992
[INFO] [1784960802.660349009] [route_recorder]: saved point 167: x=67.920, y=-5.985, yaw=-0.984
[INFO] [1784960803.157535198] [route_recorder]: saved point 168: x=68.091, y=-6.431, yaw=-0.985
[INFO] [1784960803.666975288] [route_recorder]: saved point 169: x=68.248, y=-6.884, yaw=-0.973
[INFO] [1784960804.177735052] [route_recorder]: saved point 170: x=68.419, y=-7.321, yaw=-0.976
[INFO] [1784960804.688053036] [route_recorder]: saved point 171: x=68.616, y=-7.828, yaw=-0.959
[INFO] [1784960805.197674319] [route_recorder]: saved point 172: x=68.787, y=-8.267, yaw=-0.972
[INFO] [1784960805.707946894] [route_recorder]: saved point 173: x=68.970, y=-8.696, yaw=-0.961
[INFO] [1784960806.230044008] [route_recorder]: saved point 174: x=69.143, y=-9.136, yaw=-0.954
[INFO] [1784960806.735842663] [route_recorder]: saved point 175: x=69.312, y=-9.583, yaw=-0.958
[INFO] [1784960807.240919975] [route_recorder]: saved point 176: x=69.446, y=-10.009, yaw=-1.038
[INFO] [1784960807.751707964] [route_recorder]: saved point 177: x=69.525, y=-10.426, yaw=-1.113
[INFO] [1784960808.262470512] [route_recorder]: saved point 178: x=69.632, y=-10.874, yaw=-1.105
[INFO] [1784960808.677261641] [route_recorder]: saved point 179: x=69.738, y=-11.333, yaw=-1.100
[INFO] [1784960809.180475641] [route_recorder]: saved point 180: x=69.843, y=-11.778, yaw=-1.098
[INFO] [1784960809.702072703] [route_recorder]: saved point 181: x=69.948, y=-12.270, yaw=-1.091
[INFO] [1784960810.202946698] [route_recorder]: saved point 182: x=70.063, y=-12.713, yaw=-1.078
[INFO] [1784960810.717448159] [route_recorder]: saved point 183: x=70.181, y=-13.182, yaw=-1.072
[INFO] [1784960811.228929362] [route_recorder]: saved point 184: x=70.287, y=-13.655, yaw=-1.082
[INFO] [1784960811.734931770] [route_recorder]: saved point 185: x=70.404, y=-14.080, yaw=-1.080
[INFO] [1784960812.242034769] [route_recorder]: saved point 186: x=70.537, y=-14.619, yaw=-1.075
[INFO] [1784960812.762150104] [route_recorder]: saved point 187: x=70.636, y=-15.058, yaw=-1.068
[INFO] [1784960813.264811600] [route_recorder]: saved point 188: x=70.740, y=-15.515, yaw=-1.097
[INFO] [1784960813.785021243] [route_recorder]: saved point 189: x=70.864, y=-15.963, yaw=-1.093
[INFO] [1784960814.284147771] [route_recorder]: saved point 190: x=70.949, y=-16.413, yaw=-1.093
[INFO] [1784960814.798547756] [route_recorder]: saved point 191: x=71.056, y=-16.867, yaw=-1.079
[INFO] [1784960815.316903463] [route_recorder]: saved point 192: x=71.167, y=-17.308, yaw=-1.085
[INFO] [1784960815.814176473] [route_recorder]: saved point 193: x=71.268, y=-17.771, yaw=-1.073
[INFO] [1784960816.230742783] [route_recorder]: saved point 194: x=71.376, y=-18.227, yaw=-1.070
[INFO] [1784960816.735880578] [route_recorder]: saved point 195: x=71.503, y=-18.697, yaw=-1.075
[INFO] [1784960817.260692339] [route_recorder]: saved point 196: x=71.619, y=-19.150, yaw=-1.063
[INFO] [1784960817.759788499] [route_recorder]: saved point 197: x=71.733, y=-19.594, yaw=-1.063
[INFO] [1784960818.267193912] [route_recorder]: saved point 198: x=71.856, y=-20.066, yaw=-1.063
[INFO] [1784960818.777975566] [route_recorder]: saved point 199: x=71.951, y=-20.486, yaw=-1.111
[INFO] [1784960819.290722328] [route_recorder]: saved point 200: x=72.008, y=-20.927, yaw=-1.148
[INFO] [1784960819.701724336] [route_recorder]: saved point 201: x=72.089, y=-21.388, yaw=-1.165
[INFO] [1784960820.207145088] [route_recorder]: saved point 202: x=72.154, y=-21.844, yaw=-1.168
[INFO] [1784960820.725450425] [route_recorder]: saved point 203: x=72.220, y=-22.302, yaw=-1.160
[INFO] [1784960821.232743289] [route_recorder]: saved point 204: x=72.291, y=-22.717, yaw=-1.170
[INFO] [1784960821.743358984] [route_recorder]: saved point 205: x=72.340, y=-23.114, yaw=-1.154
[INFO] [1784960822.255843528] [route_recorder]: saved point 206: x=72.443, y=-23.561, yaw=-1.152
[INFO] [1784960822.761972822] [route_recorder]: saved point 207: x=72.527, y=-24.006, yaw=-1.154
[INFO] [1784960823.278972664] [route_recorder]: saved point 208: x=72.604, y=-24.440, yaw=-1.150
[INFO] [1784960823.688002523] [route_recorder]: saved point 209: x=72.680, y=-24.872, yaw=-1.149
[INFO] [1784960824.190714935] [route_recorder]: saved point 210: x=72.784, y=-25.344, yaw=-1.141
[INFO] [1784960824.702134409] [route_recorder]: saved point 211: x=72.862, y=-25.790, yaw=-1.136
[INFO] [1784960825.211665642] [route_recorder]: saved point 212: x=72.929, y=-26.229, yaw=-1.165
[INFO] [1784960825.820310701] [route_recorder]: saved point 213: x=72.987, y=-26.690, yaw=-1.210
[INFO] [1784960826.330340963] [route_recorder]: saved point 214: x=73.050, y=-27.141, yaw=-1.199
[INFO] [1784960826.839705405] [route_recorder]: saved point 215: x=73.118, y=-27.587, yaw=-1.199
[INFO] [1784960827.256444972] [route_recorder]: saved point 216: x=73.167, y=-28.039, yaw=-1.192
[INFO] [1784960827.771898060] [route_recorder]: saved point 217: x=73.245, y=-28.475, yaw=-1.183
[INFO] [1784960828.269227841] [route_recorder]: saved point 218: x=73.319, y=-28.928, yaw=-1.186
[INFO] [1784960828.778049732] [route_recorder]: saved point 219: x=73.382, y=-29.361, yaw=-1.184
[INFO] [1784960829.297135423] [route_recorder]: saved point 220: x=73.455, y=-29.839, yaw=-1.163
[INFO] [1784960829.797959723] [route_recorder]: saved point 221: x=73.530, y=-30.320, yaw=-1.177
[INFO] [1784960830.317554109] [route_recorder]: saved point 222: x=73.588, y=-30.787, yaw=-1.173
[INFO] [1784960830.817006317] [route_recorder]: saved point 223: x=73.665, y=-31.231, yaw=-1.177
[INFO] [1784960831.227903873] [route_recorder]: saved point 224: x=73.743, y=-31.688, yaw=-1.171
[INFO] [1784960831.736452249] [route_recorder]: saved point 225: x=73.827, y=-32.137, yaw=-1.157
[INFO] [1784960832.246058717] [route_recorder]: saved point 226: x=73.885, y=-32.572, yaw=-1.146
[INFO] [1784960832.764549056] [route_recorder]: saved point 227: x=73.963, y=-33.016, yaw=-1.145
[INFO] [1784960833.267583339] [route_recorder]: saved point 228: x=74.039, y=-33.475, yaw=-1.130
[INFO] [1784960833.775981852] [route_recorder]: saved point 229: x=74.115, y=-33.914, yaw=-1.127
[INFO] [1784960834.286136888] [route_recorder]: saved point 230: x=74.206, y=-34.361, yaw=-1.124
[INFO] [1784960834.814575303] [route_recorder]: saved point 231: x=74.308, y=-34.884, yaw=-1.139
[INFO] [1784960835.314871676] [route_recorder]: saved point 232: x=74.388, y=-35.342, yaw=-1.125
[INFO] [1784960835.819979424] [route_recorder]: saved point 233: x=74.489, y=-35.788, yaw=-1.122
[INFO] [1784960836.333739255] [route_recorder]: saved point 234: x=74.565, y=-36.225, yaw=-1.112
[INFO] [1784960836.843900853] [route_recorder]: saved point 235: x=74.663, y=-36.672, yaw=-1.119
[INFO] [1784960837.346655028] [route_recorder]: saved point 236: x=74.762, y=-37.130, yaw=-1.109
[INFO] [1784960837.867836618] [route_recorder]: saved point 237: x=74.865, y=-37.559, yaw=-1.109
[INFO] [1784960838.368490191] [route_recorder]: saved point 238: x=74.949, y=-37.997, yaw=-1.100
[INFO] [1784960838.776634158] [route_recorder]: saved point 239: x=75.058, y=-38.459, yaw=-1.093
[INFO] [1784960839.286147215] [route_recorder]: saved point 240: x=75.168, y=-38.921, yaw=-1.077
[INFO] [1784960839.797041196] [route_recorder]: saved point 241: x=75.284, y=-39.363, yaw=-1.083
[INFO] [1784960840.307086021] [route_recorder]: saved point 242: x=75.380, y=-39.780, yaw=-1.083
[INFO] [1784960840.817855421] [route_recorder]: saved point 243: x=75.481, y=-40.244, yaw=-1.088
[INFO] [1784960841.340464145] [route_recorder]: saved point 244: x=75.601, y=-40.671, yaw=-1.083
[INFO] [1784960841.838013489] [route_recorder]: saved point 245: x=75.708, y=-41.114, yaw=-1.078
[INFO] [1784960842.245860835] [route_recorder]: saved point 246: x=75.809, y=-41.547, yaw=-1.079
[INFO] [1784960842.754779339] [route_recorder]: saved point 247: x=75.925, y=-42.000, yaw=-1.077
[INFO] [1784960843.272155679] [route_recorder]: saved point 248: x=76.039, y=-42.431, yaw=-1.074
[INFO] [1784960843.776465890] [route_recorder]: saved point 249: x=76.134, y=-42.873, yaw=-1.070
[INFO] [1784960844.299600845] [route_recorder]: saved point 250: x=76.258, y=-43.313, yaw=-1.067
[INFO] [1784960844.796667384] [route_recorder]: saved point 251: x=76.372, y=-43.749, yaw=-1.062
[INFO] [1784960845.205150246] [route_recorder]: saved point 252: x=76.486, y=-44.133, yaw=-1.056
[INFO] [1784960845.718171199] [route_recorder]: saved point 253: x=76.588, y=-44.579, yaw=-1.049
[INFO] [1784960846.124574483] [route_recorder]: saved point 254: x=76.716, y=-44.993, yaw=-1.052
[INFO] [1784960846.633426233] [route_recorder]: saved point 255: x=76.870, y=-45.397, yaw=-1.048
[INFO] [1784960847.145172027] [route_recorder]: saved point 256: x=76.965, y=-45.851, yaw=-1.042
[INFO] [1784960847.653184317] [route_recorder]: saved point 257: x=77.092, y=-46.278, yaw=-1.047
[INFO] [1784960848.173566547] [route_recorder]: saved point 258: x=77.223, y=-46.706, yaw=-1.037
[INFO] [1784960848.680397314] [route_recorder]: saved point 259: x=77.321, y=-47.157, yaw=-1.066
[INFO] [1784960849.184372183] [route_recorder]: saved point 260: x=77.382, y=-47.567, yaw=-1.153
[INFO] [1784960849.702014422] [route_recorder]: saved point 261: x=77.438, y=-47.996, yaw=-1.179
[INFO] [1784960850.101869810] [route_recorder]: saved point 262: x=77.492, y=-48.437, yaw=-1.204
[INFO] [1784960850.714426880] [route_recorder]: saved point 263: x=77.488, y=-48.914, yaw=-1.344
[INFO] [1784960851.236399258] [route_recorder]: saved point 264: x=77.462, y=-49.327, yaw=-1.354
[INFO] [1784960851.735067531] [route_recorder]: saved point 265: x=77.456, y=-49.764, yaw=-1.345
[INFO] [1784960852.244790838] [route_recorder]: saved point 266: x=77.440, y=-50.211, yaw=-1.341
[INFO] [1784960852.760223544] [route_recorder]: saved point 267: x=77.415, y=-50.671, yaw=-1.332
[INFO] [1784960853.267882443] [route_recorder]: saved point 268: x=77.422, y=-51.152, yaw=-1.321
[INFO] [1784960853.678772929] [route_recorder]: saved point 269: x=77.421, y=-51.609, yaw=-1.324
[INFO] [1784960854.189077286] [route_recorder]: saved point 270: x=77.430, y=-52.061, yaw=-1.319
[INFO] [1784960854.698622826] [route_recorder]: saved point 271: x=77.408, y=-52.533, yaw=-1.317
[INFO] [1784960855.204448783] [route_recorder]: saved point 272: x=77.425, y=-52.990, yaw=-1.319
[INFO] [1784960855.714296353] [route_recorder]: saved point 273: x=77.436, y=-53.440, yaw=-1.296
[INFO] [1784960856.225296996] [route_recorder]: saved point 274: x=77.420, y=-53.895, yaw=-1.302
[INFO] [1784960856.732947767] [route_recorder]: saved point 275: x=77.420, y=-54.358, yaw=-1.282
[INFO] [1784960857.243443877] [route_recorder]: saved point 276: x=77.429, y=-54.816, yaw=-1.289
[INFO] [1784960857.656694368] [route_recorder]: saved point 277: x=77.440, y=-55.271, yaw=-1.274
[INFO] [1784960858.166226916] [route_recorder]: saved point 278: x=77.453, y=-55.691, yaw=-1.279
[INFO] [1784960858.675668357] [route_recorder]: saved point 279: x=77.472, y=-56.132, yaw=-1.249
[INFO] [1784960859.285233459] [route_recorder]: saved point 280: x=77.507, y=-56.569, yaw=-1.195
[INFO] [1784960859.795220139] [route_recorder]: saved point 281: x=77.595, y=-56.994, yaw=-1.154
[INFO] [1784960860.404750808] [route_recorder]: saved point 282: x=77.660, y=-57.477, yaw=-1.133
[INFO] [1784960861.016339102] [route_recorder]: saved point 283: x=77.745, y=-57.901, yaw=-1.121
[INFO] [1784960861.424877263] [route_recorder]: saved point 284: x=77.817, y=-58.302, yaw=-1.122
[INFO] [1784960862.038444329] [route_recorder]: saved point 285: x=77.921, y=-58.757, yaw=-1.118
[INFO] [1784960862.546266725] [route_recorder]: saved point 286: x=77.996, y=-59.164, yaw=-1.107
[INFO] [1784960863.057325227] [route_recorder]: saved point 287: x=78.108, y=-59.584, yaw=-1.099
[INFO] [1784960863.568678590] [route_recorder]: saved point 288: x=78.186, y=-60.004, yaw=-1.075
[INFO] [1784960864.085502780] [route_recorder]: saved point 289: x=78.280, y=-60.401, yaw=-1.082
[INFO] [1784960864.603148318] [route_recorder]: saved point 290: x=78.368, y=-60.820, yaw=-1.083
[INFO] [1784960865.001689154] [route_recorder]: saved point 291: x=78.473, y=-61.216, yaw=-1.077
[INFO] [1784960865.506882060] [route_recorder]: saved point 292: x=78.572, y=-61.623, yaw=-1.065
[INFO] [1784960866.019690046] [route_recorder]: saved point 293: x=78.673, y=-62.024, yaw=-1.061
[INFO] [1784960866.533141707] [route_recorder]: saved point 294: x=78.788, y=-62.433, yaw=-1.048
[INFO] [1784960867.043162886] [route_recorder]: saved point 295: x=78.894, y=-62.862, yaw=-1.047
[INFO] [1784960867.548847557] [route_recorder]: saved point 296: x=78.994, y=-63.275, yaw=-1.047
[INFO] [1784960868.068206065] [route_recorder]: saved point 297: x=79.144, y=-63.679, yaw=-1.046
[INFO] [1784960868.575685214] [route_recorder]: saved point 298: x=79.262, y=-64.090, yaw=-1.047
[INFO] [1784960868.974185888] [route_recorder]: saved point 299: x=79.372, y=-64.509, yaw=-1.050
[INFO] [1784960869.496806520] [route_recorder]: saved point 300: x=79.485, y=-64.914, yaw=-1.055
[INFO] [1784960869.995389511] [route_recorder]: saved point 301: x=79.613, y=-65.360, yaw=-1.050
[INFO] [1784960870.504571934] [route_recorder]: saved point 302: x=79.756, y=-65.757, yaw=-1.050
[INFO] [1784960871.128419795] [route_recorder]: saved point 303: x=79.863, y=-66.195, yaw=-1.065
[INFO] [1784960871.731152989] [route_recorder]: saved point 304: x=79.932, y=-66.652, yaw=-1.110
[INFO] [1784960872.241739984] [route_recorder]: saved point 305: x=80.023, y=-67.049, yaw=-1.100
[INFO] [1784960872.651084741] [route_recorder]: saved point 306: x=80.135, y=-67.448, yaw=-1.091
[INFO] [1784960873.172688049] [route_recorder]: saved point 307: x=80.216, y=-67.875, yaw=-1.085
[INFO] [1784960873.678859815] [route_recorder]: saved point 308: x=80.310, y=-68.282, yaw=-1.068
[INFO] [1784960874.280696395] [route_recorder]: saved point 309: x=80.431, y=-68.742, yaw=-1.071
[INFO] [1784960874.791658318] [route_recorder]: saved point 310: x=80.506, y=-69.190, yaw=-1.070
[INFO] [1784960875.300316206] [route_recorder]: saved point 311: x=80.637, y=-69.627, yaw=-1.062
[INFO] [1784960875.810499728] [route_recorder]: saved point 312: x=80.777, y=-70.076, yaw=-1.048
[INFO] [1784960876.322108239] [route_recorder]: saved point 313: x=80.907, y=-70.597, yaw=-1.069
[INFO] [1784960876.832338867] [route_recorder]: saved point 314: x=81.013, y=-71.035, yaw=-1.076
[INFO] [1784960877.345647580] [route_recorder]: saved point 315: x=81.129, y=-71.460, yaw=-1.058
[INFO] [1784960877.852710168] [route_recorder]: saved point 316: x=81.260, y=-71.907, yaw=-1.057
[INFO] [1784960878.362170331] [route_recorder]: saved point 317: x=81.361, y=-72.357, yaw=-1.052
[INFO] [1784960878.872795376] [route_recorder]: saved point 318: x=81.500, y=-72.817, yaw=-1.047
[INFO] [1784960879.383843864] [route_recorder]: saved point 319: x=81.617, y=-73.255, yaw=-1.046
[INFO] [1784960879.892857448] [route_recorder]: saved point 320: x=81.742, y=-73.698, yaw=-1.044
[INFO] [1784960880.300503988] [route_recorder]: saved point 321: x=81.872, y=-74.147, yaw=-1.042
[INFO] [1784960880.809377886] [route_recorder]: saved point 322: x=81.959, y=-74.613, yaw=-1.051
[INFO] [1784960881.319908624] [route_recorder]: saved point 323: x=82.120, y=-75.051, yaw=-1.043
[INFO] [1784960881.830634953] [route_recorder]: saved point 324: x=82.243, y=-75.489, yaw=-1.054
[INFO] [1784960882.353615698] [route_recorder]: saved point 325: x=82.347, y=-75.965, yaw=-1.052
[INFO] [1784960882.850675744] [route_recorder]: saved point 326: x=82.495, y=-76.384, yaw=-0.991
[INFO] [1784960883.464708114] [route_recorder]: saved point 327: x=82.778, y=-76.685, yaw=-0.683
[INFO] [1784960883.873818365] [route_recorder]: saved point 328: x=83.050, y=-76.995, yaw=-0.648
[INFO] [1784960884.397511108] [route_recorder]: saved point 329: x=83.328, y=-77.315, yaw=-0.656
[INFO] [1784960884.904442267] [route_recorder]: saved point 330: x=83.614, y=-77.637, yaw=-0.655
[INFO] [1784960885.417520411] [route_recorder]: saved point 331: x=83.915, y=-77.986, yaw=-0.650
[INFO] [1784960885.917665774] [route_recorder]: saved point 332: x=84.228, y=-78.291, yaw=-0.600
[INFO] [1784960886.530421769] [route_recorder]: saved point 333: x=84.634, y=-78.527, yaw=-0.454
[INFO] [1784960887.151475752] [route_recorder]: saved point 334: x=85.051, y=-78.763, yaw=-0.389
[INFO] [1784960887.550205270] [route_recorder]: saved point 335: x=85.417, y=-79.000, yaw=-0.387
[INFO] [1784960888.058743666] [route_recorder]: saved point 336: x=85.804, y=-79.190, yaw=-0.353
[INFO] [1784960888.682136118] [route_recorder]: saved point 337: x=86.224, y=-79.282, yaw=-0.177
[INFO] [1784960889.178880631] [route_recorder]: saved point 338: x=86.612, y=-79.405, yaw=-0.175
[INFO] [1784960889.699566462] [route_recorder]: saved point 339: x=87.024, y=-79.472, yaw=-0.169
[INFO] [1784960890.206679197] [route_recorder]: saved point 340: x=87.435, y=-79.578, yaw=-0.174
[INFO] [1784960890.715940345] [route_recorder]: saved point 341: x=87.834, y=-79.674, yaw=-0.124
[INFO] [1784960891.330261975] [route_recorder]: saved point 342: x=88.323, y=-79.661, yaw=0.103
[INFO] [1784960891.943470950] [route_recorder]: saved point 343: x=88.800, y=-79.607, yaw=0.105
[INFO] [1784960892.547047159] [route_recorder]: saved point 344: x=89.269, y=-79.577, yaw=0.099
[INFO] [1784960893.057729936] [route_recorder]: saved point 345: x=89.680, y=-79.537, yaw=0.104
[INFO] [1784960893.566192617] [route_recorder]: saved point 346: x=90.085, y=-79.471, yaw=0.109
[INFO] [1784960894.176848778] [route_recorder]: saved point 347: x=90.487, y=-79.460, yaw=0.105
[INFO] [1784960894.789025805] [route_recorder]: saved point 348: x=90.893, y=-79.383, yaw=0.128
[INFO] [1784960895.300142489] [route_recorder]: saved point 349: x=91.351, y=-79.315, yaw=0.147
[INFO] [1784960896.016848199] [route_recorder]: saved point 350: x=91.787, y=-79.172, yaw=0.238
[INFO] [1784960896.727255655] [route_recorder]: saved point 351: x=92.213, y=-79.059, yaw=0.223
[INFO] [1784960897.340063621] [route_recorder]: saved point 352: x=92.610, y=-78.975, yaw=0.229
[INFO] [1784960897.954026773] [route_recorder]: saved point 353: x=93.022, y=-78.840, yaw=0.226
[INFO] [1784960898.577532159] [route_recorder]: saved point 354: x=93.478, y=-78.721, yaw=0.223
[INFO] [1784960898.974211317] [route_recorder]: saved point 355: x=93.912, y=-78.612, yaw=0.220
[INFO] [1784960899.496103601] [route_recorder]: saved point 356: x=94.306, y=-78.496, yaw=0.223
[INFO] [1784960900.305099134] [route_recorder]: saved point 357: x=94.738, y=-78.360, yaw=0.229
[INFO] [1784960945.722433821] [route_recorder]: route_recorder stopped by Ctrl+C
