1699348408.2207406 [INFO] [launch]: All log files can be found below /home/unitree/.ros/log/2023-11-07-17-13-28-214656-ubuntu-13321
1699348408.2213497 [INFO] [launch]: Default logging verbosity is set to INFO
1699348408.3821926 [INFO] [dog_control_B1_one-1]: process started with pid [13323]
1699348408.3829398 [INFO] [lio_sam_ros2_IniPoseFromText-2]: process started with pid [13325]
1699348410.7351358 [INFO] [lio_sam_ros2_lidar_checkout-3]: process started with pid [13343]
1699348410.7357254 [INFO] [lio_sam_ros2_dogOdomForReloc-4]: process started with pid [13345]
1699348410.7360268 [INFO] [lio_sam_ros2_imuPreintegration-5]: process started with pid [13347]
1699348410.7364063 [INFO] [lio_sam_ros2_imageProjection-6]: process started with pid [13349]
1699348410.7366557 [INFO] [lio_sam_ros2_featureExtraction-7]: process started with pid [13351]
1699348410.7368655 [INFO] [lio_sam_ros2_globalLocalize-8]: process started with pid [13353]
1699348410.7392039 [INFO] [nav2_costmap_inflation_layer-9]: process started with pid [13397]
1699348410.7400022 [INFO] [nav2_costmap_collision_checker-10]: process started with pid [13399]
1699348410.7405407 [INFO] [CloudToScanForCostmap-11]: process started with pid [13401]
1699348410.7410564 [INFO] [nav2_costmap_static_layer-12]: process started with pid [13403]
1699348434.6683478 [ERROR] [CloudToScanForCostmap-11]: process has died [pid 13401, exit code -11, cmd '/unitree/module/graph_pid_ws/install/nav2_costmap/lib/nav2_costmap/CloudToScanForCostmap --ros-args --params-file /unitree/module/graph_pid_ws/install/nav2_costmap/share/nav2_costmap/config/inflation.yaml'].
1699348661.7101624 [INFO] [nav2_costmap_collision_checker-10]: process has finished cleanly [pid 13399]
1699348661.7680457 [INFO] [nav2_costmap_static_layer-12]: process has finished cleanly [pid 13403]
1699348661.7703633 [INFO] [nav2_costmap_inflation_layer-9]: process has finished cleanly [pid 13397]
1699348661.7708797 [INFO] [dog_control_B1_one-1]: process has finished cleanly [pid 13323]
1699348661.7710903 [INFO] [lio_sam_ros2_dogOdomForReloc-4]: process has finished cleanly [pid 13345]
1699348661.7712550 [INFO] [lio_sam_ros2_lidar_checkout-3]: process has finished cleanly [pid 13343]
1699348661.7714331 [INFO] [lio_sam_ros2_IniPoseFromText-2]: process has finished cleanly [pid 13325]
1699348661.7747872 [INFO] [lio_sam_ros2_featureExtraction-7]: process has finished cleanly [pid 13351]
1699348661.7774119 [INFO] [lio_sam_ros2_imageProjection-6]: process has finished cleanly [pid 13349]
1699348661.8922889 [INFO] [lio_sam_ros2_imuPreintegration-5]: process has finished cleanly [pid 13347]
1699348662.0672369 [INFO] [lio_sam_ros2_globalLocalize-8]: process has finished cleanly [pid 13353]
