[INFO] [launch]: All log files can be found below /home/unitree/.ros/log/2026-07-25-00-29-25-305327-ubuntu-374827
[INFO] [launch]: Default logging verbosity is set to INFO
[INFO] [livox_ros_driver2_node-1]: process started with pid [374883]
[livox_ros_driver2_node-1] 1784910565.436593 [0] livox_ros_: config: //CycloneDDS/Domain/General: 'NetworkInterfaceAddress': deprecated element (file:///tmp/go2_cyclonedds_eth0.xml line 4)
[livox_ros_driver2_node-1] [INFO] [1784910565.452145361] [livox_lidar_publisher]: Livox Ros Driver2 Version: 1.2.6
[livox_ros_driver2_node-1] [INFO] [1784910565.452719914] [livox_lidar_publisher]: Data Source is raw lidar.
[livox_ros_driver2_node-1] [INFO] [1784910565.452764396] [livox_lidar_publisher]: Config file : /home/unitree/go2_fastlio_ws/src/livox_ros_driver2/launch_ROS2/../config/MID360s_config.json
[livox_ros_driver2_node-1] LdsLidar *GetInstance
[livox_ros_driver2_node-1] config lidar type: 8
[livox_ros_driver2_node-1] successfully parse base config, counts: 1
[livox_ros_driver2_node-1] [INFO] [1784910565.456934307] [livox_lidar_publisher]: Init lds lidar success!
[livox_ros_driver2_node-1] GetFreeIndex key:livox_lidar_2701240512.
[livox_ros_driver2_node-1] LIVOX_POINTCLOUD_POLL_READY startup_delay_ms=0
[livox_ros_driver2_node-1] LIVOX_PRESAMPLING_DROP lidar=0 state=0
[livox_ros_driver2_node-1] LIVOX_STREAM_HEALTH frame_hz=10.060 imu_hz=199.361 span_ms=99.350 points=19872 lidar_imu_offset_ms=4.328 queue_depth=0
[livox_ros_driver2_node-1] set pcl data type, handle: 2701240512, data type: 1
[livox_ros_driver2_node-1] set scan pattern, handle: 2701240512, scan pattern: 0
[livox_ros_driver2_node-1] begin to change work mode to 'Normal', handle: 2701240512
[livox_ros_driver2_node-1] successfully set data type, handle: 2701240512, set_bit: 2
[livox_ros_driver2_node-1] successfully set pattern mode, handle: 2701240512, set_bit: 0
[livox_ros_driver2_node-1] successfully set lidar attitude, ip: 192.168.1.161
[livox_ros_driver2_node-1] successfully change work mode, handle: 2701240512
[livox_ros_driver2_node-1] successfully enable Livox Lidar imu, ip: 192.168.1.161
[livox_ros_driver2_node-1] [INFO] [1784910567.546728254] [livox_lidar_publisher]: livox/lidar publish use livox custom format
[livox_ros_driver2_node-1] LIVOX_PRESAMPLING_READY lidar=0 discarded_total=20
[livox_ros_driver2_node-1] Init queue, real query size:16.
[livox_ros_driver2_node-1] Lidar[0] storage queue size: 10
[livox_ros_driver2_node-1] LIVOX_STREAM_HEALTH frame_hz=10.067 imu_hz=200.425 span_ms=99.350 points=19872 lidar_imu_offset_ms=1.376 queue_depth=0
[livox_ros_driver2_node-1] [INFO] [1784910568.457442671] [livox_lidar_publisher]: livox/imu publish use imu format
[livox_ros_driver2_node-1] LIVOX_PUBLISH_TIMING frame_age_ms_avg=194.798 frame_age_ms_max=290.176 publish_path_ms_avg=132.701 publish_path_ms_max=208.748 queue_used_after_max=2 skipped=2 skipped_total=2 samples=9
[livox_ros_driver2_node-1] LIVOX_STREAM_HEALTH frame_hz=10.061 imu_hz=200.298 span_ms=99.350 points=19872 lidar_imu_offset_ms=0.094 queue_depth=0
[livox_ros_driver2_node-1] LIVOX_PUBLISH_TIMING frame_age_ms_avg=209.920 frame_age_ms_max=293.381 publish_path_ms_avg=154.995 publish_path_ms_max=208.530 queue_used_after_max=2 skipped=3 skipped_total=5 samples=7
[livox_ros_driver2_node-1] LIVOX_STREAM_HEALTH frame_hz=10.068 imu_hz=199.529 span_ms=99.350 points=19872 lidar_imu_offset_ms=2.938 queue_depth=0
[livox_ros_driver2_node-1] LIVOX_STREAM_HEALTH frame_hz=10.062 imu_hz=200.316 span_ms=99.350 points=19872 lidar_imu_offset_ms=0.240 queue_depth=0
[livox_ros_driver2_node-1] LIVOX_PUBLISH_TIMING frame_age_ms_avg=208.674 frame_age_ms_max=306.112 publish_path_ms_avg=149.258 publish_path_ms_max=292.351 queue_used_after_max=3 skipped=4 skipped_total=9 samples=8
[livox_ros_driver2_node-1] LIVOX_PUBLISH_TIMING frame_age_ms_avg=159.044 frame_age_ms_max=243.213 publish_path_ms_avg=126.193 publish_path_ms_max=240.250 queue_used_after_max=2 skipped=4 skipped_total=13 samples=8
[livox_ros_driver2_node-1] LIVOX_STREAM_HEALTH frame_hz=10.069 imu_hz=199.546 span_ms=99.350 points=19872 lidar_imu_offset_ms=3.307 queue_depth=0
[livox_ros_driver2_node-1] LIVOX_STREAM_HEALTH frame_hz=10.059 imu_hz=200.275 span_ms=99.350 points=19872 lidar_imu_offset_ms=1.745 queue_depth=0
[livox_ros_driver2_node-1] LIVOX_PUBLISH_TIMING frame_age_ms_avg=160.412 frame_age_ms_max=301.180 publish_path_ms_avg=117.452 publish_path_ms_max=225.615 queue_used_after_max=3 skipped=0 skipped_total=13 samples=10
[livox_ros_driver2_node-1] LIVOX_STREAM_HEALTH frame_hz=10.068 imu_hz=199.524 span_ms=99.350 points=19872 lidar_imu_offset_ms=4.794 queue_depth=0
[livox_ros_driver2_node-1] LIVOX_PUBLISH_TIMING frame_age_ms_avg=204.473 frame_age_ms_max=315.126 publish_path_ms_avg=138.106 publish_path_ms_max=227.148 queue_used_after_max=3 skipped=3 skipped_total=16 samples=8
[livox_ros_driver2_node-1] LIVOX_STREAM_HEALTH frame_hz=10.060 imu_hz=200.288 span_ms=99.350 points=19872 lidar_imu_offset_ms=2.058 queue_depth=0
[livox_ros_driver2_node-1] LIVOX_PUBLISH_TIMING frame_age_ms_avg=155.802 frame_age_ms_max=246.144 publish_path_ms_avg=122.189 publish_path_ms_max=227.805 queue_used_after_max=2 skipped=4 skipped_total=20 samples=9
[livox_ros_driver2_node-1] LIVOX_PUBLISH_TIMING frame_age_ms_avg=153.959 frame_age_ms_max=177.255 publish_path_ms_avg=104.421 publish_path_ms_max=104.602 queue_used_after_max=1 skipped=0 skipped_total=20 samples=10
[livox_ros_driver2_node-1] LIVOX_STREAM_HEALTH frame_hz=10.068 imu_hz=200.444 span_ms=99.350 points=19872 lidar_imu_offset_ms=0.787 queue_depth=0
[livox_ros_driver2_node-1] LIVOX_PUBLISH_TIMING frame_age_ms_avg=156.359 frame_age_ms_max=203.500 publish_path_ms_avg=104.466 publish_path_ms_max=104.568 queue_used_after_max=2 skipped=1 skipped_total=21 samples=10
[livox_ros_driver2_node-1] LIVOX_STREAM_HEALTH frame_hz=10.058 imu_hz=199.331 span_ms=99.350 points=19872 lidar_imu_offset_ms=3.817 queue_depth=0
[livox_ros_driver2_node-1] LIVOX_PUBLISH_TIMING frame_age_ms_avg=158.735 frame_age_ms_max=182.222 publish_path_ms_avg=104.457 publish_path_ms_max=104.519 queue_used_after_max=1 skipped=0 skipped_total=21 samples=10
[livox_ros_driver2_node-1] LIVOX_STREAM_HEALTH frame_hz=10.041 imu_hz=200.819 span_ms=99.350 points=19872 lidar_imu_offset_ms=0.872 queue_depth=5
[livox_ros_driver2_node-1] LIVOX_PUBLISH_TIMING frame_age_ms_avg=141.580 frame_age_ms_max=198.261 publish_path_ms_avg=104.467 publish_path_ms_max=104.697 queue_used_after_max=2 skipped=1 skipped_total=22 samples=10
[livox_ros_driver2_node-1] LIVOX_STREAM_HEALTH frame_hz=10.088 imu_hz=199.926 span_ms=99.350 points=19872 lidar_imu_offset_ms=0.259 queue_depth=0
[livox_ros_driver2_node-1] LIVOX_PUBLISH_TIMING frame_age_ms_avg=163.772 frame_age_ms_max=187.078 publish_path_ms_avg=104.440 publish_path_ms_max=104.508 queue_used_after_max=1 skipped=0 skipped_total=22 samples=10
[livox_ros_driver2_node-1] LIVOX_STREAM_HEALTH frame_hz=10.071 imu_hz=199.581 span_ms=99.350 points=19872 lidar_imu_offset_ms=2.319 queue_depth=0
[livox_ros_driver2_node-1] LIVOX_PUBLISH_TIMING frame_age_ms_avg=146.260 frame_age_ms_max=202.905 publish_path_ms_avg=104.436 publish_path_ms_max=104.599 queue_used_after_max=2 skipped=1 skipped_total=23 samples=10
[livox_ros_driver2_node-1] LIVOX_STREAM_HEALTH frame_hz=10.063 imu_hz=200.350 span_ms=99.350 points=19872 lidar_imu_offset_ms=0.242 queue_depth=0
[livox_ros_driver2_node-1] LIVOX_PUBLISH_TIMING frame_age_ms_avg=168.234 frame_age_ms_max=191.568 publish_path_ms_avg=104.438 publish_path_ms_max=104.526 queue_used_after_max=1 skipped=0 skipped_total=23 samples=10
[livox_ros_driver2_node-1] LIVOX_STREAM_HEALTH frame_hz=10.063 imu_hz=199.424 span_ms=99.350 points=19872 lidar_imu_offset_ms=2.740 queue_depth=0
[livox_ros_driver2_node-1] LIVOX_PUBLISH_TIMING frame_age_ms_avg=140.384 frame_age_ms_max=201.803 publish_path_ms_avg=104.400 publish_path_ms_max=104.486 queue_used_after_max=2 skipped=1 skipped_total=24 samples=10
[livox_ros_driver2_node-1] LIVOX_STREAM_HEALTH frame_hz=10.059 imu_hz=200.262 span_ms=99.350 points=19872 lidar_imu_offset_ms=1.369 queue_depth=0
[livox_ros_driver2_node-1] LIVOX_PUBLISH_TIMING frame_age_ms_avg=172.342 frame_age_ms_max=195.717 publish_path_ms_avg=104.447 publish_path_ms_max=104.526 queue_used_after_max=1 skipped=0 skipped_total=24 samples=10
[livox_ros_driver2_node-1] LIVOX_STREAM_HEALTH frame_hz=10.069 imu_hz=199.547 span_ms=99.350 points=19872 lidar_imu_offset_ms=4.426 queue_depth=0
[livox_ros_driver2_node-1] LIVOX_PUBLISH_TIMING frame_age_ms_avg=135.244 frame_age_ms_max=201.005 publish_path_ms_avg=104.497 publish_path_ms_max=104.529 queue_used_after_max=2 skipped=1 skipped_total=25 samples=10
[livox_ros_driver2_node-1] LIVOX_STREAM_HEALTH frame_hz=10.068 imu_hz=200.440 span_ms=99.350 points=19872 lidar_imu_offset_ms=1.724 queue_depth=0
[livox_ros_driver2_node-1] LIVOX_PUBLISH_TIMING frame_age_ms_avg=177.294 frame_age_ms_max=200.370 publish_path_ms_avg=104.394 publish_path_ms_max=104.488 queue_used_after_max=2 skipped=0 skipped_total=25 samples=10
[livox_ros_driver2_node-1] LIVOX_STREAM_HEALTH frame_hz=10.061 imu_hz=200.308 span_ms=99.350 points=19872 lidar_imu_offset_ms=0.194 queue_depth=0
[livox_ros_driver2_node-1] LIVOX_PUBLISH_TIMING frame_age_ms_avg=129.192 frame_age_ms_max=152.401 publish_path_ms_avg=104.388 publish_path_ms_max=104.472 queue_used_after_max=1 skipped=1 skipped_total=26 samples=10
[livox_ros_driver2_node-1] LIVOX_STREAM_HEALTH frame_hz=10.067 imu_hz=199.503 span_ms=99.350 points=19872 lidar_imu_offset_ms=3.402 queue_depth=0
[livox_ros_driver2_node-1] LIVOX_PUBLISH_TIMING frame_age_ms_avg=180.441 frame_age_ms_max=203.408 publish_path_ms_avg=104.344 publish_path_ms_max=104.461 queue_used_after_max=2 skipped=0 skipped_total=26 samples=10
[livox_ros_driver2_node-1] LIVOX_STREAM_HEALTH frame_hz=10.061 imu_hz=200.315 span_ms=99.350 points=19872 lidar_imu_offset_ms=0.463 queue_depth=0
[livox_ros_driver2_node-1] LIVOX_PUBLISH_TIMING frame_age_ms_avg=132.684 frame_age_ms_max=156.047 publish_path_ms_avg=104.441 publish_path_ms_max=104.489 queue_used_after_max=1 skipped=1 skipped_total=27 samples=10
[livox_ros_driver2_node-1] LIVOX_STREAM_HEALTH frame_hz=10.065 imu_hz=200.376 span_ms=99.350 points=19872 lidar_imu_offset_ms=0.883 queue_depth=0
[livox_ros_driver2_node-1] LIVOX_PUBLISH_TIMING frame_age_ms_avg=174.785 frame_age_ms_max=203.088 publish_path_ms_avg=104.479 publish_path_ms_max=104.563 queue_used_after_max=2 skipped=1 skipped_total=28 samples=10
[livox_ros_driver2_node-1] LIVOX_STREAM_HEALTH frame_hz=10.062 imu_hz=199.408 span_ms=99.350 points=19872 lidar_imu_offset_ms=2.265 queue_depth=0
[livox_ros_driver2_node-1] LIVOX_PUBLISH_TIMING frame_age_ms_avg=137.610 frame_age_ms_max=160.929 publish_path_ms_avg=104.436 publish_path_ms_max=104.492 queue_used_after_max=1 skipped=0 skipped_total=28 samples=10
[livox_ros_driver2_node-1] LIVOX_STREAM_HEALTH frame_hz=10.069 imu_hz=200.457 span_ms=99.350 points=19872 lidar_imu_offset_ms=0.633 queue_depth=0
[livox_ros_driver2_node-1] LIVOX_PUBLISH_TIMING frame_age_ms_avg=169.584 frame_age_ms_max=202.413 publish_path_ms_avg=104.441 publish_path_ms_max=104.482 queue_used_after_max=2 skipped=1 skipped_total=29 samples=10
[livox_ros_driver2_node-1] LIVOX_STREAM_HEALTH frame_hz=10.060 imu_hz=199.363 span_ms=99.350 points=19872 lidar_imu_offset_ms=2.283 queue_depth=0
[livox_ros_driver2_node-1] LIVOX_PUBLISH_TIMING frame_age_ms_avg=142.087 frame_age_ms_max=165.043 publish_path_ms_avg=104.405 publish_path_ms_max=104.525 queue_used_after_max=1 skipped=0 skipped_total=29 samples=10
[livox_ros_driver2_node-1] LIVOX_STREAM_HEALTH frame_hz=10.066 imu_hz=200.404 span_ms=99.350 points=19872 lidar_imu_offset_ms=0.890 queue_depth=0
[livox_ros_driver2_node-1] LIVOX_PUBLISH_TIMING frame_age_ms_avg=163.756 frame_age_ms_max=201.439 publish_path_ms_avg=104.428 publish_path_ms_max=104.488 queue_used_after_max=2 skipped=1 skipped_total=30 samples=10
[livox_ros_driver2_node-1] LIVOX_STREAM_HEALTH frame_hz=10.061 imu_hz=199.384 span_ms=99.350 points=19872 lidar_imu_offset_ms=3.898 queue_depth=0
[livox_ros_driver2_node-1] LIVOX_PUBLISH_TIMING frame_age_ms_avg=146.031 frame_age_ms_max=169.585 publish_path_ms_avg=104.451 publish_path_ms_max=104.586 queue_used_after_max=1 skipped=0 skipped_total=30 samples=10
[livox_ros_driver2_node-1] LIVOX_STREAM_HEALTH frame_hz=10.067 imu_hz=200.427 span_ms=99.350 points=19872 lidar_imu_offset_ms=1.123 queue_depth=0
[livox_ros_driver2_node-1] LIVOX_PUBLISH_TIMING frame_age_ms_avg=158.538 frame_age_ms_max=200.862 publish_path_ms_avg=104.447 publish_path_ms_max=104.566 queue_used_after_max=2 skipped=1 skipped_total=31 samples=10
[livox_ros_driver2_node-1] LIVOX_STREAM_HEALTH frame_hz=10.062 imu_hz=200.321 span_ms=99.350 points=19872 lidar_imu_offset_ms=0.123 queue_depth=0
[livox_ros_driver2_node-1] LIVOX_PUBLISH_TIMING frame_age_ms_avg=150.507 frame_age_ms_max=173.681 publish_path_ms_avg=104.398 publish_path_ms_max=104.494 queue_used_after_max=1 skipped=0 skipped_total=31 samples=10
[livox_ros_driver2_node-1] LIVOX_STREAM_HEALTH frame_hz=10.070 imu_hz=199.566 span_ms=99.350 points=19872 lidar_imu_offset_ms=2.615 queue_depth=0
[livox_ros_driver2_node-1] LIVOX_PUBLISH_TIMING frame_age_ms_avg=152.397 frame_age_ms_max=199.519 publish_path_ms_avg=104.400 publish_path_ms_max=104.554 queue_used_after_max=2 skipped=1 skipped_total=32 samples=10
[livox_ros_driver2_node-1] LIVOX_PUBLISH_TIMING frame_age_ms_avg=154.242 frame_age_ms_max=177.499 publish_path_ms_avg=104.423 publish_path_ms_max=104.512 queue_used_after_max=1 skipped=0 skipped_total=32 samples=10
[livox_ros_driver2_node-1] LIVOX_STREAM_HEALTH frame_hz=10.058 imu_hz=200.253 span_ms=99.350 points=19872 lidar_imu_offset_ms=0.010 queue_depth=0
[livox_ros_driver2_node-1] LIVOX_PUBLISH_TIMING frame_age_ms_avg=156.494 frame_age_ms_max=203.562 publish_path_ms_avg=104.461 publish_path_ms_max=104.542 queue_used_after_max=2 skipped=1 skipped_total=33 samples=10
[livox_ros_driver2_node-1] LIVOX_STREAM_HEALTH frame_hz=10.069 imu_hz=199.552 span_ms=99.350 points=19872 lidar_imu_offset_ms=2.965 queue_depth=0
[livox_ros_driver2_node-1] LIVOX_PUBLISH_TIMING frame_age_ms_avg=158.788 frame_age_ms_max=182.165 publish_path_ms_avg=104.436 publish_path_ms_max=104.585 queue_used_after_max=1 skipped=0 skipped_total=33 samples=10
[livox_ros_driver2_node-1] LIVOX_STREAM_HEALTH frame_hz=10.059 imu_hz=200.257 span_ms=99.350 points=19872 lidar_imu_offset_ms=1.592 queue_depth=0
[livox_ros_driver2_node-1] LIVOX_PUBLISH_TIMING frame_age_ms_avg=151.213 frame_age_ms_max=203.083 publish_path_ms_avg=104.454 publish_path_ms_max=104.509 queue_used_after_max=2 skipped=1 skipped_total=34 samples=10
[livox_ros_driver2_node-1] LIVOX_STREAM_HEALTH frame_hz=10.067 imu_hz=199.507 span_ms=99.350 points=19872 lidar_imu_offset_ms=4.769 queue_depth=0
[livox_ros_driver2_node-1] LIVOX_PUBLISH_TIMING frame_age_ms_avg=163.450 frame_age_ms_max=186.796 publish_path_ms_avg=104.437 publish_path_ms_max=104.543 queue_used_after_max=1 skipped=0 skipped_total=34 samples=10
[livox_ros_driver2_node-1] LIVOX_STREAM_HEALTH frame_hz=10.061 imu_hz=200.301 span_ms=99.350 points=19872 lidar_imu_offset_ms=1.828 queue_depth=0
[livox_ros_driver2_node-1] LIVOX_PUBLISH_TIMING frame_age_ms_avg=145.727 frame_age_ms_max=202.255 publish_path_ms_avg=104.438 publish_path_ms_max=104.519 queue_used_after_max=2 skipped=1 skipped_total=35 samples=10
[livox_ros_driver2_node-1] LIVOX_STREAM_HEALTH frame_hz=10.069 imu_hz=200.462 span_ms=99.350 points=19872 lidar_imu_offset_ms=0.553 queue_depth=0
[livox_ros_driver2_node-1] LIVOX_PUBLISH_TIMING frame_age_ms_avg=168.330 frame_age_ms_max=192.090 publish_path_ms_avg=104.522 publish_path_ms_max=104.566 queue_used_after_max=1 skipped=0 skipped_total=35 samples=10
[livox_ros_driver2_node-1] LIVOX_STREAM_HEALTH frame_hz=10.066 imu_hz=199.480 span_ms=99.350 points=19872 lidar_imu_offset_ms=3.364 queue_depth=0
[livox_ros_driver2_node-1] LIVOX_PUBLISH_TIMING frame_age_ms_avg=141.318 frame_age_ms_max=202.626 publish_path_ms_avg=104.461 publish_path_ms_max=104.577 queue_used_after_max=2 skipped=1 skipped_total=36 samples=10
[livox_ros_driver2_node-1] LIVOX_STREAM_HEALTH frame_hz=10.062 imu_hz=200.332 span_ms=99.350 points=19872 lidar_imu_offset_ms=0.693 queue_depth=0
[livox_ros_driver2_node-1] LIVOX_PUBLISH_TIMING frame_age_ms_avg=173.519 frame_age_ms_max=196.943 publish_path_ms_avg=104.453 publish_path_ms_max=104.530 queue_used_after_max=1 skipped=0 skipped_total=36 samples=10
[livox_ros_driver2_node-1] LIVOX_STREAM_HEALTH frame_hz=10.066 imu_hz=200.413 span_ms=99.350 points=19872 lidar_imu_offset_ms=0.678 queue_depth=0
[livox_ros_driver2_node-1] LIVOX_PUBLISH_TIMING frame_age_ms_avg=135.969 frame_age_ms_max=202.151 publish_path_ms_avg=104.422 publish_path_ms_max=104.478 queue_used_after_max=2 skipped=1 skipped_total=37 samples=10
[livox_ros_driver2_node-1] LIVOX_STREAM_HEALTH frame_hz=10.062 imu_hz=199.406 span_ms=99.350 points=19872 lidar_imu_offset_ms=2.313 queue_depth=0
[livox_ros_driver2_node-1] LIVOX_PUBLISH_TIMING frame_age_ms_avg=177.977 frame_age_ms_max=201.291 publish_path_ms_avg=104.442 publish_path_ms_max=104.504 queue_used_after_max=2 skipped=0 skipped_total=37 samples=10
[livox_ros_driver2_node-1] LIVOX_STREAM_HEALTH frame_hz=10.058 imu_hz=200.238 span_ms=99.350 points=19872 lidar_imu_offset_ms=0.355 queue_depth=0
[livox_ros_driver2_node-1] LIVOX_PUBLISH_TIMING frame_age_ms_avg=130.727 frame_age_ms_max=154.321 publish_path_ms_avg=104.482 publish_path_ms_max=104.569 queue_used_after_max=1 skipped=1 skipped_total=38 samples=10
[livox_ros_driver2_node-1] LIVOX_STREAM_HEALTH frame_hz=10.071 imu_hz=199.592 span_ms=99.350 points=19872 lidar_imu_offset_ms=2.486 queue_depth=0
[livox_ros_driver2_node-1] LIVOX_PUBLISH_TIMING frame_age_ms_avg=173.075 frame_age_ms_max=200.937 publish_path_ms_avg=104.427 publish_path_ms_max=104.555 queue_used_after_max=2 skipped=1 skipped_total=39 samples=10
[livox_ros_driver2_node-1] LIVOX_STREAM_HEALTH frame_hz=10.066 imu_hz=200.397 span_ms=99.350 points=19872 lidar_imu_offset_ms=1.227 queue_depth=0
[livox_ros_driver2_node-1] LIVOX_PUBLISH_TIMING frame_age_ms_avg=135.273 frame_age_ms_max=158.434 publish_path_ms_avg=104.412 publish_path_ms_max=104.460 queue_used_after_max=1 skipped=0 skipped_total=39 samples=10
[livox_ros_driver2_node-1] LIVOX_STREAM_HEALTH frame_hz=10.060 imu_hz=199.361 span_ms=99.350 points=19872 lidar_imu_offset_ms=4.196 queue_depth=0
[livox_ros_driver2_node-1] LIVOX_PUBLISH_TIMING frame_age_ms_avg=166.975 frame_age_ms_max=199.858 publish_path_ms_avg=104.403 publish_path_ms_max=104.491 queue_used_after_max=2 skipped=1 skipped_total=40 samples=10
[livox_ros_driver2_node-1] LIVOX_STREAM_HEALTH frame_hz=10.069 imu_hz=200.462 span_ms=99.350 points=19872 lidar_imu_offset_ms=1.322 queue_depth=0
[livox_ros_driver2_node-1] LIVOX_PUBLISH_TIMING frame_age_ms_avg=139.269 frame_age_ms_max=163.200 publish_path_ms_avg=104.499 publish_path_ms_max=104.779 queue_used_after_max=1 skipped=0 skipped_total=40 samples=10
[livox_ros_driver2_node-1] LIVOX_STREAM_HEALTH frame_hz=10.061 imu_hz=200.300 span_ms=99.350 points=19872 lidar_imu_offset_ms=0.029 queue_depth=0
[livox_ros_driver2_node-1] LIVOX_PUBLISH_TIMING frame_age_ms_avg=162.742 frame_age_ms_max=200.518 publish_path_ms_avg=104.577 publish_path_ms_max=104.648 queue_used_after_max=2 skipped=1 skipped_total=41 samples=10
[livox_ros_driver2_node-1] LIVOX_STREAM_HEALTH frame_hz=10.068 imu_hz=199.539 span_ms=99.350 points=19872 lidar_imu_offset_ms=2.969 queue_depth=0
[livox_ros_driver2_node-1] LIVOX_PUBLISH_TIMING frame_age_ms_avg=166.130 frame_age_ms_max=269.046 publish_path_ms_avg=127.125 publish_path_ms_max=214.664 queue_used_after_max=2 skipped=1 skipped_total=42 samples=9
[livox_ros_driver2_node-1] LIVOX_STREAM_HEALTH frame_hz=10.059 imu_hz=200.267 span_ms=99.350 points=19872 lidar_imu_offset_ms=0.385 queue_depth=0
[livox_ros_driver2_node-1] LIVOX_PUBLISH_TIMING frame_age_ms_avg=176.789 frame_age_ms_max=243.255 publish_path_ms_avg=112.119 publish_path_ms_max=171.515 queue_used_after_max=2 skipped=2 skipped_total=44 samples=9
[livox_ros_driver2_node-1] LIVOX_STREAM_HEALTH frame_hz=10.068 imu_hz=199.536 span_ms=99.350 points=19872 lidar_imu_offset_ms=3.192 queue_depth=0
[livox_ros_driver2_node-1] LIVOX_PUBLISH_TIMING frame_age_ms_avg=152.240 frame_age_ms_max=203.321 publish_path_ms_avg=109.478 publish_path_ms_max=152.566 queue_used_after_max=2 skipped=1 skipped_total=45 samples=10
[livox_ros_driver2_node-1] LIVOX_STREAM_HEALTH frame_hz=10.060 imu_hz=200.288 span_ms=99.350 points=19872 lidar_imu_offset_ms=1.825 queue_depth=0
[livox_ros_driver2_node-1] LIVOX_PUBLISH_TIMING frame_age_ms_avg=171.948 frame_age_ms_max=305.425 publish_path_ms_avg=131.852 publish_path_ms_max=214.109 queue_used_after_max=3 skipped=3 skipped_total=48 samples=8
[livox_ros_driver2_node-1] LIVOX_STREAM_HEALTH frame_hz=10.068 imu_hz=199.526 span_ms=99.350 points=19872 lidar_imu_offset_ms=4.801 queue_depth=0
[livox_ros_driver2_node-1] LIVOX_PUBLISH_TIMING frame_age_ms_avg=174.895 frame_age_ms_max=203.657 publish_path_ms_avg=104.631 publish_path_ms_max=104.795 queue_used_after_max=2 skipped=1 skipped_total=49 samples=10
[livox_ros_driver2_node-1] LIVOX_STREAM_HEALTH frame_hz=10.059 imu_hz=200.264 span_ms=99.350 points=19872 lidar_imu_offset_ms=2.128 queue_depth=0
[livox_ros_driver2_node-1] LIVOX_PUBLISH_TIMING frame_age_ms_avg=200.405 frame_age_ms_max=289.788 publish_path_ms_avg=155.039 publish_path_ms_max=233.883 queue_used_after_max=2 skipped=3 skipped_total=52 samples=7
[livox_ros_driver2_node-1] LIVOX_STREAM_HEALTH frame_hz=10.070 imu_hz=200.482 span_ms=99.350 points=19872 lidar_imu_offset_ms=0.751 queue_depth=0
[livox_ros_driver2_node-1] LIVOX_PUBLISH_TIMING frame_age_ms_avg=132.271 frame_age_ms_max=156.262 publish_path_ms_avg=104.571 publish_path_ms_max=104.696 queue_used_after_max=1 skipped=1 skipped_total=53 samples=10
[livox_ros_driver2_node-1] LIVOX_STREAM_HEALTH frame_hz=10.057 imu_hz=199.314 span_ms=99.350 points=19872 lidar_imu_offset_ms=3.876 queue_depth=0
[livox_ros_driver2_node-1] LIVOX_PUBLISH_TIMING frame_age_ms_avg=199.718 frame_age_ms_max=311.698 publish_path_ms_avg=133.158 publish_path_ms_max=215.981 queue_used_after_max=3 skipped=2 skipped_total=55 samples=8
[livox_ros_driver2_node-1] LIVOX_STREAM_HEALTH frame_hz=10.070 imu_hz=200.488 span_ms=99.350 points=19872 lidar_imu_offset_ms=1.137 queue_depth=0
[livox_ros_driver2_node-1] LIVOX_PUBLISH_TIMING frame_age_ms_avg=150.778 frame_age_ms_max=202.168 publish_path_ms_avg=109.625 publish_path_ms_max=153.778 queue_used_after_max=2 skipped=2 skipped_total=57 samples=10
[livox_ros_driver2_node-1] LIVOX_STREAM_HEALTH frame_hz=10.060 imu_hz=200.277 span_ms=99.350 points=19872 lidar_imu_offset_ms=0.467 queue_depth=0
[livox_ros_driver2_node-1] LIVOX_PUBLISH_TIMING frame_age_ms_avg=172.949 frame_age_ms_max=271.390 publish_path_ms_avg=114.303 publish_path_ms_max=189.520 queue_used_after_max=2 skipped=0 skipped_total=57 samples=9
[livox_ros_driver2_node-1] LIVOX_PUBLISH_TIMING frame_age_ms_avg=209.159 frame_age_ms_max=288.892 publish_path_ms_avg=127.354 publish_path_ms_max=214.998 queue_used_after_max=2 skipped=3 skipped_total=60 samples=8
[livox_ros_driver2_node-1] LIVOX_STREAM_HEALTH frame_hz=10.068 imu_hz=199.521 span_ms=99.350 points=19872 lidar_imu_offset_ms=2.584 queue_depth=0
[livox_ros_driver2_node-1] LIVOX_PUBLISH_TIMING frame_age_ms_avg=138.507 frame_age_ms_max=204.649 publish_path_ms_avg=104.432 publish_path_ms_max=104.528 queue_used_after_max=2 skipped=1 skipped_total=61 samples=10
[livox_ros_driver2_node-1] LIVOX_STREAM_HEALTH frame_hz=10.066 imu_hz=200.406 span_ms=99.350 points=19872 lidar_imu_offset_ms=0.219 queue_depth=0
[livox_ros_driver2_node-1] LIVOX_PUBLISH_TIMING frame_age_ms_avg=181.076 frame_age_ms_max=205.538 publish_path_ms_avg=104.598 publish_path_ms_max=104.765 queue_used_after_max=2 skipped=0 skipped_total=61 samples=10
[livox_ros_driver2_node-1] LIVOX_STREAM_HEALTH frame_hz=10.063 imu_hz=199.427 span_ms=99.350 points=19872 lidar_imu_offset_ms=2.735 queue_depth=0
[livox_ros_driver2_node-1] LIVOX_PUBLISH_TIMING frame_age_ms_avg=144.428 frame_age_ms_max=241.096 publish_path_ms_avg=112.715 publish_path_ms_max=183.478 queue_used_after_max=2 skipped=1 skipped_total=62 samples=10
[livox_ros_driver2_node-1] LIVOX_STREAM_HEALTH frame_hz=10.066 imu_hz=200.400 span_ms=99.350 points=19872 lidar_imu_offset_ms=1.359 queue_depth=0
[livox_ros_driver2_node-1] LIVOX_PUBLISH_TIMING frame_age_ms_avg=184.079 frame_age_ms_max=260.275 publish_path_ms_avg=128.068 publish_path_ms_max=216.509 queue_used_after_max=2 skipped=3 skipped_total=65 samples=8
[livox_ros_driver2_node-1] LIVOX_STREAM_HEALTH frame_hz=10.061 imu_hz=199.391 span_ms=99.350 points=19872 lidar_imu_offset_ms=4.247 queue_depth=0
[livox_ros_driver2_node-1] LIVOX_PUBLISH_TIMING frame_age_ms_avg=155.361 frame_age_ms_max=202.336 publish_path_ms_avg=104.689 publish_path_ms_max=104.785 queue_used_after_max=2 skipped=1 skipped_total=66 samples=10
[livox_ros_driver2_node-1] LIVOX_STREAM_HEALTH frame_hz=10.067 imu_hz=200.432 span_ms=99.350 points=19872 lidar_imu_offset_ms=1.599 queue_depth=0
[livox_ros_driver2_node-1] LIVOX_PUBLISH_TIMING frame_age_ms_avg=199.808 frame_age_ms_max=273.149 publish_path_ms_avg=155.536 publish_path_ms_max=214.328 queue_used_after_max=2 skipped=4 skipped_total=70 samples=7
[livox_ros_driver2_node-1] LIVOX_STREAM_HEALTH frame_hz=10.061 imu_hz=200.301 span_ms=99.350 points=19872 lidar_imu_offset_ms=0.460 queue_depth=0
[livox_ros_driver2_node-1] LIVOX_PUBLISH_TIMING frame_age_ms_avg=156.661 frame_age_ms_max=180.992 publish_path_ms_avg=104.624 publish_path_ms_max=104.755 queue_used_after_max=1 skipped=0 skipped_total=70 samples=10
[livox_ros_driver2_node-1] LIVOX_STREAM_HEALTH frame_hz=10.068 imu_hz=199.527 span_ms=99.350 points=19872 lidar_imu_offset_ms=3.408 queue_depth=0
[livox_ros_driver2_node-1] LIVOX_PUBLISH_TIMING frame_age_ms_avg=181.715 frame_age_ms_max=243.608 publish_path_ms_avg=131.888 publish_path_ms_max=234.337 queue_used_after_max=2 skipped=2 skipped_total=72 samples=8
[livox_ros_driver2_node-1] LIVOX_STREAM_HEALTH frame_hz=10.061 imu_hz=200.298 span_ms=99.350 points=19872 lidar_imu_offset_ms=0.462 queue_depth=0
[livox_ros_driver2_node-1] LIVOX_PUBLISH_TIMING frame_age_ms_avg=162.563 frame_age_ms_max=257.675 publish_path_ms_avg=124.981 publish_path_ms_max=212.612 queue_used_after_max=2 skipped=3 skipped_total=75 samples=8
[livox_ros_driver2_node-1] LIVOX_STREAM_HEALTH frame_hz=10.067 imu_hz=200.427 span_ms=99.350 points=19872 lidar_imu_offset_ms=0.704 queue_depth=0
[livox_ros_driver2_node-1] LIVOX_PUBLISH_TIMING frame_age_ms_avg=172.294 frame_age_ms_max=201.712 publish_path_ms_avg=104.795 publish_path_ms_max=104.916 queue_used_after_max=2 skipped=1 skipped_total=76 samples=10
[livox_ros_driver2_node-1] LIVOX_STREAM_HEALTH frame_hz=10.061 imu_hz=199.384 span_ms=99.350 points=19872 lidar_imu_offset_ms=2.158 queue_depth=0
[livox_ros_driver2_node-1] LIVOX_PUBLISH_TIMING frame_age_ms_avg=195.175 frame_age_ms_max=316.628 publish_path_ms_avg=150.934 publish_path_ms_max=221.335 queue_used_after_max=3 skipped=3 skipped_total=79 samples=7
[livox_ros_driver2_node-1] LIVOX_STREAM_HEALTH frame_hz=10.065 imu_hz=200.385 span_ms=99.350 points=19872 lidar_imu_offset_ms=0.674 queue_depth=1
[livox_ros_driver2_node-1] LIVOX_PUBLISH_TIMING frame_age_ms_avg=153.047 frame_age_ms_max=199.984 publish_path_ms_avg=104.849 publish_path_ms_max=104.939 queue_used_after_max=1 skipped=1 skipped_total=80 samples=10
[livox_ros_driver2_node-1] LIVOX_STREAM_HEALTH frame_hz=10.063 imu_hz=199.437 span_ms=99.350 points=19872 lidar_imu_offset_ms=2.281 queue_depth=0
[livox_ros_driver2_node-1] LIVOX_PUBLISH_TIMING frame_age_ms_avg=188.685 frame_age_ms_max=312.614 publish_path_ms_avg=138.888 publish_path_ms_max=214.792 queue_used_after_max=3 skipped=3 skipped_total=83 samples=8
[livox_ros_driver2_node-1] LIVOX_STREAM_HEALTH frame_hz=10.065 imu_hz=200.377 span_ms=99.350 points=19872 lidar_imu_offset_ms=1.314 queue_depth=1
