[rosmaster.main][INFO] 2023-09-01 18:40:56,177: initialization complete, waiting for shutdown
[rosmaster.main][INFO] 2023-09-01 18:40:56,178: Starting ROS Master Node
[xmlrpc][INFO] 2023-09-01 18:40:56,212: XML-RPC server binding to 0.0.0.0:11311
[xmlrpc][INFO] 2023-09-01 18:40:56,215: Started XML-RPC server [http://ubuntu:11311/]
[rosmaster.master][INFO] 2023-09-01 18:40:56,215: Master initialized: port[11311], uri[http://ubuntu:11311/]
[xmlrpc][INFO] 2023-09-01 18:40:56,216: xml rpc node: starting XML-RPC server
[rosmaster.master][INFO] 2023-09-01 18:40:56,328: +PARAM [/run_id] by /roslaunch
[rosmaster.master][INFO] 2023-09-01 18:40:56,333: +PARAM [/roslaunch/uris/host_ubuntu__36913] by /roslaunch
[rosmaster.master][INFO] 2023-09-01 18:40:56,448: +PARAM [/rosversion] by /roslaunch
[rosmaster.master][INFO] 2023-09-01 18:40:56,448: +PARAM [/rosdistro] by /roslaunch
[rosmaster.master][INFO] 2023-09-01 18:40:56,449: +PARAM [/camera/realsense2_camera/serial_no] by /roslaunch
[rosmaster.master][INFO] 2023-09-01 18:40:56,449: +PARAM [/camera/realsense2_camera/usb_port_id] by /roslaunch
[rosmaster.master][INFO] 2023-09-01 18:40:56,449: +PARAM [/camera/realsense2_camera/device_type] by /roslaunch
[rosmaster.master][INFO] 2023-09-01 18:40:56,449: +PARAM [/camera/realsense2_camera/json_file_path] by /roslaunch
[rosmaster.master][INFO] 2023-09-01 18:40:56,460: +PARAM [/camera/realsense2_camera/rosbag_filename] by /roslaunch
[rosmaster.master][INFO] 2023-09-01 18:40:56,460: +PARAM [/camera/realsense2_camera/enable_pointcloud] by /roslaunch
[rosmaster.master][INFO] 2023-09-01 18:40:56,460: +PARAM [/camera/realsense2_camera/pointcloud_texture_stream] by /roslaunch
[rosmaster.master][INFO] 2023-09-01 18:40:56,461: +PARAM [/camera/realsense2_camera/pointcloud_texture_index] by /roslaunch
[rosmaster.master][INFO] 2023-09-01 18:40:56,461: +PARAM [/camera/realsense2_camera/allow_no_texture_points] by /roslaunch
[rosmaster.master][INFO] 2023-09-01 18:40:56,461: +PARAM [/camera/realsense2_camera/ordered_pc] by /roslaunch
[rosmaster.master][INFO] 2023-09-01 18:40:56,461: +PARAM [/camera/realsense2_camera/enable_sync] by /roslaunch
[rosmaster.master][INFO] 2023-09-01 18:40:56,461: +PARAM [/camera/realsense2_camera/align_depth] by /roslaunch
[rosmaster.master][INFO] 2023-09-01 18:40:56,461: +PARAM [/camera/realsense2_camera/fisheye_width] by /roslaunch
[rosmaster.master][INFO] 2023-09-01 18:40:56,461: +PARAM [/camera/realsense2_camera/fisheye_height] by /roslaunch
[rosmaster.master][INFO] 2023-09-01 18:40:56,461: +PARAM [/camera/realsense2_camera/enable_fisheye] by /roslaunch
[rosmaster.master][INFO] 2023-09-01 18:40:56,461: +PARAM [/camera/realsense2_camera/enable_fisheye1] by /roslaunch
[rosmaster.master][INFO] 2023-09-01 18:40:56,461: +PARAM [/camera/realsense2_camera/enable_fisheye2] by /roslaunch
[rosmaster.master][INFO] 2023-09-01 18:40:56,461: +PARAM [/camera/realsense2_camera/depth_width] by /roslaunch
[rosmaster.master][INFO] 2023-09-01 18:40:56,462: +PARAM [/camera/realsense2_camera/depth_height] by /roslaunch
[rosmaster.master][INFO] 2023-09-01 18:40:56,462: +PARAM [/camera/realsense2_camera/enable_depth] by /roslaunch
[rosmaster.master][INFO] 2023-09-01 18:40:56,462: +PARAM [/camera/realsense2_camera/confidence_width] by /roslaunch
[rosmaster.master][INFO] 2023-09-01 18:40:56,462: +PARAM [/camera/realsense2_camera/confidence_height] by /roslaunch
[rosmaster.master][INFO] 2023-09-01 18:40:56,462: +PARAM [/camera/realsense2_camera/enable_confidence] by /roslaunch
[rosmaster.master][INFO] 2023-09-01 18:40:56,462: +PARAM [/camera/realsense2_camera/confidence_fps] by /roslaunch
[rosmaster.master][INFO] 2023-09-01 18:40:56,462: +PARAM [/camera/realsense2_camera/color_width] by /roslaunch
[rosmaster.master][INFO] 2023-09-01 18:40:56,462: +PARAM [/camera/realsense2_camera/color_height] by /roslaunch
[rosmaster.master][INFO] 2023-09-01 18:40:56,462: +PARAM [/camera/realsense2_camera/enable_color] by /roslaunch
[rosmaster.master][INFO] 2023-09-01 18:40:56,462: +PARAM [/camera/realsense2_camera/infra_width] by /roslaunch
[rosmaster.master][INFO] 2023-09-01 18:40:56,462: +PARAM [/camera/realsense2_camera/infra_height] by /roslaunch
[rosmaster.master][INFO] 2023-09-01 18:40:56,463: +PARAM [/camera/realsense2_camera/enable_infra] by /roslaunch
[rosmaster.master][INFO] 2023-09-01 18:40:56,463: +PARAM [/camera/realsense2_camera/enable_infra1] by /roslaunch
[rosmaster.master][INFO] 2023-09-01 18:40:56,463: +PARAM [/camera/realsense2_camera/enable_infra2] by /roslaunch
[rosmaster.master][INFO] 2023-09-01 18:40:56,463: +PARAM [/camera/realsense2_camera/infra_rgb] by /roslaunch
[rosmaster.master][INFO] 2023-09-01 18:40:56,463: +PARAM [/camera/realsense2_camera/fisheye_fps] by /roslaunch
[rosmaster.master][INFO] 2023-09-01 18:40:56,463: +PARAM [/camera/realsense2_camera/depth_fps] by /roslaunch
[rosmaster.master][INFO] 2023-09-01 18:40:56,463: +PARAM [/camera/realsense2_camera/infra_fps] by /roslaunch
[rosmaster.master][INFO] 2023-09-01 18:40:56,463: +PARAM [/camera/realsense2_camera/color_fps] by /roslaunch
[rosmaster.master][INFO] 2023-09-01 18:40:56,463: +PARAM [/camera/realsense2_camera/gyro_fps] by /roslaunch
[rosmaster.master][INFO] 2023-09-01 18:40:56,463: +PARAM [/camera/realsense2_camera/accel_fps] by /roslaunch
[rosmaster.master][INFO] 2023-09-01 18:40:56,463: +PARAM [/camera/realsense2_camera/enable_gyro] by /roslaunch
[rosmaster.master][INFO] 2023-09-01 18:40:56,463: +PARAM [/camera/realsense2_camera/enable_accel] by /roslaunch
[rosmaster.master][INFO] 2023-09-01 18:40:56,464: +PARAM [/camera/realsense2_camera/enable_pose] by /roslaunch
[rosmaster.master][INFO] 2023-09-01 18:40:56,464: +PARAM [/camera/realsense2_camera/base_frame_id] by /roslaunch
[rosmaster.master][INFO] 2023-09-01 18:40:56,464: +PARAM [/camera/realsense2_camera/depth_frame_id] by /roslaunch
[rosmaster.master][INFO] 2023-09-01 18:40:56,464: +PARAM [/camera/realsense2_camera/infra1_frame_id] by /roslaunch
[rosmaster.master][INFO] 2023-09-01 18:40:56,464: +PARAM [/camera/realsense2_camera/infra2_frame_id] by /roslaunch
[rosmaster.master][INFO] 2023-09-01 18:40:56,464: +PARAM [/camera/realsense2_camera/color_frame_id] by /roslaunch
[rosmaster.master][INFO] 2023-09-01 18:40:56,464: +PARAM [/camera/realsense2_camera/fisheye_frame_id] by /roslaunch
[rosmaster.master][INFO] 2023-09-01 18:40:56,464: +PARAM [/camera/realsense2_camera/fisheye1_frame_id] by /roslaunch
[rosmaster.master][INFO] 2023-09-01 18:40:56,464: +PARAM [/camera/realsense2_camera/fisheye2_frame_id] by /roslaunch
[rosmaster.master][INFO] 2023-09-01 18:40:56,464: +PARAM [/camera/realsense2_camera/accel_frame_id] by /roslaunch
[rosmaster.master][INFO] 2023-09-01 18:40:56,464: +PARAM [/camera/realsense2_camera/gyro_frame_id] by /roslaunch
[rosmaster.master][INFO] 2023-09-01 18:40:56,465: +PARAM [/camera/realsense2_camera/pose_frame_id] by /roslaunch
[rosmaster.master][INFO] 2023-09-01 18:40:56,465: +PARAM [/camera/realsense2_camera/depth_optical_frame_id] by /roslaunch
[rosmaster.master][INFO] 2023-09-01 18:40:56,465: +PARAM [/camera/realsense2_camera/infra1_optical_frame_id] by /roslaunch
[rosmaster.master][INFO] 2023-09-01 18:40:56,465: +PARAM [/camera/realsense2_camera/infra2_optical_frame_id] by /roslaunch
[rosmaster.master][INFO] 2023-09-01 18:40:56,465: +PARAM [/camera/realsense2_camera/color_optical_frame_id] by /roslaunch
[rosmaster.master][INFO] 2023-09-01 18:40:56,475: +PARAM [/camera/realsense2_camera/fisheye_optical_frame_id] by /roslaunch
[rosmaster.master][INFO] 2023-09-01 18:40:56,475: +PARAM [/camera/realsense2_camera/fisheye1_optical_frame_id] by /roslaunch
[rosmaster.master][INFO] 2023-09-01 18:40:56,475: +PARAM [/camera/realsense2_camera/fisheye2_optical_frame_id] by /roslaunch
[rosmaster.master][INFO] 2023-09-01 18:40:56,476: +PARAM [/camera/realsense2_camera/accel_optical_frame_id] by /roslaunch
[rosmaster.master][INFO] 2023-09-01 18:40:56,476: +PARAM [/camera/realsense2_camera/gyro_optical_frame_id] by /roslaunch
[rosmaster.master][INFO] 2023-09-01 18:40:56,476: +PARAM [/camera/realsense2_camera/imu_optical_frame_id] by /roslaunch
[rosmaster.master][INFO] 2023-09-01 18:40:56,476: +PARAM [/camera/realsense2_camera/pose_optical_frame_id] by /roslaunch
[rosmaster.master][INFO] 2023-09-01 18:40:56,476: +PARAM [/camera/realsense2_camera/aligned_depth_to_color_frame_id] by /roslaunch
[rosmaster.master][INFO] 2023-09-01 18:40:56,476: +PARAM [/camera/realsense2_camera/aligned_depth_to_infra1_frame_id] by /roslaunch
[rosmaster.master][INFO] 2023-09-01 18:40:56,476: +PARAM [/camera/realsense2_camera/aligned_depth_to_infra2_frame_id] by /roslaunch
[rosmaster.master][INFO] 2023-09-01 18:40:56,476: +PARAM [/camera/realsense2_camera/aligned_depth_to_fisheye_frame_id] by /roslaunch
[rosmaster.master][INFO] 2023-09-01 18:40:56,476: +PARAM [/camera/realsense2_camera/aligned_depth_to_fisheye1_frame_id] by /roslaunch
[rosmaster.master][INFO] 2023-09-01 18:40:56,476: +PARAM [/camera/realsense2_camera/aligned_depth_to_fisheye2_frame_id] by /roslaunch
[rosmaster.master][INFO] 2023-09-01 18:40:56,476: +PARAM [/camera/realsense2_camera/publish_tf] by /roslaunch
[rosmaster.master][INFO] 2023-09-01 18:40:56,477: +PARAM [/camera/realsense2_camera/tf_publish_rate] by /roslaunch
[rosmaster.master][INFO] 2023-09-01 18:40:56,477: +PARAM [/camera/realsense2_camera/odom_frame_id] by /roslaunch
[rosmaster.master][INFO] 2023-09-01 18:40:56,477: +PARAM [/camera/realsense2_camera/topic_odom_in] by /roslaunch
[rosmaster.master][INFO] 2023-09-01 18:40:56,477: +PARAM [/camera/realsense2_camera/calib_odom_file] by /roslaunch
[rosmaster.master][INFO] 2023-09-01 18:40:56,477: +PARAM [/camera/realsense2_camera/publish_odom_tf] by /roslaunch
[rosmaster.master][INFO] 2023-09-01 18:40:56,477: +PARAM [/camera/realsense2_camera/stereo_module/exposure/1] by /roslaunch
[rosmaster.master][INFO] 2023-09-01 18:40:56,477: +PARAM [/camera/realsense2_camera/stereo_module/gain/1] by /roslaunch
[rosmaster.master][INFO] 2023-09-01 18:40:56,477: +PARAM [/camera/realsense2_camera/stereo_module/exposure/2] by /roslaunch
[rosmaster.master][INFO] 2023-09-01 18:40:56,477: +PARAM [/camera/realsense2_camera/stereo_module/gain/2] by /roslaunch
[rosmaster.master][INFO] 2023-09-01 18:40:56,477: +PARAM [/camera/realsense2_camera/filters] by /roslaunch
[rosmaster.master][INFO] 2023-09-01 18:40:56,478: +PARAM [/camera/realsense2_camera/clip_distance] by /roslaunch
[rosmaster.master][INFO] 2023-09-01 18:40:56,478: +PARAM [/camera/realsense2_camera/linear_accel_cov] by /roslaunch
[rosmaster.master][INFO] 2023-09-01 18:40:56,478: +PARAM [/camera/realsense2_camera/initial_reset] by /roslaunch
[rosmaster.master][INFO] 2023-09-01 18:40:56,478: +PARAM [/camera/realsense2_camera/reconnect_timeout] by /roslaunch
[rosmaster.master][INFO] 2023-09-01 18:40:56,478: +PARAM [/camera/realsense2_camera/wait_for_device_timeout] by /roslaunch
[rosmaster.master][INFO] 2023-09-01 18:40:56,478: +PARAM [/camera/realsense2_camera/unite_imu_method] by /roslaunch
[rosmaster.master][INFO] 2023-09-01 18:40:56,503: +SERVICE [/rosout/get_loggers] /rosout http://ubuntu:37439/
[rosmaster.master][INFO] 2023-09-01 18:40:56,506: +SERVICE [/rosout/set_logger_level] /rosout http://ubuntu:37439/
[rosmaster.master][INFO] 2023-09-01 18:40:56,510: +PUB [/rosout_agg] /rosout http://ubuntu:37439/
[rosmaster.master][INFO] 2023-09-01 18:40:56,517: +SUB [/rosout] /rosout http://ubuntu:37439/
[rosmaster.master][INFO] 2023-09-01 18:40:56,618: +PUB [/rosout] /camera/realsense2_camera http://ubuntu:45689/
[rosmaster.master][INFO] 2023-09-01 18:40:56,622: +SERVICE [/camera/realsense2_camera/get_loggers] /camera/realsense2_camera http://ubuntu:45689/
[rosmaster.master][INFO] 2023-09-01 18:40:56,625: +SERVICE [/camera/realsense2_camera/set_logger_level] /camera/realsense2_camera http://ubuntu:45689/
[rosmaster.master][INFO] 2023-09-01 18:40:56,629: +CACHEDPARAM [/rosout_disable_topics_generation] by /camera/realsense2_camera
[rosmaster.master][INFO] 2023-09-01 18:40:56,637: +PARAM [/camera/realsense2_camera] by /camera/realsense2_camera
[rosmaster.master][INFO] 2023-09-01 18:40:56,657: +PUB [/rosout] /camera/realsense2_camera_manager http://ubuntu:40185/
[rosmaster.master][INFO] 2023-09-01 18:40:56,659: +SERVICE [/camera/realsense2_camera_manager/get_loggers] /camera/realsense2_camera_manager http://ubuntu:40185/
[rosmaster.master][INFO] 2023-09-01 18:40:56,660: +SERVICE [/camera/realsense2_camera_manager/set_logger_level] /camera/realsense2_camera_manager http://ubuntu:40185/
[rosmaster.master][INFO] 2023-09-01 18:40:56,667: +CACHEDPARAM [/rosout_disable_topics_generation] by /camera/realsense2_camera_manager
[rosmaster.master][INFO] 2023-09-01 18:40:56,670: +SERVICE [/camera/realsense2_camera_manager/load_nodelet] /camera/realsense2_camera_manager http://ubuntu:40185/
[rosmaster.master][INFO] 2023-09-01 18:40:56,672: +SERVICE [/camera/realsense2_camera_manager/unload_nodelet] /camera/realsense2_camera_manager http://ubuntu:40185/
[rosmaster.master][INFO] 2023-09-01 18:40:56,674: +SERVICE [/camera/realsense2_camera_manager/list] /camera/realsense2_camera_manager http://ubuntu:40185/
[rosmaster.master][INFO] 2023-09-01 18:40:56,679: publisherUpdate[/rosout] -> http://ubuntu:37439/ ['http://ubuntu:45689/']
[rosmaster.master][INFO] 2023-09-01 18:40:56,692: publisherUpdate[/rosout] -> http://ubuntu:37439/ ['http://ubuntu:45689/']: sec=0.01, result=[1, '', 0]
[rosmaster.master][INFO] 2023-09-01 18:40:56,692: publisherUpdate[/rosout] -> http://ubuntu:37439/ ['http://ubuntu:45689/', 'http://ubuntu:40185/']
[rosmaster.master][INFO] 2023-09-01 18:40:56,696: publisherUpdate[/rosout] -> http://ubuntu:37439/ ['http://ubuntu:45689/', 'http://ubuntu:40185/']: sec=0.00, result=[1, '', 0]
[rosmaster.master][INFO] 2023-09-01 18:40:57,104: +CACHEDPARAM [/rosout/omit_topics] by /rosout
[rosmaster.master][INFO] 2023-09-01 18:40:57,106: +PUB [/camera/realsense2_camera_manager/bond] /camera/realsense2_camera_manager http://ubuntu:40185/
[rosmaster.master][INFO] 2023-09-01 18:40:57,110: +SUB [/camera/realsense2_camera_manager/bond] /camera/realsense2_camera_manager http://ubuntu:40185/
[rosmaster.master][INFO] 2023-09-01 18:40:57,119: +SERVICE [/camera/enable] /camera/realsense2_camera_manager http://ubuntu:40185/
[rosmaster.master][INFO] 2023-09-01 18:40:57,122: +SERVICE [/camera/realsense2_camera/reset] /camera/realsense2_camera_manager http://ubuntu:40185/
[rosmaster.master][INFO] 2023-09-01 18:40:57,200: +PUB [/camera/realsense2_camera_manager/bond] /camera/realsense2_camera http://ubuntu:45689/
[rosmaster.master][INFO] 2023-09-01 18:40:57,204: +SUB [/camera/realsense2_camera_manager/bond] /camera/realsense2_camera http://ubuntu:45689/
[rosmaster.master][INFO] 2023-09-01 18:40:57,209: publisherUpdate[/camera/realsense2_camera_manager/bond] -> http://ubuntu:40185/ ['http://ubuntu:40185/', 'http://ubuntu:45689/']
[rosmaster.master][INFO] 2023-09-01 18:40:57,212: publisherUpdate[/camera/realsense2_camera_manager/bond] -> http://ubuntu:40185/ ['http://ubuntu:40185/', 'http://ubuntu:45689/']: sec=0.00, result=[1, '', 0]
[rosmaster.master][INFO] 2023-09-01 18:40:57,497: +PUB [/tf_static] /camera/realsense2_camera_manager http://ubuntu:40185/
[rosmaster.master][INFO] 2023-09-01 18:40:57,499: +PUB [/tf] /camera/realsense2_camera_manager http://ubuntu:40185/
[rosmaster.master][INFO] 2023-09-01 18:41:01,234: +PUB [/camera/stereo_module/parameter_descriptions] /camera/realsense2_camera_manager http://ubuntu:40185/
[rosmaster.master][INFO] 2023-09-01 18:41:01,237: +PUB [/camera/stereo_module/parameter_updates] /camera/realsense2_camera_manager http://ubuntu:40185/
[rosmaster.master][INFO] 2023-09-01 18:41:01,238: +SERVICE [/camera/stereo_module/set_parameters] /camera/realsense2_camera_manager http://ubuntu:40185/
[rosmaster.master][INFO] 2023-09-01 18:41:02,977: +PUB [/camera/rgb_camera/parameter_descriptions] /camera/realsense2_camera_manager http://ubuntu:40185/
[rosmaster.master][INFO] 2023-09-01 18:41:02,981: +PUB [/camera/rgb_camera/parameter_updates] /camera/realsense2_camera_manager http://ubuntu:40185/
[rosmaster.master][INFO] 2023-09-01 18:41:02,982: +SERVICE [/camera/rgb_camera/set_parameters] /camera/realsense2_camera_manager http://ubuntu:40185/
[rosmaster.master][INFO] 2023-09-01 18:41:02,989: +PUB [/camera/motion_module/parameter_descriptions] /camera/realsense2_camera_manager http://ubuntu:40185/
[rosmaster.master][INFO] 2023-09-01 18:41:02,990: +PUB [/camera/motion_module/parameter_updates] /camera/realsense2_camera_manager http://ubuntu:40185/
[rosmaster.master][INFO] 2023-09-01 18:41:02,990: +SERVICE [/camera/motion_module/set_parameters] /camera/realsense2_camera_manager http://ubuntu:40185/
[rosmaster.master][INFO] 2023-09-01 18:41:02,998: +PUB [/diagnostics] /camera/realsense2_camera_manager http://ubuntu:40185/
[rosmaster.master][INFO] 2023-09-01 18:41:02,999: +CACHEDPARAM [/camera/realsense2_camera_manager/diagnostic_period] by /camera/realsense2_camera_manager
[rosmaster.master][INFO] 2023-09-01 18:41:03,007: +PUB [/camera/depth/image_rect_raw/compressedDepth] /camera/realsense2_camera_manager http://ubuntu:40185/
[rosmaster.master][INFO] 2023-09-01 18:41:03,010: +SERVICE [/camera/depth/image_rect_raw/compressedDepth/set_parameters] /camera/realsense2_camera_manager http://ubuntu:40185/
[rosmaster.master][INFO] 2023-09-01 18:41:03,014: +PUB [/camera/depth/image_rect_raw/compressedDepth/parameter_descriptions] /camera/realsense2_camera_manager http://ubuntu:40185/
[rosmaster.master][INFO] 2023-09-01 18:41:03,017: +PUB [/camera/depth/image_rect_raw/compressedDepth/parameter_updates] /camera/realsense2_camera_manager http://ubuntu:40185/
[rosmaster.master][INFO] 2023-09-01 18:41:03,033: +PARAM [/camera/depth/image_rect_raw/compressedDepth/format] by /camera/realsense2_camera_manager
[rosmaster.master][INFO] 2023-09-01 18:41:03,035: +PARAM [/camera/depth/image_rect_raw/compressedDepth/depth_max] by /camera/realsense2_camera_manager
[rosmaster.master][INFO] 2023-09-01 18:41:03,038: +PARAM [/camera/depth/image_rect_raw/compressedDepth/depth_quantization] by /camera/realsense2_camera_manager
[rosmaster.master][INFO] 2023-09-01 18:41:03,040: +PARAM [/camera/depth/image_rect_raw/compressedDepth/png_level] by /camera/realsense2_camera_manager
[rosmaster.master][INFO] 2023-09-01 18:41:03,041: +PARAM [/camera/depth/image_rect_raw/compressedDepth/format] by /camera/realsense2_camera_manager
[rosmaster.master][INFO] 2023-09-01 18:41:03,044: +PARAM [/camera/depth/image_rect_raw/compressedDepth/depth_max] by /camera/realsense2_camera_manager
[rosmaster.master][INFO] 2023-09-01 18:41:03,047: +PARAM [/camera/depth/image_rect_raw/compressedDepth/depth_quantization] by /camera/realsense2_camera_manager
[rosmaster.master][INFO] 2023-09-01 18:41:03,050: +PARAM [/camera/depth/image_rect_raw/compressedDepth/png_level] by /camera/realsense2_camera_manager
[rosmaster.master][INFO] 2023-09-01 18:41:03,054: +PUB [/camera/depth/image_rect_raw/compressed] /camera/realsense2_camera_manager http://ubuntu:40185/
[rosmaster.master][INFO] 2023-09-01 18:41:03,056: +SERVICE [/camera/depth/image_rect_raw/compressed/set_parameters] /camera/realsense2_camera_manager http://ubuntu:40185/
[rosmaster.master][INFO] 2023-09-01 18:41:03,061: +PUB [/camera/depth/image_rect_raw/compressed/parameter_descriptions] /camera/realsense2_camera_manager http://ubuntu:40185/
[rosmaster.master][INFO] 2023-09-01 18:41:03,065: +PUB [/camera/depth/image_rect_raw/compressed/parameter_updates] /camera/realsense2_camera_manager http://ubuntu:40185/
[rosmaster.master][INFO] 2023-09-01 18:41:03,073: +PARAM [/camera/depth/image_rect_raw/compressed/format] by /camera/realsense2_camera_manager
[rosmaster.master][INFO] 2023-09-01 18:41:03,075: +PARAM [/camera/depth/image_rect_raw/compressed/jpeg_quality] by /camera/realsense2_camera_manager
[rosmaster.master][INFO] 2023-09-01 18:41:03,076: +PARAM [/camera/depth/image_rect_raw/compressed/jpeg_progressive] by /camera/realsense2_camera_manager
[rosmaster.master][INFO] 2023-09-01 18:41:03,078: +PARAM [/camera/depth/image_rect_raw/compressed/jpeg_optimize] by /camera/realsense2_camera_manager
[rosmaster.master][INFO] 2023-09-01 18:41:03,081: +PARAM [/camera/depth/image_rect_raw/compressed/jpeg_restart_interval] by /camera/realsense2_camera_manager
[rosmaster.master][INFO] 2023-09-01 18:41:03,082: +PARAM [/camera/depth/image_rect_raw/compressed/png_level] by /camera/realsense2_camera_manager
[rosmaster.master][INFO] 2023-09-01 18:41:03,083: +PARAM [/camera/depth/image_rect_raw/compressed/format] by /camera/realsense2_camera_manager
[rosmaster.master][INFO] 2023-09-01 18:41:03,085: +PARAM [/camera/depth/image_rect_raw/compressed/jpeg_quality] by /camera/realsense2_camera_manager
[rosmaster.master][INFO] 2023-09-01 18:41:03,086: +PARAM [/camera/depth/image_rect_raw/compressed/jpeg_progressive] by /camera/realsense2_camera_manager
[rosmaster.master][INFO] 2023-09-01 18:41:03,088: +PARAM [/camera/depth/image_rect_raw/compressed/jpeg_optimize] by /camera/realsense2_camera_manager
[rosmaster.master][INFO] 2023-09-01 18:41:03,089: +PARAM [/camera/depth/image_rect_raw/compressed/jpeg_restart_interval] by /camera/realsense2_camera_manager
[rosmaster.master][INFO] 2023-09-01 18:41:03,090: +PARAM [/camera/depth/image_rect_raw/compressed/png_level] by /camera/realsense2_camera_manager
[rosmaster.master][INFO] 2023-09-01 18:41:03,099: +PUB [/camera/depth/image_rect_raw] /camera/realsense2_camera_manager http://ubuntu:40185/
[rosmaster.master][INFO] 2023-09-01 18:41:03,116: +PUB [/camera/depth/image_rect_raw/theora] /camera/realsense2_camera_manager http://ubuntu:40185/
[rosmaster.master][INFO] 2023-09-01 18:41:03,118: +SERVICE [/camera/depth/image_rect_raw/theora/set_parameters] /camera/realsense2_camera_manager http://ubuntu:40185/
[rosmaster.master][INFO] 2023-09-01 18:41:03,121: +PUB [/camera/depth/image_rect_raw/theora/parameter_descriptions] /camera/realsense2_camera_manager http://ubuntu:40185/
[rosmaster.master][INFO] 2023-09-01 18:41:03,124: +PUB [/camera/depth/image_rect_raw/theora/parameter_updates] /camera/realsense2_camera_manager http://ubuntu:40185/
[rosmaster.master][INFO] 2023-09-01 18:41:03,134: +PARAM [/camera/depth/image_rect_raw/theora/optimize_for] by /camera/realsense2_camera_manager
[rosmaster.master][INFO] 2023-09-01 18:41:03,136: +PARAM [/camera/depth/image_rect_raw/theora/target_bitrate] by /camera/realsense2_camera_manager
[rosmaster.master][INFO] 2023-09-01 18:41:03,138: +PARAM [/camera/depth/image_rect_raw/theora/quality] by /camera/realsense2_camera_manager
[rosmaster.master][INFO] 2023-09-01 18:41:03,139: +PARAM [/camera/depth/image_rect_raw/theora/keyframe_frequency] by /camera/realsense2_camera_manager
[rosmaster.master][INFO] 2023-09-01 18:41:03,141: +PARAM [/camera/depth/image_rect_raw/theora/optimize_for] by /camera/realsense2_camera_manager
[rosmaster.master][INFO] 2023-09-01 18:41:03,144: +PARAM [/camera/depth/image_rect_raw/theora/target_bitrate] by /camera/realsense2_camera_manager
[rosmaster.master][INFO] 2023-09-01 18:41:03,148: +PARAM [/camera/depth/image_rect_raw/theora/quality] by /camera/realsense2_camera_manager
[rosmaster.master][INFO] 2023-09-01 18:41:03,150: +PARAM [/camera/depth/image_rect_raw/theora/keyframe_frequency] by /camera/realsense2_camera_manager
[rosmaster.master][INFO] 2023-09-01 18:41:03,152: +PUB [/camera/depth/camera_info] /camera/realsense2_camera_manager http://ubuntu:40185/
[rosmaster.master][INFO] 2023-09-01 18:41:03,154: +PUB [/camera/depth/metadata] /camera/realsense2_camera_manager http://ubuntu:40185/
[rosmaster.master][INFO] 2023-09-01 18:41:03,157: +PUB [/camera/color/image_raw/compressedDepth] /camera/realsense2_camera_manager http://ubuntu:40185/
[rosmaster.master][INFO] 2023-09-01 18:41:03,160: +SERVICE [/camera/color/image_raw/compressedDepth/set_parameters] /camera/realsense2_camera_manager http://ubuntu:40185/
[rosmaster.master][INFO] 2023-09-01 18:41:03,161: +PUB [/camera/color/image_raw/compressedDepth/parameter_descriptions] /camera/realsense2_camera_manager http://ubuntu:40185/
[rosmaster.master][INFO] 2023-09-01 18:41:03,167: +PUB [/camera/color/image_raw/compressedDepth/parameter_updates] /camera/realsense2_camera_manager http://ubuntu:40185/
[rosmaster.master][INFO] 2023-09-01 18:41:03,174: +PARAM [/camera/color/image_raw/compressedDepth/format] by /camera/realsense2_camera_manager
[rosmaster.master][INFO] 2023-09-01 18:41:03,179: +PARAM [/camera/color/image_raw/compressedDepth/depth_max] by /camera/realsense2_camera_manager
[rosmaster.master][INFO] 2023-09-01 18:41:03,182: +PARAM [/camera/color/image_raw/compressedDepth/depth_quantization] by /camera/realsense2_camera_manager
[rosmaster.master][INFO] 2023-09-01 18:41:03,184: +PARAM [/camera/color/image_raw/compressedDepth/png_level] by /camera/realsense2_camera_manager
[rosmaster.master][INFO] 2023-09-01 18:41:03,186: +PARAM [/camera/color/image_raw/compressedDepth/format] by /camera/realsense2_camera_manager
[rosmaster.master][INFO] 2023-09-01 18:41:03,187: +PARAM [/camera/color/image_raw/compressedDepth/depth_max] by /camera/realsense2_camera_manager
[rosmaster.master][INFO] 2023-09-01 18:41:03,189: +PARAM [/camera/color/image_raw/compressedDepth/depth_quantization] by /camera/realsense2_camera_manager
[rosmaster.master][INFO] 2023-09-01 18:41:03,190: +PARAM [/camera/color/image_raw/compressedDepth/png_level] by /camera/realsense2_camera_manager
[rosmaster.master][INFO] 2023-09-01 18:41:03,193: +PUB [/camera/color/image_raw/compressed] /camera/realsense2_camera_manager http://ubuntu:40185/
[rosmaster.master][INFO] 2023-09-01 18:41:03,194: +SERVICE [/camera/color/image_raw/compressed/set_parameters] /camera/realsense2_camera_manager http://ubuntu:40185/
[rosmaster.master][INFO] 2023-09-01 18:41:03,196: +PUB [/camera/color/image_raw/compressed/parameter_descriptions] /camera/realsense2_camera_manager http://ubuntu:40185/
[rosmaster.master][INFO] 2023-09-01 18:41:03,198: +PUB [/camera/color/image_raw/compressed/parameter_updates] /camera/realsense2_camera_manager http://ubuntu:40185/
[rosmaster.master][INFO] 2023-09-01 18:41:03,207: +PARAM [/camera/color/image_raw/compressed/format] by /camera/realsense2_camera_manager
[rosmaster.master][INFO] 2023-09-01 18:41:03,210: +PARAM [/camera/color/image_raw/compressed/jpeg_quality] by /camera/realsense2_camera_manager
[rosmaster.master][INFO] 2023-09-01 18:41:03,215: +PARAM [/camera/color/image_raw/compressed/jpeg_progressive] by /camera/realsense2_camera_manager
[rosmaster.master][INFO] 2023-09-01 18:41:03,217: +PARAM [/camera/color/image_raw/compressed/jpeg_optimize] by /camera/realsense2_camera_manager
[rosmaster.master][INFO] 2023-09-01 18:41:03,218: +PARAM [/camera/color/image_raw/compressed/jpeg_restart_interval] by /camera/realsense2_camera_manager
[rosmaster.master][INFO] 2023-09-01 18:41:03,220: +PARAM [/camera/color/image_raw/compressed/png_level] by /camera/realsense2_camera_manager
[rosmaster.master][INFO] 2023-09-01 18:41:03,223: +PARAM [/camera/color/image_raw/compressed/format] by /camera/realsense2_camera_manager
[rosmaster.master][INFO] 2023-09-01 18:41:03,242: +PARAM [/camera/color/image_raw/compressed/jpeg_quality] by /camera/realsense2_camera_manager
[rosmaster.master][INFO] 2023-09-01 18:41:03,245: +PARAM [/camera/color/image_raw/compressed/jpeg_progressive] by /camera/realsense2_camera_manager
[rosmaster.master][INFO] 2023-09-01 18:41:03,247: +PARAM [/camera/color/image_raw/compressed/jpeg_optimize] by /camera/realsense2_camera_manager
[rosmaster.master][INFO] 2023-09-01 18:41:03,249: +PARAM [/camera/color/image_raw/compressed/jpeg_restart_interval] by /camera/realsense2_camera_manager
[rosmaster.master][INFO] 2023-09-01 18:41:03,252: +PARAM [/camera/color/image_raw/compressed/png_level] by /camera/realsense2_camera_manager
[rosmaster.master][INFO] 2023-09-01 18:41:03,254: +PUB [/camera/color/image_raw] /camera/realsense2_camera_manager http://ubuntu:40185/
[rosmaster.master][INFO] 2023-09-01 18:41:03,263: +PUB [/camera/color/image_raw/theora] /camera/realsense2_camera_manager http://ubuntu:40185/
[rosmaster.master][INFO] 2023-09-01 18:41:03,265: +SERVICE [/camera/color/image_raw/theora/set_parameters] /camera/realsense2_camera_manager http://ubuntu:40185/
[rosmaster.master][INFO] 2023-09-01 18:41:03,268: +PUB [/camera/color/image_raw/theora/parameter_descriptions] /camera/realsense2_camera_manager http://ubuntu:40185/
[rosmaster.master][INFO] 2023-09-01 18:41:03,271: +PUB [/camera/color/image_raw/theora/parameter_updates] /camera/realsense2_camera_manager http://ubuntu:40185/
[rosmaster.master][INFO] 2023-09-01 18:41:03,277: +PARAM [/camera/color/image_raw/theora/optimize_for] by /camera/realsense2_camera_manager
[rosmaster.master][INFO] 2023-09-01 18:41:03,279: +PARAM [/camera/color/image_raw/theora/target_bitrate] by /camera/realsense2_camera_manager
[rosmaster.master][INFO] 2023-09-01 18:41:03,282: +PARAM [/camera/color/image_raw/theora/quality] by /camera/realsense2_camera_manager
[rosmaster.master][INFO] 2023-09-01 18:41:03,284: +PARAM [/camera/color/image_raw/theora/keyframe_frequency] by /camera/realsense2_camera_manager
[rosmaster.master][INFO] 2023-09-01 18:41:03,292: +PARAM [/camera/color/image_raw/theora/optimize_for] by /camera/realsense2_camera_manager
[rosmaster.master][INFO] 2023-09-01 18:41:03,294: +PARAM [/camera/color/image_raw/theora/target_bitrate] by /camera/realsense2_camera_manager
[rosmaster.master][INFO] 2023-09-01 18:41:03,297: +PARAM [/camera/color/image_raw/theora/quality] by /camera/realsense2_camera_manager
[rosmaster.master][INFO] 2023-09-01 18:41:03,300: +PARAM [/camera/color/image_raw/theora/keyframe_frequency] by /camera/realsense2_camera_manager
[rosmaster.master][INFO] 2023-09-01 18:41:03,302: +PUB [/camera/color/camera_info] /camera/realsense2_camera_manager http://ubuntu:40185/
[rosmaster.master][INFO] 2023-09-01 18:41:03,304: +PUB [/camera/color/metadata] /camera/realsense2_camera_manager http://ubuntu:40185/
[rosmaster.master][INFO] 2023-09-01 18:41:03,306: +PUB [/camera/extrinsics/depth_to_color] /camera/realsense2_camera_manager http://ubuntu:40185/
[rosmaster.master][INFO] 2023-09-01 18:41:03,628: +PUB [/camera/stereo_module/auto_exposure_roi/parameter_descriptions] /camera/realsense2_camera_manager http://ubuntu:40185/
[rosmaster.master][INFO] 2023-09-01 18:41:03,633: +PUB [/camera/stereo_module/auto_exposure_roi/parameter_updates] /camera/realsense2_camera_manager http://ubuntu:40185/
[rosmaster.master][INFO] 2023-09-01 18:41:03,634: +SERVICE [/camera/stereo_module/auto_exposure_roi/set_parameters] /camera/realsense2_camera_manager http://ubuntu:40185/
[rosmaster.master][INFO] 2023-09-01 18:41:03,640: +PUB [/camera/rgb_camera/auto_exposure_roi/parameter_descriptions] /camera/realsense2_camera_manager http://ubuntu:40185/
[rosmaster.master][INFO] 2023-09-01 18:41:03,642: +PUB [/camera/rgb_camera/auto_exposure_roi/parameter_updates] /camera/realsense2_camera_manager http://ubuntu:40185/
[rosmaster.master][INFO] 2023-09-01 18:41:03,643: +SERVICE [/camera/rgb_camera/auto_exposure_roi/set_parameters] /camera/realsense2_camera_manager http://ubuntu:40185/
[rosmaster.master][INFO] 2023-09-01 18:41:03,645: +SERVICE [/camera/realsense2_camera/device_info] /camera/realsense2_camera_manager http://ubuntu:40185/
[rosmaster.master][INFO] 2023-09-01 18:43:58,723: -PUB [/camera/extrinsics/depth_to_color] /camera/realsense2_camera_manager http://ubuntu:40185/
[rosmaster.master][INFO] 2023-09-01 18:43:58,725: -PUB [/camera/color/metadata] /camera/realsense2_camera_manager http://ubuntu:40185/
[rosmaster.master][INFO] 2023-09-01 18:43:58,727: -PUB [/camera/depth/metadata] /camera/realsense2_camera_manager http://ubuntu:40185/
[rosmaster.master][INFO] 2023-09-01 18:43:58,729: -PUB [/camera/color/camera_info] /camera/realsense2_camera_manager http://ubuntu:40185/
[rosmaster.master][INFO] 2023-09-01 18:43:58,730: -PUB [/camera/depth/camera_info] /camera/realsense2_camera_manager http://ubuntu:40185/
[rosmaster.master][INFO] 2023-09-01 18:43:58,730: -PUB [/camera/color/image_raw/compressedDepth] /camera/realsense2_camera_manager http://ubuntu:40185/
[rosmaster.master][INFO] 2023-09-01 18:43:58,731: -PUB [/camera/color/image_raw/compressed] /camera/realsense2_camera_manager http://ubuntu:40185/
[rosmaster.master][INFO] 2023-09-01 18:43:58,732: -PUB [/camera/color/image_raw] /camera/realsense2_camera_manager http://ubuntu:40185/
[rosmaster.master][INFO] 2023-09-01 18:43:58,733: -PUB [/camera/color/image_raw/theora] /camera/realsense2_camera_manager http://ubuntu:40185/
[rosmaster.master][INFO] 2023-09-01 18:43:58,734: -PUB [/camera/color/image_raw/compressedDepth/parameter_descriptions] /camera/realsense2_camera_manager http://ubuntu:40185/
[rosmaster.master][INFO] 2023-09-01 18:43:58,735: -PUB [/camera/color/image_raw/compressedDepth/parameter_updates] /camera/realsense2_camera_manager http://ubuntu:40185/
[rosmaster.master][INFO] 2023-09-01 18:43:58,736: -SERVICE [/camera/color/image_raw/compressedDepth/set_parameters] /camera/realsense2_camera_manager rosrpc://ubuntu:50627
[rosmaster.master][INFO] 2023-09-01 18:43:58,737: -PUB [/camera/color/image_raw/compressed/parameter_descriptions] /camera/realsense2_camera_manager http://ubuntu:40185/
[rosmaster.master][INFO] 2023-09-01 18:43:58,738: -PUB [/camera/color/image_raw/compressed/parameter_updates] /camera/realsense2_camera_manager http://ubuntu:40185/
[rosmaster.master][INFO] 2023-09-01 18:43:58,738: -SERVICE [/camera/color/image_raw/compressed/set_parameters] /camera/realsense2_camera_manager rosrpc://ubuntu:50627
[rosmaster.master][INFO] 2023-09-01 18:43:58,739: -PUB [/camera/color/image_raw/theora/parameter_descriptions] /camera/realsense2_camera_manager http://ubuntu:40185/
[rosmaster.master][INFO] 2023-09-01 18:43:58,740: -PUB [/camera/color/image_raw/theora/parameter_updates] /camera/realsense2_camera_manager http://ubuntu:40185/
[rosmaster.master][INFO] 2023-09-01 18:43:58,741: -SERVICE [/camera/color/image_raw/theora/set_parameters] /camera/realsense2_camera_manager rosrpc://ubuntu:50627
[rosmaster.master][INFO] 2023-09-01 18:43:58,742: -PUB [/diagnostics] /camera/realsense2_camera_manager http://ubuntu:40185/
[rosmaster.master][INFO] 2023-09-01 18:43:58,743: -PUB [/camera/depth/image_rect_raw/compressedDepth] /camera/realsense2_camera_manager http://ubuntu:40185/
[rosmaster.master][INFO] 2023-09-01 18:43:58,744: -PUB [/camera/depth/image_rect_raw/compressed] /camera/realsense2_camera_manager http://ubuntu:40185/
[rosmaster.master][INFO] 2023-09-01 18:43:58,745: -PUB [/camera/depth/image_rect_raw] /camera/realsense2_camera_manager http://ubuntu:40185/
[rosmaster.master][INFO] 2023-09-01 18:43:58,745: -PUB [/camera/depth/image_rect_raw/theora] /camera/realsense2_camera_manager http://ubuntu:40185/
[rosmaster.master][INFO] 2023-09-01 18:43:58,746: -PUB [/camera/depth/image_rect_raw/compressedDepth/parameter_descriptions] /camera/realsense2_camera_manager http://ubuntu:40185/
[rosmaster.master][INFO] 2023-09-01 18:43:58,746: -PUB [/camera/depth/image_rect_raw/compressedDepth/parameter_updates] /camera/realsense2_camera_manager http://ubuntu:40185/
[rosmaster.master][INFO] 2023-09-01 18:43:58,747: -SERVICE [/camera/depth/image_rect_raw/compressedDepth/set_parameters] /camera/realsense2_camera_manager rosrpc://ubuntu:50627
[rosmaster.master][INFO] 2023-09-01 18:43:58,748: -PUB [/camera/depth/image_rect_raw/compressed/parameter_descriptions] /camera/realsense2_camera_manager http://ubuntu:40185/
[rosmaster.master][INFO] 2023-09-01 18:43:58,749: -PUB [/camera/depth/image_rect_raw/compressed/parameter_updates] /camera/realsense2_camera_manager http://ubuntu:40185/
[rosmaster.master][INFO] 2023-09-01 18:43:58,750: -SERVICE [/camera/depth/image_rect_raw/compressed/set_parameters] /camera/realsense2_camera_manager rosrpc://ubuntu:50627
[rosmaster.master][INFO] 2023-09-01 18:43:58,751: -PUB [/camera/depth/image_rect_raw/theora/parameter_descriptions] /camera/realsense2_camera_manager http://ubuntu:40185/
[rosmaster.master][INFO] 2023-09-01 18:43:58,751: -PUB [/camera/depth/image_rect_raw/theora/parameter_updates] /camera/realsense2_camera_manager http://ubuntu:40185/
[rosmaster.master][INFO] 2023-09-01 18:43:58,752: -SERVICE [/camera/depth/image_rect_raw/theora/set_parameters] /camera/realsense2_camera_manager rosrpc://ubuntu:50627
[rosmaster.master][INFO] 2023-09-01 18:43:58,755: -PUB [/tf] /camera/realsense2_camera_manager http://ubuntu:40185/
[rosmaster.master][INFO] 2023-09-01 18:43:58,756: -PUB [/tf_static] /camera/realsense2_camera_manager http://ubuntu:40185/
[rosmaster.master][INFO] 2023-09-01 18:43:58,756: -SERVICE [/camera/stereo_module/set_parameters] /camera/realsense2_camera_manager rosrpc://ubuntu:50627
[rosmaster.master][INFO] 2023-09-01 18:43:58,757: -PUB [/camera/stereo_module/parameter_updates] /camera/realsense2_camera_manager http://ubuntu:40185/
[rosmaster.master][INFO] 2023-09-01 18:43:58,758: -PUB [/camera/stereo_module/parameter_descriptions] /camera/realsense2_camera_manager http://ubuntu:40185/
[rosmaster.master][INFO] 2023-09-01 18:43:58,760: -SERVICE [/camera/rgb_camera/set_parameters] /camera/realsense2_camera_manager rosrpc://ubuntu:50627
[rosmaster.master][INFO] 2023-09-01 18:43:58,761: -PUB [/camera/rgb_camera/parameter_updates] /camera/realsense2_camera_manager http://ubuntu:40185/
[rosmaster.master][INFO] 2023-09-01 18:43:58,761: -PUB [/camera/rgb_camera/parameter_descriptions] /camera/realsense2_camera_manager http://ubuntu:40185/
[rosmaster.master][INFO] 2023-09-01 18:43:58,762: -SERVICE [/camera/motion_module/set_parameters] /camera/realsense2_camera_manager rosrpc://ubuntu:50627
[rosmaster.master][INFO] 2023-09-01 18:43:58,763: -PUB [/camera/motion_module/parameter_updates] /camera/realsense2_camera_manager http://ubuntu:40185/
[rosmaster.master][INFO] 2023-09-01 18:43:58,764: -PUB [/camera/motion_module/parameter_descriptions] /camera/realsense2_camera_manager http://ubuntu:40185/
[rosmaster.master][INFO] 2023-09-01 18:43:58,764: -SERVICE [/camera/stereo_module/auto_exposure_roi/set_parameters] /camera/realsense2_camera_manager rosrpc://ubuntu:50627
[rosmaster.master][INFO] 2023-09-01 18:43:58,765: -PUB [/camera/stereo_module/auto_exposure_roi/parameter_updates] /camera/realsense2_camera_manager http://ubuntu:40185/
[rosmaster.master][INFO] 2023-09-01 18:43:58,766: -PUB [/camera/stereo_module/auto_exposure_roi/parameter_descriptions] /camera/realsense2_camera_manager http://ubuntu:40185/
[rosmaster.master][INFO] 2023-09-01 18:43:58,766: -SERVICE [/camera/rgb_camera/auto_exposure_roi/set_parameters] /camera/realsense2_camera_manager rosrpc://ubuntu:50627
[rosmaster.master][INFO] 2023-09-01 18:43:58,767: -PUB [/camera/rgb_camera/auto_exposure_roi/parameter_updates] /camera/realsense2_camera_manager http://ubuntu:40185/
[rosmaster.master][INFO] 2023-09-01 18:43:58,767: -PUB [/camera/rgb_camera/auto_exposure_roi/parameter_descriptions] /camera/realsense2_camera_manager http://ubuntu:40185/
[rosmaster.master][INFO] 2023-09-01 18:43:58,768: -SERVICE [/camera/realsense2_camera/device_info] /camera/realsense2_camera_manager rosrpc://ubuntu:50627
[rosmaster.master][INFO] 2023-09-01 18:44:27,228: +PUB [/tf_static] /camera/realsense2_camera_manager http://ubuntu:40185/
[rosmaster.master][INFO] 2023-09-01 18:44:27,229: +PUB [/tf] /camera/realsense2_camera_manager http://ubuntu:40185/
[rosmaster.master][INFO] 2023-09-01 18:44:30,282: +PUB [/camera/stereo_module/parameter_descriptions] /camera/realsense2_camera_manager http://ubuntu:40185/
[rosmaster.master][INFO] 2023-09-01 18:44:30,285: +PUB [/camera/stereo_module/parameter_updates] /camera/realsense2_camera_manager http://ubuntu:40185/
[rosmaster.master][INFO] 2023-09-01 18:44:30,287: +SERVICE [/camera/stereo_module/set_parameters] /camera/realsense2_camera_manager http://ubuntu:40185/
[rosmaster.master][INFO] 2023-09-01 18:44:31,845: +PUB [/camera/rgb_camera/parameter_descriptions] /camera/realsense2_camera_manager http://ubuntu:40185/
[rosmaster.master][INFO] 2023-09-01 18:44:31,846: +PUB [/camera/rgb_camera/parameter_updates] /camera/realsense2_camera_manager http://ubuntu:40185/
[rosmaster.master][INFO] 2023-09-01 18:44:31,846: +SERVICE [/camera/rgb_camera/set_parameters] /camera/realsense2_camera_manager http://ubuntu:40185/
[rosmaster.master][INFO] 2023-09-01 18:44:31,854: +PUB [/camera/motion_module/parameter_descriptions] /camera/realsense2_camera_manager http://ubuntu:40185/
[rosmaster.master][INFO] 2023-09-01 18:44:31,854: +PUB [/camera/motion_module/parameter_updates] /camera/realsense2_camera_manager http://ubuntu:40185/
[rosmaster.master][INFO] 2023-09-01 18:44:31,855: +SERVICE [/camera/motion_module/set_parameters] /camera/realsense2_camera_manager http://ubuntu:40185/
[rosmaster.master][INFO] 2023-09-01 18:44:31,859: +PUB [/diagnostics] /camera/realsense2_camera_manager http://ubuntu:40185/
[rosmaster.master][INFO] 2023-09-01 18:44:31,864: +PUB [/camera/depth/image_rect_raw/compressedDepth] /camera/realsense2_camera_manager http://ubuntu:40185/
[rosmaster.master][INFO] 2023-09-01 18:44:31,866: +SERVICE [/camera/depth/image_rect_raw/compressedDepth/set_parameters] /camera/realsense2_camera_manager http://ubuntu:40185/
[rosmaster.master][INFO] 2023-09-01 18:44:31,867: +PUB [/camera/depth/image_rect_raw/compressedDepth/parameter_descriptions] /camera/realsense2_camera_manager http://ubuntu:40185/
[rosmaster.master][INFO] 2023-09-01 18:44:31,868: +PUB [/camera/depth/image_rect_raw/compressedDepth/parameter_updates] /camera/realsense2_camera_manager http://ubuntu:40185/
[rosmaster.master][INFO] 2023-09-01 18:44:31,873: +PARAM [/camera/depth/image_rect_raw/compressedDepth/format] by /camera/realsense2_camera_manager
[rosmaster.master][INFO] 2023-09-01 18:44:31,873: +PARAM [/camera/depth/image_rect_raw/compressedDepth/depth_max] by /camera/realsense2_camera_manager
[rosmaster.master][INFO] 2023-09-01 18:44:31,875: +PARAM [/camera/depth/image_rect_raw/compressedDepth/depth_quantization] by /camera/realsense2_camera_manager
[rosmaster.master][INFO] 2023-09-01 18:44:31,875: +PARAM [/camera/depth/image_rect_raw/compressedDepth/png_level] by /camera/realsense2_camera_manager
[rosmaster.master][INFO] 2023-09-01 18:44:31,876: +PARAM [/camera/depth/image_rect_raw/compressedDepth/format] by /camera/realsense2_camera_manager
[rosmaster.master][INFO] 2023-09-01 18:44:31,877: +PARAM [/camera/depth/image_rect_raw/compressedDepth/depth_max] by /camera/realsense2_camera_manager
[rosmaster.master][INFO] 2023-09-01 18:44:31,878: +PARAM [/camera/depth/image_rect_raw/compressedDepth/depth_quantization] by /camera/realsense2_camera_manager
[rosmaster.master][INFO] 2023-09-01 18:44:31,878: +PARAM [/camera/depth/image_rect_raw/compressedDepth/png_level] by /camera/realsense2_camera_manager
[rosmaster.master][INFO] 2023-09-01 18:44:31,882: +PUB [/camera/depth/image_rect_raw/compressed] /camera/realsense2_camera_manager http://ubuntu:40185/
[rosmaster.master][INFO] 2023-09-01 18:44:31,883: +SERVICE [/camera/depth/image_rect_raw/compressed/set_parameters] /camera/realsense2_camera_manager http://ubuntu:40185/
[rosmaster.master][INFO] 2023-09-01 18:44:31,884: +PUB [/camera/depth/image_rect_raw/compressed/parameter_descriptions] /camera/realsense2_camera_manager http://ubuntu:40185/
[rosmaster.master][INFO] 2023-09-01 18:44:31,886: +PUB [/camera/depth/image_rect_raw/compressed/parameter_updates] /camera/realsense2_camera_manager http://ubuntu:40185/
[rosmaster.master][INFO] 2023-09-01 18:44:31,890: +PARAM [/camera/depth/image_rect_raw/compressed/format] by /camera/realsense2_camera_manager
[rosmaster.master][INFO] 2023-09-01 18:44:31,891: +PARAM [/camera/depth/image_rect_raw/compressed/jpeg_quality] by /camera/realsense2_camera_manager
[rosmaster.master][INFO] 2023-09-01 18:44:31,891: +PARAM [/camera/depth/image_rect_raw/compressed/jpeg_progressive] by /camera/realsense2_camera_manager
[rosmaster.master][INFO] 2023-09-01 18:44:31,892: +PARAM [/camera/depth/image_rect_raw/compressed/jpeg_optimize] by /camera/realsense2_camera_manager
[rosmaster.master][INFO] 2023-09-01 18:44:31,892: +PARAM [/camera/depth/image_rect_raw/compressed/jpeg_restart_interval] by /camera/realsense2_camera_manager
[rosmaster.master][INFO] 2023-09-01 18:44:31,893: +PARAM [/camera/depth/image_rect_raw/compressed/png_level] by /camera/realsense2_camera_manager
[rosmaster.master][INFO] 2023-09-01 18:44:31,894: +PARAM [/camera/depth/image_rect_raw/compressed/format] by /camera/realsense2_camera_manager
[rosmaster.master][INFO] 2023-09-01 18:44:31,895: +PARAM [/camera/depth/image_rect_raw/compressed/jpeg_quality] by /camera/realsense2_camera_manager
[rosmaster.master][INFO] 2023-09-01 18:44:31,895: +PARAM [/camera/depth/image_rect_raw/compressed/jpeg_progressive] by /camera/realsense2_camera_manager
[rosmaster.master][INFO] 2023-09-01 18:44:31,896: +PARAM [/camera/depth/image_rect_raw/compressed/jpeg_optimize] by /camera/realsense2_camera_manager
[rosmaster.master][INFO] 2023-09-01 18:44:31,896: +PARAM [/camera/depth/image_rect_raw/compressed/jpeg_restart_interval] by /camera/realsense2_camera_manager
[rosmaster.master][INFO] 2023-09-01 18:44:31,897: +PARAM [/camera/depth/image_rect_raw/compressed/png_level] by /camera/realsense2_camera_manager
[rosmaster.master][INFO] 2023-09-01 18:44:31,898: +PUB [/camera/depth/image_rect_raw] /camera/realsense2_camera_manager http://ubuntu:40185/
[rosmaster.master][INFO] 2023-09-01 18:44:31,910: +PUB [/camera/depth/image_rect_raw/theora] /camera/realsense2_camera_manager http://ubuntu:40185/
[rosmaster.master][INFO] 2023-09-01 18:44:31,912: +SERVICE [/camera/depth/image_rect_raw/theora/set_parameters] /camera/realsense2_camera_manager http://ubuntu:40185/
[rosmaster.master][INFO] 2023-09-01 18:44:31,913: +PUB [/camera/depth/image_rect_raw/theora/parameter_descriptions] /camera/realsense2_camera_manager http://ubuntu:40185/
[rosmaster.master][INFO] 2023-09-01 18:44:31,914: +PUB [/camera/depth/image_rect_raw/theora/parameter_updates] /camera/realsense2_camera_manager http://ubuntu:40185/
[rosmaster.master][INFO] 2023-09-01 18:44:31,916: +PARAM [/camera/depth/image_rect_raw/theora/optimize_for] by /camera/realsense2_camera_manager
[rosmaster.master][INFO] 2023-09-01 18:44:31,919: +PARAM [/camera/depth/image_rect_raw/theora/target_bitrate] by /camera/realsense2_camera_manager
[rosmaster.master][INFO] 2023-09-01 18:44:31,921: +PARAM [/camera/depth/image_rect_raw/theora/quality] by /camera/realsense2_camera_manager
[rosmaster.master][INFO] 2023-09-01 18:44:31,922: +PARAM [/camera/depth/image_rect_raw/theora/keyframe_frequency] by /camera/realsense2_camera_manager
[rosmaster.master][INFO] 2023-09-01 18:44:31,923: +PARAM [/camera/depth/image_rect_raw/theora/optimize_for] by /camera/realsense2_camera_manager
[rosmaster.master][INFO] 2023-09-01 18:44:31,923: +PARAM [/camera/depth/image_rect_raw/theora/target_bitrate] by /camera/realsense2_camera_manager
[rosmaster.master][INFO] 2023-09-01 18:44:31,924: +PARAM [/camera/depth/image_rect_raw/theora/quality] by /camera/realsense2_camera_manager
[rosmaster.master][INFO] 2023-09-01 18:44:31,924: +PARAM [/camera/depth/image_rect_raw/theora/keyframe_frequency] by /camera/realsense2_camera_manager
[rosmaster.master][INFO] 2023-09-01 18:44:31,925: +PUB [/camera/depth/camera_info] /camera/realsense2_camera_manager http://ubuntu:40185/
[rosmaster.master][INFO] 2023-09-01 18:44:31,926: +PUB [/camera/depth/metadata] /camera/realsense2_camera_manager http://ubuntu:40185/
[rosmaster.master][INFO] 2023-09-01 18:44:31,928: +PUB [/camera/color/image_raw/compressedDepth] /camera/realsense2_camera_manager http://ubuntu:40185/
[rosmaster.master][INFO] 2023-09-01 18:44:31,928: +SERVICE [/camera/color/image_raw/compressedDepth/set_parameters] /camera/realsense2_camera_manager http://ubuntu:40185/
[rosmaster.master][INFO] 2023-09-01 18:44:31,929: +PUB [/camera/color/image_raw/compressedDepth/parameter_descriptions] /camera/realsense2_camera_manager http://ubuntu:40185/
[rosmaster.master][INFO] 2023-09-01 18:44:31,930: +PUB [/camera/color/image_raw/compressedDepth/parameter_updates] /camera/realsense2_camera_manager http://ubuntu:40185/
[rosmaster.master][INFO] 2023-09-01 18:44:31,931: +PARAM [/camera/color/image_raw/compressedDepth/format] by /camera/realsense2_camera_manager
[rosmaster.master][INFO] 2023-09-01 18:44:31,932: +PARAM [/camera/color/image_raw/compressedDepth/depth_max] by /camera/realsense2_camera_manager
[rosmaster.master][INFO] 2023-09-01 18:44:31,932: +PARAM [/camera/color/image_raw/compressedDepth/depth_quantization] by /camera/realsense2_camera_manager
[rosmaster.master][INFO] 2023-09-01 18:44:31,933: +PARAM [/camera/color/image_raw/compressedDepth/png_level] by /camera/realsense2_camera_manager
[rosmaster.master][INFO] 2023-09-01 18:44:31,934: +PARAM [/camera/color/image_raw/compressedDepth/format] by /camera/realsense2_camera_manager
[rosmaster.master][INFO] 2023-09-01 18:44:31,934: +PARAM [/camera/color/image_raw/compressedDepth/depth_max] by /camera/realsense2_camera_manager
[rosmaster.master][INFO] 2023-09-01 18:44:31,935: +PARAM [/camera/color/image_raw/compressedDepth/depth_quantization] by /camera/realsense2_camera_manager
[rosmaster.master][INFO] 2023-09-01 18:44:31,936: +PARAM [/camera/color/image_raw/compressedDepth/png_level] by /camera/realsense2_camera_manager
[rosmaster.master][INFO] 2023-09-01 18:44:31,937: +PUB [/camera/color/image_raw/compressed] /camera/realsense2_camera_manager http://ubuntu:40185/
[rosmaster.master][INFO] 2023-09-01 18:44:31,938: +SERVICE [/camera/color/image_raw/compressed/set_parameters] /camera/realsense2_camera_manager http://ubuntu:40185/
[rosmaster.master][INFO] 2023-09-01 18:44:31,939: +PUB [/camera/color/image_raw/compressed/parameter_descriptions] /camera/realsense2_camera_manager http://ubuntu:40185/
[rosmaster.master][INFO] 2023-09-01 18:44:31,939: +PUB [/camera/color/image_raw/compressed/parameter_updates] /camera/realsense2_camera_manager http://ubuntu:40185/
[rosmaster.master][INFO] 2023-09-01 18:44:31,942: +PARAM [/camera/color/image_raw/compressed/format] by /camera/realsense2_camera_manager
[rosmaster.master][INFO] 2023-09-01 18:44:31,943: +PARAM [/camera/color/image_raw/compressed/jpeg_quality] by /camera/realsense2_camera_manager
[rosmaster.master][INFO] 2023-09-01 18:44:31,943: +PARAM [/camera/color/image_raw/compressed/jpeg_progressive] by /camera/realsense2_camera_manager
[rosmaster.master][INFO] 2023-09-01 18:44:31,944: +PARAM [/camera/color/image_raw/compressed/jpeg_optimize] by /camera/realsense2_camera_manager
[rosmaster.master][INFO] 2023-09-01 18:44:31,944: +PARAM [/camera/color/image_raw/compressed/jpeg_restart_interval] by /camera/realsense2_camera_manager
[rosmaster.master][INFO] 2023-09-01 18:44:31,945: +PARAM [/camera/color/image_raw/compressed/png_level] by /camera/realsense2_camera_manager
[rosmaster.master][INFO] 2023-09-01 18:44:31,945: +PARAM [/camera/color/image_raw/compressed/format] by /camera/realsense2_camera_manager
[rosmaster.master][INFO] 2023-09-01 18:44:31,946: +PARAM [/camera/color/image_raw/compressed/jpeg_quality] by /camera/realsense2_camera_manager
[rosmaster.master][INFO] 2023-09-01 18:44:31,946: +PARAM [/camera/color/image_raw/compressed/jpeg_progressive] by /camera/realsense2_camera_manager
[rosmaster.master][INFO] 2023-09-01 18:44:31,947: +PARAM [/camera/color/image_raw/compressed/jpeg_optimize] by /camera/realsense2_camera_manager
[rosmaster.master][INFO] 2023-09-01 18:44:31,947: +PARAM [/camera/color/image_raw/compressed/jpeg_restart_interval] by /camera/realsense2_camera_manager
[rosmaster.master][INFO] 2023-09-01 18:44:31,947: +PARAM [/camera/color/image_raw/compressed/png_level] by /camera/realsense2_camera_manager
[rosmaster.master][INFO] 2023-09-01 18:44:31,948: +PUB [/camera/color/image_raw] /camera/realsense2_camera_manager http://ubuntu:40185/
[rosmaster.master][INFO] 2023-09-01 18:44:31,949: +PUB [/camera/color/image_raw/theora] /camera/realsense2_camera_manager http://ubuntu:40185/
[rosmaster.master][INFO] 2023-09-01 18:44:31,949: +SERVICE [/camera/color/image_raw/theora/set_parameters] /camera/realsense2_camera_manager http://ubuntu:40185/
[rosmaster.master][INFO] 2023-09-01 18:44:31,950: +PUB [/camera/color/image_raw/theora/parameter_descriptions] /camera/realsense2_camera_manager http://ubuntu:40185/
[rosmaster.master][INFO] 2023-09-01 18:44:31,950: +PUB [/camera/color/image_raw/theora/parameter_updates] /camera/realsense2_camera_manager http://ubuntu:40185/
[rosmaster.master][INFO] 2023-09-01 18:44:31,953: +PARAM [/camera/color/image_raw/theora/optimize_for] by /camera/realsense2_camera_manager
[rosmaster.master][INFO] 2023-09-01 18:44:31,954: +PARAM [/camera/color/image_raw/theora/target_bitrate] by /camera/realsense2_camera_manager
[rosmaster.master][INFO] 2023-09-01 18:44:31,955: +PARAM [/camera/color/image_raw/theora/quality] by /camera/realsense2_camera_manager
[rosmaster.master][INFO] 2023-09-01 18:44:31,955: +PARAM [/camera/color/image_raw/theora/keyframe_frequency] by /camera/realsense2_camera_manager
[rosmaster.master][INFO] 2023-09-01 18:44:31,956: +PARAM [/camera/color/image_raw/theora/optimize_for] by /camera/realsense2_camera_manager
[rosmaster.master][INFO] 2023-09-01 18:44:31,956: +PARAM [/camera/color/image_raw/theora/target_bitrate] by /camera/realsense2_camera_manager
[rosmaster.master][INFO] 2023-09-01 18:44:31,957: +PARAM [/camera/color/image_raw/theora/quality] by /camera/realsense2_camera_manager
[rosmaster.master][INFO] 2023-09-01 18:44:31,957: +PARAM [/camera/color/image_raw/theora/keyframe_frequency] by /camera/realsense2_camera_manager
[rosmaster.master][INFO] 2023-09-01 18:44:31,958: +PUB [/camera/color/camera_info] /camera/realsense2_camera_manager http://ubuntu:40185/
[rosmaster.master][INFO] 2023-09-01 18:44:31,959: +PUB [/camera/color/metadata] /camera/realsense2_camera_manager http://ubuntu:40185/
[rosmaster.master][INFO] 2023-09-01 18:44:31,959: +PUB [/camera/extrinsics/depth_to_color] /camera/realsense2_camera_manager http://ubuntu:40185/
[rosmaster.master][INFO] 2023-09-01 18:44:32,238: +PUB [/camera/stereo_module/auto_exposure_roi/parameter_descriptions] /camera/realsense2_camera_manager http://ubuntu:40185/
[rosmaster.master][INFO] 2023-09-01 18:44:32,239: +PUB [/camera/stereo_module/auto_exposure_roi/parameter_updates] /camera/realsense2_camera_manager http://ubuntu:40185/
[rosmaster.master][INFO] 2023-09-01 18:44:32,240: +SERVICE [/camera/stereo_module/auto_exposure_roi/set_parameters] /camera/realsense2_camera_manager http://ubuntu:40185/
[rosmaster.master][INFO] 2023-09-01 18:44:32,243: +PUB [/camera/rgb_camera/auto_exposure_roi/parameter_descriptions] /camera/realsense2_camera_manager http://ubuntu:40185/
[rosmaster.master][INFO] 2023-09-01 18:44:32,244: +PUB [/camera/rgb_camera/auto_exposure_roi/parameter_updates] /camera/realsense2_camera_manager http://ubuntu:40185/
[rosmaster.master][INFO] 2023-09-01 18:44:32,244: +SERVICE [/camera/rgb_camera/auto_exposure_roi/set_parameters] /camera/realsense2_camera_manager http://ubuntu:40185/
[rosmaster.master][INFO] 2023-09-01 18:44:32,245: +SERVICE [/camera/realsense2_camera/device_info] /camera/realsense2_camera_manager http://ubuntu:40185/
