[base_bringup] checking lidar network eth0 192.168.1.5/24 ...
[base_bringup] eth0 already has 192.168.1.5/24
[base_bringup] cleaning old base processes...
[base_bringup] preparing Livox MID-360S driver attempt 1/5...
[base_bringup] starting Livox MID-360S driver attempt 1/5...
[base_bringup] Livox PID: 335344
[base_bringup] waiting for Livox topics...
[base_bringup] Livox topics are ready.
[base_bringup] validating Livox frame timing and point counts...
LIVOX_STREAM_OK reports=3 frame_hz=10.063 imu_hz=200.041 span_ms=99.350 min_points=19872 max_lidar_imu_offset_ms=2.512 max_queue_depth=0
[base_bringup] Livox stream validation passed.
[base_bringup] Livox is ready.
[base_bringup] Livox is ready. Starting FAST-LIO...
[base_bringup] FAST-LIO PID: 335559
[base_bringup] waiting for topic: /Odometry
[base_bringup] topic ready: /Odometry
[base_bringup] waiting for topic: /cloud_registered_body
[base_bringup] topic ready: /cloud_registered_body
[base_bringup] FAST-LIO is ready.
[base_bringup] logs:
  /home/unitree/go2_fastlio_ws/patrol_logs/livox.log
  /home/unitree/go2_fastlio_ws/patrol_logs/fast_lio.log
