1784916567.986884 [0] cmd_vel_ud: config: //CycloneDDS/Domain/General: 'NetworkInterfaceAddress': deprecated element (file:///tmp/go2_cyclonedds_eth0.xml line 4)
[INFO] [1784916568.007260077] [cmd_vel_udp_sender]: UDP sender to 127.0.0.1:5005, packet_v=2, max_vy=0.000, unitree_vy_sign=+1
[INFO] [1784916569.007583008] [cmd_vel_udp_sender]: TIMING_SENDER ros_gap_ms=0.000/0.000/0.000 callback_ms=0.000/0.000/0.000 sendto_ms=0.000/0.000/0.000 cmd_age_ms=-1.000 count=0 errors=0 errno=0 seq=0 cmd=(0.000,0.000,0.000)
[INFO] [1784916570.007787713] [cmd_vel_udp_sender]: TIMING_SENDER ros_gap_ms=0.000/0.000/0.000 callback_ms=0.000/0.000/0.000 sendto_ms=0.000/0.000/0.000 cmd_age_ms=-1.000 count=0 errors=0 errno=0 seq=0 cmd=(0.000,0.000,0.000)
[INFO] [1784916571.014432623] [cmd_vel_udp_sender]: TIMING_SENDER ros_gap_ms=48.438/55.279/55.279 callback_ms=0.034/0.064/0.064 sendto_ms=0.032/0.062/0.062 cmd_age_ms=10.838 count=16 errors=0 errno=0 seq=16 cmd=(0.000,0.000,0.000)
[INFO] [1784916572.008145938] [cmd_vel_udp_sender]: TIMING_SENDER ros_gap_ms=49.993/51.330/51.407 callback_ms=0.033/0.038/0.042 sendto_ms=0.032/0.037/0.038 cmd_age_ms=4.690 count=20 errors=0 errno=0 seq=36 cmd=(0.000,0.000,0.000)
[INFO] [1784916573.008292765] [cmd_vel_udp_sender]: TIMING_SENDER ros_gap_ms=50.019/51.941/54.008 callback_ms=0.032/0.037/0.038 sendto_ms=0.031/0.036/0.037 cmd_age_ms=4.455 count=20 errors=0 errno=0 seq=56 cmd=(0.000,0.000,0.000)
[INFO] [1784916574.008418452] [cmd_vel_udp_sender]: TIMING_SENDER ros_gap_ms=49.978/51.209/51.209 callback_ms=0.033/0.038/0.043 sendto_ms=0.032/0.037/0.042 cmd_age_ms=5.030 count=20 errors=0 errno=0 seq=76 cmd=(0.000,0.000,0.000)
[INFO] [1784916575.008532259] [cmd_vel_udp_sender]: TIMING_SENDER ros_gap_ms=50.076/51.735/54.939 callback_ms=0.033/0.040/0.043 sendto_ms=0.032/0.039/0.042 cmd_age_ms=3.616 count=20 errors=0 errno=0 seq=96 cmd=(0.000,0.000,0.000)
[INFO] [1784916576.008574993] [cmd_vel_udp_sender]: TIMING_SENDER ros_gap_ms=49.893/52.307/57.188 callback_ms=0.032/0.038/0.052 sendto_ms=0.032/0.036/0.051 cmd_age_ms=5.801 count=20 errors=0 errno=0 seq=116 cmd=(0.000,0.000,0.000)
[INFO] [1784916577.007762048] [cmd_vel_udp_sender]: TIMING_SENDER ros_gap_ms=50.068/50.886/53.953 callback_ms=0.031/0.034/0.050 sendto_ms=0.030/0.033/0.049 cmd_age_ms=3.635 count=20 errors=0 errno=0 seq=136 cmd=(0.000,0.000,0.000)
[INFO] [1784916578.006991924] [cmd_vel_udp_sender]: TIMING_SENDER ros_gap_ms=49.968/52.483/56.333 callback_ms=0.033/0.050/0.051 sendto_ms=0.032/0.050/0.050 cmd_age_ms=3.514 count=20 errors=0 errno=0 seq=156 cmd=(0.000,0.000,0.000)
[INFO] [1784916579.006271108] [cmd_vel_udp_sender]: TIMING_SENDER ros_gap_ms=49.969/55.962/63.601 callback_ms=0.038/0.056/0.061 sendto_ms=0.037/0.054/0.060 cmd_age_ms=3.412 count=20 errors=0 errno=0 seq=176 cmd=(0.000,0.000,0.000)
[INFO] [1784916580.005598426] [cmd_vel_udp_sender]: TIMING_SENDER ros_gap_ms=50.012/52.955/56.155 callback_ms=0.052/0.063/0.098 sendto_ms=0.050/0.062/0.097 cmd_age_ms=2.506 count=20 errors=0 errno=0 seq=196 cmd=(0.000,0.000,0.000)
[INFO] [1784916581.004964213] [cmd_vel_udp_sender]: TIMING_SENDER ros_gap_ms=50.011/50.401/61.818 callback_ms=0.048/0.059/0.067 sendto_ms=0.047/0.057/0.065 cmd_age_ms=1.648 count=20 errors=0 errno=0 seq=216 cmd=(0.000,0.000,0.000)
[INFO] [1784916582.004372072] [cmd_vel_udp_sender]: TIMING_SENDER ros_gap_ms=49.982/51.336/55.428 callback_ms=0.047/0.058/0.059 sendto_ms=0.046/0.056/0.058 cmd_age_ms=1.423 count=20 errors=0 errno=0 seq=236 cmd=(0.000,0.000,0.000)
[INFO] [1784916583.003776084] [cmd_vel_udp_sender]: TIMING_SENDER ros_gap_ms=50.015/50.248/50.325 callback_ms=0.052/0.073/0.080 sendto_ms=0.051/0.071/0.078 cmd_age_ms=0.531 count=20 errors=0 errno=0 seq=256 cmd=(0.000,0.000,0.000)
[INFO] [1784916584.003181183] [cmd_vel_udp_sender]: TIMING_SENDER ros_gap_ms=50.081/55.371/55.371 callback_ms=0.040/0.069/0.069 sendto_ms=0.039/0.068/0.068 cmd_age_ms=48.391 count=19 errors=0 errno=0 seq=275 cmd=(0.000,0.000,0.000)
[INFO] [1784916585.002800755] [cmd_vel_udp_sender]: TIMING_SENDER ros_gap_ms=49.933/54.369/54.540 callback_ms=0.046/0.060/0.069 sendto_ms=0.045/0.059/0.068 cmd_age_ms=49.354 count=20 errors=0 errno=0 seq=295 cmd=(0.000,0.000,0.000)
[INFO] [1784916586.002329253] [cmd_vel_udp_sender]: TIMING_SENDER ros_gap_ms=49.993/51.757/54.286 callback_ms=0.051/0.066/0.067 sendto_ms=0.050/0.064/0.065 cmd_age_ms=49.015 count=20 errors=0 errno=0 seq=315 cmd=(0.000,0.000,0.000)
[INFO] [1784916587.001852355] [cmd_vel_udp_sender]: TIMING_SENDER ros_gap_ms=50.003/52.175/55.543 callback_ms=0.051/0.067/0.073 sendto_ms=0.050/0.066/0.072 cmd_age_ms=48.481 count=20 errors=0 errno=0 seq=335 cmd=(0.000,0.000,0.000)
[INFO] [1784916588.001388745] [cmd_vel_udp_sender]: TIMING_SENDER ros_gap_ms=50.167/55.370/56.444 callback_ms=0.049/0.065/0.069 sendto_ms=0.048/0.064/0.068 cmd_age_ms=44.674 count=20 errors=0 errno=0 seq=355 cmd=(0.000,0.000,0.000)
[INFO] [1784916589.000973144] [cmd_vel_udp_sender]: TIMING_SENDER ros_gap_ms=49.860/50.666/51.417 callback_ms=0.053/0.067/0.068 sendto_ms=0.051/0.066/0.066 cmd_age_ms=47.066 count=20 errors=0 errno=0 seq=375 cmd=(0.000,0.000,0.000)
[INFO] [1784916590.000686510] [cmd_vel_udp_sender]: TIMING_SENDER ros_gap_ms=49.972/53.205/55.038 callback_ms=0.046/0.055/0.055 sendto_ms=0.044/0.054/0.054 cmd_age_ms=47.330 count=20 errors=0 errno=0 seq=395 cmd=(0.000,0.000,0.000)
[INFO] [1784916591.000169929] [cmd_vel_udp_sender]: TIMING_SENDER ros_gap_ms=50.022/51.706/53.640 callback_ms=0.042/0.057/0.065 sendto_ms=0.041/0.056/0.064 cmd_age_ms=46.378 count=20 errors=0 errno=0 seq=415 cmd=(0.500,-0.000,0.051)
[INFO] [1784916591.999804324] [cmd_vel_udp_sender]: TIMING_SENDER ros_gap_ms=49.967/50.779/51.003 callback_ms=0.050/0.061/0.064 sendto_ms=0.049/0.059/0.062 cmd_age_ms=46.666 count=20 errors=0 errno=0 seq=435 cmd=(0.500,-0.000,0.046)
[INFO] [1784916592.999440783] [cmd_vel_udp_sender]: TIMING_SENDER ros_gap_ms=49.987/50.714/51.890 callback_ms=0.051/0.061/0.062 sendto_ms=0.049/0.059/0.060 cmd_age_ms=46.561 count=20 errors=0 errno=0 seq=455 cmd=(0.500,-0.000,-0.009)
[INFO] [1784916593.999132050] [cmd_vel_udp_sender]: TIMING_SENDER ros_gap_ms=49.999/50.433/50.587 callback_ms=0.043/0.060/0.061 sendto_ms=0.042/0.058/0.060 cmd_age_ms=46.274 count=20 errors=0 errno=0 seq=475 cmd=(0.500,-0.000,-0.041)
[INFO] [1784916594.998837276] [cmd_vel_udp_sender]: TIMING_SENDER ros_gap_ms=50.066/51.894/55.482 callback_ms=0.038/0.043/0.062 sendto_ms=0.036/0.042/0.061 cmd_age_ms=44.637 count=20 errors=0 errno=0 seq=495 cmd=(0.500,-0.000,-0.044)
[INFO] [1784916595.998512148] [cmd_vel_udp_sender]: TIMING_SENDER ros_gap_ms=50.027/50.815/54.441 callback_ms=0.041/0.052/0.067 sendto_ms=0.040/0.050/0.065 cmd_age_ms=43.796 count=20 errors=0 errno=0 seq=515 cmd=(0.500,-0.000,-0.045)
[INFO] [1784916596.998231163] [cmd_vel_udp_sender]: TIMING_SENDER ros_gap_ms=49.911/51.612/52.390 callback_ms=0.042/0.048/0.060 sendto_ms=0.041/0.046/0.059 cmd_age_ms=45.301 count=20 errors=0 errno=0 seq=535 cmd=(0.500,-0.000,0.002)
[INFO] [1784916597.997961254] [cmd_vel_udp_sender]: TIMING_SENDER ros_gap_ms=50.035/51.903/62.122 callback_ms=0.053/0.061/0.062 sendto_ms=0.052/0.060/0.061 cmd_age_ms=44.331 count=20 errors=0 errno=0 seq=555 cmd=(0.500,-0.000,0.010)
[INFO] [1784916598.997710580] [cmd_vel_udp_sender]: TIMING_SENDER ros_gap_ms=49.987/51.218/52.451 callback_ms=0.052/0.060/0.063 sendto_ms=0.050/0.058/0.061 cmd_age_ms=44.339 count=20 errors=0 errno=0 seq=575 cmd=(0.500,-0.000,-0.017)
[INFO] [1784916599.997459929] [cmd_vel_udp_sender]: TIMING_SENDER ros_gap_ms=50.000/50.511/50.543 callback_ms=0.054/0.075/0.076 sendto_ms=0.053/0.073/0.074 cmd_age_ms=44.081 count=20 errors=0 errno=0 seq=595 cmd=(0.500,-0.000,-0.002)
[INFO] [1784916600.997245353] [cmd_vel_udp_sender]: TIMING_SENDER ros_gap_ms=49.984/55.027/58.588 callback_ms=0.050/0.068/0.070 sendto_ms=0.048/0.066/0.068 cmd_age_ms=44.194 count=20 errors=0 errno=0 seq=615 cmd=(0.500,-0.000,-0.029)
[INFO] [1784916601.996980871] [cmd_vel_udp_sender]: TIMING_SENDER ros_gap_ms=50.001/50.274/50.320 callback_ms=0.048/0.064/0.074 sendto_ms=0.047/0.062/0.072 cmd_age_ms=43.903 count=20 errors=0 errno=0 seq=635 cmd=(0.500,-0.000,0.014)
[INFO] [1784916602.996769982] [cmd_vel_udp_sender]: TIMING_SENDER ros_gap_ms=50.010/52.591/54.804 callback_ms=0.052/0.063/0.101 sendto_ms=0.051/0.062/0.099 cmd_age_ms=43.484 count=20 errors=0 errno=0 seq=655 cmd=(0.500,-0.000,0.004)
[INFO] [1784916603.996582540] [cmd_vel_udp_sender]: TIMING_SENDER ros_gap_ms=49.992/50.335/50.458 callback_ms=0.051/0.065/0.080 sendto_ms=0.050/0.063/0.079 cmd_age_ms=43.451 count=20 errors=0 errno=0 seq=675 cmd=(0.500,-0.000,0.002)
[INFO] [1784916604.996331897] [cmd_vel_udp_sender]: TIMING_SENDER ros_gap_ms=50.004/53.210/55.227 callback_ms=0.045/0.056/0.057 sendto_ms=0.044/0.054/0.056 cmd_age_ms=43.114 count=20 errors=0 errno=0 seq=695 cmd=(0.500,-0.000,-0.019)
[INFO] [1784916605.996160768] [cmd_vel_udp_sender]: TIMING_SENDER ros_gap_ms=49.986/50.829/50.889 callback_ms=0.047/0.058/0.061 sendto_ms=0.045/0.057/0.060 cmd_age_ms=43.222 count=20 errors=0 errno=0 seq=715 cmd=(0.500,-0.000,-0.035)
[INFO] [1784916606.995956396] [cmd_vel_udp_sender]: TIMING_SENDER ros_gap_ms=50.012/50.260/53.360 callback_ms=0.052/0.061/0.110 sendto_ms=0.051/0.060/0.109 cmd_age_ms=42.780 count=20 errors=0 errno=0 seq=735 cmd=(0.500,-0.000,0.007)
[INFO] [1784916607.996988517] [cmd_vel_udp_sender]: TIMING_SENDER ros_gap_ms=49.995/51.061/52.425 callback_ms=0.047/0.063/0.074 sendto_ms=0.046/0.062/0.073 cmd_age_ms=43.913 count=20 errors=0 errno=0 seq=755 cmd=(0.500,-0.000,-0.068)
[INFO] [1784916608.995577826] [cmd_vel_udp_sender]: TIMING_SENDER ros_gap_ms=50.051/52.359/55.249 callback_ms=0.045/0.051/0.051 sendto_ms=0.043/0.049/0.049 cmd_age_ms=41.475 count=20 errors=0 errno=0 seq=775 cmd=(0.500,-0.000,0.075)
[INFO] [1784916609.995401887] [cmd_vel_udp_sender]: TIMING_SENDER ros_gap_ms=49.942/51.108/52.680 callback_ms=0.051/0.065/0.212 sendto_ms=0.049/0.064/0.210 cmd_age_ms=42.452 count=20 errors=0 errno=0 seq=795 cmd=(0.500,-0.000,0.013)
[INFO] [1784916610.995239804] [cmd_vel_udp_sender]: TIMING_SENDER ros_gap_ms=49.995/51.311/51.828 callback_ms=0.041/0.046/0.054 sendto_ms=0.039/0.044/0.053 cmd_age_ms=42.386 count=20 errors=0 errno=0 seq=815 cmd=(0.500,-0.000,-0.017)
[INFO] [1784916611.995065809] [cmd_vel_udp_sender]: TIMING_SENDER ros_gap_ms=50.054/51.453/56.060 callback_ms=0.053/0.062/0.143 sendto_ms=0.052/0.060/0.142 cmd_age_ms=41.130 count=20 errors=0 errno=0 seq=835 cmd=(0.500,-0.000,0.010)
[INFO] [1784916612.994917922] [cmd_vel_udp_sender]: TIMING_SENDER ros_gap_ms=49.956/54.414/59.609 callback_ms=0.048/0.065/0.066 sendto_ms=0.047/0.064/0.064 cmd_age_ms=41.859 count=20 errors=0 errno=0 seq=855 cmd=(0.500,-0.000,0.022)
[INFO] [1784916613.994766798] [cmd_vel_udp_sender]: TIMING_SENDER ros_gap_ms=50.048/59.734/72.834 callback_ms=0.047/0.062/0.076 sendto_ms=0.045/0.061/0.075 cmd_age_ms=40.745 count=20 errors=0 errno=0 seq=875 cmd=(0.500,-0.000,0.005)
[INFO] [1784916614.994603621] [cmd_vel_udp_sender]: TIMING_SENDER ros_gap_ms=50.009/55.841/56.601 callback_ms=0.039/0.045/0.047 sendto_ms=0.037/0.044/0.045 cmd_age_ms=40.409 count=20 errors=0 errno=0 seq=895 cmd=(0.500,-0.000,0.013)
[INFO] [1784916615.994463426] [cmd_vel_udp_sender]: TIMING_SENDER ros_gap_ms=49.946/52.783/52.846 callback_ms=0.045/0.059/0.062 sendto_ms=0.044/0.058/0.060 cmd_age_ms=41.352 count=20 errors=0 errno=0 seq=915 cmd=(0.500,-0.000,0.022)
[INFO] [1784916616.994324088] [cmd_vel_udp_sender]: TIMING_SENDER ros_gap_ms=50.004/50.616/51.446 callback_ms=0.044/0.065/0.073 sendto_ms=0.043/0.063/0.071 cmd_age_ms=41.132 count=20 errors=0 errno=0 seq=935 cmd=(0.500,-0.000,-0.001)
[INFO] [1784916617.994158536] [cmd_vel_udp_sender]: TIMING_SENDER ros_gap_ms=49.998/50.465/57.766 callback_ms=0.051/0.076/0.081 sendto_ms=0.050/0.074/0.080 cmd_age_ms=41.000 count=20 errors=0 errno=0 seq=955 cmd=(0.500,-0.000,-0.021)
[INFO] [1784916618.994025239] [cmd_vel_udp_sender]: TIMING_SENDER ros_gap_ms=49.990/50.309/50.854 callback_ms=0.048/0.063/0.073 sendto_ms=0.046/0.062/0.071 cmd_age_ms=41.066 count=20 errors=0 errno=0 seq=975 cmd=(0.500,-0.000,0.006)
[INFO] [1784916619.993919040] [cmd_vel_udp_sender]: TIMING_SENDER ros_gap_ms=50.014/59.359/61.501 callback_ms=0.052/0.082/0.108 sendto_ms=0.051/0.080/0.106 cmd_age_ms=40.689 count=20 errors=0 errno=0 seq=995 cmd=(0.500,-0.000,-0.022)
[INFO] [1784916620.993763796] [cmd_vel_udp_sender]: TIMING_SENDER ros_gap_ms=49.991/50.199/52.649 callback_ms=0.054/0.078/0.079 sendto_ms=0.053/0.076/0.078 cmd_age_ms=40.704 count=20 errors=0 errno=0 seq=1015 cmd=(0.500,-0.000,0.007)
[INFO] [1784916621.993631001] [cmd_vel_udp_sender]: TIMING_SENDER ros_gap_ms=50.337/50.846/56.901 callback_ms=0.049/0.061/0.081 sendto_ms=0.048/0.059/0.080 cmd_age_ms=33.835 count=20 errors=0 errno=0 seq=1035 cmd=(0.500,-0.000,-0.064)
[INFO] [1784916622.993535564] [cmd_vel_udp_sender]: TIMING_SENDER ros_gap_ms=49.664/50.470/54.416 callback_ms=0.052/0.065/0.069 sendto_ms=0.050/0.063/0.068 cmd_age_ms=40.467 count=20 errors=0 errno=0 seq=1055 cmd=(0.500,-0.000,-0.069)
[INFO] [1784916623.993412828] [cmd_vel_udp_sender]: TIMING_SENDER ros_gap_ms=49.991/50.190/55.343 callback_ms=0.053/0.079/0.082 sendto_ms=0.052/0.076/0.080 cmd_age_ms=40.516 count=20 errors=0 errno=0 seq=1075 cmd=(0.500,-0.000,-0.043)
[INFO] [1784916624.993271479] [cmd_vel_udp_sender]: TIMING_SENDER ros_gap_ms=50.017/50.291/53.497 callback_ms=0.056/0.071/0.080 sendto_ms=0.055/0.070/0.079 cmd_age_ms=40.029 count=20 errors=0 errno=0 seq=1095 cmd=(0.500,-0.000,0.005)
[INFO] [1784916625.993139411] [cmd_vel_udp_sender]: TIMING_SENDER ros_gap_ms=49.997/51.596/53.358 callback_ms=0.050/0.066/0.071 sendto_ms=0.048/0.065/0.070 cmd_age_ms=39.954 count=20 errors=0 errno=0 seq=1115 cmd=(0.500,-0.000,-0.035)
[INFO] [1784916626.993019291] [cmd_vel_udp_sender]: TIMING_SENDER ros_gap_ms=49.996/50.183/50.247 callback_ms=0.049/0.063/0.079 sendto_ms=0.047/0.061/0.077 cmd_age_ms=39.916 count=20 errors=0 errno=0 seq=1135 cmd=(0.500,-0.000,-0.014)
[INFO] [1784916627.992930381] [cmd_vel_udp_sender]: TIMING_SENDER ros_gap_ms=50.006/55.341/60.708 callback_ms=0.052/0.065/0.068 sendto_ms=0.051/0.063/0.066 cmd_age_ms=39.710 count=20 errors=0 errno=0 seq=1155 cmd=(0.500,-0.000,0.000)
[INFO] [1784916628.992804642] [cmd_vel_udp_sender]: TIMING_SENDER ros_gap_ms=50.002/50.248/54.517 callback_ms=0.050/0.064/0.083 sendto_ms=0.049/0.062/0.081 cmd_age_ms=39.537 count=20 errors=0 errno=0 seq=1175 cmd=(0.500,-0.000,-0.008)
[INFO] [1784916629.992666992] [cmd_vel_udp_sender]: TIMING_SENDER ros_gap_ms=49.982/50.216/50.432 callback_ms=0.049/0.063/0.065 sendto_ms=0.048/0.061/0.064 cmd_age_ms=39.769 count=20 errors=0 errno=0 seq=1195 cmd=(0.500,-0.000,0.017)
[INFO] [1784916630.992595174] [cmd_vel_udp_sender]: TIMING_SENDER ros_gap_ms=50.141/51.040/52.806 callback_ms=0.050/0.080/0.081 sendto_ms=0.048/0.079/0.080 cmd_age_ms=36.876 count=20 errors=0 errno=0 seq=1215 cmd=(0.500,-0.000,0.002)
[INFO] [1784916631.992491226] [cmd_vel_udp_sender]: TIMING_SENDER ros_gap_ms=49.862/50.306/50.324 callback_ms=0.046/0.058/0.089 sendto_ms=0.045/0.056/0.088 cmd_age_ms=39.527 count=20 errors=0 errno=0 seq=1235 cmd=(0.500,-0.000,0.004)
[INFO] [1784916632.992372662] [cmd_vel_udp_sender]: TIMING_SENDER ros_gap_ms=50.008/50.938/55.864 callback_ms=0.051/0.075/0.080 sendto_ms=0.049/0.073/0.078 cmd_age_ms=39.253 count=20 errors=0 errno=0 seq=1255 cmd=(0.500,-0.000,-0.005)
[INFO] [1784916633.992257445] [cmd_vel_udp_sender]: TIMING_SENDER ros_gap_ms=50.002/50.530/57.651 callback_ms=0.052/0.069/0.078 sendto_ms=0.050/0.067/0.076 cmd_age_ms=39.106 count=20 errors=0 errno=0 seq=1275 cmd=(0.500,-0.000,0.030)
[INFO] [1784916634.992163868] [cmd_vel_udp_sender]: TIMING_SENDER ros_gap_ms=50.003/50.836/53.298 callback_ms=0.051/0.063/0.076 sendto_ms=0.049/0.061/0.074 cmd_age_ms=38.946 count=20 errors=0 errno=0 seq=1295 cmd=(0.500,-0.000,-0.008)
[INFO] [1784916635.992075893] [cmd_vel_udp_sender]: TIMING_SENDER ros_gap_ms=49.997/55.036/55.593 callback_ms=0.048/0.056/0.057 sendto_ms=0.047/0.055/0.056 cmd_age_ms=38.924 count=20 errors=0 errno=0 seq=1315 cmd=(0.500,-0.000,-0.056)
[INFO] [1784916636.991945875] [cmd_vel_udp_sender]: TIMING_SENDER ros_gap_ms=49.987/53.387/54.236 callback_ms=0.051/0.074/0.080 sendto_ms=0.049/0.069/0.072 cmd_age_ms=39.048 count=20 errors=0 errno=0 seq=1335 cmd=(0.500,-0.000,0.004)
[INFO] [1784916637.991833170] [cmd_vel_udp_sender]: TIMING_SENDER ros_gap_ms=50.014/52.895/56.012 callback_ms=0.052/0.066/0.067 sendto_ms=0.051/0.064/0.066 cmd_age_ms=38.657 count=20 errors=0 errno=0 seq=1355 cmd=(0.500,-0.000,-0.041)
[INFO] [1784916638.991719130] [cmd_vel_udp_sender]: TIMING_SENDER ros_gap_ms=49.987/54.060/69.603 callback_ms=0.048/0.064/0.067 sendto_ms=0.047/0.062/0.065 cmd_age_ms=38.795 count=20 errors=0 errno=0 seq=1375 cmd=(0.500,-0.000,0.034)
[INFO] [1784916639.991534087] [cmd_vel_udp_sender]: TIMING_SENDER ros_gap_ms=50.290/55.095/55.648 callback_ms=0.049/0.076/0.077 sendto_ms=0.047/0.074/0.076 cmd_age_ms=32.803 count=20 errors=0 errno=0 seq=1395 cmd=(0.500,-0.000,0.019)
[INFO] [1784916640.990207378] [cmd_vel_udp_sender]: TIMING_SENDER ros_gap_ms=49.718/54.151/55.061 callback_ms=0.046/0.059/0.061 sendto_ms=0.045/0.057/0.060 cmd_age_ms=37.112 count=20 errors=0 errno=0 seq=1415 cmd=(0.500,-0.000,-0.032)
[INFO] [1784916641.988865464] [cmd_vel_udp_sender]: TIMING_SENDER ros_gap_ms=50.005/50.622/52.655 callback_ms=0.050/0.059/0.060 sendto_ms=0.048/0.057/0.058 cmd_age_ms=35.673 count=20 errors=0 errno=0 seq=1435 cmd=(0.500,-0.000,-0.021)
[INFO] [1784916642.987542897] [cmd_vel_udp_sender]: TIMING_SENDER ros_gap_ms=49.990/50.236/50.264 callback_ms=0.047/0.059/0.064 sendto_ms=0.045/0.057/0.062 cmd_age_ms=34.544 count=20 errors=0 errno=0 seq=1455 cmd=(0.500,-0.000,-0.005)
[INFO] [1784916643.986289794] [cmd_vel_udp_sender]: TIMING_SENDER ros_gap_ms=50.008/50.312/51.897 callback_ms=0.053/0.066/0.067 sendto_ms=0.052/0.065/0.065 cmd_age_ms=33.122 count=20 errors=0 errno=0 seq=1475 cmd=(0.500,-0.000,-0.000)
[INFO] [1784916644.985011536] [cmd_vel_udp_sender]: TIMING_SENDER ros_gap_ms=49.999/50.325/50.381 callback_ms=0.050/0.068/0.071 sendto_ms=0.048/0.067/0.070 cmd_age_ms=31.864 count=20 errors=0 errno=0 seq=1495 cmd=(0.500,-0.000,0.014)
[INFO] [1784916645.983810171] [cmd_vel_udp_sender]: TIMING_SENDER ros_gap_ms=50.001/50.363/59.538 callback_ms=0.055/0.076/0.081 sendto_ms=0.054/0.074/0.080 cmd_age_ms=30.638 count=20 errors=0 errno=0 seq=1515 cmd=(0.500,-0.000,0.015)
[INFO] [1784916646.982583044] [cmd_vel_udp_sender]: TIMING_SENDER ros_gap_ms=49.999/55.874/57.225 callback_ms=0.049/0.065/0.079 sendto_ms=0.048/0.064/0.077 cmd_age_ms=29.424 count=20 errors=0 errno=0 seq=1535 cmd=(0.500,-0.000,-0.039)
[INFO] [1784916647.981421563] [cmd_vel_udp_sender]: TIMING_SENDER ros_gap_ms=49.994/50.272/50.733 callback_ms=0.046/0.069/0.071 sendto_ms=0.044/0.068/0.069 cmd_age_ms=28.381 count=20 errors=0 errno=0 seq=1555 cmd=(0.500,-0.000,-0.040)
[INFO] [1784916648.980438178] [cmd_vel_udp_sender]: TIMING_SENDER ros_gap_ms=50.147/50.665/52.926 callback_ms=0.047/0.060/0.063 sendto_ms=0.045/0.058/0.062 cmd_age_ms=24.454 count=20 errors=0 errno=0 seq=1575 cmd=(0.500,-0.000,-0.042)
[INFO] [1784916649.979191559] [cmd_vel_udp_sender]: TIMING_SENDER ros_gap_ms=49.876/50.638/52.864 callback_ms=0.048/0.068/0.080 sendto_ms=0.047/0.066/0.078 cmd_age_ms=25.688 count=20 errors=0 errno=0 seq=1595 cmd=(0.500,-0.000,-0.056)
[INFO] [1784916650.978143578] [cmd_vel_udp_sender]: TIMING_SENDER ros_gap_ms=49.972/50.312/56.536 callback_ms=0.049/0.063/0.077 sendto_ms=0.047/0.061/0.075 cmd_age_ms=25.194 count=20 errors=0 errno=0 seq=1615 cmd=(0.500,-0.000,-0.016)
[INFO] [1784916651.977048923] [cmd_vel_udp_sender]: TIMING_SENDER ros_gap_ms=49.998/56.156/67.833 callback_ms=0.046/0.061/0.072 sendto_ms=0.044/0.059/0.071 cmd_age_ms=24.139 count=20 errors=0 errno=0 seq=1635 cmd=(0.500,-0.000,-0.048)
[INFO] [1784916652.976067284] [cmd_vel_udp_sender]: TIMING_SENDER ros_gap_ms=50.033/52.771/54.958 callback_ms=0.043/0.050/0.050 sendto_ms=0.042/0.049/0.049 cmd_age_ms=22.494 count=20 errors=0 errno=0 seq=1655 cmd=(0.500,-0.000,-0.091)
[INFO] [1784916653.975054582] [cmd_vel_udp_sender]: TIMING_SENDER ros_gap_ms=50.102/52.575/55.602 callback_ms=0.041/0.056/0.065 sendto_ms=0.040/0.055/0.064 cmd_age_ms=19.441 count=20 errors=0 errno=0 seq=1675 cmd=(0.500,-0.000,-0.073)
[INFO] [1784916654.974196908] [cmd_vel_udp_sender]: TIMING_SENDER ros_gap_ms=50.165/54.458/56.041 callback_ms=0.054/0.060/0.282 sendto_ms=0.053/0.058/0.281 cmd_age_ms=15.283 count=20 errors=0 errno=0 seq=1695 cmd=(0.500,-0.000,-0.027)
[INFO] [1784916655.973111587] [cmd_vel_udp_sender]: TIMING_SENDER ros_gap_ms=49.716/54.282/54.640 callback_ms=0.041/0.049/0.055 sendto_ms=0.039/0.048/0.053 cmd_age_ms=19.877 count=20 errors=0 errno=0 seq=1715 cmd=(0.500,-0.000,0.011)
[INFO] [1784916656.972147182] [cmd_vel_udp_sender]: TIMING_SENDER ros_gap_ms=50.316/56.498/64.455 callback_ms=0.039/0.044/0.044 sendto_ms=0.037/0.043/0.043 cmd_age_ms=12.583 count=20 errors=0 errno=0 seq=1735 cmd=(0.500,-0.000,-0.007)
[INFO] [1784916657.971263751] [cmd_vel_udp_sender]: TIMING_SENDER ros_gap_ms=49.687/56.269/56.600 callback_ms=0.041/0.058/0.060 sendto_ms=0.040/0.057/0.059 cmd_age_ms=17.967 count=20 errors=0 errno=0 seq=1755 cmd=(0.500,-0.000,0.009)
[INFO] [1784916658.970378354] [cmd_vel_udp_sender]: TIMING_SENDER ros_gap_ms=50.144/51.901/57.321 callback_ms=0.040/0.058/0.065 sendto_ms=0.039/0.056/0.063 cmd_age_ms=14.197 count=20 errors=0 errno=0 seq=1775 cmd=(0.500,-0.000,-0.025)
[INFO] [1784916659.969537205] [cmd_vel_udp_sender]: TIMING_SENDER ros_gap_ms=49.895/61.678/62.193 callback_ms=0.042/0.060/0.067 sendto_ms=0.039/0.059/0.066 cmd_age_ms=15.463 count=20 errors=0 errno=0 seq=1795 cmd=(0.500,-0.000,0.013)
[INFO] [1784916660.968637003] [cmd_vel_udp_sender]: TIMING_SENDER ros_gap_ms=49.949/55.416/64.690 callback_ms=0.051/0.063/0.066 sendto_ms=0.050/0.062/0.064 cmd_age_ms=15.579 count=20 errors=0 errno=0 seq=1815 cmd=(0.500,-0.000,-0.019)
[INFO] [1784916661.967846941] [cmd_vel_udp_sender]: TIMING_SENDER ros_gap_ms=50.062/51.124/53.099 callback_ms=0.050/0.063/0.077 sendto_ms=0.049/0.062/0.076 cmd_age_ms=13.540 count=20 errors=0 errno=0 seq=1835 cmd=(0.500,-0.000,-0.021)
[INFO] [1784916662.966994630] [cmd_vel_udp_sender]: TIMING_SENDER ros_gap_ms=49.945/55.530/56.564 callback_ms=0.049/0.066/0.076 sendto_ms=0.048/0.064/0.074 cmd_age_ms=13.792 count=20 errors=0 errno=0 seq=1855 cmd=(0.500,-0.000,-0.008)
[INFO] [1784916663.966223502] [cmd_vel_udp_sender]: TIMING_SENDER ros_gap_ms=49.990/50.704/62.770 callback_ms=0.043/0.057/0.059 sendto_ms=0.042/0.056/0.058 cmd_age_ms=13.222 count=20 errors=0 errno=0 seq=1875 cmd=(0.500,-0.000,0.005)
[INFO] [1784916664.965442958] [cmd_vel_udp_sender]: TIMING_SENDER ros_gap_ms=50.013/53.849/54.649 callback_ms=0.046/0.063/0.071 sendto_ms=0.045/0.061/0.069 cmd_age_ms=12.191 count=20 errors=0 errno=0 seq=1895 cmd=(0.500,-0.000,-0.010)
[INFO] [1784916665.964692744] [cmd_vel_udp_sender]: TIMING_SENDER ros_gap_ms=49.990/50.263/50.314 callback_ms=0.048/0.064/0.066 sendto_ms=0.047/0.062/0.064 cmd_age_ms=11.635 count=20 errors=0 errno=0 seq=1915 cmd=(0.500,-0.000,-0.015)
[INFO] [1784916666.963978731] [cmd_vel_udp_sender]: TIMING_SENDER ros_gap_ms=50.217/50.223/54.480 callback_ms=0.046/0.061/0.064 sendto_ms=0.045/0.059/0.062 cmd_age_ms=6.582 count=20 errors=0 errno=0 seq=1935 cmd=(0.500,-0.000,-0.008)
[INFO] [1784916667.963277707] [cmd_vel_udp_sender]: TIMING_SENDER ros_gap_ms=49.789/50.317/50.914 callback_ms=0.045/0.061/0.062 sendto_ms=0.043/0.060/0.060 cmd_age_ms=10.094 count=20 errors=0 errno=0 seq=1955 cmd=(0.500,-0.000,-0.029)
[INFO] [1784916668.962540253] [cmd_vel_udp_sender]: TIMING_SENDER ros_gap_ms=50.003/50.345/50.385 callback_ms=0.046/0.058/0.064 sendto_ms=0.044/0.057/0.063 cmd_age_ms=9.304 count=20 errors=0 errno=0 seq=1975 cmd=(0.500,-0.000,0.006)
[INFO] [1784916669.961806596] [cmd_vel_udp_sender]: TIMING_SENDER ros_gap_ms=49.999/54.009/54.523 callback_ms=0.049/0.065/0.066 sendto_ms=0.048/0.063/0.065 cmd_age_ms=8.584 count=20 errors=0 errno=0 seq=1995 cmd=(0.500,-0.000,-0.005)
[INFO] [1784916670.961146882] [cmd_vel_udp_sender]: TIMING_SENDER ros_gap_ms=49.985/56.293/56.671 callback_ms=0.050/0.070/0.081 sendto_ms=0.048/0.069/0.080 cmd_age_ms=8.220 count=20 errors=0 errno=0 seq=2015 cmd=(0.500,-0.000,-0.025)
[INFO] [1784916671.960489439] [cmd_vel_udp_sender]: TIMING_SENDER ros_gap_ms=50.047/50.408/50.792 callback_ms=0.052/0.072/0.078 sendto_ms=0.051/0.070/0.077 cmd_age_ms=6.622 count=20 errors=0 errno=0 seq=2035 cmd=(0.500,-0.000,-0.034)
[INFO] [1784916672.959803597] [cmd_vel_udp_sender]: TIMING_SENDER ros_gap_ms=49.957/50.368/52.350 callback_ms=0.048/0.063/0.070 sendto_ms=0.047/0.062/0.069 cmd_age_ms=6.794 count=20 errors=0 errno=0 seq=2055 cmd=(0.500,-0.000,-0.034)
[INFO] [1784916673.959193338] [cmd_vel_udp_sender]: TIMING_SENDER ros_gap_ms=50.002/50.500/51.852 callback_ms=0.053/0.077/0.086 sendto_ms=0.051/0.076/0.084 cmd_age_ms=6.148 count=20 errors=0 errno=0 seq=2075 cmd=(0.500,-0.000,-0.004)
[INFO] [1784916674.958545176] [cmd_vel_udp_sender]: TIMING_SENDER ros_gap_ms=49.996/50.870/50.918 callback_ms=0.048/0.067/0.069 sendto_ms=0.047/0.066/0.067 cmd_age_ms=5.576 count=20 errors=0 errno=0 seq=2095 cmd=(0.500,-0.000,0.016)
[INFO] [1784916675.957966519] [cmd_vel_udp_sender]: TIMING_SENDER ros_gap_ms=50.003/56.252/56.302 callback_ms=0.053/0.067/0.069 sendto_ms=0.051/0.065/0.068 cmd_age_ms=4.942 count=20 errors=0 errno=0 seq=2115 cmd=(0.500,-0.000,-0.033)
[INFO] [1784916676.957323243] [cmd_vel_udp_sender]: TIMING_SENDER ros_gap_ms=49.996/50.266/50.275 callback_ms=0.046/0.063/0.065 sendto_ms=0.045/0.062/0.063 cmd_age_ms=4.385 count=20 errors=0 errno=0 seq=2135 cmd=(0.500,-0.000,0.012)
[INFO] [1784916677.956772675] [cmd_vel_udp_sender]: TIMING_SENDER ros_gap_ms=50.017/55.859/57.572 callback_ms=0.047/0.063/0.069 sendto_ms=0.045/0.062/0.067 cmd_age_ms=3.490 count=20 errors=0 errno=0 seq=2155 cmd=(0.500,-0.000,0.011)
[INFO] [1784916678.956192171] [cmd_vel_udp_sender]: TIMING_SENDER ros_gap_ms=49.992/50.339/50.427 callback_ms=0.051/0.064/0.080 sendto_ms=0.049/0.062/0.077 cmd_age_ms=3.072 count=20 errors=0 errno=0 seq=2175 cmd=(0.500,-0.000,0.002)
[INFO] [1784916679.955579216] [cmd_vel_udp_sender]: TIMING_SENDER ros_gap_ms=50.006/55.663/56.276 callback_ms=0.047/0.062/0.072 sendto_ms=0.046/0.061/0.071 cmd_age_ms=2.335 count=20 errors=0 errno=0 seq=2195 cmd=(0.500,-0.000,0.008)
[INFO] [1784916680.955078490] [cmd_vel_udp_sender]: TIMING_SENDER ros_gap_ms=50.002/55.151/59.538 callback_ms=0.049/0.078/0.080 sendto_ms=0.046/0.077/0.078 cmd_age_ms=1.798 count=20 errors=0 errno=0 seq=2215 cmd=(0.500,-0.000,-0.050)
[INFO] [1784916681.954472669] [cmd_vel_udp_sender]: TIMING_SENDER ros_gap_ms=49.983/50.275/50.301 callback_ms=0.047/0.060/0.073 sendto_ms=0.046/0.059/0.071 cmd_age_ms=1.536 count=20 errors=0 errno=0 seq=2235 cmd=(0.500,-0.000,0.010)
[INFO] [1784916682.953981698] [cmd_vel_udp_sender]: TIMING_SENDER ros_gap_ms=50.015/50.690/53.427 callback_ms=0.049/0.065/0.068 sendto_ms=0.048/0.063/0.066 cmd_age_ms=0.754 count=20 errors=0 errno=0 seq=2255 cmd=(0.500,-0.000,-0.013)
[INFO] [1784916683.953344483] [cmd_vel_udp_sender]: TIMING_SENDER ros_gap_ms=49.984/50.733/50.733 callback_ms=0.049/0.073/0.073 sendto_ms=0.047/0.071/0.071 cmd_age_ms=50.413 count=19 errors=0 errno=0 seq=2274 cmd=(0.500,-0.000,0.013)
[INFO] [1784916684.952979450] [cmd_vel_udp_sender]: TIMING_SENDER ros_gap_ms=50.272/52.664/55.075 callback_ms=0.052/0.079/0.082 sendto_ms=0.051/0.077/0.081 cmd_age_ms=44.603 count=20 errors=0 errno=0 seq=2294 cmd=(0.500,-0.000,0.014)
[INFO] [1784916685.952445747] [cmd_vel_udp_sender]: TIMING_SENDER ros_gap_ms=49.737/50.189/50.305 callback_ms=0.049/0.068/0.069 sendto_ms=0.048/0.066/0.068 cmd_age_ms=49.331 count=20 errors=0 errno=0 seq=2314 cmd=(0.500,-0.000,-0.025)
[INFO] [1784916686.951941606] [cmd_vel_udp_sender]: TIMING_SENDER ros_gap_ms=49.998/51.093/54.679 callback_ms=0.044/0.057/0.069 sendto_ms=0.043/0.055/0.067 cmd_age_ms=48.860 count=20 errors=0 errno=0 seq=2334 cmd=(0.500,-0.000,-0.027)
[INFO] [1784916687.951493054] [cmd_vel_udp_sender]: TIMING_SENDER ros_gap_ms=49.993/50.493/50.528 callback_ms=0.054/0.078/0.081 sendto_ms=0.052/0.077/0.080 cmd_age_ms=48.543 count=20 errors=0 errno=0 seq=2354 cmd=(0.500,-0.000,-0.005)
[INFO] [1784916688.950958234] [cmd_vel_udp_sender]: TIMING_SENDER ros_gap_ms=49.999/50.419/50.450 callback_ms=0.050/0.064/0.068 sendto_ms=0.048/0.063/0.067 cmd_age_ms=48.025 count=20 errors=0 errno=0 seq=2374 cmd=(0.500,-0.000,0.017)
[INFO] [1784916689.950508361] [cmd_vel_udp_sender]: TIMING_SENDER ros_gap_ms=49.997/50.835/54.684 callback_ms=0.049/0.065/0.076 sendto_ms=0.047/0.063/0.074 cmd_age_ms=47.631 count=20 errors=0 errno=0 seq=2394 cmd=(0.500,-0.000,-0.003)
[INFO] [1784916690.950010357] [cmd_vel_udp_sender]: TIMING_SENDER ros_gap_ms=50.025/55.520/56.571 callback_ms=0.053/0.069/0.084 sendto_ms=0.052/0.067/0.082 cmd_age_ms=46.638 count=20 errors=0 errno=0 seq=2414 cmd=(0.500,-0.000,-0.008)
[INFO] [1784916691.949570334] [cmd_vel_udp_sender]: TIMING_SENDER ros_gap_ms=49.995/50.368/50.865 callback_ms=0.047/0.061/0.064 sendto_ms=0.046/0.059/0.063 cmd_age_ms=46.305 count=20 errors=0 errno=0 seq=2434 cmd=(0.500,-0.000,-0.023)
[INFO] [1784916692.949111426] [cmd_vel_udp_sender]: TIMING_SENDER ros_gap_ms=49.999/56.766/56.801 callback_ms=0.048/0.062/0.073 sendto_ms=0.046/0.060/0.071 cmd_age_ms=45.871 count=20 errors=0 errno=0 seq=2454 cmd=(0.500,-0.000,-0.016)
[INFO] [1784916693.948749161] [cmd_vel_udp_sender]: TIMING_SENDER ros_gap_ms=49.986/50.370/50.597 callback_ms=0.048/0.062/0.081 sendto_ms=0.047/0.061/0.080 cmd_age_ms=45.784 count=20 errors=0 errno=0 seq=2474 cmd=(0.500,-0.000,0.001)
[INFO] [1784916694.948217049] [cmd_vel_udp_sender]: TIMING_SENDER ros_gap_ms=50.239/50.517/54.617 callback_ms=0.052/0.074/0.079 sendto_ms=0.051/0.073/0.078 cmd_age_ms=40.468 count=20 errors=0 errno=0 seq=2494 cmd=(0.500,-0.000,0.009)
[INFO] [1784916695.947763982] [cmd_vel_udp_sender]: TIMING_SENDER ros_gap_ms=49.762/51.362/55.646 callback_ms=0.046/0.059/0.069 sendto_ms=0.045/0.058/0.067 cmd_age_ms=44.766 count=20 errors=0 errno=0 seq=2514 cmd=(0.500,-0.000,-0.002)
[INFO] [1784916696.947351151] [cmd_vel_udp_sender]: TIMING_SENDER ros_gap_ms=50.059/52.505/53.700 callback_ms=0.049/0.059/0.156 sendto_ms=0.048/0.057/0.154 cmd_age_ms=43.173 count=20 errors=0 errno=0 seq=2534 cmd=(0.500,-0.000,-0.040)
[INFO] [1784916697.946967291] [cmd_vel_udp_sender]: TIMING_SENDER ros_gap_ms=50.044/53.487/54.738 callback_ms=0.047/0.063/0.072 sendto_ms=0.045/0.061/0.070 cmd_age_ms=41.911 count=20 errors=0 errno=0 seq=2554 cmd=(0.500,-0.000,0.005)
[INFO] [1784916698.946481132] [cmd_vel_udp_sender]: TIMING_SENDER ros_gap_ms=49.904/53.753/55.652 callback_ms=0.041/0.048/0.056 sendto_ms=0.039/0.046/0.054 cmd_age_ms=43.343 count=20 errors=0 errno=0 seq=2574 cmd=(0.500,-0.000,-0.003)
[INFO] [1784916699.946086263] [cmd_vel_udp_sender]: TIMING_SENDER ros_gap_ms=49.998/50.955/53.076 callback_ms=0.040/0.047/0.048 sendto_ms=0.038/0.045/0.046 cmd_age_ms=42.982 count=20 errors=0 errno=0 seq=2594 cmd=(0.500,-0.000,-0.005)
[INFO] [1784916700.945648225] [cmd_vel_udp_sender]: TIMING_SENDER ros_gap_ms=50.012/52.095/53.330 callback_ms=0.044/0.050/0.060 sendto_ms=0.043/0.049/0.059 cmd_age_ms=42.303 count=20 errors=0 errno=0 seq=2614 cmd=(0.500,-0.000,-0.008)
[INFO] [1784916701.946450108] [cmd_vel_udp_sender]: TIMING_SENDER ros_gap_ms=49.976/54.349/54.388 callback_ms=0.044/0.053/0.064 sendto_ms=0.043/0.052/0.063 cmd_age_ms=43.586 count=20 errors=0 errno=0 seq=2634 cmd=(0.500,-0.000,-0.011)
[INFO] [1784916702.944886817] [cmd_vel_udp_sender]: TIMING_SENDER ros_gap_ms=50.006/55.287/59.241 callback_ms=0.049/0.056/0.060 sendto_ms=0.047/0.055/0.058 cmd_age_ms=41.908 count=20 errors=0 errno=0 seq=2654 cmd=(0.500,-0.000,-0.015)
[INFO] [1784916703.944484000] [cmd_vel_udp_sender]: TIMING_SENDER ros_gap_ms=50.144/55.518/65.454 callback_ms=0.044/0.057/0.058 sendto_ms=0.043/0.056/0.056 cmd_age_ms=38.625 count=20 errors=0 errno=0 seq=2674 cmd=(0.500,-0.000,-0.014)
[INFO] [1784916704.944119092] [cmd_vel_udp_sender]: TIMING_SENDER ros_gap_ms=50.075/54.424/54.482 callback_ms=0.051/0.067/0.098 sendto_ms=0.049/0.066/0.097 cmd_age_ms=36.750 count=20 errors=0 errno=0 seq=2694 cmd=(0.500,-0.000,-0.044)
[INFO] [1784916705.943748714] [cmd_vel_udp_sender]: TIMING_SENDER ros_gap_ms=49.810/50.329/50.465 callback_ms=0.053/0.064/0.074 sendto_ms=0.051/0.062/0.072 cmd_age_ms=40.190 count=20 errors=0 errno=0 seq=2714 cmd=(0.500,-0.000,-0.034)
[INFO] [1784916706.943368495] [cmd_vel_udp_sender]: TIMING_SENDER ros_gap_ms=49.982/50.366/52.573 callback_ms=0.052/0.075/0.078 sendto_ms=0.050/0.074/0.076 cmd_age_ms=40.172 count=20 errors=0 errno=0 seq=2734 cmd=(0.500,-0.000,-0.081)
[INFO] [1784916707.943023683] [cmd_vel_udp_sender]: TIMING_SENDER ros_gap_ms=49.989/50.964/51.183 callback_ms=0.052/0.067/0.071 sendto_ms=0.050/0.065/0.069 cmd_age_ms=40.052 count=20 errors=0 errno=0 seq=2754 cmd=(0.500,-0.000,-0.134)
[INFO] [1784916708.942622333] [cmd_vel_udp_sender]: TIMING_SENDER ros_gap_ms=50.006/52.594/63.606 callback_ms=0.045/0.058/0.062 sendto_ms=0.043/0.056/0.060 cmd_age_ms=39.530 count=20 errors=0 errno=0 seq=2774 cmd=(0.500,-0.000,-0.125)
[INFO] [1784916709.942256021] [cmd_vel_udp_sender]: TIMING_SENDER ros_gap_ms=50.001/55.063/55.924 callback_ms=0.046/0.062/0.065 sendto_ms=0.044/0.060/0.063 cmd_age_ms=39.139 count=20 errors=0 errno=0 seq=2794 cmd=(0.500,-0.000,-0.067)
[INFO] [1784916710.941902001] [cmd_vel_udp_sender]: TIMING_SENDER ros_gap_ms=50.012/50.387/53.644 callback_ms=0.047/0.057/0.059 sendto_ms=0.046/0.056/0.058 cmd_age_ms=38.555 count=20 errors=0 errno=0 seq=2814 cmd=(0.500,-0.000,-0.018)
[INFO] [1784916711.941548920] [cmd_vel_udp_sender]: TIMING_SENDER ros_gap_ms=49.975/50.445/50.449 callback_ms=0.052/0.063/0.080 sendto_ms=0.051/0.061/0.078 cmd_age_ms=38.696 count=20 errors=0 errno=0 seq=2834 cmd=(0.500,-0.000,-0.018)
[INFO] [1784916712.941223716] [cmd_vel_udp_sender]: TIMING_SENDER ros_gap_ms=50.006/50.266/50.401 callback_ms=0.049/0.061/0.068 sendto_ms=0.047/0.059/0.066 cmd_age_ms=38.247 count=20 errors=0 errno=0 seq=2854 cmd=(0.500,-0.000,0.031)
[INFO] [1784916713.940833968] [cmd_vel_udp_sender]: TIMING_SENDER ros_gap_ms=49.993/50.364/50.454 callback_ms=0.048/0.062/0.062 sendto_ms=0.047/0.060/0.061 cmd_age_ms=37.991 count=20 errors=0 errno=0 seq=2874 cmd=(0.500,-0.000,0.006)
[INFO] [1784916714.940498319] [cmd_vel_udp_sender]: TIMING_SENDER ros_gap_ms=50.009/50.894/54.286 callback_ms=0.045/0.062/0.081 sendto_ms=0.043/0.061/0.080 cmd_age_ms=37.477 count=20 errors=0 errno=0 seq=2894 cmd=(0.500,-0.000,-0.016)
[INFO] [1784916715.940159768] [cmd_vel_udp_sender]: TIMING_SENDER ros_gap_ms=50.017/50.806/51.942 callback_ms=0.051/0.057/0.228 sendto_ms=0.050/0.055/0.227 cmd_age_ms=36.791 count=20 errors=0 errno=0 seq=2914 cmd=(0.500,-0.000,-0.006)
[INFO] [1784916716.939831018] [cmd_vel_udp_sender]: TIMING_SENDER ros_gap_ms=49.988/50.211/50.443 callback_ms=0.046/0.061/0.077 sendto_ms=0.045/0.059/0.075 cmd_age_ms=36.701 count=20 errors=0 errno=0 seq=2934 cmd=(0.500,-0.000,-0.005)
[INFO] [1784916717.939513500] [cmd_vel_udp_sender]: TIMING_SENDER ros_gap_ms=50.002/53.309/56.396 callback_ms=0.048/0.064/0.079 sendto_ms=0.046/0.063/0.077 cmd_age_ms=36.346 count=20 errors=0 errno=0 seq=2954 cmd=(0.500,-0.000,-0.012)
[INFO] [1784916718.939140064] [cmd_vel_udp_sender]: TIMING_SENDER ros_gap_ms=49.997/50.423/50.923 callback_ms=0.051/0.074/0.105 sendto_ms=0.050/0.072/0.104 cmd_age_ms=36.036 count=20 errors=0 errno=0 seq=2974 cmd=(0.500,-0.000,0.023)
[INFO] [1784916719.938828523] [cmd_vel_udp_sender]: TIMING_SENDER ros_gap_ms=50.020/51.731/54.035 callback_ms=0.052/0.065/0.073 sendto_ms=0.051/0.064/0.071 cmd_age_ms=35.334 count=20 errors=0 errno=0 seq=2994 cmd=(0.500,-0.000,-0.030)
[INFO] [1784916720.938502777] [cmd_vel_udp_sender]: TIMING_SENDER ros_gap_ms=49.993/54.104/55.739 callback_ms=0.049/0.065/0.074 sendto_ms=0.048/0.064/0.073 cmd_age_ms=35.149 count=20 errors=0 errno=0 seq=3014 cmd=(0.500,-0.000,0.037)
[INFO] [1784916721.938184422] [cmd_vel_udp_sender]: TIMING_SENDER ros_gap_ms=49.979/50.530/50.542 callback_ms=0.058/0.093/0.141 sendto_ms=0.056/0.091/0.139 cmd_age_ms=35.249 count=20 errors=0 errno=0 seq=3034 cmd=(0.500,-0.000,-0.013)
[INFO] [1784916722.937886614] [cmd_vel_udp_sender]: TIMING_SENDER ros_gap_ms=50.003/50.133/52.599 callback_ms=0.051/0.071/0.077 sendto_ms=0.049/0.069/0.075 cmd_age_ms=34.880 count=20 errors=0 errno=0 seq=3054 cmd=(0.500,-0.000,-0.016)
[INFO] [1784916723.937556258] [cmd_vel_udp_sender]: TIMING_SENDER ros_gap_ms=50.003/50.342/50.419 callback_ms=0.048/0.063/0.068 sendto_ms=0.046/0.061/0.066 cmd_age_ms=34.480 count=20 errors=0 errno=0 seq=3074 cmd=(0.500,-0.000,-0.024)
[INFO] [1784916724.937233963] [cmd_vel_udp_sender]: TIMING_SENDER ros_gap_ms=50.085/51.586/53.680 callback_ms=0.045/0.059/0.062 sendto_ms=0.044/0.057/0.061 cmd_age_ms=32.466 count=20 errors=0 errno=0 seq=3094 cmd=(0.250,-0.000,-0.450)
[INFO] [1784916725.936912812] [cmd_vel_udp_sender]: TIMING_SENDER ros_gap_ms=49.930/50.566/50.983 callback_ms=0.046/0.060/0.064 sendto_ms=0.045/0.059/0.062 cmd_age_ms=33.545 count=20 errors=0 errno=0 seq=3114 cmd=(0.250,-0.000,-0.450)
[INFO] [1784916726.936676146] [cmd_vel_udp_sender]: TIMING_SENDER ros_gap_ms=49.984/50.412/50.461 callback_ms=0.050/0.069/0.078 sendto_ms=0.048/0.067/0.076 cmd_age_ms=33.632 count=20 errors=0 errno=0 seq=3134 cmd=(0.250,-0.000,-0.450)
[INFO] [1784916727.936319943] [cmd_vel_udp_sender]: TIMING_SENDER ros_gap_ms=50.000/53.263/63.671 callback_ms=0.048/0.059/0.080 sendto_ms=0.047/0.057/0.078 cmd_age_ms=33.279 count=20 errors=0 errno=0 seq=3154 cmd=(0.500,-0.000,-0.376)
[INFO] [1784916728.935950218] [cmd_vel_udp_sender]: TIMING_SENDER ros_gap_ms=50.000/50.340/50.417 callback_ms=0.046/0.071/0.072 sendto_ms=0.045/0.069/0.070 cmd_age_ms=32.905 count=20 errors=0 errno=0 seq=3174 cmd=(0.500,-0.000,-0.149)
[INFO] [1784916729.935677298] [cmd_vel_udp_sender]: TIMING_SENDER ros_gap_ms=50.011/50.296/50.653 callback_ms=0.047/0.068/0.073 sendto_ms=0.046/0.067/0.071 cmd_age_ms=32.416 count=20 errors=0 errno=0 seq=3194 cmd=(0.500,-0.000,-0.015)
[INFO] [1784916730.935407927] [cmd_vel_udp_sender]: TIMING_SENDER ros_gap_ms=50.010/50.233/50.251 callback_ms=0.049/0.059/0.061 sendto_ms=0.048/0.058/0.059 cmd_age_ms=31.957 count=20 errors=0 errno=0 seq=3214 cmd=(0.500,-0.000,0.024)
[INFO] [1784916731.935095204] [cmd_vel_udp_sender]: TIMING_SENDER ros_gap_ms=50.012/50.249/50.647 callback_ms=0.055/0.082/0.083 sendto_ms=0.053/0.080/0.081 cmd_age_ms=31.396 count=20 errors=0 errno=0 seq=3234 cmd=(0.500,-0.000,0.046)
[INFO] [1784916732.934792872] [cmd_vel_udp_sender]: TIMING_SENDER ros_gap_ms=49.981/53.735/54.145 callback_ms=0.061/0.077/0.283 sendto_ms=0.059/0.075/0.282 cmd_age_ms=31.484 count=20 errors=0 errno=0 seq=3254 cmd=(0.500,-0.000,0.031)
[INFO] [1784916733.934527868] [cmd_vel_udp_sender]: TIMING_SENDER ros_gap_ms=49.990/50.393/50.440 callback_ms=0.055/0.076/0.082 sendto_ms=0.054/0.075/0.080 cmd_age_ms=31.426 count=20 errors=0 errno=0 seq=3274 cmd=(0.500,-0.000,0.032)
[INFO] [1784916734.934208510] [cmd_vel_udp_sender]: TIMING_SENDER ros_gap_ms=49.992/50.569/52.646 callback_ms=0.049/0.066/0.069 sendto_ms=0.048/0.064/0.067 cmd_age_ms=31.265 count=20 errors=0 errno=0 seq=3294 cmd=(0.500,-0.000,0.005)
[INFO] [1784916735.933917436] [cmd_vel_udp_sender]: TIMING_SENDER ros_gap_ms=50.012/53.801/54.311 callback_ms=0.050/0.068/0.084 sendto_ms=0.049/0.067/0.083 cmd_age_ms=30.738 count=20 errors=0 errno=0 seq=3314 cmd=(0.500,-0.000,0.020)
[INFO] [1784916736.933642207] [cmd_vel_udp_sender]: TIMING_SENDER ros_gap_ms=50.000/50.348/51.108 callback_ms=0.048/0.068/0.075 sendto_ms=0.046/0.066/0.073 cmd_age_ms=30.462 count=20 errors=0 errno=0 seq=3334 cmd=(0.500,-0.000,0.083)
[INFO] [1784916737.933354905] [cmd_vel_udp_sender]: TIMING_SENDER ros_gap_ms=49.993/50.389/51.423 callback_ms=0.046/0.061/0.063 sendto_ms=0.044/0.059/0.061 cmd_age_ms=30.313 count=20 errors=0 errno=0 seq=3354 cmd=(0.500,-0.000,0.167)
[INFO] [1784916738.933042616] [cmd_vel_udp_sender]: TIMING_SENDER ros_gap_ms=49.993/53.362/55.255 callback_ms=0.047/0.060/0.060 sendto_ms=0.045/0.058/0.058 cmd_age_ms=30.137 count=20 errors=0 errno=0 seq=3374 cmd=(0.500,-0.000,0.080)
[INFO] [1784916739.932812175] [cmd_vel_udp_sender]: TIMING_SENDER ros_gap_ms=50.007/53.925/54.224 callback_ms=0.051/0.061/0.212 sendto_ms=0.049/0.058/0.211 cmd_age_ms=29.759 count=20 errors=0 errno=0 seq=3394 cmd=(0.500,-0.000,0.115)
[INFO] [1784916740.932484185] [cmd_vel_udp_sender]: TIMING_SENDER ros_gap_ms=50.004/51.201/54.058 callback_ms=0.042/0.054/0.058 sendto_ms=0.040/0.053/0.057 cmd_age_ms=29.341 count=20 errors=0 errno=0 seq=3414 cmd=(0.500,-0.000,0.023)
[INFO] [1784916741.932219697] [cmd_vel_udp_sender]: TIMING_SENDER ros_gap_ms=49.995/53.324/60.285 callback_ms=0.042/0.049/0.057 sendto_ms=0.041/0.048/0.055 cmd_age_ms=29.173 count=20 errors=0 errno=0 seq=3434 cmd=(0.500,-0.000,-0.099)
[INFO] [1784916742.931920747] [cmd_vel_udp_sender]: TIMING_SENDER ros_gap_ms=49.987/62.111/62.306 callback_ms=0.042/0.059/0.060 sendto_ms=0.041/0.058/0.059 cmd_age_ms=29.138 count=20 errors=0 errno=0 seq=3454 cmd=(0.500,-0.000,-0.065)
[INFO] [1784916743.931692347] [cmd_vel_udp_sender]: TIMING_SENDER ros_gap_ms=50.051/53.784/54.293 callback_ms=0.039/0.046/0.048 sendto_ms=0.038/0.045/0.047 cmd_age_ms=27.882 count=20 errors=0 errno=0 seq=3474 cmd=(0.500,-0.000,-0.043)
[INFO] [1784916744.931366914] [cmd_vel_udp_sender]: TIMING_SENDER ros_gap_ms=50.001/52.043/53.430 callback_ms=0.040/0.048/0.049 sendto_ms=0.039/0.047/0.047 cmd_age_ms=27.546 count=20 errors=0 errno=0 seq=3494 cmd=(0.500,-0.000,-0.051)
[INFO] [1784916745.931096429] [cmd_vel_udp_sender]: TIMING_SENDER ros_gap_ms=49.957/51.870/56.320 callback_ms=0.039/0.048/0.058 sendto_ms=0.038/0.047/0.057 cmd_age_ms=28.130 count=20 errors=0 errno=0 seq=3514 cmd=(0.500,-0.000,-0.025)
[INFO] [1784916746.930852634] [cmd_vel_udp_sender]: TIMING_SENDER ros_gap_ms=50.003/50.557/51.825 callback_ms=0.041/0.061/0.064 sendto_ms=0.039/0.060/0.062 cmd_age_ms=27.824 count=20 errors=0 errno=0 seq=3534 cmd=(0.500,-0.000,-0.034)
[INFO] [1784916747.930588589] [cmd_vel_udp_sender]: TIMING_SENDER ros_gap_ms=50.004/53.541/55.731 callback_ms=0.052/0.068/0.082 sendto_ms=0.051/0.066/0.081 cmd_age_ms=27.480 count=20 errors=0 errno=0 seq=3554 cmd=(0.500,-0.000,-0.059)
[INFO] [1784916748.930290083] [cmd_vel_udp_sender]: TIMING_SENDER ros_gap_ms=49.997/50.425/56.617 callback_ms=0.051/0.069/0.079 sendto_ms=0.050/0.068/0.077 cmd_age_ms=27.248 count=20 errors=0 errno=0 seq=3574 cmd=(0.500,-0.000,-0.053)
[INFO] [1784916749.930056187] [cmd_vel_udp_sender]: TIMING_SENDER ros_gap_ms=49.992/50.418/50.513 callback_ms=0.050/0.071/0.072 sendto_ms=0.049/0.069/0.071 cmd_age_ms=27.179 count=20 errors=0 errno=0 seq=3594 cmd=(0.500,-0.000,-0.064)
[INFO] [1784916750.929754165] [cmd_vel_udp_sender]: TIMING_SENDER ros_gap_ms=50.025/54.563/56.361 callback_ms=0.050/0.066/0.079 sendto_ms=0.048/0.064/0.078 cmd_age_ms=26.368 count=20 errors=0 errno=0 seq=3614 cmd=(0.500,-0.000,-0.034)
[INFO] [1784916751.929478228] [cmd_vel_udp_sender]: TIMING_SENDER ros_gap_ms=49.981/50.282/50.543 callback_ms=0.048/0.062/0.082 sendto_ms=0.047/0.060/0.081 cmd_age_ms=26.475 count=20 errors=0 errno=0 seq=3634 cmd=(0.500,-0.000,-0.055)
[INFO] [1784916752.929251983] [cmd_vel_udp_sender]: TIMING_SENDER ros_gap_ms=49.998/52.930/54.087 callback_ms=0.048/0.064/0.068 sendto_ms=0.047/0.062/0.067 cmd_age_ms=26.288 count=20 errors=0 errno=0 seq=3654 cmd=(0.500,-0.000,-0.017)
[INFO] [1784916753.928912564] [cmd_vel_udp_sender]: TIMING_SENDER ros_gap_ms=50.008/55.306/56.414 callback_ms=0.053/0.067/0.078 sendto_ms=0.051/0.066/0.076 cmd_age_ms=25.784 count=20 errors=0 errno=0 seq=3674 cmd=(0.500,-0.000,-0.036)
[INFO] [1784916754.928630257] [cmd_vel_udp_sender]: TIMING_SENDER ros_gap_ms=49.995/50.387/51.086 callback_ms=0.052/0.068/0.077 sendto_ms=0.050/0.066/0.076 cmd_age_ms=25.593 count=20 errors=0 errno=0 seq=3694 cmd=(0.500,-0.000,0.023)
[INFO] [1784916755.928422336] [cmd_vel_udp_sender]: TIMING_SENDER ros_gap_ms=50.012/51.492/56.156 callback_ms=0.044/0.062/0.063 sendto_ms=0.043/0.061/0.061 cmd_age_ms=25.140 count=20 errors=0 errno=0 seq=3714 cmd=(0.500,-0.000,-0.071)
[INFO] [1784916756.928132239] [cmd_vel_udp_sender]: TIMING_SENDER ros_gap_ms=50.000/50.372/51.672 callback_ms=0.048/0.060/0.062 sendto_ms=0.046/0.057/0.058 cmd_age_ms=24.854 count=20 errors=0 errno=0 seq=3734 cmd=(0.500,-0.000,-0.059)
[INFO] [1784916757.927949582] [cmd_vel_udp_sender]: TIMING_SENDER ros_gap_ms=49.981/54.317/57.524 callback_ms=0.049/0.062/0.069 sendto_ms=0.048/0.061/0.068 cmd_age_ms=25.060 count=20 errors=0 errno=0 seq=3754 cmd=(0.500,-0.000,0.009)
[INFO] [1784916758.927643711] [cmd_vel_udp_sender]: TIMING_SENDER ros_gap_ms=50.007/50.338/54.656 callback_ms=0.050/0.064/0.066 sendto_ms=0.048/0.062/0.064 cmd_age_ms=24.603 count=20 errors=0 errno=0 seq=3774 cmd=(0.500,-0.000,-0.058)
[INFO] [1784916759.927383256] [cmd_vel_udp_sender]: TIMING_SENDER ros_gap_ms=49.994/50.381/50.528 callback_ms=0.051/0.079/0.090 sendto_ms=0.050/0.077/0.088 cmd_age_ms=24.467 count=20 errors=0 errno=0 seq=3794 cmd=(0.500,-0.000,0.005)
[INFO] [1784916760.927140520] [cmd_vel_udp_sender]: TIMING_SENDER ros_gap_ms=50.008/54.030/54.419 callback_ms=0.049/0.072/0.078 sendto_ms=0.048/0.070/0.077 cmd_age_ms=24.073 count=20 errors=0 errno=0 seq=3814 cmd=(0.500,-0.000,0.033)
[INFO] [1784916761.926873695] [cmd_vel_udp_sender]: TIMING_SENDER ros_gap_ms=50.055/50.604/51.418 callback_ms=0.049/0.065/0.067 sendto_ms=0.047/0.064/0.065 cmd_age_ms=22.716 count=20 errors=0 errno=0 seq=3834 cmd=(0.500,-0.000,0.030)
[INFO] [1784916762.926671084] [cmd_vel_udp_sender]: TIMING_SENDER ros_gap_ms=49.941/50.605/51.285 callback_ms=0.045/0.060/0.077 sendto_ms=0.043/0.059/0.075 cmd_age_ms=23.685 count=20 errors=0 errno=0 seq=3854 cmd=(0.500,-0.000,0.058)
[INFO] [1784916763.926363972] [cmd_vel_udp_sender]: TIMING_SENDER ros_gap_ms=50.007/50.177/50.332 callback_ms=0.051/0.070/0.083 sendto_ms=0.050/0.068/0.081 cmd_age_ms=23.249 count=20 errors=0 errno=0 seq=3874 cmd=(0.500,-0.000,0.056)
[INFO] [1784916764.926084013] [cmd_vel_udp_sender]: TIMING_SENDER ros_gap_ms=50.381/50.747/57.446 callback_ms=0.051/0.070/0.080 sendto_ms=0.049/0.068/0.079 cmd_age_ms=15.355 count=20 errors=0 errno=0 seq=3894 cmd=(0.500,-0.000,0.060)
[INFO] [1784916765.925914139] [cmd_vel_udp_sender]: TIMING_SENDER ros_gap_ms=49.629/51.216/54.100 callback_ms=0.045/0.059/0.075 sendto_ms=0.044/0.057/0.074 cmd_age_ms=22.611 count=20 errors=0 errno=0 seq=3914 cmd=(0.500,-0.000,0.088)
[INFO] [1784916766.925594619] [cmd_vel_udp_sender]: TIMING_SENDER ros_gap_ms=49.986/50.302/50.649 callback_ms=0.047/0.060/0.063 sendto_ms=0.046/0.058/0.061 cmd_age_ms=22.564 count=20 errors=0 errno=0 seq=3934 cmd=(0.500,-0.000,-0.051)
[INFO] [1784916767.925493502] [cmd_vel_udp_sender]: TIMING_SENDER ros_gap_ms=50.009/57.027/57.029 callback_ms=0.054/0.070/0.123 sendto_ms=0.052/0.069/0.122 cmd_age_ms=22.277 count=20 errors=0 errno=0 seq=3954 cmd=(0.500,-0.000,-0.072)
[INFO] [1784916768.925602044] [cmd_vel_udp_sender]: TIMING_SENDER ros_gap_ms=49.987/50.517/50.540 callback_ms=0.046/0.063/0.064 sendto_ms=0.045/0.061/0.062 cmd_age_ms=22.648 count=20 errors=0 errno=0 seq=3974 cmd=(0.500,-0.000,-0.041)
[INFO] [1784916769.925988330] [cmd_vel_udp_sender]: TIMING_SENDER ros_gap_ms=50.002/52.253/54.477 callback_ms=0.047/0.062/0.065 sendto_ms=0.045/0.061/0.063 cmd_age_ms=22.992 count=20 errors=0 errno=0 seq=3994 cmd=(0.500,-0.000,-0.069)
[INFO] [1784916770.926304395] [cmd_vel_udp_sender]: TIMING_SENDER ros_gap_ms=50.007/57.124/59.603 callback_ms=0.051/0.071/0.077 sendto_ms=0.049/0.070/0.075 cmd_age_ms=23.160 count=20 errors=0 errno=0 seq=4014 cmd=(0.500,-0.000,-0.115)
[INFO] [1784916771.926661953] [cmd_vel_udp_sender]: TIMING_SENDER ros_gap_ms=50.006/54.078/56.069 callback_ms=0.054/0.074/0.166 sendto_ms=0.053/0.073/0.165 cmd_age_ms=23.396 count=20 errors=0 errno=0 seq=4034 cmd=(0.500,-0.000,-0.030)
[INFO] [1784916772.926981099] [cmd_vel_udp_sender]: TIMING_SENDER ros_gap_ms=49.990/55.945/56.585 callback_ms=0.055/0.063/0.161 sendto_ms=0.054/0.062/0.160 cmd_age_ms=23.921 count=20 errors=0 errno=0 seq=4054 cmd=(0.500,-0.000,-0.035)
[INFO] [1784916773.927291115] [cmd_vel_udp_sender]: TIMING_SENDER ros_gap_ms=49.990/50.373/50.407 callback_ms=0.051/0.080/0.081 sendto_ms=0.050/0.078/0.079 cmd_age_ms=24.431 count=20 errors=0 errno=0 seq=4074 cmd=(0.500,-0.000,-0.027)
[INFO] [1784916774.927562929] [cmd_vel_udp_sender]: TIMING_SENDER ros_gap_ms=50.014/55.566/56.478 callback_ms=0.049/0.062/0.063 sendto_ms=0.048/0.060/0.061 cmd_age_ms=24.420 count=20 errors=0 errno=0 seq=4094 cmd=(0.500,-0.000,-0.001)
[INFO] [1784916775.927879529] [cmd_vel_udp_sender]: TIMING_SENDER ros_gap_ms=50.010/50.262/50.491 callback_ms=0.049/0.061/0.061 sendto_ms=0.047/0.059/0.060 cmd_age_ms=24.544 count=20 errors=0 errno=0 seq=4114 cmd=(0.500,-0.000,0.009)
[INFO] [1784916776.928154029] [cmd_vel_udp_sender]: TIMING_SENDER ros_gap_ms=49.991/53.888/56.038 callback_ms=0.045/0.060/0.070 sendto_ms=0.044/0.058/0.069 cmd_age_ms=25.002 count=20 errors=0 errno=0 seq=4134 cmd=(0.500,-0.000,-0.011)
[INFO] [1784916777.928429915] [cmd_vel_udp_sender]: TIMING_SENDER ros_gap_ms=49.997/55.014/55.768 callback_ms=0.050/0.066/0.077 sendto_ms=0.048/0.064/0.075 cmd_age_ms=25.347 count=20 errors=0 errno=0 seq=4154 cmd=(0.500,-0.000,0.038)
[INFO] [1784916778.928691325] [cmd_vel_udp_sender]: TIMING_SENDER ros_gap_ms=50.008/50.458/50.559 callback_ms=0.049/0.067/0.078 sendto_ms=0.048/0.066/0.076 cmd_age_ms=25.453 count=20 errors=0 errno=0 seq=4174 cmd=(0.500,-0.000,0.019)
[INFO] [1784916779.928966926] [cmd_vel_udp_sender]: TIMING_SENDER ros_gap_ms=49.986/52.938/53.963 callback_ms=0.048/0.064/0.069 sendto_ms=0.046/0.062/0.068 cmd_age_ms=26.010 count=20 errors=0 errno=0 seq=4194 cmd=(0.500,-0.000,0.014)
[INFO] [1784916780.929254709] [cmd_vel_udp_sender]: TIMING_SENDER ros_gap_ms=50.017/50.313/50.388 callback_ms=0.056/0.070/0.073 sendto_ms=0.054/0.068/0.072 cmd_age_ms=25.956 count=20 errors=0 errno=0 seq=4214 cmd=(0.500,-0.000,0.023)
[INFO] [1784916781.929478247] [cmd_vel_udp_sender]: TIMING_SENDER ros_gap_ms=49.996/50.409/57.040 callback_ms=0.047/0.065/0.068 sendto_ms=0.046/0.063/0.066 cmd_age_ms=26.263 count=20 errors=0 errno=0 seq=4234 cmd=(0.500,-0.000,-0.059)
[INFO] [1784916782.929709500] [cmd_vel_udp_sender]: TIMING_SENDER ros_gap_ms=50.007/51.921/55.331 callback_ms=0.052/0.065/0.071 sendto_ms=0.050/0.064/0.069 cmd_age_ms=26.362 count=20 errors=0 errno=0 seq=4254 cmd=(0.500,-0.000,-0.091)
[INFO] [1784916783.929954465] [cmd_vel_udp_sender]: TIMING_SENDER ros_gap_ms=50.001/51.155/52.732 callback_ms=0.047/0.057/0.059 sendto_ms=0.046/0.056/0.057 cmd_age_ms=26.584 count=20 errors=0 errno=0 seq=4274 cmd=(0.500,-0.000,-0.069)
[INFO] [1784916784.930195925] [cmd_vel_udp_sender]: TIMING_SENDER ros_gap_ms=49.990/56.409/58.867 callback_ms=0.041/0.060/0.067 sendto_ms=0.039/0.059/0.065 cmd_age_ms=27.035 count=20 errors=0 errno=0 seq=4294 cmd=(0.500,-0.000,-0.071)
[INFO] [1784916785.930372816] [cmd_vel_udp_sender]: TIMING_SENDER ros_gap_ms=50.149/53.351/57.597 callback_ms=0.047/0.061/0.063 sendto_ms=0.045/0.060/0.062 cmd_age_ms=24.238 count=20 errors=0 errno=0 seq=4314 cmd=(0.500,-0.000,-0.052)
[INFO] [1784916786.930867785] [cmd_vel_udp_sender]: TIMING_SENDER ros_gap_ms=49.967/53.436/58.164 callback_ms=0.048/0.056/0.123 sendto_ms=0.047/0.055/0.122 cmd_age_ms=25.387 count=20 errors=0 errno=0 seq=4334 cmd=(0.500,-0.000,-0.076)
[INFO] [1784916787.930828676] [cmd_vel_udp_sender]: TIMING_SENDER ros_gap_ms=49.884/54.027/62.255 callback_ms=0.052/0.058/0.205 sendto_ms=0.051/0.056/0.204 cmd_age_ms=27.679 count=20 errors=0 errno=0 seq=4354 cmd=(0.500,-0.000,-0.004)
[INFO] [1784916788.931062610] [cmd_vel_udp_sender]: TIMING_SENDER ros_gap_ms=50.009/55.701/55.924 callback_ms=0.039/0.056/0.059 sendto_ms=0.038/0.054/0.058 cmd_age_ms=27.737 count=20 errors=0 errno=0 seq=4374 cmd=(0.500,-0.000,0.007)
[INFO] [1784916789.931256013] [cmd_vel_udp_sender]: TIMING_SENDER ros_gap_ms=49.981/55.941/56.036 callback_ms=0.043/0.056/0.060 sendto_ms=0.042/0.055/0.059 cmd_age_ms=28.320 count=20 errors=0 errno=0 seq=4394 cmd=(0.500,-0.000,-0.050)
[INFO] [1784916790.931444727] [cmd_vel_udp_sender]: TIMING_SENDER ros_gap_ms=50.002/52.558/60.288 callback_ms=0.046/0.062/0.067 sendto_ms=0.044/0.060/0.066 cmd_age_ms=28.460 count=20 errors=0 errno=0 seq=4414 cmd=(0.500,-0.000,-0.074)
Terminated
