SDK2 receiver started on interface: eth0
UDP listen port: 5005, packet_v=2
SDK command limits: max_vx=0.500 max_vy=0.100 max_vyaw=0.500
TIMING_RECEIVER udp_gap_ms=0.000/0.000/0.000 udp_transit_ms=0.000/0.000/0.000 move_call_ms=0.000/0.000/0.000 sender_to_move_done_ms=0.000/0.000/0.000 cmd_age_ms=-1.000 count=0 seq_gaps=0 invalid=0 last_seq=0 cmd=(0.000,0.000,0.000)
TIMING_RECEIVER udp_gap_ms=0.000/0.000/0.000 udp_transit_ms=0.000/0.000/0.000 move_call_ms=0.000/0.000/0.000 sender_to_move_done_ms=0.000/0.000/0.000 cmd_age_ms=-1.000 count=0 seq_gaps=0 invalid=0 last_seq=0 cmd=(0.000,0.000,0.000)
TIMING_RECEIVER udp_gap_ms=0.000/0.000/0.000 udp_transit_ms=0.000/0.000/0.000 move_call_ms=0.000/0.000/0.000 sender_to_move_done_ms=0.000/0.000/0.000 cmd_age_ms=-1.000 count=0 seq_gaps=0 invalid=0 last_seq=0 cmd=(0.000,0.000,0.000)
TIMING_RECEIVER udp_gap_ms=47.039/55.279/55.279 udp_transit_ms=0.078/0.098/0.098 move_call_ms=0.170/0.259/0.259 sender_to_move_done_ms=0.250/0.340/0.340 cmd_age_ms=0.000 count=9 seq_gaps=0 invalid=0 last_seq=9 cmd=(0.000,0.000,0.000)
TIMING_RECEIVER udp_gap_ms=50.011/51.475/52.380 udp_transit_ms=0.159/0.100/1.932 move_call_ms=0.157/0.199/0.202 sender_to_move_done_ms=0.317/0.288/2.135 cmd_age_ms=0.000 count=20 seq_gaps=0 invalid=0 last_seq=29 cmd=(0.000,0.000,0.000)
TIMING_RECEIVER udp_gap_ms=49.993/51.458/54.004 udp_transit_ms=0.079/0.103/0.107 move_call_ms=0.170/0.222/0.224 sender_to_move_done_ms=0.249/0.327/0.330 cmd_age_ms=0.000 count=21 seq_gaps=0 invalid=0 last_seq=50 cmd=(0.000,0.000,0.000)
TIMING_RECEIVER udp_gap_ms=50.006/51.214/51.934 udp_transit_ms=0.091/0.106/0.107 move_call_ms=0.190/0.231/0.236 sender_to_move_done_ms=0.282/0.337/0.338 cmd_age_ms=0.000 count=21 seq_gaps=0 invalid=0 last_seq=71 cmd=(0.000,0.000,0.000)
TIMING_RECEIVER udp_gap_ms=49.997/51.762/54.949 udp_transit_ms=0.090/0.105/0.112 move_call_ms=0.181/0.216/0.216 sender_to_move_done_ms=0.273/0.322/0.325 cmd_age_ms=0.000 count=21 seq_gaps=0 invalid=0 last_seq=92 cmd=(0.000,0.000,0.000)
TIMING_RECEIVER udp_gap_ms=50.002/52.298/57.209 udp_transit_ms=0.090/0.107/0.107 move_call_ms=0.181/0.228/0.232 sender_to_move_done_ms=0.273/0.336/0.339 cmd_age_ms=0.000 count=20 seq_gaps=0 invalid=0 last_seq=112 cmd=(0.000,0.000,0.000)
TIMING_RECEIVER udp_gap_ms=50.022/50.817/54.018 udp_transit_ms=0.117/0.177/0.194 move_call_ms=0.210/0.257/0.265 sender_to_move_done_ms=0.328/0.442/0.443 cmd_age_ms=0.000 count=21 seq_gaps=0 invalid=0 last_seq=133 cmd=(0.000,0.000,0.000)
TIMING_RECEIVER udp_gap_ms=50.017/52.480/56.325 udp_transit_ms=0.102/0.119/0.155 move_call_ms=0.221/0.282/0.292 sender_to_move_done_ms=0.323/0.384/0.396 cmd_age_ms=0.000 count=20 seq_gaps=0 invalid=0 last_seq=153 cmd=(0.000,0.000,0.000)
TIMING_RECEIVER udp_gap_ms=49.927/55.974/63.607 udp_transit_ms=0.060/0.097/0.111 move_call_ms=0.236/0.313/0.339 sender_to_move_done_ms=0.298/0.375/0.395 cmd_age_ms=0.000 count=21 seq_gaps=0 invalid=0 last_seq=174 cmd=(0.000,0.000,0.000)
TIMING_RECEIVER udp_gap_ms=50.013/52.959/56.136 udp_transit_ms=0.067/0.078/0.112 move_call_ms=0.248/0.301/0.302 sender_to_move_done_ms=0.316/0.379/0.412 cmd_age_ms=0.000 count=20 seq_gaps=0 invalid=0 last_seq=194 cmd=(0.000,0.000,0.000)
TIMING_RECEIVER udp_gap_ms=50.007/50.397/61.824 udp_transit_ms=0.073/0.081/0.263 move_call_ms=0.224/0.253/0.279 sender_to_move_done_ms=0.299/0.355/0.468 cmd_age_ms=0.000 count=20 seq_gaps=0 invalid=0 last_seq=214 cmd=(0.000,0.000,0.000)
TIMING_RECEIVER udp_gap_ms=49.996/51.327/55.427 udp_transit_ms=0.065/0.075/0.138 move_call_ms=0.241/0.281/0.287 sender_to_move_done_ms=0.308/0.359/0.381 cmd_age_ms=0.000 count=21 seq_gaps=0 invalid=0 last_seq=235 cmd=(0.000,0.000,0.000)
TIMING_RECEIVER udp_gap_ms=50.018/50.278/50.331 udp_transit_ms=0.069/0.092/0.148 move_call_ms=0.253/0.287/0.287 sender_to_move_done_ms=0.323/0.365/0.409 cmd_age_ms=0.000 count=20 seq_gaps=0 invalid=0 last_seq=255 cmd=(0.000,0.000,0.000)
TIMING_RECEIVER udp_gap_ms=50.067/51.044/55.389 udp_transit_ms=0.095/0.124/0.134 move_call_ms=0.245/0.276/0.280 sender_to_move_done_ms=0.341/0.375/0.411 cmd_age_ms=0.000 count=20 seq_gaps=0 invalid=0 last_seq=275 cmd=(0.000,0.000,0.000)
TIMING_RECEIVER udp_gap_ms=49.967/54.420/54.538 udp_transit_ms=0.070/0.114/0.120 move_call_ms=0.255/0.274/0.274 sender_to_move_done_ms=0.327/0.366/0.367 cmd_age_ms=0.000 count=21 seq_gaps=0 invalid=0 last_seq=296 cmd=(0.000,0.000,0.000)
TIMING_RECEIVER udp_gap_ms=50.239/54.242/55.551 udp_transit_ms=0.082/0.142/0.144 move_call_ms=0.273/0.307/0.327 sender_to_move_done_ms=0.357/0.411/0.422 cmd_age_ms=0.000 count=20 seq_gaps=0 invalid=0 last_seq=316 cmd=(0.000,0.000,0.000)
TIMING_RECEIVER udp_gap_ms=49.729/51.663/52.217 udp_transit_ms=0.076/0.145/0.151 move_call_ms=0.293/0.323/0.326 sender_to_move_done_ms=0.371/0.441/0.441 cmd_age_ms=0.000 count=21 seq_gaps=0 invalid=0 last_seq=337 cmd=(0.000,0.000,0.000)
TIMING_RECEIVER udp_gap_ms=50.007/55.306/56.459 udp_transit_ms=0.103/0.227/0.501 move_call_ms=0.329/0.455/0.537 sender_to_move_done_ms=0.433/0.764/0.807 cmd_age_ms=0.000 count=20 seq_gaps=0 invalid=0 last_seq=357 cmd=(0.000,0.000,0.000)
TIMING_RECEIVER udp_gap_ms=49.998/50.682/51.346 udp_transit_ms=0.073/0.089/0.150 move_call_ms=0.320/0.418/0.494 sender_to_move_done_ms=0.394/0.487/0.562 cmd_age_ms=0.000 count=21 seq_gaps=0 invalid=0 last_seq=378 cmd=(0.000,0.000,0.000)
TIMING_RECEIVER udp_gap_ms=50.043/55.023/55.342 udp_transit_ms=0.383/0.956/5.483 move_call_ms=0.371/0.513/0.802 sender_to_move_done_ms=0.756/1.470/5.804 cmd_age_ms=0.000 count=20 seq_gaps=0 invalid=0 last_seq=398 cmd=(0.000,0.000,0.000)
TIMING_RECEIVER udp_gap_ms=49.988/51.356/53.684 udp_transit_ms=0.516/1.557/2.246 move_call_ms=0.373/0.719/0.767 sender_to_move_done_ms=0.890/1.972/2.527 cmd_age_ms=0.000 count=21 seq_gaps=0 invalid=0 last_seq=419 cmd=(0.500,-0.000,0.050)
TIMING_RECEIVER udp_gap_ms=49.964/51.022/51.906 udp_transit_ms=0.122/0.154/0.196 move_call_ms=0.318/0.380/0.542 sender_to_move_done_ms=0.441/0.512/0.739 cmd_age_ms=0.000 count=21 seq_gaps=0 invalid=0 last_seq=440 cmd=(0.500,-0.000,0.021)
TIMING_RECEIVER udp_gap_ms=49.993/50.199/50.410 udp_transit_ms=0.119/0.135/0.136 move_call_ms=0.285/0.416/0.437 sender_to_move_done_ms=0.405/0.524/0.572 cmd_age_ms=0.000 count=21 seq_gaps=0 invalid=0 last_seq=461 cmd=(0.500,-0.000,-0.010)
TIMING_RECEIVER udp_gap_ms=50.024/50.671/52.162 udp_transit_ms=0.226/0.534/0.603 move_call_ms=0.388/0.545/0.588 sender_to_move_done_ms=0.616/0.887/0.927 cmd_age_ms=0.000 count=20 seq_gaps=0 invalid=0 last_seq=481 cmd=(0.500,-0.000,-0.031)
TIMING_RECEIVER udp_gap_ms=50.018/51.840/55.634 udp_transit_ms=0.125/0.168/0.260 move_call_ms=0.395/0.787/0.969 sender_to_move_done_ms=0.521/0.924/1.107 cmd_age_ms=0.000 count=21 seq_gaps=0 invalid=0 last_seq=502 cmd=(0.500,-0.000,-0.035)
TIMING_RECEIVER udp_gap_ms=49.978/51.018/54.441 udp_transit_ms=0.257/0.630/0.945 move_call_ms=0.376/0.596/0.930 sender_to_move_done_ms=0.635/1.146/1.541 cmd_age_ms=0.000 count=21 seq_gaps=0 invalid=0 last_seq=523 cmd=(0.500,-0.000,-0.001)
TIMING_RECEIVER udp_gap_ms=50.000/52.584/61.899 udp_transit_ms=0.411/1.056/2.338 move_call_ms=0.338/0.440/0.520 sender_to_move_done_ms=0.751/1.377/2.601 cmd_age_ms=0.000 count=20 seq_gaps=0 invalid=0 last_seq=543 cmd=(0.500,-0.000,0.049)
TIMING_RECEIVER udp_gap_ms=50.016/50.978/52.126 udp_transit_ms=0.137/0.178/0.347 move_call_ms=0.431/0.546/1.792 sender_to_move_done_ms=0.568/0.683/1.923 cmd_age_ms=0.000 count=20 seq_gaps=0 invalid=0 last_seq=563 cmd=(0.500,-0.000,0.030)
TIMING_RECEIVER udp_gap_ms=49.962/51.221/52.447 udp_transit_ms=0.079/0.131/0.161 move_call_ms=0.359/0.471/0.868 sender_to_move_done_ms=0.439/0.592/1.000 cmd_age_ms=0.000 count=21 seq_gaps=0 invalid=0 last_seq=584 cmd=(0.500,-0.000,0.020)
TIMING_RECEIVER udp_gap_ms=50.002/51.107/54.987 udp_transit_ms=0.077/0.105/0.186 move_call_ms=0.322/0.394/0.413 sender_to_move_done_ms=0.400/0.493/0.582 cmd_age_ms=0.000 count=20 seq_gaps=0 invalid=0 last_seq=604 cmd=(0.500,-0.000,-0.051)
TIMING_RECEIVER udp_gap_ms=50.027/54.162/58.586 udp_transit_ms=0.091/0.140/0.453 move_call_ms=0.336/0.402/0.493 sender_to_move_done_ms=0.429/0.500/0.948 cmd_age_ms=0.000 count=20 seq_gaps=0 invalid=0 last_seq=624 cmd=(0.500,-0.000,0.031)
TIMING_RECEIVER udp_gap_ms=49.988/50.324/52.578 udp_transit_ms=0.072/0.096/0.103 move_call_ms=0.325/0.409/0.409 sender_to_move_done_ms=0.398/0.472/0.506 cmd_age_ms=0.000 count=21 seq_gaps=0 invalid=0 last_seq=645 cmd=(0.500,-0.000,0.004)
TIMING_RECEIVER udp_gap_ms=50.006/50.460/54.794 udp_transit_ms=0.065/0.081/0.082 move_call_ms=0.318/0.395/0.443 sender_to_move_done_ms=0.384/0.472/0.526 cmd_age_ms=0.000 count=20 seq_gaps=0 invalid=0 last_seq=665 cmd=(0.500,-0.000,-0.035)
TIMING_RECEIVER udp_gap_ms=50.131/53.151/55.210 udp_transit_ms=0.076/0.119/0.130 move_call_ms=0.323/0.397/0.453 sender_to_move_done_ms=0.400/0.480/0.515 cmd_age_ms=0.000 count=21 seq_gaps=0 invalid=0 last_seq=686 cmd=(0.500,-0.000,-0.018)
TIMING_RECEIVER udp_gap_ms=49.858/50.493/50.845 udp_transit_ms=0.065/0.082/0.083 move_call_ms=0.309/0.374/0.374 sender_to_move_done_ms=0.375/0.442/0.448 cmd_age_ms=0.000 count=21 seq_gaps=0 invalid=0 last_seq=707 cmd=(0.500,-0.000,-0.040)
TIMING_RECEIVER udp_gap_ms=50.006/50.898/53.366 udp_transit_ms=0.070/0.126/0.131 move_call_ms=0.309/0.353/0.354 sender_to_move_done_ms=0.381/0.444/0.470 cmd_age_ms=0.000 count=20 seq_gaps=0 invalid=0 last_seq=727 cmd=(0.500,-0.000,-0.005)
TIMING_RECEIVER udp_gap_ms=49.991/50.757/51.058 udp_transit_ms=0.064/0.081/0.082 move_call_ms=0.298/0.373/0.373 sender_to_move_done_ms=0.363/0.449/0.455 cmd_age_ms=0.000 count=21 seq_gaps=0 invalid=0 last_seq=748 cmd=(0.500,-0.000,-0.028)
TIMING_RECEIVER udp_gap_ms=50.046/52.406/55.263 udp_transit_ms=0.108/0.112/0.851 move_call_ms=0.297/0.333/0.344 sender_to_move_done_ms=0.407/0.427/1.128 cmd_age_ms=0.000 count=20 seq_gaps=0 invalid=0 last_seq=768 cmd=(0.500,-0.000,0.070)
TIMING_RECEIVER udp_gap_ms=49.960/51.293/52.680 udp_transit_ms=0.137/0.283/0.332 move_call_ms=0.301/0.397/0.407 sender_to_move_done_ms=0.439/0.596/0.626 cmd_age_ms=0.000 count=21 seq_gaps=0 invalid=0 last_seq=789 cmd=(0.500,-0.000,0.013)
TIMING_RECEIVER udp_gap_ms=50.029/51.314/51.633 udp_transit_ms=0.172/0.346/0.405 move_call_ms=0.303/0.374/0.374 sender_to_move_done_ms=0.478/0.684/0.688 cmd_age_ms=0.000 count=20 seq_gaps=0 invalid=0 last_seq=809 cmd=(0.500,-0.000,-0.046)
TIMING_RECEIVER udp_gap_ms=50.004/51.797/56.078 udp_transit_ms=0.121/0.402/0.794 move_call_ms=0.304/0.344/0.402 sender_to_move_done_ms=0.426/0.677/1.077 cmd_age_ms=0.000 count=21 seq_gaps=0 invalid=0 last_seq=830 cmd=(0.500,-0.000,0.003)
TIMING_RECEIVER udp_gap_ms=49.976/54.419/59.846 udp_transit_ms=0.208/0.739/0.783 move_call_ms=0.268/0.300/0.306 sender_to_move_done_ms=0.477/1.022/1.070 cmd_age_ms=0.000 count=21 seq_gaps=0 invalid=0 last_seq=851 cmd=(0.500,-0.000,-0.031)
TIMING_RECEIVER udp_gap_ms=50.047/54.678/72.842 udp_transit_ms=0.129/0.161/0.180 move_call_ms=0.280/0.300/0.300 sender_to_move_done_ms=0.411/0.452/0.474 cmd_age_ms=0.000 count=20 seq_gaps=0 invalid=0 last_seq=871 cmd=(0.500,-0.000,-0.041)
TIMING_RECEIVER udp_gap_ms=50.009/56.596/59.747 udp_transit_ms=0.256/0.789/2.248 move_call_ms=0.268/0.282/0.358 sender_to_move_done_ms=0.525/1.072/2.522 cmd_age_ms=0.000 count=20 seq_gaps=0 invalid=0 last_seq=891 cmd=(0.500,-0.000,-0.014)
TIMING_RECEIVER udp_gap_ms=50.089/52.781/53.178 udp_transit_ms=0.126/0.172/0.213 move_call_ms=0.284/0.330/0.354 sender_to_move_done_ms=0.410/0.470/0.497 cmd_age_ms=0.000 count=20 seq_gaps=0 invalid=0 last_seq=911 cmd=(0.500,-0.000,-0.000)
TIMING_RECEIVER udp_gap_ms=49.875/51.434/52.844 udp_transit_ms=0.112/0.166/0.207 move_call_ms=0.289/0.295/0.744 sender_to_move_done_ms=0.401/0.483/0.870 cmd_age_ms=0.000 count=21 seq_gaps=0 invalid=0 last_seq=932 cmd=(0.500,-0.000,-0.007)
TIMING_RECEIVER udp_gap_ms=49.969/50.486/57.748 udp_transit_ms=0.069/0.096/0.100 move_call_ms=0.317/0.385/0.388 sender_to_move_done_ms=0.387/0.481/0.483 cmd_age_ms=0.000 count=21 seq_gaps=0 invalid=0 last_seq=953 cmd=(0.500,-0.000,-0.015)
TIMING_RECEIVER udp_gap_ms=50.015/50.329/50.855 udp_transit_ms=0.077/0.088/0.295 move_call_ms=0.326/0.386/0.403 sender_to_move_done_ms=0.405/0.475/0.674 cmd_age_ms=0.000 count=20 seq_gaps=0 invalid=0 last_seq=973 cmd=(0.500,-0.000,0.012)
TIMING_RECEIVER udp_gap_ms=49.992/59.359/61.608 udp_transit_ms=0.074/0.123/0.175 move_call_ms=0.306/0.380/0.390 sender_to_move_done_ms=0.382/0.467/0.480 cmd_age_ms=0.000 count=21 seq_gaps=0 invalid=0 last_seq=994 cmd=(0.500,-0.000,-0.017)
TIMING_RECEIVER udp_gap_ms=49.999/50.211/52.662 udp_transit_ms=0.075/0.114/0.123 move_call_ms=0.320/0.371/0.378 sender_to_move_done_ms=0.396/0.460/0.486 cmd_age_ms=0.000 count=21 seq_gaps=0 invalid=0 last_seq=1015 cmd=(0.500,-0.000,0.007)
TIMING_RECEIVER udp_gap_ms=50.337/50.816/56.911 udp_transit_ms=0.066/0.081/0.103 move_call_ms=0.318/0.387/0.395 sender_to_move_done_ms=0.385/0.466/0.492 cmd_age_ms=0.000 count=20 seq_gaps=0 invalid=0 last_seq=1035 cmd=(0.500,-0.000,-0.064)
TIMING_RECEIVER udp_gap_ms=49.672/50.470/54.418 udp_transit_ms=0.069/0.087/0.091 move_call_ms=0.316/0.387/0.422 sender_to_move_done_ms=0.386/0.479/0.510 cmd_age_ms=0.000 count=21 seq_gaps=0 invalid=0 last_seq=1056 cmd=(0.500,-0.000,-0.069)
TIMING_RECEIVER udp_gap_ms=50.005/50.167/55.310 udp_transit_ms=0.084/0.134/0.225 move_call_ms=0.324/0.383/0.395 sender_to_move_done_ms=0.410/0.510/0.511 cmd_age_ms=0.000 count=20 seq_gaps=0 invalid=0 last_seq=1076 cmd=(0.500,-0.000,-0.043)
TIMING_RECEIVER udp_gap_ms=50.004/53.524/53.841 udp_transit_ms=0.255/0.096/3.738 move_call_ms=0.298/0.333/0.355 sender_to_move_done_ms=0.554/0.447/4.067 cmd_age_ms=0.000 count=20 seq_gaps=0 invalid=0 last_seq=1096 cmd=(0.500,-0.000,0.004)
TIMING_RECEIVER udp_gap_ms=50.002/51.591/53.386 udp_transit_ms=0.067/0.084/0.089 move_call_ms=0.320/0.385/0.398 sender_to_move_done_ms=0.388/0.467/0.475 cmd_age_ms=0.000 count=20 seq_gaps=0 invalid=0 last_seq=1116 cmd=(0.500,-0.000,-0.010)
TIMING_RECEIVER udp_gap_ms=49.993/50.191/50.246 udp_transit_ms=0.063/0.078/0.097 move_call_ms=0.292/0.321/0.390 sender_to_move_done_ms=0.356/0.391/0.489 cmd_age_ms=0.000 count=21 seq_gaps=0 invalid=0 last_seq=1137 cmd=(0.500,-0.000,-0.011)
TIMING_RECEIVER udp_gap_ms=50.003/55.331/60.704 udp_transit_ms=0.074/0.080/0.135 move_call_ms=0.323/0.384/0.393 sender_to_move_done_ms=0.399/0.459/0.460 cmd_age_ms=0.000 count=20 seq_gaps=0 invalid=0 last_seq=1157 cmd=(0.500,-0.000,0.002)
TIMING_RECEIVER udp_gap_ms=50.003/50.266/54.527 udp_transit_ms=0.069/0.091/0.102 move_call_ms=0.310/0.389/0.458 sender_to_move_done_ms=0.380/0.492/0.532 cmd_age_ms=0.000 count=20 seq_gaps=0 invalid=0 last_seq=1177 cmd=(0.500,-0.000,-0.010)
TIMING_RECEIVER udp_gap_ms=49.988/50.176/50.447 udp_transit_ms=0.090/0.230/0.232 move_call_ms=0.315/0.379/0.393 sender_to_move_done_ms=0.407/0.515/0.540 cmd_age_ms=0.000 count=21 seq_gaps=0 invalid=0 last_seq=1198 cmd=(0.500,-0.000,0.019)
TIMING_RECEIVER udp_gap_ms=50.020/51.046/52.784 udp_transit_ms=0.117/0.095/1.053 move_call_ms=0.317/0.370/0.559 sender_to_move_done_ms=0.436/0.638/1.396 cmd_age_ms=0.000 count=20 seq_gaps=0 invalid=0 last_seq=1218 cmd=(0.500,-0.000,-0.027)
TIMING_RECEIVER udp_gap_ms=50.007/50.352/50.940 udp_transit_ms=0.072/0.076/0.257 move_call_ms=0.333/0.401/0.512 sender_to_move_done_ms=0.406/0.532/0.579 cmd_age_ms=0.000 count=20 seq_gaps=0 invalid=0 last_seq=1238 cmd=(0.500,-0.000,0.004)
TIMING_RECEIVER udp_gap_ms=49.989/55.876/57.135 udp_transit_ms=0.415/0.096/7.366 move_call_ms=0.345/0.466/0.607 sender_to_move_done_ms=0.762/0.563/7.974 cmd_age_ms=0.000 count=21 seq_gaps=0 invalid=0 last_seq=1259 cmd=(0.500,-0.000,0.004)
TIMING_RECEIVER udp_gap_ms=50.003/50.565/57.652 udp_transit_ms=0.076/0.102/0.182 move_call_ms=0.363/0.508/0.591 sender_to_move_done_ms=0.440/0.658/0.670 cmd_age_ms=0.000 count=20 seq_gaps=0 invalid=0 last_seq=1279 cmd=(0.500,-0.000,0.017)
TIMING_RECEIVER udp_gap_ms=50.005/50.812/53.291 udp_transit_ms=0.066/0.084/0.089 move_call_ms=0.325/0.382/0.383 sender_to_move_done_ms=0.392/0.455/0.457 cmd_age_ms=0.000 count=21 seq_gaps=0 invalid=0 last_seq=1300 cmd=(0.500,-0.000,-0.007)
TIMING_RECEIVER udp_gap_ms=49.985/55.035/55.594 udp_transit_ms=0.074/0.080/0.229 move_call_ms=0.327/0.391/0.401 sender_to_move_done_ms=0.402/0.473/0.496 cmd_age_ms=0.000 count=21 seq_gaps=0 invalid=0 last_seq=1321 cmd=(0.500,-0.000,-0.001)
TIMING_RECEIVER udp_gap_ms=50.001/53.403/55.991 udp_transit_ms=0.080/0.094/0.278 move_call_ms=0.325/0.395/0.406 sender_to_move_done_ms=0.407/0.474/0.685 cmd_age_ms=0.000 count=20 seq_gaps=0 invalid=0 last_seq=1341 cmd=(0.500,-0.000,-0.009)
TIMING_RECEIVER udp_gap_ms=50.003/54.050/69.587 udp_transit_ms=0.069/0.089/0.090 move_call_ms=0.336/0.388/0.390 sender_to_move_done_ms=0.407/0.474/0.476 cmd_age_ms=0.000 count=20 seq_gaps=0 invalid=0 last_seq=1361 cmd=(0.500,-0.000,0.052)
TIMING_RECEIVER udp_gap_ms=50.003/50.255/50.385 udp_transit_ms=0.064/0.076/0.078 move_call_ms=0.320/0.388/0.413 sender_to_move_done_ms=0.385/0.467/0.478 cmd_age_ms=0.000 count=20 seq_gaps=0 invalid=0 last_seq=1381 cmd=(0.500,-0.000,0.005)
TIMING_RECEIVER udp_gap_ms=50.008/55.059/55.638 udp_transit_ms=0.065/0.095/0.097 move_call_ms=0.343/0.409/0.415 sender_to_move_done_ms=0.410/0.482/0.493 cmd_age_ms=0.000 count=20 seq_gaps=0 invalid=0 last_seq=1401 cmd=(0.500,-0.000,-0.002)
TIMING_RECEIVER udp_gap_ms=50.002/52.643/55.050 udp_transit_ms=0.067/0.079/0.080 move_call_ms=0.345/0.441/0.468 sender_to_move_done_ms=0.414/0.517/0.534 cmd_age_ms=0.000 count=20 seq_gaps=0 invalid=0 last_seq=1421 cmd=(0.500,-0.000,-0.009)
TIMING_RECEIVER udp_gap_ms=49.995/50.440/50.627 udp_transit_ms=0.079/0.129/0.240 move_call_ms=0.314/0.382/0.437 sender_to_move_done_ms=0.394/0.513/0.535 cmd_age_ms=0.000 count=21 seq_gaps=0 invalid=0 last_seq=1442 cmd=(0.500,-0.000,-0.062)
TIMING_RECEIVER udp_gap_ms=50.000/50.266/50.323 udp_transit_ms=0.064/0.078/0.086 move_call_ms=0.342/0.410/0.517 sender_to_move_done_ms=0.407/0.483/0.605 cmd_age_ms=0.000 count=20 seq_gaps=0 invalid=0 last_seq=1462 cmd=(0.500,-0.000,-0.026)
TIMING_RECEIVER udp_gap_ms=49.991/50.420/52.002 udp_transit_ms=0.081/0.183/0.185 move_call_ms=0.325/0.372/0.394 sender_to_move_done_ms=0.408/0.485/0.556 cmd_age_ms=0.000 count=21 seq_gaps=0 invalid=0 last_seq=1483 cmd=(0.500,-0.000,0.013)
TIMING_RECEIVER udp_gap_ms=50.002/50.377/50.407 udp_transit_ms=0.069/0.084/0.095 move_call_ms=0.344/0.449/0.549 sender_to_move_done_ms=0.415/0.510/0.645 cmd_age_ms=0.000 count=20 seq_gaps=0 invalid=0 last_seq=1503 cmd=(0.500,-0.000,0.017)
TIMING_RECEIVER udp_gap_ms=50.015/55.859/59.554 udp_transit_ms=0.072/0.093/0.100 move_call_ms=0.340/0.399/0.401 sender_to_move_done_ms=0.414/0.464/0.471 cmd_age_ms=0.000 count=21 seq_gaps=0 invalid=0 last_seq=1524 cmd=(0.500,-0.000,0.010)
TIMING_RECEIVER udp_gap_ms=49.989/50.987/57.237 udp_transit_ms=0.077/0.130/0.274 move_call_ms=0.324/0.380/0.411 sender_to_move_done_ms=0.403/0.477/0.601 cmd_age_ms=0.000 count=21 seq_gaps=0 invalid=0 last_seq=1545 cmd=(0.500,-0.000,-0.002)
TIMING_RECEIVER udp_gap_ms=50.014/50.677/50.736 udp_transit_ms=0.062/0.076/0.090 move_call_ms=0.318/0.388/0.453 sender_to_move_done_ms=0.382/0.465/0.520 cmd_age_ms=0.000 count=21 seq_gaps=0 invalid=0 last_seq=1566 cmd=(0.500,-0.000,-0.048)
TIMING_RECEIVER udp_gap_ms=49.979/52.886/52.929 udp_transit_ms=0.075/0.118/0.187 move_call_ms=0.350/0.482/0.502 sender_to_move_done_ms=0.426/0.542/0.691 cmd_age_ms=0.000 count=21 seq_gaps=0 invalid=0 last_seq=1587 cmd=(0.500,-0.000,-0.029)
TIMING_RECEIVER udp_gap_ms=50.002/50.282/50.507 udp_transit_ms=0.076/0.117/0.171 move_call_ms=0.334/0.409/0.512 sender_to_move_done_ms=0.412/0.582/0.589 cmd_age_ms=0.000 count=21 seq_gaps=0 invalid=0 last_seq=1608 cmd=(0.500,-0.000,-0.028)
TIMING_RECEIVER udp_gap_ms=49.990/56.611/67.841 udp_transit_ms=0.384/0.165/6.350 move_call_ms=0.329/0.393/0.501 sender_to_move_done_ms=0.714/0.569/6.706 cmd_age_ms=0.000 count=21 seq_gaps=0 invalid=0 last_seq=1629 cmd=(0.500,-0.000,-0.053)
TIMING_RECEIVER udp_gap_ms=50.007/52.759/56.172 udp_transit_ms=0.123/0.140/0.224 move_call_ms=0.301/0.379/0.621 sender_to_move_done_ms=0.425/0.503/0.732 cmd_age_ms=0.000 count=20 seq_gaps=0 invalid=0 last_seq=1649 cmd=(0.500,-0.000,-0.070)
TIMING_RECEIVER udp_gap_ms=49.999/54.975/55.585 udp_transit_ms=0.138/0.282/0.368 move_call_ms=0.349/0.545/0.764 sender_to_move_done_ms=0.489/0.743/0.897 cmd_age_ms=0.000 count=21 seq_gaps=0 invalid=0 last_seq=1670 cmd=(0.500,-0.000,-0.106)
TIMING_RECEIVER udp_gap_ms=50.019/53.376/56.311 udp_transit_ms=0.143/0.380/0.398 move_call_ms=0.344/0.541/0.718 sender_to_move_done_ms=0.488/0.783/0.786 cmd_age_ms=0.000 count=20 seq_gaps=0 invalid=0 last_seq=1690 cmd=(0.500,-0.000,-0.037)
TIMING_RECEIVER udp_gap_ms=49.996/54.462/54.960 udp_transit_ms=0.172/0.650/0.785 move_call_ms=0.340/0.488/1.214 sender_to_move_done_ms=0.514/1.120/1.339 cmd_age_ms=0.000 count=21 seq_gaps=0 invalid=0 last_seq=1711 cmd=(0.500,-0.000,0.028)
TIMING_RECEIVER udp_gap_ms=50.020/54.643/64.460 udp_transit_ms=0.287/0.380/3.418 move_call_ms=0.276/0.329/0.367 sender_to_move_done_ms=0.564/0.645/3.786 cmd_age_ms=0.000 count=20 seq_gaps=0 invalid=0 last_seq=1731 cmd=(0.500,-0.000,-0.009)
TIMING_RECEIVER udp_gap_ms=49.982/56.500/56.675 udp_transit_ms=0.211/0.780/1.438 move_call_ms=0.274/0.285/0.354 sender_to_move_done_ms=0.487/1.135/1.722 cmd_age_ms=0.000 count=21 seq_gaps=0 invalid=0 last_seq=1752 cmd=(0.500,-0.000,0.005)
TIMING_RECEIVER udp_gap_ms=50.099/52.091/53.707 udp_transit_ms=0.595/2.275/3.492 move_call_ms=0.272/0.320/0.323 sender_to_move_done_ms=0.868/2.597/3.778 cmd_age_ms=0.000 count=20 seq_gaps=0 invalid=0 last_seq=1772 cmd=(0.500,-0.000,0.000)
TIMING_RECEIVER udp_gap_ms=49.903/61.729/62.169 udp_transit_ms=0.208/0.775/0.917 move_call_ms=0.280/0.314/0.395 sender_to_move_done_ms=0.489/1.066/1.223 cmd_age_ms=0.000 count=21 seq_gaps=0 invalid=0 last_seq=1793 cmd=(0.500,-0.000,0.025)
TIMING_RECEIVER udp_gap_ms=49.990/55.415/64.674 udp_transit_ms=0.081/0.104/0.286 move_call_ms=0.307/0.384/0.387 sender_to_move_done_ms=0.390/0.462/0.584 cmd_age_ms=0.000 count=21 seq_gaps=0 invalid=0 last_seq=1814 cmd=(0.500,-0.000,-0.037)
TIMING_RECEIVER udp_gap_ms=50.010/51.162/53.086 udp_transit_ms=0.068/0.085/0.106 move_call_ms=0.315/0.386/0.396 sender_to_move_done_ms=0.384/0.462/0.470 cmd_age_ms=0.000 count=20 seq_gaps=0 invalid=0 last_seq=1834 cmd=(0.500,-0.000,-0.021)
TIMING_RECEIVER udp_gap_ms=49.998/55.535/56.567 udp_transit_ms=0.074/0.092/0.234 move_call_ms=0.318/0.388/0.392 sender_to_move_done_ms=0.393/0.473/0.528 cmd_age_ms=0.000 count=21 seq_gaps=0 invalid=0 last_seq=1855 cmd=(0.500,-0.000,-0.008)
TIMING_RECEIVER udp_gap_ms=49.988/50.729/62.784 udp_transit_ms=0.062/0.077/0.080 move_call_ms=0.304/0.388/0.390 sender_to_move_done_ms=0.368/0.452/0.457 cmd_age_ms=0.000 count=21 seq_gaps=0 invalid=0 last_seq=1876 cmd=(0.500,-0.000,0.005)
TIMING_RECEIVER udp_gap_ms=50.000/53.829/54.651 udp_transit_ms=0.073/0.087/0.310 move_call_ms=0.295/0.355/0.368 sender_to_move_done_ms=0.370/0.430/0.626 cmd_age_ms=0.000 count=20 seq_gaps=0 invalid=0 last_seq=1896 cmd=(0.500,-0.000,-0.010)
TIMING_RECEIVER udp_gap_ms=50.005/50.290/52.331 udp_transit_ms=0.184/0.173/2.337 move_call_ms=0.318/0.385/0.398 sender_to_move_done_ms=0.504/0.572/2.655 cmd_age_ms=0.000 count=20 seq_gaps=0 invalid=0 last_seq=1916 cmd=(0.500,-0.000,-0.014)
TIMING_RECEIVER udp_gap_ms=49.991/50.236/54.473 udp_transit_ms=0.065/0.078/0.081 move_call_ms=0.324/0.400/0.401 sender_to_move_done_ms=0.390/0.461/0.476 cmd_age_ms=0.000 count=21 seq_gaps=0 invalid=0 last_seq=1937 cmd=(0.500,-0.000,-0.019)
TIMING_RECEIVER udp_gap_ms=50.013/50.671/50.931 udp_transit_ms=0.112/0.234/0.767 move_call_ms=0.315/0.401/0.409 sender_to_move_done_ms=0.429/0.526/1.050 cmd_age_ms=0.000 count=20 seq_gaps=0 invalid=0 last_seq=1957 cmd=(0.500,-0.000,-0.022)
TIMING_RECEIVER udp_gap_ms=49.993/50.346/50.392 udp_transit_ms=0.065/0.085/0.146 move_call_ms=0.318/0.402/0.407 sender_to_move_done_ms=0.385/0.472/0.488 cmd_age_ms=0.000 count=21 seq_gaps=0 invalid=0 last_seq=1978 cmd=(0.500,-0.000,0.018)
TIMING_RECEIVER udp_gap_ms=50.165/54.020/54.537 udp_transit_ms=0.076/0.118/0.210 move_call_ms=0.315/0.373/0.514 sender_to_move_done_ms=0.393/0.504/0.579 cmd_age_ms=0.000 count=20 seq_gaps=0 invalid=0 last_seq=1998 cmd=(0.500,-0.000,-0.013)
TIMING_RECEIVER udp_gap_ms=49.849/56.269/56.633 udp_transit_ms=0.069/0.088/0.097 move_call_ms=0.330/0.380/0.401 sender_to_move_done_ms=0.400/0.458/0.479 cmd_age_ms=0.000 count=21 seq_gaps=0 invalid=0 last_seq=2019 cmd=(0.500,-0.000,-0.014)
TIMING_RECEIVER udp_gap_ms=49.998/50.469/50.756 udp_transit_ms=0.069/0.096/0.122 move_call_ms=0.300/0.382/0.389 sender_to_move_done_ms=0.370/0.456/0.458 cmd_age_ms=0.000 count=21 seq_gaps=0 invalid=0 last_seq=2040 cmd=(0.500,-0.000,-0.012)
TIMING_RECEIVER udp_gap_ms=50.004/50.479/52.338 udp_transit_ms=0.068/0.085/0.150 move_call_ms=0.298/0.344/0.360 sender_to_move_done_ms=0.367/0.437/0.455 cmd_age_ms=0.000 count=21 seq_gaps=0 invalid=0 last_seq=2061 cmd=(0.500,-0.000,-0.032)
TIMING_RECEIVER udp_gap_ms=49.988/50.239/51.871 udp_transit_ms=0.072/0.098/0.109 move_call_ms=0.309/0.369/0.378 sender_to_move_done_ms=0.382/0.442/0.461 cmd_age_ms=0.000 count=21 seq_gaps=0 invalid=0 last_seq=2082 cmd=(0.500,-0.000,-0.001)
TIMING_RECEIVER udp_gap_ms=50.005/56.257/56.307 udp_transit_ms=0.062/0.075/0.078 move_call_ms=0.313/0.377/0.415 sender_to_move_done_ms=0.377/0.440/0.481 cmd_age_ms=0.000 count=20 seq_gaps=0 invalid=0 last_seq=2102 cmd=(0.500,-0.000,-0.017)
TIMING_RECEIVER udp_gap_ms=50.016/50.190/50.334 udp_transit_ms=0.070/0.090/0.101 move_call_ms=0.372/0.500/0.507 sender_to_move_done_ms=0.444/0.577/0.582 cmd_age_ms=0.000 count=20 seq_gaps=0 invalid=0 last_seq=2122 cmd=(0.500,-0.000,-0.005)
TIMING_RECEIVER udp_gap_ms=49.987/53.331/55.643 udp_transit_ms=0.069/0.115/0.117 move_call_ms=0.323/0.427/0.457 sender_to_move_done_ms=0.394/0.509/0.540 cmd_age_ms=0.000 count=21 seq_gaps=0 invalid=0 last_seq=2143 cmd=(0.500,-0.000,0.026)
TIMING_RECEIVER udp_gap_ms=50.008/55.879/57.700 udp_transit_ms=0.073/0.092/0.209 move_call_ms=0.361/0.477/0.625 sender_to_move_done_ms=0.435/0.545/0.719 cmd_age_ms=0.000 count=20 seq_gaps=0 invalid=0 last_seq=2163 cmd=(0.500,-0.000,0.014)
TIMING_RECEIVER udp_gap_ms=49.992/50.380/50.438 udp_transit_ms=0.072/0.093/0.206 move_call_ms=0.340/0.404/0.427 sender_to_move_done_ms=0.413/0.499/0.548 cmd_age_ms=0.000 count=21 seq_gaps=0 invalid=0 last_seq=2184 cmd=(0.500,-0.000,0.009)
TIMING_RECEIVER udp_gap_ms=50.016/56.273/59.551 udp_transit_ms=0.066/0.089/0.102 move_call_ms=0.365/0.481/0.486 sender_to_move_done_ms=0.433/0.547/0.561 cmd_age_ms=0.000 count=20 seq_gaps=0 invalid=0 last_seq=2204 cmd=(0.500,-0.000,-0.004)
TIMING_RECEIVER udp_gap_ms=49.988/50.489/50.721 udp_transit_ms=0.094/0.292/0.422 move_call_ms=0.347/0.480/0.530 sender_to_move_done_ms=0.443/0.611/0.844 cmd_age_ms=0.000 count=21 seq_gaps=0 invalid=0 last_seq=2225 cmd=(0.500,-0.000,-0.064)
TIMING_RECEIVER udp_gap_ms=50.004/50.827/53.424 udp_transit_ms=0.084/0.195/0.243 move_call_ms=0.330/0.420/0.434 sender_to_move_done_ms=0.415/0.525/0.579 cmd_age_ms=0.000 count=20 seq_gaps=0 invalid=0 last_seq=2245 cmd=(0.500,-0.000,0.006)
TIMING_RECEIVER udp_gap_ms=50.010/50.303/50.735 udp_transit_ms=0.074/0.094/0.141 move_call_ms=0.373/0.497/0.552 sender_to_move_done_ms=0.449/0.564/0.618 cmd_age_ms=0.000 count=20 seq_gaps=0 invalid=0 last_seq=2265 cmd=(0.500,-0.000,-0.034)
TIMING_RECEIVER udp_gap_ms=50.117/52.146/52.651 udp_transit_ms=0.068/0.086/0.100 move_call_ms=0.352/0.492/0.549 sender_to_move_done_ms=0.421/0.563/0.611 cmd_age_ms=0.000 count=21 seq_gaps=0 invalid=0 last_seq=2286 cmd=(0.500,-0.000,0.002)
TIMING_RECEIVER udp_gap_ms=49.866/50.287/55.086 udp_transit_ms=0.069/0.090/0.098 move_call_ms=0.345/0.428/0.543 sender_to_move_done_ms=0.416/0.495/0.617 cmd_age_ms=0.000 count=21 seq_gaps=0 invalid=0 last_seq=2307 cmd=(0.500,-0.000,-0.008)
TIMING_RECEIVER udp_gap_ms=50.005/50.894/51.101 udp_transit_ms=0.065/0.082/0.149 move_call_ms=0.340/0.448/0.472 sender_to_move_done_ms=0.407/0.510/0.556 cmd_age_ms=0.000 count=21 seq_gaps=0 invalid=0 last_seq=2328 cmd=(0.500,-0.000,-0.026)
TIMING_RECEIVER udp_gap_ms=50.019/50.504/54.667 udp_transit_ms=0.080/0.213/0.223 move_call_ms=0.378/0.515/0.659 sender_to_move_done_ms=0.460/0.618/0.722 cmd_age_ms=0.000 count=21 seq_gaps=0 invalid=0 last_seq=2349 cmd=(0.500,-0.000,-0.019)
TIMING_RECEIVER udp_gap_ms=49.977/50.419/50.544 udp_transit_ms=0.082/0.117/0.189 move_call_ms=0.343/0.408/0.417 sender_to_move_done_ms=0.431/0.588/0.589 cmd_age_ms=0.000 count=21 seq_gaps=0 invalid=0 last_seq=2370 cmd=(0.500,-0.000,0.048)
TIMING_RECEIVER udp_gap_ms=50.012/50.565/50.821 udp_transit_ms=0.077/0.120/0.188 move_call_ms=0.361/0.494/0.519 sender_to_move_done_ms=0.440/0.576/0.607 cmd_age_ms=0.000 count=21 seq_gaps=0 invalid=0 last_seq=2391 cmd=(0.500,-0.000,-0.023)
TIMING_RECEIVER udp_gap_ms=50.004/55.518/56.585 udp_transit_ms=0.079/0.173/0.187 move_call_ms=0.370/0.481/0.540 sender_to_move_done_ms=0.451/0.566/0.606 cmd_age_ms=0.000 count=21 seq_gaps=0 invalid=0 last_seq=2412 cmd=(0.500,-0.000,-0.005)
TIMING_RECEIVER udp_gap_ms=49.987/50.378/50.809 udp_transit_ms=0.076/0.121/0.230 move_call_ms=0.342/0.405/0.419 sender_to_move_done_ms=0.419/0.488/0.547 cmd_age_ms=0.000 count=21 seq_gaps=0 invalid=0 last_seq=2433 cmd=(0.500,-0.000,-0.022)
TIMING_RECEIVER udp_gap_ms=50.338/56.763/56.786 udp_transit_ms=0.065/0.078/0.094 move_call_ms=0.365/0.512/0.544 sender_to_move_done_ms=0.431/0.608/0.610 cmd_age_ms=0.000 count=20 seq_gaps=0 invalid=0 last_seq=2453 cmd=(0.500,-0.000,-0.016)
TIMING_RECEIVER udp_gap_ms=49.671/50.417/50.598 udp_transit_ms=0.071/0.077/0.241 move_call_ms=0.348/0.497/0.500 sender_to_move_done_ms=0.420/0.562/0.664 cmd_age_ms=0.000 count=21 seq_gaps=0 invalid=0 last_seq=2474 cmd=(0.500,-0.000,0.001)
TIMING_RECEIVER udp_gap_ms=50.239/50.542/54.605 udp_transit_ms=0.072/0.092/0.113 move_call_ms=0.349/0.426/0.448 sender_to_move_done_ms=0.423/0.505/0.515 cmd_age_ms=0.000 count=20 seq_gaps=0 invalid=0 last_seq=2494 cmd=(0.500,-0.000,0.009)
TIMING_RECEIVER udp_gap_ms=49.794/51.390/55.671 udp_transit_ms=0.102/0.122/0.306 move_call_ms=0.291/0.320/0.324 sender_to_move_done_ms=0.395/0.415/0.587 cmd_age_ms=0.000 count=21 seq_gaps=0 invalid=0 last_seq=2515 cmd=(0.500,-0.000,0.017)
TIMING_RECEIVER udp_gap_ms=50.058/52.510/53.668 udp_transit_ms=0.135/0.147/1.190 move_call_ms=0.331/0.448/0.460 sender_to_move_done_ms=0.467/0.589/1.520 cmd_age_ms=0.000 count=20 seq_gaps=0 invalid=0 last_seq=2535 cmd=(0.500,-0.000,-0.040)
TIMING_RECEIVER udp_gap_ms=49.929/53.490/54.478 udp_transit_ms=0.203/0.688/0.761 move_call_ms=0.341/0.469/0.856 sender_to_move_done_ms=0.548/1.039/1.219 cmd_age_ms=0.000 count=21 seq_gaps=0 invalid=0 last_seq=2556 cmd=(0.500,-0.000,0.024)
TIMING_RECEIVER udp_gap_ms=50.002/53.751/55.529 udp_transit_ms=0.075/0.190/0.261 move_call_ms=0.361/0.566/0.580 sender_to_move_done_ms=0.438/0.634/0.654 cmd_age_ms=0.000 count=21 seq_gaps=0 invalid=0 last_seq=2577 cmd=(0.500,-0.000,-0.001)
TIMING_RECEIVER udp_gap_ms=50.151/53.076/53.340 udp_transit_ms=0.079/0.146/0.159 move_call_ms=0.273/0.294/0.438 sender_to_move_done_ms=0.354/0.405/0.598 cmd_age_ms=0.000 count=21 seq_gaps=0 invalid=0 last_seq=2598 cmd=(0.500,-0.000,-0.007)
TIMING_RECEIVER udp_gap_ms=50.092/52.084/54.431 udp_transit_ms=0.124/0.266/0.505 move_call_ms=0.271/0.288/0.291 sender_to_move_done_ms=0.396/0.549/0.785 cmd_age_ms=0.000 count=20 seq_gaps=0 invalid=0 last_seq=2618 cmd=(0.500,-0.000,0.026)
TIMING_RECEIVER udp_gap_ms=49.795/54.331/54.333 udp_transit_ms=0.107/0.134/0.155 move_call_ms=0.273/0.290/0.313 sender_to_move_done_ms=0.381/0.409/0.436 cmd_age_ms=0.000 count=21 seq_gaps=0 invalid=0 last_seq=2639 cmd=(0.500,-0.000,-0.050)
TIMING_RECEIVER udp_gap_ms=49.958/55.524/59.232 udp_transit_ms=0.111/0.142/0.149 move_call_ms=0.271/0.289/0.289 sender_to_move_done_ms=0.384/0.424/0.426 cmd_age_ms=0.000 count=21 seq_gaps=0 invalid=0 last_seq=2660 cmd=(0.500,-0.000,0.002)
TIMING_RECEIVER udp_gap_ms=50.009/52.513/65.466 udp_transit_ms=0.109/0.141/0.148 move_call_ms=0.278/0.338/0.368 sender_to_move_done_ms=0.388/0.434/0.451 cmd_age_ms=0.000 count=20 seq_gaps=0 invalid=0 last_seq=2680 cmd=(0.500,-0.000,-0.046)
TIMING_RECEIVER udp_gap_ms=50.001/54.401/54.486 udp_transit_ms=0.074/0.109/0.218 move_call_ms=0.324/0.384/0.395 sender_to_move_done_ms=0.399/0.477/0.505 cmd_age_ms=0.000 count=20 seq_gaps=0 invalid=0 last_seq=2700 cmd=(0.500,-0.000,-0.043)
TIMING_RECEIVER udp_gap_ms=50.007/50.374/50.456 udp_transit_ms=0.072/0.097/0.099 move_call_ms=0.326/0.377/0.383 sender_to_move_done_ms=0.400/0.473/0.478 cmd_age_ms=0.000 count=20 seq_gaps=0 invalid=0 last_seq=2720 cmd=(0.500,-0.000,-0.015)
TIMING_RECEIVER udp_gap_ms=49.991/51.176/52.585 udp_transit_ms=0.076/0.151/0.166 move_call_ms=0.313/0.385/0.391 sender_to_move_done_ms=0.390/0.476/0.554 cmd_age_ms=0.000 count=21 seq_gaps=0 invalid=0 last_seq=2741 cmd=(0.500,-0.000,-0.097)
TIMING_RECEIVER udp_gap_ms=50.014/50.589/63.606 udp_transit_ms=0.065/0.080/0.084 move_call_ms=0.315/0.392/0.395 sender_to_move_done_ms=0.381/0.472/0.478 cmd_age_ms=0.000 count=20 seq_gaps=0 invalid=0 last_seq=2761 cmd=(0.500,-0.000,-0.138)
TIMING_RECEIVER udp_gap_ms=49.983/51.046/52.614 udp_transit_ms=0.072/0.094/0.126 move_call_ms=0.315/0.378/0.383 sender_to_move_done_ms=0.389/0.449/0.451 cmd_age_ms=0.000 count=21 seq_gaps=0 invalid=0 last_seq=2782 cmd=(0.500,-0.000,-0.072)
TIMING_RECEIVER udp_gap_ms=50.005/55.079/55.935 udp_transit_ms=0.090/0.091/0.591 move_call_ms=0.318/0.378/0.493 sender_to_move_done_ms=0.409/0.575/0.926 cmd_age_ms=0.000 count=20 seq_gaps=0 invalid=0 last_seq=2802 cmd=(0.500,-0.000,-0.058)
TIMING_RECEIVER udp_gap_ms=49.990/50.383/50.453 udp_transit_ms=0.065/0.076/0.077 move_call_ms=0.306/0.382/0.389 sender_to_move_done_ms=0.373/0.445/0.466 cmd_age_ms=0.000 count=21 seq_gaps=0 invalid=0 last_seq=2823 cmd=(0.500,-0.000,-0.005)
TIMING_RECEIVER udp_gap_ms=50.019/50.420/50.457 udp_transit_ms=0.067/0.085/0.095 move_call_ms=0.316/0.387/0.397 sender_to_move_done_ms=0.385/0.456/0.474 cmd_age_ms=0.000 count=21 seq_gaps=0 invalid=0 last_seq=2844 cmd=(0.500,-0.000,0.008)
TIMING_RECEIVER udp_gap_ms=50.000/50.318/50.447 udp_transit_ms=0.068/0.089/0.096 move_call_ms=0.339/0.392/0.546 sender_to_move_done_ms=0.408/0.465/0.621 cmd_age_ms=0.000 count=21 seq_gaps=0 invalid=0 last_seq=2865 cmd=(0.500,-0.000,0.051)
TIMING_RECEIVER udp_gap_ms=50.017/51.091/59.456 udp_transit_ms=0.585/1.003/9.534 move_call_ms=0.316/0.402/0.411 sender_to_move_done_ms=0.902/1.415/9.846 cmd_age_ms=0.000 count=20 seq_gaps=0 invalid=0 last_seq=2885 cmd=(0.500,-0.000,0.022)
TIMING_RECEIVER udp_gap_ms=49.978/50.904/54.289 udp_transit_ms=0.067/0.073/0.233 move_call_ms=0.323/0.379/0.393 sender_to_move_done_ms=0.391/0.456/0.517 cmd_age_ms=0.000 count=21 seq_gaps=0 invalid=0 last_seq=2906 cmd=(0.500,-0.000,-0.003)
TIMING_RECEIVER udp_gap_ms=50.001/50.813/51.926 udp_transit_ms=0.073/0.098/0.261 move_call_ms=0.308/0.384/0.397 sender_to_move_done_ms=0.383/0.484/0.553 cmd_age_ms=0.000 count=20 seq_gaps=0 invalid=0 last_seq=2926 cmd=(0.500,-0.000,-0.024)
TIMING_RECEIVER udp_gap_ms=50.013/53.303/56.403 udp_transit_ms=0.081/0.077/0.426 move_call_ms=0.305/0.369/0.378 sender_to_move_done_ms=0.387/0.446/0.701 cmd_age_ms=0.000 count=20 seq_gaps=0 invalid=0 last_seq=2946 cmd=(0.500,-0.000,-0.012)
TIMING_RECEIVER udp_gap_ms=49.993/50.895/52.039 udp_transit_ms=0.067/0.092/0.093 move_call_ms=0.317/0.448/0.455 sender_to_move_done_ms=0.385/0.520/0.550 cmd_age_ms=0.000 count=21 seq_gaps=0 invalid=0 last_seq=2967 cmd=(0.500,-0.000,-0.007)
TIMING_RECEIVER udp_gap_ms=50.054/51.257/54.035 udp_transit_ms=0.070/0.091/0.100 move_call_ms=0.414/0.610/0.846 sender_to_move_done_ms=0.486/0.675/0.904 cmd_age_ms=0.000 count=21 seq_gaps=0 invalid=0 last_seq=2988 cmd=(0.500,-0.000,-0.019)
TIMING_RECEIVER udp_gap_ms=49.939/54.116/55.741 udp_transit_ms=0.081/0.101/0.328 move_call_ms=0.398/0.524/0.978 sender_to_move_done_ms=0.480/0.696/1.038 cmd_age_ms=0.000 count=21 seq_gaps=0 invalid=0 last_seq=3009 cmd=(0.500,-0.000,0.024)
TIMING_RECEIVER udp_gap_ms=50.011/50.472/50.549 udp_transit_ms=0.090/0.188/0.397 move_call_ms=0.373/0.518/0.623 sender_to_move_done_ms=0.464/0.712/0.785 cmd_age_ms=0.000 count=21 seq_gaps=0 invalid=0 last_seq=3030 cmd=(0.500,-0.000,-0.013)
TIMING_RECEIVER udp_gap_ms=49.994/50.176/52.569 udp_transit_ms=0.076/0.117/0.178 move_call_ms=0.348/0.547/0.580 sender_to_move_done_ms=0.425/0.611/0.680 cmd_age_ms=0.000 count=21 seq_gaps=0 invalid=0 last_seq=3051 cmd=(0.500,-0.000,-0.034)
TIMING_RECEIVER udp_gap_ms=49.991/50.349/50.437 udp_transit_ms=0.067/0.083/0.086 move_call_ms=0.359/0.469/0.470 sender_to_move_done_ms=0.428/0.548/0.557 cmd_age_ms=0.000 count=21 seq_gaps=0 invalid=0 last_seq=3072 cmd=(0.500,-0.000,-0.024)
TIMING_RECEIVER udp_gap_ms=50.044/51.088/53.703 udp_transit_ms=0.062/0.081/0.086 move_call_ms=0.344/0.420/0.470 sender_to_move_done_ms=0.408/0.486/0.558 cmd_age_ms=0.000 count=20 seq_gaps=0 invalid=0 last_seq=3092 cmd=(0.250,-0.000,-0.450)
TIMING_RECEIVER udp_gap_ms=49.956/50.971/51.590 udp_transit_ms=0.085/0.107/0.419 move_call_ms=0.329/0.379/0.389 sender_to_move_done_ms=0.415/0.478/0.735 cmd_age_ms=0.000 count=21 seq_gaps=0 invalid=0 last_seq=3113 cmd=(0.250,-0.000,-0.450)
TIMING_RECEIVER udp_gap_ms=50.003/50.477/63.516 udp_transit_ms=0.740/0.110/13.521 move_call_ms=0.364/0.513/0.613 sender_to_move_done_ms=1.105/0.674/13.841 cmd_age_ms=0.000 count=20 seq_gaps=0 invalid=0 last_seq=3133 cmd=(0.250,-0.000,-0.450)
TIMING_RECEIVER udp_gap_ms=50.003/53.253/63.669 udp_transit_ms=0.071/0.122/0.142 move_call_ms=0.346/0.447/0.468 sender_to_move_done_ms=0.418/0.517/0.532 cmd_age_ms=0.000 count=20 seq_gaps=0 invalid=0 last_seq=3153 cmd=(0.500,-0.000,-0.412)
TIMING_RECEIVER udp_gap_ms=50.000/50.351/50.420 udp_transit_ms=0.071/0.098/0.121 move_call_ms=0.344/0.434/0.479 sender_to_move_done_ms=0.417/0.517/0.548 cmd_age_ms=0.000 count=20 seq_gaps=0 invalid=0 last_seq=3173 cmd=(0.500,-0.000,-0.176)
TIMING_RECEIVER udp_gap_ms=50.005/50.320/50.671 udp_transit_ms=0.067/0.094/0.134 move_call_ms=0.373/0.564/0.606 sender_to_move_done_ms=0.442/0.659/0.665 cmd_age_ms=0.000 count=20 seq_gaps=0 invalid=0 last_seq=3193 cmd=(0.500,-0.000,-0.015)
TIMING_RECEIVER udp_gap_ms=50.013/50.226/50.356 udp_transit_ms=0.073/0.098/0.171 move_call_ms=0.358/0.487/0.589 sender_to_move_done_ms=0.433/0.659/0.660 cmd_age_ms=0.000 count=21 seq_gaps=0 invalid=0 last_seq=3214 cmd=(0.500,-0.000,0.024)
TIMING_RECEIVER udp_gap_ms=50.008/50.251/50.673 udp_transit_ms=0.073/0.095/0.102 move_call_ms=0.387/0.493/0.535 sender_to_move_done_ms=0.462/0.565/0.639 cmd_age_ms=0.000 count=20 seq_gaps=0 invalid=0 last_seq=3234 cmd=(0.500,-0.000,0.046)
TIMING_RECEIVER udp_gap_ms=49.971/53.714/54.128 udp_transit_ms=0.070/0.092/0.126 move_call_ms=0.339/0.402/0.427 sender_to_move_done_ms=0.410/0.482/0.490 cmd_age_ms=0.000 count=21 seq_gaps=0 invalid=0 last_seq=3255 cmd=(0.500,-0.000,0.031)
TIMING_RECEIVER udp_gap_ms=50.007/50.411/50.807 udp_transit_ms=0.098/0.226/0.424 move_call_ms=0.381/0.522/0.967 sender_to_move_done_ms=0.480/0.603/1.393 cmd_age_ms=0.000 count=20 seq_gaps=0 invalid=0 last_seq=3275 cmd=(0.500,-0.000,0.032)
TIMING_RECEIVER udp_gap_ms=49.986/50.601/52.643 udp_transit_ms=0.081/0.089/0.354 move_call_ms=0.376/0.502/0.577 sender_to_move_done_ms=0.458/0.667/0.749 cmd_age_ms=0.000 count=21 seq_gaps=0 invalid=0 last_seq=3296 cmd=(0.500,-0.000,0.021)
TIMING_RECEIVER udp_gap_ms=50.015/53.805/54.305 udp_transit_ms=0.069/0.090/0.098 move_call_ms=0.343/0.431/0.752 sender_to_move_done_ms=0.413/0.494/0.841 cmd_age_ms=0.000 count=20 seq_gaps=0 invalid=0 last_seq=3316 cmd=(0.500,-0.000,0.052)
TIMING_RECEIVER udp_gap_ms=49.995/50.383/51.105 udp_transit_ms=0.073/0.089/0.216 move_call_ms=0.333/0.490/0.563 sender_to_move_done_ms=0.407/0.569/0.649 cmd_age_ms=0.000 count=21 seq_gaps=0 invalid=0 last_seq=3337 cmd=(0.500,-0.000,0.098)
TIMING_RECEIVER udp_gap_ms=50.001/51.424/51.718 udp_transit_ms=0.062/0.090/0.098 move_call_ms=0.322/0.417/0.443 sender_to_move_done_ms=0.386/0.473/0.498 cmd_age_ms=0.000 count=20 seq_gaps=0 invalid=0 last_seq=3357 cmd=(0.500,-0.000,0.173)
TIMING_RECEIVER udp_gap_ms=49.982/53.946/55.284 udp_transit_ms=0.061/0.078/0.078 move_call_ms=0.291/0.321/0.418 sender_to_move_done_ms=0.353/0.400/0.488 cmd_age_ms=0.000 count=21 seq_gaps=0 invalid=0 last_seq=3378 cmd=(0.500,-0.000,0.079)
TIMING_RECEIVER udp_gap_ms=50.020/53.631/54.250 udp_transit_ms=0.080/0.128/0.134 move_call_ms=0.256/0.305/0.305 sender_to_move_done_ms=0.337/0.408/0.416 cmd_age_ms=0.000 count=20 seq_gaps=0 invalid=0 last_seq=3398 cmd=(0.500,-0.000,-0.035)
TIMING_RECEIVER udp_gap_ms=50.009/53.209/54.424 udp_transit_ms=0.299/0.473/3.606 move_call_ms=0.314/0.423/0.480 sender_to_move_done_ms=0.614/0.740/3.905 cmd_age_ms=0.000 count=20 seq_gaps=0 invalid=0 last_seq=3418 cmd=(0.500,-0.000,-0.083)
TIMING_RECEIVER udp_gap_ms=50.620/60.279/62.377 udp_transit_ms=0.107/0.233/0.269 move_call_ms=0.297/0.370/0.459 sender_to_move_done_ms=0.405/0.535/0.576 cmd_age_ms=0.000 count=20 seq_gaps=0 invalid=0 last_seq=3438 cmd=(0.500,-0.000,-0.097)
TIMING_RECEIVER udp_gap_ms=49.393/50.380/62.116 udp_transit_ms=0.138/0.278/0.710 move_call_ms=0.269/0.288/0.288 sender_to_move_done_ms=0.409/0.561/0.996 cmd_age_ms=0.000 count=21 seq_gaps=0 invalid=0 last_seq=3459 cmd=(0.500,-0.000,-0.037)
TIMING_RECEIVER udp_gap_ms=50.057/54.235/54.291 udp_transit_ms=0.169/0.437/0.701 move_call_ms=0.298/0.428/0.605 sender_to_move_done_ms=0.468/0.944/1.042 cmd_age_ms=0.000 count=20 seq_gaps=0 invalid=0 last_seq=3479 cmd=(0.500,-0.000,-0.034)
TIMING_RECEIVER udp_gap_ms=49.953/53.439/56.377 udp_transit_ms=0.087/0.217/0.258 move_call_ms=0.301/0.330/0.450 sender_to_move_done_ms=0.389/0.536/0.548 cmd_age_ms=0.000 count=21 seq_gaps=0 invalid=0 last_seq=3500 cmd=(0.500,-0.000,-0.027)
TIMING_RECEIVER udp_gap_ms=50.037/51.778/51.915 udp_transit_ms=0.209/0.261/1.989 move_call_ms=0.314/0.334/0.826 sender_to_move_done_ms=0.524/0.924/2.313 cmd_age_ms=0.000 count=20 seq_gaps=0 invalid=0 last_seq=3520 cmd=(0.500,-0.000,0.005)
TIMING_RECEIVER udp_gap_ms=49.963/50.283/50.359 udp_transit_ms=0.120/0.510/0.579 move_call_ms=0.300/0.372/0.385 sender_to_move_done_ms=0.422/0.783/0.910 cmd_age_ms=0.000 count=21 seq_gaps=0 invalid=0 last_seq=3541 cmd=(0.500,-0.000,-0.010)
TIMING_RECEIVER udp_gap_ms=50.008/55.720/56.615 udp_transit_ms=0.068/0.086/0.145 move_call_ms=0.327/0.382/0.434 sender_to_move_done_ms=0.397/0.469/0.491 cmd_age_ms=0.000 count=20 seq_gaps=0 invalid=0 last_seq=3561 cmd=(0.500,-0.000,0.006)
TIMING_RECEIVER udp_gap_ms=49.980/50.404/50.407 udp_transit_ms=0.074/0.092/0.151 move_call_ms=0.338/0.380/0.389 sender_to_move_done_ms=0.413/0.461/0.483 cmd_age_ms=0.000 count=21 seq_gaps=0 invalid=0 last_seq=3582 cmd=(0.500,-0.000,-0.034)
TIMING_RECEIVER udp_gap_ms=50.059/51.091/54.547 udp_transit_ms=0.069/0.086/0.100 move_call_ms=0.299/0.362/0.374 sender_to_move_done_ms=0.369/0.428/0.475 cmd_age_ms=0.000 count=20 seq_gaps=0 invalid=0 last_seq=3602 cmd=(0.500,-0.000,-0.002)
TIMING_RECEIVER udp_gap_ms=49.946/50.273/56.353 udp_transit_ms=0.060/0.075/0.080 move_call_ms=0.298/0.339/0.355 sender_to_move_done_ms=0.360/0.395/0.436 cmd_age_ms=0.000 count=21 seq_gaps=0 invalid=0 last_seq=3623 cmd=(0.500,-0.000,0.014)
TIMING_RECEIVER udp_gap_ms=50.006/50.363/50.534 udp_transit_ms=0.072/0.099/0.178 move_call_ms=0.307/0.367/0.378 sender_to_move_done_ms=0.380/0.450/0.480 cmd_age_ms=0.000 count=20 seq_gaps=0 invalid=0 last_seq=3643 cmd=(0.500,-0.000,-0.000)
TIMING_RECEIVER udp_gap_ms=49.993/55.300/56.431 udp_transit_ms=0.087/0.192/0.219 move_call_ms=0.324/0.359/0.804 sender_to_move_done_ms=0.412/0.478/1.024 cmd_age_ms=0.000 count=21 seq_gaps=0 invalid=0 last_seq=3664 cmd=(0.500,-0.000,0.036)
TIMING_RECEIVER udp_gap_ms=50.011/50.373/50.491 udp_transit_ms=0.078/0.097/0.245 move_call_ms=0.326/0.389/0.593 sender_to_move_done_ms=0.406/0.547/0.691 cmd_age_ms=0.000 count=20 seq_gaps=0 invalid=0 last_seq=3684 cmd=(0.500,-0.000,0.033)
TIMING_RECEIVER udp_gap_ms=49.993/51.083/51.493 udp_transit_ms=0.127/0.303/1.089 move_call_ms=0.319/0.375/0.384 sender_to_move_done_ms=0.449/0.670/1.415 cmd_age_ms=0.000 count=21 seq_gaps=0 invalid=0 last_seq=3705 cmd=(0.500,-0.000,0.067)
TIMING_RECEIVER udp_gap_ms=50.004/50.373/56.160 udp_transit_ms=0.068/0.080/0.139 move_call_ms=0.313/0.367/0.372 sender_to_move_done_ms=0.383/0.441/0.453 cmd_age_ms=0.000 count=20 seq_gaps=0 invalid=0 last_seq=3725 cmd=(0.500,-0.000,0.041)
TIMING_RECEIVER udp_gap_ms=49.999/50.381/51.682 udp_transit_ms=0.062/0.073/0.074 move_call_ms=0.301/0.374/0.382 sender_to_move_done_ms=0.364/0.445/0.454 cmd_age_ms=0.000 count=21 seq_gaps=0 invalid=0 last_seq=3746 cmd=(0.500,-0.000,-0.040)
TIMING_RECEIVER udp_gap_ms=50.013/54.639/57.528 udp_transit_ms=0.072/0.087/0.097 move_call_ms=0.331/0.377/0.384 sender_to_move_done_ms=0.405/0.463/0.467 cmd_age_ms=0.000 count=20 seq_gaps=0 invalid=0 last_seq=3766 cmd=(0.500,-0.000,-0.065)
TIMING_RECEIVER udp_gap_ms=50.002/50.395/50.537 udp_transit_ms=0.071/0.099/0.114 move_call_ms=0.322/0.376/0.395 sender_to_move_done_ms=0.394/0.471/0.482 cmd_age_ms=0.000 count=21 seq_gaps=0 invalid=0 last_seq=3787 cmd=(0.500,-0.000,-0.048)
TIMING_RECEIVER udp_gap_ms=50.018/54.040/54.424 udp_transit_ms=0.074/0.104/0.201 move_call_ms=0.323/0.397/0.413 sender_to_move_done_ms=0.399/0.494/0.502 cmd_age_ms=0.000 count=21 seq_gaps=0 invalid=0 last_seq=3808 cmd=(0.500,-0.000,-0.004)
TIMING_RECEIVER udp_gap_ms=49.964/50.248/50.273 udp_transit_ms=0.069/0.088/0.156 move_call_ms=0.324/0.379/0.580 sender_to_move_done_ms=0.394/0.447/0.660 cmd_age_ms=0.000 count=21 seq_gaps=0 invalid=0 last_seq=3829 cmd=(0.500,-0.000,-0.008)
TIMING_RECEIVER udp_gap_ms=50.077/51.272/51.581 udp_transit_ms=0.072/0.092/0.236 move_call_ms=0.318/0.435/0.478 sender_to_move_done_ms=0.391/0.540/0.565 cmd_age_ms=0.000 count=20 seq_gaps=0 invalid=0 last_seq=3849 cmd=(0.500,-0.000,0.005)
TIMING_RECEIVER udp_gap_ms=49.929/50.163/50.193 udp_transit_ms=0.066/0.083/0.085 move_call_ms=0.337/0.384/0.472 sender_to_move_done_ms=0.404/0.463/0.557 cmd_age_ms=0.000 count=21 seq_gaps=0 invalid=0 last_seq=3870 cmd=(0.500,-0.000,0.026)
TIMING_RECEIVER udp_gap_ms=50.037/50.544/50.794 udp_transit_ms=0.080/0.097/0.282 move_call_ms=0.356/0.423/0.468 sender_to_move_done_ms=0.437/0.528/0.650 cmd_age_ms=0.000 count=20 seq_gaps=0 invalid=0 last_seq=3890 cmd=(0.500,-0.000,0.035)
TIMING_RECEIVER udp_gap_ms=49.971/54.095/57.427 udp_transit_ms=0.064/0.089/0.095 move_call_ms=0.336/0.452/0.504 sender_to_move_done_ms=0.402/0.527/0.577 cmd_age_ms=0.000 count=21 seq_gaps=0 invalid=0 last_seq=3911 cmd=(0.500,-0.000,0.070)
TIMING_RECEIVER udp_gap_ms=50.006/50.235/50.378 udp_transit_ms=0.068/0.082/0.128 move_call_ms=0.362/0.499/0.500 sender_to_move_done_ms=0.432/0.569/0.578 cmd_age_ms=0.000 count=21 seq_gaps=0 invalid=0 last_seq=3932 cmd=(0.500,-0.000,-0.052)
TIMING_RECEIVER udp_gap_ms=50.002/57.010/57.043 udp_transit_ms=0.076/0.112/0.136 move_call_ms=0.362/0.423/0.488 sender_to_move_done_ms=0.439/0.536/0.559 cmd_age_ms=0.000 count=20 seq_gaps=0 invalid=0 last_seq=3952 cmd=(0.500,-0.000,-0.076)
TIMING_RECEIVER udp_gap_ms=49.992/50.548/50.551 udp_transit_ms=0.064/0.080/0.091 move_call_ms=0.370/0.474/0.550 sender_to_move_done_ms=0.435/0.552/0.619 cmd_age_ms=0.000 count=21 seq_gaps=0 invalid=0 last_seq=3973 cmd=(0.500,-0.000,-0.060)
TIMING_RECEIVER udp_gap_ms=49.991/52.246/54.466 udp_transit_ms=0.066/0.082/0.101 move_call_ms=0.353/0.422/0.589 sender_to_move_done_ms=0.420/0.482/0.672 cmd_age_ms=0.000 count=21 seq_gaps=0 invalid=0 last_seq=3994 cmd=(0.500,-0.000,-0.069)
TIMING_RECEIVER udp_gap_ms=50.008/57.143/59.625 udp_transit_ms=0.069/0.084/0.095 move_call_ms=0.358/0.447/0.484 sender_to_move_done_ms=0.428/0.511/0.556 cmd_age_ms=0.000 count=20 seq_gaps=0 invalid=0 last_seq=4014 cmd=(0.500,-0.000,-0.115)
TIMING_RECEIVER udp_gap_ms=50.006/54.041/56.180 udp_transit_ms=0.076/0.165/0.179 move_call_ms=0.347/0.490/0.500 sender_to_move_done_ms=0.424/0.587/0.667 cmd_age_ms=0.000 count=20 seq_gaps=0 invalid=0 last_seq=4034 cmd=(0.500,-0.000,-0.030)
TIMING_RECEIVER udp_gap_ms=49.996/56.173/56.605 udp_transit_ms=0.082/0.186/0.298 move_call_ms=0.347/0.413/0.433 sender_to_move_done_ms=0.430/0.510/0.684 cmd_age_ms=0.000 count=21 seq_gaps=0 invalid=0 last_seq=4055 cmd=(0.500,-0.000,-0.035)
TIMING_RECEIVER udp_gap_ms=50.013/50.424/50.526 udp_transit_ms=0.077/0.126/0.175 move_call_ms=0.347/0.492/0.504 sender_to_move_done_ms=0.425/0.571/0.579 cmd_age_ms=0.000 count=20 seq_gaps=0 invalid=0 last_seq=4075 cmd=(0.500,-0.000,-0.015)
TIMING_RECEIVER udp_gap_ms=49.990/55.560/56.451 udp_transit_ms=0.066/0.079/0.084 move_call_ms=0.338/0.404/0.458 sender_to_move_done_ms=0.406/0.466/0.535 cmd_age_ms=0.000 count=21 seq_gaps=0 invalid=0 last_seq=4096 cmd=(0.500,-0.000,0.022)
TIMING_RECEIVER udp_gap_ms=49.985/50.272/50.514 udp_transit_ms=0.067/0.083/0.135 move_call_ms=0.355/0.444/0.542 sender_to_move_done_ms=0.424/0.524/0.609 cmd_age_ms=0.000 count=21 seq_gaps=0 invalid=0 last_seq=4117 cmd=(0.500,-0.000,0.017)
TIMING_RECEIVER udp_gap_ms=50.277/55.008/56.049 udp_transit_ms=0.064/0.079/0.090 move_call_ms=0.368/0.483/0.519 sender_to_move_done_ms=0.433/0.553/0.584 cmd_age_ms=0.000 count=20 seq_gaps=0 invalid=0 last_seq=4137 cmd=(0.500,-0.000,0.012)
TIMING_RECEIVER udp_gap_ms=49.744/50.279/55.784 udp_transit_ms=0.080/0.089/0.355 move_call_ms=0.329/0.386/0.387 sender_to_move_done_ms=0.411/0.460/0.744 cmd_age_ms=0.000 count=21 seq_gaps=0 invalid=0 last_seq=4158 cmd=(0.500,-0.000,0.082)
TIMING_RECEIVER udp_gap_ms=50.050/51.153/53.964 udp_transit_ms=0.078/0.124/0.211 move_call_ms=0.348/0.433/0.445 sender_to_move_done_ms=0.427/0.509/0.605 cmd_age_ms=0.000 count=20 seq_gaps=0 invalid=0 last_seq=4178 cmd=(0.500,-0.000,0.041)
TIMING_RECEIVER udp_gap_ms=49.963/51.589/53.018 udp_transit_ms=0.076/0.151/0.178 move_call_ms=0.354/0.477/0.478 sender_to_move_done_ms=0.432/0.550/0.564 cmd_age_ms=0.000 count=21 seq_gaps=0 invalid=0 last_seq=4199 cmd=(0.500,-0.000,-0.067)
TIMING_RECEIVER udp_gap_ms=49.998/50.332/50.430 udp_transit_ms=0.079/0.142/0.181 move_call_ms=0.371/0.552/0.597 sender_to_move_done_ms=0.452/0.662/0.682 cmd_age_ms=0.000 count=21 seq_gaps=0 invalid=0 last_seq=4220 cmd=(0.500,-0.000,-0.048)
TIMING_RECEIVER udp_gap_ms=49.999/51.917/57.056 udp_transit_ms=0.068/0.083/0.092 move_call_ms=0.364/0.416/0.702 sender_to_move_done_ms=0.433/0.482/0.796 cmd_age_ms=0.000 count=21 seq_gaps=0 invalid=0 last_seq=4241 cmd=(0.500,-0.000,-0.012)
TIMING_RECEIVER udp_gap_ms=50.025/52.719/55.332 udp_transit_ms=0.174/0.707/0.864 move_call_ms=0.283/0.303/0.306 sender_to_move_done_ms=0.458/0.999/1.150 cmd_age_ms=0.000 count=20 seq_gaps=0 invalid=0 last_seq=4261 cmd=(0.500,-0.000,-0.061)
TIMING_RECEIVER udp_gap_ms=50.416/51.308/58.854 udp_transit_ms=0.154/0.382/0.473 move_call_ms=0.273/0.297/0.307 sender_to_move_done_ms=0.428/0.690/0.770 cmd_age_ms=0.000 count=20 seq_gaps=0 invalid=0 last_seq=4281 cmd=(0.500,-0.000,-0.027)
TIMING_RECEIVER udp_gap_ms=49.593/53.382/56.391 udp_transit_ms=0.128/0.150/0.261 move_call_ms=0.265/0.286/0.287 sender_to_move_done_ms=0.394/0.427/0.539 cmd_age_ms=0.000 count=21 seq_gaps=0 invalid=0 last_seq=4302 cmd=(0.500,-0.000,-0.013)
TIMING_RECEIVER udp_gap_ms=50.044/57.525/58.090 udp_transit_ms=0.102/0.147/0.400 move_call_ms=0.282/0.316/0.316 sender_to_move_done_ms=0.386/0.433/0.693 cmd_age_ms=0.000 count=20 seq_gaps=0 invalid=0 last_seq=4322 cmd=(0.500,-0.000,0.016)
TIMING_RECEIVER udp_gap_ms=49.935/54.187/62.271 udp_transit_ms=0.090/0.145/0.221 move_call_ms=0.288/0.314/0.381 sender_to_move_done_ms=0.379/0.452/0.536 cmd_age_ms=0.000 count=21 seq_gaps=0 invalid=0 last_seq=4343 cmd=(0.500,-0.000,0.026)
TIMING_RECEIVER udp_gap_ms=50.006/53.666/56.778 udp_transit_ms=0.393/0.226/5.700 move_call_ms=0.306/0.419/0.542 sender_to_move_done_ms=0.700/0.769/6.085 cmd_age_ms=0.000 count=20 seq_gaps=0 invalid=0 last_seq=4363 cmd=(0.500,-0.000,0.088)
TIMING_RECEIVER udp_gap_ms=50.012/55.667/55.948 udp_transit_ms=0.188/0.377/0.587 move_call_ms=0.302/0.457/0.482 sender_to_move_done_ms=0.496/0.697/0.946 cmd_age_ms=0.000 count=20 seq_gaps=0 invalid=0 last_seq=4383 cmd=(0.500,-0.000,0.054)
TIMING_RECEIVER udp_gap_ms=50.014/56.037/56.160 udp_transit_ms=0.121/0.307/0.327 move_call_ms=0.352/0.727/1.144 sender_to_move_done_ms=0.474/0.850/1.291 cmd_age_ms=0.000 count=21 seq_gaps=0 invalid=0 last_seq=4404 cmd=(0.500,-0.000,0.028)
Terminated
