[INFO] [launch]: All log files can be found below /home/unitree/.ros/log/2026-07-25-00-27-08-796218-ubuntu-372063
[INFO] [launch]: Default logging verbosity is set to INFO
[INFO] [fastlio_mapping-1]: process started with pid [372120]
[fastlio_mapping-1] 1784910428.995320 [0] fastlio_ma: config: //CycloneDDS/Domain/General: 'NetworkInterfaceAddress': deprecated element (file:///tmp/go2_cyclonedds_eth0.xml line 4)
[fastlio_mapping-1] [INFO] [1784910429.018838413] [laser_mapping]: p_pre->lidar_type 1
[fastlio_mapping-1] Multi thread started 
[fastlio_mapping-1] ~~~~/home/unitree/go2_fastlio_ws/src/FAST_LIO/ file opened
[fastlio_mapping-1] [INFO] [1784910429.024364835] [laser_mapping]: Input QoS configured: lidar_depth=2/best_effort imu_depth=400/reliable
[fastlio_mapping-1] [INFO] [1784910429.033324083] [laser_mapping]: Node init finished.
[fastlio_mapping-1] [WARN] [1784910429.258052316] [laser_mapping]: No point, skip this scan!
[fastlio_mapping-1] 
[fastlio_mapping-1] IMU Initial Done
[fastlio_mapping-1] [WARN] [1784910429.463292704] [laser_mapping]: No point, skip this scan!
[fastlio_mapping-1] 
[fastlio_mapping-1] [INFO] [1784910429.664359337] [laser_mapping]: Initialize the map kdtree
[fastlio_mapping-1] FAST_LIO_INPUT_TIMING age_ms_avg=178.225 age_ms_max=303.464 samples=9 lidar_buffer=0 imu_buffer=42
[fastlio_mapping-1] FAST_LIO_OUTPUT_TIMING age_ms_avg=180.804 age_ms_max=286.342 samples=9
[fastlio_mapping-1] FAST_LIO_INPUT_TIMING age_ms_avg=194.643 age_ms_max=280.152 samples=8 lidar_buffer=0 imu_buffer=42
[fastlio_mapping-1] FAST_LIO_OUTPUT_TIMING age_ms_avg=149.961 age_ms_max=219.061 samples=10
[fastlio_mapping-1] FAST_LIO_INPUT_TIMING age_ms_avg=131.242 age_ms_max=142.137 samples=10 lidar_buffer=0 imu_buffer=47
[fastlio_mapping-1] FAST_LIO_OUTPUT_TIMING age_ms_avg=157.997 age_ms_max=175.323 samples=10
[fastlio_mapping-1] FAST_LIO_INPUT_TIMING age_ms_avg=164.657 age_ms_max=177.228 samples=10 lidar_buffer=0 imu_buffer=54
[fastlio_mapping-1] FAST_LIO_OUTPUT_TIMING age_ms_avg=192.351 age_ms_max=204.386 samples=10
[fastlio_mapping-1] FAST_LIO_INPUT_TIMING age_ms_avg=192.202 age_ms_max=207.028 samples=8 lidar_buffer=0 imu_buffer=60
