[INFO] [launch]: All log files can be found below /home/unitree/.ros/log/2026-07-25-00-28-56-249321-ubuntu-374285
[INFO] [launch]: Default logging verbosity is set to INFO
[INFO] [fastlio_mapping-1]: process started with pid [374386]
[fastlio_mapping-1] 1784910536.448471 [0] fastlio_ma: config: //CycloneDDS/Domain/General: 'NetworkInterfaceAddress': deprecated element (file:///tmp/go2_cyclonedds_eth0.xml line 4)
[fastlio_mapping-1] [INFO] [1784910536.472134672] [laser_mapping]: p_pre->lidar_type 1
[fastlio_mapping-1] Multi thread started 
[fastlio_mapping-1] ~~~~/home/unitree/go2_fastlio_ws/src/FAST_LIO/ file opened
[fastlio_mapping-1] [INFO] [1784910536.477009830] [laser_mapping]: Input QoS configured: lidar_depth=2/best_effort imu_depth=400/reliable
[fastlio_mapping-1] [INFO] [1784910536.485601024] [laser_mapping]: Node init finished.
[fastlio_mapping-1] [WARN] [1784910536.638006029] [laser_mapping]: No point, skip this scan!
[fastlio_mapping-1] 
[fastlio_mapping-1] IMU Initial Done
[fastlio_mapping-1] [WARN] [1784910536.821909762] [laser_mapping]: No point, skip this scan!
[fastlio_mapping-1] 
[fastlio_mapping-1] [INFO] [1784910537.037705553] [laser_mapping]: Initialize the map kdtree
[fastlio_mapping-1] FAST_LIO_INPUT_TIMING age_ms_avg=168.75 age_ms_max=237.079 samples=8 lidar_buffer=0 imu_buffer=46
[fastlio_mapping-1] FAST_LIO_OUTPUT_TIMING age_ms_avg=192.358 age_ms_max=329.86 samples=9
[fastlio_mapping-1] FAST_LIO_INPUT_TIMING age_ms_avg=194.414 age_ms_max=324.641 samples=7 lidar_buffer=0 imu_buffer=50
[fastlio_mapping-1] FAST_LIO_OUTPUT_TIMING age_ms_avg=181.008 age_ms_max=197.116 samples=10
[fastlio_mapping-1] FAST_LIO_INPUT_TIMING age_ms_avg=180.359 age_ms_max=196.34 samples=10 lidar_buffer=0 imu_buffer=57
[fastlio_mapping-1] FAST_LIO_OUTPUT_TIMING age_ms_avg=183.044 age_ms_max=217.906 samples=10
[fastlio_mapping-1] FAST_LIO_INPUT_TIMING age_ms_avg=161.101 age_ms_max=209.116 samples=10 lidar_buffer=0 imu_buffer=44
[fastlio_mapping-1] FAST_LIO_OUTPUT_TIMING age_ms_avg=145.703 age_ms_max=165.197 samples=10
[fastlio_mapping-1] FAST_LIO_INPUT_TIMING age_ms_avg=146.084 age_ms_max=161.96 samples=10 lidar_buffer=0 imu_buffer=50
