[base_bringup] checking lidar network eth0 192.168.1.5/24 ...
[base_bringup] eth0 already has 192.168.1.5/24
[base_bringup] cleaning old base processes...
[base_bringup] preparing Livox MID-360S driver attempt 1/5...
[base_bringup] starting Livox MID-360S driver attempt 1/5...
[base_bringup] Livox PID: 373343
[base_bringup] waiting for Livox topics...
[base_bringup] Livox topics are ready.
[base_bringup] validating Livox frame timing and point counts...
LIVOX_STREAM_OK reports=3 frame_hz=10.068 imu_hz=199.836 span_ms=99.350 min_points=19872 max_lidar_imu_offset_ms=3.080 max_queue_depth=2
[base_bringup] Livox stream validation passed.
[base_bringup] Livox is ready.
[base_bringup] Livox is ready. Starting FAST-LIO...
[base_bringup] FAST-LIO PID: 373543
[base_bringup] waiting for topic: /Odometry
[base_bringup] topic ready: /Odometry
[base_bringup] waiting for topic: /cloud_registered_body
[base_bringup] topic ready: /cloud_registered_body
[base_bringup] requiring 10 consecutive fresh FAST-LIO frames...
FASTLIO_FRESH_SAMPLE stamp=1784910501.908181 age_ms=388.119 frame_dt_ms=first fresh=0 sequential=1 consecutive=0/10
FASTLIO_FRESH_SAMPLE stamp=1784910502.206310 age_ms=130.514 frame_dt_ms=298.130 fresh=1 sequential=0 consecutive=1/10
FASTLIO_FRESH_SAMPLE stamp=1784910502.305660 age_ms=132.437 frame_dt_ms=99.350 fresh=1 sequential=1 consecutive=2/10
FASTLIO_FRESH_SAMPLE stamp=1784910502.405025 age_ms=134.276 frame_dt_ms=99.365 fresh=1 sequential=1 consecutive=3/10
FASTLIO_FRESH_SAMPLE stamp=1784910502.504380 age_ms=136.185 frame_dt_ms=99.355 fresh=1 sequential=1 consecutive=4/10
FASTLIO_FRESH_SAMPLE stamp=1784910502.603750 age_ms=137.946 frame_dt_ms=99.370 fresh=1 sequential=1 consecutive=5/10
FASTLIO_FRESH_SAMPLE stamp=1784910502.703110 age_ms=160.201 frame_dt_ms=99.360 fresh=1 sequential=1 consecutive=6/10
FASTLIO_FRESH_SAMPLE stamp=1784910502.802470 age_ms=162.358 frame_dt_ms=99.360 fresh=1 sequential=1 consecutive=7/10
FASTLIO_FRESH_SAMPLE stamp=1784910502.901820 age_ms=144.061 frame_dt_ms=99.350 fresh=1 sequential=1 consecutive=8/10
FASTLIO_FRESH_SAMPLE stamp=1784910503.001180 age_ms=166.296 frame_dt_ms=99.360 fresh=1 sequential=1 consecutive=9/10
FASTLIO_FRESH_SAMPLE stamp=1784910503.100540 age_ms=168.330 frame_dt_ms=99.360 fresh=1 sequential=1 consecutive=10/10
FASTLIO_FRESH_READY frames=10 max_age_ms=250.000 frame_dt_ms_range=50.000..150.000
[base_bringup] FAST-LIO freshness gate passed.
[base_bringup] FAST-LIO is ready.
[base_bringup] logs:
  /home/unitree/go2_fastlio_ws/patrol_logs/livox.log
  /home/unitree/go2_fastlio_ws/patrol_logs/fast_lio.log
[base_bringup] received exit signal, stopping children...
[base_bringup] received exit signal, stopping children...
