[INFO] [launch]: All log files can be found below /home/unitree/.ros/log/2026-07-25-00-25-21-437768-ubuntu-369842
[INFO] [launch]: Default logging verbosity is set to INFO
[INFO] [fastlio_mapping-1]: process started with pid [369900]
[fastlio_mapping-1] 1784910321.634954 [0] fastlio_ma: config: //CycloneDDS/Domain/General: 'NetworkInterfaceAddress': deprecated element (file:///tmp/go2_cyclonedds_eth0.xml line 4)
[fastlio_mapping-1] [INFO] [1784910321.656046507] [laser_mapping]: p_pre->lidar_type 1
[fastlio_mapping-1] Multi thread started 
[fastlio_mapping-1] ~~~~/home/unitree/go2_fastlio_ws/src/FAST_LIO/ file opened
[fastlio_mapping-1] [INFO] [1784910321.661934742] [laser_mapping]: Input QoS configured: lidar_depth=2/best_effort imu_depth=400/reliable
[fastlio_mapping-1] [INFO] [1784910321.669606899] [laser_mapping]: Node init finished.
[fastlio_mapping-1] [WARN] [1784910321.851297230] [laser_mapping]: No point, skip this scan!
[fastlio_mapping-1] 
[fastlio_mapping-1] IMU Initial Done
[fastlio_mapping-1] [WARN] [1784910322.059046920] [laser_mapping]: No point, skip this scan!
[fastlio_mapping-1] 
[fastlio_mapping-1] [INFO] [1784910322.306344068] [laser_mapping]: Initialize the map kdtree
[fastlio_mapping-1] FAST_LIO_INPUT_TIMING age_ms_avg=198.448 age_ms_max=296.919 samples=8 lidar_buffer=0 imu_buffer=53
[fastlio_mapping-1] FAST_LIO_OUTPUT_TIMING age_ms_avg=215.571 age_ms_max=272.437 samples=9
[fastlio_mapping-1] FAST_LIO_INPUT_TIMING age_ms_avg=202.55 age_ms_max=262.537 samples=8 lidar_buffer=0 imu_buffer=93
[fastlio_mapping-1] FAST_LIO_OUTPUT_TIMING age_ms_avg=180.662 age_ms_max=198.712 samples=5
[fastlio_mapping-1] FAST_LIO_INPUT_TIMING age_ms_avg=196.037 age_ms_max=204.797 samples=6 lidar_buffer=0 imu_buffer=60
[fastlio_mapping-1] FAST_LIO_OUTPUT_TIMING age_ms_avg=160.925 age_ms_max=209.534 samples=10
[fastlio_mapping-1] FAST_LIO_INPUT_TIMING age_ms_avg=128.203 age_ms_max=140.882 samples=10 lidar_buffer=0 imu_buffer=46
[fastlio_mapping-1] FAST_LIO_OUTPUT_TIMING age_ms_avg=148.681 age_ms_max=157.598 samples=10
[fastlio_mapping-1] FAST_LIO_INPUT_TIMING age_ms_avg=151.705 age_ms_max=165.633 samples=10 lidar_buffer=0 imu_buffer=52
[fastlio_mapping-1] FAST_LIO_OUTPUT_TIMING age_ms_avg=179.532 age_ms_max=201.159 samples=10
[fastlio_mapping-1] FAST_LIO_INPUT_TIMING age_ms_avg=187.358 age_ms_max=202.5 samples=10 lidar_buffer=0 imu_buffer=58
