[INFO] [launch]: All log files can be found below /home/unitree/.ros/log/2026-07-25-00-25-14-004345-ubuntu-369599
[INFO] [launch]: Default logging verbosity is set to INFO
[INFO] [livox_ros_driver2_node-1]: process started with pid [369698]
[livox_ros_driver2_node-1] 1784910314.133939 [0] livox_ros_: config: //CycloneDDS/Domain/General: 'NetworkInterfaceAddress': deprecated element (file:///tmp/go2_cyclonedds_eth0.xml line 4)
[livox_ros_driver2_node-1] [INFO] [1784910314.149809664] [livox_lidar_publisher]: Livox Ros Driver2 Version: 1.2.6
[livox_ros_driver2_node-1] [INFO] [1784910314.150394298] [livox_lidar_publisher]: Data Source is raw lidar.
[livox_ros_driver2_node-1] [INFO] [1784910314.150441948] [livox_lidar_publisher]: Config file : /home/unitree/go2_fastlio_ws/src/livox_ros_driver2/launch_ROS2/../config/MID360s_config.json
[livox_ros_driver2_node-1] LdsLidar *GetInstance
[livox_ros_driver2_node-1] config lidar type: 8
[livox_ros_driver2_node-1] successfully parse base config, counts: 1
[livox_ros_driver2_node-1] [INFO] [1784910314.155203829] [livox_lidar_publisher]: Init lds lidar success!
[livox_ros_driver2_node-1] GetFreeIndex key:livox_lidar_2701240512.
[livox_ros_driver2_node-1] LIVOX_POINTCLOUD_POLL_READY startup_delay_ms=0
[livox_ros_driver2_node-1] LIVOX_PRESAMPLING_DROP lidar=0 state=0
[livox_ros_driver2_node-1] LIVOX_STREAM_HEALTH frame_hz=10.060 imu_hz=200.280 span_ms=99.350 points=19872 lidar_imu_offset_ms=0.430 queue_depth=0
[livox_ros_driver2_node-1] set pcl data type, handle: 2701240512, data type: 1
[livox_ros_driver2_node-1] set scan pattern, handle: 2701240512, scan pattern: 0
[livox_ros_driver2_node-1] begin to change work mode to 'Normal', handle: 2701240512
[livox_ros_driver2_node-1] successfully set data type, handle: 2701240512, set_bit: 2
[livox_ros_driver2_node-1] successfully set pattern mode, handle: 2701240512, set_bit: 0
[livox_ros_driver2_node-1] successfully set lidar attitude, ip: 192.168.1.161
[livox_ros_driver2_node-1] successfully change work mode, handle: 2701240512
[livox_ros_driver2_node-1] successfully enable Livox Lidar imu, ip: 192.168.1.161
[livox_ros_driver2_node-1] [INFO] [1784910316.243683997] [livox_lidar_publisher]: livox/lidar publish use livox custom format
[livox_ros_driver2_node-1] LIVOX_PRESAMPLING_READY lidar=0 discarded_total=20
[livox_ros_driver2_node-1] Init queue, real query size:16.
[livox_ros_driver2_node-1] Lidar[0] storage queue size: 10
[livox_ros_driver2_node-1] LIVOX_STREAM_HEALTH frame_hz=10.067 imu_hz=199.506 span_ms=99.350 points=19872 lidar_imu_offset_ms=2.677 queue_depth=0
[livox_ros_driver2_node-1] [INFO] [1784910317.155562980] [livox_lidar_publisher]: livox/imu publish use imu format
[livox_ros_driver2_node-1] LIVOX_PUBLISH_TIMING frame_age_ms_avg=175.603 frame_age_ms_max=249.991 publish_path_ms_avg=129.606 publish_path_ms_max=206.503 queue_used_after_max=2 skipped=2 skipped_total=2 samples=9
[livox_ros_driver2_node-1] LIVOX_STREAM_HEALTH frame_hz=10.057 imu_hz=200.222 span_ms=99.350 points=19872 lidar_imu_offset_ms=0.279 queue_depth=1
[livox_ros_driver2_node-1] LIVOX_PUBLISH_TIMING frame_age_ms_avg=201.159 frame_age_ms_max=217.548 publish_path_ms_avg=146.893 publish_path_ms_max=202.455 queue_used_after_max=2 skipped=3 skipped_total=5 samples=7
[livox_ros_driver2_node-1] LIVOX_STREAM_HEALTH frame_hz=10.073 imu_hz=199.620 span_ms=99.350 points=19872 lidar_imu_offset_ms=2.713 queue_depth=0
[livox_ros_driver2_node-1] LIVOX_PUBLISH_TIMING frame_age_ms_avg=156.562 frame_age_ms_max=184.804 publish_path_ms_avg=106.726 publish_path_ms_max=140.374 queue_used_after_max=1 skipped=1 skipped_total=6 samples=10
[livox_ros_driver2_node-1] LIVOX_STREAM_HEALTH frame_hz=10.065 imu_hz=200.382 span_ms=99.350 points=19872 lidar_imu_offset_ms=1.293 queue_depth=0
[livox_ros_driver2_node-1] LIVOX_PUBLISH_TIMING frame_age_ms_avg=217.495 frame_age_ms_max=285.033 publish_path_ms_avg=143.273 publish_path_ms_max=245.248 queue_used_after_max=2 skipped=3 skipped_total=9 samples=7
[livox_ros_driver2_node-1] LIVOX_STREAM_HEALTH frame_hz=10.061 imu_hz=199.389 span_ms=99.350 points=19872 lidar_imu_offset_ms=4.367 queue_depth=0
[livox_ros_driver2_node-1] LIVOX_PUBLISH_TIMING frame_age_ms_avg=119.690 frame_age_ms_max=198.559 publish_path_ms_avg=101.649 publish_path_ms_max=101.886 queue_used_after_max=2 skipped=1 skipped_total=10 samples=10
[livox_ros_driver2_node-1] LIVOX_STREAM_HEALTH frame_hz=10.067 imu_hz=200.434 span_ms=99.350 points=19872 lidar_imu_offset_ms=1.577 queue_depth=0
[livox_ros_driver2_node-1] LIVOX_PUBLISH_TIMING frame_age_ms_avg=190.322 frame_age_ms_max=290.022 publish_path_ms_avg=146.754 publish_path_ms_max=244.182 queue_used_after_max=2 skipped=3 skipped_total=13 samples=7
[livox_ros_driver2_node-1] LIVOX_STREAM_HEALTH frame_hz=10.061 imu_hz=200.313 span_ms=99.350 points=19872 lidar_imu_offset_ms=0.412 queue_depth=0
[livox_ros_driver2_node-1] LIVOX_PUBLISH_TIMING frame_age_ms_avg=195.305 frame_age_ms_max=255.976 publish_path_ms_avg=136.329 publish_path_ms_max=211.377 queue_used_after_max=2 skipped=3 skipped_total=16 samples=8
[livox_ros_driver2_node-1] LIVOX_STREAM_HEALTH frame_hz=10.066 imu_hz=199.494 span_ms=99.350 points=19872 lidar_imu_offset_ms=3.369 queue_depth=0
[livox_ros_driver2_node-1] LIVOX_PUBLISH_TIMING frame_age_ms_avg=172.004 frame_age_ms_max=185.832 publish_path_ms_avg=102.376 publish_path_ms_max=102.613 queue_used_after_max=1 skipped=0 skipped_total=16 samples=10
[livox_ros_driver2_node-1] LIVOX_STREAM_HEALTH frame_hz=10.062 imu_hz=200.330 span_ms=99.350 points=19872 lidar_imu_offset_ms=0.442 queue_depth=0
[livox_ros_driver2_node-1] LIVOX_PUBLISH_TIMING frame_age_ms_avg=143.377 frame_age_ms_max=198.735 publish_path_ms_avg=102.293 publish_path_ms_max=102.545 queue_used_after_max=2 skipped=1 skipped_total=17 samples=10
[livox_ros_driver2_node-1] LIVOX_STREAM_HEALTH frame_hz=10.065 imu_hz=200.393 span_ms=99.350 points=19872 lidar_imu_offset_ms=0.762 queue_depth=0
[livox_ros_driver2_node-1] LIVOX_PUBLISH_TIMING frame_age_ms_avg=133.457 frame_age_ms_max=147.124 publish_path_ms_avg=102.247 publish_path_ms_max=102.408 queue_used_after_max=1 skipped=0 skipped_total=17 samples=10
[livox_ros_driver2_node-1] LIVOX_STREAM_HEALTH frame_hz=10.061 imu_hz=199.399 span_ms=99.350 points=19872 lidar_imu_offset_ms=2.124 queue_depth=0
[livox_ros_driver2_node-1] LIVOX_PUBLISH_TIMING frame_age_ms_avg=164.126 frame_age_ms_max=177.705 publish_path_ms_avg=102.297 publish_path_ms_max=102.438 queue_used_after_max=1 skipped=0 skipped_total=17 samples=10
[livox_ros_driver2_node-1] LIVOX_STREAM_HEALTH frame_hz=10.069 imu_hz=200.457 span_ms=99.350 points=19872 lidar_imu_offset_ms=0.655 queue_depth=0
