[INFO] [launch]: All log files can be found below /home/unitree/.ros/log/2026-07-25-00-24-38-626174-ubuntu-368860
[INFO] [launch]: Default logging verbosity is set to INFO
[INFO] [livox_ros_driver2_node-1]: process started with pid [368959]
[livox_ros_driver2_node-1] 1784910278.756716 [0] livox_ros_: config: //CycloneDDS/Domain/General: 'NetworkInterfaceAddress': deprecated element (file:///tmp/go2_cyclonedds_eth0.xml line 4)
[livox_ros_driver2_node-1] [INFO] [1784910278.772763781] [livox_lidar_publisher]: Livox Ros Driver2 Version: 1.2.6
[livox_ros_driver2_node-1] [INFO] [1784910278.773339424] [livox_lidar_publisher]: Data Source is raw lidar.
[livox_ros_driver2_node-1] [INFO] [1784910278.773385026] [livox_lidar_publisher]: Config file : /home/unitree/go2_fastlio_ws/src/livox_ros_driver2/launch_ROS2/../config/MID360s_config.json
[livox_ros_driver2_node-1] LdsLidar *GetInstance
[livox_ros_driver2_node-1] config lidar type: 8
[livox_ros_driver2_node-1] successfully parse base config, counts: 1
[livox_ros_driver2_node-1] [INFO] [1784910278.777971124] [livox_lidar_publisher]: Init lds lidar success!
[livox_ros_driver2_node-1] GetFreeIndex key:livox_lidar_2701240512.
[livox_ros_driver2_node-1] LIVOX_POINTCLOUD_POLL_READY startup_delay_ms=0
[livox_ros_driver2_node-1] LIVOX_PRESAMPLING_DROP lidar=0 state=0
[livox_ros_driver2_node-1] LIVOX_STREAM_HEALTH frame_hz=10.058 imu_hz=199.334 span_ms=99.350 points=19872 lidar_imu_offset_ms=3.711 queue_depth=0
[livox_ros_driver2_node-1] set pcl data type, handle: 2701240512, data type: 1
[livox_ros_driver2_node-1] set scan pattern, handle: 2701240512, scan pattern: 0
[livox_ros_driver2_node-1] begin to change work mode to 'Normal', handle: 2701240512
[livox_ros_driver2_node-1] successfully set data type, handle: 2701240512, set_bit: 2
[livox_ros_driver2_node-1] successfully set pattern mode, handle: 2701240512, set_bit: 0
[livox_ros_driver2_node-1] successfully set lidar attitude, ip: 192.168.1.161
[livox_ros_driver2_node-1] successfully change work mode, handle: 2701240512
[livox_ros_driver2_node-1] successfully enable Livox Lidar imu, ip: 192.168.1.161
[livox_ros_driver2_node-1] [INFO] [1784910280.867108281] [livox_lidar_publisher]: livox/lidar publish use livox custom format
[livox_ros_driver2_node-1] LIVOX_PRESAMPLING_READY lidar=0 discarded_total=20
[livox_ros_driver2_node-1] Init queue, real query size:16.
[livox_ros_driver2_node-1] Lidar[0] storage queue size: 10
[livox_ros_driver2_node-1] LIVOX_STREAM_HEALTH frame_hz=10.067 imu_hz=200.419 span_ms=99.350 points=19872 lidar_imu_offset_ms=0.983 queue_depth=0
[livox_ros_driver2_node-1] [INFO] [1784910281.778382298] [livox_lidar_publisher]: livox/imu publish use imu format
[livox_ros_driver2_node-1] LIVOX_STREAM_HEALTH frame_hz=10.059 imu_hz=200.268 span_ms=99.350 points=19872 lidar_imu_offset_ms=0.194 queue_depth=1
[livox_ros_driver2_node-1] LIVOX_PUBLISH_TIMING frame_age_ms_avg=214.380 frame_age_ms_max=330.794 publish_path_ms_avg=158.034 publish_path_ms_max=250.594 queue_used_after_max=3 skipped=3 skipped_total=3 samples=9
[livox_ros_driver2_node-1] LIVOX_STREAM_HEALTH frame_hz=10.071 imu_hz=199.588 span_ms=99.350 points=19872 lidar_imu_offset_ms=2.612 queue_depth=0
[livox_ros_driver2_node-1] LIVOX_PUBLISH_TIMING frame_age_ms_avg=231.825 frame_age_ms_max=333.935 publish_path_ms_avg=187.038 publish_path_ms_max=257.618 queue_used_after_max=3 skipped=7 skipped_total=10 samples=6
[livox_ros_driver2_node-1] LIVOX_STREAM_HEALTH frame_hz=10.064 imu_hz=200.368 span_ms=99.350 points=19872 lidar_imu_offset_ms=0.179 queue_depth=0
[livox_ros_driver2_node-1] LIVOX_PUBLISH_TIMING frame_age_ms_avg=187.358 frame_age_ms_max=250.454 publish_path_ms_avg=125.300 publish_path_ms_max=250.342 queue_used_after_max=2 skipped=2 skipped_total=12 samples=8
[livox_ros_driver2_node-1] LIVOX_STREAM_HEALTH frame_hz=10.063 imu_hz=199.433 span_ms=99.350 points=19872 lidar_imu_offset_ms=2.879 queue_depth=0
[livox_ros_driver2_node-1] LIVOX_PUBLISH_TIMING frame_age_ms_avg=148.283 frame_age_ms_max=197.820 publish_path_ms_avg=105.743 publish_path_ms_max=106.101 queue_used_after_max=2 skipped=1 skipped_total=13 samples=10
[livox_ros_driver2_node-1] LIVOX_STREAM_HEALTH frame_hz=10.067 imu_hz=200.418 span_ms=99.350 points=19872 lidar_imu_offset_ms=1.481 queue_depth=0
[livox_ros_driver2_node-1] LIVOX_PUBLISH_TIMING frame_age_ms_avg=199.417 frame_age_ms_max=310.774 publish_path_ms_avg=153.227 publish_path_ms_max=261.334 queue_used_after_max=3 skipped=4 skipped_total=17 samples=7
[livox_ros_driver2_node-1] LIVOX_PUBLISH_TIMING frame_age_ms_avg=202.444 frame_age_ms_max=361.898 publish_path_ms_avg=151.894 publish_path_ms_max=278.708 queue_used_after_max=3 skipped=3 skipped_total=20 samples=7
[livox_ros_driver2_node-1] LIVOX_STREAM_HEALTH frame_hz=10.060 imu_hz=199.374 span_ms=99.350 points=19872 lidar_imu_offset_ms=4.446 queue_depth=0
[livox_ros_driver2_node-1] LIVOX_PUBLISH_TIMING frame_age_ms_avg=146.173 frame_age_ms_max=203.408 publish_path_ms_avg=105.616 publish_path_ms_max=106.012 queue_used_after_max=2 skipped=1 skipped_total=21 samples=10
[livox_ros_driver2_node-1] LIVOX_STREAM_HEALTH frame_hz=10.067 imu_hz=200.416 span_ms=99.350 points=19872 lidar_imu_offset_ms=1.665 queue_depth=0
[livox_ros_driver2_node-1] LIVOX_PUBLISH_TIMING frame_age_ms_avg=161.817 frame_age_ms_max=201.450 publish_path_ms_avg=105.923 publish_path_ms_max=106.372 queue_used_after_max=2 skipped=1 skipped_total=22 samples=10
[livox_ros_driver2_node-1] LIVOX_STREAM_HEALTH frame_hz=10.062 imu_hz=200.334 span_ms=99.350 points=19872 lidar_imu_offset_ms=0.284 queue_depth=0
[livox_ros_driver2_node-1] LIVOX_PUBLISH_TIMING frame_age_ms_avg=160.112 frame_age_ms_max=190.896 publish_path_ms_avg=106.080 publish_path_ms_max=106.315 queue_used_after_max=1 skipped=0 skipped_total=22 samples=10
[livox_ros_driver2_node-1] LIVOX_STREAM_HEALTH frame_hz=10.057 imu_hz=199.312 span_ms=99.350 points=19872 lidar_imu_offset_ms=3.477 queue_depth=0
