[base_bringup] checking lidar network eth0 192.168.1.5/24 ...
[base_bringup] eth0 already has 192.168.1.5/24
[base_bringup] cleaning old base processes...
[base_bringup] preparing Livox MID-360S driver attempt 1/5...
[base_bringup] starting Livox MID-360S driver attempt 1/5...
[base_bringup] Livox PID: 355486
[base_bringup] waiting for Livox topics...
[base_bringup] Livox topics are ready.
[base_bringup] validating Livox frame timing and point counts...
LIVOX_STREAM_OK reports=3 frame_hz=10.066 imu_hz=200.098 span_ms=99.350 min_points=19872 max_lidar_imu_offset_ms=3.379 max_queue_depth=0
[base_bringup] Livox stream validation passed.
[base_bringup] Livox is ready.
[base_bringup] Livox is ready. Starting FAST-LIO...
[base_bringup] FAST-LIO PID: 355728
[base_bringup] waiting for topic: /Odometry
[base_bringup] topic ready: /Odometry
[base_bringup] waiting for topic: /cloud_registered_body
[base_bringup] topic ready: /cloud_registered_body
[base_bringup] requiring 10 consecutive fresh FAST-LIO frames...
FASTLIO_FRESH_SAMPLE stamp=1784909330.813102 age_ms=2214.174 frame_dt_ms=first fresh=0 sequential=1 consecutive=0/10
FASTLIO_FRESH_SAMPLE stamp=1784909330.912467 age_ms=2216.075 frame_dt_ms=99.365 fresh=0 sequential=1 consecutive=0/10
FASTLIO_FRESH_SAMPLE stamp=1784909331.210547 age_ms=2019.190 frame_dt_ms=298.080 fresh=0 sequential=0 consecutive=0/10
FASTLIO_FRESH_SAMPLE stamp=1784909331.409262 age_ms=1901.454 frame_dt_ms=198.715 fresh=0 sequential=0 consecutive=0/10
FASTLIO_FRESH_SAMPLE stamp=1784909331.508627 age_ms=1903.215 frame_dt_ms=99.365 fresh=0 sequential=1 consecutive=0/10
FASTLIO_FRESH_SAMPLE stamp=1784909331.607982 age_ms=1904.865 frame_dt_ms=99.355 fresh=0 sequential=1 consecutive=0/10
FASTLIO_FRESH_SAMPLE stamp=1784909331.707352 age_ms=1886.321 frame_dt_ms=99.370 fresh=0 sequential=1 consecutive=0/10
FASTLIO_FRESH_SAMPLE stamp=1784909331.806707 age_ms=1888.041 frame_dt_ms=99.355 fresh=0 sequential=1 consecutive=0/10
FASTLIO_FRESH_SAMPLE stamp=1784909331.906072 age_ms=1889.597 frame_dt_ms=99.365 fresh=0 sequential=1 consecutive=0/10
FASTLIO_FRESH_SAMPLE stamp=1784909332.005422 age_ms=1870.972 frame_dt_ms=99.350 fresh=0 sequential=1 consecutive=0/10
FASTLIO_FRESH_SAMPLE stamp=1784909332.104787 age_ms=1872.617 frame_dt_ms=99.365 fresh=0 sequential=1 consecutive=0/10
FASTLIO_FRESH_SAMPLE stamp=1784909332.303502 age_ms=1774.831 frame_dt_ms=198.715 fresh=0 sequential=0 consecutive=0/10
FASTLIO_FRESH_SAMPLE stamp=1784909332.502079 age_ms=1677.272 frame_dt_ms=198.577 fresh=0 sequential=0 consecutive=0/10
FASTLIO_FRESH_SAMPLE stamp=1784909332.700937 age_ms=1579.329 frame_dt_ms=198.858 fresh=0 sequential=0 consecutive=0/10
FASTLIO_FRESH_SAMPLE stamp=1784909332.800302 age_ms=1560.818 frame_dt_ms=99.365 fresh=0 sequential=1 consecutive=0/10
FASTLIO_FRESH_SAMPLE stamp=1784909332.899662 age_ms=1562.380 frame_dt_ms=99.360 fresh=0 sequential=1 consecutive=0/10
FASTLIO_FRESH_SAMPLE stamp=1784909332.999022 age_ms=1563.983 frame_dt_ms=99.360 fresh=0 sequential=1 consecutive=0/10
FASTLIO_FRESH_SAMPLE stamp=1784909333.098357 age_ms=1565.665 frame_dt_ms=99.335 fresh=0 sequential=1 consecutive=0/10
FASTLIO_FRESH_SAMPLE stamp=1784909333.194803 age_ms=1550.050 frame_dt_ms=96.445 fresh=0 sequential=1 consecutive=0/10
FASTLIO_FRESH_SAMPLE stamp=1784909333.294247 age_ms=1551.455 frame_dt_ms=99.444 fresh=0 sequential=1 consecutive=0/10
FASTLIO_FRESH_SAMPLE stamp=1784909333.393795 age_ms=1552.764 frame_dt_ms=99.548 fresh=0 sequential=1 consecutive=0/10
FASTLIO_FRESH_SAMPLE stamp=1784909333.493086 age_ms=1554.353 frame_dt_ms=99.291 fresh=0 sequential=1 consecutive=0/10
FASTLIO_FRESH_SAMPLE stamp=1784909333.593831 age_ms=1534.559 frame_dt_ms=100.746 fresh=0 sequential=1 consecutive=0/10
FASTLIO_FRESH_SAMPLE stamp=1784909333.694537 age_ms=1535.522 frame_dt_ms=100.706 fresh=0 sequential=1 consecutive=0/10
FASTLIO_FRESH_SAMPLE stamp=1784909333.793897 age_ms=1517.344 frame_dt_ms=99.360 fresh=0 sequential=1 consecutive=0/10
FASTLIO_FRESH_SAMPLE stamp=1784909333.893272 age_ms=1519.355 frame_dt_ms=99.375 fresh=0 sequential=1 consecutive=0/10
FASTLIO_FRESH_SAMPLE stamp=1784909333.992632 age_ms=1521.287 frame_dt_ms=99.360 fresh=0 sequential=1 consecutive=0/10
FASTLIO_FRESH_SAMPLE stamp=1784909334.091992 age_ms=1523.127 frame_dt_ms=99.360 fresh=0 sequential=1 consecutive=0/10
FASTLIO_FRESH_SAMPLE stamp=1784909334.191154 age_ms=1504.954 frame_dt_ms=99.162 fresh=0 sequential=1 consecutive=0/10
FASTLIO_FRESH_SAMPLE stamp=1784909334.290569 age_ms=1506.801 frame_dt_ms=99.414 fresh=0 sequential=1 consecutive=0/10
FASTLIO_FRESH_SAMPLE stamp=1784909334.390033 age_ms=1508.569 frame_dt_ms=99.464 fresh=0 sequential=1 consecutive=0/10
FASTLIO_FRESH_SAMPLE stamp=1784909334.489422 age_ms=1510.284 frame_dt_ms=99.390 fresh=0 sequential=1 consecutive=0/10
FASTLIO_FRESH_SAMPLE stamp=1784909334.588782 age_ms=1491.870 frame_dt_ms=99.360 fresh=0 sequential=1 consecutive=0/10
FASTLIO_FRESH_SAMPLE stamp=1784909334.688147 age_ms=1493.719 frame_dt_ms=99.365 fresh=0 sequential=1 consecutive=0/10
FASTLIO_FRESH_SAMPLE stamp=1784909334.787512 age_ms=1495.532 frame_dt_ms=99.365 fresh=0 sequential=1 consecutive=0/10
FASTLIO_FRESH_SAMPLE stamp=1784909334.886872 age_ms=1497.529 frame_dt_ms=99.360 fresh=0 sequential=1 consecutive=0/10
FASTLIO_FRESH_SAMPLE stamp=1784909334.986222 age_ms=1499.341 frame_dt_ms=99.350 fresh=0 sequential=1 consecutive=0/10
FASTLIO_FRESH_SAMPLE stamp=1784909335.085592 age_ms=1480.927 frame_dt_ms=99.370 fresh=0 sequential=1 consecutive=0/10
FASTLIO_FRESH_SAMPLE stamp=1784909335.184947 age_ms=1482.944 frame_dt_ms=99.355 fresh=0 sequential=1 consecutive=0/10
FASTLIO_FRESH_SAMPLE stamp=1784909335.284307 age_ms=1484.881 frame_dt_ms=99.360 fresh=0 sequential=1 consecutive=0/10
FASTLIO_FRESH_SAMPLE stamp=1784909335.582362 age_ms=1469.620 frame_dt_ms=298.055 fresh=0 sequential=0 consecutive=0/10
FASTLIO_FRESH_SAMPLE stamp=1784909335.681727 age_ms=1451.091 frame_dt_ms=99.365 fresh=0 sequential=1 consecutive=0/10
FASTLIO_FRESH_SAMPLE stamp=1784909335.781102 age_ms=1453.018 frame_dt_ms=99.375 fresh=0 sequential=1 consecutive=0/10
FASTLIO_FRESH_SAMPLE stamp=1784909335.880452 age_ms=1454.806 frame_dt_ms=99.350 fresh=0 sequential=1 consecutive=0/10
FASTLIO_FRESH_SAMPLE stamp=1784909335.979832 age_ms=1457.089 frame_dt_ms=99.380 fresh=0 sequential=1 consecutive=0/10
FASTLIO_FRESH_SAMPLE stamp=1784909336.079172 age_ms=1459.167 frame_dt_ms=99.340 fresh=0 sequential=1 consecutive=0/10
FASTLIO_FRESH_SAMPLE stamp=1784909336.178552 age_ms=1460.958 frame_dt_ms=99.380 fresh=0 sequential=1 consecutive=0/10
FASTLIO_FRESH_SAMPLE stamp=1784909336.277912 age_ms=1442.591 frame_dt_ms=99.360 fresh=0 sequential=1 consecutive=0/10
FASTLIO_FRESH_SAMPLE stamp=1784909336.377267 age_ms=1444.366 frame_dt_ms=99.355 fresh=0 sequential=1 consecutive=0/10
FASTLIO_FRESH_SAMPLE stamp=1784909336.476632 age_ms=1446.042 frame_dt_ms=99.365 fresh=0 sequential=1 consecutive=0/10
FASTLIO_FRESH_SAMPLE stamp=1784909336.575992 age_ms=1447.718 frame_dt_ms=99.360 fresh=0 sequential=1 consecutive=0/10
FASTLIO_FRESH_SAMPLE stamp=1784909336.675327 age_ms=1429.232 frame_dt_ms=99.335 fresh=0 sequential=1 consecutive=0/10
FASTLIO_FRESH_SAMPLE stamp=1784909336.774687 age_ms=1431.041 frame_dt_ms=99.360 fresh=0 sequential=1 consecutive=0/10
FASTLIO_FRESH_SAMPLE stamp=1784909337.072777 age_ms=1416.166 frame_dt_ms=298.090 fresh=0 sequential=0 consecutive=0/10
FASTLIO_FRESH_SAMPLE stamp=1784909337.172127 age_ms=1418.304 frame_dt_ms=99.350 fresh=0 sequential=1 consecutive=0/10
FASTLIO_FRESH_SAMPLE stamp=1784909337.271502 age_ms=1420.312 frame_dt_ms=99.375 fresh=0 sequential=1 consecutive=0/10
FASTLIO_FRESH_SAMPLE stamp=1784909337.370837 age_ms=1402.081 frame_dt_ms=99.335 fresh=0 sequential=1 consecutive=0/10
FASTLIO_FRESH_SAMPLE stamp=1784909337.470217 age_ms=1404.001 frame_dt_ms=99.380 fresh=0 sequential=1 consecutive=0/10
FASTLIO_FRESH_SAMPLE stamp=1784909337.569582 age_ms=1385.605 frame_dt_ms=99.365 fresh=0 sequential=1 consecutive=0/10
FASTLIO_FRESH_SAMPLE stamp=1784909337.668937 age_ms=1387.449 frame_dt_ms=99.355 fresh=0 sequential=1 consecutive=0/10
FASTLIO_FRESH_SAMPLE stamp=1784909337.768297 age_ms=1389.379 frame_dt_ms=99.360 fresh=0 sequential=1 consecutive=0/10
FASTLIO_FRESH_SAMPLE stamp=1784909337.867667 age_ms=1371.096 frame_dt_ms=99.370 fresh=0 sequential=1 consecutive=0/10
FASTLIO_FRESH_SAMPLE stamp=1784909337.967027 age_ms=1372.904 frame_dt_ms=99.360 fresh=0 sequential=1 consecutive=0/10
FASTLIO_FRESH_SAMPLE stamp=1784909338.066387 age_ms=1374.808 frame_dt_ms=99.360 fresh=0 sequential=1 consecutive=0/10
FASTLIO_FRESH_SAMPLE stamp=1784909338.165737 age_ms=1376.946 frame_dt_ms=99.350 fresh=0 sequential=1 consecutive=0/10
FASTLIO_FRESH_SAMPLE stamp=1784909338.265102 age_ms=1358.610 frame_dt_ms=99.365 fresh=0 sequential=1 consecutive=0/10
FASTLIO_FRESH_SAMPLE stamp=1784909338.364462 age_ms=1360.228 frame_dt_ms=99.360 fresh=0 sequential=1 consecutive=0/10
FASTLIO_FRESH_SAMPLE stamp=1784909338.463832 age_ms=1361.907 frame_dt_ms=99.370 fresh=0 sequential=1 consecutive=0/10
FASTLIO_FRESH_SAMPLE stamp=1784909338.563187 age_ms=1363.566 frame_dt_ms=99.355 fresh=0 sequential=1 consecutive=0/10
FASTLIO_FRESH_SAMPLE stamp=1784909338.662552 age_ms=1345.051 frame_dt_ms=99.365 fresh=0 sequential=1 consecutive=0/10
FASTLIO_FRESH_SAMPLE stamp=1784909338.761878 age_ms=1346.663 frame_dt_ms=99.325 fresh=0 sequential=1 consecutive=0/10
FASTLIO_FRESH_SAMPLE stamp=1784909338.861257 age_ms=1348.313 frame_dt_ms=99.380 fresh=0 sequential=1 consecutive=0/10
FASTLIO_FRESH_SAMPLE stamp=1784909338.960261 age_ms=1351.117 frame_dt_ms=99.004 fresh=0 sequential=1 consecutive=0/10
FASTLIO_FRESH_SAMPLE stamp=1784909339.059641 age_ms=1352.979 frame_dt_ms=99.380 fresh=0 sequential=1 consecutive=0/10
FASTLIO_FRESH_SAMPLE stamp=1784909339.159070 age_ms=1354.620 frame_dt_ms=99.429 fresh=0 sequential=1 consecutive=0/10
FASTLIO_FRESH_SAMPLE stamp=1784909339.258376 age_ms=1336.240 frame_dt_ms=99.306 fresh=0 sequential=1 consecutive=0/10
FASTLIO_FRESH_SAMPLE stamp=1784909339.357627 age_ms=1338.096 frame_dt_ms=99.251 fresh=0 sequential=1 consecutive=0/10
FASTLIO_FRESH_SAMPLE stamp=1784909339.457036 age_ms=1339.572 frame_dt_ms=99.409 fresh=0 sequential=1 consecutive=0/10
FASTLIO_FRESH_SAMPLE stamp=1784909339.556525 age_ms=1341.052 frame_dt_ms=99.488 fresh=0 sequential=1 consecutive=0/10
FASTLIO_FRESH_SAMPLE stamp=1784909339.655924 age_ms=1322.555 frame_dt_ms=99.400 fresh=0 sequential=1 consecutive=0/10
FASTLIO_FRESH_SAMPLE stamp=1784909339.755438 age_ms=1324.046 frame_dt_ms=99.514 fresh=0 sequential=1 consecutive=0/10
FASTLIO_FRESH_SAMPLE stamp=1784909339.854857 age_ms=1325.744 frame_dt_ms=99.419 fresh=0 sequential=1 consecutive=0/10
FASTLIO_FRESH_SAMPLE stamp=1784909339.954217 age_ms=1327.351 frame_dt_ms=99.360 fresh=0 sequential=1 consecutive=0/10
FASTLIO_FRESH_SAMPLE stamp=1784909340.053582 age_ms=1308.865 frame_dt_ms=99.365 fresh=0 sequential=1 consecutive=0/10
FASTLIO_FRESH_SAMPLE stamp=1784909340.152947 age_ms=1310.561 frame_dt_ms=99.365 fresh=0 sequential=1 consecutive=0/10
FASTLIO_FRESH_SAMPLE stamp=1784909340.252297 age_ms=1312.120 frame_dt_ms=99.350 fresh=0 sequential=1 consecutive=0/10
FASTLIO_FRESH_SAMPLE stamp=1784909340.351672 age_ms=1313.608 frame_dt_ms=99.375 fresh=0 sequential=1 consecutive=0/10
FASTLIO_FRESH_SAMPLE stamp=1784909340.451032 age_ms=1295.036 frame_dt_ms=99.360 fresh=0 sequential=1 consecutive=0/10
FASTLIO_FRESH_SAMPLE stamp=1784909340.550382 age_ms=1296.581 frame_dt_ms=99.350 fresh=0 sequential=1 consecutive=0/10
FASTLIO_FRESH_SAMPLE stamp=1784909340.649643 age_ms=1298.207 frame_dt_ms=99.261 fresh=0 sequential=1 consecutive=0/10
FASTLIO_FRESH_SAMPLE stamp=1784909340.749048 age_ms=1299.643 frame_dt_ms=99.405 fresh=0 sequential=1 consecutive=0/10
FASTLIO_FRESH_SAMPLE stamp=1784909340.848438 age_ms=1281.003 frame_dt_ms=99.390 fresh=0 sequential=1 consecutive=0/10
FASTLIO_FRESH_SAMPLE stamp=1784909340.947822 age_ms=1283.084 frame_dt_ms=99.385 fresh=0 sequential=1 consecutive=0/10
FASTLIO_FRESH_SAMPLE stamp=1784909341.245902 age_ms=1268.515 frame_dt_ms=298.080 fresh=0 sequential=0 consecutive=0/10
FASTLIO_FRESH_SAMPLE stamp=1784909341.345272 age_ms=1270.384 frame_dt_ms=99.370 fresh=0 sequential=1 consecutive=0/10
FASTLIO_FRESH_SAMPLE stamp=1784909341.444627 age_ms=1272.345 frame_dt_ms=99.355 fresh=0 sequential=1 consecutive=0/10
FASTLIO_FRESH_SAMPLE stamp=1784909341.543987 age_ms=1274.186 frame_dt_ms=99.360 fresh=0 sequential=1 consecutive=0/10
FASTLIO_FRESH_SAMPLE stamp=1784909341.643342 age_ms=1255.914 frame_dt_ms=99.355 fresh=0 sequential=1 consecutive=0/10
FASTLIO_FRESH_SAMPLE stamp=1784909341.742712 age_ms=1257.797 frame_dt_ms=99.370 fresh=0 sequential=1 consecutive=0/10
FASTLIO_FRESH_SAMPLE stamp=1784909341.842072 age_ms=1259.810 frame_dt_ms=99.360 fresh=0 sequential=1 consecutive=0/10
FASTLIO_FRESH_SAMPLE stamp=1784909341.941427 age_ms=1241.543 frame_dt_ms=99.355 fresh=0 sequential=1 consecutive=0/10
FASTLIO_FRESH_SAMPLE stamp=1784909342.040792 age_ms=1243.506 frame_dt_ms=99.365 fresh=0 sequential=1 consecutive=0/10
FASTLIO_FRESH_SAMPLE stamp=1784909342.140142 age_ms=1245.393 frame_dt_ms=99.350 fresh=0 sequential=1 consecutive=0/10
FASTLIO_FRESH_SAMPLE stamp=1784909342.239502 age_ms=1247.280 frame_dt_ms=99.360 fresh=0 sequential=1 consecutive=0/10
FASTLIO_FRESH_SAMPLE stamp=1784909342.338867 age_ms=1228.880 frame_dt_ms=99.365 fresh=0 sequential=1 consecutive=0/10
FASTLIO_FRESH_SAMPLE stamp=1784909342.438222 age_ms=1230.737 frame_dt_ms=99.355 fresh=0 sequential=1 consecutive=0/10
FASTLIO_FRESH_SAMPLE stamp=1784909342.537582 age_ms=1232.690 frame_dt_ms=99.360 fresh=0 sequential=1 consecutive=0/10
FASTLIO_FRESH_SAMPLE stamp=1784909342.636942 age_ms=1234.589 frame_dt_ms=99.360 fresh=0 sequential=1 consecutive=0/10
FASTLIO_FRESH_SAMPLE stamp=1784909342.736302 age_ms=1216.257 frame_dt_ms=99.360 fresh=0 sequential=1 consecutive=0/10
FASTLIO_FRESH_SAMPLE stamp=1784909343.034392 age_ms=1201.563 frame_dt_ms=298.090 fresh=0 sequential=0 consecutive=0/10
FASTLIO_FRESH_SAMPLE stamp=1784909343.133742 age_ms=1203.433 frame_dt_ms=99.350 fresh=0 sequential=1 consecutive=0/10
FASTLIO_FRESH_SAMPLE stamp=1784909343.233102 age_ms=1205.245 frame_dt_ms=99.360 fresh=0 sequential=1 consecutive=0/10
FASTLIO_FRESH_SAMPLE stamp=1784909343.332467 age_ms=1186.852 frame_dt_ms=99.365 fresh=0 sequential=1 consecutive=0/10
FASTLIO_FRESH_SAMPLE stamp=1784909343.431822 age_ms=1188.566 frame_dt_ms=99.355 fresh=0 sequential=1 consecutive=0/10
FASTLIO_FRESH_SAMPLE stamp=1784909343.531182 age_ms=1190.391 frame_dt_ms=99.360 fresh=0 sequential=1 consecutive=0/10
FASTLIO_FRESH_SAMPLE stamp=1784909343.630552 age_ms=1192.258 frame_dt_ms=99.370 fresh=0 sequential=1 consecutive=0/10
FASTLIO_FRESH_SAMPLE stamp=1784909343.729902 age_ms=1173.923 frame_dt_ms=99.350 fresh=0 sequential=1 consecutive=0/10
FASTLIO_FRESH_SAMPLE stamp=1784909343.829272 age_ms=1175.675 frame_dt_ms=99.370 fresh=0 sequential=1 consecutive=0/10
FASTLIO_FRESH_SAMPLE stamp=1784909343.928627 age_ms=1177.475 frame_dt_ms=99.355 fresh=0 sequential=1 consecutive=0/10
FASTLIO_FRESH_SAMPLE stamp=1784909344.027982 age_ms=1159.111 frame_dt_ms=99.355 fresh=0 sequential=1 consecutive=0/10
FASTLIO_FRESH_SAMPLE stamp=1784909344.127352 age_ms=1161.015 frame_dt_ms=99.370 fresh=0 sequential=1 consecutive=0/10
FASTLIO_FRESH_SAMPLE stamp=1784909344.226712 age_ms=1163.142 frame_dt_ms=99.360 fresh=0 sequential=1 consecutive=0/10
FASTLIO_FRESH_SAMPLE stamp=1784909344.326062 age_ms=1164.994 frame_dt_ms=99.350 fresh=0 sequential=1 consecutive=0/10
FASTLIO_FRESH_SAMPLE stamp=1784909344.425427 age_ms=1146.561 frame_dt_ms=99.365 fresh=0 sequential=1 consecutive=0/10
FASTLIO_FRESH_SAMPLE stamp=1784909344.524782 age_ms=1148.431 frame_dt_ms=99.355 fresh=0 sequential=1 consecutive=0/10
FASTLIO_FRESH_SAMPLE stamp=1784909344.624142 age_ms=1170.723 frame_dt_ms=99.360 fresh=0 sequential=1 consecutive=0/10
FASTLIO_FRESH_SAMPLE stamp=1784909344.723512 age_ms=1152.609 frame_dt_ms=99.370 fresh=0 sequential=1 consecutive=0/10
FASTLIO_FRESH_SAMPLE stamp=1784909344.822872 age_ms=1154.673 frame_dt_ms=99.360 fresh=0 sequential=1 consecutive=0/10
FASTLIO_FRESH_SAMPLE stamp=1784909344.922232 age_ms=1156.478 frame_dt_ms=99.360 fresh=0 sequential=1 consecutive=0/10
FASTLIO_FRESH_SAMPLE stamp=1784909345.021592 age_ms=1138.238 frame_dt_ms=99.360 fresh=0 sequential=1 consecutive=0/10
FASTLIO_FRESH_SAMPLE stamp=1784909345.120942 age_ms=1140.198 frame_dt_ms=99.350 fresh=0 sequential=1 consecutive=0/10
FASTLIO_FRESH_SAMPLE stamp=1784909345.415994 age_ms=1128.361 frame_dt_ms=295.052 fresh=0 sequential=0 consecutive=0/10
FASTLIO_FRESH_SAMPLE stamp=1784909345.515453 age_ms=1130.071 frame_dt_ms=99.459 fresh=0 sequential=1 consecutive=0/10
FASTLIO_FRESH_SAMPLE stamp=1784909345.614714 age_ms=1131.954 frame_dt_ms=99.261 fresh=0 sequential=1 consecutive=0/10
FASTLIO_FRESH_SAMPLE stamp=1784909345.715059 age_ms=1112.549 frame_dt_ms=100.345 fresh=0 sequential=1 consecutive=0/10
FASTLIO_FRESH_SAMPLE stamp=1784909345.815898 age_ms=1112.975 frame_dt_ms=100.839 fresh=0 sequential=1 consecutive=0/10
FASTLIO_FRESH_SAMPLE stamp=1784909345.915797 age_ms=1114.298 frame_dt_ms=99.900 fresh=0 sequential=1 consecutive=0/10
FASTLIO_FRESH_SAMPLE stamp=1784909346.015182 age_ms=1095.827 frame_dt_ms=99.385 fresh=0 sequential=1 consecutive=0/10
FASTLIO_FRESH_SAMPLE stamp=1784909346.114542 age_ms=1097.618 frame_dt_ms=99.360 fresh=0 sequential=1 consecutive=0/10
FASTLIO_FRESH_SAMPLE stamp=1784909346.213902 age_ms=1099.384 frame_dt_ms=99.360 fresh=0 sequential=1 consecutive=0/10
FASTLIO_FRESH_SAMPLE stamp=1784909346.313262 age_ms=1101.241 frame_dt_ms=99.360 fresh=0 sequential=1 consecutive=0/10
FASTLIO_FRESH_SAMPLE stamp=1784909346.412622 age_ms=1082.874 frame_dt_ms=99.360 fresh=0 sequential=1 consecutive=0/10
FASTLIO_FRESH_SAMPLE stamp=1784909346.511982 age_ms=1084.702 frame_dt_ms=99.360 fresh=0 sequential=1 consecutive=0/10
FASTLIO_FRESH_SAMPLE stamp=1784909346.611347 age_ms=1086.468 frame_dt_ms=99.365 fresh=0 sequential=1 consecutive=0/10
FASTLIO_FRESH_SAMPLE stamp=1784909346.710702 age_ms=1088.235 frame_dt_ms=99.355 fresh=0 sequential=1 consecutive=0/10
FASTLIO_FRESH_SAMPLE stamp=1784909346.810062 age_ms=1069.743 frame_dt_ms=99.360 fresh=0 sequential=1 consecutive=0/10
FASTLIO_FRESH_SAMPLE stamp=1784909346.909432 age_ms=1071.482 frame_dt_ms=99.370 fresh=0 sequential=1 consecutive=0/10
FASTLIO_FRESH_SAMPLE stamp=1784909347.008782 age_ms=1073.215 frame_dt_ms=99.350 fresh=0 sequential=1 consecutive=0/10
FASTLIO_FRESH_SAMPLE stamp=1784909347.108142 age_ms=1074.942 frame_dt_ms=99.360 fresh=0 sequential=1 consecutive=0/10
FASTLIO_FRESH_SAMPLE stamp=1784909347.207393 age_ms=1056.592 frame_dt_ms=99.252 fresh=0 sequential=1 consecutive=0/10
FASTLIO_FRESH_SAMPLE stamp=1784909347.306793 age_ms=1058.562 frame_dt_ms=99.400 fresh=0 sequential=1 consecutive=0/10
FASTLIO_FRESH_SAMPLE stamp=1784909347.406168 age_ms=1060.780 frame_dt_ms=99.375 fresh=0 sequential=1 consecutive=0/10
FASTLIO_FRESH_SAMPLE stamp=1784909347.505572 age_ms=1042.529 frame_dt_ms=99.405 fresh=0 sequential=1 consecutive=0/10
FASTLIO_FRESH_SAMPLE stamp=1784909347.604932 age_ms=1044.373 frame_dt_ms=99.360 fresh=0 sequential=1 consecutive=0/10
FASTLIO_FRESH_SAMPLE stamp=1784909347.704307 age_ms=1046.102 frame_dt_ms=99.375 fresh=0 sequential=1 consecutive=0/10
FASTLIO_FRESH_SAMPLE stamp=1784909347.803672 age_ms=1048.015 frame_dt_ms=99.365 fresh=0 sequential=1 consecutive=0/10
FASTLIO_FRESH_SAMPLE stamp=1784909347.903027 age_ms=1050.054 frame_dt_ms=99.355 fresh=0 sequential=1 consecutive=0/10
FASTLIO_FRESH_SAMPLE stamp=1784909348.002387 age_ms=1052.060 frame_dt_ms=99.360 fresh=0 sequential=1 consecutive=0/10
FASTLIO_FRESH_SAMPLE stamp=1784909348.101752 age_ms=1033.774 frame_dt_ms=99.365 fresh=0 sequential=1 consecutive=0/10
FASTLIO_FRESH_SAMPLE stamp=1784909348.201112 age_ms=1035.568 frame_dt_ms=99.360 fresh=0 sequential=1 consecutive=0/10
FASTLIO_FRESH_SAMPLE stamp=1784909348.300472 age_ms=1037.462 frame_dt_ms=99.360 fresh=0 sequential=1 consecutive=0/10
FASTLIO_FRESH_SAMPLE stamp=1784909348.399812 age_ms=1019.178 frame_dt_ms=99.340 fresh=0 sequential=1 consecutive=0/10
FASTLIO_FRESH_SAMPLE stamp=1784909348.499152 age_ms=1020.976 frame_dt_ms=99.340 fresh=0 sequential=1 consecutive=0/10
FASTLIO_FRESH_SAMPLE stamp=1784909348.598552 age_ms=1022.515 frame_dt_ms=99.400 fresh=0 sequential=1 consecutive=0/10
FASTLIO_FRESH_SAMPLE stamp=1784909348.697892 age_ms=1024.157 frame_dt_ms=99.340 fresh=0 sequential=1 consecutive=0/10
FASTLIO_FRESH_SAMPLE stamp=1784909348.797272 age_ms=1025.864 frame_dt_ms=99.380 fresh=0 sequential=1 consecutive=0/10
FASTLIO_FRESH_SAMPLE stamp=1784909349.095327 age_ms=1010.307 frame_dt_ms=298.055 fresh=0 sequential=0 consecutive=0/10
FASTLIO_FRESH_SAMPLE stamp=1784909349.194692 age_ms=1011.957 frame_dt_ms=99.365 fresh=0 sequential=1 consecutive=0/10
FASTLIO_FRESH_SAMPLE stamp=1784909349.294052 age_ms=993.369 frame_dt_ms=99.360 fresh=0 sequential=1 consecutive=0/10
FASTLIO_FRESH_SAMPLE stamp=1784909349.393412 age_ms=995.486 frame_dt_ms=99.360 fresh=0 sequential=1 consecutive=0/10
FASTLIO_FRESH_SAMPLE stamp=1784909349.492787 age_ms=997.554 frame_dt_ms=99.375 fresh=0 sequential=1 consecutive=0/10
FASTLIO_FRESH_SAMPLE stamp=1784909349.592147 age_ms=999.211 frame_dt_ms=99.360 fresh=0 sequential=1 consecutive=0/10
FASTLIO_FRESH_SAMPLE stamp=1784909349.890227 age_ms=983.463 frame_dt_ms=298.080 fresh=0 sequential=0 consecutive=0/10
FASTLIO_FRESH_SAMPLE stamp=1784909349.989592 age_ms=985.080 frame_dt_ms=99.365 fresh=0 sequential=1 consecutive=0/10
FASTLIO_FRESH_SAMPLE stamp=1784909350.088952 age_ms=966.656 frame_dt_ms=99.360 fresh=0 sequential=1 consecutive=0/10
FASTLIO_FRESH_SAMPLE stamp=1784909350.387027 age_ms=971.153 frame_dt_ms=298.075 fresh=0 sequential=0 consecutive=0/10
FASTLIO_FRESH_SAMPLE stamp=1784909350.486392 age_ms=952.759 frame_dt_ms=99.365 fresh=0 sequential=1 consecutive=0/10
FASTLIO_FRESH_SAMPLE stamp=1784909350.585752 age_ms=954.505 frame_dt_ms=99.360 fresh=0 sequential=1 consecutive=0/10
FASTLIO_FRESH_SAMPLE stamp=1784909350.685112 age_ms=956.030 frame_dt_ms=99.360 fresh=0 sequential=1 consecutive=0/10
FASTLIO_FRESH_SAMPLE stamp=1784909350.784457 age_ms=957.572 frame_dt_ms=99.345 fresh=0 sequential=1 consecutive=0/10
FASTLIO_FRESH_SAMPLE stamp=1784909351.082552 age_ms=922.166 frame_dt_ms=298.095 fresh=0 sequential=0 consecutive=0/10
FASTLIO_FRESH_SAMPLE stamp=1784909351.181912 age_ms=923.864 frame_dt_ms=99.360 fresh=0 sequential=1 consecutive=0/10
FASTLIO_FRESH_SAMPLE stamp=1784909351.281267 age_ms=925.617 frame_dt_ms=99.355 fresh=0 sequential=1 consecutive=0/10
FASTLIO_FRESH_SAMPLE stamp=1784909351.380612 age_ms=927.326 frame_dt_ms=99.345 fresh=0 sequential=1 consecutive=0/10
FASTLIO_FRESH_SAMPLE stamp=1784909351.479126 age_ms=929.899 frame_dt_ms=98.514 fresh=0 sequential=1 consecutive=0/10
FASTLIO_FRESH_SAMPLE stamp=1784909351.578546 age_ms=911.512 frame_dt_ms=99.420 fresh=0 sequential=1 consecutive=0/10
FASTLIO_FRESH_SAMPLE stamp=1784909351.678005 age_ms=913.119 frame_dt_ms=99.459 fresh=0 sequential=1 consecutive=0/10
FASTLIO_FRESH_SAMPLE stamp=1784909351.777543 age_ms=914.605 frame_dt_ms=99.538 fresh=0 sequential=1 consecutive=0/10
FASTLIO_FRESH_SAMPLE stamp=1784909351.876823 age_ms=916.223 frame_dt_ms=99.281 fresh=0 sequential=1 consecutive=0/10
FASTLIO_FRESH_SAMPLE stamp=1784909352.175487 age_ms=900.788 frame_dt_ms=298.664 fresh=0 sequential=0 consecutive=0/10
FASTLIO_FRESH_SAMPLE stamp=1784909352.274872 age_ms=902.755 frame_dt_ms=99.385 fresh=0 sequential=1 consecutive=0/10
FASTLIO_FRESH_SAMPLE stamp=1784909352.374227 age_ms=904.767 frame_dt_ms=99.355 fresh=0 sequential=1 consecutive=0/10
FASTLIO_FRESH_SAMPLE stamp=1784909352.473592 age_ms=886.551 frame_dt_ms=99.365 fresh=0 sequential=1 consecutive=0/10
FASTLIO_FRESH_SAMPLE stamp=1784909352.572873 age_ms=888.438 frame_dt_ms=99.281 fresh=0 sequential=1 consecutive=0/10
FASTLIO_FRESH_SAMPLE stamp=1784909352.672312 age_ms=890.310 frame_dt_ms=99.439 fresh=0 sequential=1 consecutive=0/10
FASTLIO_FRESH_SAMPLE stamp=1784909352.771672 age_ms=872.089 frame_dt_ms=99.360 fresh=0 sequential=1 consecutive=0/10
FASTLIO_FRESH_SAMPLE stamp=1784909352.871032 age_ms=874.113 frame_dt_ms=99.360 fresh=0 sequential=1 consecutive=0/10
FASTLIO_FRESH_SAMPLE stamp=1784909352.970392 age_ms=875.956 frame_dt_ms=99.360 fresh=0 sequential=1 consecutive=0/10
FASTLIO_FRESH_SAMPLE stamp=1784909353.069752 age_ms=857.502 frame_dt_ms=99.360 fresh=0 sequential=1 consecutive=0/10
FASTLIO_FRESH_SAMPLE stamp=1784909353.367832 age_ms=842.749 frame_dt_ms=298.080 fresh=0 sequential=0 consecutive=0/10
FASTLIO_FRESH_SAMPLE stamp=1784909353.467182 age_ms=844.654 frame_dt_ms=99.350 fresh=0 sequential=1 consecutive=0/10
FASTLIO_FRESH_SAMPLE stamp=1784909353.566547 age_ms=846.376 frame_dt_ms=99.365 fresh=0 sequential=1 consecutive=0/10
FASTLIO_FRESH_SAMPLE stamp=1784909353.665907 age_ms=848.292 frame_dt_ms=99.360 fresh=0 sequential=1 consecutive=0/10
FASTLIO_FRESH_SAMPLE stamp=1784909353.765104 age_ms=850.412 frame_dt_ms=99.197 fresh=0 sequential=1 consecutive=0/10
FASTLIO_FRESH_SAMPLE stamp=1784909353.864464 age_ms=852.297 frame_dt_ms=99.360 fresh=0 sequential=1 consecutive=0/10
FASTLIO_FRESH_SAMPLE stamp=1784909353.963844 age_ms=833.924 frame_dt_ms=99.380 fresh=0 sequential=1 consecutive=0/10
FASTLIO_FRESH_SAMPLE stamp=1784909354.063184 age_ms=835.848 frame_dt_ms=99.340 fresh=0 sequential=1 consecutive=0/10
FASTLIO_FRESH_SAMPLE stamp=1784909354.162519 age_ms=837.877 frame_dt_ms=99.335 fresh=0 sequential=1 consecutive=0/10
FASTLIO_FRESH_SAMPLE stamp=1784909354.261884 age_ms=819.508 frame_dt_ms=99.365 fresh=0 sequential=1 consecutive=0/10
FASTLIO_FRESH_SAMPLE stamp=1784909354.361219 age_ms=821.428 frame_dt_ms=99.335 fresh=0 sequential=1 consecutive=0/10
FASTLIO_FRESH_SAMPLE stamp=1784909354.460579 age_ms=823.152 frame_dt_ms=99.360 fresh=0 sequential=1 consecutive=0/10
FASTLIO_FRESH_SAMPLE stamp=1784909354.559900 age_ms=804.927 frame_dt_ms=99.320 fresh=0 sequential=1 consecutive=0/10
FASTLIO_FRESH_SAMPLE stamp=1784909354.659260 age_ms=807.199 frame_dt_ms=99.360 fresh=0 sequential=1 consecutive=0/10
FASTLIO_FRESH_SAMPLE stamp=1784909354.957280 age_ms=812.877 frame_dt_ms=298.021 fresh=0 sequential=0 consecutive=0/10
FASTLIO_FRESH_SAMPLE stamp=1784909355.056640 age_ms=794.542 frame_dt_ms=99.360 fresh=0 sequential=1 consecutive=0/10
FASTLIO_FRESH_SAMPLE stamp=1784909355.156312 age_ms=796.062 frame_dt_ms=99.672 fresh=0 sequential=1 consecutive=0/10
FASTLIO_FRESH_SAMPLE stamp=1784909355.255667 age_ms=798.007 frame_dt_ms=99.355 fresh=0 sequential=1 consecutive=0/10
FASTLIO_FRESH_SAMPLE stamp=1784909355.354740 age_ms=800.342 frame_dt_ms=99.073 fresh=0 sequential=1 consecutive=0/10
FASTLIO_FRESH_SAMPLE stamp=1784909355.454392 age_ms=781.754 frame_dt_ms=99.652 fresh=0 sequential=1 consecutive=0/10
FASTLIO_FRESH_SAMPLE stamp=1784909355.553519 age_ms=783.782 frame_dt_ms=99.128 fresh=0 sequential=1 consecutive=0/10
FASTLIO_FRESH_SAMPLE stamp=1784909355.652939 age_ms=765.382 frame_dt_ms=99.419 fresh=0 sequential=1 consecutive=0/10
FASTLIO_FRESH_SAMPLE stamp=1784909355.752472 age_ms=767.113 frame_dt_ms=99.533 fresh=0 sequential=1 consecutive=0/10
FASTLIO_FRESH_SAMPLE stamp=1784909355.851698 age_ms=769.122 frame_dt_ms=99.226 fresh=0 sequential=1 consecutive=0/10
FASTLIO_FRESH_SAMPLE stamp=1784909355.951098 age_ms=750.686 frame_dt_ms=99.400 fresh=0 sequential=1 consecutive=0/10
FASTLIO_FRESH_SAMPLE stamp=1784909356.050518 age_ms=752.338 frame_dt_ms=99.419 fresh=0 sequential=1 consecutive=0/10
FASTLIO_FRESH_SAMPLE stamp=1784909356.149902 age_ms=754.013 frame_dt_ms=99.385 fresh=0 sequential=1 consecutive=0/10
FASTLIO_FRESH_SAMPLE stamp=1784909356.249262 age_ms=755.818 frame_dt_ms=99.360 fresh=0 sequential=1 consecutive=0/10
FASTLIO_FRESH_SAMPLE stamp=1784909356.348627 age_ms=757.552 frame_dt_ms=99.365 fresh=0 sequential=1 consecutive=0/10
FASTLIO_FRESH_SAMPLE stamp=1784909356.447982 age_ms=739.126 frame_dt_ms=99.355 fresh=0 sequential=1 consecutive=0/10
FASTLIO_FRESH_SAMPLE stamp=1784909356.547347 age_ms=740.849 frame_dt_ms=99.365 fresh=0 sequential=1 consecutive=0/10
FASTLIO_FRESH_SAMPLE stamp=1784909356.646712 age_ms=742.499 frame_dt_ms=99.365 fresh=0 sequential=1 consecutive=0/10
FASTLIO_FRESH_SAMPLE stamp=1784909356.746062 age_ms=724.128 frame_dt_ms=99.350 fresh=0 sequential=1 consecutive=0/10
FASTLIO_FRESH_SAMPLE stamp=1784909356.845432 age_ms=725.786 frame_dt_ms=99.370 fresh=0 sequential=1 consecutive=0/10
FASTLIO_FRESH_SAMPLE stamp=1784909356.944787 age_ms=727.503 frame_dt_ms=99.355 fresh=0 sequential=1 consecutive=0/10
FASTLIO_FRESH_SAMPLE stamp=1784909357.044152 age_ms=729.548 frame_dt_ms=99.365 fresh=0 sequential=1 consecutive=0/10
FASTLIO_FRESH_SAMPLE stamp=1784909357.143502 age_ms=711.272 frame_dt_ms=99.350 fresh=0 sequential=1 consecutive=0/10
FASTLIO_FRESH_SAMPLE stamp=1784909357.242867 age_ms=733.243 frame_dt_ms=99.365 fresh=0 sequential=1 consecutive=0/10
FASTLIO_FRESH_SAMPLE stamp=1784909357.342232 age_ms=714.705 frame_dt_ms=99.365 fresh=0 sequential=1 consecutive=0/10
FASTLIO_FRESH_SAMPLE stamp=1784909357.441582 age_ms=716.365 frame_dt_ms=99.350 fresh=0 sequential=1 consecutive=0/10
FASTLIO_FRESH_SAMPLE stamp=1784909357.537147 age_ms=721.774 frame_dt_ms=95.565 fresh=0 sequential=1 consecutive=0/10
FASTLIO_FRESH_SAMPLE stamp=1784909357.636927 age_ms=722.876 frame_dt_ms=99.780 fresh=0 sequential=1 consecutive=0/10
FASTLIO_FRESH_SAMPLE stamp=1784909357.735986 age_ms=704.629 frame_dt_ms=99.058 fresh=0 sequential=1 consecutive=0/10
FASTLIO_FRESH_SAMPLE stamp=1784909357.835771 age_ms=705.935 frame_dt_ms=99.786 fresh=0 sequential=1 consecutive=0/10
FASTLIO_FRESH_SAMPLE stamp=1784909357.937358 age_ms=705.374 frame_dt_ms=101.587 fresh=0 sequential=1 consecutive=0/10
FASTLIO_FRESH_SAMPLE stamp=1784909358.037618 age_ms=706.056 frame_dt_ms=100.261 fresh=0 sequential=1 consecutive=0/10
FASTLIO_FRESH_SAMPLE stamp=1784909358.137058 age_ms=687.415 frame_dt_ms=99.439 fresh=0 sequential=1 consecutive=0/10
FASTLIO_FRESH_SAMPLE stamp=1784909358.236457 age_ms=688.948 frame_dt_ms=99.400 fresh=0 sequential=1 consecutive=0/10
FASTLIO_FRESH_SAMPLE stamp=1784909358.335827 age_ms=691.251 frame_dt_ms=99.370 fresh=0 sequential=1 consecutive=0/10
FASTLIO_FRESH_SAMPLE stamp=1784909358.435182 age_ms=693.374 frame_dt_ms=99.355 fresh=0 sequential=1 consecutive=0/10
FASTLIO_FRESH_SAMPLE stamp=1784909358.534542 age_ms=675.111 frame_dt_ms=99.360 fresh=0 sequential=1 consecutive=0/10
FASTLIO_FRESH_SAMPLE stamp=1784909358.633907 age_ms=676.987 frame_dt_ms=99.365 fresh=0 sequential=1 consecutive=0/10
FASTLIO_FRESH_SAMPLE stamp=1784909358.733272 age_ms=678.851 frame_dt_ms=99.365 fresh=0 sequential=1 consecutive=0/10
FASTLIO_FRESH_SAMPLE stamp=1784909358.832632 age_ms=660.656 frame_dt_ms=99.360 fresh=0 sequential=1 consecutive=0/10
FASTLIO_FRESH_SAMPLE stamp=1784909358.931992 age_ms=662.466 frame_dt_ms=99.360 fresh=0 sequential=1 consecutive=0/10
FASTLIO_FRESH_SAMPLE stamp=1784909359.031342 age_ms=664.341 frame_dt_ms=99.350 fresh=0 sequential=1 consecutive=0/10
FASTLIO_FRESH_SAMPLE stamp=1784909359.130707 age_ms=666.375 frame_dt_ms=99.365 fresh=0 sequential=1 consecutive=0/10
FASTLIO_FRESH_SAMPLE stamp=1784909359.230072 age_ms=648.057 frame_dt_ms=99.365 fresh=0 sequential=1 consecutive=0/10
FASTLIO_FRESH_SAMPLE stamp=1784909359.329432 age_ms=649.901 frame_dt_ms=99.360 fresh=0 sequential=1 consecutive=0/10
FASTLIO_FRESH_SAMPLE stamp=1784909359.428792 age_ms=651.769 frame_dt_ms=99.360 fresh=0 sequential=1 consecutive=0/10
FASTLIO_FRESH_SAMPLE stamp=1784909359.528147 age_ms=653.671 frame_dt_ms=99.355 fresh=0 sequential=1 consecutive=0/10
FASTLIO_FRESH_SAMPLE stamp=1784909359.627512 age_ms=635.368 frame_dt_ms=99.365 fresh=0 sequential=1 consecutive=0/10
FASTLIO_FRESH_SAMPLE stamp=1784909359.726862 age_ms=637.682 frame_dt_ms=99.350 fresh=0 sequential=1 consecutive=0/10
FASTLIO_FRESH_SAMPLE stamp=1784909359.826227 age_ms=619.733 frame_dt_ms=99.365 fresh=0 sequential=1 consecutive=0/10
FASTLIO_FRESH_SAMPLE stamp=1784909359.925587 age_ms=621.816 frame_dt_ms=99.360 fresh=0 sequential=1 consecutive=0/10
FASTLIO_FRESH_SAMPLE stamp=1784909360.024942 age_ms=623.870 frame_dt_ms=99.355 fresh=0 sequential=1 consecutive=0/10
FASTLIO_FRESH_SAMPLE stamp=1784909360.124307 age_ms=605.484 frame_dt_ms=99.365 fresh=0 sequential=1 consecutive=0/10
FASTLIO_FRESH_SAMPLE stamp=1784909360.223662 age_ms=607.356 frame_dt_ms=99.355 fresh=0 sequential=1 consecutive=0/10
FASTLIO_FRESH_SAMPLE stamp=1784909360.323032 age_ms=609.071 frame_dt_ms=99.370 fresh=0 sequential=1 consecutive=0/10
FASTLIO_FRESH_SAMPLE stamp=1784909360.422387 age_ms=610.943 frame_dt_ms=99.355 fresh=0 sequential=1 consecutive=0/10
FASTLIO_FRESH_SAMPLE stamp=1784909360.521727 age_ms=592.490 frame_dt_ms=99.340 fresh=0 sequential=1 consecutive=0/10
FASTLIO_FRESH_SAMPLE stamp=1784909360.621073 age_ms=614.787 frame_dt_ms=99.345 fresh=0 sequential=1 consecutive=0/10
FASTLIO_FRESH_SAMPLE stamp=1784909360.720433 age_ms=596.508 frame_dt_ms=99.360 fresh=0 sequential=1 consecutive=0/10
FASTLIO_FRESH_SAMPLE stamp=1784909360.819832 age_ms=598.467 frame_dt_ms=99.400 fresh=0 sequential=1 consecutive=0/10
FASTLIO_FRESH_SAMPLE stamp=1784909360.919172 age_ms=580.187 frame_dt_ms=99.340 fresh=0 sequential=1 consecutive=0/10
FASTLIO_FRESH_SAMPLE stamp=1784909361.018552 age_ms=602.749 frame_dt_ms=99.380 fresh=0 sequential=1 consecutive=0/10
FASTLIO_FRESH_SAMPLE stamp=1784909361.117907 age_ms=584.338 frame_dt_ms=99.355 fresh=0 sequential=1 consecutive=0/10
FASTLIO_FRESH_SAMPLE stamp=1784909361.217272 age_ms=586.283 frame_dt_ms=99.365 fresh=0 sequential=1 consecutive=0/10
FASTLIO_FRESH_SAMPLE stamp=1784909361.316632 age_ms=588.269 frame_dt_ms=99.360 fresh=0 sequential=1 consecutive=0/10
FASTLIO_FRESH_SAMPLE stamp=1784909361.415987 age_ms=590.187 frame_dt_ms=99.355 fresh=0 sequential=1 consecutive=0/10
FASTLIO_FRESH_SAMPLE stamp=1784909361.515342 age_ms=571.749 frame_dt_ms=99.355 fresh=0 sequential=1 consecutive=0/10
FASTLIO_FRESH_SAMPLE stamp=1784909361.614712 age_ms=573.401 frame_dt_ms=99.370 fresh=0 sequential=1 consecutive=0/10
FASTLIO_FRESH_SAMPLE stamp=1784909361.714072 age_ms=575.069 frame_dt_ms=99.360 fresh=0 sequential=1 consecutive=0/10
FASTLIO_FRESH_SAMPLE stamp=1784909361.813427 age_ms=576.707 frame_dt_ms=99.355 fresh=0 sequential=1 consecutive=0/10
FASTLIO_FRESH_SAMPLE stamp=1784909361.912782 age_ms=558.436 frame_dt_ms=99.355 fresh=0 sequential=1 consecutive=0/10
FASTLIO_FRESH_SAMPLE stamp=1784909362.012142 age_ms=540.098 frame_dt_ms=99.360 fresh=0 sequential=1 consecutive=0/10
FASTLIO_FRESH_SAMPLE stamp=1784909362.111507 age_ms=541.855 frame_dt_ms=99.365 fresh=0 sequential=1 consecutive=0/10
FASTLIO_FRESH_SAMPLE stamp=1784909362.210862 age_ms=543.541 frame_dt_ms=99.355 fresh=0 sequential=1 consecutive=0/10
FASTLIO_FRESH_SAMPLE stamp=1784909362.310227 age_ms=545.176 frame_dt_ms=99.365 fresh=0 sequential=1 consecutive=0/10
FASTLIO_FRESH_SAMPLE stamp=1784909362.409577 age_ms=547.046 frame_dt_ms=99.350 fresh=0 sequential=1 consecutive=0/10
FASTLIO_FRESH_SAMPLE stamp=1784909362.508853 age_ms=528.708 frame_dt_ms=99.276 fresh=0 sequential=1 consecutive=0/10
FASTLIO_FRESH_SAMPLE stamp=1784909362.608292 age_ms=530.349 frame_dt_ms=99.439 fresh=0 sequential=1 consecutive=0/10
FASTLIO_FRESH_SAMPLE stamp=1784909362.707672 age_ms=532.094 frame_dt_ms=99.380 fresh=0 sequential=1 consecutive=0/10
FASTLIO_FRESH_SAMPLE stamp=1784909362.807027 age_ms=513.601 frame_dt_ms=99.355 fresh=0 sequential=1 consecutive=0/10
FASTLIO_FRESH_SAMPLE stamp=1784909362.906382 age_ms=515.332 frame_dt_ms=99.355 fresh=0 sequential=1 consecutive=0/10
FASTLIO_FRESH_SAMPLE stamp=1784909363.005742 age_ms=517.205 frame_dt_ms=99.360 fresh=0 sequential=1 consecutive=0/10
FASTLIO_FRESH_SAMPLE stamp=1784909363.105102 age_ms=519.225 frame_dt_ms=99.360 fresh=0 sequential=1 consecutive=0/10
FASTLIO_FRESH_SAMPLE stamp=1784909363.204472 age_ms=501.004 frame_dt_ms=99.370 fresh=0 sequential=1 consecutive=0/10
FASTLIO_FRESH_SAMPLE stamp=1784909363.303832 age_ms=502.721 frame_dt_ms=99.360 fresh=0 sequential=1 consecutive=0/10
FASTLIO_FRESH_SAMPLE stamp=1784909363.403192 age_ms=504.281 frame_dt_ms=99.360 fresh=0 sequential=1 consecutive=0/10
FASTLIO_FRESH_SAMPLE stamp=1784909363.502542 age_ms=505.875 frame_dt_ms=99.350 fresh=0 sequential=1 consecutive=0/10
FASTLIO_FRESH_SAMPLE stamp=1784909363.600912 age_ms=488.267 frame_dt_ms=98.370 fresh=0 sequential=1 consecutive=0/10
FASTLIO_FRESH_SAMPLE stamp=1784909363.700025 age_ms=490.122 frame_dt_ms=99.113 fresh=0 sequential=1 consecutive=0/10
FASTLIO_FRESH_SAMPLE stamp=1784909363.799776 age_ms=491.412 frame_dt_ms=99.751 fresh=0 sequential=1 consecutive=0/10
FASTLIO_FRESH_SAMPLE stamp=1784909363.898864 age_ms=493.572 frame_dt_ms=99.088 fresh=0 sequential=1 consecutive=0/10
FASTLIO_FRESH_SAMPLE stamp=1784909363.998456 age_ms=495.171 frame_dt_ms=99.593 fresh=0 sequential=1 consecutive=0/10
FASTLIO_FRESH_SAMPLE stamp=1784909364.098697 age_ms=475.946 frame_dt_ms=100.241 fresh=0 sequential=1 consecutive=0/10
FASTLIO_FRESH_SAMPLE stamp=1784909364.197488 age_ms=478.521 frame_dt_ms=98.791 fresh=0 sequential=1 consecutive=0/10
FASTLIO_FRESH_SAMPLE stamp=1784909364.297007 age_ms=480.218 frame_dt_ms=99.519 fresh=0 sequential=1 consecutive=0/10
FASTLIO_FRESH_SAMPLE stamp=1784909364.396465 age_ms=482.035 frame_dt_ms=99.459 fresh=0 sequential=1 consecutive=0/10
FASTLIO_FRESH_SAMPLE stamp=1784909364.495880 age_ms=483.970 frame_dt_ms=99.415 fresh=0 sequential=1 consecutive=0/10
FASTLIO_FRESH_SAMPLE stamp=1784909364.595354 age_ms=465.551 frame_dt_ms=99.474 fresh=0 sequential=1 consecutive=0/10
FASTLIO_FRESH_SAMPLE stamp=1784909364.694743 age_ms=467.366 frame_dt_ms=99.390 fresh=0 sequential=1 consecutive=0/10
FASTLIO_FRESH_SAMPLE stamp=1784909364.794188 age_ms=469.134 frame_dt_ms=99.444 fresh=0 sequential=1 consecutive=0/10
FASTLIO_FRESH_SAMPLE stamp=1784909364.893587 age_ms=450.658 frame_dt_ms=99.400 fresh=0 sequential=1 consecutive=0/10
FASTLIO_FRESH_SAMPLE stamp=1784909364.992952 age_ms=452.504 frame_dt_ms=99.365 fresh=0 sequential=1 consecutive=0/10
FASTLIO_FRESH_SAMPLE stamp=1784909365.092302 age_ms=454.648 frame_dt_ms=99.350 fresh=0 sequential=1 consecutive=0/10
FASTLIO_FRESH_SAMPLE stamp=1784909365.191667 age_ms=436.139 frame_dt_ms=99.365 fresh=0 sequential=1 consecutive=0/10
FASTLIO_FRESH_SAMPLE stamp=1784909365.291022 age_ms=437.816 frame_dt_ms=99.355 fresh=0 sequential=1 consecutive=0/10
FASTLIO_FRESH_SAMPLE stamp=1784909365.390382 age_ms=439.480 frame_dt_ms=99.360 fresh=0 sequential=1 consecutive=0/10
FASTLIO_FRESH_SAMPLE stamp=1784909365.489752 age_ms=420.914 frame_dt_ms=99.370 fresh=0 sequential=1 consecutive=0/10
FASTLIO_FRESH_SAMPLE stamp=1784909365.589102 age_ms=422.535 frame_dt_ms=99.350 fresh=0 sequential=1 consecutive=0/10
FASTLIO_FRESH_SAMPLE stamp=1784909365.688472 age_ms=424.148 frame_dt_ms=99.370 fresh=0 sequential=1 consecutive=0/10
FASTLIO_FRESH_SAMPLE stamp=1784909365.787822 age_ms=425.985 frame_dt_ms=99.350 fresh=0 sequential=1 consecutive=0/10
FASTLIO_FRESH_SAMPLE stamp=1784909365.887187 age_ms=407.524 frame_dt_ms=99.365 fresh=0 sequential=1 consecutive=0/10
FASTLIO_FRESH_SAMPLE stamp=1784909365.986552 age_ms=409.252 frame_dt_ms=99.365 fresh=0 sequential=1 consecutive=0/10
FASTLIO_FRESH_SAMPLE stamp=1784909366.085902 age_ms=411.308 frame_dt_ms=99.350 fresh=0 sequential=1 consecutive=0/10
FASTLIO_FRESH_SAMPLE stamp=1784909366.185272 age_ms=413.403 frame_dt_ms=99.370 fresh=0 sequential=1 consecutive=0/10
FASTLIO_FRESH_SAMPLE stamp=1784909366.284622 age_ms=415.398 frame_dt_ms=99.350 fresh=0 sequential=1 consecutive=0/10
FASTLIO_FRESH_SAMPLE stamp=1784909366.383987 age_ms=417.333 frame_dt_ms=99.365 fresh=0 sequential=1 consecutive=0/10
FASTLIO_FRESH_SAMPLE stamp=1784909366.483352 age_ms=399.101 frame_dt_ms=99.365 fresh=0 sequential=1 consecutive=0/10
FASTLIO_FRESH_SAMPLE stamp=1784909366.582707 age_ms=401.174 frame_dt_ms=99.355 fresh=0 sequential=1 consecutive=0/10
FASTLIO_FRESH_SAMPLE stamp=1784909366.682062 age_ms=382.827 frame_dt_ms=99.355 fresh=0 sequential=1 consecutive=0/10
FASTLIO_FRESH_SAMPLE stamp=1784909366.781422 age_ms=384.584 frame_dt_ms=99.360 fresh=0 sequential=1 consecutive=0/10
FASTLIO_FRESH_SAMPLE stamp=1784909366.880792 age_ms=386.335 frame_dt_ms=99.370 fresh=0 sequential=1 consecutive=0/10
FASTLIO_FRESH_SAMPLE stamp=1784909366.980142 age_ms=367.990 frame_dt_ms=99.350 fresh=0 sequential=1 consecutive=0/10
FASTLIO_FRESH_SAMPLE stamp=1784909367.079502 age_ms=369.860 frame_dt_ms=99.360 fresh=0 sequential=1 consecutive=0/10
FASTLIO_FRESH_SAMPLE stamp=1784909367.178862 age_ms=371.611 frame_dt_ms=99.360 fresh=0 sequential=1 consecutive=0/10
FASTLIO_FRESH_SAMPLE stamp=1784909367.278232 age_ms=373.296 frame_dt_ms=99.370 fresh=0 sequential=1 consecutive=0/10
FASTLIO_FRESH_SAMPLE stamp=1784909367.377592 age_ms=354.900 frame_dt_ms=99.360 fresh=0 sequential=1 consecutive=0/10
FASTLIO_FRESH_SAMPLE stamp=1784909367.476942 age_ms=356.667 frame_dt_ms=99.350 fresh=0 sequential=1 consecutive=0/10
FASTLIO_FRESH_SAMPLE stamp=1784909367.576312 age_ms=358.453 frame_dt_ms=99.370 fresh=0 sequential=1 consecutive=0/10
FASTLIO_FRESH_SAMPLE stamp=1784909367.675667 age_ms=360.388 frame_dt_ms=99.355 fresh=0 sequential=1 consecutive=0/10
FASTLIO_FRESH_SAMPLE stamp=1784909367.775027 age_ms=342.039 frame_dt_ms=99.360 fresh=0 sequential=1 consecutive=0/10
FASTLIO_FRESH_SAMPLE stamp=1784909367.874392 age_ms=343.927 frame_dt_ms=99.365 fresh=0 sequential=1 consecutive=0/10
FASTLIO_FRESH_SAMPLE stamp=1784909367.973752 age_ms=345.842 frame_dt_ms=99.360 fresh=0 sequential=1 consecutive=0/10
FASTLIO_FRESH_SAMPLE stamp=1784909368.073102 age_ms=347.624 frame_dt_ms=99.350 fresh=0 sequential=1 consecutive=0/10
FASTLIO_FRESH_SAMPLE stamp=1784909368.172467 age_ms=349.493 frame_dt_ms=99.365 fresh=0 sequential=1 consecutive=0/10
FASTLIO_FRESH_SAMPLE stamp=1784909368.271822 age_ms=351.473 frame_dt_ms=99.355 fresh=0 sequential=1 consecutive=0/10
FASTLIO_FRESH_SAMPLE stamp=1784909368.371187 age_ms=333.074 frame_dt_ms=99.365 fresh=0 sequential=1 consecutive=0/10
FASTLIO_FRESH_SAMPLE stamp=1784909368.470547 age_ms=334.856 frame_dt_ms=99.360 fresh=0 sequential=1 consecutive=0/10
FASTLIO_FRESH_SAMPLE stamp=1784909368.569882 age_ms=336.722 frame_dt_ms=99.335 fresh=0 sequential=1 consecutive=0/10
FASTLIO_FRESH_SAMPLE stamp=1784909368.669272 age_ms=338.658 frame_dt_ms=99.390 fresh=0 sequential=1 consecutive=0/10
FASTLIO_FRESH_SAMPLE stamp=1784909368.768627 age_ms=320.422 frame_dt_ms=99.355 fresh=0 sequential=1 consecutive=0/10
FASTLIO_FRESH_SAMPLE stamp=1784909368.867839 age_ms=322.472 frame_dt_ms=99.212 fresh=0 sequential=1 consecutive=0/10
FASTLIO_FRESH_SAMPLE stamp=1784909368.967302 age_ms=324.241 frame_dt_ms=99.464 fresh=0 sequential=1 consecutive=0/10
FASTLIO_FRESH_SAMPLE stamp=1784909369.066678 age_ms=305.821 frame_dt_ms=99.375 fresh=0 sequential=1 consecutive=0/10
FASTLIO_FRESH_SAMPLE stamp=1784909369.166067 age_ms=307.765 frame_dt_ms=99.390 fresh=0 sequential=1 consecutive=0/10
FASTLIO_FRESH_SAMPLE stamp=1784909369.265422 age_ms=309.747 frame_dt_ms=99.355 fresh=0 sequential=1 consecutive=0/10
FASTLIO_FRESH_SAMPLE stamp=1784909369.364787 age_ms=311.970 frame_dt_ms=99.365 fresh=0 sequential=1 consecutive=0/10
FASTLIO_FRESH_SAMPLE stamp=1784909369.464147 age_ms=293.654 frame_dt_ms=99.360 fresh=0 sequential=1 consecutive=0/10
FASTLIO_FRESH_SAMPLE stamp=1784909369.563502 age_ms=295.452 frame_dt_ms=99.355 fresh=0 sequential=1 consecutive=0/10
FASTLIO_FRESH_SAMPLE stamp=1784909369.662862 age_ms=276.976 frame_dt_ms=99.360 fresh=0 sequential=1 consecutive=0/10
FASTLIO_FRESH_SAMPLE stamp=1784909369.762222 age_ms=278.643 frame_dt_ms=99.360 fresh=0 sequential=1 consecutive=0/10
FASTLIO_FRESH_SAMPLE stamp=1784909369.861587 age_ms=280.320 frame_dt_ms=99.365 fresh=0 sequential=1 consecutive=0/10
FASTLIO_FRESH_SAMPLE stamp=1784909369.960952 age_ms=282.143 frame_dt_ms=99.365 fresh=0 sequential=1 consecutive=0/10
FASTLIO_FRESH_SAMPLE stamp=1784909370.060312 age_ms=263.759 frame_dt_ms=99.360 fresh=0 sequential=1 consecutive=0/10
FASTLIO_FRESH_SAMPLE stamp=1784909370.159632 age_ms=265.718 frame_dt_ms=99.320 fresh=0 sequential=1 consecutive=0/10
FASTLIO_FRESH_SAMPLE stamp=1784909370.259027 age_ms=267.856 frame_dt_ms=99.395 fresh=0 sequential=1 consecutive=0/10
FASTLIO_FRESH_SAMPLE stamp=1784909370.358387 age_ms=269.912 frame_dt_ms=99.360 fresh=0 sequential=1 consecutive=0/10
FASTLIO_FRESH_SAMPLE stamp=1784909370.457742 age_ms=271.643 frame_dt_ms=99.355 fresh=0 sequential=1 consecutive=0/10
FASTLIO_FRESH_SAMPLE stamp=1784909370.557102 age_ms=253.248 frame_dt_ms=99.360 fresh=0 sequential=1 consecutive=0/10
FASTLIO_FRESH_SAMPLE stamp=1784909370.656472 age_ms=255.274 frame_dt_ms=99.370 fresh=0 sequential=1 consecutive=0/10
FASTLIO_FRESH_SAMPLE stamp=1784909370.755718 age_ms=257.414 frame_dt_ms=99.246 fresh=0 sequential=1 consecutive=0/10
FASTLIO_FRESH_SAMPLE stamp=1784909370.855177 age_ms=259.131 frame_dt_ms=99.459 fresh=0 sequential=1 consecutive=0/10
FASTLIO_FRESH_SAMPLE stamp=1784909370.954537 age_ms=240.736 frame_dt_ms=99.360 fresh=1 sequential=1 consecutive=1/10
FASTLIO_FRESH_SAMPLE stamp=1784909371.252622 age_ms=225.355 frame_dt_ms=298.085 fresh=1 sequential=0 consecutive=1/10
FASTLIO_FRESH_SAMPLE stamp=1784909371.351987 age_ms=227.135 frame_dt_ms=99.365 fresh=1 sequential=1 consecutive=2/10
FASTLIO_FRESH_SAMPLE stamp=1784909371.451352 age_ms=229.017 frame_dt_ms=99.365 fresh=1 sequential=1 consecutive=3/10
FASTLIO_FRESH_SAMPLE stamp=1784909371.550707 age_ms=210.514 frame_dt_ms=99.355 fresh=1 sequential=1 consecutive=4/10
FASTLIO_FRESH_SAMPLE stamp=1784909371.650072 age_ms=232.319 frame_dt_ms=99.365 fresh=1 sequential=1 consecutive=5/10
FASTLIO_FRESH_SAMPLE stamp=1784909371.749422 age_ms=213.832 frame_dt_ms=99.350 fresh=1 sequential=1 consecutive=6/10
FASTLIO_FRESH_SAMPLE stamp=1784909371.848792 age_ms=215.442 frame_dt_ms=99.370 fresh=1 sequential=1 consecutive=7/10
FASTLIO_FRESH_SAMPLE stamp=1784909371.948142 age_ms=217.054 frame_dt_ms=99.350 fresh=1 sequential=1 consecutive=8/10
FASTLIO_FRESH_SAMPLE stamp=1784909372.047502 age_ms=218.679 frame_dt_ms=99.360 fresh=1 sequential=1 consecutive=9/10
FASTLIO_FRESH_SAMPLE stamp=1784909372.146872 age_ms=200.187 frame_dt_ms=99.370 fresh=1 sequential=1 consecutive=10/10
FASTLIO_FRESH_READY frames=10 max_age_ms=250.000 frame_dt_ms_range=50.000..150.000
[base_bringup] FAST-LIO freshness gate passed.
[base_bringup] FAST-LIO is ready.
[base_bringup] logs:
  /home/unitree/go2_fastlio_ws/patrol_logs/livox.log
  /home/unitree/go2_fastlio_ws/patrol_logs/fast_lio.log
[base_bringup] received exit signal, stopping children...
scripts/base_bringup.sh: line 113: 355486 Killed                  bash -lc "source ${WS}/scripts/env_common.sh && ros2 launch livox_ros_driver2 msg_MID360s_launch.py" > "${LOG_DIR}/livox.log" 2>&1
[base_bringup] received exit signal, stopping children...
